[ 1507469.122393] EV_ABS       ABS_MT_TRACKING_ID   00004a6a
[ 1507469.122393] EV_KEY       BTN_TOUCH            DOWN
[ 1507469.122393] EV_KEY       BTN_TOOL_FINGER      DOWN
[ 1507469.122393] EV_SYN       SYN_REPORT           00000000
[ 1507469.129231] EV_SYN       SYN_REPORT           00000000
[ 1507469.136847] EV_SYN       SYN_REPORT           00000000
[ 1507469.144788] EV_SYN       SYN_REPORT           00000000
[ 1507469.153863] EV_SYN       SYN_REPORT           00000000
[ 1507469.161408] EV_SYN       SYN_REPORT           00000000
[ 1507469.169696] EV_SYN       SYN_REPORT           00000000
[ 1507469.178510] EV_SYN       SYN_REPORT           00000000
[ 1507469.186648] EV_SYN       SYN_REPORT           00000000
[ 1507469.194756] EV_SYN       SYN_REPORT           00000000
[ 1507469.203092] EV_SYN       SYN_REPORT           00000000
[ 1507469.211791] EV_SYN       SYN_REPORT           00000000
[ 1507469.219924] EV_SYN       SYN_REPORT           00000000
[ 1507469.228179] EV_SYN       SYN_REPORT           00000000
[ 1507469.236576] EV_SYN       SYN_REPORT           00000000
[ 1507469.245198] EV_SYN       SYN_REPORT           00000000
[ 1507469.253344] EV_ABS       ABS_MT_TRACKING_ID   ffffffff
[ 1507469.253344] EV_KEY       BTN_TOUCH            UP
[ 1507469.253344] EV_KEY       BTN_TOOL_FINGER      UP
[ 1507469.253344] EV_SYN       SYN_REPORT           00000000
[ 1507470.191092] EV_ABS       ABS_MT_TRACKING_ID   00004a6b
[ 1507470.191092] EV_KEY       BTN_TOUCH            DOWN
[ 1507470.191092] EV_KEY       BTN_TOOL_FINGER      DOWN
[ 1507470.191092] EV_SYN       SYN_REPORT           00000000
[ 1507470.196450] EV_SYN       SYN_REPORT           00000000
[ 1507470.203631] EV_SYN       SYN_REPORT           00000000
[ 1507470.212272] EV_SYN       SYN_REPORT           00000000
[ 1507470.220615] EV_SYN       SYN_REPORT           00000000
[ 1507470.228568] EV_SYN       SYN_REPORT           00000000
[ 1507470.237150] EV_SYN       SYN_REPORT           00000000
[ 1507470.246525] EV_SYN       SYN_REPORT           00000000
[ 1507470.253959] EV_SYN       SYN_REPORT           00000000
[ 1507470.262350] EV_SYN       SYN_REPORT           00000000
[ 1507470.270399] EV_SYN       SYN_REPORT           00000000
[ 1507470.279094] EV_SYN       SYN_REPORT           00000000
[ 1507470.287221] EV_SYN       SYN_REPORT           00000000
[ 1507470.295549] EV_SYN       SYN_REPORT           00000000
[ 1507470.303761] EV_ABS       ABS_MT_TRACKING_ID   ffffffff
[ 1507470.303761] EV_KEY       BTN_TOUCH            UP
[ 1507470.303761] EV_KEY       BTN_TOOL_FINGER      UP
[ 1507470.303761] EV_SYN       SYN_REPORT           00000000
[ 1507471.020186] EV_ABS       ABS_MT_TRACKING_ID   00004a6c
[ 1507471.020186] EV_KEY       BTN_TOUCH            DOWN
[ 1507471.020186] EV_KEY       BTN_TOOL_FINGER      DOWN
[ 1507471.020186] EV_SYN       SYN_REPORT           00000000
[ 1507471.027238] EV_SYN       SYN_REPORT           00000000
[ 1507471.034447] EV_SYN       SYN_REPORT           00000000
[ 1507471.042244] EV_SYN       SYN_REPORT           00000000
[ 1507471.049625] EV_SYN       SYN_REPORT           00000000
[ 1507471.057440] EV_SYN       SYN_REPORT           00000000
[ 1507471.064497] EV_SYN       SYN_REPORT           00000000
[ 1507471.071871] EV_SYN       SYN_REPORT           00000000
[ 1507471.079228] EV_SYN       SYN_REPORT           00000000
[ 1507471.087860] EV_SYN       SYN_REPORT           00000000
[ 1507471.095761] EV_SYN       SYN_REPORT           00000000
[ 1507471.104294] EV_SYN       SYN_REPORT           00000000
[ 1507471.112806] EV_SYN       SYN_REPORT           00000000
[ 1507471.121476] EV_SYN       SYN_REPORT           00000000
[ 1507471.129796] EV_SYN       SYN_REPORT           00000000
[ 1507471.137515] EV_SYN       SYN_REPORT           00000000
[ 1507471.146614] EV_SYN       SYN_REPORT           00000000
[ 1507471.154274] EV_SYN       SYN_REPORT           00000000
[ 1507471.162834] EV_SYN       SYN_REPORT           00000000
[ 1507471.171100] EV_SYN       SYN_REPORT           00000000
[ 1507471.179368] EV_SYN       SYN_REPORT           00000000
[ 1507471.187730] EV_SYN       SYN_REPORT           00000000
[ 1507471.195820] EV_SYN       SYN_REPORT           00000000
[ 1507471.204450] EV_SYN       SYN_REPORT           00000000
[ 1507471.212696] EV_SYN       SYN_REPORT           00000000
[ 1507471.221151] EV_ABS       ABS_MT_TRACKING_ID   ffffffff
[ 1507471.221151] EV_KEY       BTN_TOUCH            UP
[ 1507471.221151] EV_KEY       BTN_TOOL_FINGER      UP
[ 1507471.221151] EV_SYN       SYN_REPORT           00000000
[ 1507471.890459] EV_ABS       ABS_MT_TRACKING_ID   00004a6d
[ 1507471.890459] EV_KEY       BTN_TOUCH            DOWN
[ 1507471.890459] EV_KEY       BTN_TOOL_FINGER      DOWN
[ 1507471.890459] EV_SYN       SYN_REPORT           00000000
[ 1507471.895700] EV_SYN       SYN_REPORT           00000000
[ 1507471.901235] EV_SYN       SYN_REPORT           00000000
[ 1507471.909803] EV_SYN       SYN_REPORT           00000000
[ 1507471.916288] EV_SYN       SYN_REPORT           00000000
[ 1507471.923545] EV_SYN       SYN_REPORT           00000000
[ 1507471.931227] EV_SYN       SYN_REPORT           00000000
[ 1507471.938082] EV_SYN       SYN_REPORT           00000000
[ 1507471.946830] EV_SYN       SYN_REPORT           00000000
[ 1507471.954744] EV_SYN       SYN_REPORT           00000000
[ 1507471.963282] EV_SYN       SYN_REPORT           00000000
[ 1507471.971753] EV_SYN       SYN_REPORT           00000000
[ 1507471.979643] EV_SYN       SYN_REPORT           00000000
[ 1507471.988075] EV_SYN       SYN_REPORT           00000000
[ 1507471.996672] EV_SYN       SYN_REPORT           00000000
[ 1507472.005188] EV_SYN       SYN_REPORT           00000000
[ 1507472.012964] EV_SYN       SYN_REPORT           00000000
[ 1507472.021742] EV_SYN       SYN_REPORT           00000000
[ 1507472.030213] EV_SYN       SYN_REPORT           00000000
[ 1507472.037901] EV_SYN       SYN_REPORT           00000000
[ 1507472.046291] EV_SYN       SYN_REPORT           00000000
[ 1507472.054911] EV_SYN       SYN_REPORT           00000000
[ 1507472.063356] EV_SYN       SYN_REPORT           00000000
[ 1507472.071224] EV_SYN       SYN_REPORT           00000000
[ 1507472.079781] EV_ABS       ABS_MT_TRACKING_ID   ffffffff
[ 1507472.079781] EV_KEY       BTN_TOUCH            UP
[ 1507472.079781] EV_KEY       BTN_TOOL_FINGER      UP
[ 1507472.079781] EV_SYN       SYN_REPORT           00000000
[ 1507472.849329] EV_ABS       ABS_MT_TRACKING_ID   00004a6e
[ 1507472.849329] EV_KEY       BTN_TOUCH            DOWN
[ 1507472.849329] EV_KEY       BTN_TOOL_FINGER      DOWN
[ 1507472.849329] EV_SYN       SYN_REPORT           00000000
[ 1507472.854391] EV_SYN       SYN_REPORT           00000000
[ 1507472.861322] EV_SYN       SYN_REPORT           00000000
[ 1507472.869313] EV_SYN       SYN_REPORT           00000000
[ 1507472.876006] EV_SYN       SYN_REPORT           00000000
[ 1507472.883407] EV_SYN       SYN_REPORT           00000000
[ 1507472.890807] EV_SYN       SYN_REPORT           00000000
[ 1507472.898597] EV_SYN       SYN_REPORT           00000000
[ 1507472.905148] EV_SYN       SYN_REPORT           00000000
[ 1507472.913497] EV_SYN       SYN_REPORT           00000000
[ 1507472.921638] EV_SYN       SYN_REPORT           00000000
[ 1507472.930359] EV_SYN       SYN_REPORT           00000000
[ 1507472.938611] EV_SYN       SYN_REPORT           00000000
[ 1507472.946830] EV_SYN       SYN_REPORT           00000000
[ 1507472.955058] EV_SYN       SYN_REPORT           00000000
[ 1507472.963242] EV_SYN       SYN_REPORT           00000000
[ 1507472.971778] EV_SYN       SYN_REPORT           00000000
[ 1507472.980144] EV_SYN       SYN_REPORT           00000000
[ 1507472.988253] EV_SYN       SYN_REPORT           00000000
[ 1507472.997166] EV_SYN       SYN_REPORT           00000000
[ 1507473.005397] EV_SYN       SYN_REPORT           00000000
[ 1507473.013714] EV_SYN       SYN_REPORT           00000000
[ 1507473.021876] EV_SYN       SYN_REPORT           00000000
[ 1507473.030521] EV_SYN       SYN_REPORT           00000000
[ 1507473.038530] EV_SYN       SYN_REPORT           00000000
[ 1507473.047248] EV_SYN       SYN_REPORT           00000000
[ 1507473.055066] EV_SYN       SYN_REPORT           00000000
[ 1507473.063514] EV_SYN       SYN_REPORT           00000000
[ 1507473.073658] EV_ABS       ABS_MT_TRACKING_ID   ffffffff
[ 1507473.073658] EV_KEY       BTN_TOUCH            UP
[ 1507473.073658] EV_KEY       BTN_TOOL_FINGER      UP
[ 1507473.073658] EV_SYN       SYN_REPORT           00000000
[ 1507473.705822] EV_ABS       ABS_MT_TRACKING_ID   00004a6f
[ 1507473.705822] EV_KEY       BTN_TOUCH            DOWN
[ 1507473.705822] EV_KEY       BTN_TOOL_FINGER      DOWN
[ 1507473.705822] EV_SYN       SYN_REPORT           00000000
[ 1507473.710979] EV_SYN       SYN_REPORT           00000000
[ 1507473.718001] EV_SYN       SYN_REPORT           00000000
[ 1507473.728358] EV_SYN       SYN_REPORT           00000000
[ 1507473.734206] EV_SYN       SYN_REPORT           00000000
[ 1507473.741489] EV_SYN       SYN_REPORT           00000000
[ 1507473.747493] EV_SYN       SYN_REPORT           00000000
[ 1507473.755622] EV_SYN       SYN_REPORT           00000000
[ 1507473.763837] EV_SYN       SYN_REPORT           00000000
[ 1507473.772263] EV_SYN       SYN_REPORT           00000000
[ 1507473.781778] EV_SYN       SYN_REPORT           00000000
[ 1507473.788834] EV_SYN       SYN_REPORT           00000000
[ 1507473.797099] EV_SYN       SYN_REPORT           00000000
[ 1507473.805694] EV_SYN       SYN_REPORT           00000000
[ 1507473.813900] EV_SYN       SYN_REPORT           00000000
[ 1507473.822311] EV_SYN       SYN_REPORT           00000000
[ 1507473.831690] EV_SYN       SYN_REPORT           00000000
[ 1507473.839018] EV_SYN       SYN_REPORT           00000000
[ 1507473.847391] EV_SYN       SYN_REPORT           00000000
[ 1507473.856151] EV_SYN       SYN_REPORT           00000000
[ 1507473.863917] EV_SYN       SYN_REPORT           00000000
[ 1507473.872344] EV_SYN       SYN_REPORT           00000000
[ 1507473.880876] EV_SYN       SYN_REPORT           00000000
[ 1507473.888859] EV_SYN       SYN_REPORT           00000000
[ 1507473.897786] EV_SYN       SYN_REPORT           00000000
[ 1507473.905615] EV_SYN       SYN_REPORT           00000000
[ 1507473.914457] EV_SYN       SYN_REPORT           00000000
[ 1507473.922449] EV_SYN       SYN_REPORT           00000000
[ 1507473.930715] EV_ABS       ABS_MT_TRACKING_ID   ffffffff
[ 1507473.930715] EV_KEY       BTN_TOUCH            UP
[ 1507473.930715] EV_KEY       BTN_TOOL_FINGER      UP
[ 1507473.930715] EV_SYN       SYN_REPORT           00000000
[ 1507474.609354] EV_ABS       ABS_MT_TRACKING_ID   00004a70
[ 1507474.609354] EV_KEY       BTN_TOUCH            DOWN
[ 1507474.609354] EV_KEY       BTN_TOOL_FINGER      DOWN
[ 1507474.609354] EV_SYN       SYN_REPORT           00000000
[ 1507474.612529] EV_SYN       SYN_REPORT           00000000
[ 1507474.619252] EV_SYN       SYN_REPORT           00000000
[ 1507474.628828] EV_SYN       SYN_REPORT           00000000
[ 1507474.634211] EV_SYN       SYN_REPORT           00000000
[ 1507474.641626] EV_SYN       SYN_REPORT           00000000
[ 1507474.649070] EV_SYN       SYN_REPORT           00000000
[ 1507474.656714] EV_SYN       SYN_REPORT           00000000
[ 1507474.664526] EV_SYN       SYN_REPORT           00000000
[ 1507474.672598] EV_SYN       SYN_REPORT           00000000
[ 1507474.682207] EV_SYN       SYN_REPORT           00000000
[ 1507474.689494] EV_SYN       SYN_REPORT           00000000
[ 1507474.697835] EV_SYN       SYN_REPORT           00000000
[ 1507474.705945] EV_SYN       SYN_REPORT           00000000
[ 1507474.715326] EV_SYN       SYN_REPORT           00000000
[ 1507474.722741] EV_SYN       SYN_REPORT           00000000
[ 1507474.731134] EV_SYN       SYN_REPORT           00000000
[ 1507474.739325] EV_SYN       SYN_REPORT           00000000
[ 1507474.747838] EV_SYN       SYN_REPORT           00000000
[ 1507474.756571] EV_SYN       SYN_REPORT           00000000
[ 1507474.764565] EV_SYN       SYN_REPORT           00000000
[ 1507474.772720] EV_SYN       SYN_REPORT           00000000
[ 1507474.781166] EV_SYN       SYN_REPORT           00000000
[ 1507474.789586] EV_SYN       SYN_REPORT           00000000
[ 1507474.798361] EV_SYN       SYN_REPORT           00000000
[ 1507474.805951] EV_SYN       SYN_REPORT           00000000
[ 1507474.815415] EV_SYN       SYN_REPORT           00000000
[ 1507474.822858] EV_SYN       SYN_REPORT           00000000
[ 1507474.831165] EV_SYN       SYN_REPORT           00000000
[ 1507474.839240] EV_SYN       SYN_REPORT           00000000
[ 1507474.847846] EV_SYN       SYN_REPORT           00000000
[ 1507474.856178] EV_SYN       SYN_REPORT           00000000
[ 1507474.864545] EV_SYN       SYN_REPORT           00000000
[ 1507474.872701] EV_SYN       SYN_REPORT           00000000
[ 1507474.881269] EV_SYN       SYN_REPORT           00000000
[ 1507474.889622] EV_SYN       SYN_REPORT           00000000
[ 1507474.898219] EV_ABS       ABS_MT_TRACKING_ID   ffffffff
[ 1507474.898219] EV_KEY       BTN_TOUCH            UP
[ 1507474.898219] EV_KEY       BTN_TOOL_FINGER      UP
[ 1507474.898219] EV_SYN       SYN_REPORT           00000000
[ 1507475.405141] EV_ABS       ABS_MT_TRACKING_ID   00004a71
[ 1507475.405141] EV_KEY       BTN_TOUCH            DOWN
[ 1507475.405141] EV_KEY       BTN_TOOL_FINGER      DOWN
[ 1507475.405141] EV_SYN       SYN_REPORT           00000000
[ 1507475.410853] EV_SYN       SYN_REPORT           00000000
[ 1507475.417704] EV_SYN       SYN_REPORT           00000000
[ 1507475.425810] EV_SYN       SYN_REPORT           00000000
[ 1507475.432641] EV_SYN       SYN_REPORT           00000000
[ 1507475.439626] EV_SYN       SYN_REPORT           00000000
[ 1507475.448005] EV_SYN       SYN_REPORT           00000000
[ 1507475.457210] EV_SYN       SYN_REPORT           00000000
[ 1507475.466065] EV_SYN       SYN_REPORT           00000000
[ 1507475.473244] EV_SYN       SYN_REPORT           00000000
[ 1507475.481316] EV_SYN       SYN_REPORT           00000000
[ 1507475.489708] EV_SYN       SYN_REPORT           00000000
[ 1507475.498219] EV_SYN       SYN_REPORT           00000000
[ 1507475.506294] EV_SYN       SYN_REPORT           00000000
[ 1507475.514654] EV_SYN       SYN_REPORT           00000000
[ 1507475.523265] EV_SYN       SYN_REPORT           00000000
[ 1507475.531557] EV_SYN       SYN_REPORT           00000000
[ 1507475.540101] EV_SYN       SYN_REPORT           00000000
[ 1507475.548261] EV_SYN       SYN_REPORT           00000000
[ 1507475.556706] EV_SYN       SYN_REPORT           00000000
[ 1507475.564915] EV_SYN       SYN_REPORT           00000000
[ 1507475.572960] EV_SYN       SYN_REPORT           00000000
[ 1507475.581565] EV_SYN       SYN_REPORT           00000000
[ 1507475.590673] EV_SYN       SYN_REPORT           00000000
[ 1507475.599211] EV_SYN       SYN_REPORT           00000000
[ 1507475.606335] EV_SYN       SYN_REPORT           00000000
[ 1507475.614743] EV_SYN       SYN_REPORT           00000000
[ 1507475.623215] EV_SYN       SYN_REPORT           00000000
[ 1507475.631691] EV_SYN       SYN_REPORT           00000000
[ 1507475.639738] EV_SYN       SYN_REPORT           00000000
[ 1507475.648105] EV_SYN       SYN_REPORT           00000000
[ 1507475.656678] EV_SYN       SYN_REPORT           00000000
[ 1507475.665217] EV_SYN       SYN_REPORT           00000000
[ 1507475.673377] EV_SYN       SYN_REPORT           00000000
[ 1507475.682500] EV_ABS       ABS_MT_TRACKING_ID   ffffffff
[ 1507475.682500] EV_KEY       BTN_TOUCH            UP
[ 1507475.682500] EV_KEY       BTN_TOOL_FINGER      UP
[ 1507475.682500] EV_SYN       SYN_REPORT           00000000
[ 1507476.079672] EV_ABS       ABS_MT_TRACKING_ID   00004a72
[ 1507476.079672] EV_KEY       BTN_TOUCH            DOWN
[ 1507476.079672] EV_KEY       BTN_TOOL_FINGER      DOWN
[ 1507476.079672] EV_SYN       SYN_REPORT           00000000
[ 1507476.084689] EV_SYN       SYN_REPORT           00000000
[ 1507476.091536] EV_SYN       SYN_REPORT           00000000
[ 1507476.099969] EV_SYN       SYN_REPORT           00000000
[ 1507476.107629] EV_SYN       SYN_REPORT           00000000
[ 1507476.115569] EV_SYN       SYN_REPORT           00000000
[ 1507476.123349] EV_SYN       SYN_REPORT           00000000
[ 1507476.131808] EV_SYN       SYN_REPORT           00000000
[ 1507476.140242] EV_SYN       SYN_REPORT           00000000
[ 1507476.148621] EV_SYN       SYN_REPORT           00000000
[ 1507476.156886] EV_SYN       SYN_REPORT           00000000
[ 1507476.166030] EV_SYN       SYN_REPORT           00000000
[ 1507476.173561] EV_SYN       SYN_REPORT           00000000
[ 1507476.181782] EV_SYN       SYN_REPORT           00000000
[ 1507476.190230] EV_SYN       SYN_REPORT           00000000
[ 1507476.198476] EV_SYN       SYN_REPORT           00000000
[ 1507476.206853] EV_SYN       SYN_REPORT           00000000
[ 1507476.215159] EV_SYN       SYN_REPORT           00000000
[ 1507476.223428] EV_SYN       SYN_REPORT           00000000
[ 1507476.231758] EV_SYN       SYN_REPORT           00000000
[ 1507476.240925] EV_SYN       SYN_REPORT           00000000
[ 1507476.248478] EV_SYN       SYN_REPORT           00000000
[ 1507476.256756] EV_SYN       SYN_REPORT           00000000
[ 1507476.265152] EV_SYN       SYN_REPORT           00000000
[ 1507476.273572] EV_SYN       SYN_REPORT           00000000
[ 1507476.281765] EV_SYN       SYN_REPORT           00000000
[ 1507476.290782] EV_SYN       SYN_REPORT           00000000
[ 1507476.298593] EV_SYN       SYN_REPORT           00000000
[ 1507476.306985] EV_SYN       SYN_REPORT           00000000
[ 1507476.315082] EV_SYN       SYN_REPORT           00000000
[ 1507476.323597] EV_SYN       SYN_REPORT           00000000
[ 1507476.331998] EV_SYN       SYN_REPORT           00000000
[ 1507476.340344] EV_SYN       SYN_REPORT           00000000
[ 1507476.348415] EV_SYN       SYN_REPORT           00000000
[ 1507476.356904] EV_SYN       SYN_REPORT           00000000
[ 1507476.365857] EV_SYN       SYN_REPORT           00000000
[ 1507476.373897] EV_SYN       SYN_REPORT           00000000
[ 1507476.381751] EV_SYN       SYN_REPORT           00000000
[ 1507476.390168] EV_SYN       SYN_REPORT           00000000
[ 1507476.398664] EV_SYN       SYN_REPORT           00000000
[ 1507476.406910] EV_SYN       SYN_REPORT           00000000
[ 1507476.415203] EV_ABS       ABS_MT_TRACKING_ID   ffffffff
[ 1507476.415203] EV_KEY       BTN_TOUCH            UP
[ 1507476.415203] EV_KEY       BTN_TOOL_FINGER      UP
[ 1507476.415203] EV_SYN       SYN_REPORT           00000000
[ 1507476.904970] EV_ABS       ABS_MT_TRACKING_ID   00004a73
[ 1507476.904970] EV_KEY       BTN_TOUCH            DOWN
[ 1507476.904970] EV_KEY       BTN_TOOL_FINGER      DOWN
[ 1507476.904970] EV_SYN       SYN_REPORT           00000000
[ 1507476.910948] EV_SYN       SYN_REPORT           00000000
[ 1507476.917925] EV_SYN       SYN_REPORT           00000000
[ 1507476.926608] EV_SYN       SYN_REPORT           00000000
[ 1507476.933143] EV_SYN       SYN_REPORT           00000000
[ 1507476.940615] EV_SYN       SYN_REPORT           00000000
[ 1507476.949197] EV_SYN       SYN_REPORT           00000000
[ 1507476.957413] EV_SYN       SYN_REPORT           00000000
[ 1507476.965772] EV_SYN       SYN_REPORT           00000000
[ 1507476.974297] EV_SYN       SYN_REPORT           00000000
[ 1507476.982260] EV_SYN       SYN_REPORT           00000000
[ 1507476.990492] EV_SYN       SYN_REPORT           00000000
[ 1507476.998666] EV_SYN       SYN_REPORT           00000000
[ 1507477.007038] EV_SYN       SYN_REPORT           00000000
[ 1507477.015465] EV_SYN       SYN_REPORT           00000000
[ 1507477.023821] EV_SYN       SYN_REPORT           00000000
[ 1507477.032111] EV_SYN       SYN_REPORT           00000000
[ 1507477.040650] EV_SYN       SYN_REPORT           00000000
[ 1507477.049128] EV_SYN       SYN_REPORT           00000000
[ 1507477.057583] EV_SYN       SYN_REPORT           00000000
[ 1507477.067054] EV_SYN       SYN_REPORT           00000000
[ 1507477.074027] EV_SYN       SYN_REPORT           00000000
[ 1507477.083287] EV_SYN       SYN_REPORT           00000000
[ 1507477.090554] EV_SYN       SYN_REPORT           00000000
[ 1507477.099109] EV_SYN       SYN_REPORT           00000000
[ 1507477.107343] EV_SYN       SYN_REPORT           00000000
[ 1507477.115819] EV_SYN       SYN_REPORT           00000000
[ 1507477.123976] EV_SYN       SYN_REPORT           00000000
[ 1507477.132397] EV_SYN       SYN_REPORT           00000000
[ 1507477.140794] EV_SYN       SYN_REPORT           00000000
[ 1507477.149180] EV_SYN       SYN_REPORT           00000000
[ 1507477.157745] EV_SYN       SYN_REPORT           00000000
[ 1507477.165915] EV_ABS       ABS_MT_TRACKING_ID   ffffffff
[ 1507477.165915] EV_KEY       BTN_TOUCH            UP
[ 1507477.165915] EV_KEY       BTN_TOOL_FINGER      UP
[ 1507477.165915] EV_SYN       SYN_REPORT           00000000
[ 1507477.664667] EV_ABS       ABS_MT_TRACKING_ID   00004a74
[ 1507477.664667] EV_KEY       BTN_TOUCH            DOWN
[ 1507477.664667] EV_KEY       BTN_TOOL_FINGER      DOWN
[ 1507477.664667] EV_SYN       SYN_REPORT           00000000
[ 1507477.669650] EV_SYN       SYN_REPORT           00000000
[ 1507477.677165] EV_SYN       SYN_REPORT           00000000
[ 1507477.684131] EV_SYN       SYN_REPORT           00000000
[ 1507477.691614] EV_SYN       SYN_REPORT           00000000
[ 1507477.699465] EV_SYN       SYN_REPORT           00000000
[ 1507477.707451] EV_SYN       SYN_REPORT           00000000
[ 1507477.715957] EV_SYN       SYN_REPORT           00000000
[ 1507477.724447] EV_SYN       SYN_REPORT           00000000
[ 1507477.733004] EV_SYN       SYN_REPORT           00000000
[ 1507477.740967] EV_SYN       SYN_REPORT           00000000
[ 1507477.749711] EV_SYN       SYN_REPORT           00000000
[ 1507477.758269] EV_SYN       SYN_REPORT           00000000
[ 1507477.766366] EV_SYN       SYN_REPORT           00000000
[ 1507477.774318] EV_SYN       SYN_REPORT           00000000
[ 1507477.783199] EV_SYN       SYN_REPORT           00000000
[ 1507477.791078] EV_SYN       SYN_REPORT           00000000
[ 1507477.799445] EV_SYN       SYN_REPORT           00000000
[ 1507477.807658] EV_SYN       SYN_REPORT           00000000
[ 1507477.816162] EV_SYN       SYN_REPORT           00000000
[ 1507477.824597] EV_SYN       SYN_REPORT           00000000
[ 1507477.833486] EV_SYN       SYN_REPORT           00000000
[ 1507477.841765] EV_SYN       SYN_REPORT           00000000
[ 1507477.850041] EV_SYN       SYN_REPORT           00000000
[ 1507477.857776] EV_SYN       SYN_REPORT           00000000
[ 1507477.866677] EV_SYN       SYN_REPORT           00000000
[ 1507477.874401] EV_SYN       SYN_REPORT           00000000
[ 1507477.882830] EV_SYN       SYN_REPORT           00000000
[ 1507477.891204] EV_SYN       SYN_REPORT           00000000
[ 1507477.899688] EV_ABS       ABS_MT_TRACKING_ID   ffffffff
[ 1507477.899688] EV_KEY       BTN_TOUCH            UP
[ 1507477.899688] EV_KEY       BTN_TOOL_FINGER      UP
[ 1507477.899688] EV_SYN       SYN_REPORT           00000000
[ 1507478.330433] EV_ABS       ABS_MT_TRACKING_ID   00004a75
[ 1507478.330433] EV_KEY       BTN_TOUCH            DOWN
[ 1507478.330433] EV_KEY       BTN_TOOL_FINGER      DOWN
[ 1507478.330433] EV_SYN       SYN_REPORT           00000000
[ 1507478.335843] EV_SYN       SYN_REPORT           00000000
[ 1507478.344947] EV_SYN       SYN_REPORT           00000000
[ 1507478.349527] EV_SYN       SYN_REPORT           00000000
[ 1507478.358082] EV_SYN       SYN_REPORT           00000000
[ 1507478.366459] EV_SYN       SYN_REPORT           00000000
[ 1507478.374848] EV_SYN       SYN_REPORT           00000000
[ 1507478.382955] EV_SYN       SYN_REPORT           00000000
[ 1507478.391489] EV_SYN       SYN_REPORT           00000000
[ 1507478.399763] EV_SYN       SYN_REPORT           00000000
[ 1507478.408184] EV_SYN       SYN_REPORT           00000000
[ 1507478.416281] EV_SYN       SYN_REPORT           00000000
[ 1507478.424611] EV_SYN       SYN_REPORT           00000000
[ 1507478.433341] EV_SYN       SYN_REPORT           00000000
[ 1507478.441618] EV_SYN       SYN_REPORT           00000000
[ 1507478.449620] EV_SYN       SYN_REPORT           00000000
[ 1507478.458023] EV_SYN       SYN_REPORT           00000000
[ 1507478.466705] EV_SYN       SYN_REPORT           00000000
[ 1507478.474856] EV_SYN       SYN_REPORT           00000000
[ 1507478.482957] EV_SYN       SYN_REPORT           00000000
[ 1507478.491339] EV_SYN       SYN_REPORT           00000000
[ 1507478.499947] EV_SYN       SYN_REPORT           00000000
[ 1507478.508225] EV_SYN       SYN_REPORT           00000000
[ 1507478.516302] EV_SYN       SYN_REPORT           00000000
[ 1507478.524718] EV_SYN       SYN_REPORT           00000000
[ 1507478.533794] EV_SYN       SYN_REPORT           00000000
[ 1507478.541580] EV_SYN       SYN_REPORT           00000000
[ 1507478.549654] EV_SYN       SYN_REPORT           00000000
[ 1507478.558770] EV_SYN       SYN_REPORT           00000000
[ 1507478.566618] EV_SYN       SYN_REPORT           00000000
[ 1507478.574998] EV_SYN       SYN_REPORT           00000000
[ 1507478.583039] EV_SYN       SYN_REPORT           00000000
[ 1507478.591421] EV_SYN       SYN_REPORT           00000000
[ 1507478.599820] EV_SYN       SYN_REPORT           00000000
[ 1507478.608746] EV_SYN       SYN_REPORT           00000000
[ 1507478.616395] EV_SYN       SYN_REPORT           00000000
[ 1507478.624789] EV_SYN       SYN_REPORT           00000000
[ 1507478.633181] EV_SYN       SYN_REPORT           00000000
[ 1507478.641761] EV_SYN       SYN_REPORT           00000000
[ 1507478.649964] EV_SYN       SYN_REPORT           00000000
[ 1507478.658512] EV_ABS       ABS_MT_TRACKING_ID   ffffffff
[ 1507478.658512] EV_KEY       BTN_TOUCH            UP
[ 1507478.658512] EV_KEY       BTN_TOOL_FINGER      UP
[ 1507478.658512] EV_SYN       SYN_REPORT           00000000
[ 1507479.039733] EV_ABS       ABS_MT_TRACKING_ID   00004a76
[ 1507479.039733] EV_KEY       BTN_TOUCH            DOWN
[ 1507479.039733] EV_KEY       BTN_TOOL_FINGER      DOWN
[ 1507479.039733] EV_SYN       SYN_REPORT           00000000
[ 1507479.044360] EV_SYN       SYN_REPORT           00000000
[ 1507479.051196] EV_SYN       SYN_REPORT           00000000
[ 1507479.061145] EV_SYN       SYN_REPORT           00000000
[ 1507479.067378] EV_SYN       SYN_REPORT           00000000
[ 1507479.075127] EV_SYN       SYN_REPORT           00000000
[ 1507479.083482] EV_SYN       SYN_REPORT           00000000
[ 1507479.091821] EV_SYN       SYN_REPORT           00000000
[ 1507479.100262] EV_SYN       SYN_REPORT           00000000
[ 1507479.108964] EV_SYN       SYN_REPORT           00000000
[ 1507479.116732] EV_SYN       SYN_REPORT           00000000
[ 1507479.125175] EV_SYN       SYN_REPORT           00000000
[ 1507479.133599] EV_SYN       SYN_REPORT           00000000
[ 1507479.141897] EV_SYN       SYN_REPORT           00000000
[ 1507479.150147] EV_SYN       SYN_REPORT           00000000
[ 1507479.158496] EV_SYN       SYN_REPORT           00000000
[ 1507479.167006] EV_SYN       SYN_REPORT           00000000
[ 1507479.175141] EV_SYN       SYN_REPORT           00000000
[ 1507479.183654] EV_SYN       SYN_REPORT           00000000
[ 1507479.191851] EV_SYN       SYN_REPORT           00000000
[ 1507479.200291] EV_SYN       SYN_REPORT           00000000
[ 1507479.208512] EV_SYN       SYN_REPORT           00000000
[ 1507479.216791] EV_SYN       SYN_REPORT           00000000
[ 1507479.225763] EV_SYN       SYN_REPORT           00000000
[ 1507479.233581] EV_SYN       SYN_REPORT           00000000
[ 1507479.242208] EV_SYN       SYN_REPORT           00000000
[ 1507479.250342] EV_SYN       SYN_REPORT           00000000
[ 1507479.258589] EV_SYN       SYN_REPORT           00000000
[ 1507479.266915] EV_SYN       SYN_REPORT           00000000
[ 1507479.275033] EV_SYN       SYN_REPORT           00000000
[ 1507479.283630] EV_SYN       SYN_REPORT           00000000
[ 1507479.292244] EV_SYN       SYN_REPORT           00000000
[ 1507479.300253] EV_SYN       SYN_REPORT           00000000
[ 1507479.308512] EV_SYN       SYN_REPORT           00000000
[ 1507479.316917] EV_SYN       SYN_REPORT           00000000
[ 1507479.325513] EV_ABS       ABS_MT_TRACKING_ID   ffffffff
[ 1507479.325513] EV_KEY       BTN_TOUCH            UP
[ 1507479.325513] EV_KEY       BTN_TOOL_FINGER      UP
[ 1507479.325513] EV_SYN       SYN_REPORT           00000000
[ 1507479.757220] EV_ABS       ABS_MT_TRACKING_ID   00004a77
[ 1507479.757220] EV_KEY       BTN_TOUCH            DOWN
[ 1507479.757220] EV_KEY       BTN_TOOL_FINGER      DOWN
[ 1507479.757220] EV_SYN       SYN_REPORT           00000000
[ 1507479.762262] EV_SYN       SYN_REPORT           00000000
[ 1507479.769128] EV_SYN       SYN_REPORT           00000000
[ 1507479.777665] EV_SYN       SYN_REPORT           00000000
[ 1507479.783901] EV_SYN       SYN_REPORT           00000000
[ 1507479.792320] EV_SYN       SYN_REPORT           00000000
[ 1507479.801344] EV_SYN       SYN_REPORT           00000000
[ 1507479.809104] EV_SYN       SYN_REPORT           00000000
[ 1507479.817143] EV_SYN       SYN_REPORT           00000000
[ 1507479.825752] EV_SYN       SYN_REPORT           00000000
[ 1507479.834180] EV_SYN       SYN_REPORT           00000000
[ 1507479.842768] EV_SYN       SYN_REPORT           00000000
[ 1507479.850452] EV_SYN       SYN_REPORT           00000000
[ 1507479.858880] EV_SYN       SYN_REPORT           00000000
[ 1507479.868793] EV_SYN       SYN_REPORT           00000000
[ 1507479.876299] EV_SYN       SYN_REPORT           00000000
[ 1507479.884160] EV_SYN       SYN_REPORT           00000000
[ 1507479.892200] EV_SYN       SYN_REPORT           00000000
[ 1507479.900685] EV_SYN       SYN_REPORT           00000000
[ 1507479.909147] EV_SYN       SYN_REPORT           00000000
[ 1507479.917304] EV_SYN       SYN_REPORT           00000000
[ 1507479.925569] EV_SYN       SYN_REPORT           00000000
[ 1507479.934442] EV_SYN       SYN_REPORT           00000000
[ 1507479.942921] EV_SYN       SYN_REPORT           00000000
[ 1507479.950637] EV_SYN       SYN_REPORT           00000000
[ 1507479.958845] EV_SYN       SYN_REPORT           00000000
[ 1507479.967248] EV_SYN       SYN_REPORT           00000000
[ 1507479.975902] EV_SYN       SYN_REPORT           00000000
[ 1507479.983971] EV_SYN       SYN_REPORT           00000000
[ 1507479.992248] EV_SYN       SYN_REPORT           00000000
[ 1507480.000648] EV_SYN       SYN_REPORT           00000000
[ 1507480.009704] EV_SYN       SYN_REPORT           00000000
[ 1507480.017842] EV_SYN       SYN_REPORT           00000000
[ 1507480.025586] EV_SYN       SYN_REPORT           00000000
[ 1507480.034349] EV_SYN       SYN_REPORT           00000000
[ 1507480.042459] EV_SYN       SYN_REPORT           00000000
[ 1507480.050544] EV_SYN       SYN_REPORT           00000000
[ 1507480.059097] EV_SYN       SYN_REPORT           00000000
[ 1507480.067501] EV_SYN       SYN_REPORT           00000000
[ 1507480.075763] EV_SYN       SYN_REPORT           00000000
[ 1507480.083913] EV_SYN       SYN_REPORT           00000000
[ 1507480.092347] EV_SYN       SYN_REPORT           00000000
[ 1507480.100769] EV_SYN       SYN_REPORT           00000000
[ 1507480.109311] EV_SYN       SYN_REPORT           00000000
[ 1507480.118811] EV_SYN       SYN_REPORT           00000000
[ 1507480.126178] EV_SYN       SYN_REPORT           00000000
[ 1507480.134563] EV_SYN       SYN_REPORT           00000000
[ 1507480.142877] EV_SYN       SYN_REPORT           00000000
[ 1507480.151244] EV_SYN       SYN_REPORT           00000000
[ 1507480.160265] EV_SYN       SYN_REPORT           00000000
[ 1507480.167832] EV_SYN       SYN_REPORT           00000000
[ 1507480.175983] EV_ABS       ABS_MT_TRACKING_ID   ffffffff
[ 1507480.175983] EV_KEY       BTN_TOUCH            UP
[ 1507480.175983] EV_KEY       BTN_TOOL_FINGER      UP
[ 1507480.175983] EV_SYN       SYN_REPORT           00000000
[ 1507480.574253] EV_ABS       ABS_MT_TRACKING_ID   00004a78
[ 1507480.574253] EV_KEY       BTN_TOUCH            DOWN
[ 1507480.574253] EV_KEY       BTN_TOOL_FINGER      DOWN
[ 1507480.574253] EV_SYN       SYN_REPORT           00000000
[ 1507480.578452] EV_SYN       SYN_REPORT           00000000
[ 1507480.586035] EV_SYN       SYN_REPORT           00000000
[ 1507480.595543] EV_SYN       SYN_REPORT           00000000
[ 1507480.601464] EV_SYN       SYN_REPORT           00000000
[ 1507480.610088] EV_SYN       SYN_REPORT           00000000
[ 1507480.617801] EV_SYN       SYN_REPORT           00000000
[ 1507480.625874] EV_SYN       SYN_REPORT           00000000
[ 1507480.634558] EV_SYN       SYN_REPORT           00000000
[ 1507480.642640] EV_SYN       SYN_REPORT           00000000
[ 1507480.651031] EV_SYN       SYN_REPORT           00000000
[ 1507480.659295] EV_SYN       SYN_REPORT           00000000
[ 1507480.667802] EV_SYN       SYN_REPORT           00000000
[ 1507480.676274] EV_SYN       SYN_REPORT           00000000
[ 1507480.684426] EV_SYN       SYN_REPORT           00000000
[ 1507480.692927] EV_SYN       SYN_REPORT           00000000
[ 1507480.701135] EV_SYN       SYN_REPORT           00000000
[ 1507480.710438] EV_SYN       SYN_REPORT           00000000
[ 1507480.717865] EV_SYN       SYN_REPORT           00000000
[ 1507480.726055] EV_SYN       SYN_REPORT           00000000
[ 1507480.734467] EV_SYN       SYN_REPORT           00000000
[ 1507480.742879] EV_SYN       SYN_REPORT           00000000
[ 1507480.751312] EV_SYN       SYN_REPORT           00000000
[ 1507480.760323] EV_SYN       SYN_REPORT           00000000
[ 1507480.767730] EV_SYN       SYN_REPORT           00000000
[ 1507480.776092] EV_SYN       SYN_REPORT           00000000
[ 1507480.784532] EV_SYN       SYN_REPORT           00000000
[ 1507480.792828] EV_SYN       SYN_REPORT           00000000
[ 1507480.801685] EV_SYN       SYN_REPORT           00000000
[ 1507480.809759] EV_SYN       SYN_REPORT           00000000
[ 1507480.817888] EV_SYN       SYN_REPORT           00000000
[ 1507480.826150] EV_SYN       SYN_REPORT           00000000
[ 1507480.834859] EV_SYN       SYN_REPORT           00000000
[ 1507480.842794] EV_SYN       SYN_REPORT           00000000
[ 1507480.851133] EV_SYN       SYN_REPORT           00000000
[ 1507480.859454] EV_SYN       SYN_REPORT           00000000
[ 1507480.867713] EV_SYN       SYN_REPORT           00000000
[ 1507480.876251] EV_SYN       SYN_REPORT           00000000
[ 1507480.884590] EV_SYN       SYN_REPORT           00000000
[ 1507480.893165] EV_SYN       SYN_REPORT           00000000
[ 1507480.901225] EV_SYN       SYN_REPORT           00000000
[ 1507480.909725] EV_SYN       SYN_REPORT           00000000
[ 1507480.918636] EV_SYN       SYN_REPORT           00000000
[ 1507480.926085] EV_SYN       SYN_REPORT           00000000
[ 1507480.934948] EV_SYN       SYN_REPORT           00000000
[ 1507480.942800] EV_SYN       SYN_REPORT           00000000
[ 1507480.951174] EV_SYN       SYN_REPORT           00000000
[ 1507480.960154] EV_SYN       SYN_REPORT           00000000
[ 1507480.967787] EV_SYN       SYN_REPORT           00000000
[ 1507480.977217] EV_SYN       SYN_REPORT           00000000
[ 1507480.984880] EV_ABS       ABS_MT_TRACKING_ID   ffffffff
[ 1507480.984880] EV_KEY       BTN_TOUCH            UP
[ 1507480.984880] EV_KEY       BTN_TOOL_FINGER      UP
[ 1507480.984880] EV_SYN       SYN_REPORT           00000000
[ 1507481.340629] EV_ABS       ABS_MT_TRACKING_ID   00004a79
[ 1507481.340629] EV_KEY       BTN_TOUCH            DOWN
[ 1507481.340629] EV_KEY       BTN_TOOL_FINGER      DOWN
[ 1507481.340629] EV_SYN       SYN_REPORT           00000000
[ 1507481.345158] EV_SYN       SYN_REPORT           00000000
[ 1507481.351554] EV_SYN       SYN_REPORT           00000000
[ 1507481.359922] EV_SYN       SYN_REPORT           00000000
[ 1507481.368314] EV_SYN       SYN_REPORT           00000000
[ 1507481.376968] EV_SYN       SYN_REPORT           00000000
[ 1507481.385436] EV_SYN       SYN_REPORT           00000000
[ 1507481.393360] EV_SYN       SYN_REPORT           00000000
[ 1507481.401614] EV_SYN       SYN_REPORT           00000000
[ 1507481.410002] EV_SYN       SYN_REPORT           00000000
[ 1507481.418388] EV_SYN       SYN_REPORT           00000000
[ 1507481.426367] EV_SYN       SYN_REPORT           00000000
[ 1507481.435141] EV_SYN       SYN_REPORT           00000000
[ 1507481.443150] EV_SYN       SYN_REPORT           00000000
[ 1507481.451532] EV_SYN       SYN_REPORT           00000000
[ 1507481.459802] EV_SYN       SYN_REPORT           00000000
[ 1507481.468200] EV_SYN       SYN_REPORT           00000000
[ 1507481.476681] EV_SYN       SYN_REPORT           00000000
[ 1507481.484705] EV_SYN       SYN_REPORT           00000000
[ 1507481.493115] EV_SYN       SYN_REPORT           00000000
[ 1507481.501568] EV_SYN       SYN_REPORT           00000000
[ 1507481.510290] EV_SYN       SYN_REPORT           00000000
[ 1507481.518096] EV_SYN       SYN_REPORT           00000000
[ 1507481.526412] EV_SYN       SYN_REPORT           00000000
[ 1507481.534885] EV_SYN       SYN_REPORT           00000000
[ 1507481.543199] EV_SYN       SYN_REPORT           00000000
[ 1507481.551533] EV_SYN       SYN_REPORT           00000000
[ 1507481.559823] EV_SYN       SYN_REPORT           00000000
[ 1507481.568257] EV_SYN       SYN_REPORT           00000000
[ 1507481.576612] EV_SYN       SYN_REPORT           00000000
[ 1507481.584806] EV_SYN       SYN_REPORT           00000000
[ 1507481.593383] EV_SYN       SYN_REPORT           00000000
[ 1507481.601680] EV_SYN       SYN_REPORT           00000000
[ 1507481.610438] EV_SYN       SYN_REPORT           00000000
[ 1507481.618110] EV_SYN       SYN_REPORT           00000000
[ 1507481.626503] EV_SYN       SYN_REPORT           00000000
[ 1507481.635031] EV_SYN       SYN_REPORT           00000000
[ 1507481.643989] EV_SYN       SYN_REPORT           00000000
[ 1507481.651515] EV_SYN       SYN_REPORT           00000000
[ 1507481.660244] EV_SYN       SYN_REPORT           00000000
[ 1507481.668464] EV_ABS       ABS_MT_TRACKING_ID   ffffffff
[ 1507481.668464] EV_KEY       BTN_TOUCH            UP
[ 1507481.668464] EV_KEY       BTN_TOOL_FINGER      UP
[ 1507481.668464] EV_SYN       SYN_REPORT           00000000
[ 1507482.092299] EV_ABS       ABS_MT_TRACKING_ID   00004a7a
[ 1507482.092299] EV_KEY       BTN_TOUCH            DOWN
[ 1507482.092299] EV_KEY       BTN_TOOL_FINGER      DOWN
[ 1507482.092299] EV_SYN       SYN_REPORT           00000000
[ 1507482.096434] EV_SYN       SYN_REPORT           00000000
[ 1507482.103523] EV_SYN       SYN_REPORT           00000000
[ 1507482.111744] EV_SYN       SYN_REPORT           00000000
[ 1507482.119120] EV_SYN       SYN_REPORT           00000000
[ 1507482.126883] EV_SYN       SYN_REPORT           00000000
[ 1507482.135200] EV_SYN       SYN_REPORT           00000000
[ 1507482.143848] EV_SYN       SYN_REPORT           00000000
[ 1507482.151743] EV_SYN       SYN_REPORT           00000000
[ 1507482.160148] EV_SYN       SYN_REPORT           00000000
[ 1507482.168522] EV_SYN       SYN_REPORT           00000000
[ 1507482.177041] EV_SYN       SYN_REPORT           00000000
[ 1507482.185091] EV_SYN       SYN_REPORT           00000000
[ 1507482.193480] EV_SYN       SYN_REPORT           00000000
[ 1507482.201932] EV_SYN       SYN_REPORT           00000000
[ 1507482.210427] EV_SYN       SYN_REPORT           00000000
[ 1507482.218573] EV_SYN       SYN_REPORT           00000000
[ 1507482.226870] EV_SYN       SYN_REPORT           00000000
[ 1507482.235255] EV_SYN       SYN_REPORT           00000000
[ 1507482.243768] EV_SYN       SYN_REPORT           00000000
[ 1507482.251818] EV_SYN       SYN_REPORT           00000000
[ 1507482.260601] EV_SYN       SYN_REPORT           00000000
[ 1507482.268650] EV_SYN       SYN_REPORT           00000000
[ 1507482.277015] EV_SYN       SYN_REPORT           00000000
[ 1507482.285360] EV_SYN       SYN_REPORT           00000000
[ 1507482.293714] EV_SYN       SYN_REPORT           00000000
[ 1507482.301871] EV_SYN       SYN_REPORT           00000000
[ 1507482.310425] EV_SYN       SYN_REPORT           00000000
[ 1507482.318607] EV_SYN       SYN_REPORT           00000000
[ 1507482.327019] EV_SYN       SYN_REPORT           00000000
[ 1507482.335419] EV_SYN       SYN_REPORT           00000000
[ 1507482.343865] EV_SYN       SYN_REPORT           00000000
[ 1507482.351823] EV_SYN       SYN_REPORT           00000000
[ 1507482.360689] EV_SYN       SYN_REPORT           00000000
[ 1507482.368816] EV_SYN       SYN_REPORT           00000000
[ 1507482.377121] EV_SYN       SYN_REPORT           00000000
[ 1507482.385270] EV_ABS       ABS_MT_TRACKING_ID   ffffffff
[ 1507482.385270] EV_KEY       BTN_TOUCH            UP
[ 1507482.385270] EV_KEY       BTN_TOOL_FINGER      UP
[ 1507482.385270] EV_SYN       SYN_REPORT           00000000
[ 1507482.784667] EV_ABS       ABS_MT_TRACKING_ID   00004a7b
[ 1507482.784667] EV_KEY       BTN_TOUCH            DOWN
[ 1507482.784667] EV_KEY       BTN_TOOL_FINGER      DOWN
[ 1507482.784667] EV_SYN       SYN_REPORT           00000000
[ 1507482.787744] EV_SYN       SYN_REPORT           00000000
[ 1507482.795021] EV_SYN       SYN_REPORT           00000000
[ 1507482.803516] EV_SYN       SYN_REPORT           00000000
[ 1507482.811005] EV_SYN       SYN_REPORT           00000000
[ 1507482.819002] EV_SYN       SYN_REPORT           00000000
[ 1507482.827750] EV_SYN       SYN_REPORT           00000000
[ 1507482.835491] EV_SYN       SYN_REPORT           00000000
[ 1507482.844543] EV_SYN       SYN_REPORT           00000000
[ 1507482.852377] EV_SYN       SYN_REPORT           00000000
[ 1507482.860496] EV_SYN       SYN_REPORT           00000000
[ 1507482.868963] EV_SYN       SYN_REPORT           00000000
[ 1507482.877470] EV_SYN       SYN_REPORT           00000000
[ 1507482.885548] EV_SYN       SYN_REPORT           00000000
[ 1507482.894610] EV_SYN       SYN_REPORT           00000000
[ 1507482.902228] EV_SYN       SYN_REPORT           00000000
[ 1507482.910696] EV_SYN       SYN_REPORT           00000000
[ 1507482.918970] EV_SYN       SYN_REPORT           00000000
[ 1507482.927049] EV_SYN       SYN_REPORT           00000000
[ 1507482.935571] EV_SYN       SYN_REPORT           00000000
[ 1507482.943876] EV_SYN       SYN_REPORT           00000000
[ 1507482.952301] EV_SYN       SYN_REPORT           00000000
[ 1507482.960428] EV_SYN       SYN_REPORT           00000000
[ 1507482.969606] EV_SYN       SYN_REPORT           00000000
[ 1507482.977531] EV_SYN       SYN_REPORT           00000000
[ 1507482.986826] EV_SYN       SYN_REPORT           00000000
[ 1507482.994378] EV_SYN       SYN_REPORT           00000000
[ 1507483.002871] EV_SYN       SYN_REPORT           00000000
[ 1507483.010534] EV_SYN       SYN_REPORT           00000000
[ 1507483.019192] EV_SYN       SYN_REPORT           00000000
[ 1507483.027270] EV_SYN       SYN_REPORT           00000000
[ 1507483.035626] EV_SYN       SYN_REPORT           00000000
[ 1507483.043915] EV_SYN       SYN_REPORT           00000000
[ 1507483.052411] EV_SYN       SYN_REPORT           00000000
[ 1507483.060493] EV_SYN       SYN_REPORT           00000000
[ 1507483.069668] EV_SYN       SYN_REPORT           00000000
[ 1507483.077324] EV_SYN       SYN_REPORT           00000000
[ 1507483.085982] EV_ABS       ABS_MT_TRACKING_ID   ffffffff
[ 1507483.085982] EV_KEY       BTN_TOUCH            UP
[ 1507483.085982] EV_KEY       BTN_TOOL_FINGER      UP
[ 1507483.085982] EV_SYN       SYN_REPORT           00000000
[ 1507483.525629] EV_ABS       ABS_MT_TRACKING_ID   00004a7c
[ 1507483.525629] EV_KEY       BTN_TOUCH            DOWN
[ 1507483.525629] EV_KEY       BTN_TOOL_FINGER      DOWN
[ 1507483.525629] EV_SYN       SYN_REPORT           00000000
[ 1507483.531725] EV_SYN       SYN_REPORT           00000000
[ 1507483.537767] EV_SYN       SYN_REPORT           00000000
[ 1507483.546857] EV_SYN       SYN_REPORT           00000000
[ 1507483.552511] EV_SYN       SYN_REPORT           00000000
[ 1507483.561155] EV_SYN       SYN_REPORT           00000000
[ 1507483.569209] EV_SYN       SYN_REPORT           00000000
[ 1507483.579494] EV_SYN       SYN_REPORT           00000000
[ 1507483.585806] EV_SYN       SYN_REPORT           00000000
[ 1507483.594135] EV_SYN       SYN_REPORT           00000000
[ 1507483.602995] EV_SYN       SYN_REPORT           00000000
[ 1507483.611164] EV_SYN       SYN_REPORT           00000000
[ 1507483.619215] EV_SYN       SYN_REPORT           00000000
[ 1507483.627522] EV_SYN       SYN_REPORT           00000000
[ 1507483.635905] EV_SYN       SYN_REPORT           00000000
[ 1507483.644294] EV_SYN       SYN_REPORT           00000000
[ 1507483.652565] EV_SYN       SYN_REPORT           00000000
[ 1507483.662327] EV_SYN       SYN_REPORT           00000000
[ 1507483.669309] EV_SYN       SYN_REPORT           00000000
[ 1507483.677599] EV_SYN       SYN_REPORT           00000000
[ 1507483.685893] EV_SYN       SYN_REPORT           00000000
[ 1507483.694319] EV_SYN       SYN_REPORT           00000000
[ 1507483.702581] EV_SYN       SYN_REPORT           00000000
[ 1507483.711209] EV_SYN       SYN_REPORT           00000000
[ 1507483.719068] EV_SYN       SYN_REPORT           00000000
[ 1507483.727580] EV_SYN       SYN_REPORT           00000000
[ 1507483.735890] EV_SYN       SYN_REPORT           00000000
[ 1507483.744290] EV_SYN       SYN_REPORT           00000000
[ 1507483.752517] EV_SYN       SYN_REPORT           00000000
[ 1507483.761038] EV_SYN       SYN_REPORT           00000000
[ 1507483.769739] EV_SYN       SYN_REPORT           00000000
[ 1507483.777640] EV_SYN       SYN_REPORT           00000000
[ 1507483.786083] EV_SYN       SYN_REPORT           00000000
[ 1507483.794605] EV_SYN       SYN_REPORT           00000000
[ 1507483.802984] EV_ABS       ABS_MT_TRACKING_ID   ffffffff
[ 1507483.802984] EV_KEY       BTN_TOUCH            UP
[ 1507483.802984] EV_KEY       BTN_TOOL_FINGER      UP
[ 1507483.802984] EV_SYN       SYN_REPORT           00000000
[ 1507484.243027] EV_ABS       ABS_MT_TRACKING_ID   00004a7d
[ 1507484.243027] EV_KEY       BTN_TOUCH            DOWN
[ 1507484.243027] EV_KEY       BTN_TOOL_FINGER      DOWN
[ 1507484.243027] EV_SYN       SYN_REPORT           00000000
[ 1507484.247917] EV_SYN       SYN_REPORT           00000000
[ 1507484.254807] EV_SYN       SYN_REPORT           00000000
[ 1507484.264492] EV_SYN       SYN_REPORT           00000000
[ 1507484.269982] EV_SYN       SYN_REPORT           00000000
[ 1507484.277792] EV_SYN       SYN_REPORT           00000000
[ 1507484.287334] EV_SYN       SYN_REPORT           00000000
[ 1507484.294524] EV_SYN       SYN_REPORT           00000000
[ 1507484.303038] EV_SYN       SYN_REPORT           00000000
[ 1507484.311159] EV_SYN       SYN_REPORT           00000000
[ 1507484.319617] EV_SYN       SYN_REPORT           00000000
[ 1507484.327894] EV_SYN       SYN_REPORT           00000000
[ 1507484.336254] EV_SYN       SYN_REPORT           00000000
[ 1507484.345083] EV_SYN       SYN_REPORT           00000000
[ 1507484.352742] EV_SYN       SYN_REPORT           00000000
[ 1507484.361206] EV_SYN       SYN_REPORT           00000000
[ 1507484.369521] EV_SYN       SYN_REPORT           00000000
[ 1507484.377795] EV_SYN       SYN_REPORT           00000000
[ 1507484.386175] EV_SYN       SYN_REPORT           00000000
[ 1507484.394618] EV_SYN       SYN_REPORT           00000000
[ 1507484.402972] EV_SYN       SYN_REPORT           00000000
[ 1507484.410952] EV_SYN       SYN_REPORT           00000000
[ 1507484.419484] EV_SYN       SYN_REPORT           00000000
[ 1507484.427846] EV_SYN       SYN_REPORT           00000000
[ 1507484.436187] EV_SYN       SYN_REPORT           00000000
[ 1507484.444362] EV_SYN       SYN_REPORT           00000000
[ 1507484.452960] EV_SYN       SYN_REPORT           00000000
[ 1507484.461324] EV_SYN       SYN_REPORT           00000000
[ 1507484.469578] EV_SYN       SYN_REPORT           00000000
[ 1507484.477720] EV_SYN       SYN_REPORT           00000000
[ 1507484.486223] EV_SYN       SYN_REPORT           00000000
[ 1507484.494520] EV_SYN       SYN_REPORT           00000000
[ 1507484.502902] EV_SYN       SYN_REPORT           00000000
[ 1507484.511212] EV_SYN       SYN_REPORT           00000000
[ 1507484.519542] EV_SYN       SYN_REPORT           00000000
[ 1507484.527865] EV_SYN       SYN_REPORT           00000000
[ 1507484.536393] EV_SYN       SYN_REPORT           00000000
[ 1507484.544732] EV_ABS       ABS_MT_TRACKING_ID   ffffffff
[ 1507484.544732] EV_KEY       BTN_TOUCH            UP
[ 1507484.544732] EV_KEY       BTN_TOOL_FINGER      UP
[ 1507484.544732] EV_SYN       SYN_REPORT           00000000
[ 1507484.967842] EV_ABS       ABS_MT_TRACKING_ID   00004a7e
[ 1507484.967842] EV_KEY       BTN_TOUCH            DOWN
[ 1507484.967842] EV_KEY       BTN_TOOL_FINGER      DOWN
[ 1507484.967842] EV_SYN       SYN_REPORT           00000000
[ 1507484.973149] EV_SYN       SYN_REPORT           00000000
[ 1507484.979761] EV_SYN       SYN_REPORT           00000000
[ 1507484.986464] EV_SYN       SYN_REPORT           00000000
[ 1507484.994831] EV_SYN       SYN_REPORT           00000000
[ 1507485.003253] EV_SYN       SYN_REPORT           00000000
[ 1507485.011327] EV_SYN       SYN_REPORT           00000000
[ 1507485.019760] EV_SYN       SYN_REPORT           00000000
[ 1507485.028594] EV_SYN       SYN_REPORT           00000000
[ 1507485.036694] EV_SYN       SYN_REPORT           00000000
[ 1507485.045295] EV_SYN       SYN_REPORT           00000000
[ 1507485.053287] EV_SYN       SYN_REPORT           00000000
[ 1507485.062645] EV_SYN       SYN_REPORT           00000000
[ 1507485.069938] EV_SYN       SYN_REPORT           00000000
[ 1507485.078000] EV_SYN       SYN_REPORT           00000000
[ 1507485.087908] EV_SYN       SYN_REPORT           00000000
[ 1507485.094914] EV_SYN       SYN_REPORT           00000000
[ 1507485.103213] EV_SYN       SYN_REPORT           00000000
[ 1507485.111395] EV_SYN       SYN_REPORT           00000000
[ 1507485.119938] EV_SYN       SYN_REPORT           00000000
[ 1507485.128347] EV_SYN       SYN_REPORT           00000000
[ 1507485.136831] EV_SYN       SYN_REPORT           00000000
[ 1507485.145348] EV_SYN       SYN_REPORT           00000000
[ 1507485.153297] EV_SYN       SYN_REPORT           00000000
[ 1507485.161726] EV_SYN       SYN_REPORT           00000000
[ 1507485.170656] EV_SYN       SYN_REPORT           00000000
[ 1507485.178195] EV_SYN       SYN_REPORT           00000000
[ 1507485.187123] EV_SYN       SYN_REPORT           00000000
[ 1507485.194896] EV_SYN       SYN_REPORT           00000000
[ 1507485.203305] EV_SYN       SYN_REPORT           00000000
[ 1507485.211565] EV_SYN       SYN_REPORT           00000000
[ 1507485.219879] EV_SYN       SYN_REPORT           00000000
[ 1507485.228256] EV_SYN       SYN_REPORT           00000000
[ 1507485.236687] EV_SYN       SYN_REPORT           00000000
[ 1507485.246549] EV_SYN       SYN_REPORT           00000000
[ 1507485.253227] EV_SYN       SYN_REPORT           00000000
[ 1507485.261762] EV_SYN       SYN_REPORT           00000000
[ 1507485.270155] EV_ABS       ABS_MT_TRACKING_ID   ffffffff
[ 1507485.270155] EV_KEY       BTN_TOUCH            UP
[ 1507485.270155] EV_KEY       BTN_TOOL_FINGER      UP
[ 1507485.270155] EV_SYN       SYN_REPORT           00000000
[ 1507485.751745] EV_ABS       ABS_MT_TRACKING_ID   00004a7f
[ 1507485.751745] EV_KEY       BTN_TOUCH            DOWN
[ 1507485.751745] EV_KEY       BTN_TOOL_FINGER      DOWN
[ 1507485.751745] EV_SYN       SYN_REPORT           00000000
[ 1507485.757343] EV_SYN       SYN_REPORT           00000000
[ 1507485.764384] EV_SYN       SYN_REPORT           00000000
[ 1507485.774015] EV_SYN       SYN_REPORT           00000000
[ 1507485.778691] EV_SYN       SYN_REPORT           00000000
[ 1507485.786889] EV_SYN       SYN_REPORT           00000000
[ 1507485.795180] EV_SYN       SYN_REPORT           00000000
[ 1507485.803610] EV_SYN       SYN_REPORT           00000000
[ 1507485.811799] EV_SYN       SYN_REPORT           00000000
[ 1507485.820322] EV_SYN       SYN_REPORT           00000000
[ 1507485.828613] EV_SYN       SYN_REPORT           00000000
[ 1507485.837418] EV_SYN       SYN_REPORT           00000000
[ 1507485.845101] EV_SYN       SYN_REPORT           00000000
[ 1507485.853619] EV_SYN       SYN_REPORT           00000000
[ 1507485.861914] EV_SYN       SYN_REPORT           00000000
[ 1507485.870269] EV_SYN       SYN_REPORT           00000000
[ 1507485.878464] EV_SYN       SYN_REPORT           00000000
[ 1507485.887055] EV_SYN       SYN_REPORT           00000000
[ 1507485.895363] EV_SYN       SYN_REPORT           00000000
[ 1507485.903823] EV_SYN       SYN_REPORT           00000000
[ 1507485.911943] EV_SYN       SYN_REPORT           00000000
[ 1507485.920248] EV_SYN       SYN_REPORT           00000000
[ 1507485.928651] EV_SYN       SYN_REPORT           00000000
[ 1507485.937814] EV_SYN       SYN_REPORT           00000000
[ 1507485.945288] EV_SYN       SYN_REPORT           00000000
[ 1507485.953573] EV_SYN       SYN_REPORT           00000000
[ 1507485.961941] EV_SYN       SYN_REPORT           00000000
[ 1507485.970474] EV_SYN       SYN_REPORT           00000000
[ 1507485.978699] EV_SYN       SYN_REPORT           00000000
[ 1507485.987058] EV_SYN       SYN_REPORT           00000000
[ 1507485.995435] EV_SYN       SYN_REPORT           00000000
[ 1507486.003736] EV_SYN       SYN_REPORT           00000000
[ 1507486.011871] EV_SYN       SYN_REPORT           00000000
[ 1507486.020379] EV_SYN       SYN_REPORT           00000000
[ 1507486.028766] EV_SYN       SYN_REPORT           00000000
[ 1507486.037652] EV_SYN       SYN_REPORT           00000000
[ 1507486.045258] EV_SYN       SYN_REPORT           00000000
[ 1507486.054622] EV_SYN       SYN_REPORT           00000000
[ 1507486.062386] EV_ABS       ABS_MT_TRACKING_ID   ffffffff
[ 1507486.062386] EV_KEY       BTN_TOUCH            UP
[ 1507486.062386] EV_KEY       BTN_TOOL_FINGER      UP
[ 1507486.062386] EV_SYN       SYN_REPORT           00000000
[ 1507486.517957] EV_ABS       ABS_MT_TRACKING_ID   00004a80
[ 1507486.517957] EV_KEY       BTN_TOUCH            DOWN
[ 1507486.517957] EV_KEY       BTN_TOOL_FINGER      DOWN
[ 1507486.517957] EV_SYN       SYN_REPORT           00000000
[ 1507486.523830] EV_SYN       SYN_REPORT           00000000
[ 1507486.531094] EV_SYN       SYN_REPORT           00000000
[ 1507486.539183] EV_SYN       SYN_REPORT           00000000
[ 1507486.545773] EV_SYN       SYN_REPORT           00000000
[ 1507486.553987] EV_SYN       SYN_REPORT           00000000
[ 1507486.562343] EV_SYN       SYN_REPORT           00000000
[ 1507486.570641] EV_SYN       SYN_REPORT           00000000
[ 1507486.579853] EV_SYN       SYN_REPORT           00000000
[ 1507486.587331] EV_SYN       SYN_REPORT           00000000
[ 1507486.595619] EV_SYN       SYN_REPORT           00000000
[ 1507486.604447] EV_SYN       SYN_REPORT           00000000
[ 1507486.612509] EV_SYN       SYN_REPORT           00000000
[ 1507486.620593] EV_SYN       SYN_REPORT           00000000
[ 1507486.628973] EV_SYN       SYN_REPORT           00000000
[ 1507486.637487] EV_SYN       SYN_REPORT           00000000
[ 1507486.645770] EV_SYN       SYN_REPORT           00000000
[ 1507486.653992] EV_SYN       SYN_REPORT           00000000
[ 1507486.662553] EV_SYN       SYN_REPORT           00000000
[ 1507486.670824] EV_SYN       SYN_REPORT           00000000
[ 1507486.679109] EV_SYN       SYN_REPORT           00000000
[ 1507486.687366] EV_SYN       SYN_REPORT           00000000
[ 1507486.695724] EV_SYN       SYN_REPORT           00000000
[ 1507486.704170] EV_SYN       SYN_REPORT           00000000
[ 1507486.712638] EV_SYN       SYN_REPORT           00000000
[ 1507486.720611] EV_SYN       SYN_REPORT           00000000
[ 1507486.730750] EV_SYN       SYN_REPORT           00000000
[ 1507486.737607] EV_SYN       SYN_REPORT           00000000
[ 1507486.745802] EV_SYN       SYN_REPORT           00000000
[ 1507486.753961] EV_SYN       SYN_REPORT           00000000
[ 1507486.762488] EV_SYN       SYN_REPORT           00000000
[ 1507486.770823] EV_SYN       SYN_REPORT           00000000
[ 1507486.779233] EV_SYN       SYN_REPORT           00000000
[ 1507486.787333] EV_SYN       SYN_REPORT           00000000
[ 1507486.795825] EV_SYN       SYN_REPORT           00000000
[ 1507486.804169] EV_SYN       SYN_REPORT           00000000
[ 1507486.812549] EV_SYN       SYN_REPORT           00000000
[ 1507486.820836] EV_ABS       ABS_MT_TRACKING_ID   ffffffff
[ 1507486.820836] EV_KEY       BTN_TOUCH            UP
[ 1507486.820836] EV_KEY       BTN_TOOL_FINGER      UP
[ 1507486.820836] EV_SYN       SYN_REPORT           00000000
[ 1507487.175700] EV_ABS       ABS_MT_TRACKING_ID   00004a81
[ 1507487.175700] EV_KEY       BTN_TOUCH            DOWN
[ 1507487.175700] EV_KEY       BTN_TOOL_FINGER      DOWN
[ 1507487.175700] EV_SYN       SYN_REPORT           00000000
[ 1507487.181345] EV_SYN       SYN_REPORT           00000000
[ 1507487.187775] EV_SYN       SYN_REPORT           00000000
[ 1507487.197653] EV_SYN       SYN_REPORT           00000000
[ 1507487.204963] EV_SYN       SYN_REPORT           00000000
[ 1507487.212717] EV_SYN       SYN_REPORT           00000000
[ 1507487.221652] EV_SYN       SYN_REPORT           00000000
[ 1507487.229502] EV_SYN       SYN_REPORT           00000000
[ 1507487.237987] EV_SYN       SYN_REPORT           00000000
[ 1507487.246037] EV_SYN       SYN_REPORT           00000000
[ 1507487.254453] EV_SYN       SYN_REPORT           00000000
[ 1507487.263420] EV_SYN       SYN_REPORT           00000000
[ 1507487.271144] EV_SYN       SYN_REPORT           00000000
[ 1507487.279374] EV_SYN       SYN_REPORT           00000000
[ 1507487.287848] EV_SYN       SYN_REPORT           00000000
[ 1507487.296136] EV_SYN       SYN_REPORT           00000000
[ 1507487.304495] EV_SYN       SYN_REPORT           00000000
[ 1507487.312707] EV_SYN       SYN_REPORT           00000000
[ 1507487.321684] EV_SYN       SYN_REPORT           00000000
[ 1507487.329460] EV_SYN       SYN_REPORT           00000000
[ 1507487.337842] EV_SYN       SYN_REPORT           00000000
[ 1507487.346149] EV_SYN       SYN_REPORT           00000000
[ 1507487.354497] EV_SYN       SYN_REPORT           00000000
[ 1507487.362757] EV_SYN       SYN_REPORT           00000000
[ 1507487.371180] EV_SYN       SYN_REPORT           00000000
[ 1507487.379477] EV_SYN       SYN_REPORT           00000000
[ 1507487.387763] EV_SYN       SYN_REPORT           00000000
[ 1507487.396202] EV_SYN       SYN_REPORT           00000000
[ 1507487.404620] EV_SYN       SYN_REPORT           00000000
[ 1507487.412750] EV_SYN       SYN_REPORT           00000000
[ 1507487.421184] EV_SYN       SYN_REPORT           00000000
[ 1507487.429517] EV_SYN       SYN_REPORT           00000000
[ 1507487.437936] EV_SYN       SYN_REPORT           00000000
[ 1507487.446140] EV_SYN       SYN_REPORT           00000000
[ 1507487.454651] EV_SYN       SYN_REPORT           00000000
[ 1507487.462968] EV_SYN       SYN_REPORT           00000000
[ 1507487.471412] EV_SYN       SYN_REPORT           00000000
[ 1507487.479445] EV_SYN       SYN_REPORT           00000000
[ 1507487.488315] EV_SYN       SYN_REPORT           00000000
[ 1507487.496395] EV_SYN       SYN_REPORT           00000000
[ 1507487.504656] EV_SYN       SYN_REPORT           00000000
[ 1507487.512716] EV_SYN       SYN_REPORT           00000000
[ 1507487.521174] EV_SYN       SYN_REPORT           00000000
[ 1507487.529700] EV_SYN       SYN_REPORT           00000000
[ 1507487.538678] EV_SYN       SYN_REPORT           00000000
[ 1507487.547414] EV_SYN       SYN_REPORT           00000000
[ 1507487.554712] EV_SYN       SYN_REPORT           00000000
[ 1507487.563332] EV_SYN       SYN_REPORT           00000000
[ 1507487.571383] EV_SYN       SYN_REPORT           00000000
[ 1507487.579625] EV_SYN       SYN_REPORT           00000000
[ 1507487.588120] EV_SYN       SYN_REPORT           00000000
[ 1507487.596927] EV_SYN       SYN_REPORT           00000000
[ 1507487.604722] EV_SYN       SYN_REPORT           00000000
[ 1507487.612843] EV_SYN       SYN_REPORT           00000000
[ 1507487.621883] EV_SYN       SYN_REPORT           00000000
[ 1507487.629736] EV_SYN       SYN_REPORT           00000000
[ 1507487.637972] EV_SYN       SYN_REPORT           00000000
[ 1507487.646391] EV_ABS       ABS_MT_TRACKING_ID   ffffffff
[ 1507487.646391] EV_KEY       BTN_TOUCH            UP
[ 1507487.646391] EV_KEY       BTN_TOOL_FINGER      UP
[ 1507487.646391] EV_SYN       SYN_REPORT           00000000
[ 1507488.010026] EV_ABS       ABS_MT_TRACKING_ID   00004a82
[ 1507488.010026] EV_KEY       BTN_TOUCH            DOWN
[ 1507488.010026] EV_KEY       BTN_TOOL_FINGER      DOWN
[ 1507488.010026] EV_SYN       SYN_REPORT           00000000
[ 1507488.015248] EV_SYN       SYN_REPORT           00000000
[ 1507488.022019] EV_SYN       SYN_REPORT           00000000
[ 1507488.031314] EV_SYN       SYN_REPORT           00000000
[ 1507488.038237] EV_SYN       SYN_REPORT           00000000
[ 1507488.046547] EV_SYN       SYN_REPORT           00000000
[ 1507488.054851] EV_SYN       SYN_REPORT           00000000
[ 1507488.063314] EV_SYN       SYN_REPORT           00000000
[ 1507488.071667] EV_SYN       SYN_REPORT           00000000
[ 1507488.079938] EV_SYN       SYN_REPORT           00000000
[ 1507488.088360] EV_SYN       SYN_REPORT           00000000
[ 1507488.096561] EV_SYN       SYN_REPORT           00000000
[ 1507488.105122] EV_SYN       SYN_REPORT           00000000
[ 1507488.113137] EV_SYN       SYN_REPORT           00000000
[ 1507488.123191] EV_SYN       SYN_REPORT           00000000
[ 1507488.130397] EV_SYN       SYN_REPORT           00000000
[ 1507488.138350] EV_SYN       SYN_REPORT           00000000
[ 1507488.146474] EV_SYN       SYN_REPORT           00000000
[ 1507488.155022] EV_SYN       SYN_REPORT           00000000
[ 1507488.163320] EV_SYN       SYN_REPORT           00000000
[ 1507488.171738] EV_SYN       SYN_REPORT           00000000
[ 1507488.179800] EV_SYN       SYN_REPORT           00000000
[ 1507488.188363] EV_SYN       SYN_REPORT           00000000
[ 1507488.196638] EV_SYN       SYN_REPORT           00000000
[ 1507488.205616] EV_SYN       SYN_REPORT           00000000
[ 1507488.214317] EV_SYN       SYN_REPORT           00000000
[ 1507488.221850] EV_SYN       SYN_REPORT           00000000
[ 1507488.231758] EV_SYN       SYN_REPORT           00000000
[ 1507488.238365] EV_SYN       SYN_REPORT           00000000
[ 1507488.247213] EV_SYN       SYN_REPORT           00000000
[ 1507488.254964] EV_SYN       SYN_REPORT           00000000
[ 1507488.263349] EV_SYN       SYN_REPORT           00000000
[ 1507488.271835] EV_SYN       SYN_REPORT           00000000
[ 1507488.280174] EV_SYN       SYN_REPORT           00000000
[ 1507488.288265] EV_SYN       SYN_REPORT           00000000
[ 1507488.296721] EV_SYN       SYN_REPORT           00000000
[ 1507488.305587] EV_SYN       SYN_REPORT           00000000
[ 1507488.313496] EV_SYN       SYN_REPORT           00000000
[ 1507488.322426] EV_SYN       SYN_REPORT           00000000
[ 1507488.330174] EV_SYN       SYN_REPORT           00000000
[ 1507488.338492] EV_SYN       SYN_REPORT           00000000
[ 1507488.347181] EV_SYN       SYN_REPORT           00000000
[ 1507488.355216] EV_SYN       SYN_REPORT           00000000
[ 1507488.363914] EV_SYN       SYN_REPORT           00000000
[ 1507488.371990] EV_SYN       SYN_REPORT           00000000
[ 1507488.380106] EV_SYN       SYN_REPORT           00000000
[ 1507488.388389] EV_SYN       SYN_REPORT           00000000
[ 1507488.396773] EV_SYN       SYN_REPORT           00000000
[ 1507488.405879] EV_SYN       SYN_REPORT           00000000
[ 1507488.414178] EV_SYN       SYN_REPORT           00000000
[ 1507488.421759] EV_SYN       SYN_REPORT           00000000
[ 1507488.430463] EV_ABS       ABS_MT_TRACKING_ID   ffffffff
[ 1507488.430463] EV_KEY       BTN_TOUCH            UP
[ 1507488.430463] EV_KEY       BTN_TOOL_FINGER      UP
[ 1507488.430463] EV_SYN       SYN_REPORT           00000000
[ 1507488.828406] EV_ABS       ABS_MT_TRACKING_ID   00004a83
[ 1507488.828406] EV_KEY       BTN_TOUCH            DOWN
[ 1507488.828406] EV_KEY       BTN_TOOL_FINGER      DOWN
[ 1507488.828406] EV_SYN       SYN_REPORT           00000000
[ 1507488.833898] EV_SYN       SYN_REPORT           00000000
[ 1507488.840205] EV_SYN       SYN_REPORT           00000000
[ 1507488.847687] EV_SYN       SYN_REPORT           00000000
[ 1507488.855285] EV_SYN       SYN_REPORT           00000000
[ 1507488.863759] EV_SYN       SYN_REPORT           00000000
[ 1507488.872145] EV_SYN       SYN_REPORT           00000000
[ 1507488.880418] EV_SYN       SYN_REPORT           00000000
[ 1507488.888555] EV_SYN       SYN_REPORT           00000000
[ 1507488.897362] EV_SYN       SYN_REPORT           00000000
[ 1507488.905514] EV_SYN       SYN_REPORT           00000000
[ 1507488.913933] EV_SYN       SYN_REPORT           00000000
[ 1507488.921789] EV_SYN       SYN_REPORT           00000000
[ 1507488.930267] EV_SYN       SYN_REPORT           00000000
[ 1507488.938818] EV_SYN       SYN_REPORT           00000000
[ 1507488.947197] EV_SYN       SYN_REPORT           00000000
[ 1507488.955284] EV_SYN       SYN_REPORT           00000000
[ 1507488.963633] EV_SYN       SYN_REPORT           00000000
[ 1507488.972101] EV_SYN       SYN_REPORT           00000000
[ 1507488.980585] EV_SYN       SYN_REPORT           00000000
[ 1507488.988751] EV_SYN       SYN_REPORT           00000000
[ 1507488.997554] EV_SYN       SYN_REPORT           00000000
[ 1507489.006302] EV_SYN       SYN_REPORT           00000000
[ 1507489.014133] EV_SYN       SYN_REPORT           00000000
[ 1507489.022866] EV_SYN       SYN_REPORT           00000000
[ 1507489.030394] EV_SYN       SYN_REPORT           00000000
[ 1507489.038740] EV_SYN       SYN_REPORT           00000000
[ 1507489.047250] EV_SYN       SYN_REPORT           00000000
[ 1507489.055381] EV_SYN       SYN_REPORT           00000000
[ 1507489.063727] EV_SYN       SYN_REPORT           00000000
[ 1507489.072150] EV_SYN       SYN_REPORT           00000000
[ 1507489.080493] EV_SYN       SYN_REPORT           00000000
[ 1507489.088761] EV_SYN       SYN_REPORT           00000000
[ 1507489.097087] EV_SYN       SYN_REPORT           00000000
[ 1507489.106102] EV_SYN       SYN_REPORT           00000000
[ 1507489.113804] EV_SYN       SYN_REPORT           00000000
[ 1507489.122192] EV_SYN       SYN_REPORT           00000000
[ 1507489.130273] EV_SYN       SYN_REPORT           00000000
[ 1507489.139088] EV_SYN       SYN_REPORT           00000000
[ 1507489.147218] EV_SYN       SYN_REPORT           00000000
[ 1507489.155236] EV_SYN       SYN_REPORT           00000000
[ 1507489.163737] EV_SYN       SYN_REPORT           00000000
[ 1507489.172140] EV_SYN       SYN_REPORT           00000000
[ 1507489.180647] EV_SYN       SYN_REPORT           00000000
[ 1507489.188627] EV_SYN       SYN_REPORT           00000000
[ 1507489.197045] EV_SYN       SYN_REPORT           00000000
[ 1507489.205514] EV_SYN       SYN_REPORT           00000000
[ 1507489.214821] EV_SYN       SYN_REPORT           00000000
[ 1507489.222143] EV_SYN       SYN_REPORT           00000000
[ 1507489.230612] EV_ABS       ABS_MT_TRACKING_ID   ffffffff
[ 1507489.230612] EV_KEY       BTN_TOUCH            UP
[ 1507489.230612] EV_KEY       BTN_TOOL_FINGER      UP
[ 1507489.230612] EV_SYN       SYN_REPORT           00000000
[ 1507489.611824] EV_ABS       ABS_MT_TRACKING_ID   00004a84
[ 1507489.611824] EV_KEY       BTN_TOUCH            DOWN
[ 1507489.611824] EV_KEY       BTN_TOOL_FINGER      DOWN
[ 1507489.611824] EV_SYN       SYN_REPORT           00000000
[ 1507489.617467] EV_SYN       SYN_REPORT           00000000
[ 1507489.623552] EV_SYN       SYN_REPORT           00000000
[ 1507489.630913] EV_SYN       SYN_REPORT           00000000
[ 1507489.639187] EV_SYN       SYN_REPORT           00000000
[ 1507489.648200] EV_SYN       SYN_REPORT           00000000
[ 1507489.655655] EV_SYN       SYN_REPORT           00000000
[ 1507489.664158] EV_SYN       SYN_REPORT           00000000
[ 1507489.672622] EV_SYN       SYN_REPORT           00000000
[ 1507489.680801] EV_SYN       SYN_REPORT           00000000
[ 1507489.689441] EV_SYN       SYN_REPORT           00000000
[ 1507489.697428] EV_SYN       SYN_REPORT           00000000
[ 1507489.705812] EV_SYN       SYN_REPORT           00000000
[ 1507489.714101] EV_SYN       SYN_REPORT           00000000
[ 1507489.722418] EV_SYN       SYN_REPORT           00000000
[ 1507489.730785] EV_SYN       SYN_REPORT           00000000
[ 1507489.739214] EV_SYN       SYN_REPORT           00000000
[ 1507489.747358] EV_SYN       SYN_REPORT           00000000
[ 1507489.755713] EV_SYN       SYN_REPORT           00000000
[ 1507489.764142] EV_SYN       SYN_REPORT           00000000
[ 1507489.773066] EV_SYN       SYN_REPORT           00000000
[ 1507489.780790] EV_SYN       SYN_REPORT           00000000
[ 1507489.789146] EV_SYN       SYN_REPORT           00000000
[ 1507489.797611] EV_SYN       SYN_REPORT           00000000
[ 1507489.806003] EV_SYN       SYN_REPORT           00000000
[ 1507489.814016] EV_SYN       SYN_REPORT           00000000
[ 1507489.822385] EV_SYN       SYN_REPORT           00000000
[ 1507489.830962] EV_SYN       SYN_REPORT           00000000
[ 1507489.840063] EV_SYN       SYN_REPORT           00000000
[ 1507489.847349] EV_SYN       SYN_REPORT           00000000
[ 1507489.855801] EV_SYN       SYN_REPORT           00000000
[ 1507489.864311] EV_SYN       SYN_REPORT           00000000
[ 1507489.872715] EV_SYN       SYN_REPORT           00000000
[ 1507489.880683] EV_SYN       SYN_REPORT           00000000
[ 1507489.889094] EV_SYN       SYN_REPORT           00000000
[ 1507489.897648] EV_SYN       SYN_REPORT           00000000
[ 1507489.905996] EV_SYN       SYN_REPORT           00000000
[ 1507489.913928] EV_SYN       SYN_REPORT           00000000
[ 1507489.923072] EV_SYN       SYN_REPORT           00000000
[ 1507489.930972] EV_SYN       SYN_REPORT           00000000
[ 1507489.939289] EV_SYN       SYN_REPORT           00000000
[ 1507489.947441] EV_SYN       SYN_REPORT           00000000
[ 1507489.955929] EV_SYN       SYN_REPORT           00000000
[ 1507489.964954] EV_ABS       ABS_MT_TRACKING_ID   ffffffff
[ 1507489.964954] EV_KEY       BTN_TOUCH            UP
[ 1507489.964954] EV_KEY       BTN_TOOL_FINGER      UP
[ 1507489.964954] EV_SYN       SYN_REPORT           00000000
[ 1507490.439137] EV_ABS       ABS_MT_TRACKING_ID   00004a85
[ 1507490.439137] EV_KEY       BTN_TOUCH            DOWN
[ 1507490.439137] EV_KEY       BTN_TOOL_FINGER      DOWN
[ 1507490.439137] EV_SYN       SYN_REPORT           00000000
[ 1507490.443561] EV_SYN       SYN_REPORT           00000000
[ 1507490.450273] EV_SYN       SYN_REPORT           00000000
[ 1507490.458843] EV_SYN       SYN_REPORT           00000000
[ 1507490.465014] EV_SYN       SYN_REPORT           00000000
[ 1507490.473844] EV_ABS       ABS_MT_SLOT          00000001
[ 1507490.473844] EV_ABS       ABS_MT_TRACKING_ID   00004a86
[ 1507490.473844] EV_SYN       SYN_REPORT           00000000
[ 1507490.481676] EV_ABS       ABS_MT_SLOT          00000000
[ 1507490.481676] EV_ABS       ABS_MT_SLOT          00000001
[ 1507490.481676] EV_ABS       ABS_MT_TRACKING_ID   ffffffff
[ 1507490.481676] EV_SYN       SYN_REPORT           00000000
[ 1507490.489595] EV_ABS       ABS_MT_SLOT          00000000
[ 1507490.489595] EV_SYN       SYN_REPORT           00000000
[ 1507490.498446] EV_SYN       SYN_REPORT           00000000
[ 1507490.505807] EV_SYN       SYN_REPORT           00000000
[ 1507490.514260] EV_SYN       SYN_REPORT           00000000
[ 1507490.522673] EV_SYN       SYN_REPORT           00000000
[ 1507490.531022] EV_SYN       SYN_REPORT           00000000
[ 1507490.539186] EV_SYN       SYN_REPORT           00000000
[ 1507490.547527] EV_SYN       SYN_REPORT           00000000
[ 1507490.556081] EV_SYN       SYN_REPORT           00000000
[ 1507490.564395] EV_SYN       SYN_REPORT           00000000
[ 1507490.573047] EV_SYN       SYN_REPORT           00000000
[ 1507490.581053] EV_SYN       SYN_REPORT           00000000
[ 1507490.589733] EV_SYN       SYN_REPORT           00000000
[ 1507490.597925] EV_SYN       SYN_REPORT           00000000
[ 1507490.605943] EV_SYN       SYN_REPORT           00000000
[ 1507490.614274] EV_SYN       SYN_REPORT           00000000
[ 1507490.622799] EV_SYN       SYN_REPORT           00000000
[ 1507490.631215] EV_SYN       SYN_REPORT           00000000
[ 1507490.639433] EV_SYN       SYN_REPORT           00000000
[ 1507490.648074] EV_SYN       SYN_REPORT           00000000
[ 1507490.656386] EV_SYN       SYN_REPORT           00000000
[ 1507490.665557] EV_SYN       SYN_REPORT           00000000
[ 1507490.672924] EV_SYN       SYN_REPORT           00000000
[ 1507490.682063] EV_SYN       SYN_REPORT           00000000
[ 1507490.689634] EV_SYN       SYN_REPORT           00000000
[ 1507490.698264] EV_SYN       SYN_REPORT           00000000
[ 1507490.706141] EV_SYN       SYN_REPORT           00000000
[ 1507490.714529] EV_SYN       SYN_REPORT           00000000
[ 1507490.723027] EV_SYN       SYN_REPORT           00000000
[ 1507490.731521] EV_SYN       SYN_REPORT           00000000
[ 1507490.739561] EV_SYN       SYN_REPORT           00000000
[ 1507490.748139] EV_SYN       SYN_REPORT           00000000
[ 1507490.756479] EV_SYN       SYN_REPORT           00000000
[ 1507490.765001] EV_SYN       SYN_REPORT           00000000
[ 1507490.772907] EV_SYN       SYN_REPORT           00000000
[ 1507490.782347] EV_SYN       SYN_REPORT           00000000
[ 1507490.790140] EV_ABS       ABS_MT_TRACKING_ID   ffffffff
[ 1507490.790140] EV_KEY       BTN_TOUCH            UP
[ 1507490.790140] EV_KEY       BTN_TOOL_FINGER      UP
[ 1507490.790140] EV_SYN       SYN_REPORT           00000000
[ 1507491.390045] EV_ABS       ABS_MT_TRACKING_ID   00004a87
[ 1507491.390045] EV_KEY       BTN_TOUCH            DOWN
[ 1507491.390045] EV_KEY       BTN_TOOL_FINGER      DOWN
[ 1507491.390045] EV_SYN       SYN_REPORT           00000000
[ 1507491.395901] EV_SYN       SYN_REPORT           00000000
[ 1507491.402494] EV_SYN       SYN_REPORT           00000000
[ 1507491.410180] EV_SYN       SYN_REPORT           00000000
[ 1507491.417545] EV_SYN       SYN_REPORT           00000000
[ 1507491.424957] EV_SYN       SYN_REPORT           00000000
[ 1507491.431825] EV_SYN       SYN_REPORT           00000000
[ 1507491.439939] EV_SYN       SYN_REPORT           00000000
[ 1507491.448941] EV_SYN       SYN_REPORT           00000000
[ 1507491.456963] EV_SYN       SYN_REPORT           00000000
[ 1507491.465841] EV_SYN       SYN_REPORT           00000000
[ 1507491.473823] EV_SYN       SYN_REPORT           00000000
[ 1507491.482337] EV_SYN       SYN_REPORT           00000000
[ 1507491.490123] EV_SYN       SYN_REPORT           00000000
[ 1507491.498655] EV_SYN       SYN_REPORT           00000000
[ 1507491.506667] EV_SYN       SYN_REPORT           00000000
[ 1507491.515824] EV_SYN       SYN_REPORT           00000000
[ 1507491.523617] EV_SYN       SYN_REPORT           00000000
[ 1507491.532196] EV_SYN       SYN_REPORT           00000000
[ 1507491.540085] EV_SYN       SYN_REPORT           00000000
[ 1507491.548393] EV_SYN       SYN_REPORT           00000000
[ 1507491.556920] EV_SYN       SYN_REPORT           00000000
[ 1507491.566450] EV_SYN       SYN_REPORT           00000000
[ 1507491.573384] EV_SYN       SYN_REPORT           00000000
[ 1507491.581801] EV_SYN       SYN_REPORT           00000000
[ 1507491.592313] EV_SYN       SYN_REPORT           00000000
[ 1507491.599077] EV_SYN       SYN_REPORT           00000000
[ 1507491.606754] EV_SYN       SYN_REPORT           00000000
[ 1507491.615286] EV_SYN       SYN_REPORT           00000000
[ 1507491.623902] EV_SYN       SYN_REPORT           00000000
[ 1507491.632092] EV_SYN       SYN_REPORT           00000000
[ 1507491.640188] EV_SYN       SYN_REPORT           00000000
[ 1507491.648469] EV_SYN       SYN_REPORT           00000000
[ 1507491.656901] EV_SYN       SYN_REPORT           00000000
[ 1507491.665695] EV_SYN       SYN_REPORT           00000000
[ 1507491.673842] EV_ABS       ABS_MT_TRACKING_ID   ffffffff
[ 1507491.673842] EV_KEY       BTN_TOUCH            UP
[ 1507491.673842] EV_KEY       BTN_TOOL_FINGER      UP
[ 1507491.673842] EV_SYN       SYN_REPORT           00000000
[ 1507492.288520] EV_ABS       ABS_MT_TRACKING_ID   00004a88
[ 1507492.288520] EV_KEY       BTN_TOUCH            DOWN
[ 1507492.288520] EV_KEY       BTN_TOOL_FINGER      DOWN
[ 1507492.288520] EV_SYN       SYN_REPORT           00000000
[ 1507492.295466] EV_SYN       SYN_REPORT           00000000
[ 1507492.302954] EV_SYN       SYN_REPORT           00000000
[ 1507492.310519] EV_SYN       SYN_REPORT           00000000
[ 1507492.317695] EV_SYN       SYN_REPORT           00000000
[ 1507492.325452] EV_SYN       SYN_REPORT           00000000
[ 1507492.332105] EV_SYN       SYN_REPORT           00000000
[ 1507492.340722] EV_SYN       SYN_REPORT           00000000
[ 1507492.349122] EV_SYN       SYN_REPORT           00000000
[ 1507492.357098] EV_SYN       SYN_REPORT           00000000
[ 1507492.365394] EV_SYN       SYN_REPORT           00000000
[ 1507492.374060] EV_SYN       SYN_REPORT           00000000
[ 1507492.382303] EV_SYN       SYN_REPORT           00000000
[ 1507492.390612] EV_SYN       SYN_REPORT           00000000
[ 1507492.399066] EV_SYN       SYN_REPORT           00000000
[ 1507492.407216] EV_SYN       SYN_REPORT           00000000
[ 1507492.415797] EV_SYN       SYN_REPORT           00000000
[ 1507492.423835] EV_SYN       SYN_REPORT           00000000
[ 1507492.432363] EV_SYN       SYN_REPORT           00000000
[ 1507492.441132] EV_SYN       SYN_REPORT           00000000
[ 1507492.448865] EV_SYN       SYN_REPORT           00000000
[ 1507492.456993] EV_SYN       SYN_REPORT           00000000
[ 1507492.465623] EV_SYN       SYN_REPORT           00000000
[ 1507492.473724] EV_SYN       SYN_REPORT           00000000
[ 1507492.482244] EV_ABS       ABS_MT_TRACKING_ID   ffffffff
[ 1507492.482244] EV_KEY       BTN_TOUCH            UP
[ 1507492.482244] EV_KEY       BTN_TOOL_FINGER      UP
[ 1507492.482244] EV_SYN       SYN_REPORT           00000000
[ 1507493.066604] EV_ABS       ABS_MT_TRACKING_ID   00004a89
[ 1507493.066604] EV_KEY       BTN_TOUCH            DOWN
[ 1507493.066604] EV_KEY       BTN_TOOL_FINGER      DOWN
[ 1507493.066604] EV_SYN       SYN_REPORT           00000000
[ 1507493.071076] EV_SYN       SYN_REPORT           00000000
[ 1507493.078263] EV_SYN       SYN_REPORT           00000000
[ 1507493.086148] EV_SYN       SYN_REPORT           00000000
[ 1507493.094506] EV_SYN       SYN_REPORT           00000000
[ 1507493.101339] EV_SYN       SYN_REPORT           00000000
[ 1507493.107437] EV_SYN       SYN_REPORT           00000000
[ 1507493.115876] EV_SYN       SYN_REPORT           00000000
[ 1507493.124521] EV_SYN       SYN_REPORT           00000000
[ 1507493.132848] EV_SYN       SYN_REPORT           00000000
[ 1507493.141169] EV_SYN       SYN_REPORT           00000000
[ 1507493.149251] EV_SYN       SYN_REPORT           00000000
[ 1507493.157649] EV_SYN       SYN_REPORT           00000000
[ 1507493.166206] EV_SYN       SYN_REPORT           00000000
[ 1507493.174337] EV_SYN       SYN_REPORT           00000000
[ 1507493.182630] EV_SYN       SYN_REPORT           00000000
[ 1507493.191008] EV_SYN       SYN_REPORT           00000000
[ 1507493.199661] EV_SYN       SYN_REPORT           00000000
[ 1507493.207580] EV_SYN       SYN_REPORT           00000000
[ 1507493.216299] EV_SYN       SYN_REPORT           00000000
[ 1507493.224400] EV_SYN       SYN_REPORT           00000000
[ 1507493.233215] EV_SYN       SYN_REPORT           00000000
[ 1507493.242478] EV_ABS       ABS_MT_TRACKING_ID   ffffffff
[ 1507493.242478] EV_KEY       BTN_TOUCH            UP
[ 1507493.242478] EV_KEY       BTN_TOOL_FINGER      UP
[ 1507493.242478] EV_SYN       SYN_REPORT           00000000
