10-09 22:10:07.460  6796  6796 I SpinonBootstrap: SPINON_C0410_SURFACE_CREATED generation=1
10-09 22:10:07.460  6796  6796 I SpinonBootstrap: SPINON_C0410_SURFACE_CHANGED generation=2 size=790x263
10-09 22:10:07.759  6796  6854 I SpinonBootstrap: SPINON_C0410_RENDERER=backend=Gl device=Android Emulator OpenGL ES Translator (ANGLE (Google, Vulkan 1.3.0 (SwiftShader Device (LLVM 10.0.0) (0x0000C0DE)), SwiftShader driver-5.0.0)) format=Rgba8Unorm size=790x263 selection=auto
10-09 22:10:07.927  6796  6854 I SpinonBootstrap: SPINON_C0410_DRAW status=0 presented boxes=3 environment_revision=0
10-09 22:10:07.927  6796  6854 I SpinonBootstrap: SPINON_C0410_DRAW status=0 presented boxes=3 environment_revision=0
10-09 22:10:10.193  6796  6854 I SpinonBootstrap: SPINON_C0410_RENDERER_DESTROY status=0 renderer destroyed
10-09 22:10:10.193  6796  6796 I SpinonBootstrap: SPINON_C0410_SURFACE_DESTROYED_DRAINED generation=3
10-09 22:10:10.220  6796  6796 I SpinonBootstrap: SPINON_C0410_DISPOSE_DRAINED generation=4
10-09 22:10:10.271  6796  6796 I SpinonBootstrap: SPINON_C0410_SURFACE_CREATED generation=1
10-09 22:10:10.271  6796  6796 I SpinonBootstrap: SPINON_C0410_SURFACE_CHANGED generation=2 size=790x263
10-09 22:10:10.368  6796  6873 I SpinonBootstrap: SPINON_C0410_RENDERER=backend=Gl device=Android Emulator OpenGL ES Translator (ANGLE (Google, Vulkan 1.3.0 (SwiftShader Device (LLVM 10.0.0) (0x0000C0DE)), SwiftShader driver-5.0.0)) format=Rgba8Unorm size=790x263 selection=auto
10-09 22:10:10.373  6796  6873 I SpinonBootstrap: SPINON_C0410_DRAW status=0 presented boxes=3 environment_revision=0
10-09 22:10:10.373  6796  6873 I SpinonBootstrap: SPINON_C0410_DRAW status=0 presented boxes=3 environment_revision=0
10-09 22:10:12.298  6796  6873 I SpinonBootstrap: SPINON_C0410_RENDERER_DESTROY status=0 renderer destroyed
10-09 22:10:12.298  6796  6796 I SpinonBootstrap: SPINON_C0410_SURFACE_DESTROYED_DRAINED generation=3
10-09 22:10:12.304  6796  6796 I SpinonBootstrap: SPINON_C0410_DISPOSE_DRAINED generation=4
10-09 22:10:12.395  6796  6796 I SpinonBootstrap: SPINON_C0410_SURFACE_CREATED generation=1
10-09 22:10:12.395  6796  6796 I SpinonBootstrap: SPINON_C0410_SURFACE_CHANGED generation=2 size=790x263
10-09 22:10:12.883  6796  6883 I SpinonBootstrap: SPINON_C0410_RENDERER=backend=Gl device=Android Emulator OpenGL ES Translator (ANGLE (Google, Vulkan 1.3.0 (SwiftShader Device (LLVM 10.0.0) (0x0000C0DE)), SwiftShader driver-5.0.0)) format=Rgba8Unorm size=790x263 selection=auto
10-09 22:10:12.893  6796  6883 I SpinonBootstrap: SPINON_C0410_DRAW status=0 presented boxes=3 environment_revision=0
10-09 22:10:12.893  6796  6883 I SpinonBootstrap: SPINON_C0410_DRAW status=0 presented boxes=3 environment_revision=0
