Timestamp               Ty Process[PID:TID]
2026-10-09 22:52:37.251 Df SpinonBootstrap[12831:61eab9f] (Foundation) SPINON_C0410_VIEWPORT_CHANGED css=301.0x100.0 scale=3.0 drawable=903x300
2026-10-09 22:52:37.251 Df SpinonBootstrap[12831:61eab9f] (Foundation) SPINON_C0410_SURFACE_CHANGED generation=1 size=903x300
2026-10-09 22:52:37.262 Df SpinonBootstrap[12831:61eaba9] SPINON_C0410_HOST=session=ready owner_tid=102673338 isolate_per_session=1 queue_capacity=64 queue_policy=strict-priority-fifo css_worker_per_session=1 css_worker_ready_us=910 session_startup_us=22439
2026-10-09 22:52:37.262 Df SpinonBootstrap[12831:61eaba9] (Foundation) SPINON_C0410_HOST_RETURNED handle=4387277440
2026-10-09 22:52:37.262 Df SpinonBootstrap[12831:61eaba9] (Foundation) SPINON_C0410_HOST_STORED continue=true
2026-10-09 22:52:37.262 Df SpinonBootstrap[12831:61eaba9] (Foundation) SPINON_C0410_ENVIRONMENT_REQUEST width=301.0 height=100.0
2026-10-09 22:52:37.262 Df SpinonBootstrap[12831:61eaba9] SPINON_C0410_ENVIRONMENT_FFI_BEGIN width=301.0 height=100.0
2026-10-09 22:52:37.262 Df SpinonBootstrap[12831:61eaba9] (Foundation) SPINON_C0410_ENVIRONMENT status=0 environment_revision=0 layout=empty boxes=0 generation=1 document_revision=0 render_tree_revision=0 style_revision=0 environment_revision=0
2026-10-09 22:52:37.272 Df SpinonBootstrap[12831:61eaba9] (Foundation) SPINON_C0410_EVAL status=0 seq=1 trace_cookie=1 op=eval status=0 caller_tid=102673321 owner_tid=102673338 callback_tid=0 submission_lock_wait_us=0 control_lock_wait_us=0 scheduler_lock_wait_us=0 queue_residence_us=19 v8_call_us=2732 cancel_requested=false callback_count=0 created_nodes=0 last_node_id=0 document_revision=12 render_tree_revision=4 document_nodes=4 document_string_units=514 document_collection_scans=1 document_collection_deferred=0 document_collection_scanned_handles=4 document_collection_live_handles=4 document_collection_empty_handles=0 document_collection_last_scan_start_ns=876101336368333 document_collection_last_scan_us=198 document_collection_wrapper_root_buffer_bytes=16 document_collection_reclaimed_node_buffer_bytes=16 document_collection_poisoned=0 document_collection_error=none error=none host_document_changed=true ua_snapshot_clone_us=1 ua_snapshot_submit_us=135 ua_snapshot_submitted=true enqueue_total_us=17 response_wait_us=2887 submit_total_us=2905 response_report_append_us<…>
2026-10-09 22:52:37.274 Df SpinonBootstrap[12831:61eaba9] SPINON_C0410_ENVIRONMENT_FFI_BEGIN width=301.0 height=100.0
2026-10-09 22:52:37.274 Df SpinonBootstrap[12831:61eaba9] (Foundation) SPINON_C0410_ENVIRONMENT viewport=301.0x100.0 scale=3.0 dark=true sequence=3 status=0 environment_revision=0 layout=ready boxes=3 generation=1 document_revision=12 render_tree_revision=4 style_revision=0 environment_revision=0 root_frame_css_px=301x100 render_viewport_css_px=301x100 render_root_css_px=301x100
2026-10-09 22:52:37.281 Df SpinonBootstrap[12831:61eab9f] (Foundation) SPINON_C0410_SURFACE_CONFIGURE thread=main status=0 UIKit surface가 메인 스레드에서 구성되었습니다
2026-10-09 22:52:37.281 Df SpinonBootstrap[12831:61eabaf] SPINON_C0410_ENVIRONMENT_FFI_BEGIN width=301.0 height=100.0
2026-10-09 22:52:37.281 Df SpinonBootstrap[12831:61eabaf] (Foundation) SPINON_C0410_ENVIRONMENT viewport=301.0x100.0 scale=3.0 dark=true sequence=5 status=0 environment_revision=0 layout=ready boxes=3 generation=1 document_revision=12 render_tree_revision=4 style_revision=0 environment_revision=0 root_frame_css_px=301x100 render_viewport_css_px=301x100 render_root_css_px=301x100
2026-10-09 22:52:37.284 Df SpinonBootstrap[12831:61eabaf] (Foundation) SPINON_C0410_DRAW status=0 presented boxes=3 environment_revision=0 viewport_css_px=301x100 surface_texture=903x300 root_css_px=301x100
2026-10-09 22:52:38.316 Df SpinonBootstrap[12831:61eab9f] (Foundation) SPINON_C0410_RESIZE_REQUEST css=341x128
2026-10-09 22:52:38.317 Df SpinonBootstrap[12831:61eab9f] (Foundation) SPINON_C0410_VIEWPORT_CHANGED css=341.0x128.0 scale=3.0 drawable=1023x384
2026-10-09 22:52:38.317 Df SpinonBootstrap[12831:61eab9f] (Foundation) SPINON_C0410_SURFACE_CHANGED generation=2 size=1023x384
2026-10-09 22:52:38.319 Df SpinonBootstrap[12831:61eab9f] (Foundation) SPINON_C0410_RESIZE status=0 thread=main
2026-10-09 22:52:38.319 Df SpinonBootstrap[12831:61eaba9] SPINON_C0410_ENVIRONMENT_FFI_BEGIN width=341.0 height=128.0
2026-10-09 22:52:38.319 Df SpinonBootstrap[12831:61eaba9] (Foundation) SPINON_C0410_ENVIRONMENT viewport=341.0x128.0 scale=3.0 dark=true sequence=7 status=0 environment_revision=1 layout=ready boxes=3 generation=1 document_revision=12 render_tree_revision=4 style_revision=0 environment_revision=1 root_frame_css_px=341x128 render_viewport_css_px=341x128 render_root_css_px=341x128
2026-10-09 22:52:38.322 Df SpinonBootstrap[12831:61eaba9] (Foundation) SPINON_C0410_DRAW status=0 presented boxes=3 environment_revision=1 viewport_css_px=341x128 surface_texture=1023x384 root_css_px=341x128
2026-10-09 22:52:39.103 Df SpinonBootstrap[12831:61eab9f] (Foundation) SPINON_C0410_RESIZE_REQUEST css=301x100
2026-10-09 22:52:39.104 Df SpinonBootstrap[12831:61eab9f] (Foundation) SPINON_C0410_VIEWPORT_CHANGED css=301.0x100.0 scale=3.0 drawable=903x300
2026-10-09 22:52:39.104 Df SpinonBootstrap[12831:61eab9f] (Foundation) SPINON_C0410_SURFACE_CHANGED generation=3 size=903x300
2026-10-09 22:52:39.105 Df SpinonBootstrap[12831:61eab9f] (Foundation) SPINON_C0410_RESIZE status=0 thread=main
2026-10-09 22:52:39.106 Df SpinonBootstrap[12831:61eaba9] SPINON_C0410_ENVIRONMENT_FFI_BEGIN width=301.0 height=100.0
2026-10-09 22:52:39.106 Df SpinonBootstrap[12831:61eaba9] (Foundation) SPINON_C0410_ENVIRONMENT viewport=301.0x100.0 scale=3.0 dark=true sequence=10 status=0 environment_revision=2 layout=ready boxes=3 generation=1 document_revision=12 render_tree_revision=4 style_revision=0 environment_revision=2 root_frame_css_px=301x100 render_viewport_css_px=301x100 render_root_css_px=301x100
2026-10-09 22:52:39.110 Df SpinonBootstrap[12831:61eaba9] (Foundation) SPINON_C0410_DRAW status=0 presented boxes=3 environment_revision=2 viewport_css_px=301x100 surface_texture=903x300 root_css_px=301x100
2026-10-09 22:52:39.890 Df SpinonBootstrap[12831:61eab9f] (Foundation) SPINON_C0410_RESIZE_REQUEST css=341x128
2026-10-09 22:52:39.891 Df SpinonBootstrap[12831:61eab9f] (Foundation) SPINON_C0410_VIEWPORT_CHANGED css=341.0x128.0 scale=3.0 drawable=1023x384
2026-10-09 22:52:39.891 Df SpinonBootstrap[12831:61eab9f] (Foundation) SPINON_C0410_SURFACE_CHANGED generation=4 size=1023x384
2026-10-09 22:52:39.892 Df SpinonBootstrap[12831:61eab9f] (Foundation) SPINON_C0410_RESIZE status=0 thread=main
2026-10-09 22:52:39.892 Df SpinonBootstrap[12831:61eaba3] SPINON_C0410_ENVIRONMENT_FFI_BEGIN width=341.0 height=128.0
2026-10-09 22:52:39.893 Df SpinonBootstrap[12831:61eaba3] (Foundation) SPINON_C0410_ENVIRONMENT viewport=341.0x128.0 scale=3.0 dark=true sequence=13 status=0 environment_revision=3 layout=ready boxes=3 generation=1 document_revision=12 render_tree_revision=4 style_revision=0 environment_revision=3 root_frame_css_px=341x128 render_viewport_css_px=341x128 render_root_css_px=341x128
2026-10-09 22:52:39.897 Df SpinonBootstrap[12831:61eaba3] (Foundation) SPINON_C0410_DRAW status=0 presented boxes=3 environment_revision=3 viewport_css_px=341x128 surface_texture=1023x384 root_css_px=341x128
