10-09 22:46:58.189 I/SpinonBootstrap( 7687): SPINON_C0410_HOST=session=ready owner_tid=7706 isolate_per_session=1 queue_capacity=64 queue_policy=strict-priority-fifo css_worker_per_session=1 css_worker_ready_us=6378 session_startup_us=24379
10-09 22:46:58.189 I/SpinonBootstrap( 7687): SPINON_C0410_ENVIRONMENT status=0 environment_revision=0 layout=empty boxes=0 generation=1 document_revision=0 render_tree_revision=0 style_revision=0 environment_revision=0
10-09 22:46:58.189 I/SpinonBootstrap( 7687): SPINON_C0410_ENVIRONMENT viewport=301.0x100.0 scale=2.625 dark=false status=0 environment_revision=0 layout=empty boxes=0 generation=1 document_revision=0 render_tree_revision=0 style_revision=0 environment_revision=0
10-09 22:46:58.212 I/SpinonBootstrap( 7687): SPINON_C0410_EVAL status=0 seq=1 trace_cookie=1 op=eval status=0 caller_tid=7704 owner_tid=7706 callback_tid=0 submission_lock_wait_us=0 control_lock_wait_us=0 scheduler_lock_wait_us=0 queue_residence_us=1751 v8_call_us=6308 cancel_requested=false callback_count=0 created_nodes=0 last_node_id=0 document_revision=12 render_tree_revision=4 document_nodes=4 document_string_units=514 document_collection_scans=1 document_collection_deferred=0 document_collection_scanned_handles=4 document_collection_live_handles=4 document_collection_empty_handles=0 document_collection_last_scan_start_ns=19683807660219 document_collection_last_scan_us=7 document_collection_wrapper_root_buffer_bytes=16 document_collection_reclaimed_node_buffer_bytes=16 document_collection_poisoned=0 document_collection_error=none error=none host_document_changed=true ua_snapshot_clone_us=1 ua_snapshot_submit_us=169 ua_snapshot_submitted=true enqueue_total_us=3 response_wait_us=22761 submit_total_us=22764 response_report_append_us=2 layout=ready bo
10-09 22:46:58.212 I/SpinonBootstrap( 7687): SPINON_C0410_EVAL status=0 seq=1 trace_cookie=1 op=eval status=0 caller_tid=7704 owner_tid=7706 callback_tid=0 submission_lock_wait_us=0 control_lock_wait_us=0 scheduler_lock_wait_us=0 queue_residence_us=1751 v8_call_us=6308 cancel_requested=false callback_count=0 created_nodes=0 last_node_id=0 document_revision=12 render_tree_revision=4 document_nodes=4 document_string_units=514 document_collection_scans=1 document_collection_deferred=0 document_collection_scanned_handles=4 document_collection_live_handles=4 document_collection_empty_handles=0 document_collection_last_scan_start_ns=19683807660219 document_collection_last_scan_us=7 document_collection_wrapper_root_buffer_bytes=16 document_collection_reclaimed_node_buffer_bytes=16 document_collection_poisoned=0 document_collection_error=none error=none host_document_changed=true ua_snapshot_clone_us=1 ua_snapshot_submit_us=169 ua_snapshot_submitted=true enqueue_total_us=3 response_wait_us=22761 submit_total_us=22764 response_report_append_us=2 layout=ready boxes=3 generation=1 document_revision=12 render_tree_revision=4 style_revision=0 environment_revision=0 root_frame_css_px=301x100 render_viewport_css_px=301x100 render_root_css_px=301x100
10-09 22:46:58.455 I/SpinonBootstrap( 7687): SPINON_C0410_SURFACE_CREATED generation=1
10-09 22:46:58.457 I/SpinonBootstrap( 7687): SPINON_C0410_SURFACE_CHANGED generation=2 size=790x263
10-09 22:46:58.812 I/SpinonBootstrap( 7687): SPINON_C0410_RENDERER=backend=Gl device=Android Emulator OpenGL ES Translator (ANGLE (Google, Vulkan 1.3.0 (SwiftShader Device (LLVM 10.0.0) (0x0000C0DE)), SwiftShader driver-5.0.0)) format=Rgba8Unorm size=790x263 selection=auto
10-09 22:46:58.813 I/SpinonBootstrap( 7687): SPINON_C0410_NATIVE_WINDOW requested=790x263 before=790x263
10-09 22:46:58.825 I/SpinonBootstrap( 7687): SPINON_C0410_ENVIRONMENT status=0 environment_revision=1 layout=ready boxes=3 generation=1 document_revision=12 render_tree_revision=4 style_revision=0 environment_revision=1 root_frame_css_px=300.95x100.183 render_viewport_css_px=300.9524x100.190475 render_root_css_px=300.95x100.183
10-09 22:46:58.825 I/SpinonBootstrap( 7687): SPINON_C0410_ENVIRONMENT viewport=300.9524x100.190475 scale=2.625 dark=false sequence=5 status=0 environment_revision=1 layout=ready boxes=3 generation=1 document_revision=12 render_tree_revision=4 style_revision=0 environment_revision=1 root_frame_css_px=300.95x100.183 render_viewport_css_px=300.9524x100.190475 render_root_css_px=300.95x100.183
10-09 22:46:58.827 I/SpinonBootstrap( 7687): SPINON_C0410_RESIZE status=0 surface resized and prior scene invalidated
10-09 22:46:58.827 I/SpinonBootstrap( 7687): SPINON_C0410_NATIVE_WINDOW after=790x263
10-09 22:46:58.827 I/SpinonBootstrap( 7687): SPINON_C0410_RESIZE status=0 size=790x263
10-09 22:46:58.843 I/SpinonBootstrap( 7687): SPINON_C0410_ENVIRONMENT status=0 environment_revision=1 layout=ready boxes=3 generation=1 document_revision=12 render_tree_revision=4 style_revision=0 environment_revision=1 root_frame_css_px=300.95x100.183 render_viewport_css_px=300.9524x100.190475 render_root_css_px=300.95x100.183
10-09 22:46:58.843 I/SpinonBootstrap( 7687): SPINON_C0410_DRAW status=0 presented empty scene while runtime calculation is pending
10-09 22:46:58.843 I/SpinonBootstrap( 7687): SPINON_C0410_DRAW status=0 presented empty scene while runtime calculation is pending
10-09 22:46:58.843 I/SpinonBootstrap( 7687): SPINON_C0410_ENVIRONMENT viewport=300.9524x100.190475 scale=2.625 dark=false sequence=8 status=0 environment_revision=1 layout=ready boxes=3 generation=1 document_revision=12 render_tree_revision=4 style_revision=0 environment_revision=1 root_frame_css_px=300.95x100.183 render_viewport_css_px=300.9524x100.190475 render_root_css_px=300.95x100.183
10-09 22:46:58.935 I/SpinonBootstrap( 7687): SPINON_C0410_DRAW status=0 presented boxes=3 environment_revision=1 viewport_css_px=300.9524x100.190475 surface_texture=790x263 root_css_px=300.95x100.183
10-09 22:46:58.935 I/SpinonBootstrap( 7687): SPINON_C0410_DRAW status=0 presented boxes=3 environment_revision=1 viewport_css_px=300.9524x100.190475 surface_texture=790x263 root_css_px=300.95x100.183
10-09 22:47:01.017 I/SpinonBootstrap( 7687): SPINON_C0410_RESIZE_REQUEST viewport=341x128
10-09 22:47:01.026 I/SpinonBootstrap( 7687): SPINON_C0410_SURFACE_CHANGED generation=3 size=895x336
10-09 22:47:01.036 I/SpinonBootstrap( 7687): SPINON_C0410_RENDERER_DESTROY status=0 renderer destroyed
10-09 22:47:01.102 I/SpinonBootstrap( 7687): SPINON_C0410_RENDERER=backend=Gl device=Android Emulator OpenGL ES Translator (ANGLE (Google, Vulkan 1.3.0 (SwiftShader Device (LLVM 10.0.0) (0x0000C0DE)), SwiftShader driver-5.0.0)) format=Rgba8Unorm size=895x336 selection=auto
10-09 22:47:01.102 I/SpinonBootstrap( 7687): SPINON_C0410_ENVIRONMENT status=0 environment_revision=2 layout=ready boxes=3 generation=1 document_revision=12 render_tree_revision=4 style_revision=0 environment_revision=2 root_frame_css_px=340.95x128 render_viewport_css_px=340.9524x128 render_root_css_px=340.95x128
10-09 22:47:01.102 I/SpinonBootstrap( 7687): SPINON_C0410_ENVIRONMENT viewport=340.9524x128.0 scale=2.625 dark=false sequence=12 status=0 environment_revision=2 layout=ready boxes=3 generation=1 document_revision=12 render_tree_revision=4 style_revision=0 environment_revision=2 root_frame_css_px=340.95x128 render_viewport_css_px=340.9524x128 render_root_css_px=340.95x128
10-09 22:47:01.106 I/SpinonBootstrap( 7687): SPINON_C0410_DRAW status=0 presented boxes=3 environment_revision=2 viewport_css_px=340.9524x128 surface_texture=895x336 root_css_px=340.95x128
10-09 22:47:01.106 I/SpinonBootstrap( 7687): SPINON_C0410_DRAW status=0 presented boxes=3 environment_revision=2 viewport_css_px=340.9524x128 surface_texture=895x336 root_css_px=340.95x128
10-09 22:53:10.527 I/SpinonBootstrap( 7687): SPINON_C0410_RESIZE_REQUEST viewport=301x100
10-09 22:53:10.542 I/SpinonBootstrap( 7687): SPINON_C0410_SURFACE_CHANGED generation=4 size=790x263
10-09 22:53:10.556 I/SpinonBootstrap( 7687): SPINON_C0410_RENDERER_DESTROY status=0 renderer destroyed
10-09 22:53:10.592 I/SpinonBootstrap( 7687): SPINON_C0410_RENDERER=backend=Gl device=Android Emulator OpenGL ES Translator (ANGLE (Google, Vulkan 1.3.0 (SwiftShader Device (LLVM 10.0.0) (0x0000C0DE)), SwiftShader driver-5.0.0)) format=Rgba8Unorm size=790x263 selection=auto
10-09 22:53:10.593 I/SpinonBootstrap( 7687): SPINON_C0410_ENVIRONMENT status=0 environment_revision=3 layout=ready boxes=3 generation=1 document_revision=12 render_tree_revision=4 style_revision=0 environment_revision=3 root_frame_css_px=300.95x100.183 render_viewport_css_px=300.9524x100.190475 render_root_css_px=300.95x100.183
10-09 22:53:10.593 I/SpinonBootstrap( 7687): SPINON_C0410_ENVIRONMENT viewport=300.9524x100.190475 scale=2.625 dark=false sequence=16 status=0 environment_revision=3 layout=ready boxes=3 generation=1 document_revision=12 render_tree_revision=4 style_revision=0 environment_revision=3 root_frame_css_px=300.95x100.183 render_viewport_css_px=300.9524x100.190475 render_root_css_px=300.95x100.183
10-09 22:53:10.606 I/SpinonBootstrap( 7687): SPINON_C0410_DRAW status=0 presented boxes=3 environment_revision=3 viewport_css_px=300.9524x100.190475 surface_texture=790x263 root_css_px=300.95x100.183
10-09 22:53:10.606 I/SpinonBootstrap( 7687): SPINON_C0410_DRAW status=0 presented boxes=3 environment_revision=3 viewport_css_px=300.9524x100.190475 surface_texture=790x263 root_css_px=300.95x100.183
10-09 22:53:29.767 I/SpinonBootstrap( 7687): SPINON_C0410_RESIZE_REQUEST viewport=341x128
10-09 22:53:29.777 I/SpinonBootstrap( 7687): SPINON_C0410_SURFACE_CHANGED generation=5 size=895x336
10-09 22:53:29.816 I/SpinonBootstrap( 7687): SPINON_C0410_RENDERER_DESTROY status=0 renderer destroyed
10-09 22:53:29.871 I/SpinonBootstrap( 7687): SPINON_C0410_RENDERER=backend=Gl device=Android Emulator OpenGL ES Translator (ANGLE (Google, Vulkan 1.3.0 (SwiftShader Device (LLVM 10.0.0) (0x0000C0DE)), SwiftShader driver-5.0.0)) format=Rgba8Unorm size=895x336 selection=auto
10-09 22:53:29.872 I/SpinonBootstrap( 7687): SPINON_C0410_ENVIRONMENT status=0 environment_revision=4 layout=ready boxes=3 generation=1 document_revision=12 render_tree_revision=4 style_revision=0 environment_revision=4 root_frame_css_px=340.95x128 render_viewport_css_px=340.9524x128 render_root_css_px=340.95x128
10-09 22:53:29.872 I/SpinonBootstrap( 7687): SPINON_C0410_ENVIRONMENT viewport=340.9524x128.0 scale=2.625 dark=false sequence=20 status=0 environment_revision=4 layout=ready boxes=3 generation=1 document_revision=12 render_tree_revision=4 style_revision=0 environment_revision=4 root_frame_css_px=340.95x128 render_viewport_css_px=340.9524x128 render_root_css_px=340.95x128
10-09 22:53:29.875 I/SpinonBootstrap( 7687): SPINON_C0410_DRAW status=0 presented boxes=3 environment_revision=4 viewport_css_px=340.9524x128 surface_texture=895x336 root_css_px=340.95x128
10-09 22:53:29.875 I/SpinonBootstrap( 7687): SPINON_C0410_DRAW status=0 presented boxes=3 environment_revision=4 viewport_css_px=340.9524x128 surface_texture=895x336 root_css_px=340.95x128
