10-09 23:34:43.668  8990  9009 I SpinonBootstrap: SPINON_C0410_HOST=session=ready owner_tid=9011 isolate_per_session=1 queue_capacity=64 queue_policy=strict-priority-fifo css_worker_per_session=1 css_worker_ready_us=530 session_startup_us=8374
10-09 23:34:43.669  8990  9009 I SpinonBootstrap: SPINON_C0410_ENVIRONMENT status=0 environment_revision=0 layout=empty boxes=0 generation=1 document_revision=0 render_tree_revision=0 style_revision=0 environment_revision=0
10-09 23:34:43.669  8990  9009 I SpinonBootstrap: SPINON_C0410_ENVIRONMENT viewport=301.0x100.0 scale=2.625 dark=false status=0 environment_revision=0 layout=empty boxes=0 generation=1 document_revision=0 render_tree_revision=0 style_revision=0 environment_revision=0
10-09 23:34:43.674  8990  9009 I SpinonBootstrap: SPINON_C0410_EVAL status=0 seq=1 trace_cookie=1 op=eval status=0 caller_tid=9009 owner_tid=9011 callback_tid=0 submission_lock_wait_us=0 control_lock_wait_us=0 scheduler_lock_wait_us=0 queue_residence_us=6 v8_call_us=525 cancel_requested=false callback_count=0 created_nodes=0 last_node_id=0 document_revision=12 render_tree_revision=4 document_nodes=4 document_string_units=514 document_collection_scans=1 document_collection_deferred=0 document_collection_scanned_handles=4 document_collection_live_handles=4 document_collection_empty_handles=0 document_collection_last_scan_start_ns=22549279624585 document_collection_last_scan_us=6 document_collection_wrapper_root_buffer_bytes=16 document_collection_reclaimed_node_buffer_bytes=16 document_collection_poisoned=0 document_collection_error=none error=none host_document_changed=true ua_snapshot_clone_us=1 ua_snapshot_submit_us=5 ua_snapshot_submitted=true enqueue_total_us=5 response_wait_us=540 submit_total_us=545 response_report_append_us=0 layout=ready boxes=3 gene
10-09 23:34:43.674  8990  9009 I SpinonBootstrap: SPINON_C0410_EVAL status=0 seq=1 trace_cookie=1 op=eval status=0 caller_tid=9009 owner_tid=9011 callback_tid=0 submission_lock_wait_us=0 control_lock_wait_us=0 scheduler_lock_wait_us=0 queue_residence_us=6 v8_call_us=525 cancel_requested=false callback_count=0 created_nodes=0 last_node_id=0 document_revision=12 render_tree_revision=4 document_nodes=4 document_string_units=514 document_collection_scans=1 document_collection_deferred=0 document_collection_scanned_handles=4 document_collection_live_handles=4 document_collection_empty_handles=0 document_collection_last_scan_start_ns=22549279624585 document_collection_last_scan_us=6 document_collection_wrapper_root_buffer_bytes=16 document_collection_reclaimed_node_buffer_bytes=16 document_collection_poisoned=0 document_collection_error=none error=none host_document_changed=true ua_snapshot_clone_us=1 ua_snapshot_submit_us=5 ua_snapshot_submitted=true enqueue_total_us=5 response_wait_us=540 submit_total_us=545 response_report_append_us=0 layout=ready boxes=3 generation=1 document_revision=12 render_tree_revision=4 style_revision=0 environment_revision=0 root_frame_css_px=301x100 render_viewport_css_px=301x100 render_root_css_px=301x100
10-09 23:34:43.674  8990  9015 I SpinonBootstrap: SPINON_C0410_SURFACE_RELEASED generation=0
10-09 23:34:43.742  8990  8990 I SpinonBootstrap: SPINON_C0410_SURFACE_CREATED generation=1
10-09 23:34:43.743  8990  8990 I SpinonBootstrap: SPINON_C0410_SURFACE_CHANGED generation=2 size=790x263 changed=true
10-09 23:34:43.746  8990  9009 E SpinonBootstrap: SPINON_C0410_ENVIRONMENT status=-12 새로운 화면 요청이 도착해 오래된 장면을 거부했습니다
10-09 23:34:43.746  8990  9009 I SpinonBootstrap: SPINON_C0410_ENVIRONMENT viewport=300.9524x100.190475 scale=2.625 dark=false sequence=3 status=-12 새로운 화면 요청이 도착해 오래된 장면을 거부했습니다
10-09 23:34:43.746  8990  9009 I SpinonBootstrap: SPINON_C0410_ENVIRONMENT status=0 environment_revision=1 layout=ready boxes=3 generation=1 document_revision=12 render_tree_revision=4 style_revision=0 environment_revision=1 root_frame_css_px=300.95x100.183 render_viewport_css_px=300.9524x100.190475 render_root_css_px=300.95x100.183
10-09 23:34:43.746  8990  9009 I SpinonBootstrap: SPINON_C0410_ENVIRONMENT viewport=300.9524x100.190475 scale=2.625 dark=false sequence=5 status=0 environment_revision=1 layout=ready boxes=3 generation=1 document_revision=12 render_tree_revision=4 style_revision=0 environment_revision=1 root_frame_css_px=300.95x100.183 render_viewport_css_px=300.9524x100.190475 render_root_css_px=300.95x100.183
10-09 23:34:43.838  8990  9015 I SpinonBootstrap: SPINON_C0410_RENDERER=backend=Gl device=Android Emulator OpenGL ES Translator (ANGLE (Google, Vulkan 1.3.0 (SwiftShader Device (LLVM 10.0.0) (0x0000C0DE)), SwiftShader driver-5.0.0)) format=Rgba8Unorm size=790x263
10-09 23:34:43.838  8990  9015 I SpinonBootstrap: SPINON_C0410_RENDERER generation=2 size=790x263
10-09 23:34:43.842  8990  9015 I SpinonBootstrap: SPINON_C0410_DRAW status=0 presented boxes=3 environment_revision=1 viewport_css_px=300.9524x100.190475 surface_texture=790x263 root_css_px=300.95x100.183
10-09 23:34:43.842  8990  9015 I SpinonBootstrap: SPINON_C0410_DRAW generation=2 status=0 presented boxes=3 environment_revision=1 viewport_css_px=300.9524x100.190475 surface_texture=790x263 root_css_px=300.95x100.183
10-09 23:34:43.842  8990  9015 I SpinonBootstrap: SPINON_C0410_DRAW_FAILURE_HOOK status=0 시험용 다음 draw 실패를 설정했습니다
10-09 23:34:43.843  8990  9015 I SpinonBootstrap: SPINON_C0410_FAILURE_PROBE_ARM status=0 시험용 다음 draw 실패를 설정했습니다
10-09 23:34:43.846  8990  9015 E SpinonBootstrap: SPINON_C0410_DRAW status=-11 C04.10 시험용으로 다음 draw를 실패시켰습니다
10-09 23:34:43.846  8990  9015 I SpinonBootstrap: SPINON_C0410_FAILURE_PROBE_EXPECTED_ERROR status=-11 C04.10 시험용으로 다음 draw를 실패시켰습니다
10-09 23:34:43.870  8990  9015 I SpinonBootstrap: SPINON_C0410_DRAW status=0 presented boxes=3 environment_revision=1 viewport_css_px=300.9524x100.190475 surface_texture=790x263 root_css_px=300.95x100.183
10-09 23:34:43.871  8990  9015 I SpinonBootstrap: SPINON_C0410_FAILURE_PROBE_RECOVERY passed=true baseline_revision=1 recovered_revision=1 status=0 presented boxes=3 environment_revision=1 viewport_css_px=300.9524x100.190475 surface_texture=790x263 root_css_px=300.95x100.183
10-09 23:35:06.817  9045  9065 I SpinonBootstrap: SPINON_C0410_HOST=session=ready owner_tid=9067 isolate_per_session=1 queue_capacity=64 queue_policy=strict-priority-fifo css_worker_per_session=1 css_worker_ready_us=2205 session_startup_us=6925
10-09 23:35:06.820  9045  9065 I SpinonBootstrap: SPINON_C0410_ENVIRONMENT status=0 environment_revision=0 layout=empty boxes=0 generation=1 document_revision=0 render_tree_revision=0 style_revision=0 environment_revision=0
10-09 23:35:06.820  9045  9065 I SpinonBootstrap: SPINON_C0410_ENVIRONMENT viewport=301.0x100.0 scale=2.625 dark=false status=0 environment_revision=0 layout=empty boxes=0 generation=1 document_revision=0 render_tree_revision=0 style_revision=0 environment_revision=0
10-09 23:35:06.823  9045  9065 I SpinonBootstrap: SPINON_C0410_EVAL status=0 seq=1 trace_cookie=1 op=eval status=0 caller_tid=9065 owner_tid=9067 callback_tid=0 submission_lock_wait_us=0 control_lock_wait_us=0 scheduler_lock_wait_us=0 queue_residence_us=183 v8_call_us=1095 cancel_requested=false callback_count=0 created_nodes=0 last_node_id=0 document_revision=12 render_tree_revision=4 document_nodes=4 document_string_units=514 document_collection_scans=1 document_collection_deferred=0 document_collection_scanned_handles=4 document_collection_live_handles=4 document_collection_empty_handles=0 document_collection_last_scan_start_ns=22572431730888 document_collection_last_scan_us=117 document_collection_wrapper_root_buffer_bytes=16 document_collection_reclaimed_node_buffer_bytes=16 document_collection_poisoned=0 document_collection_error=none error=none host_document_changed=true ua_snapshot_clone_us=1 ua_snapshot_submit_us=902 ua_snapshot_submitted=true enqueue_total_us=14 response_wait_us=2175 submit_total_us=2190 response_report_append_us=0 layout=ready bo
10-09 23:35:06.823  9045  9065 I SpinonBootstrap: SPINON_C0410_EVAL status=0 seq=1 trace_cookie=1 op=eval status=0 caller_tid=9065 owner_tid=9067 callback_tid=0 submission_lock_wait_us=0 control_lock_wait_us=0 scheduler_lock_wait_us=0 queue_residence_us=183 v8_call_us=1095 cancel_requested=false callback_count=0 created_nodes=0 last_node_id=0 document_revision=12 render_tree_revision=4 document_nodes=4 document_string_units=514 document_collection_scans=1 document_collection_deferred=0 document_collection_scanned_handles=4 document_collection_live_handles=4 document_collection_empty_handles=0 document_collection_last_scan_start_ns=22572431730888 document_collection_last_scan_us=117 document_collection_wrapper_root_buffer_bytes=16 document_collection_reclaimed_node_buffer_bytes=16 document_collection_poisoned=0 document_collection_error=none error=none host_document_changed=true ua_snapshot_clone_us=1 ua_snapshot_submit_us=902 ua_snapshot_submitted=true enqueue_total_us=14 response_wait_us=2175 submit_total_us=2190 response_report_append_us=0 layout=ready boxes=3 generation=1 document_revision=12 render_tree_revision=4 style_revision=0 environment_revision=0 root_frame_css_px=301x100 render_viewport_css_px=301x100 render_root_css_px=301x100
10-09 23:35:06.823  9045  9074 I SpinonBootstrap: SPINON_C0410_SURFACE_RELEASED generation=0
10-09 23:35:06.858  9045  9045 I SpinonBootstrap: SPINON_C0410_SURFACE_CREATED generation=1
10-09 23:35:06.858  9045  9065 I SpinonBootstrap: SPINON_C0410_ENVIRONMENT status=0 environment_revision=0 layout=ready boxes=3 generation=1 document_revision=12 render_tree_revision=4 style_revision=0 environment_revision=0 root_frame_css_px=301x100 render_viewport_css_px=301x100 render_root_css_px=301x100
10-09 23:35:06.858  9045  9045 I SpinonBootstrap: SPINON_C0410_SURFACE_CHANGED generation=2 size=790x263 changed=true
10-09 23:35:06.858  9045  9065 I SpinonBootstrap: SPINON_C0410_ENVIRONMENT viewport=301.0x100.0 scale=2.625 dark=false sequence=3 status=0 environment_revision=0 layout=ready boxes=3 generation=1 document_revision=12 render_tree_revision=4 style_revision=0 environment_revision=0 root_frame_css_px=301x100 render_viewport_css_px=301x100 render_root_css_px=301x100
10-09 23:35:06.863  9045  9065 I SpinonBootstrap: SPINON_C0410_ENVIRONMENT status=0 environment_revision=1 layout=ready boxes=3 generation=1 document_revision=12 render_tree_revision=4 style_revision=0 environment_revision=1 root_frame_css_px=300.95x100.183 render_viewport_css_px=300.9524x100.190475 render_root_css_px=300.95x100.183
10-09 23:35:06.863  9045  9065 I SpinonBootstrap: SPINON_C0410_ENVIRONMENT viewport=300.9524x100.190475 scale=2.625 dark=false sequence=5 status=0 environment_revision=1 layout=ready boxes=3 generation=1 document_revision=12 render_tree_revision=4 style_revision=0 environment_revision=1 root_frame_css_px=300.95x100.183 render_viewport_css_px=300.9524x100.190475 render_root_css_px=300.95x100.183
10-09 23:35:06.970  9045  9074 I SpinonBootstrap: SPINON_C0410_RENDERER=backend=Gl device=Android Emulator OpenGL ES Translator (ANGLE (Google, Vulkan 1.3.0 (SwiftShader Device (LLVM 10.0.0) (0x0000C0DE)), SwiftShader driver-5.0.0)) format=Rgba8Unorm size=790x263
10-09 23:35:06.970  9045  9074 I SpinonBootstrap: SPINON_C0410_RENDERER generation=2 size=790x263
10-09 23:35:06.974  9045  9074 I SpinonBootstrap: SPINON_C0410_SHUTDOWN_PROBE_PENDING requests=10000 scheduled=true dirty=true
10-09 23:35:07.325  9045  9074 I SpinonBootstrap: SPINON_C0410_SHUTDOWN_PROBE_GATE_RELEASED
10-09 23:35:07.325  9045  9074 I SpinonBootstrap: SPINON_C0410_SHUTDOWN_PROBE_DRAW_DROPPED generation=2
10-09 23:35:07.391  9045  9074 I SpinonBootstrap: SPINON_C0410_RENDERER_DESTROY status=0 renderer destroyed
10-09 23:35:07.395  9045  9045 I SpinonBootstrap: SPINON_C0410_DISPOSE_DRAINED generation=3
