# Android 16 ARM64 에뮬레이터 실제 V8 진단 원본 로그

## 실행 01 · 20261008T005240Z-83083
10-08 09:52:42.384 25210 25231 I SpinonBootstrap: SPINON_PRIORITY_PROBE status=0 priority_probe=PASS blocker_status=-8 cancel_status=0 order=[user-blocking:1#seq4,user-blocking:2#seq6,user-visible:101#seq3,user-visible:102#seq7,background:201#seq2,background:202#seq5] owner_tid=25232
10-08 09:52:42.929 25210 25231 I SpinonBootstrap: SPINON_PRIORITY_FAIRNESS_PROBE status=0 priority_stream_probe=PASS capacity=64 initial_high=63 late_high=96 accepted_high=159 background_seq=2 background_order=160 background_wait_us=537011 elapsed_ms=537 owner_tid=25240
10-08 09:52:42.930 25210 25231 I SpinonBootstrap: SPINON_PRIORITY_PROBE status=0 priority_probe=PASS blocker_status=-8 cancel_status=0 order=[user-blocking:1#seq4,user-blocking:2#seq6,user-visible:101#seq3,user-visible:102#seq7,background:201#seq2,background:202#seq5] owner_tid=25232 status=0 priority_stream_probe=PASS capacity=64 initial_high=63 late_high=96 accepted_high=159 background_seq=2 background_order=160 background_wait_us=537011 elapsed_ms=537 owner_tid=25240

## 실행 02 · 20261008T005302Z-84559
10-08 09:53:02.868 25328 25347 I SpinonBootstrap: SPINON_PRIORITY_PROBE status=0 priority_probe=PASS blocker_status=-8 cancel_status=0 order=[user-blocking:1#seq4,user-blocking:2#seq6,user-visible:101#seq3,user-visible:102#seq7,background:201#seq2,background:202#seq5] owner_tid=25348
10-08 09:53:03.371 25328 25347 I SpinonBootstrap: SPINON_PRIORITY_FAIRNESS_PROBE status=0 priority_stream_probe=PASS capacity=64 initial_high=63 late_high=96 accepted_high=159 background_seq=2 background_order=160 background_wait_us=495021 elapsed_ms=495 owner_tid=25356
10-08 09:53:03.371 25328 25347 I SpinonBootstrap: SPINON_PRIORITY_PROBE status=0 priority_probe=PASS blocker_status=-8 cancel_status=0 order=[user-blocking:1#seq4,user-blocking:2#seq6,user-visible:101#seq3,user-visible:102#seq7,background:201#seq2,background:202#seq5] owner_tid=25348 status=0 priority_stream_probe=PASS capacity=64 initial_high=63 late_high=96 accepted_high=159 background_seq=2 background_order=160 background_wait_us=495021 elapsed_ms=495 owner_tid=25356

## 실행 03 · 20261008T005306Z-85056
10-08 09:53:06.365 25425 25444 I SpinonBootstrap: SPINON_PRIORITY_PROBE status=0 priority_probe=PASS blocker_status=-8 cancel_status=0 order=[user-blocking:1#seq4,user-blocking:2#seq6,user-visible:101#seq3,user-visible:102#seq7,background:201#seq2,background:202#seq5] owner_tid=25445
10-08 09:53:06.946 25425 25444 I SpinonBootstrap: SPINON_PRIORITY_FAIRNESS_PROBE status=0 priority_stream_probe=PASS capacity=64 initial_high=63 late_high=96 accepted_high=159 background_seq=2 background_order=160 background_wait_us=572862 elapsed_ms=574 owner_tid=25453
10-08 09:53:06.946 25425 25444 I SpinonBootstrap: SPINON_PRIORITY_PROBE status=0 priority_probe=PASS blocker_status=-8 cancel_status=0 order=[user-blocking:1#seq4,user-blocking:2#seq6,user-visible:101#seq3,user-visible:102#seq7,background:201#seq2,background:202#seq5] owner_tid=25445 status=0 priority_stream_probe=PASS capacity=64 initial_high=63 late_high=96 accepted_high=159 background_seq=2 background_order=160 background_wait_us=572862 elapsed_ms=574 owner_tid=25453

## 실행 04 · 20261008T005309Z-85497
10-08 09:53:10.088 25497 25517 I SpinonBootstrap: SPINON_PRIORITY_PROBE status=0 priority_probe=PASS blocker_status=-8 cancel_status=0 order=[user-blocking:1#seq4,user-blocking:2#seq6,user-visible:101#seq3,user-visible:102#seq7,background:201#seq2,background:202#seq5] owner_tid=25518
10-08 09:53:10.722 25497 25517 I SpinonBootstrap: SPINON_PRIORITY_FAIRNESS_PROBE status=0 priority_stream_probe=PASS capacity=64 initial_high=63 late_high=96 accepted_high=159 background_seq=2 background_order=160 background_wait_us=625795 elapsed_ms=626 owner_tid=25524
10-08 09:53:10.722 25497 25517 I SpinonBootstrap: SPINON_PRIORITY_PROBE status=0 priority_probe=PASS blocker_status=-8 cancel_status=0 order=[user-blocking:1#seq4,user-blocking:2#seq6,user-visible:101#seq3,user-visible:102#seq7,background:201#seq2,background:202#seq5] owner_tid=25518 status=0 priority_stream_probe=PASS capacity=64 initial_high=63 late_high=96 accepted_high=159 background_seq=2 background_order=160 background_wait_us=625795 elapsed_ms=626 owner_tid=25524

## 실행 05 · 20261008T005526Z-93180
10-08 09:55:26.883 25573 25593 I SpinonBootstrap: SPINON_PRIORITY_PROBE status=0 priority_probe=PASS blocker_status=-8 cancel_status=0 order=[user-blocking:1#seq4,user-blocking:2#seq6,user-visible:101#seq3,user-visible:102#seq7,background:201#seq2,background:202#seq5] owner_tid=25594
10-08 09:55:27.552 25573 25593 I SpinonBootstrap: SPINON_PRIORITY_FAIRNESS_PROBE status=0 priority_stream_probe=PASS capacity=64 initial_high=63 late_high=96 accepted_high=159 background_seq=2 background_order=160 background_wait_us=657022 elapsed_ms=657 owner_tid=25599
10-08 09:55:27.552 25573 25593 I SpinonBootstrap: SPINON_PRIORITY_PROBE status=0 priority_probe=PASS blocker_status=-8 cancel_status=0 order=[user-blocking:1#seq4,user-blocking:2#seq6,user-visible:101#seq3,user-visible:102#seq7,background:201#seq2,background:202#seq5] owner_tid=25594 status=0 priority_stream_probe=PASS capacity=64 initial_high=63 late_high=96 accepted_high=159 background_seq=2 background_order=160 background_wait_us=657022 elapsed_ms=657 owner_tid=25599
