INFO         | Android emulator version 37.2.12.0 (build_id 16428233) (CL:N/A)
INFO         | Graphics backend: gfxstream
INFO         | Found systemPath /Users/yoonhb/Library/Android/sdk/system-images/android-37.0/google_apis/arm64-v8a/
INFO         | Saving last run QEMU version for the AVD to 2
INFO         | Guest usage of host flag 'VulkanVirtualQueue' will be ignored.
INFO         | Guest GLES Driver: Auto (ext controls)
INFO         | emuglConfig_init: vulkan_mode_selected:host gles_mode_selected:host
INFO         | Checking system compatibility:
INFO         |   Checking: hasSufficientDiskSpace
INFO         |      Ok: Disk space requirements to run avd: `spinon_api37_0_compat` are met
INFO         |   Checking: hasSufficientHwGpu
INFO         |      Ok: Hardware GPU requirements to run avd: `spinon_api37_0_compat` are passed
INFO         |   Checking: hasSufficientSystem
INFO         |      Ok: System requirements to run avd: `spinon_api37_0_compat` are met
WARNING      | hvf is not enabled on this aarch64 host.
INFO         | Storing crashdata in: /tmp/android-yoonhb/emu-crash-37.2.12.db, detection is enabled for process: 88873
INFO         | Initializing gfxstream backend
INFO         | startOpenglesRendererImpl: gpu info
INFO         |
INFO         | Graphics Adapter Vendor Google (Apple)
INFO         | Graphics Adapter Android Emulator OpenGL ES Translator (Apple M4 Max)
INFO         | Graphics API Version OpenGL ES 3.0 (4.1 Metal - 90.5)
INFO         | Graphics API Extensions GL_OES_EGL_sync GL_OES_EGL_image GL_OES_EGL_image_external GL_OES_depth24 GL_OES_depth32 GL_OES_element_index_uint GL_OES_texture_float GL_OES_texture_float_linear GL_OES_compressed_paletted_texture GL_OES_compressed_ETC1_RGB8_texture GL_OES_depth_texture GL_OES_texture_npot GL_OES_rgb8_rgba8 GL_EXT_color_buffer_float GL_EXT_color_buffer_half_float GL_EXT_texture_format_BGRA8888 GL_APPLE_texture_format_BGRA8888
INFO         | Graphics Device Extensions N/A
INFO         | Sending adb public key [QAAAAMd+WngJHeMWOPiXWaV7/K44/+5WdRhno6LNEFgKbJLSCQDbU9OK9hm2ZJ089mavkhZ3fYzsts4Vhhsq6tF4ErXvVHriHpvNjqtINEK6WJHVLW8Dnb5PyIMczfpsfpH1xsIyjHAYi5XSSLfT7bWNiD7ehYsoN80gpE1tyYWgJ1C8POn4pYqfAQhCytJfN3gELKdQSVXNZmf/u2mLjFYTQNG97Y0fWwE+yQbHm6c/WsU/Ee6Rxn0s8cZ13sF6deb0OCRgOVdDnUzq9dP3t3ReqzqxxZasnxlEFLyBVjJs7HrEOthXws81Fh1aPZcYkYwGwiwRweC7vibj1CdJ+azXlzyLJkKci8F1hQ1U0bGwJz+6bpaN84T4mg7jdm+46nT3ZIuFelJYknIp5U3HIF++l1p8c3T08Ys2iQs/r69pmYmkaeGkUBm61f0YDonNBEEdDxfMkED9JzHy96H9qfxiSYzDXcwFztFtxmOg1ogwvfMAfdxCTgzGe0tkYF/Y4HZLAEw6W7sWQ1RT6YmmQwvTs7nbJ8FO2CPJhyGcJ2VyLrA5JbX8r2gMFb8MFcNTcKlqEPHij22CdypP4sxL/COtuTphEEnrYJh31e1YN6tNo01afTqEG3Nf4VaFrVW/LPhJjMgAgdzc6voWvHmo9gYkiLUt2BeKLjfTP3uT19ELyAM1szM1UgEAAQA= yoonhb@unknown]
INFO         | Userspace boot properties:
INFO         |   androidboot.boot_devices=a003600.virtio_mmio
INFO         |   androidboot.dalvik.vm.heapsize=384m
INFO         |   androidboot.debug.hwui.renderer=skiagl
INFO         |   androidboot.debug.sf.nobootanimation=1
INFO         |   androidboot.hardware=ranchu
INFO         |   androidboot.hardware.gltransport=pipe
INFO         |   androidboot.logcat=*:V
INFO         |   androidboot.opengles.version=196608
INFO         |   androidboot.qemu=1
INFO         |   androidboot.qemu.adb.pubkey=QAAAAMd+WngJHeMWOPiXWaV7/K44/+5WdRhno6LNEFgKbJLSCQDbU9OK9hm2ZJ089mavkhZ3fYzsts4Vhhsq6tF4ErXvVHriHpvNjqtINEK6WJHVLW8Dnb5PyIMczfpsfpH1xsIyjHAYi5XSSLfT7bWNiD7ehYsoN80gpE1tyYWgJ1C8POn4pYqfAQhCytJfN3gELKdQSVXNZmf/u2mLjFYTQNG97Y0fWwE+yQbHm6c/WsU/Ee6Rxn0s8cZ13sF6deb0OCRgOVdDnUzq9dP3t3ReqzqxxZasnxlEFLyBVjJs7HrEOthXws81Fh1aPZcYkYwGwiwRweC7vibj1CdJ+azXlzyLJkKci8F1hQ1U0bGwJz+6bpaN84T4mg7jdm+46nT3ZIuFelJYknIp5U3HIF++l1p8c3T08Ys2iQs/r69pmYmkaeGkUBm61f0YDonNBEEdDxfMkED9JzHy96H9qfxiSYzDXcwFztFtxmOg1ogwvfMAfdxCTgzGe0tkYF/Y4HZLAEw6W7sWQ1RT6YmmQwvTs7nbJ8FO2CPJhyGcJ2VyLrA5JbX8r2gMFb8MFcNTcKlqEPHij22CdypP4sxL/COtuTphEEnrYJh31e1YN6tNo01afTqEG3Nf4VaFrVW/LPhJjMgAgdzc6voWvHmo9gYkiLUt2BeKLjfTP3uT19ELyAM1szM1UgEAAQA= yoonhb@unknown
INFO         |   androidboot.qemu.avd_name=spinon_api37_0_compat
INFO         |   androidboot.qemu.camera_hq_edge_processing=0
INFO         |   androidboot.qemu.cpuvulkan.version=4202496
INFO         |   androidboot.qemu.gltransport.drawFlushInterval=800
INFO         |   androidboot.qemu.gltransport.name=pipe
INFO         |   androidboot.qemu.hwcodec.avcdec=2
INFO         |   androidboot.qemu.hwcodec.hevcdec=2
INFO         |   androidboot.qemu.hwcodec.vpxdec=2
INFO         |   androidboot.qemu.settings.system.screen_off_timeout=2147483647
INFO         |   androidboot.qemu.skin=1080x2400
INFO         |   androidboot.qemu.virtiowifi=1
INFO         |   androidboot.qemu.vsync=60
INFO         |   androidboot.serialno=EMULATOR37X2X12X0
INFO         |   androidboot.vbmeta.digest=8973e1ab56e853ac0ed1f6afcb66b4b9600630ed3625c614f1ad9a2a4c3d2ccd
INFO         |   androidboot.vbmeta.hash_alg=sha256
INFO         |   androidboot.vbmeta.size=6784
INFO         | Activated packet streamer for uwb emulation
INFO         | Activated packet streamer for bluetooth emulation
qemu-system-aarch64-headless: qemu_mprotect__osdep: mprotect failed: Permission denied
qemu-system-aarch64-headless: qemu_mprotect__osdep: mprotect failed: Permission denied
qemu-system-aarch64-headless: qemu_mprotect__osdep: mprotect failed: Permission denied
qemu-system-aarch64-headless: qemu_mprotect__osdep: mprotect failed: Permission denied
qemu-system-aarch64-headless: qemu_mprotect__osdep: mprotect failed: Permission denied
qemu-system-aarch64-headless: qemu_mprotect__osdep: mprotect failed: Permission denied
qemu-system-aarch64-headless: qemu_mprotect__osdep: mprotect failed: Permission denied
qemu-system-aarch64-headless: qemu_mprotect__osdep: mprotect failed: Permission denied
qemu-system-aarch64-headless: qemu_mprotect__osdep: mprotect failed: Permission denied
qemu-system-aarch64-headless: qemu_mprotect__osdep: mprotect failed: Permission denied
qemu-system-aarch64-headless: qemu_mprotect__osdep: mprotect failed: Permission denied
qemu-system-aarch64-headless: qemu_mprotect__osdep: mprotect failed: Permission denied
qemu-system-aarch64-headless: qemu_mprotect__osdep: mprotect failed: Permission denied
qemu-system-aarch64-headless: qemu_mprotect__osdep: mprotect failed: Permission denied
qemu-system-aarch64-headless: qemu_mprotect__osdep: mprotect failed: Permission denied
qemu-system-aarch64-headless: qemu_mprotect__osdep: mprotect failed: Permission denied
qemu-system-aarch64-headless: qemu_mprotect__osdep: mprotect failed: Permission denied
qemu-system-aarch64-headless: qemu_mprotect__osdep: mprotect failed: Permission denied
qemu-system-aarch64-headless: qemu_mprotect__osdep: mprotect failed: Permission denied
qemu-system-aarch64-headless: qemu_mprotect__osdep: mprotect failed: Permission denied
qemu-system-aarch64-headless: qemu_mprotect__osdep: mprotect failed: Permission denied
qemu-system-aarch64-headless: qemu_mprotect__osdep: mprotect failed: Permission denied
qemu-system-aarch64-headless: qemu_mprotect__osdep: mprotect failed: Permission denied
qemu-system-aarch64-headless: qemu_mprotect__osdep: mprotect failed: Permission denied
qemu-system-aarch64-headless: qemu_mprotect__osdep: mprotect failed: Permission denied
qemu-system-aarch64-headless: qemu_mprotect__osdep: mprotect failed: Permission denied
qemu-system-aarch64-headless: qemu_mprotect__osdep: mprotect failed: Permission denied
qemu-system-aarch64-headless: qemu_mprotect__osdep: mprotect failed: Permission denied
qemu-system-aarch64-headless: qemu_mprotect__osdep: mprotect failed: Permission denied
qemu-system-aarch64-headless: qemu_mprotect__osdep: mprotect failed: Permission denied
qemu-system-aarch64-headless: qemu_mprotect__osdep: mprotect failed: Permission denied
qemu-system-aarch64-headless: qemu_mprotect__osdep: mprotect failed: Permission denied
INFO         | Monitoring duration of emulator setup.
WARNING      | Requested adb port (5591) is outside the recommended range [5555,5586]. ADB may not function properly for the emulator. See -help-port for details.
INFO         | Successfully initialized netsim WiFi
INFO         | Setting display: 0 configuration to: 1080x2400, dpi: 420x420
INFO         | setDisplayActiveConfig: id:0, 1080x2400
INFO         | emulatorSetupEnvironment: Environment scene is not required
USER_INFO    | Emulator is performing a full startup. This may take upto two minutes, or more.
ERROR        | detected a hanging thread 'QEMU2 main loop'. No response for 15023 ms
ERROR        | detected a hanging thread 'QEMU2 CPU0 thread'. No response for 15026 ms
ERROR        | detected a hanging thread 'QEMU2 CPU1 thread'. No response for 15026 ms
ERROR        | detected a hanging thread 'QEMU2 CPU2 thread'. No response for 15026 ms
ERROR        | detected a hanging thread 'QEMU2 CPU3 thread'. No response for 15026 ms
ERROR        | detected a hanging thread 'QEMU2 main loop'. No response for 15023 ms
