Timestamp               Ty Process[PID:TID]
2026-10-11 09:08:25.933 Df SpinonBootstrap[72632:7a0e8e2] (libMobileGestalt.dylib) No persisted cache on this platform.
2026-10-11 09:08:25.933 Df SpinonBootstrap[72632:7a0e8e7] [com.apple.xpc:connection] [0x103405050] activating connection: mach=true listener=false peer=false name=com.apple.cfprefsd.daemon
2026-10-11 09:08:25.933 Df SpinonBootstrap[72632:7a0e8e8] [com.apple.BoardServices:XPCErrors] [C:1] Alloc com.apple.frontboard.systemappservices
2026-10-11 09:08:25.933 Df SpinonBootstrap[72632:7a0e8e8] [com.apple.xpc:connection] [0x103605a70] activating connection: mach=false listener=false peer=false name=(anonymous)
2026-10-11 09:08:25.934 A  SpinonBootstrap[72632:7a0e8e7] (CoreFoundation) Loading Preferences From User Session CFPrefsD
2026-10-11 09:08:25.937 Df SpinonBootstrap[72632:7a0e8e6] [com.apple.UIKit:BackgroundTask] Creating new assertion because there is no existing background assertion.
2026-10-11 09:08:25.937 Df SpinonBootstrap[72632:7a0e8e6] [com.apple.UIKit:BackgroundTask] Creating new background assertion
2026-10-11 09:08:25.937 Df SpinonBootstrap[72632:7a0e8e6] [com.apple.UIKit:BackgroundTask] Created new background assertion <BKSProcessAssertion: 0x600002109c70>
2026-10-11 09:08:25.937 Df SpinonBootstrap[72632:7a0e8e6] [com.apple.runningboard:connection] Initializing connection
2026-10-11 09:08:25.937 Df SpinonBootstrap[72632:7a0e8e2] [com.apple.UIKit:Application] Deactivation reason added: 10; deactivation reasons: 0 -> 1024; animating application lifecycle event: 0
2026-10-11 09:08:25.937 Df SpinonBootstrap[72632:7a0e8e6] [com.apple.runningboard:process] Removing all cached process handles
2026-10-11 09:08:25.937 Df SpinonBootstrap[72632:7a0e8e7] [com.apple.runningboard:connection] Sending handshake request attempt #1 to server
2026-10-11 09:08:25.937 Df SpinonBootstrap[72632:7a0e8e7] [com.apple.runningboard:connection] Creating connection to com.apple.runningboard
2026-10-11 09:08:25.937 Df SpinonBootstrap[72632:7a0e8e7] [com.apple.xpc:connection] [0x103405160] activating connection: mach=true listener=false peer=false name=com.apple.runningboard
2026-10-11 09:08:25.937 Df SpinonBootstrap[72632:7a0e8e2] [com.apple.BoardServices:Injection] activating monitor for service com.apple.frontboard.open
2026-10-11 09:08:25.937 Df SpinonBootstrap[72632:7a0e8e2] [com.apple.BoardServices:Injection] activating monitor for service com.apple.frontboard.workspace-service
2026-10-11 09:08:25.938 A  SpinonBootstrap[72632:7a0e8eb] (RunningBoardServices) didChangeInheritances
2026-10-11 09:08:25.938 Df SpinonBootstrap[72632:7a0e8e2] [com.apple.FrontBoard:Common] FBSWorkspace registering source: com.apple.frontboard.systemappservices
2026-10-11 09:08:25.938 Df SpinonBootstrap[72632:7a0e8e7] [com.apple.runningboard:connection] Handshake succeeded
2026-10-11 09:08:25.938 Df SpinonBootstrap[72632:7a0e8e7] [com.apple.runningboard:connection] Identity resolved as app<dev.spinon.bootstrap((null))>
2026-10-11 09:08:25.938 Df SpinonBootstrap[72632:7a0e8e6] [com.apple.UIKit:BackgroundTask] Incrementing reference count for background assertion <BKSProcessAssertion: 0x600002109c70>
2026-10-11 09:08:25.938 Df SpinonBootstrap[72632:7a0e8e6] [com.apple.UIKit:BackgroundTask] Created background task <_UIBackgroundTaskInfo: 0x600001709140>: taskID = 1, taskName = Launch Background Task for Coalescing, creationTime = 999449 (elapsed = 0).
2026-10-11 09:08:25.938 Df SpinonBootstrap[72632:7a0e8e6] [com.apple.FrontBoard:SceneExtension] Realizing settings extension _UIApplicationSceneKeyboardSettings on FBSSceneSettings
2026-10-11 09:08:25.938 Df SpinonBootstrap[72632:7a0e8e2] [com.apple.FrontBoard:Common] FBSWorkspace connected to endpoint : <BSServiceConnectionEndpoint: 0x600000204480; target: com.apple.frontboard.systemappservices; service: com.apple.frontboard.workspace-service>
2026-10-11 09:08:25.939 Df SpinonBootstrap[72632:7a0e8e6] [com.apple.FrontBoard:SceneExtension] Realizing settings extension <_UISceneOcclusionSettings> on FBSSceneSettings
2026-10-11 09:08:25.939 Df SpinonBootstrap[72632:7a0e8e2] [com.apple.FrontBoard:Common] <FBSWorkspaceScenesClient:0x600003008090 com.apple.frontboard.systemappservices> attempting immediate handshake from activate
2026-10-11 09:08:25.939 Df SpinonBootstrap[72632:7a0e8e2] [com.apple.FrontBoard:Common] <FBSWorkspaceScenesClient:0x600003008090 com.apple.frontboard.systemappservices> sent handshake
2026-10-11 09:08:25.939 Df SpinonBootstrap[72632:7a0e8e6] [com.apple.FrontBoard:SceneExtension] Realizing settings extension <_UISceneInterfaceProtectionSettings> on FBSSceneSettings
2026-10-11 09:08:25.939 Df SpinonBootstrap[72632:7a0e8e2] [com.apple.runningboard:general] Added observer for process assertions expiration warning: <_RBSExpirationWarningClient: 0x600000205a40>
2026-10-11 09:08:25.939 Df SpinonBootstrap[72632:7a0e8e6] [com.apple.FrontBoard:SceneExtension] Realizing settings extension _UISceneLayoutPreferencesHostSettingsExtension on FBSSceneSettings
2026-10-11 09:08:25.939 Df SpinonBootstrap[72632:7a0e8e6] [com.apple.FrontBoard:SceneExtension] Realizing settings extension _UISceneSafeAreaSettingsExtension on FBSSceneSettings
2026-10-11 09:08:25.939 Df SpinonBootstrap[72632:7a0e8e6] [com.apple.FrontBoard:SceneExtension] Realizing settings extension _UISceneLayoutPreferenceClientSettingsExtension on FBSSceneClientSettings
2026-10-11 09:08:25.939 Df SpinonBootstrap[72632:7a0e8e6] [com.apple.FrontBoard:SceneExtension] Realizing settings extension <_UIHomeAffordanceHostSceneSettings> on FBSSceneSettings
2026-10-11 09:08:25.939 Df SpinonBootstrap[72632:7a0e8e6] [com.apple.FrontBoard:SceneExtension] Realizing settings extension _UISystemShellSceneHostingEnvironmentSettings on FBSSceneSettings
2026-10-11 09:08:25.939 Df SpinonBootstrap[72632:7a0e8e6] [com.apple.FrontBoard:SceneExtension] Realizing settings extension _UISceneRenderingEnvironmentSettings on FBSSceneSettings
2026-10-11 09:08:25.939 Df SpinonBootstrap[72632:7a0e8e6] [com.apple.FrontBoard:SceneExtension] Realizing settings extension <_UISceneRenderingEnvironmentClientSettings> on FBSSceneClientSettings
2026-10-11 09:08:25.939 Df SpinonBootstrap[72632:7a0e8e6] [com.apple.FrontBoard:SceneExtension] Realizing settings extension <_UISceneTransitioningHostSettings> on FBSSceneSettings
2026-10-11 09:08:25.939 Df SpinonBootstrap[72632:7a0e8e6] [com.apple.FrontBoard:SceneExtension] Realizing settings extension <_UISceneFocusSystemSettings> on FBSSceneSettings
2026-10-11 09:08:25.939 Df SpinonBootstrap[72632:7a0e8e6] [com.apple.FrontBoard:SceneExtension] Realizing settings extension _UISceneOrientationSettingsExtension on FBSSceneSettings
2026-10-11 09:08:25.939 Df SpinonBootstrap[72632:7a0e8e6] [com.apple.FrontBoard:SceneExtension] Realizing settings extension _UISceneOrientationClientSettingsExtension on FBSSceneClientSettings
2026-10-11 09:08:25.940 Df SpinonBootstrap[72632:7a0e8e6] [com.apple.FrontBoard:SceneExtension] Realizing settings extension _UISceneWindowingControlClientSettings on FBSSceneClientSettings
2026-10-11 09:08:25.940 Df SpinonBootstrap[72632:7a0e8e6] [com.apple.FrontBoard:SceneExtension] Realizing settings extension <_UISceneHostingContentSizePreferenceClientSettings> on FBSSceneClientSettings
2026-10-11 09:08:25.940 Df SpinonBootstrap[72632:7a0e8e6] [com.apple.FrontBoard:SceneExtension] Realizing settings extension _UISceneHostingTraitCollectionPropagationSettings on FBSSceneSettings
2026-10-11 09:08:25.940 Df SpinonBootstrap[72632:7a0e8e6] [com.apple.FrontBoard:SceneExtension] Realizing settings extension <_UISceneHostingSheetPresentationSettings> on FBSSceneSettings
2026-10-11 09:08:25.940 Df SpinonBootstrap[72632:7a0e8e6] [com.apple.FrontBoard:SceneExtension] Realizing settings extension <_UISceneHostingSheetPresentationClientSettings> on FBSSceneClientSettings
2026-10-11 09:08:25.940 Df SpinonBootstrap[72632:7a0e8e6] [com.apple.FrontBoard:SceneExtension] Realizing settings extension <_UISceneHostingEventDeferringSettings> on FBSSceneSettings
2026-10-11 09:08:25.940 Df SpinonBootstrap[72632:7a0e8e6] [com.apple.FrontBoard:SceneExtension] Realizing settings extension <UIKit__UITypedKeyValueSceneSettings> on FBSSceneSettings
2026-10-11 09:08:25.940 Df SpinonBootstrap[72632:7a0e8e6] [com.apple.FrontBoard:SceneExtension] Realizing settings extension <UIKit__UITypedKeyValueSceneSettings> on FBSSceneClientSettings
2026-10-11 09:08:25.940 Df SpinonBootstrap[72632:7a0e8e6] [com.apple.FrontBoard:SceneExtension] Realizing settings extension <_UISceneHostingViewControllerPreferencePropagationClientSettings> on FBSSceneClientSettings
2026-10-11 09:08:25.940 Df SpinonBootstrap[72632:7a0e8e6] [com.apple.FrontBoard:SceneExtension] Realizing settings extension <_UISceneZoomTransitionSettings> on FBSSceneSettings
2026-10-11 09:08:25.940 Df SpinonBootstrap[72632:7a0e8e7] [com.apple.FrontBoard:SceneExtension] Realizing settings extension FBSSceneSettingsCore on FBSSceneSettings
2026-10-11 09:08:25.940 Df SpinonBootstrap[72632:7a0e8e2] [com.apple.UIKit:UIScreen] Evaluated capturing state as 0 on <UIScreen: 0x103505c20> for initial
2026-10-11 09:08:25.941 Df SpinonBootstrap[72632:7a0e8e2] [com.apple.UIKit:UIScreen] Evaluated capturing state as 0 on <UIScreen: 0x103505c20> for CADisplay KVO
2026-10-11 09:08:25.941 Df SpinonBootstrap[72632:7a0e8e7] [com.apple.FrontBoard:SceneExtension] Realizing settings extension FBSSceneClientSettingsCore on FBSSceneClientSettings
2026-10-11 09:08:25.942 Df SpinonBootstrap[72632:7a0e8e2] [com.apple.Accessibility:AXSupportCommon] Read CategoryName: per-app = 1, category name = (null)
2026-10-11 09:08:25.942 Df SpinonBootstrap[72632:7a0e8e2] [com.apple.Accessibility:AXSupportCommon] Read CategoryName: per-app = 0, category name = UICTContentSizeCategoryL
2026-10-11 09:08:25.945 Df SpinonBootstrap[72632:7a0e8e7] [com.apple.FrontBoard:SceneExtension] UIMutableApplicationSceneSettings setting counterpart class: UIApplicationSceneSettings
2026-10-11 09:08:25.946 Df SpinonBootstrap[72632:7a0e8e7] [com.apple.FrontBoard:SceneExtension] UIMutableApplicationSceneClientSettings setting counterpart class: UIApplicationSceneClientSettings
2026-10-11 09:08:25.946 Df SpinonBootstrap[72632:7a0e8e7] [com.apple.FrontBoard:SceneExtension] Realizing settings extension FBSSceneTransitionContextCore on FBSSceneTransitionContext
2026-10-11 09:08:25.946 Df SpinonBootstrap[72632:7a0e8e2] [com.apple.dt.xctest:Default] Registering for test daemon availability notify post.
2026-10-11 09:08:25.946 Df SpinonBootstrap[72632:7a0e8e2] [com.apple.dt.xctest:Default] notify_get_state check indicated test daemon not ready.
2026-10-11 09:08:25.946 Df SpinonBootstrap[72632:7a0e8e2] [com.apple.dt.xctest:Default] notify_get_state check indicated test daemon not ready.
2026-10-11 09:08:25.946 Df SpinonBootstrap[72632:7a0e8e2] [com.apple.dt.xctest:Default] notify_get_state check indicated test daemon not ready.
2026-10-11 09:08:25.946 Df SpinonBootstrap[72632:7a0e8e2] [com.apple.UIKit:UpdateScheduler] Selected display: name=LCD (PurpleMain), id=1
2026-10-11 09:08:25.947 Df SpinonBootstrap[72632:7a0e8e2] [com.apple.UIKit:BackgroundTask] Will add backgroundTask with taskName: Persistent SceneSession Map Update, expirationHandler: <__NSGlobalBlock__: 0x1e61729e0>
2026-10-11 09:08:25.947 Df SpinonBootstrap[72632:7a0e8e2] [com.apple.UIKit:BackgroundTask] Reusing background assertion <BKSProcessAssertion: 0x600002109c70>
2026-10-11 09:08:25.947 Df SpinonBootstrap[72632:7a0e8e2] [com.apple.UIKit:BackgroundTask] Incrementing reference count for background assertion <BKSProcessAssertion: 0x600002109c70>
2026-10-11 09:08:25.947 Df SpinonBootstrap[72632:7a0e8e2] [com.apple.UIKit:BackgroundTask] Created background task <_UIBackgroundTaskInfo: 0x600001712fc0>: taskID = 2, taskName = Persistent SceneSession Map Update, creationTime = 999449 (elapsed = 0).
2026-10-11 09:08:25.947 Df SpinonBootstrap[72632:7a0e8e2] [com.apple.UIKit:Application] Deactivation reason added: 5; deactivation reasons: 1024 -> 1056; animating application lifecycle event: 1
2026-10-11 09:08:25.947 Df SpinonBootstrap[72632:7a0e8e2] [com.apple.UIKit:InterfaceStyle] Not push traits update to screen for new style 2, <UIWindowScene: 0x103607dd0> (F5E6004D-BAA6-49C7-B519-8363344A080F)
2026-10-11 09:08:25.947 Df SpinonBootstrap[72632:7a0e8e2] [com.apple.UIKit:InterfaceStyle] Should send trait collection or coordinate space update, interface style 2 -> 2, <UIWindowScene: 0x103607dd0> (F5E6004D-BAA6-49C7-B519-8363344A080F)
2026-10-11 09:08:25.948 Df SpinonBootstrap[72632:7a0e8e2] [com.apple.UIKit:InterfaceStyle] Not push traits update to screen for new style 2, <UIWindowScene: 0x103607dd0> (F5E6004D-BAA6-49C7-B519-8363344A080F)
2026-10-11 09:08:25.948 Df SpinonBootstrap[72632:7a0e8e2] [com.apple.UIKit:HomeAffordanceObservation] Initializing: <_UIHomeAffordanceSceneNotifier: 0x600002901e30>; with scene: <UIWindowScene: 0x103607dd0>
2026-10-11 09:08:25.948 Df SpinonBootstrap[72632:7a0e8e2] [com.apple.BacklightServices:scenes] 0x600000c0d530 setDelegate:<0x600000c0e130 _UIBacklightEnvironment> hasDelegate:YES for environment:sceneID:dev.spinon.bootstrap-default
2026-10-11 09:08:25.948 Df SpinonBootstrap[72632:7a0e8e2] [com.apple.UIKit:InterfaceStyle] Not push traits update to screen for new style 2, <UIWindowScene: 0x103607dd0> (F5E6004D-BAA6-49C7-B519-8363344A080F)
2026-10-11 09:08:25.948 Df SpinonBootstrap[72632:7a0e8e2] [com.apple.UIKit:EventDeferring] [0x600002901ea0] Initialized with scene: <UIWindowScene: 0x103607dd0>; behavior: <_UIEventDeferringBehavior_iOS: 0x60000020e820>; availableForProcess: 1, systemShellManagesKeyboardFocus: 1
2026-10-11 09:08:25.948 Df SpinonBootstrap[72632:7a0e8e2] [com.apple.BoardServices:XPCErrors] [C:2] Alloc com.apple.backboard.hid-services.xpc
2026-10-11 09:08:25.948 Df SpinonBootstrap[72632:7a0e8e2] [com.apple.xpc:connection] [0x103606d70] activating connection: mach=false listener=false peer=false name=(anonymous)
2026-10-11 09:08:25.949 Df SpinonBootstrap[72632:7a0e8eb] [com.apple.BackBoard:EventDelivery] BKSHIDEventObserver - connection activation
2026-10-11 09:08:25.949 Df SpinonBootstrap[72632:7a0e8e2] [com.apple.BackBoard:EventDelivery] policyStatus:<BKSHIDEventDeliveryPolicyObserver: 0x60000260e280; process scope; status: target> was:none
2026-10-11 09:08:25.949 Df SpinonBootstrap[72632:7a0e8e2] [com.apple.UIKit:KeyWindow] Setting default evaluation strategy for UIUserInterfaceIdiomPhone to LastOneWins
2026-10-11 09:08:25.949 Df SpinonBootstrap[72632:7a0e8e2] [com.apple.UIKit:KeyWindow] Scene target of keyboard event deferring environment did change: 1; scene: UIWindowScene: 0x103607dd0; scene identity: com.apple.frontboard.systemappservices/FBSceneManager:sceneID%3Adev.spinon.bootstrap-default
2026-10-11 09:08:25.949 Df SpinonBootstrap[72632:7a0e8e2] [com.apple.UIKit:EventDeferring] [0x600002901ea0] Scene target of event deferring environments did update: scene: 0x103607dd0; current systemShellManagesKeyboardFocus: 1; systemShellManagesKeyboardFocusForScene: 1; eligibleForRecordRemoval: 1;
2026-10-11 09:08:25.949 Df SpinonBootstrap[72632:7a0e8e2] [com.apple.UIKit:KeyWindow] Scene became target of keyboard event deferring environment: UIWindowScene: 0x103607dd0; scene identity: com.apple.frontboard.systemappservices/FBSceneManager:sceneID%3Adev.spinon.bootstrap-default
2026-10-11 09:08:25.949 Df SpinonBootstrap[72632:7a0e8e2] [com.apple.UIKit:KeyWindow] Stack[KeyWindow] 0x600000c38750: Taking no further action for migration from LastOneWins -> SystemShellManaged as there are no scenes
2026-10-11 09:08:25.949 Df SpinonBootstrap[72632:7a0e8e2] [com.apple.UIKit:KeyWindow] Setting default evaluation strategy for UIUserInterfaceIdiomPhone to SystemShellManaged
2026-10-11 09:08:25.949 Df SpinonBootstrap[72632:7a0e8e2] [com.apple.UIKit:KeyWindow] Key window needs update: 0; currentKeyWindowScene: 0x0; evaluatedKeyWindowScene: 0x103607dd0; currentApplicationKeyWindow: 0x0; evaluatedApplicationKeyWindow: 0x0; reason: UIWindowScene: 0x103607dd0: Window scene became target of keyboard environment
2026-10-11 09:08:25.949 Df SpinonBootstrap[72632:7a0e8e2] [com.apple.UIKit:InterfaceStyle] Not push traits update to screen for new style 2, <UIWindowScene: 0x103607dd0> (F5E6004D-BAA6-49C7-B519-8363344A080F)
2026-10-11 09:08:25.949 Df SpinonBootstrap[72632:7a0e8e2] [com.apple.UIKit:InterfaceStyle] Not push traits update to screen for new style 2, <UIWindowScene: 0x103607dd0> (F5E6004D-BAA6-49C7-B519-8363344A080F)
2026-10-11 09:08:25.949 Df SpinonBootstrap[72632:7a0e8e2] [com.apple.UIKit:InterfaceStyle] Not push traits update to screen for new style 2, <UIWindowScene: 0x103607dd0> (F5E6004D-BAA6-49C7-B519-8363344A080F)
2026-10-11 09:08:25.949 F  SpinonBootstrap[72632:7a0e8e2] [com.apple.runtime-issues:UIKit App Config] `UIScene` lifecycle will soon be required. Failure to adopt will result in an assert in the future.
2026-10-11 09:08:25.949 A  SpinonBootstrap[72632:7a0e8e2] (libsystem_trace.dylib) Activity for state dumps
2026-10-11 09:08:25.950 Df SpinonBootstrap[72632:7a0e8e2] [com.apple.UIKit:InterfaceStyle] Not push traits update to screen for new style 2, <UIWindowScene: 0x103607dd0> (F5E6004D-BAA6-49C7-B519-8363344A080F)
2026-10-11 09:08:25.950 Df SpinonBootstrap[72632:7a0e8e2] [com.apple.UIKit:AppLifecycle] sceneOfRecord: sceneID: sceneID:dev.spinon.bootstrap-default  persistentID: F5E6004D-BAA6-49C7-B519-8363344A080F
2026-10-11 09:08:25.950 Df SpinonBootstrap[72632:7a0e8e2] [com.apple.UIKit:Application] Ignoring already applied deactivation reason: 5; deactivation reasons: 1056
2026-10-11 09:08:25.950 Df SpinonBootstrap[72632:7a0e8e2] [com.apple.UIKit:Application] Deactivation reason added: 11; deactivation reasons: 1056 -> 3104; animating application lifecycle event: 1
2026-10-11 09:08:25.950 Df SpinonBootstrap[72632:7a0e8e2] [com.apple.KeyboardArbiter:Client] startConnection
2026-10-11 09:08:25.950 Df SpinonBootstrap[72632:7a0e8e2] [com.apple.xpc:connection] [0x10360a060] activating connection: mach=true listener=false peer=false name=com.apple.UIKit.KeyboardManagement.hosted
2026-10-11 09:08:25.959 Df SpinonBootstrap[72632:7a0e8e2] [com.apple.xpc:connection] [0x1034059a0] activating connection: mach=true listener=false peer=false name=com.apple.metal.simulator
2026-10-11 09:08:25.959 Df SpinonBootstrap[72632:7a0e8e2] [com.apple.xpc:connection] [0x103507160] activating connection: mach=true listener=false peer=false name=com.apple.metal.simulator
2026-10-11 09:08:25.960 Df SpinonBootstrap[72632:7a0e8e2] [com.apple.xpc:connection] [0x1032097c0] activating connection: mach=true listener=false peer=false name=com.apple.metal.simulator
2026-10-11 09:08:25.962 Df SpinonBootstrap[72632:7a0e8e9] [com.apple.xpc:connection] [0x103306a20] activating connection: mach=true listener=false peer=false name=com.apple.fontservicesd
2026-10-11 09:08:25.969 Df SpinonBootstrap[72632:7a0e8e2] [com.apple.UIKit:Orientation] <UIWindowScene: 0x103607dd0> (F5E6004D-BAA6-49C7-B519-8363344A080F) Scene updated orientation preferences: none -> ( Pu Ll Lr )
2026-10-11 09:08:25.970 Df SpinonBootstrap[72632:7a0e8e2] [com.apple.UIKit:KeyWindow] Key window API is scene-level: YES
2026-10-11 09:08:25.970 Df SpinonBootstrap[72632:7a0e8e2] [com.apple.UIKit:KeyWindow] UIWindowScene: 0x103607dd0: Window became key in scene: UIWindow: 0x103206e80; contextId: 0xB6339F32: reason: UIWindowScene: 0x103607dd0: Window requested to become key in scene: 0x103206e80
2026-10-11 09:08:25.970 Df SpinonBootstrap[72632:7a0e8e2] [com.apple.UIKit:KeyWindow] Key window needs update: 1; currentKeyWindowScene: 0x0; evaluatedKeyWindowScene: 0x103607dd0; currentApplicationKeyWindow: 0x0; evaluatedApplicationKeyWindow: 0x103206e80; reason: UIWindowScene: 0x103607dd0: Window requested to become key in scene: 0x103206e80
2026-10-11 09:08:25.970 Df SpinonBootstrap[72632:7a0e8e2] [com.apple.UIKit:KeyWindow] Window did become application key: UIWindow: 0x103206e80; contextId: 0xB6339F32; scene identity: com.apple.frontboard.systemappservices/FBSceneManager:sceneID%3Adev.spinon.bootstrap-default
2026-10-11 09:08:25.970 Df SpinonBootstrap[72632:7a0e8e2] [com.apple.UIKit:EventDeferring] [0x600002901ea0] Begin local event deferring requested for token: 0x60000262d560; environments: 1; reason: UIWindowScene: 0x103607dd0: Begin event deferring in keyboardFocus for window: 0x103206e80
2026-10-11 09:08:25.970 Df SpinonBootstrap[72632:7a0e8e9] [com.apple.BackBoard:EventDelivery] BKSHIDEventDeliveryManager - connection activation
2026-10-11 09:08:25.970 Df SpinonBootstrap[72632:7a0e8e2] [com.apple.UIKit:Application] Deactivation reason removed: 10; deactivation reasons: 3104 -> 2080; animating application lifecycle event: 1
2026-10-11 09:08:25.971 Df SpinonBootstrap[72632:7a0e8e2] [com.apple.UIKit:Application] Deactivation reason added: 12; deactivation reasons: 2080 -> 6176; animating application lifecycle event: 1
2026-10-11 09:08:25.971 Df SpinonBootstrap[72632:7a0e8e2] [com.apple.UIKit:Application] Deactivation reason removed: 11; deactivation reasons: 6176 -> 4128; animating application lifecycle event: 1
2026-10-11 09:08:25.971 Df SpinonBootstrap[72632:7a0e8e2] [com.apple.FrontBoard:SceneExtension] Realizing settings extension <_UISceneIntelligenceSupportSettings> on FBSSceneSettings
2026-10-11 09:08:25.971 Df SpinonBootstrap[72632:7a0e8e7] [com.apple.BackBoard:EventDelivery] policyStatus:<BKSHIDEventDeliveryPolicyObserver: 0x60000260e280; token: com.apple.frontboard.systemappservices/FBSceneManager:sceneID%3Adev.spinon.bootstrap-default; status: ancestor> was:target
2026-10-11 09:08:25.971 Df SpinonBootstrap[72632:7a0e8e9] [com.apple.UIIntelligenceSupport:xpc] establishing connection to agent
2026-10-11 09:08:25.971 Df SpinonBootstrap[72632:7a0e8e9] [com.apple.xpc:session] [0x600002114c80] Session created.
2026-10-11 09:08:25.971 Df SpinonBootstrap[72632:7a0e8e9] [com.apple.xpc:session] [0x600002114c80] Session created from connection [0x10350f190]
2026-10-11 09:08:25.971 Df SpinonBootstrap[72632:7a0e8e9] [com.apple.xpc:connection] [0x10350f190] activating connection: mach=true listener=false peer=false name=com.apple.uiintelligencesupport.agent
2026-10-11 09:08:25.971 Df SpinonBootstrap[72632:7a0e8e9] [com.apple.xpc:session] [0x600002114c80] Session activated
2026-10-11 09:08:25.971 Df SpinonBootstrap[72632:7a0e8e2] [com.apple.UIKit:InterfaceStyle] Not push traits update to screen for new style 2, <UIWindowScene: 0x103607dd0> (F5E6004D-BAA6-49C7-B519-8363344A080F)
2026-10-11 09:08:25.976 Df SpinonBootstrap[72632:7a0e8e2] (Foundation) SPINON_C0410_VIEWPORT_CHANGED css=320.0x240.0 scale=3.0 drawable=960x720
2026-10-11 09:08:25.976 Df SpinonBootstrap[72632:7a0e8e2] (Foundation) SPINON_C0410_SURFACE_CHANGED generation=1 size=960x720
2026-10-11 09:08:25.977 Df SpinonBootstrap[72632:7a0e8e2] [PrototypeTools:domain] Not observing PTDefaults on customer install.
2026-10-11 09:08:25.984 A  SpinonBootstrap[72632:7a0e8e9] (RunningBoardServices) didChangeInheritances
2026-10-11 09:08:25.984 Df SpinonBootstrap[72632:7a0e8e2] [com.apple.xpc:connection] [0x103609f30] activating connection: mach=true listener=false peer=false name=com.apple.lsd.mapdb
2026-10-11 09:08:25.985 A  SpinonBootstrap[72632:7a0e8e7] (RunningBoardServices) didChangeInheritances
2026-10-11 09:08:25.989 Df SpinonBootstrap[72632:7a0e8e2] [com.apple.network:activity] Create activity from XPC object <nw_activity 50:1 [95640017-A9D2-49C4-96EE-4CF6DFAB9F1F] (reporting strategy default)>
2026-10-11 09:08:25.989 Df SpinonBootstrap[72632:7a0e8e2] [com.apple.network:activity] Create activity from XPC object <nw_activity 50:2 [55C52E37-7D45-4E44-A548-7B74AD13A41C] (reporting strategy default)>
2026-10-11 09:08:25.989 Df SpinonBootstrap[72632:7a0e8e2] [com.apple.network:activity] Set activity <nw_activity 50:1 [95640017-A9D2-49C4-96EE-4CF6DFAB9F1F] (reporting strategy default)> as the global parent
2026-10-11 09:08:25.989 Df SpinonBootstrap[72632:7a0e8e2] [com.apple.UIKit:BackgroundTask] Ending background task with UIBackgroundTaskIdentifier: 1
2026-10-11 09:08:25.989 Df SpinonBootstrap[72632:7a0e8e2] [com.apple.UIKit:BackgroundTask] Ending task with identifier 1 and description: <_UIBackgroundTaskInfo: 0x600001709140>: taskID = 1, taskName = Launch Background Task for Coalescing, creationTime = 999449 (elapsed = 1), _expireHandler: (null)
2026-10-11 09:08:25.989 Df SpinonBootstrap[72632:7a0e8e2] [com.apple.UIKit:BackgroundTask] Decrementing reference count for assertion <BKSProcessAssertion: 0x600002109c70> (used by background task with identifier 1: <_UIBackgroundTaskInfo: 0x600001709140>: taskID = 1, taskName = Launch Background Task for Coalescing, creationTime = 999449 (elapsed = 1))
2026-10-11 09:08:25.989 Df SpinonBootstrap[72632:7a0e8e2] [com.apple.UIKit:EventBus] Event Timing Profile for Touch: not found, path="/System/Library/EventTimingProfiles/Sim.Touch.plist"
2026-10-11 09:08:25.989 Df SpinonBootstrap[72632:7a0e8e2] [com.apple.UIKit:EventBus] Event Timing Profile for Pencil: not found, path="/System/Library/EventTimingProfiles/Sim.Pencil.plist"
2026-10-11 09:08:25.989 Df SpinonBootstrap[72632:7a0e8e2] [com.apple.UIKit:UpdateScheduler] Target list changed: <CADisplay:LCD PurpleMain>
2026-10-11 09:08:25.989 Df SpinonBootstrap[72632:7a0e8e2] [com.apple.UIKit:AppLifecycle] sceneOfRecord: sceneID: sceneID:dev.spinon.bootstrap-default  persistentID: F5E6004D-BAA6-49C7-B519-8363344A080F
2026-10-11 09:08:25.989 Df SpinonBootstrap[72632:7a0e8e2] [com.apple.UIKit:InterfaceStyle] Not push traits update to screen for new style 2, <UIWindowScene: 0x103607dd0> (F5E6004D-BAA6-49C7-B519-8363344A080F)
2026-10-11 09:08:25.990 Df SpinonBootstrap[72632:7a0e8e2] [com.apple.UIKit:EventDeferring] [0x600002901ea0] Scene target of event deferring environments did update: scene: 0x103607dd0; current systemShellManagesKeyboardFocus: 1; systemShellManagesKeyboardFocusForScene: 1; eligibleForRecordRemoval: 1;
2026-10-11 09:08:25.990 Sd SpinonBootstrap[72632:0] (IOKit) IOHIDManager State
{
    DispatchQueue = 0;
    RunLoop = 1;
    createOptions = 0;
    isOpen = 0;
    openOptions = 0;
}
2026-10-11 09:08:25.990 Df SpinonBootstrap[72632:7a0e8e2] [com.apple.UIKit:KeyWindow] Scene became target of keyboard event deferring environment: UIWindowScene: 0x103607dd0; scene identity: com.apple.frontboard.systemappservices/FBSceneManager:sceneID%3Adev.spinon.bootstrap-default
2026-10-11 09:08:25.990 Df SpinonBootstrap[72632:7a0e8e2] [com.apple.UIKit:AppLifecycle] sceneOfRecord: sceneID: sceneID:dev.spinon.bootstrap-default  persistentID: F5E6004D-BAA6-49C7-B519-8363344A080F
2026-10-11 09:08:25.990 Df SpinonBootstrap[72632:7a0e8e2] [com.apple.KeyboardArbiter:Client] startConnection
2026-10-11 09:08:25.990 Df SpinonBootstrap[72632:7a0e8e2] [com.apple.KeyboardArbiter:Client] handleKeyboardChange: set currentKeyboard:N (wasKeyboard:N)
2026-10-11 09:08:25.990 Df SpinonBootstrap[72632:7a0e8e8] SPINON_C1035_HOST=session=ready owner_tid=127985902 isolate_per_session=1 queue_capacity=64 queue_policy=strict-priority-fifo css_worker_per_session=1 css_worker_ready_us=1050 session_startup_us=24220
2026-10-11 09:08:25.990 Df SpinonBootstrap[72632:7a0e8e8] (Foundation) SPINON_C0410_HOST_RETURNED handle=4352667712
2026-10-11 09:08:25.990 Df SpinonBootstrap[72632:7a0e8e8] (Foundation) SPINON_C0410_HOST_STORED continue=true
2026-10-11 09:08:25.990 Df SpinonBootstrap[72632:7a0e8e8] (Foundation) SPINON_C0410_ENVIRONMENT_REQUEST width=320.0 height=240.0
2026-10-11 09:08:25.991 Df SpinonBootstrap[72632:7a0e8e8] SPINON_C0410_ENVIRONMENT_FFI_BEGIN width=320.0 height=240.0
2026-10-11 09:08:25.991 Df SpinonBootstrap[72632:7a0e8e2] [com.apple.UIKit:KeyboardArbiterClientLog] isWritingToolsHandlingKeyboardTracking:Y (WT ready:Y, Arbiter ready:Y)
2026-10-11 09:08:25.991 Df SpinonBootstrap[72632:7a0e8e8] (Foundation) SPINON_C0410_ENVIRONMENT status=0 environment_revision=0 layout=empty boxes=0 generation=1 document_revision=0 render_tree_revision=0 style_revision=0 environment_revision=0 cacheHit=false cascadeRecomputedStyleElements=0 cascadeReusedStyleElements=0 cascadeContextStyleElements=0 node_frames_css_px=[]
2026-10-11 09:08:26.006 Df SpinonBootstrap[72632:7a0e8e8] (Foundation) SPINON_C1035_SUMMARY status=0 layout=ready boxes=16 generation=1 document_revision=64 environment_revision=0
2026-10-11 09:08:26.006 Df SpinonBootstrap[72632:7a0e8e8] (Foundation) SPINON_C1035_NODE_FRAME 0:node=1,x=0,y=0,width=320,height=240
2026-10-11 09:08:26.006 Df SpinonBootstrap[72632:7a0e8e8] (Foundation) SPINON_C1035_NODE_FRAME 1:node=2,x=0,y=0,width=180,height=100
2026-10-11 09:08:26.006 Df SpinonBootstrap[72632:7a0e8e8] (Foundation) SPINON_C1035_NODE_FRAME 2:node=3,x=70,y=68,width=20,height=20
2026-10-11 09:08:26.006 Df SpinonBootstrap[72632:7a0e8e8] (Foundation) SPINON_C1035_NODE_FRAME 3:node=4,x=75,y=68,width=30,height=20
2026-10-11 09:08:26.006 Df SpinonBootstrap[72632:7a0e8e8] (Foundation) SPINON_C1035_NODE_FRAME 4:node=5,x=90,y=68,width=20,height=20
2026-10-11 09:08:26.006 Df SpinonBootstrap[72632:7a0e8e8] (Foundation) SPINON_C1035_NODE_FRAME 5:node=6,x=40,y=120,width=120,height=40
2026-10-11 09:08:26.006 Df SpinonBootstrap[72632:7a0e8e8] (Foundation) SPINON_C1035_NODE_FRAME 6:node=7,x=0,y=120,width=40,height=30
2026-10-11 09:08:26.006 Df SpinonBootstrap[72632:7a0e8e8] (Foundation) SPINON_C1035_NODE_FRAME 7:node=8,x=0,y=120,width=40,height=30
2026-10-11 09:08:26.006 Df SpinonBootstrap[72632:7a0e8e8] (Foundation) SPINON_C1035_NODE_FRAME 8:node=9,x=0,y=120,width=40,height=30
2026-10-11 09:08:26.006 Df SpinonBootstrap[72632:7a0e8e8] (Foundation) SPINON_C1035_NODE_FRAME 9:node=10,x=0,y=120,width=40,height=30
2026-10-11 09:08:26.006 Df SpinonBootstrap[72632:7a0e8e8] (Foundation) SPINON_C1035_NODE_FRAME 10:node=11,x=0,y=120,width=40,height=30
2026-10-11 09:08:26.006 Df SpinonBootstrap[72632:7a0e8e8] (Foundation) SPINON_C1035_NODE_FRAME 11:node=12,x=0,y=190,width=180,height=100
2026-10-11 09:08:26.006 Df SpinonBootstrap[72632:7a0e8e8] (Foundation) SPINON_C1035_NODE_FRAME 12:node=13,x=12,y=199,width=100,height=50
2026-10-11 09:08:26.007 Df SpinonBootstrap[72632:7a0e8e8] (Foundation) SPINON_C1035_NODE_FRAME 13:node=14,x=12,y=199,width=20,height=10
2026-10-11 09:08:26.007 Df SpinonBootstrap[72632:7a0e8e8] (Foundation) SPINON_C1035_NODE_FRAME 14:node=15,x=12,y=209,width=24,height=16
2026-10-11 09:08:26.007 Df SpinonBootstrap[72632:7a0e8e8] (Foundation) SPINON_C1035_NODE_FRAME 15:node=16,x=12,y=209,width=20,height=10
2026-10-11 09:08:26.007 Df SpinonBootstrap[72632:7a0e8e8] (Foundation) SPINON_C1035_FRAME_SUMMARY frames=16 marker=present
2026-10-11 09:08:26.007 Df SpinonBootstrap[72632:7a0e8e8] (Foundation) SPINON_C1035_EVAL status=0 seq=1 trace_cookie=1 op=eval status=0 caller_tid=127985896 owner_tid=127985902 callback_tid=0 submission_lock_wait_us=0 control_lock_wait_us=0 scheduler_lock_wait_us=0 queue_residence_us=4 v8_call_us=4473 cancel_requested=false callback_count=0 created_nodes=0 last_node_id=0 document_revision=64 render_tree_revision=16 document_nodes=16 document_string_units=3348 document_collection_scans=1 document_collection_deferred=0 document_collection_scanned_handles=16 document_collection_live_handles=16 document_collection_empty_handles=0 document_collection_last_scan_start_ns=999450042921958 document_collection_last_scan_us=23 document_collection_wrapper_root_buffer_bytes=64 document_collection_reclaimed_node_buffer_bytes=64 document_collection_poisoned=0 document_collection_error=none error=none host_document_changed=true ua_snapshot_clone_us=3 ua_snapshot_submit_us=16 ua_snapshot_submitted=true enqueue_total_us=2 response_wait_us=4525 submit_total_us=4528 response_report_append_u<…>
2026-10-11 09:08:26.009 Df SpinonBootstrap[72632:7a0e8e2] (Foundation) SPINON_C0410_SURFACE_PREPARE status=0 UIKit surface가 준비되었습니다
2026-10-11 09:08:26.009 Df SpinonBootstrap[72632:7a0e8e6] SPINON_C0410_ENVIRONMENT_FFI_BEGIN width=320.0 height=240.0
2026-10-11 09:08:26.009 Df SpinonBootstrap[72632:7a0e8e6] (Foundation) SPINON_C0410_ENVIRONMENT viewport=320.0x240.0 scale=3.0 dark=true sequence=3 status=0 environment_revision=0 layout=ready boxes=16 generation=1 document_revision=64 render_tree_revision=16 style_revision=0 environment_revision=0 cacheHit=false cascadeRecomputedStyleElements=16 cascadeReusedStyleElements=0 cascadeContextStyleElements=0 root_frame_css_px=320x240 render_viewport_css_px=320x240 render_root_css_px=320x240 node_frames_css_px=[0:node=1,x=0,y=0,width=320,height=240;1:node=2,x=0,y=0,width=180,height=100;2:node=3,x=70,y=68,width=20,height=20;3:node=4,x=75,y=68,width=30,height=20;4:node=5,x=90,y=68,width=20,height=20;5:node=6,x=40,y=120,width=120,height=40;6:node=7,x=0,y=120,width=40,height=30;7:node=8,x=0,y=120,width=40,height=30;8:node=9,x=0,y=120,width=40,height=30;9:node=10,x=0,y=120,width=40,height=30;10:node=11,x=0,y=120,width=40,height=30;11:node=12,x=0,y=190,width=180,height=100;12:node=13,x=12,y=199,width=100,height=50;13:node=14,x=12,y=199,width=20,height=10;14:node=15,x=12,y=209,widt<…>
2026-10-11 09:08:26.015 Df SpinonBootstrap[72632:7a0e8eb] (Foundation) SPINON_C0410_RENDERER status=0 backend=Metal device=Apple iOS simulator GPU format=Bgra8UnormSrgb size=960x720
2026-10-11 09:08:26.015 Df SpinonBootstrap[72632:7a0e8e2] (Foundation) SPINON_C0410_SURFACE_CONFIGURE thread=main status=0 UIKit surface가 메인 스레드에서 구성되었습니다
2026-10-11 09:08:26.015 Df SpinonBootstrap[72632:7a0e8eb] SPINON_C0410_ENVIRONMENT_FFI_BEGIN width=320.0 height=240.0
2026-10-11 09:08:26.015 Df SpinonBootstrap[72632:7a0e8eb] (Foundation) SPINON_C0410_ENVIRONMENT viewport=320.0x240.0 scale=3.0 dark=true sequence=5 status=0 environment_revision=0 layout=ready boxes=16 generation=1 document_revision=64 render_tree_revision=16 style_revision=0 environment_revision=0 cacheHit=false cascadeRecomputedStyleElements=16 cascadeReusedStyleElements=0 cascadeContextStyleElements=0 root_frame_css_px=320x240 render_viewport_css_px=320x240 render_root_css_px=320x240 node_frames_css_px=[0:node=1,x=0,y=0,width=320,height=240;1:node=2,x=0,y=0,width=180,height=100;2:node=3,x=70,y=68,width=20,height=20;3:node=4,x=75,y=68,width=30,height=20;4:node=5,x=90,y=68,width=20,height=20;5:node=6,x=40,y=120,width=120,height=40;6:node=7,x=0,y=120,width=40,height=30;7:node=8,x=0,y=120,width=40,height=30;8:node=9,x=0,y=120,width=40,height=30;9:node=10,x=0,y=120,width=40,height=30;10:node=11,x=0,y=120,width=40,height=30;11:node=12,x=0,y=190,width=180,height=100;12:node=13,x=12,y=199,width=100,height=50;13:node=14,x=12,y=199,width=20,height=10;14:node=15,x=12,y=209,widt<…>
2026-10-11 09:08:26.015 Df SpinonBootstrap[72632:7a0e8eb] [com.apple.xpc:connection] [0x103613cd0] activating connection: mach=true listener=false peer=false name=com.apple.IOSurface.Remote
2026-10-11 09:08:26.017 Df SpinonBootstrap[72632:7a0e8eb] (Foundation) SPINON_C0410_DRAW generation=1 status=0 presented boxes=16 environment_revision=0 viewport_css_px=320x240 surface_texture=960x720 root_css_px=320x240
2026-10-11 09:08:26.033 Df SpinonBootstrap[72632:7a0e8e2] [com.apple.network:activity] <nw_activity 50:1 [95640017-A9D2-49C4-96EE-4CF6DFAB9F1F] (global parent) (reporting strategy default) complete (reason success)> complete with reason 2 (success), duration 287ms
2026-10-11 09:08:26.033 Df SpinonBootstrap[72632:7a0e8e2] [com.apple.network:activity] <nw_activity 50:2 [55C52E37-7D45-4E44-A548-7B74AD13A41C] (reporting strategy default) complete (reason success)> complete with reason 2 (success), duration 287ms
2026-10-11 09:08:26.033 Df SpinonBootstrap[72632:7a0e8e2] [com.apple.network:activity] Unsetting the global parent activity <nw_activity 50:1 [95640017-A9D2-49C4-96EE-4CF6DFAB9F1F] (global parent) (reporting strategy default) complete (reason success)>
2026-10-11 09:08:26.033 Df SpinonBootstrap[72632:7a0e8e2] [com.apple.network:activity] Unset the global parent activity
2026-10-11 09:08:26.082 Df SpinonBootstrap[72632:7a0e8e2] [com.apple.UIKit:InterfaceStyle] Not push traits update to screen for new style 2, <UIWindowScene: 0x103607dd0> (F5E6004D-BAA6-49C7-B519-8363344A080F)
2026-10-11 09:08:26.082 Df SpinonBootstrap[72632:7a0e8e2] [com.apple.UIKit:AppLifecycle] sceneOfRecord: sceneID: sceneID:dev.spinon.bootstrap-default  persistentID: F5E6004D-BAA6-49C7-B519-8363344A080F
2026-10-11 09:08:26.082 Df SpinonBootstrap[72632:7a0e8e2] [com.apple.UIKit:Application] Deactivation reason removed: 12; deactivation reasons: 4128 -> 32; animating application lifecycle event: 1
2026-10-11 09:08:26.082 Df SpinonBootstrap[72632:7a0e8e2] [com.apple.KeyboardArbiter:Client] Send setDeactivating: N (-DeactivationReason:SuspendedEventsOnly)
2026-10-11 09:08:26.083 Df SpinonBootstrap[72632:7a0e8e2] [com.apple.UIKit:Application] Deactivation reason removed: 5; deactivation reasons: 32 -> 0; animating application lifecycle event: 0
2026-10-11 09:08:26.094 A  SpinonBootstrap[72632:7a0e8eb] (RunningBoardServices) didChangeInheritances
2026-10-11 09:08:26.266 Df SpinonBootstrap[72632:7a0e8e2] [com.apple.UIKit:AppLifecycle] sceneOfRecord: sceneID: sceneID:dev.spinon.bootstrap-default  persistentID: F5E6004D-BAA6-49C7-B519-8363344A080F
2026-10-11 09:08:26.468 Df SpinonBootstrap[72632:7a0e8e2] [com.apple.Accessibility:AXCommon] Read Per-App on Init: Smart invert = (null)
2026-10-11 09:08:26.469 Df SpinonBootstrap[72632:7a0e8e6] [com.apple.UIKit:BackgroundTask] Ending background task with UIBackgroundTaskIdentifier: 2
2026-10-11 09:08:26.469 Df SpinonBootstrap[72632:7a0e8e6] [com.apple.UIKit:BackgroundTask] Ending task with identifier 2 and description: <_UIBackgroundTaskInfo: 0x600001712fc0>: taskID = 2, taskName = Persistent SceneSession Map Update, creationTime = 999449 (elapsed = 1), _expireHandler: <__NSGlobalBlock__: 0x1e61729e0>
2026-10-11 09:08:26.469 Df SpinonBootstrap[72632:7a0e8e6] [com.apple.UIKit:BackgroundTask] Decrementing reference count for assertion <BKSProcessAssertion: 0x600002109c70> (used by background task with identifier 2: <_UIBackgroundTaskInfo: 0x600001712fc0>: taskID = 2, taskName = Persistent SceneSession Map Update, creationTime = 999449 (elapsed = 1))
2026-10-11 09:08:26.469 Df SpinonBootstrap[72632:7a0e8e6] [com.apple.UIKit:BackgroundTask] Will invalidate assertion: <BKSProcessAssertion: 0x600002109c70> for task identifier: 2
2026-10-11 09:08:26.588 Df SpinonBootstrap[72632:7a0e8e6] [com.apple.launchservices:db] NotifyToken::RegisterDispatch(com.apple.LaunchServices.database) fired for session key LSSessionKey(system: 0 uid: 501)
2026-10-11 09:08:27.098 A  SpinonBootstrap[72632:7a0e8e7] (RunningBoardServices) didChangeInheritances
