Timestamp               Ty Process[PID:TID]
2026-10-10 04:38:24.417 Df SpinonBootstrap[26184:65c5ad8] (libMobileGestalt.dylib) No persisted cache on this platform.
2026-10-10 04:38:24.417 Df SpinonBootstrap[26184:65c5af6] [com.apple.xpc:connection] [0x106f04280] activating connection: mach=true listener=false peer=false name=com.apple.cfprefsd.daemon
2026-10-10 04:38:24.417 Df SpinonBootstrap[26184:65c5af7] [com.apple.BoardServices:XPCErrors] [C:1] Alloc com.apple.frontboard.systemappservices
2026-10-10 04:38:24.417 Df SpinonBootstrap[26184:65c5af7] [com.apple.xpc:connection] [0x10a004a20] activating connection: mach=false listener=false peer=false name=(anonymous)
2026-10-10 04:38:24.418 A  SpinonBootstrap[26184:65c5af6] (CoreFoundation) Loading Preferences From User Session CFPrefsD
2026-10-10 04:38:24.421 Df SpinonBootstrap[26184:65c5af5] [com.apple.UIKit:BackgroundTask] Creating new assertion because there is no existing background assertion.
2026-10-10 04:38:24.421 Df SpinonBootstrap[26184:65c5af5] [com.apple.UIKit:BackgroundTask] Creating new background assertion
2026-10-10 04:38:24.421 Df SpinonBootstrap[26184:65c5ad8] [com.apple.UIKit:Application] Deactivation reason added: 10; deactivation reasons: 0 -> 1024; animating application lifecycle event: 0
2026-10-10 04:38:24.421 Df SpinonBootstrap[26184:65c5af5] [com.apple.UIKit:BackgroundTask] Created new background assertion <BKSProcessAssertion: 0x600002115310>
2026-10-10 04:38:24.421 Df SpinonBootstrap[26184:65c5af5] [com.apple.runningboard:connection] Initializing connection
2026-10-10 04:38:24.421 Df SpinonBootstrap[26184:65c5af5] [com.apple.runningboard:process] Removing all cached process handles
2026-10-10 04:38:24.421 Df SpinonBootstrap[26184:65c5afb] [com.apple.runningboard:connection] Sending handshake request attempt #1 to server
2026-10-10 04:38:24.421 Df SpinonBootstrap[26184:65c5afb] [com.apple.runningboard:connection] Creating connection to com.apple.runningboard
2026-10-10 04:38:24.421 Df SpinonBootstrap[26184:65c5afb] [com.apple.xpc:connection] [0x106b059e0] activating connection: mach=true listener=false peer=false name=com.apple.runningboard
2026-10-10 04:38:24.421 Df SpinonBootstrap[26184:65c5ad8] [com.apple.BoardServices:Injection] activating monitor for service com.apple.frontboard.open
2026-10-10 04:38:24.421 Df SpinonBootstrap[26184:65c5ad8] [com.apple.BoardServices:Injection] activating monitor for service com.apple.frontboard.workspace-service
2026-10-10 04:38:24.421 A  SpinonBootstrap[26184:65c5af6] (RunningBoardServices) didChangeInheritances
2026-10-10 04:38:24.422 Df SpinonBootstrap[26184:65c5ad8] [com.apple.FrontBoard:Common] FBSWorkspace registering source: com.apple.frontboard.systemappservices
2026-10-10 04:38:24.422 Df SpinonBootstrap[26184:65c5afb] [com.apple.runningboard:connection] Handshake succeeded
2026-10-10 04:38:24.422 Df SpinonBootstrap[26184:65c5afb] [com.apple.runningboard:connection] Identity resolved as app<dev.spinon.bootstrap((null))>
2026-10-10 04:38:24.422 Df SpinonBootstrap[26184:65c5af5] [com.apple.UIKit:BackgroundTask] Incrementing reference count for background assertion <BKSProcessAssertion: 0x600002115310>
2026-10-10 04:38:24.422 Df SpinonBootstrap[26184:65c5af5] [com.apple.UIKit:BackgroundTask] Created background task <_UIBackgroundTaskInfo: 0x600001708780>: taskID = 1, taskName = Launch Background Task for Coalescing, creationTime = 896850 (elapsed = 0).
2026-10-10 04:38:24.422 Df SpinonBootstrap[26184:65c5af5] [com.apple.FrontBoard:SceneExtension] Realizing settings extension _UIApplicationSceneKeyboardSettings on FBSSceneSettings
2026-10-10 04:38:24.422 Df SpinonBootstrap[26184:65c5af5] [com.apple.FrontBoard:SceneExtension] Realizing settings extension <_UISceneOcclusionSettings> on FBSSceneSettings
2026-10-10 04:38:24.422 Df SpinonBootstrap[26184:65c5ad8] [com.apple.FrontBoard:Common] FBSWorkspace connected to endpoint : <BSServiceConnectionEndpoint: 0x60000020d5a0; target: com.apple.frontboard.systemappservices; service: com.apple.frontboard.workspace-service>
2026-10-10 04:38:24.422 Df SpinonBootstrap[26184:65c5af5] [com.apple.FrontBoard:SceneExtension] Realizing settings extension <_UISceneInterfaceProtectionSettings> on FBSSceneSettings
2026-10-10 04:38:24.422 Df SpinonBootstrap[26184:65c5ad8] [com.apple.FrontBoard:Common] <FBSWorkspaceScenesClient:0x60000300c090 com.apple.frontboard.systemappservices> attempting immediate handshake from activate
2026-10-10 04:38:24.422 Df SpinonBootstrap[26184:65c5ad8] [com.apple.FrontBoard:Common] <FBSWorkspaceScenesClient:0x60000300c090 com.apple.frontboard.systemappservices> sent handshake
2026-10-10 04:38:24.422 Df SpinonBootstrap[26184:65c5af5] [com.apple.FrontBoard:SceneExtension] Realizing settings extension _UISceneLayoutPreferencesHostSettingsExtension on FBSSceneSettings
2026-10-10 04:38:24.422 Df SpinonBootstrap[26184:65c5af5] [com.apple.FrontBoard:SceneExtension] Realizing settings extension _UISceneSafeAreaSettingsExtension on FBSSceneSettings
2026-10-10 04:38:24.422 Df SpinonBootstrap[26184:65c5ad8] [com.apple.runningboard:general] Added observer for process assertions expiration warning: <_RBSExpirationWarningClient: 0x60000020eb60>
2026-10-10 04:38:24.423 Df SpinonBootstrap[26184:65c5af5] [com.apple.FrontBoard:SceneExtension] Realizing settings extension _UISceneLayoutPreferenceClientSettingsExtension on FBSSceneClientSettings
2026-10-10 04:38:24.423 Df SpinonBootstrap[26184:65c5af5] [com.apple.FrontBoard:SceneExtension] Realizing settings extension <_UIHomeAffordanceHostSceneSettings> on FBSSceneSettings
2026-10-10 04:38:24.423 Df SpinonBootstrap[26184:65c5af5] [com.apple.FrontBoard:SceneExtension] Realizing settings extension _UISystemShellSceneHostingEnvironmentSettings on FBSSceneSettings
2026-10-10 04:38:24.423 Df SpinonBootstrap[26184:65c5af5] [com.apple.FrontBoard:SceneExtension] Realizing settings extension _UISceneRenderingEnvironmentSettings on FBSSceneSettings
2026-10-10 04:38:24.423 Df SpinonBootstrap[26184:65c5af5] [com.apple.FrontBoard:SceneExtension] Realizing settings extension <_UISceneRenderingEnvironmentClientSettings> on FBSSceneClientSettings
2026-10-10 04:38:24.423 Df SpinonBootstrap[26184:65c5af5] [com.apple.FrontBoard:SceneExtension] Realizing settings extension <_UISceneTransitioningHostSettings> on FBSSceneSettings
2026-10-10 04:38:24.423 Df SpinonBootstrap[26184:65c5af5] [com.apple.FrontBoard:SceneExtension] Realizing settings extension <_UISceneFocusSystemSettings> on FBSSceneSettings
2026-10-10 04:38:24.423 Df SpinonBootstrap[26184:65c5af5] [com.apple.FrontBoard:SceneExtension] Realizing settings extension _UISceneOrientationSettingsExtension on FBSSceneSettings
2026-10-10 04:38:24.423 Df SpinonBootstrap[26184:65c5af5] [com.apple.FrontBoard:SceneExtension] Realizing settings extension _UISceneOrientationClientSettingsExtension on FBSSceneClientSettings
2026-10-10 04:38:24.423 Df SpinonBootstrap[26184:65c5af5] [com.apple.FrontBoard:SceneExtension] Realizing settings extension _UISceneWindowingControlClientSettings on FBSSceneClientSettings
2026-10-10 04:38:24.423 Df SpinonBootstrap[26184:65c5af5] [com.apple.FrontBoard:SceneExtension] Realizing settings extension <_UISceneHostingContentSizePreferenceClientSettings> on FBSSceneClientSettings
2026-10-10 04:38:24.423 Df SpinonBootstrap[26184:65c5af5] [com.apple.FrontBoard:SceneExtension] Realizing settings extension _UISceneHostingTraitCollectionPropagationSettings on FBSSceneSettings
2026-10-10 04:38:24.424 Df SpinonBootstrap[26184:65c5af5] [com.apple.FrontBoard:SceneExtension] Realizing settings extension <_UISceneHostingSheetPresentationSettings> on FBSSceneSettings
2026-10-10 04:38:24.424 Df SpinonBootstrap[26184:65c5af5] [com.apple.FrontBoard:SceneExtension] Realizing settings extension <_UISceneHostingSheetPresentationClientSettings> on FBSSceneClientSettings
2026-10-10 04:38:24.424 Df SpinonBootstrap[26184:65c5af5] [com.apple.FrontBoard:SceneExtension] Realizing settings extension <_UISceneHostingEventDeferringSettings> on FBSSceneSettings
2026-10-10 04:38:24.424 Df SpinonBootstrap[26184:65c5af5] [com.apple.FrontBoard:SceneExtension] Realizing settings extension <UIKit__UITypedKeyValueSceneSettings> on FBSSceneSettings
2026-10-10 04:38:24.424 Df SpinonBootstrap[26184:65c5af5] [com.apple.FrontBoard:SceneExtension] Realizing settings extension <UIKit__UITypedKeyValueSceneSettings> on FBSSceneClientSettings
2026-10-10 04:38:24.424 Df SpinonBootstrap[26184:65c5af5] [com.apple.FrontBoard:SceneExtension] Realizing settings extension <_UISceneHostingViewControllerPreferencePropagationClientSettings> on FBSSceneClientSettings
2026-10-10 04:38:24.424 Df SpinonBootstrap[26184:65c5af5] [com.apple.FrontBoard:SceneExtension] Realizing settings extension <_UISceneZoomTransitionSettings> on FBSSceneSettings
2026-10-10 04:38:24.424 Df SpinonBootstrap[26184:65c5b09] [com.apple.FrontBoard:SceneExtension] Realizing settings extension FBSSceneSettingsCore on FBSSceneSettings
2026-10-10 04:38:24.424 Df SpinonBootstrap[26184:65c5ad8] [com.apple.UIKit:UIScreen] Evaluated capturing state as 0 on <UIScreen: 0x106c05a80> for initial
2026-10-10 04:38:24.424 Df SpinonBootstrap[26184:65c5ad8] [com.apple.UIKit:UIScreen] Evaluated capturing state as 0 on <UIScreen: 0x106c05a80> for CADisplay KVO
2026-10-10 04:38:24.424 Df SpinonBootstrap[26184:65c5b09] [com.apple.FrontBoard:SceneExtension] Realizing settings extension FBSSceneClientSettingsCore on FBSSceneClientSettings
2026-10-10 04:38:24.425 Df SpinonBootstrap[26184:65c5ad8] [com.apple.Accessibility:AXSupportCommon] Read CategoryName: per-app = 1, category name = (null)
2026-10-10 04:38:24.425 Df SpinonBootstrap[26184:65c5ad8] [com.apple.Accessibility:AXSupportCommon] Read CategoryName: per-app = 0, category name = UICTContentSizeCategoryL
2026-10-10 04:38:24.430 Df SpinonBootstrap[26184:65c5b09] [com.apple.FrontBoard:SceneExtension] UIMutableApplicationSceneSettings setting counterpart class: UIApplicationSceneSettings
2026-10-10 04:38:24.430 Df SpinonBootstrap[26184:65c5b09] [com.apple.FrontBoard:SceneExtension] UIMutableApplicationSceneClientSettings setting counterpart class: UIApplicationSceneClientSettings
2026-10-10 04:38:24.430 Df SpinonBootstrap[26184:65c5b09] [com.apple.FrontBoard:SceneExtension] Realizing settings extension FBSSceneTransitionContextCore on FBSSceneTransitionContext
2026-10-10 04:38:24.430 Df SpinonBootstrap[26184:65c5ad8] [com.apple.dt.xctest:Default] Registering for test daemon availability notify post.
2026-10-10 04:38:24.430 Df SpinonBootstrap[26184:65c5ad8] [com.apple.dt.xctest:Default] notify_get_state check indicated test daemon not ready.
2026-10-10 04:38:24.430 Df SpinonBootstrap[26184:65c5ad8] [com.apple.dt.xctest:Default] notify_get_state check indicated test daemon not ready.
2026-10-10 04:38:24.430 Df SpinonBootstrap[26184:65c5ad8] [com.apple.dt.xctest:Default] notify_get_state check indicated test daemon not ready.
2026-10-10 04:38:24.431 Df SpinonBootstrap[26184:65c5ad8] [com.apple.UIKit:UpdateScheduler] Selected display: name=LCD (PurpleMain), id=1
2026-10-10 04:38:24.431 Df SpinonBootstrap[26184:65c5ad8] [com.apple.UIKit:BackgroundTask] Will add backgroundTask with taskName: Persistent SceneSession Map Update, expirationHandler: <__NSGlobalBlock__: 0x1e61729e0>
2026-10-10 04:38:24.431 Df SpinonBootstrap[26184:65c5ad8] [com.apple.UIKit:BackgroundTask] Reusing background assertion <BKSProcessAssertion: 0x600002115310>
2026-10-10 04:38:24.431 Df SpinonBootstrap[26184:65c5ad8] [com.apple.UIKit:BackgroundTask] Incrementing reference count for background assertion <BKSProcessAssertion: 0x600002115310>
2026-10-10 04:38:24.431 Df SpinonBootstrap[26184:65c5ad8] [com.apple.UIKit:BackgroundTask] Created background task <_UIBackgroundTaskInfo: 0x600001729700>: taskID = 2, taskName = Persistent SceneSession Map Update, creationTime = 896850 (elapsed = 0).
2026-10-10 04:38:24.431 Df SpinonBootstrap[26184:65c5ad8] [com.apple.UIKit:Application] Deactivation reason added: 5; deactivation reasons: 1024 -> 1056; animating application lifecycle event: 1
2026-10-10 04:38:24.432 Df SpinonBootstrap[26184:65c5ad8] [com.apple.UIKit:InterfaceStyle] Not push traits update to screen for new style 2, <UIWindowScene: 0x106e07240> (F5E6004D-BAA6-49C7-B519-8363344A080F)
2026-10-10 04:38:24.432 Df SpinonBootstrap[26184:65c5ad8] [com.apple.UIKit:InterfaceStyle] Should send trait collection or coordinate space update, interface style 2 -> 2, <UIWindowScene: 0x106e07240> (F5E6004D-BAA6-49C7-B519-8363344A080F)
2026-10-10 04:38:24.432 Df SpinonBootstrap[26184:65c5ad8] [com.apple.UIKit:InterfaceStyle] Not push traits update to screen for new style 2, <UIWindowScene: 0x106e07240> (F5E6004D-BAA6-49C7-B519-8363344A080F)
2026-10-10 04:38:24.432 Df SpinonBootstrap[26184:65c5ad8] [com.apple.UIKit:HomeAffordanceObservation] Initializing: <_UIHomeAffordanceSceneNotifier: 0x600002944c40>; with scene: <UIWindowScene: 0x106e07240>
2026-10-10 04:38:24.432 Df SpinonBootstrap[26184:65c5ad8] [com.apple.BacklightServices:scenes] 0x600000c28f30 setDelegate:<0x600000c29920 _UIBacklightEnvironment> hasDelegate:YES for environment:sceneID:dev.spinon.bootstrap-default
2026-10-10 04:38:24.432 Df SpinonBootstrap[26184:65c5ad8] [com.apple.UIKit:InterfaceStyle] Not push traits update to screen for new style 2, <UIWindowScene: 0x106e07240> (F5E6004D-BAA6-49C7-B519-8363344A080F)
2026-10-10 04:38:24.432 Df SpinonBootstrap[26184:65c5ad8] [com.apple.UIKit:EventDeferring] [0x600002944cb0] Initialized with scene: <UIWindowScene: 0x106e07240>; behavior: <_UIEventDeferringBehavior_iOS: 0x600000249da0>; availableForProcess: 1, systemShellManagesKeyboardFocus: 1
2026-10-10 04:38:24.432 Df SpinonBootstrap[26184:65c5ad8] [com.apple.BoardServices:XPCErrors] [C:2] Alloc com.apple.backboard.hid-services.xpc
2026-10-10 04:38:24.432 Df SpinonBootstrap[26184:65c5ad8] [com.apple.xpc:connection] [0x106e05500] activating connection: mach=false listener=false peer=false name=(anonymous)
2026-10-10 04:38:24.433 Df SpinonBootstrap[26184:65c5b0f] [com.apple.BackBoard:EventDelivery] BKSHIDEventObserver - connection activation
2026-10-10 04:38:24.433 Df SpinonBootstrap[26184:65c5ad8] [com.apple.BackBoard:EventDelivery] policyStatus:<BKSHIDEventDeliveryPolicyObserver: 0x600002610e40; process scope; status: target> was:none
2026-10-10 04:38:24.433 Df SpinonBootstrap[26184:65c5ad8] [com.apple.UIKit:KeyWindow] Setting default evaluation strategy for UIUserInterfaceIdiomPhone to LastOneWins
2026-10-10 04:38:24.433 Df SpinonBootstrap[26184:65c5ad8] [com.apple.UIKit:KeyWindow] Scene target of keyboard event deferring environment did change: 1; scene: UIWindowScene: 0x106e07240; scene identity: com.apple.frontboard.systemappservices/FBSceneManager:sceneID%3Adev.spinon.bootstrap-default
2026-10-10 04:38:24.433 Df SpinonBootstrap[26184:65c5ad8] [com.apple.UIKit:EventDeferring] [0x600002944cb0] Scene target of event deferring environments did update: scene: 0x106e07240; current systemShellManagesKeyboardFocus: 1; systemShellManagesKeyboardFocusForScene: 1; eligibleForRecordRemoval: 1;
2026-10-10 04:38:24.433 Df SpinonBootstrap[26184:65c5ad8] [com.apple.UIKit:KeyWindow] Scene became target of keyboard event deferring environment: UIWindowScene: 0x106e07240; scene identity: com.apple.frontboard.systemappservices/FBSceneManager:sceneID%3Adev.spinon.bootstrap-default
2026-10-10 04:38:24.433 Df SpinonBootstrap[26184:65c5ad8] [com.apple.UIKit:KeyWindow] Stack[KeyWindow] 0x600000c2a820: Taking no further action for migration from LastOneWins -> SystemShellManaged as there are no scenes
2026-10-10 04:38:24.433 Df SpinonBootstrap[26184:65c5ad8] [com.apple.UIKit:KeyWindow] Setting default evaluation strategy for UIUserInterfaceIdiomPhone to SystemShellManaged
2026-10-10 04:38:24.433 Df SpinonBootstrap[26184:65c5ad8] [com.apple.UIKit:KeyWindow] Key window needs update: 0; currentKeyWindowScene: 0x0; evaluatedKeyWindowScene: 0x106e07240; currentApplicationKeyWindow: 0x0; evaluatedApplicationKeyWindow: 0x0; reason: UIWindowScene: 0x106e07240: Window scene became target of keyboard environment
2026-10-10 04:38:24.433 Df SpinonBootstrap[26184:65c5ad8] [com.apple.UIKit:InterfaceStyle] Not push traits update to screen for new style 2, <UIWindowScene: 0x106e07240> (F5E6004D-BAA6-49C7-B519-8363344A080F)
2026-10-10 04:38:24.433 Df SpinonBootstrap[26184:65c5ad8] [com.apple.UIKit:InterfaceStyle] Not push traits update to screen for new style 2, <UIWindowScene: 0x106e07240> (F5E6004D-BAA6-49C7-B519-8363344A080F)
2026-10-10 04:38:24.433 Df SpinonBootstrap[26184:65c5ad8] [com.apple.UIKit:InterfaceStyle] Not push traits update to screen for new style 2, <UIWindowScene: 0x106e07240> (F5E6004D-BAA6-49C7-B519-8363344A080F)
2026-10-10 04:38:24.433 F  SpinonBootstrap[26184:65c5ad8] [com.apple.runtime-issues:UIKit App Config] `UIScene` lifecycle will soon be required. Failure to adopt will result in an assert in the future.
2026-10-10 04:38:24.433 A  SpinonBootstrap[26184:65c5ad8] (libsystem_trace.dylib) Activity for state dumps
2026-10-10 04:38:24.434 Df SpinonBootstrap[26184:65c5ad8] [com.apple.UIKit:InterfaceStyle] Not push traits update to screen for new style 2, <UIWindowScene: 0x106e07240> (F5E6004D-BAA6-49C7-B519-8363344A080F)
2026-10-10 04:38:24.434 Df SpinonBootstrap[26184:65c5ad8] [com.apple.UIKit:AppLifecycle] sceneOfRecord: sceneID: sceneID:dev.spinon.bootstrap-default  persistentID: F5E6004D-BAA6-49C7-B519-8363344A080F
2026-10-10 04:38:24.434 Df SpinonBootstrap[26184:65c5ad8] [com.apple.UIKit:Application] Ignoring already applied deactivation reason: 5; deactivation reasons: 1056
2026-10-10 04:38:24.434 Df SpinonBootstrap[26184:65c5ad8] [com.apple.UIKit:Application] Deactivation reason added: 11; deactivation reasons: 1056 -> 3104; animating application lifecycle event: 1
2026-10-10 04:38:24.434 Df SpinonBootstrap[26184:65c5ad8] [com.apple.KeyboardArbiter:Client] startConnection
2026-10-10 04:38:24.434 Df SpinonBootstrap[26184:65c5ad8] [com.apple.xpc:connection] [0x106e09e20] activating connection: mach=true listener=false peer=false name=com.apple.UIKit.KeyboardManagement.hosted
2026-10-10 04:38:24.443 Df SpinonBootstrap[26184:65c5ad8] [com.apple.xpc:connection] [0x10a0081f0] activating connection: mach=true listener=false peer=false name=com.apple.metal.simulator
2026-10-10 04:38:24.443 Df SpinonBootstrap[26184:65c5ad8] [com.apple.xpc:connection] [0x10a008440] activating connection: mach=true listener=false peer=false name=com.apple.metal.simulator
2026-10-10 04:38:24.443 Df SpinonBootstrap[26184:65c5ad8] [com.apple.xpc:connection] [0x106d04910] activating connection: mach=true listener=false peer=false name=com.apple.metal.simulator
2026-10-10 04:38:24.445 Df SpinonBootstrap[26184:65c5b09] [com.apple.xpc:connection] [0x106e0d440] activating connection: mach=true listener=false peer=false name=com.apple.fontservicesd
2026-10-10 04:38:24.454 Df SpinonBootstrap[26184:65c5ad8] [com.apple.UIKit:Orientation] <UIWindowScene: 0x106e07240> (F5E6004D-BAA6-49C7-B519-8363344A080F) Scene updated orientation preferences: none -> ( Pu Ll Lr )
2026-10-10 04:38:24.455 Df SpinonBootstrap[26184:65c5ad8] [com.apple.UIKit:KeyWindow] Key window API is scene-level: YES
2026-10-10 04:38:24.455 Df SpinonBootstrap[26184:65c5ad8] [com.apple.UIKit:KeyWindow] UIWindowScene: 0x106e07240: Window became key in scene: UIWindow: 0x106e0ae60; contextId: 0xC0984875: reason: UIWindowScene: 0x106e07240: Window requested to become key in scene: 0x106e0ae60
2026-10-10 04:38:24.455 Df SpinonBootstrap[26184:65c5ad8] [com.apple.UIKit:KeyWindow] Key window needs update: 1; currentKeyWindowScene: 0x0; evaluatedKeyWindowScene: 0x106e07240; currentApplicationKeyWindow: 0x0; evaluatedApplicationKeyWindow: 0x106e0ae60; reason: UIWindowScene: 0x106e07240: Window requested to become key in scene: 0x106e0ae60
2026-10-10 04:38:24.455 Df SpinonBootstrap[26184:65c5ad8] [com.apple.UIKit:KeyWindow] Window did become application key: UIWindow: 0x106e0ae60; contextId: 0xC0984875; scene identity: com.apple.frontboard.systemappservices/FBSceneManager:sceneID%3Adev.spinon.bootstrap-default
2026-10-10 04:38:24.455 Df SpinonBootstrap[26184:65c5ad8] [com.apple.UIKit:EventDeferring] [0x600002944cb0] Begin local event deferring requested for token: 0x600002612280; environments: 1; reason: UIWindowScene: 0x106e07240: Begin event deferring in keyboardFocus for window: 0x106e0ae60
2026-10-10 04:38:24.455 Df SpinonBootstrap[26184:65c5b09] [com.apple.BackBoard:EventDelivery] BKSHIDEventDeliveryManager - connection activation
2026-10-10 04:38:24.455 Df SpinonBootstrap[26184:65c5ad8] [com.apple.UIKit:Application] Deactivation reason removed: 10; deactivation reasons: 3104 -> 2080; animating application lifecycle event: 1
2026-10-10 04:38:24.456 Df SpinonBootstrap[26184:65c5ad8] [com.apple.UIKit:Application] Deactivation reason added: 12; deactivation reasons: 2080 -> 6176; animating application lifecycle event: 1
2026-10-10 04:38:24.456 Df SpinonBootstrap[26184:65c5ad8] [com.apple.UIKit:Application] Deactivation reason removed: 11; deactivation reasons: 6176 -> 4128; animating application lifecycle event: 1
2026-10-10 04:38:24.456 Df SpinonBootstrap[26184:65c5ad8] [com.apple.FrontBoard:SceneExtension] Realizing settings extension <_UISceneIntelligenceSupportSettings> on FBSSceneSettings
2026-10-10 04:38:24.456 Df SpinonBootstrap[26184:65c5b09] [com.apple.BackBoard:EventDelivery] policyStatus:<BKSHIDEventDeliveryPolicyObserver: 0x600002610e40; token: com.apple.frontboard.systemappservices/FBSceneManager:sceneID%3Adev.spinon.bootstrap-default; status: ancestor> was:target
2026-10-10 04:38:24.456 Df SpinonBootstrap[26184:65c5b05] [com.apple.UIIntelligenceSupport:xpc] establishing connection to agent
2026-10-10 04:38:24.456 Df SpinonBootstrap[26184:65c5b05] [com.apple.xpc:session] [0x600002111f90] Session created.
2026-10-10 04:38:24.456 Df SpinonBootstrap[26184:65c5b05] [com.apple.xpc:session] [0x600002111f90] Session created from connection [0x106f05080]
2026-10-10 04:38:24.456 Df SpinonBootstrap[26184:65c5b05] [com.apple.xpc:connection] [0x106f05080] activating connection: mach=true listener=false peer=false name=com.apple.uiintelligencesupport.agent
2026-10-10 04:38:24.456 Df SpinonBootstrap[26184:65c5b05] [com.apple.xpc:session] [0x600002111f90] Session activated
2026-10-10 04:38:24.456 Df SpinonBootstrap[26184:65c5ad8] [com.apple.UIKit:InterfaceStyle] Not push traits update to screen for new style 2, <UIWindowScene: 0x106e07240> (F5E6004D-BAA6-49C7-B519-8363344A080F)
2026-10-10 04:38:24.461 Df SpinonBootstrap[26184:65c5ad8] (Foundation) SPINON_C0410_VIEWPORT_CHANGED css=301.0x100.0 scale=3.0 drawable=903x300
2026-10-10 04:38:24.461 Df SpinonBootstrap[26184:65c5ad8] (Foundation) SPINON_C0410_SURFACE_CHANGED generation=1 size=903x300
2026-10-10 04:38:24.462 Df SpinonBootstrap[26184:65c5ad8] [PrototypeTools:domain] Not observing PTDefaults on customer install.
2026-10-10 04:38:24.469 A  SpinonBootstrap[26184:65c5b09] (RunningBoardServices) didChangeInheritances
2026-10-10 04:38:24.469 Df SpinonBootstrap[26184:65c5ad8] [com.apple.xpc:connection] [0x10a0094f0] activating connection: mach=true listener=false peer=false name=com.apple.lsd.mapdb
2026-10-10 04:38:24.470 A  SpinonBootstrap[26184:65c5b05] (RunningBoardServices) didChangeInheritances
2026-10-10 04:38:24.473 Df SpinonBootstrap[26184:65c5b11] SPINON_C0410_HOST=session=ready owner_tid=106715930 isolate_per_session=1 queue_capacity=64 queue_policy=strict-priority-fifo css_worker_per_session=1 css_worker_ready_us=1121 session_startup_us=23871
2026-10-10 04:38:24.473 Df SpinonBootstrap[26184:65c5b11] (Foundation) SPINON_C0410_HOST_RETURNED handle=4408260112
2026-10-10 04:38:24.473 Df SpinonBootstrap[26184:65c5b11] (Foundation) SPINON_C0410_HOST_STORED continue=true
2026-10-10 04:38:24.473 Df SpinonBootstrap[26184:65c5b11] (Foundation) SPINON_C0410_ENVIRONMENT_REQUEST width=301.0 height=100.0
2026-10-10 04:38:24.473 Df SpinonBootstrap[26184:65c5b11] SPINON_C0410_ENVIRONMENT_FFI_BEGIN width=301.0 height=100.0
2026-10-10 04:38:24.474 Df SpinonBootstrap[26184:65c5b11] (Foundation) SPINON_C0410_ENVIRONMENT status=0 environment_revision=0 layout=empty boxes=0 generation=1 document_revision=0 render_tree_revision=0 style_revision=0 environment_revision=0 cacheHit=false cascadeRecomputedStyleElements=0 cascadeReusedStyleElements=0 cascadeContextStyleElements=0
2026-10-10 04:38:24.476 Df SpinonBootstrap[26184:65c5ad8] [com.apple.network:activity] Create activity from XPC object <nw_activity 50:1 [44BE32A8-69A7-462D-83D0-00CEE7D6493B] (reporting strategy default)>
2026-10-10 04:38:24.476 Df SpinonBootstrap[26184:65c5ad8] [com.apple.network:activity] Create activity from XPC object <nw_activity 50:2 [5152D40A-80F9-4CA1-8F04-141623E65183] (reporting strategy default)>
2026-10-10 04:38:24.476 Df SpinonBootstrap[26184:65c5ad8] [com.apple.network:activity] Set activity <nw_activity 50:1 [44BE32A8-69A7-462D-83D0-00CEE7D6493B] (reporting strategy default)> as the global parent
2026-10-10 04:38:24.476 Df SpinonBootstrap[26184:65c5ad8] [com.apple.UIKit:BackgroundTask] Ending background task with UIBackgroundTaskIdentifier: 1
2026-10-10 04:38:24.476 Df SpinonBootstrap[26184:65c5ad8] [com.apple.UIKit:BackgroundTask] Ending task with identifier 1 and description: <_UIBackgroundTaskInfo: 0x600001708780>: taskID = 1, taskName = Launch Background Task for Coalescing, creationTime = 896850 (elapsed = 0), _expireHandler: (null)
2026-10-10 04:38:24.476 Df SpinonBootstrap[26184:65c5ad8] [com.apple.UIKit:BackgroundTask] Decrementing reference count for assertion <BKSProcessAssertion: 0x600002115310> (used by background task with identifier 1: <_UIBackgroundTaskInfo: 0x600001708780>: taskID = 1, taskName = Launch Background Task for Coalescing, creationTime = 896850 (elapsed = 0))
2026-10-10 04:38:24.476 Df SpinonBootstrap[26184:65c5ad8] [com.apple.UIKit:EventBus] Event Timing Profile for Touch: not found, path="/System/Library/EventTimingProfiles/Sim.Touch.plist"
2026-10-10 04:38:24.476 Df SpinonBootstrap[26184:65c5ad8] [com.apple.UIKit:EventBus] Event Timing Profile for Pencil: not found, path="/System/Library/EventTimingProfiles/Sim.Pencil.plist"
2026-10-10 04:38:24.476 Df SpinonBootstrap[26184:65c5ad8] [com.apple.UIKit:AppLifecycle] sceneOfRecord: sceneID: sceneID:dev.spinon.bootstrap-default  persistentID: F5E6004D-BAA6-49C7-B519-8363344A080F
2026-10-10 04:38:24.476 Df SpinonBootstrap[26184:65c5ad8] [com.apple.UIKit:InterfaceStyle] Not push traits update to screen for new style 2, <UIWindowScene: 0x106e07240> (F5E6004D-BAA6-49C7-B519-8363344A080F)
2026-10-10 04:38:24.477 Df SpinonBootstrap[26184:65c5ad8] [com.apple.UIKit:UpdateScheduler] Target list changed: <CADisplay:LCD PurpleMain>
2026-10-10 04:38:24.477 Df SpinonBootstrap[26184:65c5ad8] [com.apple.UIKit:EventDeferring] [0x600002944cb0] Scene target of event deferring environments did update: scene: 0x106e07240; current systemShellManagesKeyboardFocus: 1; systemShellManagesKeyboardFocusForScene: 1; eligibleForRecordRemoval: 1;
2026-10-10 04:38:24.477 Sd SpinonBootstrap[26184:0] (IOKit) IOHIDManager State
{
    DispatchQueue = 0;
    RunLoop = 1;
    createOptions = 0;
    isOpen = 0;
    openOptions = 0;
}
2026-10-10 04:38:24.477 Df SpinonBootstrap[26184:65c5ad8] [com.apple.UIKit:KeyWindow] Scene became target of keyboard event deferring environment: UIWindowScene: 0x106e07240; scene identity: com.apple.frontboard.systemappservices/FBSceneManager:sceneID%3Adev.spinon.bootstrap-default
2026-10-10 04:38:24.477 Df SpinonBootstrap[26184:65c5ad8] [com.apple.UIKit:AppLifecycle] sceneOfRecord: sceneID: sceneID:dev.spinon.bootstrap-default  persistentID: F5E6004D-BAA6-49C7-B519-8363344A080F
2026-10-10 04:38:24.477 Df SpinonBootstrap[26184:65c5ad8] [com.apple.KeyboardArbiter:Client] startConnection
2026-10-10 04:38:24.477 Df SpinonBootstrap[26184:65c5ad8] [com.apple.KeyboardArbiter:Client] handleKeyboardChange: set currentKeyboard:N (wasKeyboard:N)
2026-10-10 04:38:24.478 Df SpinonBootstrap[26184:65c5ad8] [com.apple.UIKit:KeyboardArbiterClientLog] isWritingToolsHandlingKeyboardTracking:Y (WT ready:Y, Arbiter ready:Y)
2026-10-10 04:38:24.483 Df SpinonBootstrap[26184:65c5b11] (Foundation) SPINON_C054_EVAL status=0 seq=1 trace_cookie=1 op=eval status=0 caller_tid=106715921 owner_tid=106715930 callback_tid=0 submission_lock_wait_us=0 control_lock_wait_us=0 scheduler_lock_wait_us=0 queue_residence_us=7 v8_call_us=2869 cancel_requested=false callback_count=0 created_nodes=0 last_node_id=0 document_revision=15 render_tree_revision=3 document_nodes=5 document_string_units=627 document_collection_scans=1 document_collection_deferred=0 document_collection_scanned_handles=5 document_collection_live_handles=5 document_collection_empty_handles=0 document_collection_last_scan_start_ns=896850572726583 document_collection_last_scan_us=244 document_collection_wrapper_root_buffer_bytes=32 document_collection_reclaimed_node_buffer_bytes=20 document_collection_poisoned=0 document_collection_error=none error=none host_document_changed=true ua_snapshot_clone_us=1 ua_snapshot_submit_us=3 ua_snapshot_submitted=true enqueue_total_us=3 response_wait_us=2885 submit_total_us=2888 response_report_append_us=0 la<…>
2026-10-10 04:38:24.485 Df SpinonBootstrap[26184:65c5b0f] SPINON_C0410_ENVIRONMENT_FFI_BEGIN width=301.0 height=100.0
2026-10-10 04:38:24.485 Df SpinonBootstrap[26184:65c5b0f] (Foundation) SPINON_C0410_ENVIRONMENT viewport=301.0x100.0 scale=3.0 dark=true sequence=3 status=0 environment_revision=0 layout=ready boxes=5 generation=1 document_revision=15 render_tree_revision=3 style_revision=0 environment_revision=0 cacheHit=false cascadeRecomputedStyleElements=5 cascadeReusedStyleElements=0 cascadeContextStyleElements=0 root_frame_css_px=301x100 render_viewport_css_px=301x100 render_root_css_px=301x100
2026-10-10 04:38:24.492 Df SpinonBootstrap[26184:65c5ad8] (Foundation) SPINON_C0410_SURFACE_CONFIGURE thread=main status=0 UIKit surface가 메인 스레드에서 구성되었습니다
2026-10-10 04:38:24.492 Df SpinonBootstrap[26184:65c5b11] SPINON_C0410_ENVIRONMENT_FFI_BEGIN width=301.0 height=100.0
2026-10-10 04:38:24.493 Df SpinonBootstrap[26184:65c5b11] (Foundation) SPINON_C0410_ENVIRONMENT viewport=301.0x100.0 scale=3.0 dark=true sequence=5 status=0 environment_revision=0 layout=ready boxes=5 generation=1 document_revision=15 render_tree_revision=3 style_revision=0 environment_revision=0 cacheHit=false cascadeRecomputedStyleElements=5 cascadeReusedStyleElements=0 cascadeContextStyleElements=0 root_frame_css_px=301x100 render_viewport_css_px=301x100 render_root_css_px=301x100
2026-10-10 04:38:24.493 Df SpinonBootstrap[26184:65c5afd] [com.apple.xpc:connection] [0x106f097a0] activating connection: mach=true listener=false peer=false name=com.apple.IOSurface.Remote
2026-10-10 04:38:24.494 Df SpinonBootstrap[26184:65c5afd] (Foundation) SPINON_C0410_DRAW generation=1 status=0 presented boxes=5 environment_revision=0 viewport_css_px=301x100 surface_texture=903x300 root_css_px=301x100
2026-10-10 04:38:24.518 Df SpinonBootstrap[26184:65c5ad8] [com.apple.network:activity] <nw_activity 50:1 [44BE32A8-69A7-462D-83D0-00CEE7D6493B] (global parent) (reporting strategy default) complete (reason success)> complete with reason 2 (success), duration 287ms
2026-10-10 04:38:24.518 Df SpinonBootstrap[26184:65c5ad8] [com.apple.network:activity] <nw_activity 50:2 [5152D40A-80F9-4CA1-8F04-141623E65183] (reporting strategy default) complete (reason success)> complete with reason 2 (success), duration 287ms
2026-10-10 04:38:24.518 Df SpinonBootstrap[26184:65c5ad8] [com.apple.network:activity] Unsetting the global parent activity <nw_activity 50:1 [44BE32A8-69A7-462D-83D0-00CEE7D6493B] (global parent) (reporting strategy default) complete (reason success)>
2026-10-10 04:38:24.518 Df SpinonBootstrap[26184:65c5ad8] [com.apple.network:activity] Unset the global parent activity
2026-10-10 04:38:24.559 Df SpinonBootstrap[26184:65c5ad8] [com.apple.UIKit:InterfaceStyle] Not push traits update to screen for new style 2, <UIWindowScene: 0x106e07240> (F5E6004D-BAA6-49C7-B519-8363344A080F)
2026-10-10 04:38:24.559 Df SpinonBootstrap[26184:65c5ad8] [com.apple.UIKit:AppLifecycle] sceneOfRecord: sceneID: sceneID:dev.spinon.bootstrap-default  persistentID: F5E6004D-BAA6-49C7-B519-8363344A080F
2026-10-10 04:38:24.559 Df SpinonBootstrap[26184:65c5ad8] [com.apple.UIKit:Application] Deactivation reason removed: 12; deactivation reasons: 4128 -> 32; animating application lifecycle event: 1
2026-10-10 04:38:24.559 Df SpinonBootstrap[26184:65c5ad8] [com.apple.KeyboardArbiter:Client] Send setDeactivating: N (-DeactivationReason:SuspendedEventsOnly)
2026-10-10 04:38:24.559 Df SpinonBootstrap[26184:65c5ad8] [com.apple.UIKit:Application] Deactivation reason removed: 5; deactivation reasons: 32 -> 0; animating application lifecycle event: 0
2026-10-10 04:38:24.578 A  SpinonBootstrap[26184:65c5b0f] (RunningBoardServices) didChangeInheritances
2026-10-10 04:38:24.733 Df SpinonBootstrap[26184:65c5ad8] [com.apple.UIKit:AppLifecycle] sceneOfRecord: sceneID: sceneID:dev.spinon.bootstrap-default  persistentID: F5E6004D-BAA6-49C7-B519-8363344A080F
2026-10-10 04:38:24.951 Df SpinonBootstrap[26184:65c5ad8] [com.apple.Accessibility:AXCommon] Read Per-App on Init: Smart invert = (null)
2026-10-10 04:38:24.952 Df SpinonBootstrap[26184:65c5b0f] [com.apple.UIKit:BackgroundTask] Ending background task with UIBackgroundTaskIdentifier: 2
2026-10-10 04:38:24.952 Df SpinonBootstrap[26184:65c5b0f] [com.apple.UIKit:BackgroundTask] Ending task with identifier 2 and description: <_UIBackgroundTaskInfo: 0x600001729700>: taskID = 2, taskName = Persistent SceneSession Map Update, creationTime = 896850 (elapsed = 1), _expireHandler: <__NSGlobalBlock__: 0x1e61729e0>
2026-10-10 04:38:24.952 Df SpinonBootstrap[26184:65c5b0f] [com.apple.UIKit:BackgroundTask] Decrementing reference count for assertion <BKSProcessAssertion: 0x600002115310> (used by background task with identifier 2: <_UIBackgroundTaskInfo: 0x600001729700>: taskID = 2, taskName = Persistent SceneSession Map Update, creationTime = 896850 (elapsed = 1))
2026-10-10 04:38:24.952 Df SpinonBootstrap[26184:65c5b0f] [com.apple.UIKit:BackgroundTask] Will invalidate assertion: <BKSProcessAssertion: 0x600002115310> for task identifier: 2
2026-10-10 04:38:25.582 A  SpinonBootstrap[26184:65c5afd] (RunningBoardServices) didChangeInheritances
2026-10-10 04:38:25.869 Df SpinonBootstrap[26184:65c5b0f] [com.apple.launchservices:db] NotifyToken::RegisterDispatch(com.apple.LaunchServices.database) fired for session key LSSessionKey(system: 0 uid: 501)
2026-10-10 04:38:42.297 Df SpinonBootstrap[26184:65c5ad8] [com.apple.KeyboardArbiter:Client] TX focusApplication (peekAppEvent) stealKB:Y scene:dev.spinon.bootstrap-default
2026-10-10 04:38:42.297 Df SpinonBootstrap[26184:65c5ad8] [com.apple.UIKit:EventDispatch] Evaluating dispatch of UIEvent: 0x600003d3c000; type: 0; subtype: 0; backing type: 11; shouldSend: 1; ignoreInteractionEvents: 0, systemGestureStateChange: 0
2026-10-10 04:38:42.297 Df SpinonBootstrap[26184:65c5ad8] [com.apple.UIKit:EventDispatch] Sending UIEvent type: 0; subtype: 0; to windows: 1
2026-10-10 04:38:42.297 Df SpinonBootstrap[26184:65c5ad8] [com.apple.UIKit:EventDispatch] Sending UIEvent type: 0; subtype: 0; to window: <UIWindow: 0x106e0ae60>; contextId: 0xC0984875
2026-10-10 04:38:42.298 A  SpinonBootstrap[26184:65c5ad8] (UIKitCore) send control actions
2026-10-10 04:38:42.305 Df SpinonBootstrap[26184:65c5ad8] [com.apple.UIKit:EventDispatch] Evaluating dispatch of UIEvent: 0x600003d3c000; type: 0; subtype: 0; backing type: 11; shouldSend: 1; ignoreInteractionEvents: 0, systemGestureStateChange: 0
2026-10-10 04:38:42.305 Df SpinonBootstrap[26184:65c5ad8] [com.apple.UIKit:EventDispatch] Sending UIEvent type: 0; subtype: 0; to windows: 1
2026-10-10 04:38:42.305 Df SpinonBootstrap[26184:65c5ad8] [com.apple.UIKit:EventDispatch] Sending UIEvent type: 0; subtype: 0; to window: <UIWindow: 0x106e0ae60>; contextId: 0xC0984875
2026-10-10 04:38:42.305 A  SpinonBootstrap[26184:65c5ad8] (UIKitCore) send control actions
2026-10-10 04:38:42.305 A  SpinonBootstrap[26184:65c5ad8] (UIKitCore) send control actions
2026-10-10 04:38:42.306 Df SpinonBootstrap[26184:65c5af7] (Foundation) SPINON_C054_EVAL status=0 seq=2 trace_cookie=2 op=eval status=0 caller_tid=106715895 owner_tid=106715930 callback_tid=0 submission_lock_wait_us=0 control_lock_wait_us=0 scheduler_lock_wait_us=0 queue_residence_us=227 v8_call_us=531 cancel_requested=false callback_count=0 created_nodes=0 last_node_id=0 document_revision=16 render_tree_revision=4 document_nodes=5 document_string_units=627 document_collection_scans=2 document_collection_deferred=0 document_collection_scanned_handles=5 document_collection_live_handles=5 document_collection_empty_handles=0 document_collection_last_scan_start_ns=896868402121541 document_collection_last_scan_us=10 document_collection_wrapper_root_buffer_bytes=32 document_collection_reclaimed_node_buffer_bytes=20 document_collection_poisoned=0 document_collection_error=none error=none host_document_changed=true ua_snapshot_clone_us=2 ua_snapshot_submit_us=129 ua_snapshot_submitted=true enqueue_total_us=7 response_wait_us=902 submit_total_us=910 response_report_append_us=0 la<…>
2026-10-10 04:38:42.309 Df SpinonBootstrap[26184:65c5af7] (Foundation) SPINON_C0410_DRAW generation=1 status=0 presented boxes=5 environment_revision=0 viewport_css_px=301x100 surface_texture=903x300 root_css_px=301x100
2026-10-10 04:38:42.321 Df SpinonBootstrap[26184:65c5ad8] [com.apple.UIKit:EventDispatch] Evaluating dispatch of UIEvent: 0x600003d3c000; type: 0; subtype: 0; backing type: 11; shouldSend: 0; ignoreInteractionEvents: 0, systemGestureStateChange: 1
