10-10 22:46:54.635 19056 19074 I SpinonBootstrap: SPINON_C0410_HOST=session=ready owner_tid=19076 isolate_per_session=1 queue_capacity=64 queue_policy=strict-priority-fifo css_worker_per_session=1 css_worker_ready_us=849 session_startup_us=32062
10-10 22:46:54.637 19056 19074 I SpinonBootstrap: SPINON_C0410_ENVIRONMENT status=0 environment_revision=0 layout=empty boxes=0 generation=1 document_revision=0 render_tree_revision=0 style_revision=0 environment_revision=0 cacheHit=false cascadeRecomputedStyleElements=0 cascadeReusedStyleElements=0 cascadeContextStyleElements=0
10-10 22:46:54.637 19056 19074 I SpinonBootstrap: SPINON_C0410_ENVIRONMENT viewport=320.0x240.0 scale=2.625 dark=false status=0 environment_revision=0 layout=empty boxes=0 generation=1 document_revision=0 render_tree_revision=0 style_revision=0 environment_revision=0 cacheHit=false cascadeRecomputedStyleElements=0 cascadeReusedStyleElements=0 cascadeContextStyleElements=0
10-10 22:46:54.640 19056 19074 I SpinonBootstrap: SPINON_C1032_EVAL status=0 seq=1 trace_cookie=1 op=eval status=0 caller_tid=19074 owner_tid=19076 callback_tid=0 submission_lock_wait_us=0 control_lock_wait_us=0 scheduler_lock_wait_us=0 queue_residence_us=5 v8_call_us=1254 cancel_requested=false callback_count=0 created_nodes=0 last_node_id=0 document_revision=36 render_tree_revision=9 document_nodes=9 document_string_units=2441 document_collection_scans=1 document_collection_deferred=0 document_collection_scanned_handles=9 document_collection_live_handles=9 document_collection_empty_handles=0 document_collection_last_scan_start_ns=106080248336124 document_collection_last_scan_us=8 document_collection_wrapper_root_buffer_bytes=64 document_collection_reclaimed_node_buffer_bytes=36 document_collection_poisoned=0 document_collection_error=none error=none host_document_changed=true ua_snapshot_clone_us=1 ua_snapshot_submit_us=1412 ua_snapshot_submitted=true enqueue_total_us=4 response_wait_us=2986 submit_total_us=2990 response_report_append_us=1 layout=ready bo
10-10 22:46:54.641 19056 19074 I SpinonBootstrap: SPINON_C1032_NODE_FRAME 0:node=1,x=0,y=0,width=320,height=240
10-10 22:46:54.641 19056 19074 I SpinonBootstrap: SPINON_C1032_NODE_FRAME 1:node=2,x=0,y=0,width=180,height=40
10-10 22:46:54.641 19056 19074 I SpinonBootstrap: SPINON_C1032_NODE_FRAME 2:node=3,x=120,y=0,width=60,height=40
10-10 22:46:54.641 19056 19074 I SpinonBootstrap: SPINON_C1032_NODE_FRAME 3:node=4,x=0,y=0,width=60,height=40
10-10 22:46:54.641 19056 19074 I SpinonBootstrap: SPINON_C1032_NODE_FRAME 4:node=5,x=60,y=0,width=60,height=40
10-10 22:46:54.641 19056 19074 I SpinonBootstrap: SPINON_C1032_NODE_FRAME 5:node=6,x=0,y=52,width=120,height=40
10-10 22:46:54.641 19056 19074 I SpinonBootstrap: SPINON_C1032_NODE_FRAME 6:node=7,x=70,y=52,width=80,height=40
10-10 22:46:54.641 19056 19074 I SpinonBootstrap: SPINON_C1032_NODE_FRAME 7:node=8,x=-30,y=52,width=80,height=40
10-10 22:46:54.641 19056 19074 I SpinonBootstrap: SPINON_C1032_NODE_FRAME 8:node=9,x=20,y=52,width=80,height=40
10-10 22:46:54.641 19056 19074 I SpinonBootstrap: SPINON_C1032_EVAL status=0 seq=1 trace_cookie=1 op=eval status=0 caller_tid=19074 owner_tid=19076 callback_tid=0 submission_lock_wait_us=0 control_lock_wait_us=0 scheduler_lock_wait_us=0 queue_residence_us=5 v8_call_us=1254 cancel_requested=false callback_count=0 created_nodes=0 last_node_id=0 document_revision=36 render_tree_revision=9 document_nodes=9 document_string_units=2441 document_collection_scans=1 document_collection_deferred=0 document_collection_scanned_handles=9 document_collection_live_handles=9 document_collection_empty_handles=0 document_collection_last_scan_start_ns=106080248336124 document_collection_last_scan_us=8 document_collection_wrapper_root_buffer_bytes=64 document_collection_reclaimed_node_buffer_bytes=36 document_collection_poisoned=0 document_collection_error=none error=none host_document_changed=true ua_snapshot_clone_us=1 ua_snapshot_submit_us=1412 ua_snapshot_submitted=true enqueue_total_us=4 response_wait_us=2986 submit_total_us=2990 response_report_append_us=1 layout=ready boxes=9 generation=1 document_revision=36 render_tree_revision=9 style_revision=0 environment_revision=0 cacheHit=false cascadeRecomputedStyleElements=9 cascadeReusedStyleElements=0 cascadeContextStyleElements=0 root_frame_css_px=320x240 render_viewport_css_px=320x240 render_root_css_px=320x240 node_frames_css_px=[0:node=1,x=0,y=0,width=320,height=240;1:node=2,x=0,y=0,width=180,height=40;2:node=3,x=120,y=0,width=60,height=40;3:node=4,x=0,y=0,width=60,height=40;4:node=5,x=60,y=0,width=60,height=40;5:node=6,x=0,y=52,width=120,height=40;6:node=7,x=70,y=52,width=80,height=40;7:node=8,x=-30,y=52,width=80,height=40;8:node=9,x=20,y=52,width=80,height=40]
10-10 22:46:54.644 19056 19083 I SpinonBootstrap: SPINON_C0410_SURFACE_RELEASED generation=0
10-10 22:46:54.754 19056 19056 I SpinonBootstrap: SPINON_C0410_SURFACE_CREATED generation=1
10-10 22:46:54.755 19056 19056 I SpinonBootstrap: SPINON_C0410_SURFACE_CHANGED generation=2 size=840x630 changed=true
10-10 22:46:54.755 19056 19074 I SpinonBootstrap: SPINON_C0410_ENVIRONMENT status=0 environment_revision=0 layout=ready boxes=9 generation=1 document_revision=36 render_tree_revision=9 style_revision=0 environment_revision=0 cacheHit=false cascadeRecomputedStyleElements=9 cascadeReusedStyleElements=0 cascadeContextStyleElements=0 root_frame_css_px=320x240 render_viewport_css_px=320x240 render_root_css_px=320x240
10-10 22:46:54.755 19056 19074 I SpinonBootstrap: SPINON_C0410_ENVIRONMENT viewport=320.0x240.0 scale=2.625 dark=false sequence=4 status=0 environment_revision=0 layout=ready boxes=9 generation=1 document_revision=36 render_tree_revision=9 style_revision=0 environment_revision=0 cacheHit=false cascadeRecomputedStyleElements=9 cascadeReusedStyleElements=0 cascadeContextStyleElements=0 root_frame_css_px=320x240 render_viewport_css_px=320x240 render_root_css_px=320x240
10-10 22:46:55.268 19056 19083 I SpinonBootstrap: SPINON_C0410_RENDERER=backend=Gl device=Android Emulator OpenGL ES Translator (ANGLE (Google, Vulkan 1.3.0 (SwiftShader Device (LLVM 10.0.0) (0x0000C0DE)), SwiftShader driver-5.0.0)) format=Rgba8Unorm size=840x630 selection=auto
10-10 22:46:55.268 19056 19083 I SpinonBootstrap: SPINON_C0410_RENDERER generation=2 size=840x630
10-10 22:46:55.292 19056 19083 I SpinonBootstrap: SPINON_C0410_DRAW status=0 presented boxes=9 environment_revision=0 viewport_css_px=320x240 surface_texture=840x630 root_css_px=320x240
10-10 22:46:55.293 19056 19083 I SpinonBootstrap: SPINON_C0410_DRAW generation=2 status=0 presented boxes=9 environment_revision=0 viewport_css_px=320x240 surface_texture=840x630 root_css_px=320x240
