Timestamp               Ty Process[PID:TID]
2026-10-10 22:48:45.397 Df SpinonBootstrap[18112:7406846] (Foundation) SPINON_C0410_VIEWPORT_CHANGED css=320.0x240.0 scale=3.0 drawable=960x720
2026-10-10 22:48:45.397 Df SpinonBootstrap[18112:7406846] (Foundation) SPINON_C0410_SURFACE_CHANGED generation=1 size=960x720
2026-10-10 22:48:45.407 Df SpinonBootstrap[18112:740687a] SPINON_C0410_HOST=session=ready owner_tid=121661579 isolate_per_session=1 queue_capacity=64 queue_policy=strict-priority-fifo css_worker_per_session=1 css_worker_ready_us=939 session_startup_us=24368
2026-10-10 22:48:45.407 Df SpinonBootstrap[18112:740687a] (Foundation) SPINON_C0410_HOST_RETURNED handle=4333805504
2026-10-10 22:48:45.407 Df SpinonBootstrap[18112:740687a] (Foundation) SPINON_C0410_HOST_STORED continue=true
2026-10-10 22:48:45.407 Df SpinonBootstrap[18112:740687a] (Foundation) SPINON_C0410_ENVIRONMENT_REQUEST width=320.0 height=240.0
2026-10-10 22:48:45.407 Df SpinonBootstrap[18112:740687a] SPINON_C0410_ENVIRONMENT_FFI_BEGIN width=320.0 height=240.0
2026-10-10 22:48:45.408 Df SpinonBootstrap[18112:740687a] (Foundation) SPINON_C0410_ENVIRONMENT status=0 environment_revision=0 layout=empty boxes=0 generation=1 document_revision=0 render_tree_revision=0 style_revision=0 environment_revision=0 cacheHit=false cascadeRecomputedStyleElements=0 cascadeReusedStyleElements=0 cascadeContextStyleElements=0
2026-10-10 22:48:45.421 Df SpinonBootstrap[18112:740687a] (Foundation) SPINON_C1032_NODE_FRAME 0:node=1,x=0,y=0,width=320,height=240
2026-10-10 22:48:45.421 Df SpinonBootstrap[18112:740687a] (Foundation) SPINON_C1032_NODE_FRAME 1:node=2,x=0,y=0,width=180,height=40
2026-10-10 22:48:45.421 Df SpinonBootstrap[18112:740687a] (Foundation) SPINON_C1032_NODE_FRAME 2:node=3,x=120,y=0,width=60,height=40
2026-10-10 22:48:45.421 Df SpinonBootstrap[18112:740687a] (Foundation) SPINON_C1032_NODE_FRAME 3:node=4,x=0,y=0,width=60,height=40
2026-10-10 22:48:45.421 Df SpinonBootstrap[18112:740687a] (Foundation) SPINON_C1032_NODE_FRAME 4:node=5,x=60,y=0,width=60,height=40
2026-10-10 22:48:45.421 Df SpinonBootstrap[18112:740687a] (Foundation) SPINON_C1032_NODE_FRAME 5:node=6,x=0,y=52,width=120,height=40
2026-10-10 22:48:45.421 Df SpinonBootstrap[18112:740687a] (Foundation) SPINON_C1032_NODE_FRAME 6:node=7,x=70,y=52,width=80,height=40
2026-10-10 22:48:45.421 Df SpinonBootstrap[18112:740687a] (Foundation) SPINON_C1032_NODE_FRAME 7:node=8,x=-30,y=52,width=80,height=40
2026-10-10 22:48:45.422 Df SpinonBootstrap[18112:740687a] (Foundation) SPINON_C1032_NODE_FRAME 8:node=9,x=20,y=52,width=80,height=40
2026-10-10 22:48:45.422 Df SpinonBootstrap[18112:740687a] (Foundation) SPINON_C1032_FRAME_SUMMARY frames=9 marker=present
2026-10-10 22:48:45.422 Df SpinonBootstrap[18112:740687a] (Foundation) SPINON_C1032_EVAL status=0 seq=1 trace_cookie=1 op=eval status=0 caller_tid=121661562 owner_tid=121661579 callback_tid=0 submission_lock_wait_us=0 control_lock_wait_us=0 scheduler_lock_wait_us=0 queue_residence_us=15 v8_call_us=4239 cancel_requested=false callback_count=0 created_nodes=0 last_node_id=0 document_revision=36 render_tree_revision=9 document_nodes=9 document_string_units=2441 document_collection_scans=1 document_collection_deferred=0 document_collection_scanned_handles=9 document_collection_live_handles=9 document_collection_empty_handles=0 document_collection_last_scan_start_ns=962269449874625 document_collection_last_scan_us=8 document_collection_wrapper_root_buffer_bytes=64 document_collection_reclaimed_node_buffer_bytes=36 document_collection_poisoned=0 document_collection_error=none error=none host_document_changed=true ua_snapshot_clone_us=2 ua_snapshot_submit_us=20 ua_snapshot_submitted=true enqueue_total_us=3 response_wait_us=4284 submit_total_us=4288 response_report_append_us=0 <…>
2026-10-10 22:48:45.423 Df SpinonBootstrap[18112:7406874] SPINON_C0410_ENVIRONMENT_FFI_BEGIN width=320.0 height=240.0
2026-10-10 22:48:45.423 Df SpinonBootstrap[18112:7406874] (Foundation) SPINON_C0410_ENVIRONMENT viewport=320.0x240.0 scale=3.0 dark=true sequence=3 status=0 environment_revision=0 layout=ready boxes=9 generation=1 document_revision=36 render_tree_revision=9 style_revision=0 environment_revision=0 cacheHit=false cascadeRecomputedStyleElements=9 cascadeReusedStyleElements=0 cascadeContextStyleElements=0 root_frame_css_px=320x240 render_viewport_css_px=320x240 render_root_css_px=320x240
2026-10-10 22:48:45.431 Df SpinonBootstrap[18112:7406846] (Foundation) SPINON_C0410_SURFACE_CONFIGURE thread=main status=0 UIKit surface가 메인 스레드에서 구성되었습니다
2026-10-10 22:48:45.431 Df SpinonBootstrap[18112:740687a] SPINON_C0410_ENVIRONMENT_FFI_BEGIN width=320.0 height=240.0
2026-10-10 22:48:45.431 Df SpinonBootstrap[18112:740687a] (Foundation) SPINON_C0410_ENVIRONMENT viewport=320.0x240.0 scale=3.0 dark=true sequence=5 status=0 environment_revision=0 layout=ready boxes=9 generation=1 document_revision=36 render_tree_revision=9 style_revision=0 environment_revision=0 cacheHit=false cascadeRecomputedStyleElements=9 cascadeReusedStyleElements=0 cascadeContextStyleElements=0 root_frame_css_px=320x240 render_viewport_css_px=320x240 render_root_css_px=320x240
2026-10-10 22:48:45.434 Df SpinonBootstrap[18112:740687a] (Foundation) SPINON_C0410_DRAW generation=1 status=0 presented boxes=9 environment_revision=0 viewport_css_px=320x240 surface_texture=960x720 root_css_px=320x240
