--------- beginning of main
10-08 19:06:44.301  5455  5455 I SpinonBootstrap: SPINON_R08_UI=ready text-input=EditText accessibility=button+EditText
10-08 19:06:44.381  5455  5455 I SpinonBootstrap: SPINON_R05_SURFACE renderer=opengl_es type=GLSurfaceView generation=1
10-08 19:06:44.382  5455  5455 I SpinonBootstrap: SPINON_R05_SIGNAL_CAPABILITY renderer=opengl_es signal=SurfaceView_JankData available=false reason=api_below_36 api=35 api_full=0
10-08 19:06:44.382  5455  5455 I SpinonBootstrap: SPINON_R05_SURFACE_SIZE renderer=opengl_es generation=1 size=1080x2400
10-08 19:06:44.501  5455  5472 I SpinonBootstrap: SPINON_R08_SURFACE=created api=OpenGL_ES_2 renderer=Android Emulator OpenGL ES Translator (ANGLE (Google, Vulkan 1.3.0 (SwiftShader Device (LLVM 10.0.0) (0x0000C0DE)), SwiftShader driver-5.0.0)) version=OpenGL ES 3.1 (OpenGL ES 3.1.0 (ANGLE 2.1.1 git hash: fbf66f49c7cc))
10-08 19:06:44.516  5455  5472 I SpinonBootstrap: SPINON_R08_SHADER=ready
10-08 19:06:44.516  5455  5472 I SpinonBootstrap: SPINON_R08_SURFACE=size 1080x2400
10-08 19:06:44.517  5455  5472 I SpinonBootstrap: SPINON_R05_DRAW renderer=opengl_es draw_seq=1 revision=0 generation=1
10-08 19:06:44.517  5455  5472 I SpinonBootstrap: SPINON_R08_FRAME=first_draw_submitted
10-08 19:06:44.770  5455  5455 I SpinonBootstrap: SPINON_R05_INPUT renderer=opengl_es input_seq=1 phase=ACTION_UP timestamp_precision=nanosecond_representation input_source=unknown event_time_ns=223312000000 input_uptime_anchor_ns=223314302522 input_monotonic_before_ns=223314301939 input_monotonic_after_ns=223314302689 generation=1
10-08 19:06:44.774  5455  5455 I SpinonBootstrap: SPINON_R05_PRESENT_FENCE_LISTENER renderer=opengl_es request_id=1 input_seq=1 revision=1 generation=1 target_vsync_id=-1 state=registered timeout_ms=2000
10-08 19:06:44.774  5455  5455 I SpinonBootstrap: SPINON_R05_PRESENT_FENCE_APPLY renderer=opengl_es request_id=1 input_seq=1 revision=1 generation=1 target_vsync_id=unavailable transaction=queued_for_next_surface_frame listener_attached=true
10-08 19:06:44.774  5455  5455 I SpinonBootstrap: SPINON_R05_SUBMIT renderer=opengl_es input_seq=1 revision=1 generation=1 event_time_ns=223312000000 handler_uptime_ns=223318589480 draw_requested=true draw_completed=false present_signal=unavailable attribution=input
10-08 19:06:44.775  5455  5455 I SpinonBootstrap: SPINON_R08_TOUCH count=1
10-08 19:06:44.776  5455  5472 I SpinonBootstrap: SPINON_R05_DRAW renderer=opengl_es draw_seq=2 revision=1 generation=1
10-08 19:06:44.827  5455  5496 I SpinonBootstrap: SPINON_R05_PRESENT_FENCE renderer=opengl_es request_id=1 input_seq=1 revision=1 event_time_ns=223312000000 generation=1 current_generation=1 current_surface=true target_vsync_id=-1 outcome=callback_received fence_valid=true fence_state=pending signal_time_ns=9223372036854775807 latch_time_ns=223347735855 fence_signal_usable=false callback_inline_overflow=false inline_callback_total=0 callback_os_tid=5496 callback_thread_id=53 queue_depth=0 input_uptime_anchor_ns=223314302522 input_monotonic_before_ns=223314301939 input_monotonic_after_ns=223314302689 callback_uptime_anchor_ns=223370828730 callback_monotonic_before_ns=223370827772 callback_monotonic_after_ns=223370828897 signal_observed_monotonic_ns=223370848689 input_offset_min_ns=-167 input_offset_max_ns=583 callback_offset_min_ns=-167 callback_offset_max_ns=958 clock_offset_intervals_overlap=true processing_error=none fence_close_error=none
10-08 19:06:45.268  5455  5455 I SpinonBootstrap: SPINON_R05_INPUT renderer=opengl_es input_seq=2 phase=ACTION_UP timestamp_precision=nanosecond_representation input_source=unknown event_time_ns=223811000000 input_uptime_anchor_ns=223812469272 input_monotonic_before_ns=223812468647 input_monotonic_after_ns=223812469397 generation=1
10-08 19:06:45.269  5455  5455 I SpinonBootstrap: SPINON_R05_PRESENT_FENCE_LISTENER renderer=opengl_es request_id=2 input_seq=2 revision=2 generation=1 target_vsync_id=-1 state=registered timeout_ms=2000
10-08 19:06:45.269  5455  5455 I SpinonBootstrap: SPINON_R05_PRESENT_FENCE_APPLY renderer=opengl_es request_id=2 input_seq=2 revision=2 generation=1 target_vsync_id=unavailable transaction=queued_for_next_surface_frame listener_attached=true
10-08 19:06:45.269  5455  5455 I SpinonBootstrap: SPINON_R05_SUBMIT renderer=opengl_es input_seq=2 revision=2 generation=1 event_time_ns=223811000000 handler_uptime_ns=223812871356 draw_requested=true draw_completed=false present_signal=unavailable attribution=input
10-08 19:06:45.272  5455  5455 I SpinonBootstrap: SPINON_R08_TOUCH count=2
10-08 19:06:45.274  5455  5472 I SpinonBootstrap: SPINON_R05_DRAW renderer=opengl_es draw_seq=3 revision=2 generation=1
10-08 19:06:45.297  5455  5496 I SpinonBootstrap: SPINON_R05_PRESENT_FENCE renderer=opengl_es request_id=2 input_seq=2 revision=2 event_time_ns=223811000000 generation=1 current_generation=1 current_surface=true target_vsync_id=-1 outcome=callback_received fence_valid=true fence_state=signaled signal_time_ns=223840913856 latch_time_ns=223829268272 fence_signal_usable=true callback_inline_overflow=false inline_callback_total=0 callback_os_tid=5496 callback_thread_id=53 queue_depth=0 input_uptime_anchor_ns=223812469272 input_monotonic_before_ns=223812468647 input_monotonic_after_ns=223812469397 callback_uptime_anchor_ns=223841529314 callback_monotonic_before_ns=223841528356 callback_monotonic_after_ns=223841529439 signal_observed_monotonic_ns=223841538272 input_offset_min_ns=-125 input_offset_max_ns=625 callback_offset_min_ns=-125 callback_offset_max_ns=958 clock_offset_intervals_overlap=true processing_error=none fence_close_error=none
10-08 19:06:45.467  5455  5455 I SpinonBootstrap: SPINON_R05_INPUT renderer=opengl_es input_seq=3 phase=ACTION_UP timestamp_precision=nanosecond_representation input_source=unknown event_time_ns=224010000000 input_uptime_anchor_ns=224011049231 input_monotonic_before_ns=224011048397 input_monotonic_after_ns=224011049481 generation=1
10-08 19:06:45.467  5455  5455 I SpinonBootstrap: SPINON_R05_PRESENT_FENCE_LISTENER renderer=opengl_es request_id=3 input_seq=3 revision=3 generation=1 target_vsync_id=-1 state=registered timeout_ms=2000
10-08 19:06:45.467  5455  5455 I SpinonBootstrap: SPINON_R05_PRESENT_FENCE_APPLY renderer=opengl_es request_id=3 input_seq=3 revision=3 generation=1 target_vsync_id=unavailable transaction=queued_for_next_surface_frame listener_attached=true
10-08 19:06:45.467  5455  5455 I SpinonBootstrap: SPINON_R05_SUBMIT renderer=opengl_es input_seq=3 revision=3 generation=1 event_time_ns=224010000000 handler_uptime_ns=224011245564 draw_requested=true draw_completed=false present_signal=unavailable attribution=input
10-08 19:06:45.467  5455  5455 I SpinonBootstrap: SPINON_R08_TOUCH count=3
10-08 19:06:45.467  5455  5472 I SpinonBootstrap: SPINON_R05_DRAW renderer=opengl_es draw_seq=4 revision=3 generation=1
10-08 19:06:45.499  5455  5496 I SpinonBootstrap: SPINON_R05_PRESENT_FENCE renderer=opengl_es request_id=3 input_seq=3 revision=3 event_time_ns=224010000000 generation=1 current_generation=1 current_surface=true target_vsync_id=-1 outcome=callback_received fence_valid=true fence_state=signaled signal_time_ns=224042693481 latch_time_ns=224029091689 fence_signal_usable=true callback_inline_overflow=false inline_callback_total=0 callback_os_tid=5496 callback_thread_id=53 queue_depth=0 input_uptime_anchor_ns=224011049231 input_monotonic_before_ns=224011048397 input_monotonic_after_ns=224011049481 callback_uptime_anchor_ns=224043398022 callback_monotonic_before_ns=224043396272 callback_monotonic_after_ns=224043398147 signal_observed_monotonic_ns=224043411147 input_offset_min_ns=-250 input_offset_max_ns=834 callback_offset_min_ns=-125 callback_offset_max_ns=1750 clock_offset_intervals_overlap=true processing_error=none fence_close_error=none
10-08 19:06:45.916  5455  5455 I SpinonBootstrap: SPINON_R05_INPUT renderer=opengl_es input_seq=4 phase=ACTION_UP timestamp_precision=nanosecond_representation input_source=unknown event_time_ns=224459000000 input_uptime_anchor_ns=224460547231 input_monotonic_before_ns=224460546689 input_monotonic_after_ns=224460547481 generation=1
10-08 19:06:45.916  5455  5455 I SpinonBootstrap: SPINON_R05_PRESENT_FENCE_LISTENER renderer=opengl_es request_id=4 input_seq=4 revision=4 generation=1 target_vsync_id=-1 state=registered timeout_ms=2000
10-08 19:06:45.916  5455  5455 I SpinonBootstrap: SPINON_R05_PRESENT_FENCE_APPLY renderer=opengl_es request_id=4 input_seq=4 revision=4 generation=1 target_vsync_id=unavailable transaction=queued_for_next_surface_frame listener_attached=true
10-08 19:06:45.916  5455  5455 I SpinonBootstrap: SPINON_R05_SUBMIT renderer=opengl_es input_seq=4 revision=4 generation=1 event_time_ns=224459000000 handler_uptime_ns=224460695731 draw_requested=true draw_completed=false present_signal=unavailable attribution=input
10-08 19:06:45.917  5455  5472 I SpinonBootstrap: SPINON_R05_DRAW renderer=opengl_es draw_seq=5 revision=4 generation=1
10-08 19:06:45.917  5455  5455 I SpinonBootstrap: SPINON_R08_TOUCH count=4
10-08 19:06:45.933  5455  5496 I SpinonBootstrap: SPINON_R05_PRESENT_FENCE renderer=opengl_es request_id=4 input_seq=4 revision=4 event_time_ns=224459000000 generation=1 current_generation=1 current_surface=true target_vsync_id=-1 outcome=callback_received fence_valid=true fence_state=pending signal_time_ns=9223372036854775807 latch_time_ns=224463068939 fence_signal_usable=false callback_inline_overflow=false inline_callback_total=0 callback_os_tid=5496 callback_thread_id=53 queue_depth=0 input_uptime_anchor_ns=224460547231 input_monotonic_before_ns=224460546689 input_monotonic_after_ns=224460547481 callback_uptime_anchor_ns=224477100523 callback_monotonic_before_ns=224477100064 callback_monotonic_after_ns=224477100606 signal_observed_monotonic_ns=224477111148 input_offset_min_ns=-250 input_offset_max_ns=542 callback_offset_min_ns=-83 callback_offset_max_ns=459 clock_offset_intervals_overlap=true processing_error=none fence_close_error=none
10-08 19:06:46.094  5455  5455 I SpinonBootstrap: SPINON_R05_INPUT renderer=opengl_es input_seq=5 phase=ACTION_UP timestamp_precision=nanosecond_representation input_source=unknown event_time_ns=224636000000 input_uptime_anchor_ns=224637875106 input_monotonic_before_ns=224637874689 input_monotonic_after_ns=224637875398 generation=1
10-08 19:06:46.094  5455  5455 I SpinonBootstrap: SPINON_R05_PRESENT_FENCE_LISTENER renderer=opengl_es request_id=5 input_seq=5 revision=5 generation=1 target_vsync_id=-1 state=registered timeout_ms=2000
10-08 19:06:46.094  5455  5455 I SpinonBootstrap: SPINON_R05_PRESENT_FENCE_APPLY renderer=opengl_es request_id=5 input_seq=5 revision=5 generation=1 target_vsync_id=unavailable transaction=queued_for_next_surface_frame listener_attached=true
10-08 19:06:46.094  5455  5455 I SpinonBootstrap: SPINON_R05_SUBMIT renderer=opengl_es input_seq=5 revision=5 generation=1 event_time_ns=224636000000 handler_uptime_ns=224638038148 draw_requested=true draw_completed=false present_signal=unavailable attribution=input
10-08 19:06:46.094  5455  5472 I SpinonBootstrap: SPINON_R05_DRAW renderer=opengl_es draw_seq=6 revision=5 generation=1
10-08 19:06:46.094  5455  5455 I SpinonBootstrap: SPINON_R08_TOUCH count=5
10-08 19:06:46.117  5455  5496 I SpinonBootstrap: SPINON_R05_PRESENT_FENCE renderer=opengl_es request_id=5 input_seq=5 revision=5 event_time_ns=224636000000 generation=1 current_generation=1 current_surface=true target_vsync_id=-1 outcome=callback_received fence_valid=true fence_state=signaled signal_time_ns=224659870481 latch_time_ns=224646450564 fence_signal_usable=true callback_inline_overflow=false inline_callback_total=0 callback_os_tid=5496 callback_thread_id=53 queue_depth=0 input_uptime_anchor_ns=224637875106 input_monotonic_before_ns=224637874689 input_monotonic_after_ns=224637875398 callback_uptime_anchor_ns=224660795398 callback_monotonic_before_ns=224660793648 callback_monotonic_after_ns=224660795523 signal_observed_monotonic_ns=224660809398 input_offset_min_ns=-292 input_offset_max_ns=417 callback_offset_min_ns=-125 callback_offset_max_ns=1750 clock_offset_intervals_overlap=true processing_error=none fence_close_error=none
10-08 19:06:46.278  5455  5455 I SpinonBootstrap: SPINON_R05_INPUT renderer=opengl_es input_seq=6 phase=ACTION_UP timestamp_precision=nanosecond_representation input_source=unknown event_time_ns=224821000000 input_uptime_anchor_ns=224822589439 input_monotonic_before_ns=224822588689 input_monotonic_after_ns=224822589731 generation=1
10-08 19:06:46.278  5455  5455 I SpinonBootstrap: SPINON_R05_PRESENT_FENCE_LISTENER renderer=opengl_es request_id=6 input_seq=6 revision=6 generation=1 target_vsync_id=-1 state=registered timeout_ms=2000
10-08 19:06:46.279  5455  5455 I SpinonBootstrap: SPINON_R05_PRESENT_FENCE_APPLY renderer=opengl_es request_id=6 input_seq=6 revision=6 generation=1 target_vsync_id=unavailable transaction=queued_for_next_surface_frame listener_attached=true
10-08 19:06:46.279  5455  5455 I SpinonBootstrap: SPINON_R05_SUBMIT renderer=opengl_es input_seq=6 revision=6 generation=1 event_time_ns=224821000000 handler_uptime_ns=224822835898 draw_requested=true draw_completed=false present_signal=unavailable attribution=input
10-08 19:06:46.279  5455  5455 I SpinonBootstrap: SPINON_R08_TOUCH count=6
10-08 19:06:46.279  5455  5472 I SpinonBootstrap: SPINON_R05_DRAW renderer=opengl_es draw_seq=7 revision=6 generation=1
10-08 19:06:46.299  5455  5496 I SpinonBootstrap: SPINON_R05_PRESENT_FENCE renderer=opengl_es request_id=6 input_seq=6 revision=6 event_time_ns=224821000000 generation=1 current_generation=1 current_surface=true target_vsync_id=-1 outcome=callback_received fence_valid=true fence_state=signaled signal_time_ns=224842827814 latch_time_ns=224829265189 fence_signal_usable=true callback_inline_overflow=false inline_callback_total=0 callback_os_tid=5496 callback_thread_id=53 queue_depth=0 input_uptime_anchor_ns=224822589439 input_monotonic_before_ns=224822588689 input_monotonic_after_ns=224822589731 callback_uptime_anchor_ns=224843188023 callback_monotonic_before_ns=224843186314 callback_monotonic_after_ns=224843188106 signal_observed_monotonic_ns=224843196606 input_offset_min_ns=-292 input_offset_max_ns=750 callback_offset_min_ns=-83 callback_offset_max_ns=1709 clock_offset_intervals_overlap=true processing_error=none fence_close_error=none
10-08 19:06:46.464  5455  5455 I SpinonBootstrap: SPINON_R05_INPUT renderer=opengl_es input_seq=7 phase=ACTION_UP timestamp_precision=nanosecond_representation input_source=unknown event_time_ns=225005000000 input_uptime_anchor_ns=225007317523 input_monotonic_before_ns=225007316106 input_monotonic_after_ns=225007317981 generation=1
10-08 19:06:46.464  5455  5455 I SpinonBootstrap: SPINON_R05_PRESENT_FENCE_LISTENER renderer=opengl_es request_id=7 input_seq=7 revision=7 generation=1 target_vsync_id=-1 state=registered timeout_ms=2000
10-08 19:06:46.464  5455  5455 I SpinonBootstrap: SPINON_R05_PRESENT_FENCE_APPLY renderer=opengl_es request_id=7 input_seq=7 revision=7 generation=1 target_vsync_id=unavailable transaction=queued_for_next_surface_frame listener_attached=true
10-08 19:06:46.464  5455  5455 I SpinonBootstrap: SPINON_R05_SUBMIT renderer=opengl_es input_seq=7 revision=7 generation=1 event_time_ns=225005000000 handler_uptime_ns=225008444898 draw_requested=true draw_completed=false present_signal=unavailable attribution=input
10-08 19:06:46.464  5455  5455 I SpinonBootstrap: SPINON_R08_TOUCH count=7
10-08 19:06:46.464  5455  5472 I SpinonBootstrap: SPINON_R05_DRAW renderer=opengl_es draw_seq=8 revision=7 generation=1
10-08 19:06:46.520  5455  5496 I SpinonBootstrap: SPINON_R05_PRESENT_FENCE renderer=opengl_es request_id=7 input_seq=7 revision=7 event_time_ns=225005000000 generation=1 current_generation=1 current_surface=true target_vsync_id=-1 outcome=callback_received fence_valid=true fence_state=signaled signal_time_ns=225060950564 latch_time_ns=225046066439 fence_signal_usable=true callback_inline_overflow=false inline_callback_total=0 callback_os_tid=5496 callback_thread_id=53 queue_depth=0 input_uptime_anchor_ns=225007317523 input_monotonic_before_ns=225007316106 input_monotonic_after_ns=225007317981 callback_uptime_anchor_ns=225063798523 callback_monotonic_before_ns=225063795981 callback_monotonic_after_ns=225063798731 signal_observed_monotonic_ns=225063821898 input_offset_min_ns=-458 input_offset_max_ns=1417 callback_offset_min_ns=-208 callback_offset_max_ns=2542 clock_offset_intervals_overlap=true processing_error=none fence_close_error=none
10-08 19:06:46.684  5455  5455 I SpinonBootstrap: SPINON_R05_INPUT renderer=opengl_es input_seq=8 phase=ACTION_UP timestamp_precision=nanosecond_representation input_source=unknown event_time_ns=225227000000 input_uptime_anchor_ns=225228500606 input_monotonic_before_ns=225228500148 input_monotonic_after_ns=225228500898 generation=1
10-08 19:06:46.684  5455  5455 I SpinonBootstrap: SPINON_R05_PRESENT_FENCE_LISTENER renderer=opengl_es request_id=8 input_seq=8 revision=8 generation=1 target_vsync_id=-1 state=registered timeout_ms=2000
10-08 19:06:46.685  5455  5455 I SpinonBootstrap: SPINON_R05_PRESENT_FENCE_APPLY renderer=opengl_es request_id=8 input_seq=8 revision=8 generation=1 target_vsync_id=unavailable transaction=queued_for_next_surface_frame listener_attached=true
10-08 19:06:46.685  5455  5455 I SpinonBootstrap: SPINON_R05_SUBMIT renderer=opengl_es input_seq=8 revision=8 generation=1 event_time_ns=225227000000 handler_uptime_ns=225228949981 draw_requested=true draw_completed=false present_signal=unavailable attribution=input
10-08 19:06:46.685  5455  5472 I SpinonBootstrap: SPINON_R05_DRAW renderer=opengl_es draw_seq=9 revision=8 generation=1
10-08 19:06:46.685  5455  5455 I SpinonBootstrap: SPINON_R08_TOUCH count=8
10-08 19:06:46.715  5455  5496 I SpinonBootstrap: SPINON_R05_PRESENT_FENCE renderer=opengl_es request_id=8 input_seq=8 revision=8 event_time_ns=225227000000 generation=1 current_generation=1 current_surface=true target_vsync_id=-1 outcome=callback_received fence_valid=true fence_state=signaled signal_time_ns=225258359315 latch_time_ns=225245894148 fence_signal_usable=true callback_inline_overflow=false inline_callback_total=0 callback_os_tid=5496 callback_thread_id=53 queue_depth=0 input_uptime_anchor_ns=225228500606 input_monotonic_before_ns=225228500148 input_monotonic_after_ns=225228500898 callback_uptime_anchor_ns=225258802273 callback_monotonic_before_ns=225258800565 callback_monotonic_after_ns=225258802356 signal_observed_monotonic_ns=225258811856 input_offset_min_ns=-292 input_offset_max_ns=458 callback_offset_min_ns=-83 callback_offset_max_ns=1708 clock_offset_intervals_overlap=true processing_error=none fence_close_error=none
10-08 19:06:47.138  5455  5455 I SpinonBootstrap: SPINON_R05_INPUT renderer=opengl_es input_seq=9 phase=ACTION_UP timestamp_precision=nanosecond_representation input_source=unknown event_time_ns=225681000000 input_uptime_anchor_ns=225682485523 input_monotonic_before_ns=225682485023 input_monotonic_after_ns=225682485731 generation=1
10-08 19:06:47.138  5455  5455 I SpinonBootstrap: SPINON_R05_PRESENT_FENCE_LISTENER renderer=opengl_es request_id=9 input_seq=9 revision=9 generation=1 target_vsync_id=-1 state=registered timeout_ms=2000
10-08 19:06:47.138  5455  5455 I SpinonBootstrap: SPINON_R05_PRESENT_FENCE_APPLY renderer=opengl_es request_id=9 input_seq=9 revision=9 generation=1 target_vsync_id=unavailable transaction=queued_for_next_surface_frame listener_attached=true
10-08 19:06:47.138  5455  5455 I SpinonBootstrap: SPINON_R05_SUBMIT renderer=opengl_es input_seq=9 revision=9 generation=1 event_time_ns=225681000000 handler_uptime_ns=225682775773 draw_requested=true draw_completed=false present_signal=unavailable attribution=input
10-08 19:06:47.139  5455  5472 I SpinonBootstrap: SPINON_R05_DRAW renderer=opengl_es draw_seq=10 revision=9 generation=1
10-08 19:06:47.139  5455  5455 I SpinonBootstrap: SPINON_R08_TOUCH count=9
10-08 19:06:47.164  5455  5496 I SpinonBootstrap: SPINON_R05_PRESENT_FENCE renderer=opengl_es request_id=9 input_seq=9 revision=9 event_time_ns=225681000000 generation=1 current_generation=1 current_surface=true target_vsync_id=-1 outcome=callback_received fence_valid=true fence_state=signaled signal_time_ns=225707366690 latch_time_ns=225696359273 fence_signal_usable=true callback_inline_overflow=false inline_callback_total=0 callback_os_tid=5496 callback_thread_id=53 queue_depth=0 input_uptime_anchor_ns=225682485523 input_monotonic_before_ns=225682485023 input_monotonic_after_ns=225682485731 callback_uptime_anchor_ns=225707987565 callback_monotonic_before_ns=225707985940 callback_monotonic_after_ns=225707987690 signal_observed_monotonic_ns=225708156773 input_offset_min_ns=-208 input_offset_max_ns=500 callback_offset_min_ns=-125 callback_offset_max_ns=1625 clock_offset_intervals_overlap=true processing_error=none fence_close_error=none
10-08 19:06:47.324  5455  5455 I SpinonBootstrap: SPINON_R05_INPUT renderer=opengl_es input_seq=10 phase=ACTION_UP timestamp_precision=nanosecond_representation input_source=unknown event_time_ns=225866000000 input_uptime_anchor_ns=225868444273 input_monotonic_before_ns=225868443398 input_monotonic_after_ns=225868444523 generation=1
10-08 19:06:47.324  5455  5455 I SpinonBootstrap: SPINON_R05_PRESENT_FENCE_LISTENER renderer=opengl_es request_id=10 input_seq=10 revision=10 generation=1 target_vsync_id=-1 state=registered timeout_ms=2000
10-08 19:06:47.325  5455  5455 I SpinonBootstrap: SPINON_R05_PRESENT_FENCE_APPLY renderer=opengl_es request_id=10 input_seq=10 revision=10 generation=1 target_vsync_id=unavailable transaction=queued_for_next_surface_frame listener_attached=true
10-08 19:06:47.325  5455  5455 I SpinonBootstrap: SPINON_R05_SUBMIT renderer=opengl_es input_seq=10 revision=10 generation=1 event_time_ns=225866000000 handler_uptime_ns=225868823773 draw_requested=true draw_completed=false present_signal=unavailable attribution=input
10-08 19:06:47.325  5455  5472 I SpinonBootstrap: SPINON_R05_DRAW renderer=opengl_es draw_seq=11 revision=10 generation=1
10-08 19:06:47.325  5455  5455 I SpinonBootstrap: SPINON_R08_TOUCH count=10
10-08 19:06:47.369  5455  5496 I SpinonBootstrap: SPINON_R05_PRESENT_FENCE renderer=opengl_es request_id=10 input_seq=10 revision=10 event_time_ns=225866000000 generation=1 current_generation=1 current_surface=true target_vsync_id=-1 outcome=callback_received fence_valid=true fence_state=pending signal_time_ns=9223372036854775807 latch_time_ns=225880364982 fence_signal_usable=false callback_inline_overflow=false inline_callback_total=0 callback_os_tid=5496 callback_thread_id=53 queue_depth=0 input_uptime_anchor_ns=225868444273 input_monotonic_before_ns=225868443398 input_monotonic_after_ns=225868444523 callback_uptime_anchor_ns=225913363232 callback_monotonic_before_ns=225913361523 callback_monotonic_after_ns=225913363398 signal_observed_monotonic_ns=225913376982 input_offset_min_ns=-250 input_offset_max_ns=875 callback_offset_min_ns=-166 callback_offset_max_ns=1709 clock_offset_intervals_overlap=true processing_error=none fence_close_error=none
10-08 19:06:47.531  5455  5455 I SpinonBootstrap: SPINON_R05_INPUT renderer=opengl_es input_seq=11 phase=ACTION_UP timestamp_precision=nanosecond_representation input_source=unknown event_time_ns=226074000000 input_uptime_anchor_ns=226075754648 input_monotonic_before_ns=226075753857 input_monotonic_after_ns=226075754898 generation=1
10-08 19:06:47.532  5455  5455 I SpinonBootstrap: SPINON_R05_PRESENT_FENCE_LISTENER renderer=opengl_es request_id=11 input_seq=11 revision=11 generation=1 target_vsync_id=-1 state=registered timeout_ms=2000
10-08 19:06:47.532  5455  5455 I SpinonBootstrap: SPINON_R05_PRESENT_FENCE_APPLY renderer=opengl_es request_id=11 input_seq=11 revision=11 generation=1 target_vsync_id=unavailable transaction=queued_for_next_surface_frame listener_attached=true
10-08 19:06:47.532  5455  5455 I SpinonBootstrap: SPINON_R05_SUBMIT renderer=opengl_es input_seq=11 revision=11 generation=1 event_time_ns=226074000000 handler_uptime_ns=226075920190 draw_requested=true draw_completed=false present_signal=unavailable attribution=input
10-08 19:06:47.532  5455  5472 I SpinonBootstrap: SPINON_R05_DRAW renderer=opengl_es draw_seq=12 revision=11 generation=1
10-08 19:06:47.532  5455  5455 I SpinonBootstrap: SPINON_R08_TOUCH count=11
10-08 19:06:47.548  5455  5496 I SpinonBootstrap: SPINON_R05_PRESENT_FENCE renderer=opengl_es request_id=11 input_seq=11 revision=11 event_time_ns=226074000000 generation=1 current_generation=1 current_surface=true target_vsync_id=-1 outcome=callback_received fence_valid=true fence_state=signaled signal_time_ns=226091429982 latch_time_ns=226079487773 fence_signal_usable=true callback_inline_overflow=false inline_callback_total=0 callback_os_tid=5496 callback_thread_id=53 queue_depth=0 input_uptime_anchor_ns=226075754648 input_monotonic_before_ns=226075753857 input_monotonic_after_ns=226075754898 callback_uptime_anchor_ns=226091887107 callback_monotonic_before_ns=226091886440 callback_monotonic_after_ns=226091887190 signal_observed_monotonic_ns=226091898273 input_offset_min_ns=-250 input_offset_max_ns=791 callback_offset_min_ns=-83 callback_offset_max_ns=667 clock_offset_intervals_overlap=true processing_error=none fence_close_error=none
