--------- beginning of main
10-08 19:17:33.371  3862  3862 I SpinonBootstrap: SPINON_R08_UI=ready text-input=EditText accessibility=button+EditText
10-08 19:17:33.417  3862  3862 I SpinonBootstrap: SPINON_R05_SURFACE renderer=opengl_es type=GLSurfaceView generation=1
10-08 19:17:33.417  3862  3862 I SpinonBootstrap: SPINON_R05_SIGNAL_CAPABILITY renderer=opengl_es signal=SurfaceView_JankData available=false reason=api_below_37_2 api=37 api_full=3700001
10-08 19:17:33.417  3862  3862 I SpinonBootstrap: SPINON_R05_SURFACE_SIZE renderer=opengl_es generation=1 size=1080x2400
10-08 19:17:33.420  3862  3879 I SpinonBootstrap: SPINON_R08_SURFACE=created api=OpenGL_ES_2 renderer=Android Emulator OpenGL ES Translator (Apple M4 Max) version=OpenGL ES 3.0 (4.1 Metal - 90.5)
10-08 19:17:33.422  3862  3879 I SpinonBootstrap: SPINON_R08_SHADER=ready
10-08 19:17:33.422  3862  3879 I SpinonBootstrap: SPINON_R08_SURFACE=size 1080x2400
10-08 19:17:33.422  3862  3879 I SpinonBootstrap: SPINON_R05_DRAW renderer=opengl_es draw_seq=1 revision=0 generation=1
10-08 19:17:33.423  3862  3879 I SpinonBootstrap: SPINON_R08_FRAME=first_draw_submitted
10-08 19:17:33.435  3862  3879 I SpinonBootstrap: SPINON_R05_DRAW renderer=opengl_es draw_seq=2 revision=0 generation=1
10-08 19:17:33.527  3862  3862 I SpinonBootstrap: SPINON_R05_INPUT renderer=opengl_es input_seq=1 phase=ACTION_UP timestamp_precision=nanosecond_representation input_source=unknown event_time_ns=157135000000 input_uptime_anchor_ns=157137313657 input_monotonic_before_ns=157137313116 input_monotonic_after_ns=157137313782 generation=1
10-08 19:17:33.531  3862  3862 I SpinonBootstrap: SPINON_R05_PRESENT_FENCE_LISTENER renderer=opengl_es request_id=1 input_seq=1 revision=1 generation=1 target_vsync_id=-1 state=registered timeout_ms=2000
10-08 19:17:33.531  3862  3862 I SpinonBootstrap: SPINON_R05_PRESENT_FENCE_APPLY renderer=opengl_es request_id=1 input_seq=1 revision=1 generation=1 target_vsync_id=unavailable transaction=queued_for_next_surface_frame listener_attached=true
10-08 19:17:33.531  3862  3879 I SpinonBootstrap: SPINON_R05_DRAW renderer=opengl_es draw_seq=3 revision=1 generation=1
10-08 19:17:33.532  3862  3862 I SpinonBootstrap: SPINON_R05_SUBMIT renderer=opengl_es input_seq=1 revision=1 generation=1 event_time_ns=157135000000 handler_uptime_ns=157142227616 draw_requested=true draw_completed=false present_signal=unavailable attribution=input
10-08 19:17:33.532  3862  3862 I SpinonBootstrap: SPINON_R08_TOUCH count=1
10-08 19:17:33.548  3862  3903 I SpinonBootstrap: SPINON_R05_PRESENT_FENCE renderer=opengl_es request_id=1 input_seq=1 revision=1 event_time_ns=157135000000 generation=1 current_generation=1 current_surface=true target_vsync_id=-1 outcome=callback_received fence_valid=true fence_state=pending signal_time_ns=9223372036854775807 latch_time_ns=157154437032 fence_signal_usable=false callback_inline_overflow=false inline_callback_total=0 callback_os_tid=3903 callback_thread_id=52 queue_depth=0 input_uptime_anchor_ns=157137313657 input_monotonic_before_ns=157137313116 input_monotonic_after_ns=157137313782 callback_uptime_anchor_ns=157158809741 callback_monotonic_before_ns=157158808741 callback_monotonic_after_ns=157158809824 signal_observed_monotonic_ns=157158830074 input_offset_min_ns=-125 input_offset_max_ns=541 callback_offset_min_ns=-83 callback_offset_max_ns=1000 clock_offset_intervals_overlap=true processing_error=none fence_close_error=none
10-08 19:17:33.702  3862  3862 I SpinonBootstrap: SPINON_R05_INPUT renderer=opengl_es input_seq=2 phase=ACTION_UP timestamp_precision=nanosecond_representation input_source=unknown event_time_ns=157311000000 input_uptime_anchor_ns=157312348991 input_monotonic_before_ns=157312348449 input_monotonic_after_ns=157312349157 generation=1
10-08 19:17:33.702  3862  3862 I SpinonBootstrap: SPINON_R05_PRESENT_FENCE_LISTENER renderer=opengl_es request_id=2 input_seq=2 revision=2 generation=1 target_vsync_id=-1 state=registered timeout_ms=2000
10-08 19:17:33.702  3862  3862 I SpinonBootstrap: SPINON_R05_PRESENT_FENCE_APPLY renderer=opengl_es request_id=2 input_seq=2 revision=2 generation=1 target_vsync_id=unavailable transaction=queued_for_next_surface_frame listener_attached=true
10-08 19:17:33.702  3862  3862 I SpinonBootstrap: SPINON_R05_SUBMIT renderer=opengl_es input_seq=2 revision=2 generation=1 event_time_ns=157311000000 handler_uptime_ns=157312975199 draw_requested=true draw_completed=false present_signal=unavailable attribution=input
10-08 19:17:33.703  3862  3862 I SpinonBootstrap: SPINON_R08_TOUCH count=2
10-08 19:17:33.703  3862  3879 I SpinonBootstrap: SPINON_R05_DRAW renderer=opengl_es draw_seq=4 revision=2 generation=1
10-08 19:17:33.714  3862  3903 I SpinonBootstrap: SPINON_R05_PRESENT_FENCE renderer=opengl_es request_id=2 input_seq=2 revision=2 event_time_ns=157311000000 generation=1 current_generation=1 current_surface=true target_vsync_id=-1 outcome=callback_received fence_valid=true fence_state=signaled signal_time_ns=157323366824 latch_time_ns=157321424991 fence_signal_usable=true callback_inline_overflow=false inline_callback_total=0 callback_os_tid=3903 callback_thread_id=52 queue_depth=0 input_uptime_anchor_ns=157312348991 input_monotonic_before_ns=157312348449 input_monotonic_after_ns=157312349157 callback_uptime_anchor_ns=157324598616 callback_monotonic_before_ns=157324598324 callback_monotonic_after_ns=157324598699 signal_observed_monotonic_ns=157324761907 input_offset_min_ns=-166 input_offset_max_ns=542 callback_offset_min_ns=-83 callback_offset_max_ns=292 clock_offset_intervals_overlap=true processing_error=none fence_close_error=none
10-08 19:17:33.865  3862  3862 I SpinonBootstrap: SPINON_R05_INPUT renderer=opengl_es input_seq=3 phase=ACTION_UP timestamp_precision=nanosecond_representation input_source=unknown event_time_ns=157474000000 input_uptime_anchor_ns=157475335658 input_monotonic_before_ns=157475334866 input_monotonic_after_ns=157475335824 generation=1
10-08 19:17:33.865  3862  3862 I SpinonBootstrap: SPINON_R05_PRESENT_FENCE_LISTENER renderer=opengl_es request_id=3 input_seq=3 revision=3 generation=1 target_vsync_id=-1 state=registered timeout_ms=2000
10-08 19:17:33.865  3862  3862 I SpinonBootstrap: SPINON_R05_PRESENT_FENCE_APPLY renderer=opengl_es request_id=3 input_seq=3 revision=3 generation=1 target_vsync_id=unavailable transaction=queued_for_next_surface_frame listener_attached=true
10-08 19:17:33.865  3862  3862 I SpinonBootstrap: SPINON_R05_SUBMIT renderer=opengl_es input_seq=3 revision=3 generation=1 event_time_ns=157474000000 handler_uptime_ns=157475509949 draw_requested=true draw_completed=false present_signal=unavailable attribution=input
10-08 19:17:33.865  3862  3879 I SpinonBootstrap: SPINON_R05_DRAW renderer=opengl_es draw_seq=5 revision=3 generation=1
10-08 19:17:33.865  3862  3862 I SpinonBootstrap: SPINON_R08_TOUCH count=3
10-08 19:17:33.882  3862  3903 I SpinonBootstrap: SPINON_R05_PRESENT_FENCE renderer=opengl_es request_id=3 input_seq=3 revision=3 event_time_ns=157474000000 generation=1 current_generation=1 current_surface=true target_vsync_id=-1 outcome=callback_received fence_valid=true fence_state=signaled signal_time_ns=157490251741 latch_time_ns=157488561699 fence_signal_usable=true callback_inline_overflow=false inline_callback_total=0 callback_os_tid=3903 callback_thread_id=52 queue_depth=0 input_uptime_anchor_ns=157475335658 input_monotonic_before_ns=157475334866 input_monotonic_after_ns=157475335824 callback_uptime_anchor_ns=157492267949 callback_monotonic_before_ns=157492267283 callback_monotonic_after_ns=157492268074 signal_observed_monotonic_ns=157492276616 input_offset_min_ns=-166 input_offset_max_ns=792 callback_offset_min_ns=-125 callback_offset_max_ns=666 clock_offset_intervals_overlap=true processing_error=none fence_close_error=none
10-08 19:17:34.053  3862  3862 I SpinonBootstrap: SPINON_R05_INPUT renderer=opengl_es input_seq=4 phase=ACTION_UP timestamp_precision=nanosecond_representation input_source=unknown event_time_ns=157662000000 input_uptime_anchor_ns=157663784491 input_monotonic_before_ns=157663784033 input_monotonic_after_ns=157663784741 generation=1
10-08 19:17:34.053  3862  3862 I SpinonBootstrap: SPINON_R05_PRESENT_FENCE_LISTENER renderer=opengl_es request_id=4 input_seq=4 revision=4 generation=1 target_vsync_id=-1 state=registered timeout_ms=2000
10-08 19:17:34.053  3862  3862 I SpinonBootstrap: SPINON_R05_PRESENT_FENCE_APPLY renderer=opengl_es request_id=4 input_seq=4 revision=4 generation=1 target_vsync_id=unavailable transaction=queued_for_next_surface_frame listener_attached=true
10-08 19:17:34.053  3862  3862 I SpinonBootstrap: SPINON_R05_SUBMIT renderer=opengl_es input_seq=4 revision=4 generation=1 event_time_ns=157662000000 handler_uptime_ns=157664133699 draw_requested=true draw_completed=false present_signal=unavailable attribution=input
10-08 19:17:34.054  3862  3862 I SpinonBootstrap: SPINON_R08_TOUCH count=4
10-08 19:17:34.054  3862  3879 I SpinonBootstrap: SPINON_R05_DRAW renderer=opengl_es draw_seq=6 revision=4 generation=1
10-08 19:17:34.064  3862  3903 I SpinonBootstrap: SPINON_R05_PRESENT_FENCE renderer=opengl_es request_id=4 input_seq=4 revision=4 event_time_ns=157662000000 generation=1 current_generation=1 current_surface=true target_vsync_id=-1 outcome=callback_received fence_valid=true fence_state=signaled signal_time_ns=157673811533 latch_time_ns=157671050199 fence_signal_usable=true callback_inline_overflow=false inline_callback_total=0 callback_os_tid=3903 callback_thread_id=52 queue_depth=0 input_uptime_anchor_ns=157663784491 input_monotonic_before_ns=157663784033 input_monotonic_after_ns=157663784741 callback_uptime_anchor_ns=157674790616 callback_monotonic_before_ns=157674789908 callback_monotonic_after_ns=157674790699 signal_observed_monotonic_ns=157674800449 input_offset_min_ns=-250 input_offset_max_ns=458 callback_offset_min_ns=-83 callback_offset_max_ns=708 clock_offset_intervals_overlap=true processing_error=none fence_close_error=none
10-08 19:17:34.219  3862  3862 I SpinonBootstrap: SPINON_R05_INPUT renderer=opengl_es input_seq=5 phase=ACTION_UP timestamp_precision=nanosecond_representation input_source=unknown event_time_ns=157829000000 input_uptime_anchor_ns=157830053366 input_monotonic_before_ns=157830053033 input_monotonic_after_ns=157830053616 generation=1
10-08 19:17:34.220  3862  3862 I SpinonBootstrap: SPINON_R05_PRESENT_FENCE_LISTENER renderer=opengl_es request_id=5 input_seq=5 revision=5 generation=1 target_vsync_id=-1 state=registered timeout_ms=2000
10-08 19:17:34.220  3862  3862 I SpinonBootstrap: SPINON_R05_PRESENT_FENCE_APPLY renderer=opengl_es request_id=5 input_seq=5 revision=5 generation=1 target_vsync_id=unavailable transaction=queued_for_next_surface_frame listener_attached=true
10-08 19:17:34.220  3862  3862 I SpinonBootstrap: SPINON_R05_SUBMIT renderer=opengl_es input_seq=5 revision=5 generation=1 event_time_ns=157829000000 handler_uptime_ns=157830260199 draw_requested=true draw_completed=false present_signal=unavailable attribution=input
10-08 19:17:34.220  3862  3879 I SpinonBootstrap: SPINON_R05_DRAW renderer=opengl_es draw_seq=7 revision=5 generation=1
10-08 19:17:34.220  3862  3862 I SpinonBootstrap: SPINON_R08_TOUCH count=5
10-08 19:17:34.230  3862  3903 I SpinonBootstrap: SPINON_R05_PRESENT_FENCE renderer=opengl_es request_id=5 input_seq=5 revision=5 event_time_ns=157829000000 generation=1 current_generation=1 current_surface=true target_vsync_id=-1 outcome=callback_received fence_valid=true fence_state=signaled signal_time_ns=157839706949 latch_time_ns=157838008658 fence_signal_usable=true callback_inline_overflow=false inline_callback_total=0 callback_os_tid=3903 callback_thread_id=52 queue_depth=0 input_uptime_anchor_ns=157830053366 input_monotonic_before_ns=157830053033 input_monotonic_after_ns=157830053616 callback_uptime_anchor_ns=157840827824 callback_monotonic_before_ns=157840826783 callback_monotonic_after_ns=157840827949 signal_observed_monotonic_ns=157840836699 input_offset_min_ns=-250 input_offset_max_ns=333 callback_offset_min_ns=-125 callback_offset_max_ns=1041 clock_offset_intervals_overlap=true processing_error=none fence_close_error=none
10-08 19:17:34.383  3862  3862 I SpinonBootstrap: SPINON_R05_INPUT renderer=opengl_es input_seq=6 phase=ACTION_UP timestamp_precision=nanosecond_representation input_source=unknown event_time_ns=157992000000 input_uptime_anchor_ns=157993337866 input_monotonic_before_ns=157993337366 input_monotonic_after_ns=157993338116 generation=1
10-08 19:17:34.383  3862  3862 I SpinonBootstrap: SPINON_R05_PRESENT_FENCE_LISTENER renderer=opengl_es request_id=6 input_seq=6 revision=6 generation=1 target_vsync_id=-1 state=registered timeout_ms=2000
10-08 19:17:34.383  3862  3862 I SpinonBootstrap: SPINON_R05_PRESENT_FENCE_APPLY renderer=opengl_es request_id=6 input_seq=6 revision=6 generation=1 target_vsync_id=unavailable transaction=queued_for_next_surface_frame listener_attached=true
10-08 19:17:34.383  3862  3862 I SpinonBootstrap: SPINON_R05_SUBMIT renderer=opengl_es input_seq=6 revision=6 generation=1 event_time_ns=157992000000 handler_uptime_ns=157993536408 draw_requested=true draw_completed=false present_signal=unavailable attribution=input
10-08 19:17:34.383  3862  3862 I SpinonBootstrap: SPINON_R08_TOUCH count=6
10-08 19:17:34.383  3862  3879 I SpinonBootstrap: SPINON_R05_DRAW renderer=opengl_es draw_seq=8 revision=6 generation=1
10-08 19:17:34.398  3862  3903 I SpinonBootstrap: SPINON_R05_PRESENT_FENCE renderer=opengl_es request_id=6 input_seq=6 revision=6 event_time_ns=157992000000 generation=1 current_generation=1 current_surface=true target_vsync_id=-1 outcome=callback_received fence_valid=true fence_state=pending signal_time_ns=9223372036854775807 latch_time_ns=158006419991 fence_signal_usable=false callback_inline_overflow=false inline_callback_total=0 callback_os_tid=3903 callback_thread_id=52 queue_depth=0 input_uptime_anchor_ns=157993337866 input_monotonic_before_ns=157993337366 input_monotonic_after_ns=157993338116 callback_uptime_anchor_ns=158008654449 callback_monotonic_before_ns=158008653699 callback_monotonic_after_ns=158008654533 signal_observed_monotonic_ns=158008662574 input_offset_min_ns=-250 input_offset_max_ns=500 callback_offset_min_ns=-84 callback_offset_max_ns=750 clock_offset_intervals_overlap=true processing_error=none fence_close_error=none
10-08 19:17:34.549  3862  3862 I SpinonBootstrap: SPINON_R05_INPUT renderer=opengl_es input_seq=7 phase=ACTION_UP timestamp_precision=nanosecond_representation input_source=unknown event_time_ns=158158000000 input_uptime_anchor_ns=158159361825 input_monotonic_before_ns=158159361033 input_monotonic_after_ns=158159362075 generation=1
10-08 19:17:34.549  3862  3862 I SpinonBootstrap: SPINON_R05_PRESENT_FENCE_LISTENER renderer=opengl_es request_id=7 input_seq=7 revision=7 generation=1 target_vsync_id=-1 state=registered timeout_ms=2000
10-08 19:17:34.549  3862  3862 I SpinonBootstrap: SPINON_R05_PRESENT_FENCE_APPLY renderer=opengl_es request_id=7 input_seq=7 revision=7 generation=1 target_vsync_id=unavailable transaction=queued_for_next_surface_frame listener_attached=true
10-08 19:17:34.549  3862  3862 I SpinonBootstrap: SPINON_R05_SUBMIT renderer=opengl_es input_seq=7 revision=7 generation=1 event_time_ns=158158000000 handler_uptime_ns=158159529241 draw_requested=true draw_completed=false present_signal=unavailable attribution=input
10-08 19:17:34.549  3862  3879 I SpinonBootstrap: SPINON_R05_DRAW renderer=opengl_es draw_seq=9 revision=7 generation=1
10-08 19:17:34.549  3862  3862 I SpinonBootstrap: SPINON_R08_TOUCH count=7
10-08 19:17:34.565  3862  3903 I SpinonBootstrap: SPINON_R05_PRESENT_FENCE renderer=opengl_es request_id=7 input_seq=7 revision=7 event_time_ns=158158000000 generation=1 current_generation=1 current_surface=true target_vsync_id=-1 outcome=callback_received fence_valid=true fence_state=signaled signal_time_ns=158175425533 latch_time_ns=158172130325 fence_signal_usable=true callback_inline_overflow=false inline_callback_total=0 callback_os_tid=3903 callback_thread_id=52 queue_depth=0 input_uptime_anchor_ns=158159361825 input_monotonic_before_ns=158159361033 input_monotonic_after_ns=158159362075 callback_uptime_anchor_ns=158176116950 callback_monotonic_before_ns=158176115825 callback_monotonic_after_ns=158176116991 signal_observed_monotonic_ns=158176125575 input_offset_min_ns=-250 input_offset_max_ns=792 callback_offset_min_ns=-41 callback_offset_max_ns=1125 clock_offset_intervals_overlap=true processing_error=none fence_close_error=none
10-08 19:17:34.716  3862  3862 I SpinonBootstrap: SPINON_R05_INPUT renderer=opengl_es input_seq=8 phase=ACTION_UP timestamp_precision=nanosecond_representation input_source=unknown event_time_ns=158325000000 input_uptime_anchor_ns=158326643408 input_monotonic_before_ns=158326643075 input_monotonic_after_ns=158326643658 generation=1
10-08 19:17:34.716  3862  3862 I SpinonBootstrap: SPINON_R05_PRESENT_FENCE_LISTENER renderer=opengl_es request_id=8 input_seq=8 revision=8 generation=1 target_vsync_id=-1 state=registered timeout_ms=2000
10-08 19:17:34.716  3862  3862 I SpinonBootstrap: SPINON_R05_PRESENT_FENCE_APPLY renderer=opengl_es request_id=8 input_seq=8 revision=8 generation=1 target_vsync_id=unavailable transaction=queued_for_next_surface_frame listener_attached=true
10-08 19:17:34.716  3862  3862 I SpinonBootstrap: SPINON_R05_SUBMIT renderer=opengl_es input_seq=8 revision=8 generation=1 event_time_ns=158325000000 handler_uptime_ns=158326800116 draw_requested=true draw_completed=false present_signal=unavailable attribution=input
10-08 19:17:34.716  3862  3879 I SpinonBootstrap: SPINON_R05_DRAW renderer=opengl_es draw_seq=10 revision=8 generation=1
10-08 19:17:34.717  3862  3862 I SpinonBootstrap: SPINON_R08_TOUCH count=8
10-08 19:17:34.731  3862  3903 I SpinonBootstrap: SPINON_R05_PRESENT_FENCE renderer=opengl_es request_id=8 input_seq=8 revision=8 event_time_ns=158325000000 generation=1 current_generation=1 current_surface=true target_vsync_id=-1 outcome=callback_received fence_valid=true fence_state=signaled signal_time_ns=158340765283 latch_time_ns=158339070783 fence_signal_usable=true callback_inline_overflow=false inline_callback_total=0 callback_os_tid=3903 callback_thread_id=52 queue_depth=0 input_uptime_anchor_ns=158326643408 input_monotonic_before_ns=158326643075 input_monotonic_after_ns=158326643658 callback_uptime_anchor_ns=158341393450 callback_monotonic_before_ns=158341392658 callback_monotonic_after_ns=158341393491 signal_observed_monotonic_ns=158341402116 input_offset_min_ns=-250 input_offset_max_ns=333 callback_offset_min_ns=-41 callback_offset_max_ns=792 clock_offset_intervals_overlap=true processing_error=none fence_close_error=none
10-08 19:17:34.882  3862  3862 I SpinonBootstrap: SPINON_R05_INPUT renderer=opengl_es input_seq=9 phase=ACTION_UP timestamp_precision=nanosecond_representation input_source=unknown event_time_ns=158491000000 input_uptime_anchor_ns=158492395491 input_monotonic_before_ns=158492395158 input_monotonic_after_ns=158492395700 generation=1
10-08 19:17:34.882  3862  3862 I SpinonBootstrap: SPINON_R05_PRESENT_FENCE_LISTENER renderer=opengl_es request_id=9 input_seq=9 revision=9 generation=1 target_vsync_id=-1 state=registered timeout_ms=2000
10-08 19:17:34.882  3862  3862 I SpinonBootstrap: SPINON_R05_PRESENT_FENCE_APPLY renderer=opengl_es request_id=9 input_seq=9 revision=9 generation=1 target_vsync_id=unavailable transaction=queued_for_next_surface_frame listener_attached=true
10-08 19:17:34.882  3862  3862 I SpinonBootstrap: SPINON_R05_SUBMIT renderer=opengl_es input_seq=9 revision=9 generation=1 event_time_ns=158491000000 handler_uptime_ns=158492549200 draw_requested=true draw_completed=false present_signal=unavailable attribution=input
10-08 19:17:34.882  3862  3879 I SpinonBootstrap: SPINON_R05_DRAW renderer=opengl_es draw_seq=11 revision=9 generation=1
10-08 19:17:34.882  3862  3862 I SpinonBootstrap: SPINON_R08_TOUCH count=9
10-08 19:17:34.897  3862  3903 I SpinonBootstrap: SPINON_R05_PRESENT_FENCE renderer=opengl_es request_id=9 input_seq=9 revision=9 event_time_ns=158491000000 generation=1 current_generation=1 current_surface=true target_vsync_id=-1 outcome=callback_received fence_valid=true fence_state=signaled signal_time_ns=158506725783 latch_time_ns=158504820616 fence_signal_usable=true callback_inline_overflow=false inline_callback_total=0 callback_os_tid=3903 callback_thread_id=52 queue_depth=0 input_uptime_anchor_ns=158492395491 input_monotonic_before_ns=158492395158 input_monotonic_after_ns=158492395700 callback_uptime_anchor_ns=158507171283 callback_monotonic_before_ns=158507170700 callback_monotonic_after_ns=158507171408 signal_observed_monotonic_ns=158507182408 input_offset_min_ns=-209 input_offset_max_ns=333 callback_offset_min_ns=-125 callback_offset_max_ns=583 clock_offset_intervals_overlap=true processing_error=none fence_close_error=none
10-08 19:17:35.046  3862  3862 I SpinonBootstrap: SPINON_R05_INPUT renderer=opengl_es input_seq=10 phase=ACTION_UP timestamp_precision=nanosecond_representation input_source=unknown event_time_ns=158656000000 input_uptime_anchor_ns=158657150575 input_monotonic_before_ns=158657150241 input_monotonic_after_ns=158657150825 generation=1
10-08 19:17:35.047  3862  3862 I SpinonBootstrap: SPINON_R05_PRESENT_FENCE_LISTENER renderer=opengl_es request_id=10 input_seq=10 revision=10 generation=1 target_vsync_id=-1 state=registered timeout_ms=2000
10-08 19:17:35.047  3862  3862 I SpinonBootstrap: SPINON_R05_PRESENT_FENCE_APPLY renderer=opengl_es request_id=10 input_seq=10 revision=10 generation=1 target_vsync_id=unavailable transaction=queued_for_next_surface_frame listener_attached=true
10-08 19:17:35.047  3862  3862 I SpinonBootstrap: SPINON_R05_SUBMIT renderer=opengl_es input_seq=10 revision=10 generation=1 event_time_ns=158656000000 handler_uptime_ns=158657490741 draw_requested=true draw_completed=false present_signal=unavailable attribution=input
10-08 19:17:35.047  3862  3879 I SpinonBootstrap: SPINON_R05_DRAW renderer=opengl_es draw_seq=12 revision=10 generation=1
10-08 19:17:35.047  3862  3862 I SpinonBootstrap: SPINON_R08_TOUCH count=10
10-08 19:17:35.065  3862  3903 I SpinonBootstrap: SPINON_R05_PRESENT_FENCE renderer=opengl_es request_id=10 input_seq=10 revision=10 event_time_ns=158656000000 generation=1 current_generation=1 current_surface=true target_vsync_id=-1 outcome=callback_received fence_valid=true fence_state=signaled signal_time_ns=158673246700 latch_time_ns=158671246575 fence_signal_usable=true callback_inline_overflow=false inline_callback_total=0 callback_os_tid=3903 callback_thread_id=52 queue_depth=0 input_uptime_anchor_ns=158657150575 input_monotonic_before_ns=158657150241 input_monotonic_after_ns=158657150825 callback_uptime_anchor_ns=158675159700 callback_monotonic_before_ns=158675158700 callback_monotonic_after_ns=158675159825 signal_observed_monotonic_ns=158675171325 input_offset_min_ns=-250 input_offset_max_ns=334 callback_offset_min_ns=-125 callback_offset_max_ns=1000 clock_offset_intervals_overlap=true processing_error=none fence_close_error=none
10-08 19:17:35.211  3862  3862 I SpinonBootstrap: SPINON_R05_INPUT renderer=opengl_es input_seq=11 phase=ACTION_UP timestamp_precision=nanosecond_representation input_source=unknown event_time_ns=158820000000 input_uptime_anchor_ns=158821766575 input_monotonic_before_ns=158821765950 input_monotonic_after_ns=158821766783 generation=1
10-08 19:17:35.211  3862  3862 I SpinonBootstrap: SPINON_R05_PRESENT_FENCE_LISTENER renderer=opengl_es request_id=11 input_seq=11 revision=11 generation=1 target_vsync_id=-1 state=registered timeout_ms=2000
10-08 19:17:35.211  3862  3862 I SpinonBootstrap: SPINON_R05_PRESENT_FENCE_APPLY renderer=opengl_es request_id=11 input_seq=11 revision=11 generation=1 target_vsync_id=unavailable transaction=queued_for_next_surface_frame listener_attached=true
10-08 19:17:35.211  3862  3862 I SpinonBootstrap: SPINON_R05_SUBMIT renderer=opengl_es input_seq=11 revision=11 generation=1 event_time_ns=158820000000 handler_uptime_ns=158821933033 draw_requested=true draw_completed=false present_signal=unavailable attribution=input
10-08 19:17:35.211  3862  3879 I SpinonBootstrap: SPINON_R05_DRAW renderer=opengl_es draw_seq=13 revision=11 generation=1
10-08 19:17:35.211  3862  3862 I SpinonBootstrap: SPINON_R08_TOUCH count=11
10-08 19:17:35.229  3862  3903 I SpinonBootstrap: SPINON_R05_PRESENT_FENCE renderer=opengl_es request_id=11 input_seq=11 revision=11 event_time_ns=158820000000 generation=1 current_generation=1 current_surface=true target_vsync_id=-1 outcome=callback_received fence_valid=true fence_state=signaled signal_time_ns=158839378158 latch_time_ns=158837716742 fence_signal_usable=true callback_inline_overflow=false inline_callback_total=0 callback_os_tid=3903 callback_thread_id=52 queue_depth=0 input_uptime_anchor_ns=158821766575 input_monotonic_before_ns=158821765950 input_monotonic_after_ns=158821766783 callback_uptime_anchor_ns=158839985533 callback_monotonic_before_ns=158839984617 callback_monotonic_after_ns=158839985617 signal_observed_monotonic_ns=158839992950 input_offset_min_ns=-208 input_offset_max_ns=625 callback_offset_min_ns=-84 callback_offset_max_ns=916 clock_offset_intervals_overlap=true processing_error=none fence_close_error=none
