--------- beginning of main
10-08 19:09:44.191  3562  3562 I SpinonBootstrap: SPINON_R08_UI=ready text-input=EditText accessibility=button+EditText
10-08 19:09:44.332  3562  3562 I SpinonBootstrap: SPINON_R05_SURFACE renderer=opengl_es type=GLSurfaceView generation=1
10-08 19:09:44.332  3562  3562 I SpinonBootstrap: SPINON_R05_SIGNAL_CAPABILITY renderer=opengl_es signal=SurfaceView_JankData available=false reason=api_below_37_2 api=37 api_full=3700000
10-08 19:09:44.332  3562  3562 I SpinonBootstrap: SPINON_R05_SURFACE_SIZE renderer=opengl_es generation=1 size=1080x2400
10-08 19:09:44.349  3562  3580 I SpinonBootstrap: SPINON_R08_SURFACE=created api=OpenGL_ES_2 renderer=Android Emulator OpenGL ES Translator (ANGLE (Google, Vulkan 1.3.0 (SwiftShader Device (LLVM 10.0.0) (0x0000C0DE)), SwiftShader driver-5.0.0)) version=OpenGL ES 3.1 (OpenGL ES 3.1.0 (ANGLE 2.1.1 git hash: fbf66f49c7cc))
10-08 19:09:44.377  3562  3580 I SpinonBootstrap: SPINON_R08_SHADER=ready
10-08 19:09:44.377  3562  3580 I SpinonBootstrap: SPINON_R08_SURFACE=size 1080x2400
10-08 19:09:44.377  3562  3580 I SpinonBootstrap: SPINON_R05_DRAW renderer=opengl_es draw_seq=1 revision=0 generation=1
10-08 19:09:44.377  3562  3580 I SpinonBootstrap: SPINON_R08_FRAME=first_draw_submitted
10-08 19:09:44.755  3562  3562 I SpinonBootstrap: SPINON_R05_INPUT renderer=opengl_es input_seq=1 phase=ACTION_UP timestamp_precision=nanosecond_representation input_source=unknown event_time_ns=80316000000 input_uptime_anchor_ns=80318520204 input_monotonic_before_ns=80318519121 input_monotonic_after_ns=80318520371 generation=1
10-08 19:09:44.758  3562  3562 I SpinonBootstrap: SPINON_R05_PRESENT_FENCE_LISTENER renderer=opengl_es request_id=1 input_seq=1 revision=1 generation=1 target_vsync_id=-1 state=registered timeout_ms=2000
10-08 19:09:44.758  3562  3562 I SpinonBootstrap: SPINON_R05_PRESENT_FENCE_APPLY renderer=opengl_es request_id=1 input_seq=1 revision=1 generation=1 target_vsync_id=unavailable transaction=queued_for_next_surface_frame listener_attached=true
10-08 19:09:44.758  3562  3562 I SpinonBootstrap: SPINON_R05_SUBMIT renderer=opengl_es input_seq=1 revision=1 generation=1 event_time_ns=80316000000 handler_uptime_ns=80321362704 draw_requested=true draw_completed=false present_signal=unavailable attribution=input
10-08 19:09:44.758  3562  3580 I SpinonBootstrap: SPINON_R05_DRAW renderer=opengl_es draw_seq=2 revision=1 generation=1
10-08 19:09:44.797  3562  3562 I SpinonBootstrap: SPINON_R08_TOUCH count=1
10-08 19:09:44.847  3562  3609 I SpinonBootstrap: SPINON_R05_PRESENT_FENCE renderer=opengl_es request_id=1 input_seq=1 revision=1 event_time_ns=80316000000 generation=1 current_generation=1 current_surface=true target_vsync_id=-1 outcome=callback_received fence_valid=true fence_state=signaled signal_time_ns=80397641413 latch_time_ns=80380116121 fence_signal_usable=true callback_inline_overflow=false inline_callback_total=0 callback_os_tid=3609 callback_thread_id=50 queue_depth=0 input_uptime_anchor_ns=80318520204 input_monotonic_before_ns=80318519121 input_monotonic_after_ns=80318520371 callback_uptime_anchor_ns=80408290288 callback_monotonic_before_ns=80408288788 callback_monotonic_after_ns=80408290371 signal_observed_monotonic_ns=80408448371 input_offset_min_ns=-167 input_offset_max_ns=1083 callback_offset_min_ns=-83 callback_offset_max_ns=1500 clock_offset_intervals_overlap=true processing_error=none fence_close_error=none
10-08 19:09:45.291  3562  3562 I SpinonBootstrap: SPINON_R05_INPUT renderer=opengl_es input_seq=2 phase=ACTION_UP timestamp_precision=nanosecond_representation input_source=unknown event_time_ns=80853000000 input_uptime_anchor_ns=80854439413 input_monotonic_before_ns=80854437996 input_monotonic_after_ns=80854439663 generation=1
10-08 19:09:45.291  3562  3562 I SpinonBootstrap: SPINON_R05_PRESENT_FENCE_LISTENER renderer=opengl_es request_id=2 input_seq=2 revision=2 generation=1 target_vsync_id=-1 state=registered timeout_ms=2000
10-08 19:09:45.291  3562  3562 I SpinonBootstrap: SPINON_R05_PRESENT_FENCE_APPLY renderer=opengl_es request_id=2 input_seq=2 revision=2 generation=1 target_vsync_id=unavailable transaction=queued_for_next_surface_frame listener_attached=true
10-08 19:09:45.291  3562  3562 I SpinonBootstrap: SPINON_R05_SUBMIT renderer=opengl_es input_seq=2 revision=2 generation=1 event_time_ns=80853000000 handler_uptime_ns=80854634746 draw_requested=true draw_completed=false present_signal=unavailable attribution=input
10-08 19:09:45.291  3562  3580 I SpinonBootstrap: SPINON_R05_DRAW renderer=opengl_es draw_seq=3 revision=2 generation=1
10-08 19:09:45.292  3562  3562 I SpinonBootstrap: SPINON_R08_TOUCH count=2
10-08 19:09:45.313  3562  3609 I SpinonBootstrap: SPINON_R05_PRESENT_FENCE renderer=opengl_es request_id=2 input_seq=2 revision=2 event_time_ns=80853000000 generation=1 current_generation=1 current_surface=true target_vsync_id=-1 outcome=callback_received fence_valid=true fence_state=signaled signal_time_ns=80875322955 latch_time_ns=80862124996 fence_signal_usable=true callback_inline_overflow=false inline_callback_total=0 callback_os_tid=3609 callback_thread_id=50 queue_depth=0 input_uptime_anchor_ns=80854439413 input_monotonic_before_ns=80854437996 input_monotonic_after_ns=80854439663 callback_uptime_anchor_ns=80875835788 callback_monotonic_before_ns=80875834621 callback_monotonic_after_ns=80875835913 signal_observed_monotonic_ns=80875845538 input_offset_min_ns=-250 input_offset_max_ns=1417 callback_offset_min_ns=-125 callback_offset_max_ns=1167 clock_offset_intervals_overlap=true processing_error=none fence_close_error=none
10-08 19:09:45.467  3562  3562 I SpinonBootstrap: SPINON_R05_INPUT renderer=opengl_es input_seq=3 phase=ACTION_UP timestamp_precision=nanosecond_representation input_source=unknown event_time_ns=81029000000 input_uptime_anchor_ns=81030166996 input_monotonic_before_ns=81030166663 input_monotonic_after_ns=81030167288 generation=1
10-08 19:09:45.467  3562  3562 I SpinonBootstrap: SPINON_R05_PRESENT_FENCE_LISTENER renderer=opengl_es request_id=3 input_seq=3 revision=3 generation=1 target_vsync_id=-1 state=registered timeout_ms=2000
10-08 19:09:45.467  3562  3562 I SpinonBootstrap: SPINON_R05_PRESENT_FENCE_APPLY renderer=opengl_es request_id=3 input_seq=3 revision=3 generation=1 target_vsync_id=unavailable transaction=queued_for_next_surface_frame listener_attached=true
10-08 19:09:45.467  3562  3562 I SpinonBootstrap: SPINON_R05_SUBMIT renderer=opengl_es input_seq=3 revision=3 generation=1 event_time_ns=81029000000 handler_uptime_ns=81030333746 draw_requested=true draw_completed=false present_signal=unavailable attribution=input
10-08 19:09:45.467  3562  3562 I SpinonBootstrap: SPINON_R08_TOUCH count=3
10-08 19:09:45.467  3562  3580 I SpinonBootstrap: SPINON_R05_DRAW renderer=opengl_es draw_seq=4 revision=3 generation=1
10-08 19:09:45.493  3562  3609 I SpinonBootstrap: SPINON_R05_PRESENT_FENCE renderer=opengl_es request_id=3 input_seq=3 revision=3 event_time_ns=81029000000 generation=1 current_generation=1 current_surface=true target_vsync_id=-1 outcome=callback_received fence_valid=true fence_state=signaled signal_time_ns=81055668455 latch_time_ns=81044822663 fence_signal_usable=true callback_inline_overflow=false inline_callback_total=0 callback_os_tid=3609 callback_thread_id=50 queue_depth=0 input_uptime_anchor_ns=81030166996 input_monotonic_before_ns=81030166663 input_monotonic_after_ns=81030167288 callback_uptime_anchor_ns=81056206830 callback_monotonic_before_ns=81056205538 callback_monotonic_after_ns=81056206913 signal_observed_monotonic_ns=81056219621 input_offset_min_ns=-292 input_offset_max_ns=333 callback_offset_min_ns=-83 callback_offset_max_ns=1292 clock_offset_intervals_overlap=true processing_error=none fence_close_error=none
10-08 19:09:45.652  3562  3562 I SpinonBootstrap: SPINON_R05_INPUT renderer=opengl_es input_seq=4 phase=ACTION_UP timestamp_precision=nanosecond_representation input_source=unknown event_time_ns=81214000000 input_uptime_anchor_ns=81215557663 input_monotonic_before_ns=81215557122 input_monotonic_after_ns=81215557997 generation=1
10-08 19:09:45.653  3562  3562 I SpinonBootstrap: SPINON_R05_PRESENT_FENCE_LISTENER renderer=opengl_es request_id=4 input_seq=4 revision=4 generation=1 target_vsync_id=-1 state=registered timeout_ms=2000
10-08 19:09:45.653  3562  3562 I SpinonBootstrap: SPINON_R05_PRESENT_FENCE_APPLY renderer=opengl_es request_id=4 input_seq=4 revision=4 generation=1 target_vsync_id=unavailable transaction=queued_for_next_surface_frame listener_attached=true
10-08 19:09:45.653  3562  3562 I SpinonBootstrap: SPINON_R05_SUBMIT renderer=opengl_es input_seq=4 revision=4 generation=1 event_time_ns=81214000000 handler_uptime_ns=81215879288 draw_requested=true draw_completed=false present_signal=unavailable attribution=input
10-08 19:09:45.653  3562  3580 I SpinonBootstrap: SPINON_R05_DRAW renderer=opengl_es draw_seq=5 revision=4 generation=1
10-08 19:09:45.653  3562  3562 I SpinonBootstrap: SPINON_R08_TOUCH count=4
10-08 19:09:45.679  3562  3609 I SpinonBootstrap: SPINON_R05_PRESENT_FENCE renderer=opengl_es request_id=4 input_seq=4 revision=4 event_time_ns=81214000000 generation=1 current_generation=1 current_surface=true target_vsync_id=-1 outcome=callback_received fence_valid=true fence_state=signaled signal_time_ns=81241831163 latch_time_ns=81230499163 fence_signal_usable=true callback_inline_overflow=false inline_callback_total=0 callback_os_tid=3609 callback_thread_id=50 queue_depth=0 input_uptime_anchor_ns=81215557663 input_monotonic_before_ns=81215557122 input_monotonic_after_ns=81215557997 callback_uptime_anchor_ns=81242079747 callback_monotonic_before_ns=81242078788 callback_monotonic_after_ns=81242079830 signal_observed_monotonic_ns=81242087997 input_offset_min_ns=-334 input_offset_max_ns=541 callback_offset_min_ns=-83 callback_offset_max_ns=959 clock_offset_intervals_overlap=true processing_error=none fence_close_error=none
10-08 19:09:45.843  3562  3562 I SpinonBootstrap: SPINON_R05_INPUT renderer=opengl_es input_seq=5 phase=ACTION_UP timestamp_precision=nanosecond_representation input_source=unknown event_time_ns=81405000000 input_uptime_anchor_ns=81405775372 input_monotonic_before_ns=81405774997 input_monotonic_after_ns=81405775497 generation=1
10-08 19:09:45.843  3562  3562 I SpinonBootstrap: SPINON_R05_PRESENT_FENCE_LISTENER renderer=opengl_es request_id=5 input_seq=5 revision=5 generation=1 target_vsync_id=-1 state=registered timeout_ms=2000
10-08 19:09:45.843  3562  3562 I SpinonBootstrap: SPINON_R05_PRESENT_FENCE_APPLY renderer=opengl_es request_id=5 input_seq=5 revision=5 generation=1 target_vsync_id=unavailable transaction=queued_for_next_surface_frame listener_attached=true
10-08 19:09:45.843  3562  3562 I SpinonBootstrap: SPINON_R05_SUBMIT renderer=opengl_es input_seq=5 revision=5 generation=1 event_time_ns=81405000000 handler_uptime_ns=81405987038 draw_requested=true draw_completed=false present_signal=unavailable attribution=input
10-08 19:09:45.843  3562  3580 I SpinonBootstrap: SPINON_R05_DRAW renderer=opengl_es draw_seq=6 revision=5 generation=1
10-08 19:09:45.843  3562  3562 I SpinonBootstrap: SPINON_R08_TOUCH count=5
10-08 19:09:45.865  3562  3609 I SpinonBootstrap: SPINON_R05_PRESENT_FENCE renderer=opengl_es request_id=5 input_seq=5 revision=5 event_time_ns=81405000000 generation=1 current_generation=1 current_surface=true target_vsync_id=-1 outcome=callback_received fence_valid=true fence_state=signaled signal_time_ns=81426832122 latch_time_ns=81412362330 fence_signal_usable=true callback_inline_overflow=false inline_callback_total=0 callback_os_tid=3609 callback_thread_id=50 queue_depth=0 input_uptime_anchor_ns=81405775372 input_monotonic_before_ns=81405774997 input_monotonic_after_ns=81405775497 callback_uptime_anchor_ns=81427841997 callback_monotonic_before_ns=81427840622 callback_monotonic_after_ns=81427842038 signal_observed_monotonic_ns=81427850872 input_offset_min_ns=-125 input_offset_max_ns=375 callback_offset_min_ns=-41 callback_offset_max_ns=1375 clock_offset_intervals_overlap=true processing_error=none fence_close_error=none
10-08 19:09:46.021  3562  3562 I SpinonBootstrap: SPINON_R05_INPUT renderer=opengl_es input_seq=6 phase=ACTION_UP timestamp_precision=nanosecond_representation input_source=unknown event_time_ns=81582000000 input_uptime_anchor_ns=81583800747 input_monotonic_before_ns=81583800205 input_monotonic_after_ns=81583801080 generation=1
10-08 19:09:46.021  3562  3562 I SpinonBootstrap: SPINON_R05_PRESENT_FENCE_LISTENER renderer=opengl_es request_id=6 input_seq=6 revision=6 generation=1 target_vsync_id=-1 state=registered timeout_ms=2000
10-08 19:09:46.021  3562  3562 I SpinonBootstrap: SPINON_R05_PRESENT_FENCE_APPLY renderer=opengl_es request_id=6 input_seq=6 revision=6 generation=1 target_vsync_id=unavailable transaction=queued_for_next_surface_frame listener_attached=true
10-08 19:09:46.021  3562  3562 I SpinonBootstrap: SPINON_R05_SUBMIT renderer=opengl_es input_seq=6 revision=6 generation=1 event_time_ns=81582000000 handler_uptime_ns=81584190788 draw_requested=true draw_completed=false present_signal=unavailable attribution=input
10-08 19:09:46.021  3562  3580 I SpinonBootstrap: SPINON_R05_DRAW renderer=opengl_es draw_seq=7 revision=6 generation=1
10-08 19:09:46.021  3562  3562 I SpinonBootstrap: SPINON_R08_TOUCH count=6
10-08 19:09:46.048  3562  3609 I SpinonBootstrap: SPINON_R05_PRESENT_FENCE renderer=opengl_es request_id=6 input_seq=6 revision=6 event_time_ns=81582000000 generation=1 current_generation=1 current_surface=true target_vsync_id=-1 outcome=callback_received fence_valid=true fence_state=signaled signal_time_ns=81610697788 latch_time_ns=81598161705 fence_signal_usable=true callback_inline_overflow=false inline_callback_total=0 callback_os_tid=3609 callback_thread_id=50 queue_depth=0 input_uptime_anchor_ns=81583800747 input_monotonic_before_ns=81583800205 input_monotonic_after_ns=81583801080 callback_uptime_anchor_ns=81611441955 callback_monotonic_before_ns=81611440747 callback_monotonic_after_ns=81611442080 signal_observed_monotonic_ns=81611451372 input_offset_min_ns=-333 input_offset_max_ns=542 callback_offset_min_ns=-125 callback_offset_max_ns=1208 clock_offset_intervals_overlap=true processing_error=none fence_close_error=none
10-08 19:09:46.196  3562  3562 I SpinonBootstrap: SPINON_R05_INPUT renderer=opengl_es input_seq=7 phase=ACTION_UP timestamp_precision=nanosecond_representation input_source=unknown event_time_ns=81758000000 input_uptime_anchor_ns=81758890747 input_monotonic_before_ns=81758890330 input_monotonic_after_ns=81758890955 generation=1
10-08 19:09:46.196  3562  3562 I SpinonBootstrap: SPINON_R05_PRESENT_FENCE_LISTENER renderer=opengl_es request_id=7 input_seq=7 revision=7 generation=1 target_vsync_id=-1 state=registered timeout_ms=2000
10-08 19:09:46.196  3562  3562 I SpinonBootstrap: SPINON_R05_PRESENT_FENCE_APPLY renderer=opengl_es request_id=7 input_seq=7 revision=7 generation=1 target_vsync_id=unavailable transaction=queued_for_next_surface_frame listener_attached=true
10-08 19:09:46.196  3562  3562 I SpinonBootstrap: SPINON_R05_SUBMIT renderer=opengl_es input_seq=7 revision=7 generation=1 event_time_ns=81758000000 handler_uptime_ns=81759051663 draw_requested=true draw_completed=false present_signal=unavailable attribution=input
10-08 19:09:46.196  3562  3580 I SpinonBootstrap: SPINON_R05_DRAW renderer=opengl_es draw_seq=8 revision=7 generation=1
10-08 19:09:46.197  3562  3562 I SpinonBootstrap: SPINON_R08_TOUCH count=7
10-08 19:09:46.213  3562  3609 I SpinonBootstrap: SPINON_R05_PRESENT_FENCE renderer=opengl_es request_id=7 input_seq=7 revision=7 event_time_ns=81758000000 generation=1 current_generation=1 current_surface=true target_vsync_id=-1 outcome=callback_received fence_valid=true fence_state=pending signal_time_ns=9223372036854775807 latch_time_ns=81761413455 fence_signal_usable=false callback_inline_overflow=false inline_callback_total=0 callback_os_tid=3609 callback_thread_id=50 queue_depth=0 input_uptime_anchor_ns=81758890747 input_monotonic_before_ns=81758890330 input_monotonic_after_ns=81758890955 callback_uptime_anchor_ns=81775825538 callback_monotonic_before_ns=81775824247 callback_monotonic_after_ns=81775825622 signal_observed_monotonic_ns=81775835580 input_offset_min_ns=-208 input_offset_max_ns=417 callback_offset_min_ns=-84 callback_offset_max_ns=1291 clock_offset_intervals_overlap=true processing_error=none fence_close_error=none
10-08 19:09:46.376  3562  3562 I SpinonBootstrap: SPINON_R05_INPUT renderer=opengl_es input_seq=8 phase=ACTION_UP timestamp_precision=nanosecond_representation input_source=unknown event_time_ns=81938000000 input_uptime_anchor_ns=81939499789 input_monotonic_before_ns=81939499247 input_monotonic_after_ns=81939500039 generation=1
10-08 19:09:46.376  3562  3562 I SpinonBootstrap: SPINON_R05_PRESENT_FENCE_LISTENER renderer=opengl_es request_id=8 input_seq=8 revision=8 generation=1 target_vsync_id=-1 state=registered timeout_ms=2000
10-08 19:09:46.377  3562  3562 I SpinonBootstrap: SPINON_R05_PRESENT_FENCE_APPLY renderer=opengl_es request_id=8 input_seq=8 revision=8 generation=1 target_vsync_id=unavailable transaction=queued_for_next_surface_frame listener_attached=true
10-08 19:09:46.377  3562  3562 I SpinonBootstrap: SPINON_R05_SUBMIT renderer=opengl_es input_seq=8 revision=8 generation=1 event_time_ns=81938000000 handler_uptime_ns=81939788372 draw_requested=true draw_completed=false present_signal=unavailable attribution=input
10-08 19:09:46.377  3562  3580 I SpinonBootstrap: SPINON_R05_DRAW renderer=opengl_es draw_seq=9 revision=8 generation=1
10-08 19:09:46.377  3562  3562 I SpinonBootstrap: SPINON_R08_TOUCH count=8
10-08 19:09:46.397  3562  3609 I SpinonBootstrap: SPINON_R05_PRESENT_FENCE renderer=opengl_es request_id=8 input_seq=8 revision=8 event_time_ns=81938000000 generation=1 current_generation=1 current_surface=true target_vsync_id=-1 outcome=callback_received fence_valid=true fence_state=signaled signal_time_ns=81957853330 latch_time_ns=81944866914 fence_signal_usable=true callback_inline_overflow=false inline_callback_total=0 callback_os_tid=3609 callback_thread_id=50 queue_depth=0 input_uptime_anchor_ns=81939499789 input_monotonic_before_ns=81939499247 input_monotonic_after_ns=81939500039 callback_uptime_anchor_ns=81960381164 callback_monotonic_before_ns=81960379747 callback_monotonic_after_ns=81960381205 signal_observed_monotonic_ns=81960391080 input_offset_min_ns=-250 input_offset_max_ns=542 callback_offset_min_ns=-41 callback_offset_max_ns=1417 clock_offset_intervals_overlap=true processing_error=none fence_close_error=none
10-08 19:09:46.554  3562  3562 I SpinonBootstrap: SPINON_R05_INPUT renderer=opengl_es input_seq=9 phase=ACTION_UP timestamp_precision=nanosecond_representation input_source=unknown event_time_ns=82116000000 input_uptime_anchor_ns=82116933914 input_monotonic_before_ns=82116932830 input_monotonic_after_ns=82116934247 generation=1
10-08 19:09:46.554  3562  3562 I SpinonBootstrap: SPINON_R05_PRESENT_FENCE_LISTENER renderer=opengl_es request_id=9 input_seq=9 revision=9 generation=1 target_vsync_id=-1 state=registered timeout_ms=2000
10-08 19:09:46.554  3562  3562 I SpinonBootstrap: SPINON_R05_PRESENT_FENCE_APPLY renderer=opengl_es request_id=9 input_seq=9 revision=9 generation=1 target_vsync_id=unavailable transaction=queued_for_next_surface_frame listener_attached=true
10-08 19:09:46.554  3562  3562 I SpinonBootstrap: SPINON_R05_SUBMIT renderer=opengl_es input_seq=9 revision=9 generation=1 event_time_ns=82116000000 handler_uptime_ns=82117125289 draw_requested=true draw_completed=false present_signal=unavailable attribution=input
10-08 19:09:46.554  3562  3580 I SpinonBootstrap: SPINON_R05_DRAW renderer=opengl_es draw_seq=10 revision=9 generation=1
10-08 19:09:46.554  3562  3562 I SpinonBootstrap: SPINON_R08_TOUCH count=9
10-08 19:09:46.578  3562  3609 I SpinonBootstrap: SPINON_R05_PRESENT_FENCE renderer=opengl_es request_id=9 input_seq=9 revision=9 event_time_ns=82116000000 generation=1 current_generation=1 current_surface=true target_vsync_id=-1 outcome=callback_received fence_valid=true fence_state=signaled signal_time_ns=82140280497 latch_time_ns=82128775080 fence_signal_usable=true callback_inline_overflow=false inline_callback_total=0 callback_os_tid=3609 callback_thread_id=50 queue_depth=0 input_uptime_anchor_ns=82116933914 input_monotonic_before_ns=82116932830 input_monotonic_after_ns=82116934247 callback_uptime_anchor_ns=82140943580 callback_monotonic_before_ns=82140942330 callback_monotonic_after_ns=82140943664 signal_observed_monotonic_ns=82140952914 input_offset_min_ns=-333 input_offset_max_ns=1084 callback_offset_min_ns=-84 callback_offset_max_ns=1250 clock_offset_intervals_overlap=true processing_error=none fence_close_error=none
10-08 19:09:46.760  3562  3562 I SpinonBootstrap: SPINON_R05_INPUT renderer=opengl_es input_seq=10 phase=ACTION_UP timestamp_precision=nanosecond_representation input_source=unknown event_time_ns=82318000000 input_uptime_anchor_ns=82323088122 input_monotonic_before_ns=82323086414 input_monotonic_after_ns=82323088497 generation=1
10-08 19:09:46.760  3562  3562 I SpinonBootstrap: SPINON_R05_PRESENT_FENCE_LISTENER renderer=opengl_es request_id=10 input_seq=10 revision=10 generation=1 target_vsync_id=-1 state=registered timeout_ms=2000
10-08 19:09:46.760  3562  3562 I SpinonBootstrap: SPINON_R05_PRESENT_FENCE_APPLY renderer=opengl_es request_id=10 input_seq=10 revision=10 generation=1 target_vsync_id=unavailable transaction=queued_for_next_surface_frame listener_attached=true
10-08 19:09:46.760  3562  3562 I SpinonBootstrap: SPINON_R05_SUBMIT renderer=opengl_es input_seq=10 revision=10 generation=1 event_time_ns=82318000000 handler_uptime_ns=82323337580 draw_requested=true draw_completed=false present_signal=unavailable attribution=input
10-08 19:09:46.760  3562  3562 I SpinonBootstrap: SPINON_R08_TOUCH count=10
10-08 19:09:46.760  3562  3580 I SpinonBootstrap: SPINON_R05_DRAW renderer=opengl_es draw_seq=11 revision=10 generation=1
10-08 19:09:46.837  3562  3609 I SpinonBootstrap: SPINON_R05_PRESENT_FENCE renderer=opengl_es request_id=10 input_seq=10 revision=10 event_time_ns=82318000000 generation=1 current_generation=1 current_surface=true target_vsync_id=-1 outcome=callback_received fence_valid=true fence_state=signaled signal_time_ns=82399169872 latch_time_ns=82345707247 fence_signal_usable=true callback_inline_overflow=false inline_callback_total=0 callback_os_tid=3609 callback_thread_id=50 queue_depth=0 input_uptime_anchor_ns=82323088122 input_monotonic_before_ns=82323086414 input_monotonic_after_ns=82323088497 callback_uptime_anchor_ns=82399563622 callback_monotonic_before_ns=82399562039 callback_monotonic_after_ns=82399563789 signal_observed_monotonic_ns=82399576580 input_offset_min_ns=-375 input_offset_max_ns=1708 callback_offset_min_ns=-167 callback_offset_max_ns=1583 clock_offset_intervals_overlap=true processing_error=none fence_close_error=none
10-08 19:09:47.266  3562  3562 I SpinonBootstrap: SPINON_R05_INPUT renderer=opengl_es input_seq=11 phase=ACTION_UP timestamp_precision=nanosecond_representation input_source=unknown event_time_ns=82828000000 input_uptime_anchor_ns=82829670414 input_monotonic_before_ns=82829669997 input_monotonic_after_ns=82829670664 generation=1
10-08 19:09:47.267  3562  3562 I SpinonBootstrap: SPINON_R05_PRESENT_FENCE_LISTENER renderer=opengl_es request_id=11 input_seq=11 revision=11 generation=1 target_vsync_id=-1 state=registered timeout_ms=2000
10-08 19:09:47.267  3562  3562 I SpinonBootstrap: SPINON_R05_PRESENT_FENCE_APPLY renderer=opengl_es request_id=11 input_seq=11 revision=11 generation=1 target_vsync_id=unavailable transaction=queued_for_next_surface_frame listener_attached=true
10-08 19:09:47.267  3562  3562 I SpinonBootstrap: SPINON_R05_SUBMIT renderer=opengl_es input_seq=11 revision=11 generation=1 event_time_ns=82828000000 handler_uptime_ns=82829784789 draw_requested=true draw_completed=false present_signal=unavailable attribution=input
10-08 19:09:47.267  3562  3580 I SpinonBootstrap: SPINON_R05_DRAW renderer=opengl_es draw_seq=12 revision=11 generation=1
10-08 19:09:47.267  3562  3562 I SpinonBootstrap: SPINON_R08_TOUCH count=11
10-08 19:09:47.293  3562  3609 I SpinonBootstrap: SPINON_R05_PRESENT_FENCE renderer=opengl_es request_id=11 input_seq=11 revision=11 event_time_ns=82828000000 generation=1 current_generation=1 current_surface=true target_vsync_id=-1 outcome=callback_received fence_valid=true fence_state=signaled signal_time_ns=82856197831 latch_time_ns=82845437456 fence_signal_usable=true callback_inline_overflow=false inline_callback_total=0 callback_os_tid=3609 callback_thread_id=50 queue_depth=0 input_uptime_anchor_ns=82829670414 input_monotonic_before_ns=82829669997 input_monotonic_after_ns=82829670664 callback_uptime_anchor_ns=82856629247 callback_monotonic_before_ns=82856627956 callback_monotonic_after_ns=82856629372 signal_observed_monotonic_ns=82856637289 input_offset_min_ns=-250 input_offset_max_ns=417 callback_offset_min_ns=-125 callback_offset_max_ns=1291 clock_offset_intervals_overlap=true processing_error=none fence_close_error=none
