--------- beginning of main
10-08 19:06:39.930  5302  5302 I SpinonBootstrap: SPINON_R08_UI=ready text-input=EditText accessibility=button+EditText
10-08 19:06:40.019  5302  5302 I SpinonBootstrap: SPINON_R05_SURFACE renderer=opengl_es type=GLSurfaceView generation=1
10-08 19:06:40.019  5302  5302 I SpinonBootstrap: SPINON_R05_SIGNAL_CAPABILITY renderer=opengl_es signal=SurfaceView_JankData available=false reason=api_below_36 api=35 api_full=0
10-08 19:06:40.019  5302  5302 I SpinonBootstrap: SPINON_R05_SURFACE_SIZE renderer=opengl_es generation=1 size=1080x2400
10-08 19:06:40.152  5302  5320 I SpinonBootstrap: SPINON_R08_SURFACE=created api=OpenGL_ES_2 renderer=Android Emulator OpenGL ES Translator (ANGLE (Google, Vulkan 1.3.0 (SwiftShader Device (LLVM 10.0.0) (0x0000C0DE)), SwiftShader driver-5.0.0)) version=OpenGL ES 3.1 (OpenGL ES 3.1.0 (ANGLE 2.1.1 git hash: fbf66f49c7cc))
10-08 19:06:40.164  5302  5320 I SpinonBootstrap: SPINON_R08_SHADER=ready
10-08 19:06:40.164  5302  5320 I SpinonBootstrap: SPINON_R08_SURFACE=size 1080x2400
10-08 19:06:40.164  5302  5320 I SpinonBootstrap: SPINON_R05_DRAW renderer=opengl_es draw_seq=1 revision=0 generation=1
10-08 19:06:40.164  5302  5320 I SpinonBootstrap: SPINON_R08_FRAME=first_draw_submitted
10-08 19:06:40.882  5302  5302 I SpinonBootstrap: SPINON_R05_INPUT renderer=opengl_es input_seq=1 phase=ACTION_UP timestamp_precision=nanosecond_representation input_source=unknown event_time_ns=219424000000 input_uptime_anchor_ns=219426318353 input_monotonic_before_ns=219426317353 input_monotonic_after_ns=219426318478 generation=1
10-08 19:06:40.884  5302  5302 I SpinonBootstrap: SPINON_R05_PRESENT_FENCE_LISTENER renderer=opengl_es request_id=1 input_seq=1 revision=1 generation=1 target_vsync_id=-1 state=registered timeout_ms=2000
10-08 19:06:40.884  5302  5302 I SpinonBootstrap: SPINON_R05_PRESENT_FENCE_APPLY renderer=opengl_es request_id=1 input_seq=1 revision=1 generation=1 target_vsync_id=unavailable transaction=queued_for_next_surface_frame listener_attached=true
10-08 19:06:40.884  5302  5320 I SpinonBootstrap: SPINON_R05_DRAW renderer=opengl_es draw_seq=2 revision=1 generation=1
10-08 19:06:40.886  5302  5302 I SpinonBootstrap: SPINON_R05_SUBMIT renderer=opengl_es input_seq=1 revision=1 generation=1 event_time_ns=219424000000 handler_uptime_ns=219429998353 draw_requested=true draw_completed=false present_signal=unavailable attribution=input
10-08 19:06:40.886  5302  5302 I SpinonBootstrap: SPINON_R08_TOUCH count=1
10-08 19:06:40.948  5302  5349 I SpinonBootstrap: SPINON_R05_PRESENT_FENCE renderer=opengl_es request_id=1 input_seq=1 revision=1 event_time_ns=219424000000 generation=1 current_generation=1 current_surface=true target_vsync_id=-1 outcome=callback_received fence_valid=true fence_state=signaled signal_time_ns=219488756978 latch_time_ns=219474466603 fence_signal_usable=true callback_inline_overflow=false inline_callback_total=0 callback_os_tid=5349 callback_thread_id=54 queue_depth=0 input_uptime_anchor_ns=219426318353 input_monotonic_before_ns=219426317353 input_monotonic_after_ns=219426318478 callback_uptime_anchor_ns=219491757853 callback_monotonic_before_ns=219491756728 callback_monotonic_after_ns=219491757937 signal_observed_monotonic_ns=219491775687 input_offset_min_ns=-125 input_offset_max_ns=1000 callback_offset_min_ns=-84 callback_offset_max_ns=1125 clock_offset_intervals_overlap=true processing_error=none fence_close_error=none
10-08 19:06:41.139  5302  5302 I SpinonBootstrap: SPINON_R05_INPUT renderer=opengl_es input_seq=2 phase=ACTION_UP timestamp_precision=nanosecond_representation input_source=unknown event_time_ns=219682000000 input_uptime_anchor_ns=219683138729 input_monotonic_before_ns=219683137812 input_monotonic_after_ns=219683138895 generation=1
10-08 19:06:41.139  5302  5302 I SpinonBootstrap: SPINON_R05_PRESENT_FENCE_LISTENER renderer=opengl_es request_id=2 input_seq=2 revision=2 generation=1 target_vsync_id=-1 state=registered timeout_ms=2000
10-08 19:06:41.139  5302  5302 I SpinonBootstrap: SPINON_R05_PRESENT_FENCE_APPLY renderer=opengl_es request_id=2 input_seq=2 revision=2 generation=1 target_vsync_id=unavailable transaction=queued_for_next_surface_frame listener_attached=true
10-08 19:06:41.139  5302  5302 I SpinonBootstrap: SPINON_R05_SUBMIT renderer=opengl_es input_seq=2 revision=2 generation=1 event_time_ns=219682000000 handler_uptime_ns=219683290520 draw_requested=true draw_completed=false present_signal=unavailable attribution=input
10-08 19:06:41.139  5302  5320 I SpinonBootstrap: SPINON_R05_DRAW renderer=opengl_es draw_seq=3 revision=2 generation=1
10-08 19:06:41.139  5302  5302 I SpinonBootstrap: SPINON_R08_TOUCH count=2
10-08 19:06:41.164  5302  5349 I SpinonBootstrap: SPINON_R05_PRESENT_FENCE renderer=opengl_es request_id=2 input_seq=2 revision=2 event_time_ns=219682000000 generation=1 current_generation=1 current_surface=true target_vsync_id=-1 outcome=callback_received fence_valid=true fence_state=signaled signal_time_ns=219707949062 latch_time_ns=219696844562 fence_signal_usable=true callback_inline_overflow=false inline_callback_total=0 callback_os_tid=5349 callback_thread_id=54 queue_depth=0 input_uptime_anchor_ns=219683138729 input_monotonic_before_ns=219683137812 input_monotonic_after_ns=219683138895 callback_uptime_anchor_ns=219708504687 callback_monotonic_before_ns=219708503479 callback_monotonic_after_ns=219708504895 signal_observed_monotonic_ns=219708513895 input_offset_min_ns=-166 input_offset_max_ns=917 callback_offset_min_ns=-208 callback_offset_max_ns=1208 clock_offset_intervals_overlap=true processing_error=none fence_close_error=none
10-08 19:06:41.329  5302  5302 I SpinonBootstrap: SPINON_R05_INPUT renderer=opengl_es input_seq=3 phase=ACTION_UP timestamp_precision=nanosecond_representation input_source=unknown event_time_ns=219872000000 input_uptime_anchor_ns=219873070687 input_monotonic_before_ns=219873070229 input_monotonic_after_ns=219873070937 generation=1
10-08 19:06:41.329  5302  5302 I SpinonBootstrap: SPINON_R05_PRESENT_FENCE_LISTENER renderer=opengl_es request_id=3 input_seq=3 revision=3 generation=1 target_vsync_id=-1 state=registered timeout_ms=2000
10-08 19:06:41.329  5302  5302 I SpinonBootstrap: SPINON_R05_PRESENT_FENCE_APPLY renderer=opengl_es request_id=3 input_seq=3 revision=3 generation=1 target_vsync_id=unavailable transaction=queued_for_next_surface_frame listener_attached=true
10-08 19:06:41.329  5302  5302 I SpinonBootstrap: SPINON_R05_SUBMIT renderer=opengl_es input_seq=3 revision=3 generation=1 event_time_ns=219872000000 handler_uptime_ns=219873214395 draw_requested=true draw_completed=false present_signal=unavailable attribution=input
10-08 19:06:41.329  5302  5320 I SpinonBootstrap: SPINON_R05_DRAW renderer=opengl_es draw_seq=4 revision=3 generation=1
10-08 19:06:41.329  5302  5302 I SpinonBootstrap: SPINON_R08_TOUCH count=3
10-08 19:06:41.349  5302  5349 I SpinonBootstrap: SPINON_R05_PRESENT_FENCE renderer=opengl_es request_id=3 input_seq=3 revision=3 event_time_ns=219872000000 generation=1 current_generation=1 current_surface=true target_vsync_id=-1 outcome=callback_received fence_valid=true fence_state=signaled signal_time_ns=219892536062 latch_time_ns=219879971979 fence_signal_usable=true callback_inline_overflow=false inline_callback_total=0 callback_os_tid=5349 callback_thread_id=54 queue_depth=0 input_uptime_anchor_ns=219873070687 input_monotonic_before_ns=219873070229 input_monotonic_after_ns=219873070937 callback_uptime_anchor_ns=219892773062 callback_monotonic_before_ns=219892771687 callback_monotonic_after_ns=219892773145 signal_observed_monotonic_ns=219892782062 input_offset_min_ns=-250 input_offset_max_ns=458 callback_offset_min_ns=-83 callback_offset_max_ns=1375 clock_offset_intervals_overlap=true processing_error=none fence_close_error=none
10-08 19:06:41.515  5302  5302 I SpinonBootstrap: SPINON_R05_INPUT renderer=opengl_es input_seq=4 phase=ACTION_UP timestamp_precision=nanosecond_representation input_source=unknown event_time_ns=220058000000 input_uptime_anchor_ns=220059048312 input_monotonic_before_ns=220059047895 input_monotonic_after_ns=220059048604 generation=1
10-08 19:06:41.515  5302  5302 I SpinonBootstrap: SPINON_R05_PRESENT_FENCE_LISTENER renderer=opengl_es request_id=4 input_seq=4 revision=4 generation=1 target_vsync_id=-1 state=registered timeout_ms=2000
10-08 19:06:41.515  5302  5302 I SpinonBootstrap: SPINON_R05_PRESENT_FENCE_APPLY renderer=opengl_es request_id=4 input_seq=4 revision=4 generation=1 target_vsync_id=unavailable transaction=queued_for_next_surface_frame listener_attached=true
10-08 19:06:41.515  5302  5302 I SpinonBootstrap: SPINON_R05_SUBMIT renderer=opengl_es input_seq=4 revision=4 generation=1 event_time_ns=220058000000 handler_uptime_ns=220059296437 draw_requested=true draw_completed=false present_signal=unavailable attribution=input
10-08 19:06:41.515  5302  5320 I SpinonBootstrap: SPINON_R05_DRAW renderer=opengl_es draw_seq=5 revision=4 generation=1
10-08 19:06:41.516  5302  5302 I SpinonBootstrap: SPINON_R08_TOUCH count=4
10-08 19:06:41.532  5302  5349 I SpinonBootstrap: SPINON_R05_PRESENT_FENCE renderer=opengl_es request_id=4 input_seq=4 revision=4 event_time_ns=220058000000 generation=1 current_generation=1 current_surface=true target_vsync_id=-1 outcome=callback_received fence_valid=true fence_state=pending signal_time_ns=9223372036854775807 latch_time_ns=220062576604 fence_signal_usable=false callback_inline_overflow=false inline_callback_total=0 callback_os_tid=5349 callback_thread_id=54 queue_depth=0 input_uptime_anchor_ns=220059048312 input_monotonic_before_ns=220059047895 input_monotonic_after_ns=220059048604 callback_uptime_anchor_ns=220075840604 callback_monotonic_before_ns=220075840145 callback_monotonic_after_ns=220075840687 signal_observed_monotonic_ns=220075851229 input_offset_min_ns=-292 input_offset_max_ns=417 callback_offset_min_ns=-83 callback_offset_max_ns=459 clock_offset_intervals_overlap=true processing_error=none fence_close_error=none
10-08 19:06:41.703  5302  5302 I SpinonBootstrap: SPINON_R05_INPUT renderer=opengl_es input_seq=5 phase=ACTION_UP timestamp_precision=nanosecond_representation input_source=unknown event_time_ns=220246000000 input_uptime_anchor_ns=220247065396 input_monotonic_before_ns=220247064896 input_monotonic_after_ns=220247065687 generation=1
10-08 19:06:41.703  5302  5302 I SpinonBootstrap: SPINON_R05_PRESENT_FENCE_LISTENER renderer=opengl_es request_id=5 input_seq=5 revision=5 generation=1 target_vsync_id=-1 state=registered timeout_ms=2000
10-08 19:06:41.703  5302  5302 I SpinonBootstrap: SPINON_R05_PRESENT_FENCE_APPLY renderer=opengl_es request_id=5 input_seq=5 revision=5 generation=1 target_vsync_id=unavailable transaction=queued_for_next_surface_frame listener_attached=true
10-08 19:06:41.703  5302  5302 I SpinonBootstrap: SPINON_R05_SUBMIT renderer=opengl_es input_seq=5 revision=5 generation=1 event_time_ns=220246000000 handler_uptime_ns=220247342146 draw_requested=true draw_completed=false present_signal=unavailable attribution=input
10-08 19:06:41.703  5302  5302 I SpinonBootstrap: SPINON_R08_TOUCH count=5
10-08 19:06:41.703  5302  5320 I SpinonBootstrap: SPINON_R05_DRAW renderer=opengl_es draw_seq=6 revision=5 generation=1
10-08 19:06:41.730  5302  5349 I SpinonBootstrap: SPINON_R05_PRESENT_FENCE renderer=opengl_es request_id=5 input_seq=5 revision=5 event_time_ns=220246000000 generation=1 current_generation=1 current_surface=true target_vsync_id=-1 outcome=callback_received fence_valid=true fence_state=signaled signal_time_ns=220274205854 latch_time_ns=220262688437 fence_signal_usable=true callback_inline_overflow=false inline_callback_total=0 callback_os_tid=5349 callback_thread_id=54 queue_depth=0 input_uptime_anchor_ns=220247065396 input_monotonic_before_ns=220247064896 input_monotonic_after_ns=220247065687 callback_uptime_anchor_ns=220274661062 callback_monotonic_before_ns=220274659646 callback_monotonic_after_ns=220274661146 signal_observed_monotonic_ns=220274672229 input_offset_min_ns=-291 input_offset_max_ns=500 callback_offset_min_ns=-84 callback_offset_max_ns=1416 clock_offset_intervals_overlap=true processing_error=none fence_close_error=none
10-08 19:06:41.893  5302  5302 I SpinonBootstrap: SPINON_R05_INPUT renderer=opengl_es input_seq=6 phase=ACTION_UP timestamp_precision=nanosecond_representation input_source=unknown event_time_ns=220437000000 input_uptime_anchor_ns=220437754812 input_monotonic_before_ns=220437754271 input_monotonic_after_ns=220437755104 generation=1
10-08 19:06:41.894  5302  5302 I SpinonBootstrap: SPINON_R05_PRESENT_FENCE_LISTENER renderer=opengl_es request_id=6 input_seq=6 revision=6 generation=1 target_vsync_id=-1 state=registered timeout_ms=2000
10-08 19:06:41.894  5302  5302 I SpinonBootstrap: SPINON_R05_PRESENT_FENCE_APPLY renderer=opengl_es request_id=6 input_seq=6 revision=6 generation=1 target_vsync_id=unavailable transaction=queued_for_next_surface_frame listener_attached=true
10-08 19:06:41.894  5302  5302 I SpinonBootstrap: SPINON_R05_SUBMIT renderer=opengl_es input_seq=6 revision=6 generation=1 event_time_ns=220437000000 handler_uptime_ns=220437882021 draw_requested=true draw_completed=false present_signal=unavailable attribution=input
10-08 19:06:41.894  5302  5302 I SpinonBootstrap: SPINON_R08_TOUCH count=6
10-08 19:06:41.895  5302  5320 I SpinonBootstrap: SPINON_R05_DRAW renderer=opengl_es draw_seq=7 revision=6 generation=1
10-08 19:06:41.918  5302  5349 I SpinonBootstrap: SPINON_R05_PRESENT_FENCE renderer=opengl_es request_id=6 input_seq=6 revision=6 event_time_ns=220437000000 generation=1 current_generation=1 current_surface=true target_vsync_id=-1 outcome=callback_received fence_valid=true fence_state=signaled signal_time_ns=220460330854 latch_time_ns=220445961396 fence_signal_usable=true callback_inline_overflow=false inline_callback_total=0 callback_os_tid=5349 callback_thread_id=54 queue_depth=0 input_uptime_anchor_ns=220437754812 input_monotonic_before_ns=220437754271 input_monotonic_after_ns=220437755104 callback_uptime_anchor_ns=220461905396 callback_monotonic_before_ns=220461903729 callback_monotonic_after_ns=220461905604 signal_observed_monotonic_ns=220461930312 input_offset_min_ns=-292 input_offset_max_ns=541 callback_offset_min_ns=-208 callback_offset_max_ns=1667 clock_offset_intervals_overlap=true processing_error=none fence_close_error=none
10-08 19:06:42.097  5302  5302 I SpinonBootstrap: SPINON_R05_INPUT renderer=opengl_es input_seq=7 phase=ACTION_UP timestamp_precision=nanosecond_representation input_source=unknown event_time_ns=220639000000 input_uptime_anchor_ns=220640891396 input_monotonic_before_ns=220640890937 input_monotonic_after_ns=220640891646 generation=1
10-08 19:06:42.097  5302  5302 I SpinonBootstrap: SPINON_R05_PRESENT_FENCE_LISTENER renderer=opengl_es request_id=7 input_seq=7 revision=7 generation=1 target_vsync_id=-1 state=registered timeout_ms=2000
10-08 19:06:42.097  5302  5302 I SpinonBootstrap: SPINON_R05_PRESENT_FENCE_APPLY renderer=opengl_es request_id=7 input_seq=7 revision=7 generation=1 target_vsync_id=unavailable transaction=queued_for_next_surface_frame listener_attached=true
10-08 19:06:42.097  5302  5302 I SpinonBootstrap: SPINON_R05_SUBMIT renderer=opengl_es input_seq=7 revision=7 generation=1 event_time_ns=220639000000 handler_uptime_ns=220641116146 draw_requested=true draw_completed=false present_signal=unavailable attribution=input
10-08 19:06:42.097  5302  5320 I SpinonBootstrap: SPINON_R05_DRAW renderer=opengl_es draw_seq=8 revision=7 generation=1
10-08 19:06:42.097  5302  5302 I SpinonBootstrap: SPINON_R08_TOUCH count=7
10-08 19:06:42.115  5302  5349 I SpinonBootstrap: SPINON_R05_PRESENT_FENCE renderer=opengl_es request_id=7 input_seq=7 revision=7 event_time_ns=220639000000 generation=1 current_generation=1 current_surface=true target_vsync_id=-1 outcome=callback_received fence_valid=true fence_state=signaled signal_time_ns=220658284604 latch_time_ns=220646069937 fence_signal_usable=true callback_inline_overflow=false inline_callback_total=0 callback_os_tid=5349 callback_thread_id=54 queue_depth=0 input_uptime_anchor_ns=220640891396 input_monotonic_before_ns=220640890937 input_monotonic_after_ns=220640891646 callback_uptime_anchor_ns=220658883562 callback_monotonic_before_ns=220658882146 callback_monotonic_after_ns=220658883687 signal_observed_monotonic_ns=220658894146 input_offset_min_ns=-250 input_offset_max_ns=459 callback_offset_min_ns=-125 callback_offset_max_ns=1416 clock_offset_intervals_overlap=true processing_error=none fence_close_error=none
10-08 19:06:42.287  5302  5302 I SpinonBootstrap: SPINON_R05_INPUT renderer=opengl_es input_seq=8 phase=ACTION_UP timestamp_precision=nanosecond_representation input_source=unknown event_time_ns=220830000000 input_uptime_anchor_ns=220831546771 input_monotonic_before_ns=220831545896 input_monotonic_after_ns=220831547062 generation=1
10-08 19:06:42.287  5302  5302 I SpinonBootstrap: SPINON_R05_PRESENT_FENCE_LISTENER renderer=opengl_es request_id=8 input_seq=8 revision=8 generation=1 target_vsync_id=-1 state=registered timeout_ms=2000
10-08 19:06:42.287  5302  5302 I SpinonBootstrap: SPINON_R05_PRESENT_FENCE_APPLY renderer=opengl_es request_id=8 input_seq=8 revision=8 generation=1 target_vsync_id=unavailable transaction=queued_for_next_surface_frame listener_attached=true
10-08 19:06:42.287  5302  5302 I SpinonBootstrap: SPINON_R05_SUBMIT renderer=opengl_es input_seq=8 revision=8 generation=1 event_time_ns=220830000000 handler_uptime_ns=220831705521 draw_requested=true draw_completed=false present_signal=unavailable attribution=input
10-08 19:06:42.288  5302  5320 I SpinonBootstrap: SPINON_R05_DRAW renderer=opengl_es draw_seq=9 revision=8 generation=1
10-08 19:06:42.288  5302  5302 I SpinonBootstrap: SPINON_R08_TOUCH count=8
10-08 19:06:42.313  5302  5349 I SpinonBootstrap: SPINON_R05_PRESENT_FENCE renderer=opengl_es request_id=8 input_seq=8 revision=8 event_time_ns=220830000000 generation=1 current_generation=1 current_surface=true target_vsync_id=-1 outcome=callback_received fence_valid=true fence_state=signaled signal_time_ns=220856584479 latch_time_ns=220846036729 fence_signal_usable=true callback_inline_overflow=false inline_callback_total=0 callback_os_tid=5349 callback_thread_id=54 queue_depth=0 input_uptime_anchor_ns=220831546771 input_monotonic_before_ns=220831545896 input_monotonic_after_ns=220831547062 callback_uptime_anchor_ns=220857056271 callback_monotonic_before_ns=220857055021 callback_monotonic_after_ns=220857056354 signal_observed_monotonic_ns=220857066646 input_offset_min_ns=-291 input_offset_max_ns=875 callback_offset_min_ns=-83 callback_offset_max_ns=1250 clock_offset_intervals_overlap=true processing_error=none fence_close_error=none
10-08 19:06:42.477  5302  5302 I SpinonBootstrap: SPINON_R05_INPUT renderer=opengl_es input_seq=9 phase=ACTION_UP timestamp_precision=nanosecond_representation input_source=unknown event_time_ns=221020000000 input_uptime_anchor_ns=221021129938 input_monotonic_before_ns=221021129479 input_monotonic_after_ns=221021130188 generation=1
10-08 19:06:42.477  5302  5302 I SpinonBootstrap: SPINON_R05_PRESENT_FENCE_LISTENER renderer=opengl_es request_id=9 input_seq=9 revision=9 generation=1 target_vsync_id=-1 state=registered timeout_ms=2000
10-08 19:06:42.477  5302  5302 I SpinonBootstrap: SPINON_R05_PRESENT_FENCE_APPLY renderer=opengl_es request_id=9 input_seq=9 revision=9 generation=1 target_vsync_id=unavailable transaction=queued_for_next_surface_frame listener_attached=true
10-08 19:06:42.477  5302  5302 I SpinonBootstrap: SPINON_R05_SUBMIT renderer=opengl_es input_seq=9 revision=9 generation=1 event_time_ns=221020000000 handler_uptime_ns=221021272563 draw_requested=true draw_completed=false present_signal=unavailable attribution=input
10-08 19:06:42.477  5302  5320 I SpinonBootstrap: SPINON_R05_DRAW renderer=opengl_es draw_seq=10 revision=9 generation=1
10-08 19:06:42.477  5302  5302 I SpinonBootstrap: SPINON_R08_TOUCH count=9
10-08 19:06:42.499  5302  5349 I SpinonBootstrap: SPINON_R05_PRESENT_FENCE renderer=opengl_es request_id=9 input_seq=9 revision=9 event_time_ns=221020000000 generation=1 current_generation=1 current_surface=true target_vsync_id=-1 outcome=callback_received fence_valid=true fence_state=signaled signal_time_ns=221042555271 latch_time_ns=221029506438 fence_signal_usable=true callback_inline_overflow=false inline_callback_total=0 callback_os_tid=5349 callback_thread_id=54 queue_depth=0 input_uptime_anchor_ns=221021129938 input_monotonic_before_ns=221021129479 input_monotonic_after_ns=221021130188 callback_uptime_anchor_ns=221043183729 callback_monotonic_before_ns=221043182396 callback_monotonic_after_ns=221043183854 signal_observed_monotonic_ns=221043193896 input_offset_min_ns=-250 input_offset_max_ns=459 callback_offset_min_ns=-125 callback_offset_max_ns=1333 clock_offset_intervals_overlap=true processing_error=none fence_close_error=none
10-08 19:06:42.663  5302  5302 I SpinonBootstrap: SPINON_R05_INPUT renderer=opengl_es input_seq=10 phase=ACTION_UP timestamp_precision=nanosecond_representation input_source=unknown event_time_ns=221206000000 input_uptime_anchor_ns=221207084854 input_monotonic_before_ns=221207084313 input_monotonic_after_ns=221207085146 generation=1
10-08 19:06:42.663  5302  5302 I SpinonBootstrap: SPINON_R05_PRESENT_FENCE_LISTENER renderer=opengl_es request_id=10 input_seq=10 revision=10 generation=1 target_vsync_id=-1 state=registered timeout_ms=2000
10-08 19:06:42.663  5302  5302 I SpinonBootstrap: SPINON_R05_PRESENT_FENCE_APPLY renderer=opengl_es request_id=10 input_seq=10 revision=10 generation=1 target_vsync_id=unavailable transaction=queued_for_next_surface_frame listener_attached=true
10-08 19:06:42.663  5302  5302 I SpinonBootstrap: SPINON_R05_SUBMIT renderer=opengl_es input_seq=10 revision=10 generation=1 event_time_ns=221206000000 handler_uptime_ns=221207296021 draw_requested=true draw_completed=false present_signal=unavailable attribution=input
10-08 19:06:42.663  5302  5320 I SpinonBootstrap: SPINON_R05_DRAW renderer=opengl_es draw_seq=11 revision=10 generation=1
10-08 19:06:42.663  5302  5302 I SpinonBootstrap: SPINON_R08_TOUCH count=10
10-08 19:06:42.682  5302  5349 I SpinonBootstrap: SPINON_R05_PRESENT_FENCE renderer=opengl_es request_id=10 input_seq=10 revision=10 event_time_ns=221206000000 generation=1 current_generation=1 current_surface=true target_vsync_id=-1 outcome=callback_received fence_valid=true fence_state=signaled signal_time_ns=221226150854 latch_time_ns=221212468063 fence_signal_usable=true callback_inline_overflow=false inline_callback_total=0 callback_os_tid=5349 callback_thread_id=54 queue_depth=0 input_uptime_anchor_ns=221207084854 input_monotonic_before_ns=221207084313 input_monotonic_after_ns=221207085146 callback_uptime_anchor_ns=221226224938 callback_monotonic_before_ns=221226223396 callback_monotonic_after_ns=221226225021 signal_observed_monotonic_ns=221226233521 input_offset_min_ns=-292 input_offset_max_ns=541 callback_offset_min_ns=-83 callback_offset_max_ns=1542 clock_offset_intervals_overlap=true processing_error=none fence_close_error=none
10-08 19:06:42.855  5302  5302 I SpinonBootstrap: SPINON_R05_INPUT renderer=opengl_es input_seq=11 phase=ACTION_UP timestamp_precision=nanosecond_representation input_source=unknown event_time_ns=221398000000 input_uptime_anchor_ns=221399369104 input_monotonic_before_ns=221399368271 input_monotonic_after_ns=221399369313 generation=1
10-08 19:06:42.855  5302  5302 I SpinonBootstrap: SPINON_R05_PRESENT_FENCE_LISTENER renderer=opengl_es request_id=11 input_seq=11 revision=11 generation=1 target_vsync_id=-1 state=registered timeout_ms=2000
10-08 19:06:42.855  5302  5302 I SpinonBootstrap: SPINON_R05_PRESENT_FENCE_APPLY renderer=opengl_es request_id=11 input_seq=11 revision=11 generation=1 target_vsync_id=unavailable transaction=queued_for_next_surface_frame listener_attached=true
10-08 19:06:42.855  5302  5302 I SpinonBootstrap: SPINON_R05_SUBMIT renderer=opengl_es input_seq=11 revision=11 generation=1 event_time_ns=221398000000 handler_uptime_ns=221399511563 draw_requested=true draw_completed=false present_signal=unavailable attribution=input
10-08 19:06:42.855  5302  5320 I SpinonBootstrap: SPINON_R05_DRAW renderer=opengl_es draw_seq=12 revision=11 generation=1
10-08 19:06:42.855  5302  5302 I SpinonBootstrap: SPINON_R08_TOUCH count=11
10-08 19:06:42.881  5302  5349 I SpinonBootstrap: SPINON_R05_PRESENT_FENCE renderer=opengl_es request_id=11 input_seq=11 revision=11 event_time_ns=221398000000 generation=1 current_generation=1 current_surface=true target_vsync_id=-1 outcome=callback_received fence_valid=true fence_state=signaled signal_time_ns=221424718479 latch_time_ns=221412527813 fence_signal_usable=true callback_inline_overflow=false inline_callback_total=0 callback_os_tid=5349 callback_thread_id=54 queue_depth=0 input_uptime_anchor_ns=221399369104 input_monotonic_before_ns=221399368271 input_monotonic_after_ns=221399369313 callback_uptime_anchor_ns=221425178396 callback_monotonic_before_ns=221425177771 callback_monotonic_after_ns=221425178479 signal_observed_monotonic_ns=221425190854 input_offset_min_ns=-209 input_offset_max_ns=833 callback_offset_min_ns=-83 callback_offset_max_ns=625 clock_offset_intervals_overlap=true processing_error=none fence_close_error=none
