--------- beginning of main
10-08 19:17:36.236  4004  4004 I SpinonBootstrap: SPINON_R08_UI=ready text-input=EditText accessibility=button+EditText
10-08 19:17:36.263  4004  4004 I SpinonBootstrap: SPINON_R05_SURFACE renderer=opengl_es type=GLSurfaceView generation=1
10-08 19:17:36.263  4004  4004 I SpinonBootstrap: SPINON_R05_SIGNAL_CAPABILITY renderer=opengl_es signal=SurfaceView_JankData available=false reason=api_below_37_2 api=37 api_full=3700001
10-08 19:17:36.263  4004  4004 I SpinonBootstrap: SPINON_R05_SURFACE_SIZE renderer=opengl_es generation=1 size=1080x2400
10-08 19:17:36.266  4004  4021 I SpinonBootstrap: SPINON_R08_SURFACE=created api=OpenGL_ES_2 renderer=Android Emulator OpenGL ES Translator (Apple M4 Max) version=OpenGL ES 3.0 (4.1 Metal - 90.5)
10-08 19:17:36.267  4004  4021 I SpinonBootstrap: SPINON_R08_SHADER=ready
10-08 19:17:36.267  4004  4021 I SpinonBootstrap: SPINON_R08_SURFACE=size 1080x2400
10-08 19:17:36.268  4004  4021 I SpinonBootstrap: SPINON_R05_DRAW renderer=opengl_es draw_seq=1 revision=0 generation=1
10-08 19:17:36.268  4004  4021 I SpinonBootstrap: SPINON_R08_FRAME=first_draw_submitted
10-08 19:17:36.374  4004  4004 I SpinonBootstrap: SPINON_R05_INPUT renderer=opengl_es input_seq=1 phase=ACTION_UP timestamp_precision=nanosecond_representation input_source=unknown event_time_ns=159983000000 input_uptime_anchor_ns=159984767492 input_monotonic_before_ns=159984766992 input_monotonic_after_ns=159984767617 generation=1
10-08 19:17:36.375  4004  4004 I SpinonBootstrap: SPINON_R05_PRESENT_FENCE_LISTENER renderer=opengl_es request_id=1 input_seq=1 revision=1 generation=1 target_vsync_id=-1 state=registered timeout_ms=2000
10-08 19:17:36.376  4004  4004 I SpinonBootstrap: SPINON_R05_PRESENT_FENCE_APPLY renderer=opengl_es request_id=1 input_seq=1 revision=1 generation=1 target_vsync_id=unavailable transaction=queued_for_next_surface_frame listener_attached=true
10-08 19:17:36.376  4004  4004 I SpinonBootstrap: SPINON_R05_SUBMIT renderer=opengl_es input_seq=1 revision=1 generation=1 event_time_ns=159983000000 handler_uptime_ns=159986290867 draw_requested=true draw_completed=false present_signal=unavailable attribution=input
10-08 19:17:36.376  4004  4021 I SpinonBootstrap: SPINON_R05_DRAW renderer=opengl_es draw_seq=2 revision=1 generation=1
10-08 19:17:36.377  4004  4004 I SpinonBootstrap: SPINON_R08_TOUCH count=1
10-08 19:17:36.399  4004  4046 I SpinonBootstrap: SPINON_R05_PRESENT_FENCE renderer=opengl_es request_id=1 input_seq=1 revision=1 event_time_ns=159983000000 generation=1 current_generation=1 current_surface=true target_vsync_id=-1 outcome=callback_received fence_valid=true fence_state=signaled signal_time_ns=160007723367 latch_time_ns=160004662367 fence_signal_usable=true callback_inline_overflow=false inline_callback_total=0 callback_os_tid=4046 callback_thread_id=51 queue_depth=0 input_uptime_anchor_ns=159984767492 input_monotonic_before_ns=159984766992 input_monotonic_after_ns=159984767617 callback_uptime_anchor_ns=160009196325 callback_monotonic_before_ns=160009195325 callback_monotonic_after_ns=160009196409 signal_observed_monotonic_ns=160009234575 input_offset_min_ns=-125 input_offset_max_ns=500 callback_offset_min_ns=-84 callback_offset_max_ns=1000 clock_offset_intervals_overlap=true processing_error=none fence_close_error=none
10-08 19:17:36.548  4004  4004 I SpinonBootstrap: SPINON_R05_INPUT renderer=opengl_es input_seq=2 phase=ACTION_UP timestamp_precision=nanosecond_representation input_source=unknown event_time_ns=160158000000 input_uptime_anchor_ns=160158842950 input_monotonic_before_ns=160158842450 input_monotonic_after_ns=160158843075 generation=1
10-08 19:17:36.548  4004  4004 I SpinonBootstrap: SPINON_R05_PRESENT_FENCE_LISTENER renderer=opengl_es request_id=2 input_seq=2 revision=2 generation=1 target_vsync_id=-1 state=registered timeout_ms=2000
10-08 19:17:36.548  4004  4004 I SpinonBootstrap: SPINON_R05_PRESENT_FENCE_APPLY renderer=opengl_es request_id=2 input_seq=2 revision=2 generation=1 target_vsync_id=unavailable transaction=queued_for_next_surface_frame listener_attached=true
10-08 19:17:36.548  4004  4004 I SpinonBootstrap: SPINON_R05_SUBMIT renderer=opengl_es input_seq=2 revision=2 generation=1 event_time_ns=160158000000 handler_uptime_ns=160159083242 draw_requested=true draw_completed=false present_signal=unavailable attribution=input
10-08 19:17:36.549  4004  4004 I SpinonBootstrap: SPINON_R08_TOUCH count=2
10-08 19:17:36.551  4004  4021 I SpinonBootstrap: SPINON_R05_DRAW renderer=opengl_es draw_seq=3 revision=2 generation=1
10-08 19:17:36.564  4004  4046 I SpinonBootstrap: SPINON_R05_PRESENT_FENCE renderer=opengl_es request_id=2 input_seq=2 revision=2 event_time_ns=160158000000 generation=1 current_generation=1 current_surface=true target_vsync_id=-1 outcome=callback_received fence_valid=true fence_state=signaled signal_time_ns=160173579492 latch_time_ns=160171063075 fence_signal_usable=true callback_inline_overflow=false inline_callback_total=0 callback_os_tid=4046 callback_thread_id=51 queue_depth=0 input_uptime_anchor_ns=160158842950 input_monotonic_before_ns=160158842450 input_monotonic_after_ns=160158843075 callback_uptime_anchor_ns=160174200034 callback_monotonic_before_ns=160174199367 callback_monotonic_after_ns=160174200200 signal_observed_monotonic_ns=160174214159 input_offset_min_ns=-125 input_offset_max_ns=500 callback_offset_min_ns=-166 callback_offset_max_ns=667 clock_offset_intervals_overlap=true processing_error=none fence_close_error=none
10-08 19:17:36.716  4004  4004 I SpinonBootstrap: SPINON_R05_INPUT renderer=opengl_es input_seq=3 phase=ACTION_UP timestamp_precision=nanosecond_representation input_source=unknown event_time_ns=160326000000 input_uptime_anchor_ns=160327011909 input_monotonic_before_ns=160327011076 input_monotonic_after_ns=160327012076 generation=1
10-08 19:17:36.716  4004  4004 I SpinonBootstrap: SPINON_R05_PRESENT_FENCE_LISTENER renderer=opengl_es request_id=3 input_seq=3 revision=3 generation=1 target_vsync_id=-1 state=registered timeout_ms=2000
10-08 19:17:36.716  4004  4004 I SpinonBootstrap: SPINON_R05_PRESENT_FENCE_APPLY renderer=opengl_es request_id=3 input_seq=3 revision=3 generation=1 target_vsync_id=unavailable transaction=queued_for_next_surface_frame listener_attached=true
10-08 19:17:36.716  4004  4004 I SpinonBootstrap: SPINON_R05_SUBMIT renderer=opengl_es input_seq=3 revision=3 generation=1 event_time_ns=160326000000 handler_uptime_ns=160327145909 draw_requested=true draw_completed=false present_signal=unavailable attribution=input
10-08 19:17:36.717  4004  4021 I SpinonBootstrap: SPINON_R05_DRAW renderer=opengl_es draw_seq=4 revision=3 generation=1
10-08 19:17:36.717  4004  4004 I SpinonBootstrap: SPINON_R08_TOUCH count=3
10-08 19:17:36.731  4004  4046 I SpinonBootstrap: SPINON_R05_PRESENT_FENCE renderer=opengl_es request_id=3 input_seq=3 revision=3 event_time_ns=160326000000 generation=1 current_generation=1 current_surface=true target_vsync_id=-1 outcome=callback_received fence_valid=true fence_state=signaled signal_time_ns=160340767659 latch_time_ns=160338336409 fence_signal_usable=true callback_inline_overflow=false inline_callback_total=0 callback_os_tid=4046 callback_thread_id=51 queue_depth=0 input_uptime_anchor_ns=160327011909 input_monotonic_before_ns=160327011076 input_monotonic_after_ns=160327012076 callback_uptime_anchor_ns=160341183409 callback_monotonic_before_ns=160341182326 callback_monotonic_after_ns=160341183534 signal_observed_monotonic_ns=160341193284 input_offset_min_ns=-167 input_offset_max_ns=833 callback_offset_min_ns=-125 callback_offset_max_ns=1083 clock_offset_intervals_overlap=true processing_error=none fence_close_error=none
10-08 19:17:36.883  4004  4004 I SpinonBootstrap: SPINON_R05_INPUT renderer=opengl_es input_seq=4 phase=ACTION_UP timestamp_precision=nanosecond_representation input_source=unknown event_time_ns=160492000000 input_uptime_anchor_ns=160493473242 input_monotonic_before_ns=160493472826 input_monotonic_after_ns=160493473451 generation=1
10-08 19:17:36.883  4004  4004 I SpinonBootstrap: SPINON_R05_PRESENT_FENCE_LISTENER renderer=opengl_es request_id=4 input_seq=4 revision=4 generation=1 target_vsync_id=-1 state=registered timeout_ms=2000
10-08 19:17:36.883  4004  4004 I SpinonBootstrap: SPINON_R05_PRESENT_FENCE_APPLY renderer=opengl_es request_id=4 input_seq=4 revision=4 generation=1 target_vsync_id=unavailable transaction=queued_for_next_surface_frame listener_attached=true
10-08 19:17:36.883  4004  4004 I SpinonBootstrap: SPINON_R05_SUBMIT renderer=opengl_es input_seq=4 revision=4 generation=1 event_time_ns=160492000000 handler_uptime_ns=160493575534 draw_requested=true draw_completed=false present_signal=unavailable attribution=input
10-08 19:17:36.883  4004  4004 I SpinonBootstrap: SPINON_R08_TOUCH count=4
10-08 19:17:36.883  4004  4021 I SpinonBootstrap: SPINON_R05_DRAW renderer=opengl_es draw_seq=5 revision=4 generation=1
10-08 19:17:36.900  4004  4046 I SpinonBootstrap: SPINON_R05_PRESENT_FENCE renderer=opengl_es request_id=4 input_seq=4 revision=4 event_time_ns=160492000000 generation=1 current_generation=1 current_surface=true target_vsync_id=-1 outcome=callback_received fence_valid=true fence_state=signaled signal_time_ns=160509535242 latch_time_ns=160506156867 fence_signal_usable=true callback_inline_overflow=false inline_callback_total=0 callback_os_tid=4046 callback_thread_id=51 queue_depth=0 input_uptime_anchor_ns=160493473242 input_monotonic_before_ns=160493472826 input_monotonic_after_ns=160493473451 callback_uptime_anchor_ns=160510144909 callback_monotonic_before_ns=160510144326 callback_monotonic_after_ns=160510144992 signal_observed_monotonic_ns=160510150742 input_offset_min_ns=-209 input_offset_max_ns=416 callback_offset_min_ns=-83 callback_offset_max_ns=583 clock_offset_intervals_overlap=true processing_error=none fence_close_error=none
10-08 19:17:37.050  4004  4004 I SpinonBootstrap: SPINON_R05_INPUT renderer=opengl_es input_seq=5 phase=ACTION_UP timestamp_precision=nanosecond_representation input_source=unknown event_time_ns=160659000000 input_uptime_anchor_ns=160660800492 input_monotonic_before_ns=160660799826 input_monotonic_after_ns=160660800701 generation=1
10-08 19:17:37.051  4004  4004 I SpinonBootstrap: SPINON_R05_PRESENT_FENCE_LISTENER renderer=opengl_es request_id=5 input_seq=5 revision=5 generation=1 target_vsync_id=-1 state=registered timeout_ms=2000
10-08 19:17:37.051  4004  4004 I SpinonBootstrap: SPINON_R05_PRESENT_FENCE_APPLY renderer=opengl_es request_id=5 input_seq=5 revision=5 generation=1 target_vsync_id=unavailable transaction=queued_for_next_surface_frame listener_attached=true
10-08 19:17:37.051  4004  4004 I SpinonBootstrap: SPINON_R05_SUBMIT renderer=opengl_es input_seq=5 revision=5 generation=1 event_time_ns=160659000000 handler_uptime_ns=160661249576 draw_requested=true draw_completed=false present_signal=unavailable attribution=input
10-08 19:17:37.051  4004  4021 I SpinonBootstrap: SPINON_R05_DRAW renderer=opengl_es draw_seq=6 revision=5 generation=1
10-08 19:17:37.051  4004  4004 I SpinonBootstrap: SPINON_R08_TOUCH count=5
10-08 19:17:37.065  4004  4046 I SpinonBootstrap: SPINON_R05_PRESENT_FENCE renderer=opengl_es request_id=5 input_seq=5 revision=5 event_time_ns=160659000000 generation=1 current_generation=1 current_surface=true target_vsync_id=-1 outcome=callback_received fence_valid=true fence_state=signaled signal_time_ns=160675041909 latch_time_ns=160672246284 fence_signal_usable=true callback_inline_overflow=false inline_callback_total=0 callback_os_tid=4046 callback_thread_id=51 queue_depth=0 input_uptime_anchor_ns=160660800492 input_monotonic_before_ns=160660799826 input_monotonic_after_ns=160660800701 callback_uptime_anchor_ns=160675661867 callback_monotonic_before_ns=160675660576 callback_monotonic_after_ns=160675661992 signal_observed_monotonic_ns=160675670492 input_offset_min_ns=-209 input_offset_max_ns=666 callback_offset_min_ns=-125 callback_offset_max_ns=1291 clock_offset_intervals_overlap=true processing_error=none fence_close_error=none
10-08 19:17:37.218  4004  4004 I SpinonBootstrap: SPINON_R05_INPUT renderer=opengl_es input_seq=6 phase=ACTION_UP timestamp_precision=nanosecond_representation input_source=unknown event_time_ns=160827000000 input_uptime_anchor_ns=160828551784 input_monotonic_before_ns=160828551451 input_monotonic_after_ns=160828551992 generation=1
10-08 19:17:37.218  4004  4004 I SpinonBootstrap: SPINON_R05_PRESENT_FENCE_LISTENER renderer=opengl_es request_id=6 input_seq=6 revision=6 generation=1 target_vsync_id=-1 state=registered timeout_ms=2000
10-08 19:17:37.218  4004  4004 I SpinonBootstrap: SPINON_R05_PRESENT_FENCE_APPLY renderer=opengl_es request_id=6 input_seq=6 revision=6 generation=1 target_vsync_id=unavailable transaction=queued_for_next_surface_frame listener_attached=true
10-08 19:17:37.218  4004  4004 I SpinonBootstrap: SPINON_R05_SUBMIT renderer=opengl_es input_seq=6 revision=6 generation=1 event_time_ns=160827000000 handler_uptime_ns=160828725742 draw_requested=true draw_completed=false present_signal=unavailable attribution=input
10-08 19:17:37.218  4004  4021 I SpinonBootstrap: SPINON_R05_DRAW renderer=opengl_es draw_seq=7 revision=6 generation=1
10-08 19:17:37.218  4004  4004 I SpinonBootstrap: SPINON_R08_TOUCH count=6
10-08 19:17:37.231  4004  4046 I SpinonBootstrap: SPINON_R05_PRESENT_FENCE renderer=opengl_es request_id=6 input_seq=6 revision=6 event_time_ns=160827000000 generation=1 current_generation=1 current_surface=true target_vsync_id=-1 outcome=callback_received fence_valid=true fence_state=signaled signal_time_ns=160841301034 latch_time_ns=160838939367 fence_signal_usable=true callback_inline_overflow=false inline_callback_total=0 callback_os_tid=4046 callback_thread_id=51 queue_depth=0 input_uptime_anchor_ns=160828551784 input_monotonic_before_ns=160828551451 input_monotonic_after_ns=160828551992 callback_uptime_anchor_ns=160841630576 callback_monotonic_before_ns=160841629534 callback_monotonic_after_ns=160841630617 signal_observed_monotonic_ns=160841640534 input_offset_min_ns=-208 input_offset_max_ns=333 callback_offset_min_ns=-41 callback_offset_max_ns=1042 clock_offset_intervals_overlap=true processing_error=none fence_close_error=none
10-08 19:17:37.382  4004  4004 I SpinonBootstrap: SPINON_R05_INPUT renderer=opengl_es input_seq=7 phase=ACTION_UP timestamp_precision=nanosecond_representation input_source=unknown event_time_ns=160991000000 input_uptime_anchor_ns=160992425243 input_monotonic_before_ns=160992424618 input_monotonic_after_ns=160992425451 generation=1
10-08 19:17:37.382  4004  4004 I SpinonBootstrap: SPINON_R05_PRESENT_FENCE_LISTENER renderer=opengl_es request_id=7 input_seq=7 revision=7 generation=1 target_vsync_id=-1 state=registered timeout_ms=2000
10-08 19:17:37.382  4004  4004 I SpinonBootstrap: SPINON_R05_PRESENT_FENCE_APPLY renderer=opengl_es request_id=7 input_seq=7 revision=7 generation=1 target_vsync_id=unavailable transaction=queued_for_next_surface_frame listener_attached=true
10-08 19:17:37.382  4004  4004 I SpinonBootstrap: SPINON_R05_SUBMIT renderer=opengl_es input_seq=7 revision=7 generation=1 event_time_ns=160991000000 handler_uptime_ns=160992644534 draw_requested=true draw_completed=false present_signal=unavailable attribution=input
10-08 19:17:37.382  4004  4021 I SpinonBootstrap: SPINON_R05_DRAW renderer=opengl_es draw_seq=8 revision=7 generation=1
10-08 19:17:37.382  4004  4004 I SpinonBootstrap: SPINON_R08_TOUCH count=7
10-08 19:17:37.398  4004  4046 I SpinonBootstrap: SPINON_R05_PRESENT_FENCE renderer=opengl_es request_id=7 input_seq=7 revision=7 event_time_ns=160991000000 generation=1 current_generation=1 current_surface=true target_vsync_id=-1 outcome=callback_received fence_valid=true fence_state=signaled signal_time_ns=161008120659 latch_time_ns=161006384493 fence_signal_usable=true callback_inline_overflow=false inline_callback_total=0 callback_os_tid=4046 callback_thread_id=51 queue_depth=0 input_uptime_anchor_ns=160992425243 input_monotonic_before_ns=160992424618 input_monotonic_after_ns=160992425451 callback_uptime_anchor_ns=161008574868 callback_monotonic_before_ns=161008574159 callback_monotonic_after_ns=161008574951 signal_observed_monotonic_ns=161008581451 input_offset_min_ns=-208 input_offset_max_ns=625 callback_offset_min_ns=-83 callback_offset_max_ns=709 clock_offset_intervals_overlap=true processing_error=none fence_close_error=none
10-08 19:17:37.545  4004  4004 I SpinonBootstrap: SPINON_R05_INPUT renderer=opengl_es input_seq=8 phase=ACTION_UP timestamp_precision=nanosecond_representation input_source=unknown event_time_ns=161154000000 input_uptime_anchor_ns=161155790659 input_monotonic_before_ns=161155789993 input_monotonic_after_ns=161155790868 generation=1
10-08 19:17:37.545  4004  4004 I SpinonBootstrap: SPINON_R05_PRESENT_FENCE_LISTENER renderer=opengl_es request_id=8 input_seq=8 revision=8 generation=1 target_vsync_id=-1 state=registered timeout_ms=2000
10-08 19:17:37.545  4004  4004 I SpinonBootstrap: SPINON_R05_PRESENT_FENCE_APPLY renderer=opengl_es request_id=8 input_seq=8 revision=8 generation=1 target_vsync_id=unavailable transaction=queued_for_next_surface_frame listener_attached=true
10-08 19:17:37.545  4004  4004 I SpinonBootstrap: SPINON_R05_SUBMIT renderer=opengl_es input_seq=8 revision=8 generation=1 event_time_ns=161154000000 handler_uptime_ns=161155908034 draw_requested=true draw_completed=false present_signal=unavailable attribution=input
10-08 19:17:37.545  4004  4021 I SpinonBootstrap: SPINON_R05_DRAW renderer=opengl_es draw_seq=9 revision=8 generation=1
10-08 19:17:37.546  4004  4004 I SpinonBootstrap: SPINON_R08_TOUCH count=8
10-08 19:17:37.564  4004  4046 I SpinonBootstrap: SPINON_R05_PRESENT_FENCE renderer=opengl_es request_id=8 input_seq=8 revision=8 event_time_ns=161154000000 generation=1 current_generation=1 current_surface=true target_vsync_id=-1 outcome=callback_received fence_valid=true fence_state=signaled signal_time_ns=161173524034 latch_time_ns=161171253951 fence_signal_usable=true callback_inline_overflow=false inline_callback_total=0 callback_os_tid=4046 callback_thread_id=51 queue_depth=0 input_uptime_anchor_ns=161155790659 input_monotonic_before_ns=161155789993 input_monotonic_after_ns=161155790868 callback_uptime_anchor_ns=161174252243 callback_monotonic_before_ns=161174251659 callback_monotonic_after_ns=161174252284 signal_observed_monotonic_ns=161174260451 input_offset_min_ns=-209 input_offset_max_ns=666 callback_offset_min_ns=-41 callback_offset_max_ns=584 clock_offset_intervals_overlap=true processing_error=none fence_close_error=none
10-08 19:17:37.710  4004  4004 I SpinonBootstrap: SPINON_R05_INPUT renderer=opengl_es input_seq=9 phase=ACTION_UP timestamp_precision=nanosecond_representation input_source=unknown event_time_ns=161319000000 input_uptime_anchor_ns=161320284576 input_monotonic_before_ns=161320284118 input_monotonic_after_ns=161320284826 generation=1
10-08 19:17:37.710  4004  4004 I SpinonBootstrap: SPINON_R05_PRESENT_FENCE_LISTENER renderer=opengl_es request_id=9 input_seq=9 revision=9 generation=1 target_vsync_id=-1 state=registered timeout_ms=2000
10-08 19:17:37.710  4004  4004 I SpinonBootstrap: SPINON_R05_PRESENT_FENCE_APPLY renderer=opengl_es request_id=9 input_seq=9 revision=9 generation=1 target_vsync_id=unavailable transaction=queued_for_next_surface_frame listener_attached=true
10-08 19:17:37.710  4004  4004 I SpinonBootstrap: SPINON_R05_SUBMIT renderer=opengl_es input_seq=9 revision=9 generation=1 event_time_ns=161319000000 handler_uptime_ns=161320539534 draw_requested=true draw_completed=false present_signal=unavailable attribution=input
10-08 19:17:37.710  4004  4021 I SpinonBootstrap: SPINON_R05_DRAW renderer=opengl_es draw_seq=10 revision=9 generation=1
10-08 19:17:37.711  4004  4004 I SpinonBootstrap: SPINON_R08_TOUCH count=9
10-08 19:17:37.729  4004  4046 I SpinonBootstrap: SPINON_R05_PRESENT_FENCE renderer=opengl_es request_id=9 input_seq=9 revision=9 event_time_ns=161319000000 generation=1 current_generation=1 current_surface=true target_vsync_id=-1 outcome=callback_received fence_valid=true fence_state=signaled signal_time_ns=161339577784 latch_time_ns=161337918576 fence_signal_usable=true callback_inline_overflow=false inline_callback_total=0 callback_os_tid=4046 callback_thread_id=51 queue_depth=0 input_uptime_anchor_ns=161320284576 input_monotonic_before_ns=161320284118 input_monotonic_after_ns=161320284826 callback_uptime_anchor_ns=161339971284 callback_monotonic_before_ns=161339970451 callback_monotonic_after_ns=161339971326 signal_observed_monotonic_ns=161339977993 input_offset_min_ns=-250 input_offset_max_ns=458 callback_offset_min_ns=-42 callback_offset_max_ns=833 clock_offset_intervals_overlap=true processing_error=none fence_close_error=none
10-08 19:17:37.874  4004  4004 I SpinonBootstrap: SPINON_R05_INPUT renderer=opengl_es input_seq=10 phase=ACTION_UP timestamp_precision=nanosecond_representation input_source=unknown event_time_ns=161483000000 input_uptime_anchor_ns=161484249743 input_monotonic_before_ns=161484249034 input_monotonic_after_ns=161484249993 generation=1
10-08 19:17:37.874  4004  4004 I SpinonBootstrap: SPINON_R05_PRESENT_FENCE_LISTENER renderer=opengl_es request_id=10 input_seq=10 revision=10 generation=1 target_vsync_id=-1 state=registered timeout_ms=2000
10-08 19:17:37.874  4004  4004 I SpinonBootstrap: SPINON_R05_PRESENT_FENCE_APPLY renderer=opengl_es request_id=10 input_seq=10 revision=10 generation=1 target_vsync_id=unavailable transaction=queued_for_next_surface_frame listener_attached=true
10-08 19:17:37.874  4004  4004 I SpinonBootstrap: SPINON_R05_SUBMIT renderer=opengl_es input_seq=10 revision=10 generation=1 event_time_ns=161483000000 handler_uptime_ns=161484538743 draw_requested=true draw_completed=false present_signal=unavailable attribution=input
10-08 19:17:37.874  4004  4021 I SpinonBootstrap: SPINON_R05_DRAW renderer=opengl_es draw_seq=11 revision=10 generation=1
10-08 19:17:37.875  4004  4004 I SpinonBootstrap: SPINON_R08_TOUCH count=10
10-08 19:17:37.880  4004  4046 I SpinonBootstrap: SPINON_R05_PRESENT_FENCE renderer=opengl_es request_id=10 input_seq=10 revision=10 event_time_ns=161483000000 generation=1 current_generation=1 current_surface=true target_vsync_id=-1 outcome=callback_received fence_valid=true fence_state=signaled signal_time_ns=161489774201 latch_time_ns=161487698701 fence_signal_usable=true callback_inline_overflow=false inline_callback_total=0 callback_os_tid=4046 callback_thread_id=51 queue_depth=0 input_uptime_anchor_ns=161484249743 input_monotonic_before_ns=161484249034 input_monotonic_after_ns=161484249993 callback_uptime_anchor_ns=161490552534 callback_monotonic_before_ns=161490551451 callback_monotonic_after_ns=161490552618 signal_observed_monotonic_ns=161490565576 input_offset_min_ns=-250 input_offset_max_ns=709 callback_offset_min_ns=-84 callback_offset_max_ns=1083 clock_offset_intervals_overlap=true processing_error=none fence_close_error=none
10-08 19:17:38.037  4004  4004 I SpinonBootstrap: SPINON_R05_INPUT renderer=opengl_es input_seq=11 phase=ACTION_UP timestamp_precision=nanosecond_representation input_source=unknown event_time_ns=161646000000 input_uptime_anchor_ns=161647573285 input_monotonic_before_ns=161647573035 input_monotonic_after_ns=161647573535 generation=1
10-08 19:17:38.037  4004  4004 I SpinonBootstrap: SPINON_R05_PRESENT_FENCE_LISTENER renderer=opengl_es request_id=11 input_seq=11 revision=11 generation=1 target_vsync_id=-1 state=registered timeout_ms=2000
10-08 19:17:38.037  4004  4004 I SpinonBootstrap: SPINON_R05_PRESENT_FENCE_APPLY renderer=opengl_es request_id=11 input_seq=11 revision=11 generation=1 target_vsync_id=unavailable transaction=queued_for_next_surface_frame listener_attached=true
10-08 19:17:38.037  4004  4004 I SpinonBootstrap: SPINON_R05_SUBMIT renderer=opengl_es input_seq=11 revision=11 generation=1 event_time_ns=161646000000 handler_uptime_ns=161647819201 draw_requested=true draw_completed=false present_signal=unavailable attribution=input
10-08 19:17:38.038  4004  4021 I SpinonBootstrap: SPINON_R05_DRAW renderer=opengl_es draw_seq=12 revision=11 generation=1
10-08 19:17:38.038  4004  4004 I SpinonBootstrap: SPINON_R08_TOUCH count=11
10-08 19:17:38.047  4004  4046 I SpinonBootstrap: SPINON_R05_PRESENT_FENCE renderer=opengl_es request_id=11 input_seq=11 revision=11 event_time_ns=161646000000 generation=1 current_generation=1 current_surface=true target_vsync_id=-1 outcome=callback_received fence_valid=true fence_state=signaled signal_time_ns=161656833660 latch_time_ns=161654776743 fence_signal_usable=true callback_inline_overflow=false inline_callback_total=0 callback_os_tid=4046 callback_thread_id=51 queue_depth=0 input_uptime_anchor_ns=161647573285 input_monotonic_before_ns=161647573035 input_monotonic_after_ns=161647573535 callback_uptime_anchor_ns=161657322910 callback_monotonic_before_ns=161657322535 callback_monotonic_after_ns=161657322993 signal_observed_monotonic_ns=161657331910 input_offset_min_ns=-250 input_offset_max_ns=250 callback_offset_min_ns=-83 callback_offset_max_ns=375 clock_offset_intervals_overlap=true processing_error=none fence_close_error=none
