--------- beginning of main
10-08 19:09:48.522  3726  3726 I SpinonBootstrap: SPINON_R08_UI=ready text-input=EditText accessibility=button+EditText
10-08 19:09:48.734  3726  3726 I SpinonBootstrap: SPINON_R05_SURFACE renderer=opengl_es type=GLSurfaceView generation=1
10-08 19:09:48.734  3726  3726 I SpinonBootstrap: SPINON_R05_SIGNAL_CAPABILITY renderer=opengl_es signal=SurfaceView_JankData available=false reason=api_below_37_2 api=37 api_full=3700000
10-08 19:09:48.734  3726  3726 I SpinonBootstrap: SPINON_R05_SURFACE_SIZE renderer=opengl_es generation=1 size=1080x2400
10-08 19:09:48.775  3726  3743 I SpinonBootstrap: SPINON_R08_SURFACE=created api=OpenGL_ES_2 renderer=Android Emulator OpenGL ES Translator (ANGLE (Google, Vulkan 1.3.0 (SwiftShader Device (LLVM 10.0.0) (0x0000C0DE)), SwiftShader driver-5.0.0)) version=OpenGL ES 3.1 (OpenGL ES 3.1.0 (ANGLE 2.1.1 git hash: fbf66f49c7cc))
10-08 19:09:48.791  3726  3743 I SpinonBootstrap: SPINON_R08_SHADER=ready
10-08 19:09:48.791  3726  3743 I SpinonBootstrap: SPINON_R08_SURFACE=size 1080x2400
10-08 19:09:48.791  3726  3743 I SpinonBootstrap: SPINON_R05_DRAW renderer=opengl_es draw_seq=1 revision=0 generation=1
10-08 19:09:48.791  3726  3743 I SpinonBootstrap: SPINON_R08_FRAME=first_draw_submitted
10-08 19:09:48.812  3726  3743 I SpinonBootstrap: SPINON_R05_DRAW renderer=opengl_es draw_seq=2 revision=0 generation=1
10-08 19:09:48.985  3726  3726 I SpinonBootstrap: SPINON_R05_INPUT renderer=opengl_es input_seq=1 phase=ACTION_UP timestamp_precision=nanosecond_representation input_source=unknown event_time_ns=84543000000 input_uptime_anchor_ns=84548536581 input_monotonic_before_ns=84548535290 input_monotonic_after_ns=84548536706 generation=1
10-08 19:09:48.991  3726  3726 I SpinonBootstrap: SPINON_R05_PRESENT_FENCE_LISTENER renderer=opengl_es request_id=1 input_seq=1 revision=1 generation=1 target_vsync_id=-1 state=registered timeout_ms=2000
10-08 19:09:48.991  3726  3726 I SpinonBootstrap: SPINON_R05_PRESENT_FENCE_APPLY renderer=opengl_es request_id=1 input_seq=1 revision=1 generation=1 target_vsync_id=unavailable transaction=queued_for_next_surface_frame listener_attached=true
10-08 19:09:48.991  3726  3726 I SpinonBootstrap: SPINON_R05_SUBMIT renderer=opengl_es input_seq=1 revision=1 generation=1 event_time_ns=84543000000 handler_uptime_ns=84553959206 draw_requested=true draw_completed=false present_signal=unavailable attribution=input
10-08 19:09:48.991  3726  3743 I SpinonBootstrap: SPINON_R05_DRAW renderer=opengl_es draw_seq=3 revision=1 generation=1
10-08 19:09:48.992  3726  3726 I SpinonBootstrap: SPINON_R08_TOUCH count=1
10-08 19:09:49.022  3726  3765 I SpinonBootstrap: SPINON_R05_PRESENT_FENCE renderer=opengl_es request_id=1 input_seq=1 revision=1 event_time_ns=84543000000 generation=1 current_generation=1 current_surface=true target_vsync_id=-1 outcome=callback_received fence_valid=true fence_state=pending signal_time_ns=9223372036854775807 latch_time_ns=84561390998 fence_signal_usable=false callback_inline_overflow=false inline_callback_total=0 callback_os_tid=3765 callback_thread_id=50 queue_depth=0 input_uptime_anchor_ns=84548536581 input_monotonic_before_ns=84548535290 input_monotonic_after_ns=84548536706 callback_uptime_anchor_ns=84584957331 callback_monotonic_before_ns=84584843790 callback_monotonic_after_ns=84584959040 signal_observed_monotonic_ns=84584980665 input_offset_min_ns=-125 input_offset_max_ns=1291 callback_offset_min_ns=-1709 callback_offset_max_ns=113541 clock_offset_intervals_overlap=true processing_error=none fence_close_error=none
10-08 19:09:49.197  3726  3726 I SpinonBootstrap: SPINON_R05_INPUT renderer=opengl_es input_seq=2 phase=ACTION_UP timestamp_precision=nanosecond_representation input_source=unknown event_time_ns=84759000000 input_uptime_anchor_ns=84760616123 input_monotonic_before_ns=84760615582 input_monotonic_after_ns=84760616290 generation=1
10-08 19:09:49.198  3726  3726 I SpinonBootstrap: SPINON_R05_PRESENT_FENCE_LISTENER renderer=opengl_es request_id=2 input_seq=2 revision=2 generation=1 target_vsync_id=-1 state=registered timeout_ms=2000
10-08 19:09:49.198  3726  3726 I SpinonBootstrap: SPINON_R05_PRESENT_FENCE_APPLY renderer=opengl_es request_id=2 input_seq=2 revision=2 generation=1 target_vsync_id=unavailable transaction=queued_for_next_surface_frame listener_attached=true
10-08 19:09:49.198  3726  3726 I SpinonBootstrap: SPINON_R05_SUBMIT renderer=opengl_es input_seq=2 revision=2 generation=1 event_time_ns=84759000000 handler_uptime_ns=84761100415 draw_requested=true draw_completed=false present_signal=unavailable attribution=input
10-08 19:09:49.198  3726  3743 I SpinonBootstrap: SPINON_R05_DRAW renderer=opengl_es draw_seq=4 revision=2 generation=1
10-08 19:09:49.198  3726  3726 I SpinonBootstrap: SPINON_R08_TOUCH count=2
10-08 19:09:49.246  3726  3765 I SpinonBootstrap: SPINON_R05_PRESENT_FENCE renderer=opengl_es request_id=2 input_seq=2 revision=2 event_time_ns=84759000000 generation=1 current_generation=1 current_surface=true target_vsync_id=-1 outcome=callback_received fence_valid=true fence_state=signaled signal_time_ns=84809158373 latch_time_ns=84794590207 fence_signal_usable=true callback_inline_overflow=false inline_callback_total=0 callback_os_tid=3765 callback_thread_id=50 queue_depth=0 input_uptime_anchor_ns=84760616123 input_monotonic_before_ns=84760615582 input_monotonic_after_ns=84760616290 callback_uptime_anchor_ns=84809307040 callback_monotonic_before_ns=84809305707 callback_monotonic_after_ns=84809307123 signal_observed_monotonic_ns=84809317040 input_offset_min_ns=-167 input_offset_max_ns=541 callback_offset_min_ns=-83 callback_offset_max_ns=1333 clock_offset_intervals_overlap=true processing_error=none fence_close_error=none
10-08 19:09:49.680  3726  3726 I SpinonBootstrap: SPINON_R05_INPUT renderer=opengl_es input_seq=3 phase=ACTION_UP timestamp_precision=nanosecond_representation input_source=unknown event_time_ns=85242000000 input_uptime_anchor_ns=85242868915 input_monotonic_before_ns=85242867498 input_monotonic_after_ns=85242869040 generation=1
10-08 19:09:49.680  3726  3726 I SpinonBootstrap: SPINON_R05_PRESENT_FENCE_LISTENER renderer=opengl_es request_id=3 input_seq=3 revision=3 generation=1 target_vsync_id=-1 state=registered timeout_ms=2000
10-08 19:09:49.680  3726  3726 I SpinonBootstrap: SPINON_R05_PRESENT_FENCE_APPLY renderer=opengl_es request_id=3 input_seq=3 revision=3 generation=1 target_vsync_id=unavailable transaction=queued_for_next_surface_frame listener_attached=true
10-08 19:09:49.680  3726  3726 I SpinonBootstrap: SPINON_R05_SUBMIT renderer=opengl_es input_seq=3 revision=3 generation=1 event_time_ns=85242000000 handler_uptime_ns=85243051498 draw_requested=true draw_completed=false present_signal=unavailable attribution=input
10-08 19:09:49.680  3726  3743 I SpinonBootstrap: SPINON_R05_DRAW renderer=opengl_es draw_seq=5 revision=3 generation=1
10-08 19:09:49.680  3726  3726 I SpinonBootstrap: SPINON_R08_TOUCH count=3
10-08 19:09:49.698  3726  3765 I SpinonBootstrap: SPINON_R05_PRESENT_FENCE renderer=opengl_es request_id=3 input_seq=3 revision=3 event_time_ns=85242000000 generation=1 current_generation=1 current_surface=true target_vsync_id=-1 outcome=callback_received fence_valid=true fence_state=pending signal_time_ns=9223372036854775807 latch_time_ns=85244574373 fence_signal_usable=false callback_inline_overflow=false inline_callback_total=0 callback_os_tid=3765 callback_thread_id=50 queue_depth=0 input_uptime_anchor_ns=85242868915 input_monotonic_before_ns=85242867498 input_monotonic_after_ns=85242869040 callback_uptime_anchor_ns=85260950457 callback_monotonic_before_ns=85260948623 callback_monotonic_after_ns=85260950540 signal_observed_monotonic_ns=85260962498 input_offset_min_ns=-125 input_offset_max_ns=1417 callback_offset_min_ns=-83 callback_offset_max_ns=1834 clock_offset_intervals_overlap=true processing_error=none fence_close_error=none
10-08 19:09:49.859  3726  3726 I SpinonBootstrap: SPINON_R05_INPUT renderer=opengl_es input_seq=4 phase=ACTION_UP timestamp_precision=nanosecond_representation input_source=unknown event_time_ns=85421000000 input_uptime_anchor_ns=85422446999 input_monotonic_before_ns=85422446415 input_monotonic_after_ns=85422447249 generation=1
10-08 19:09:49.859  3726  3726 I SpinonBootstrap: SPINON_R05_PRESENT_FENCE_LISTENER renderer=opengl_es request_id=4 input_seq=4 revision=4 generation=1 target_vsync_id=-1 state=registered timeout_ms=2000
10-08 19:09:49.859  3726  3726 I SpinonBootstrap: SPINON_R05_PRESENT_FENCE_APPLY renderer=opengl_es request_id=4 input_seq=4 revision=4 generation=1 target_vsync_id=unavailable transaction=queued_for_next_surface_frame listener_attached=true
10-08 19:09:49.859  3726  3743 I SpinonBootstrap: SPINON_R05_DRAW renderer=opengl_es draw_seq=6 revision=4 generation=1
10-08 19:09:49.860  3726  3726 I SpinonBootstrap: SPINON_R05_SUBMIT renderer=opengl_es input_seq=4 revision=4 generation=1 event_time_ns=85421000000 handler_uptime_ns=85422570415 draw_requested=true draw_completed=false present_signal=unavailable attribution=input
10-08 19:09:49.860  3726  3726 I SpinonBootstrap: SPINON_R08_TOUCH count=4
10-08 19:09:49.879  3726  3765 I SpinonBootstrap: SPINON_R05_PRESENT_FENCE renderer=opengl_es request_id=4 input_seq=4 revision=4 event_time_ns=85421000000 generation=1 current_generation=1 current_surface=true target_vsync_id=-1 outcome=callback_received fence_valid=true fence_state=signaled signal_time_ns=85442166124 latch_time_ns=85428732915 fence_signal_usable=true callback_inline_overflow=false inline_callback_total=0 callback_os_tid=3765 callback_thread_id=50 queue_depth=0 input_uptime_anchor_ns=85422446999 input_monotonic_before_ns=85422446415 input_monotonic_after_ns=85422447249 callback_uptime_anchor_ns=85442565165 callback_monotonic_before_ns=85442564207 callback_monotonic_after_ns=85442565249 signal_observed_monotonic_ns=85442577040 input_offset_min_ns=-250 input_offset_max_ns=584 callback_offset_min_ns=-84 callback_offset_max_ns=958 clock_offset_intervals_overlap=true processing_error=none fence_close_error=none
10-08 19:09:50.043  3726  3726 I SpinonBootstrap: SPINON_R05_INPUT renderer=opengl_es input_seq=5 phase=ACTION_UP timestamp_precision=nanosecond_representation input_source=unknown event_time_ns=85604000000 input_uptime_anchor_ns=85605819790 input_monotonic_before_ns=85605819332 input_monotonic_after_ns=85605819999 generation=1
10-08 19:09:50.043  3726  3726 I SpinonBootstrap: SPINON_R05_PRESENT_FENCE_LISTENER renderer=opengl_es request_id=5 input_seq=5 revision=5 generation=1 target_vsync_id=-1 state=registered timeout_ms=2000
10-08 19:09:50.043  3726  3726 I SpinonBootstrap: SPINON_R05_PRESENT_FENCE_APPLY renderer=opengl_es request_id=5 input_seq=5 revision=5 generation=1 target_vsync_id=unavailable transaction=queued_for_next_surface_frame listener_attached=true
10-08 19:09:50.043  3726  3726 I SpinonBootstrap: SPINON_R05_SUBMIT renderer=opengl_es input_seq=5 revision=5 generation=1 event_time_ns=85604000000 handler_uptime_ns=85606213707 draw_requested=true draw_completed=false present_signal=unavailable attribution=input
10-08 19:09:50.043  3726  3726 I SpinonBootstrap: SPINON_R08_TOUCH count=5
10-08 19:09:50.043  3726  3743 I SpinonBootstrap: SPINON_R05_DRAW renderer=opengl_es draw_seq=7 revision=5 generation=1
10-08 19:09:50.063  3726  3765 I SpinonBootstrap: SPINON_R05_PRESENT_FENCE renderer=opengl_es request_id=5 input_seq=5 revision=5 event_time_ns=85604000000 generation=1 current_generation=1 current_surface=true target_vsync_id=-1 outcome=callback_received fence_valid=true fence_state=signaled signal_time_ns=85626021790 latch_time_ns=85611970290 fence_signal_usable=true callback_inline_overflow=false inline_callback_total=0 callback_os_tid=3765 callback_thread_id=50 queue_depth=0 input_uptime_anchor_ns=85605819790 input_monotonic_before_ns=85605819332 input_monotonic_after_ns=85605819999 callback_uptime_anchor_ns=85626446207 callback_monotonic_before_ns=85626444957 callback_monotonic_after_ns=85626446290 signal_observed_monotonic_ns=85626458915 input_offset_min_ns=-209 input_offset_max_ns=458 callback_offset_min_ns=-83 callback_offset_max_ns=1250 clock_offset_intervals_overlap=true processing_error=none fence_close_error=none
10-08 19:09:50.227  3726  3726 I SpinonBootstrap: SPINON_R05_INPUT renderer=opengl_es input_seq=6 phase=ACTION_UP timestamp_precision=nanosecond_representation input_source=unknown event_time_ns=85789000000 input_uptime_anchor_ns=85790016207 input_monotonic_before_ns=85790015707 input_monotonic_after_ns=85790016374 generation=1
10-08 19:09:50.227  3726  3726 I SpinonBootstrap: SPINON_R05_PRESENT_FENCE_LISTENER renderer=opengl_es request_id=6 input_seq=6 revision=6 generation=1 target_vsync_id=-1 state=registered timeout_ms=2000
10-08 19:09:50.227  3726  3726 I SpinonBootstrap: SPINON_R05_PRESENT_FENCE_APPLY renderer=opengl_es request_id=6 input_seq=6 revision=6 generation=1 target_vsync_id=unavailable transaction=queued_for_next_surface_frame listener_attached=true
10-08 19:09:50.227  3726  3726 I SpinonBootstrap: SPINON_R05_SUBMIT renderer=opengl_es input_seq=6 revision=6 generation=1 event_time_ns=85789000000 handler_uptime_ns=85790329165 draw_requested=true draw_completed=false present_signal=unavailable attribution=input
10-08 19:09:50.227  3726  3743 I SpinonBootstrap: SPINON_R05_DRAW renderer=opengl_es draw_seq=8 revision=6 generation=1
10-08 19:09:50.228  3726  3726 I SpinonBootstrap: SPINON_R08_TOUCH count=6
10-08 19:09:50.244  3726  3765 I SpinonBootstrap: SPINON_R05_PRESENT_FENCE renderer=opengl_es request_id=6 input_seq=6 revision=6 event_time_ns=85789000000 generation=1 current_generation=1 current_surface=true target_vsync_id=-1 outcome=callback_received fence_valid=true fence_state=signaled signal_time_ns=85806862082 latch_time_ns=85794746249 fence_signal_usable=true callback_inline_overflow=false inline_callback_total=0 callback_os_tid=3765 callback_thread_id=50 queue_depth=0 input_uptime_anchor_ns=85790016207 input_monotonic_before_ns=85790015707 input_monotonic_after_ns=85790016374 callback_uptime_anchor_ns=85806928957 callback_monotonic_before_ns=85806927749 callback_monotonic_after_ns=85806929040 signal_observed_monotonic_ns=85806936665 input_offset_min_ns=-167 input_offset_max_ns=500 callback_offset_min_ns=-83 callback_offset_max_ns=1208 clock_offset_intervals_overlap=true processing_error=none fence_close_error=none
10-08 19:09:50.417  3726  3726 I SpinonBootstrap: SPINON_R05_INPUT renderer=opengl_es input_seq=7 phase=ACTION_UP timestamp_precision=nanosecond_representation input_source=unknown event_time_ns=85979000000 input_uptime_anchor_ns=85980120790 input_monotonic_before_ns=85980120249 input_monotonic_after_ns=85980121040 generation=1
10-08 19:09:50.417  3726  3726 I SpinonBootstrap: SPINON_R05_PRESENT_FENCE_LISTENER renderer=opengl_es request_id=7 input_seq=7 revision=7 generation=1 target_vsync_id=-1 state=registered timeout_ms=2000
10-08 19:09:50.417  3726  3726 I SpinonBootstrap: SPINON_R05_PRESENT_FENCE_APPLY renderer=opengl_es request_id=7 input_seq=7 revision=7 generation=1 target_vsync_id=unavailable transaction=queued_for_next_surface_frame listener_attached=true
10-08 19:09:50.417  3726  3726 I SpinonBootstrap: SPINON_R05_SUBMIT renderer=opengl_es input_seq=7 revision=7 generation=1 event_time_ns=85979000000 handler_uptime_ns=85980394582 draw_requested=true draw_completed=false present_signal=unavailable attribution=input
10-08 19:09:50.417  3726  3743 I SpinonBootstrap: SPINON_R05_DRAW renderer=opengl_es draw_seq=9 revision=7 generation=1
10-08 19:09:50.418  3726  3726 I SpinonBootstrap: SPINON_R08_TOUCH count=7
10-08 19:09:50.444  3726  3765 I SpinonBootstrap: SPINON_R05_PRESENT_FENCE renderer=opengl_es request_id=7 input_seq=7 revision=7 event_time_ns=85979000000 generation=1 current_generation=1 current_surface=true target_vsync_id=-1 outcome=callback_received fence_valid=true fence_state=signaled signal_time_ns=86006827415 latch_time_ns=85994857290 fence_signal_usable=true callback_inline_overflow=false inline_callback_total=0 callback_os_tid=3765 callback_thread_id=50 queue_depth=0 input_uptime_anchor_ns=85980120790 input_monotonic_before_ns=85980120249 input_monotonic_after_ns=85980121040 callback_uptime_anchor_ns=86007648290 callback_monotonic_before_ns=86007647207 callback_monotonic_after_ns=86007648457 signal_observed_monotonic_ns=86007658290 input_offset_min_ns=-250 input_offset_max_ns=541 callback_offset_min_ns=-167 callback_offset_max_ns=1083 clock_offset_intervals_overlap=true processing_error=none fence_close_error=none
10-08 19:09:50.607  3726  3726 I SpinonBootstrap: SPINON_R05_INPUT renderer=opengl_es input_seq=8 phase=ACTION_UP timestamp_precision=nanosecond_representation input_source=unknown event_time_ns=86169000000 input_uptime_anchor_ns=86170602457 input_monotonic_before_ns=86170601916 input_monotonic_after_ns=86170602666 generation=1
10-08 19:09:50.608  3726  3726 I SpinonBootstrap: SPINON_R05_PRESENT_FENCE_LISTENER renderer=opengl_es request_id=8 input_seq=8 revision=8 generation=1 target_vsync_id=-1 state=registered timeout_ms=2000
10-08 19:09:50.608  3726  3726 I SpinonBootstrap: SPINON_R05_PRESENT_FENCE_APPLY renderer=opengl_es request_id=8 input_seq=8 revision=8 generation=1 target_vsync_id=unavailable transaction=queued_for_next_surface_frame listener_attached=true
10-08 19:09:50.608  3726  3726 I SpinonBootstrap: SPINON_R05_SUBMIT renderer=opengl_es input_seq=8 revision=8 generation=1 event_time_ns=86169000000 handler_uptime_ns=86170767082 draw_requested=true draw_completed=false present_signal=unavailable attribution=input
10-08 19:09:50.608  3726  3743 I SpinonBootstrap: SPINON_R05_DRAW renderer=opengl_es draw_seq=10 revision=8 generation=1
10-08 19:09:50.608  3726  3726 I SpinonBootstrap: SPINON_R08_TOUCH count=8
10-08 19:09:50.629  3726  3765 I SpinonBootstrap: SPINON_R05_PRESENT_FENCE renderer=opengl_es request_id=8 input_seq=8 revision=8 event_time_ns=86169000000 generation=1 current_generation=1 current_surface=true target_vsync_id=-1 outcome=callback_received fence_valid=true fence_state=signaled signal_time_ns=86191557249 latch_time_ns=86178966249 fence_signal_usable=true callback_inline_overflow=false inline_callback_total=0 callback_os_tid=3765 callback_thread_id=50 queue_depth=0 input_uptime_anchor_ns=86170602457 input_monotonic_before_ns=86170601916 input_monotonic_after_ns=86170602666 callback_uptime_anchor_ns=86192505666 callback_monotonic_before_ns=86192504666 callback_monotonic_after_ns=86192505791 signal_observed_monotonic_ns=86192515166 input_offset_min_ns=-209 input_offset_max_ns=541 callback_offset_min_ns=-125 callback_offset_max_ns=1000 clock_offset_intervals_overlap=true processing_error=none fence_close_error=none
10-08 19:09:50.781  3726  3726 I SpinonBootstrap: SPINON_R05_INPUT renderer=opengl_es input_seq=9 phase=ACTION_UP timestamp_precision=nanosecond_representation input_source=unknown event_time_ns=86342000000 input_uptime_anchor_ns=86343698249 input_monotonic_before_ns=86343697749 input_monotonic_after_ns=86343698416 generation=1
10-08 19:09:50.781  3726  3726 I SpinonBootstrap: SPINON_R05_PRESENT_FENCE_LISTENER renderer=opengl_es request_id=9 input_seq=9 revision=9 generation=1 target_vsync_id=-1 state=registered timeout_ms=2000
10-08 19:09:50.781  3726  3726 I SpinonBootstrap: SPINON_R05_PRESENT_FENCE_APPLY renderer=opengl_es request_id=9 input_seq=9 revision=9 generation=1 target_vsync_id=unavailable transaction=queued_for_next_surface_frame listener_attached=true
10-08 19:09:50.781  3726  3726 I SpinonBootstrap: SPINON_R05_SUBMIT renderer=opengl_es input_seq=9 revision=9 generation=1 event_time_ns=86342000000 handler_uptime_ns=86343924791 draw_requested=true draw_completed=false present_signal=unavailable attribution=input
10-08 19:09:50.781  3726  3743 I SpinonBootstrap: SPINON_R05_DRAW renderer=opengl_es draw_seq=11 revision=9 generation=1
10-08 19:09:50.781  3726  3726 I SpinonBootstrap: SPINON_R08_TOUCH count=9
10-08 19:09:50.811  3726  3765 I SpinonBootstrap: SPINON_R05_PRESENT_FENCE renderer=opengl_es request_id=9 input_seq=9 revision=9 event_time_ns=86342000000 generation=1 current_generation=1 current_surface=true target_vsync_id=-1 outcome=callback_received fence_valid=true fence_state=signaled signal_time_ns=86373649291 latch_time_ns=86361540916 fence_signal_usable=true callback_inline_overflow=false inline_callback_total=0 callback_os_tid=3765 callback_thread_id=50 queue_depth=0 input_uptime_anchor_ns=86343698249 input_monotonic_before_ns=86343697749 input_monotonic_after_ns=86343698416 callback_uptime_anchor_ns=86374175332 callback_monotonic_before_ns=86374174207 callback_monotonic_after_ns=86374175416 signal_observed_monotonic_ns=86374183874 input_offset_min_ns=-167 input_offset_max_ns=500 callback_offset_min_ns=-84 callback_offset_max_ns=1125 clock_offset_intervals_overlap=true processing_error=none fence_close_error=none
10-08 19:09:51.233  3726  3726 I SpinonBootstrap: SPINON_R05_INPUT renderer=opengl_es input_seq=10 phase=ACTION_UP timestamp_precision=nanosecond_representation input_source=unknown event_time_ns=86794000000 input_uptime_anchor_ns=86795879124 input_monotonic_before_ns=86795878541 input_monotonic_after_ns=86795879374 generation=1
10-08 19:09:51.233  3726  3726 I SpinonBootstrap: SPINON_R05_PRESENT_FENCE_LISTENER renderer=opengl_es request_id=10 input_seq=10 revision=10 generation=1 target_vsync_id=-1 state=registered timeout_ms=2000
10-08 19:09:51.233  3726  3726 I SpinonBootstrap: SPINON_R05_PRESENT_FENCE_APPLY renderer=opengl_es request_id=10 input_seq=10 revision=10 generation=1 target_vsync_id=unavailable transaction=queued_for_next_surface_frame listener_attached=true
10-08 19:09:51.233  3726  3726 I SpinonBootstrap: SPINON_R05_SUBMIT renderer=opengl_es input_seq=10 revision=10 generation=1 event_time_ns=86794000000 handler_uptime_ns=86796186333 draw_requested=true draw_completed=false present_signal=unavailable attribution=input
10-08 19:09:51.233  3726  3743 I SpinonBootstrap: SPINON_R05_DRAW renderer=opengl_es draw_seq=12 revision=10 generation=1
10-08 19:09:51.233  3726  3726 I SpinonBootstrap: SPINON_R08_TOUCH count=10
10-08 19:09:51.262  3726  3765 I SpinonBootstrap: SPINON_R05_PRESENT_FENCE renderer=opengl_es request_id=10 input_seq=10 revision=10 event_time_ns=86794000000 generation=1 current_generation=1 current_surface=true target_vsync_id=-1 outcome=callback_received fence_valid=true fence_state=pending signal_time_ns=9223372036854775807 latch_time_ns=86812191708 fence_signal_usable=false callback_inline_overflow=false inline_callback_total=0 callback_os_tid=3765 callback_thread_id=50 queue_depth=0 input_uptime_anchor_ns=86795879124 input_monotonic_before_ns=86795878541 input_monotonic_after_ns=86795879374 callback_uptime_anchor_ns=86825590541 callback_monotonic_before_ns=86825589083 callback_monotonic_after_ns=86825590666 signal_observed_monotonic_ns=86825603916 input_offset_min_ns=-250 input_offset_max_ns=583 callback_offset_min_ns=-125 callback_offset_max_ns=1458 clock_offset_intervals_overlap=true processing_error=none fence_close_error=none
10-08 19:09:51.418  3726  3726 I SpinonBootstrap: SPINON_R05_INPUT renderer=opengl_es input_seq=11 phase=ACTION_UP timestamp_precision=nanosecond_representation input_source=unknown event_time_ns=86980000000 input_uptime_anchor_ns=86981199624 input_monotonic_before_ns=86981199124 input_monotonic_after_ns=86981199958 generation=1
10-08 19:09:51.418  3726  3726 I SpinonBootstrap: SPINON_R05_PRESENT_FENCE_LISTENER renderer=opengl_es request_id=11 input_seq=11 revision=11 generation=1 target_vsync_id=-1 state=registered timeout_ms=2000
10-08 19:09:51.418  3726  3726 I SpinonBootstrap: SPINON_R05_PRESENT_FENCE_APPLY renderer=opengl_es request_id=11 input_seq=11 revision=11 generation=1 target_vsync_id=unavailable transaction=queued_for_next_surface_frame listener_attached=true
10-08 19:09:51.418  3726  3726 I SpinonBootstrap: SPINON_R05_SUBMIT renderer=opengl_es input_seq=11 revision=11 generation=1 event_time_ns=86980000000 handler_uptime_ns=86981467333 draw_requested=true draw_completed=false present_signal=unavailable attribution=input
10-08 19:09:51.418  3726  3743 I SpinonBootstrap: SPINON_R05_DRAW renderer=opengl_es draw_seq=13 revision=11 generation=1
10-08 19:09:51.419  3726  3726 I SpinonBootstrap: SPINON_R08_TOUCH count=11
10-08 19:09:51.443  3726  3765 I SpinonBootstrap: SPINON_R05_PRESENT_FENCE renderer=opengl_es request_id=11 input_seq=11 revision=11 event_time_ns=86980000000 generation=1 current_generation=1 current_surface=true target_vsync_id=-1 outcome=callback_received fence_valid=true fence_state=signaled signal_time_ns=87005781249 latch_time_ns=86994868999 fence_signal_usable=true callback_inline_overflow=false inline_callback_total=0 callback_os_tid=3765 callback_thread_id=50 queue_depth=0 input_uptime_anchor_ns=86981199624 input_monotonic_before_ns=86981199124 input_monotonic_after_ns=86981199958 callback_uptime_anchor_ns=87006226458 callback_monotonic_before_ns=87006225499 callback_monotonic_after_ns=87006226624 signal_observed_monotonic_ns=87006235374 input_offset_min_ns=-334 input_offset_max_ns=500 callback_offset_min_ns=-166 callback_offset_max_ns=959 clock_offset_intervals_overlap=true processing_error=none fence_close_error=none
