--------- beginning of main
10-08 19:09:52.722  3878  3878 I SpinonBootstrap: SPINON_R08_UI=ready text-input=EditText accessibility=button+EditText
10-08 19:09:52.946  3878  3878 I SpinonBootstrap: SPINON_R05_SURFACE renderer=opengl_es type=GLSurfaceView generation=1
10-08 19:09:52.946  3878  3878 I SpinonBootstrap: SPINON_R05_SIGNAL_CAPABILITY renderer=opengl_es signal=SurfaceView_JankData available=false reason=api_below_37_2 api=37 api_full=3700000
10-08 19:09:52.946  3878  3878 I SpinonBootstrap: SPINON_R05_SURFACE_SIZE renderer=opengl_es generation=1 size=1080x2400
10-08 19:09:52.962  3878  3911 I SpinonBootstrap: SPINON_R08_SURFACE=created api=OpenGL_ES_2 renderer=Android Emulator OpenGL ES Translator (ANGLE (Google, Vulkan 1.3.0 (SwiftShader Device (LLVM 10.0.0) (0x0000C0DE)), SwiftShader driver-5.0.0)) version=OpenGL ES 3.1 (OpenGL ES 3.1.0 (ANGLE 2.1.1 git hash: fbf66f49c7cc))
10-08 19:09:52.964  3878  3911 I SpinonBootstrap: SPINON_R08_SHADER=ready
10-08 19:09:52.964  3878  3911 I SpinonBootstrap: SPINON_R08_SURFACE=size 1080x2400
10-08 19:09:52.964  3878  3911 I SpinonBootstrap: SPINON_R05_DRAW renderer=opengl_es draw_seq=1 revision=0 generation=1
10-08 19:09:52.964  3878  3911 I SpinonBootstrap: SPINON_R08_FRAME=first_draw_submitted
10-08 19:09:52.978  3878  3911 I SpinonBootstrap: SPINON_R05_DRAW renderer=opengl_es draw_seq=2 revision=0 generation=1
10-08 19:09:53.163  3878  3878 I SpinonBootstrap: SPINON_R05_INPUT renderer=opengl_es input_seq=1 phase=ACTION_UP timestamp_precision=nanosecond_representation input_source=unknown event_time_ns=88716000000 input_uptime_anchor_ns=88725873667 input_monotonic_before_ns=88725873000 input_monotonic_after_ns=88725873792 generation=1
10-08 19:09:53.170  3878  3878 I SpinonBootstrap: SPINON_R05_PRESENT_FENCE_LISTENER renderer=opengl_es request_id=1 input_seq=1 revision=1 generation=1 target_vsync_id=-1 state=registered timeout_ms=2000
10-08 19:09:53.171  3878  3878 I SpinonBootstrap: SPINON_R05_PRESENT_FENCE_APPLY renderer=opengl_es request_id=1 input_seq=1 revision=1 generation=1 target_vsync_id=unavailable transaction=queued_for_next_surface_frame listener_attached=true
10-08 19:09:53.171  3878  3878 I SpinonBootstrap: SPINON_R05_SUBMIT renderer=opengl_es input_seq=1 revision=1 generation=1 event_time_ns=88716000000 handler_uptime_ns=88734321875 draw_requested=true draw_completed=false present_signal=unavailable attribution=input
10-08 19:09:53.171  3878  3911 I SpinonBootstrap: SPINON_R05_DRAW renderer=opengl_es draw_seq=3 revision=1 generation=1
10-08 19:09:53.173  3878  3878 I SpinonBootstrap: SPINON_R08_TOUCH count=1
10-08 19:09:53.236  3878  3957 I SpinonBootstrap: SPINON_R05_PRESENT_FENCE renderer=opengl_es request_id=1 input_seq=1 revision=1 event_time_ns=88716000000 generation=1 current_generation=1 current_surface=true target_vsync_id=-1 outcome=callback_received fence_valid=true fence_state=signaled signal_time_ns=88788141750 latch_time_ns=88762837042 fence_signal_usable=true callback_inline_overflow=false inline_callback_total=0 callback_os_tid=3957 callback_thread_id=50 queue_depth=0 input_uptime_anchor_ns=88725873667 input_monotonic_before_ns=88725873000 input_monotonic_after_ns=88725873792 callback_uptime_anchor_ns=88798667667 callback_monotonic_before_ns=88798666542 callback_monotonic_after_ns=88798667792 signal_observed_monotonic_ns=88798689125 input_offset_min_ns=-125 input_offset_max_ns=667 callback_offset_min_ns=-125 callback_offset_max_ns=1125 clock_offset_intervals_overlap=true processing_error=none fence_close_error=none
10-08 19:09:53.656  3878  3878 I SpinonBootstrap: SPINON_R05_INPUT renderer=opengl_es input_seq=2 phase=ACTION_UP timestamp_precision=nanosecond_representation input_source=unknown event_time_ns=89218000000 input_uptime_anchor_ns=89219473084 input_monotonic_before_ns=89219472334 input_monotonic_after_ns=89219473209 generation=1
10-08 19:09:53.656  3878  3878 I SpinonBootstrap: SPINON_R05_PRESENT_FENCE_LISTENER renderer=opengl_es request_id=2 input_seq=2 revision=2 generation=1 target_vsync_id=-1 state=registered timeout_ms=2000
10-08 19:09:53.656  3878  3878 I SpinonBootstrap: SPINON_R05_PRESENT_FENCE_APPLY renderer=opengl_es request_id=2 input_seq=2 revision=2 generation=1 target_vsync_id=unavailable transaction=queued_for_next_surface_frame listener_attached=true
10-08 19:09:53.657  3878  3878 I SpinonBootstrap: SPINON_R05_SUBMIT renderer=opengl_es input_seq=2 revision=2 generation=1 event_time_ns=89218000000 handler_uptime_ns=89220175834 draw_requested=true draw_completed=false present_signal=unavailable attribution=input
10-08 19:09:53.657  3878  3911 I SpinonBootstrap: SPINON_R05_DRAW renderer=opengl_es draw_seq=4 revision=2 generation=1
10-08 19:09:53.657  3878  3878 I SpinonBootstrap: SPINON_R08_TOUCH count=2
10-08 19:09:53.679  3878  3957 I SpinonBootstrap: SPINON_R05_PRESENT_FENCE renderer=opengl_es request_id=2 input_seq=2 revision=2 event_time_ns=89218000000 generation=1 current_generation=1 current_surface=true target_vsync_id=-1 outcome=callback_received fence_valid=true fence_state=signaled signal_time_ns=89241630209 latch_time_ns=89228196292 fence_signal_usable=true callback_inline_overflow=false inline_callback_total=0 callback_os_tid=3957 callback_thread_id=50 queue_depth=0 input_uptime_anchor_ns=89219473084 input_monotonic_before_ns=89219472334 input_monotonic_after_ns=89219473209 callback_uptime_anchor_ns=89242543709 callback_monotonic_before_ns=89242542584 callback_monotonic_after_ns=89242543792 signal_observed_monotonic_ns=89242554542 input_offset_min_ns=-125 input_offset_max_ns=750 callback_offset_min_ns=-83 callback_offset_max_ns=1125 clock_offset_intervals_overlap=true processing_error=none fence_close_error=none
10-08 19:09:53.839  3878  3878 I SpinonBootstrap: SPINON_R05_INPUT renderer=opengl_es input_seq=3 phase=ACTION_UP timestamp_precision=nanosecond_representation input_source=unknown event_time_ns=89401000000 input_uptime_anchor_ns=89402026334 input_monotonic_before_ns=89402025709 input_monotonic_after_ns=89402026584 generation=1
10-08 19:09:53.839  3878  3878 I SpinonBootstrap: SPINON_R05_PRESENT_FENCE_LISTENER renderer=opengl_es request_id=3 input_seq=3 revision=3 generation=1 target_vsync_id=-1 state=registered timeout_ms=2000
10-08 19:09:53.839  3878  3878 I SpinonBootstrap: SPINON_R05_PRESENT_FENCE_APPLY renderer=opengl_es request_id=3 input_seq=3 revision=3 generation=1 target_vsync_id=unavailable transaction=queued_for_next_surface_frame listener_attached=true
10-08 19:09:53.839  3878  3878 I SpinonBootstrap: SPINON_R05_SUBMIT renderer=opengl_es input_seq=3 revision=3 generation=1 event_time_ns=89401000000 handler_uptime_ns=89402255667 draw_requested=true draw_completed=false present_signal=unavailable attribution=input
10-08 19:09:53.839  3878  3878 I SpinonBootstrap: SPINON_R08_TOUCH count=3
10-08 19:09:53.840  3878  3911 I SpinonBootstrap: SPINON_R05_DRAW renderer=opengl_es draw_seq=5 revision=3 generation=1
10-08 19:09:53.861  3878  3957 I SpinonBootstrap: SPINON_R05_PRESENT_FENCE renderer=opengl_es request_id=3 input_seq=3 revision=3 event_time_ns=89401000000 generation=1 current_generation=1 current_surface=true target_vsync_id=-1 outcome=callback_received fence_valid=true fence_state=signaled signal_time_ns=89423843584 latch_time_ns=89411545375 fence_signal_usable=true callback_inline_overflow=false inline_callback_total=0 callback_os_tid=3957 callback_thread_id=50 queue_depth=0 input_uptime_anchor_ns=89402026334 input_monotonic_before_ns=89402025709 input_monotonic_after_ns=89402026584 callback_uptime_anchor_ns=89424457750 callback_monotonic_before_ns=89424456334 callback_monotonic_after_ns=89424457875 signal_observed_monotonic_ns=89424466125 input_offset_min_ns=-250 input_offset_max_ns=625 callback_offset_min_ns=-125 callback_offset_max_ns=1416 clock_offset_intervals_overlap=true processing_error=none fence_close_error=none
10-08 19:09:54.017  3878  3878 I SpinonBootstrap: SPINON_R05_INPUT renderer=opengl_es input_seq=4 phase=ACTION_UP timestamp_precision=nanosecond_representation input_source=unknown event_time_ns=89579000000 input_uptime_anchor_ns=89579992626 input_monotonic_before_ns=89579992126 input_monotonic_after_ns=89579992792 generation=1
10-08 19:09:54.017  3878  3878 I SpinonBootstrap: SPINON_R05_PRESENT_FENCE_LISTENER renderer=opengl_es request_id=4 input_seq=4 revision=4 generation=1 target_vsync_id=-1 state=registered timeout_ms=2000
10-08 19:09:54.017  3878  3878 I SpinonBootstrap: SPINON_R05_PRESENT_FENCE_APPLY renderer=opengl_es request_id=4 input_seq=4 revision=4 generation=1 target_vsync_id=unavailable transaction=queued_for_next_surface_frame listener_attached=true
10-08 19:09:54.017  3878  3878 I SpinonBootstrap: SPINON_R05_SUBMIT renderer=opengl_es input_seq=4 revision=4 generation=1 event_time_ns=89579000000 handler_uptime_ns=89580240334 draw_requested=true draw_completed=false present_signal=unavailable attribution=input
10-08 19:09:54.017  3878  3911 I SpinonBootstrap: SPINON_R05_DRAW renderer=opengl_es draw_seq=6 revision=4 generation=1
10-08 19:09:54.018  3878  3878 I SpinonBootstrap: SPINON_R08_TOUCH count=4
10-08 19:09:54.044  3878  3957 I SpinonBootstrap: SPINON_R05_PRESENT_FENCE renderer=opengl_es request_id=4 input_seq=4 revision=4 event_time_ns=89579000000 generation=1 current_generation=1 current_surface=true target_vsync_id=-1 outcome=callback_received fence_valid=true fence_state=pending signal_time_ns=9223372036854775807 latch_time_ns=89594760126 fence_signal_usable=false callback_inline_overflow=false inline_callback_total=0 callback_os_tid=3957 callback_thread_id=50 queue_depth=0 input_uptime_anchor_ns=89579992626 input_monotonic_before_ns=89579992126 input_monotonic_after_ns=89579992792 callback_uptime_anchor_ns=89607194292 callback_monotonic_before_ns=89607193042 callback_monotonic_after_ns=89607194376 signal_observed_monotonic_ns=89607203292 input_offset_min_ns=-166 input_offset_max_ns=500 callback_offset_min_ns=-84 callback_offset_max_ns=1250 clock_offset_intervals_overlap=true processing_error=none fence_close_error=none
10-08 19:09:54.198  3878  3878 I SpinonBootstrap: SPINON_R05_INPUT renderer=opengl_es input_seq=5 phase=ACTION_UP timestamp_precision=nanosecond_representation input_source=unknown event_time_ns=89760000000 input_uptime_anchor_ns=89761443876 input_monotonic_before_ns=89761442834 input_monotonic_after_ns=89761444126 generation=1
10-08 19:09:54.198  3878  3878 I SpinonBootstrap: SPINON_R05_PRESENT_FENCE_LISTENER renderer=opengl_es request_id=5 input_seq=5 revision=5 generation=1 target_vsync_id=-1 state=registered timeout_ms=2000
10-08 19:09:54.198  3878  3878 I SpinonBootstrap: SPINON_R05_PRESENT_FENCE_APPLY renderer=opengl_es request_id=5 input_seq=5 revision=5 generation=1 target_vsync_id=unavailable transaction=queued_for_next_surface_frame listener_attached=true
10-08 19:09:54.198  3878  3878 I SpinonBootstrap: SPINON_R05_SUBMIT renderer=opengl_es input_seq=5 revision=5 generation=1 event_time_ns=89760000000 handler_uptime_ns=89761647251 draw_requested=true draw_completed=false present_signal=unavailable attribution=input
10-08 19:09:54.199  3878  3911 I SpinonBootstrap: SPINON_R05_DRAW renderer=opengl_es draw_seq=7 revision=5 generation=1
10-08 19:09:54.199  3878  3878 I SpinonBootstrap: SPINON_R08_TOUCH count=5
10-08 19:09:54.231  3878  3957 I SpinonBootstrap: SPINON_R05_PRESENT_FENCE renderer=opengl_es request_id=5 input_seq=5 revision=5 event_time_ns=89760000000 generation=1 current_generation=1 current_surface=true target_vsync_id=-1 outcome=callback_received fence_valid=true fence_state=signaled signal_time_ns=89793368292 latch_time_ns=89778351751 fence_signal_usable=true callback_inline_overflow=false inline_callback_total=0 callback_os_tid=3957 callback_thread_id=50 queue_depth=0 input_uptime_anchor_ns=89761443876 input_monotonic_before_ns=89761442834 input_monotonic_after_ns=89761444126 callback_uptime_anchor_ns=89793952251 callback_monotonic_before_ns=89793951417 callback_monotonic_after_ns=89793952334 signal_observed_monotonic_ns=89793963709 input_offset_min_ns=-250 input_offset_max_ns=1042 callback_offset_min_ns=-83 callback_offset_max_ns=834 clock_offset_intervals_overlap=true processing_error=none fence_close_error=none
10-08 19:09:54.655  3878  3878 I SpinonBootstrap: SPINON_R05_INPUT renderer=opengl_es input_seq=6 phase=ACTION_UP timestamp_precision=nanosecond_representation input_source=unknown event_time_ns=90217000000 input_uptime_anchor_ns=90217927542 input_monotonic_before_ns=90217927084 input_monotonic_after_ns=90217927834 generation=1
10-08 19:09:54.655  3878  3878 I SpinonBootstrap: SPINON_R05_PRESENT_FENCE_LISTENER renderer=opengl_es request_id=6 input_seq=6 revision=6 generation=1 target_vsync_id=-1 state=registered timeout_ms=2000
10-08 19:09:54.655  3878  3878 I SpinonBootstrap: SPINON_R05_PRESENT_FENCE_APPLY renderer=opengl_es request_id=6 input_seq=6 revision=6 generation=1 target_vsync_id=unavailable transaction=queued_for_next_surface_frame listener_attached=true
10-08 19:09:54.655  3878  3878 I SpinonBootstrap: SPINON_R05_SUBMIT renderer=opengl_es input_seq=6 revision=6 generation=1 event_time_ns=90217000000 handler_uptime_ns=90218076667 draw_requested=true draw_completed=false present_signal=unavailable attribution=input
10-08 19:09:54.655  3878  3911 I SpinonBootstrap: SPINON_R05_DRAW renderer=opengl_es draw_seq=8 revision=6 generation=1
10-08 19:09:54.655  3878  3878 I SpinonBootstrap: SPINON_R08_TOUCH count=6
10-08 19:09:54.681  3878  3957 I SpinonBootstrap: SPINON_R05_PRESENT_FENCE renderer=opengl_es request_id=6 input_seq=6 revision=6 event_time_ns=90217000000 generation=1 current_generation=1 current_surface=true target_vsync_id=-1 outcome=callback_received fence_valid=true fence_state=signaled signal_time_ns=90243214084 latch_time_ns=90228726667 fence_signal_usable=true callback_inline_overflow=false inline_callback_total=0 callback_os_tid=3957 callback_thread_id=50 queue_depth=0 input_uptime_anchor_ns=90217927542 input_monotonic_before_ns=90217927084 input_monotonic_after_ns=90217927834 callback_uptime_anchor_ns=90244527751 callback_monotonic_before_ns=90244526543 callback_monotonic_after_ns=90244527876 signal_observed_monotonic_ns=90244536834 input_offset_min_ns=-292 input_offset_max_ns=458 callback_offset_min_ns=-125 callback_offset_max_ns=1208 clock_offset_intervals_overlap=true processing_error=none fence_close_error=none
10-08 19:09:54.833  3878  3878 I SpinonBootstrap: SPINON_R05_INPUT renderer=opengl_es input_seq=7 phase=ACTION_UP timestamp_precision=nanosecond_representation input_source=unknown event_time_ns=90395000000 input_uptime_anchor_ns=90396672793 input_monotonic_before_ns=90396671751 input_monotonic_after_ns=90396672959 generation=1
10-08 19:09:54.834  3878  3878 I SpinonBootstrap: SPINON_R05_PRESENT_FENCE_LISTENER renderer=opengl_es request_id=7 input_seq=7 revision=7 generation=1 target_vsync_id=-1 state=registered timeout_ms=2000
10-08 19:09:54.834  3878  3878 I SpinonBootstrap: SPINON_R05_PRESENT_FENCE_APPLY renderer=opengl_es request_id=7 input_seq=7 revision=7 generation=1 target_vsync_id=unavailable transaction=queued_for_next_surface_frame listener_attached=true
10-08 19:09:54.834  3878  3878 I SpinonBootstrap: SPINON_R05_SUBMIT renderer=opengl_es input_seq=7 revision=7 generation=1 event_time_ns=90395000000 handler_uptime_ns=90396835126 draw_requested=true draw_completed=false present_signal=unavailable attribution=input
10-08 19:09:54.834  3878  3911 I SpinonBootstrap: SPINON_R05_DRAW renderer=opengl_es draw_seq=9 revision=7 generation=1
10-08 19:09:54.834  3878  3878 I SpinonBootstrap: SPINON_R08_TOUCH count=7
10-08 19:09:54.863  3878  3957 I SpinonBootstrap: SPINON_R05_PRESENT_FENCE renderer=opengl_es request_id=7 input_seq=7 revision=7 event_time_ns=90395000000 generation=1 current_generation=1 current_surface=true target_vsync_id=-1 outcome=callback_received fence_valid=true fence_state=signaled signal_time_ns=90424922543 latch_time_ns=90412393251 fence_signal_usable=true callback_inline_overflow=false inline_callback_total=0 callback_os_tid=3957 callback_thread_id=50 queue_depth=0 input_uptime_anchor_ns=90396672793 input_monotonic_before_ns=90396671751 input_monotonic_after_ns=90396672959 callback_uptime_anchor_ns=90425809501 callback_monotonic_before_ns=90425808376 callback_monotonic_after_ns=90425809543 signal_observed_monotonic_ns=90425820334 input_offset_min_ns=-166 input_offset_max_ns=1042 callback_offset_min_ns=-42 callback_offset_max_ns=1125 clock_offset_intervals_overlap=true processing_error=none fence_close_error=none
10-08 19:09:55.288  3878  3878 I SpinonBootstrap: SPINON_R05_INPUT renderer=opengl_es input_seq=8 phase=ACTION_UP timestamp_precision=nanosecond_representation input_source=unknown event_time_ns=90850000000 input_uptime_anchor_ns=90851555501 input_monotonic_before_ns=90851555043 input_monotonic_after_ns=90851555709 generation=1
10-08 19:09:55.289  3878  3878 I SpinonBootstrap: SPINON_R05_PRESENT_FENCE_LISTENER renderer=opengl_es request_id=8 input_seq=8 revision=8 generation=1 target_vsync_id=-1 state=registered timeout_ms=2000
10-08 19:09:55.289  3878  3878 I SpinonBootstrap: SPINON_R05_PRESENT_FENCE_APPLY renderer=opengl_es request_id=8 input_seq=8 revision=8 generation=1 target_vsync_id=unavailable transaction=queued_for_next_surface_frame listener_attached=true
10-08 19:09:55.289  3878  3878 I SpinonBootstrap: SPINON_R05_SUBMIT renderer=opengl_es input_seq=8 revision=8 generation=1 event_time_ns=90850000000 handler_uptime_ns=90851815584 draw_requested=true draw_completed=false present_signal=unavailable attribution=input
10-08 19:09:55.289  3878  3878 I SpinonBootstrap: SPINON_R08_TOUCH count=8
10-08 19:09:55.289  3878  3911 I SpinonBootstrap: SPINON_R05_DRAW renderer=opengl_es draw_seq=10 revision=8 generation=1
10-08 19:09:55.310  3878  3957 I SpinonBootstrap: SPINON_R05_PRESENT_FENCE renderer=opengl_es request_id=8 input_seq=8 revision=8 event_time_ns=90850000000 generation=1 current_generation=1 current_surface=true target_vsync_id=-1 outcome=callback_received fence_valid=true fence_state=pending signal_time_ns=9223372036854775807 latch_time_ns=90861480626 fence_signal_usable=false callback_inline_overflow=false inline_callback_total=0 callback_os_tid=3957 callback_thread_id=50 queue_depth=0 input_uptime_anchor_ns=90851555501 input_monotonic_before_ns=90851555043 input_monotonic_after_ns=90851555709 callback_uptime_anchor_ns=90873644376 callback_monotonic_before_ns=90873643126 callback_monotonic_after_ns=90873644418 signal_observed_monotonic_ns=90873651793 input_offset_min_ns=-208 input_offset_max_ns=458 callback_offset_min_ns=-42 callback_offset_max_ns=1250 clock_offset_intervals_overlap=true processing_error=none fence_close_error=none
10-08 19:09:55.466  3878  3878 I SpinonBootstrap: SPINON_R05_INPUT renderer=opengl_es input_seq=9 phase=ACTION_UP timestamp_precision=nanosecond_representation input_source=unknown event_time_ns=91027000000 input_uptime_anchor_ns=91028723335 input_monotonic_before_ns=91028722793 input_monotonic_after_ns=91028723501 generation=1
10-08 19:09:55.466  3878  3878 I SpinonBootstrap: SPINON_R05_PRESENT_FENCE_LISTENER renderer=opengl_es request_id=9 input_seq=9 revision=9 generation=1 target_vsync_id=-1 state=registered timeout_ms=2000
10-08 19:09:55.466  3878  3878 I SpinonBootstrap: SPINON_R05_PRESENT_FENCE_APPLY renderer=opengl_es request_id=9 input_seq=9 revision=9 generation=1 target_vsync_id=unavailable transaction=queued_for_next_surface_frame listener_attached=true
10-08 19:09:55.466  3878  3878 I SpinonBootstrap: SPINON_R05_SUBMIT renderer=opengl_es input_seq=9 revision=9 generation=1 event_time_ns=91027000000 handler_uptime_ns=91029004585 draw_requested=true draw_completed=false present_signal=unavailable attribution=input
10-08 19:09:55.466  3878  3911 I SpinonBootstrap: SPINON_R05_DRAW renderer=opengl_es draw_seq=11 revision=9 generation=1
10-08 19:09:55.466  3878  3878 I SpinonBootstrap: SPINON_R08_TOUCH count=9
10-08 19:09:55.494  3878  3957 I SpinonBootstrap: SPINON_R05_PRESENT_FENCE renderer=opengl_es request_id=9 input_seq=9 revision=9 event_time_ns=91027000000 generation=1 current_generation=1 current_surface=true target_vsync_id=-1 outcome=callback_received fence_valid=true fence_state=signaled signal_time_ns=91056640751 latch_time_ns=91044652543 fence_signal_usable=true callback_inline_overflow=false inline_callback_total=0 callback_os_tid=3957 callback_thread_id=50 queue_depth=0 input_uptime_anchor_ns=91028723335 input_monotonic_before_ns=91028722793 input_monotonic_after_ns=91028723501 callback_uptime_anchor_ns=91057457085 callback_monotonic_before_ns=91057455835 callback_monotonic_after_ns=91057457293 signal_observed_monotonic_ns=91057469835 input_offset_min_ns=-166 input_offset_max_ns=542 callback_offset_min_ns=-208 callback_offset_max_ns=1250 clock_offset_intervals_overlap=true processing_error=none fence_close_error=none
10-08 19:09:55.650  3878  3878 I SpinonBootstrap: SPINON_R05_INPUT renderer=opengl_es input_seq=10 phase=ACTION_UP timestamp_precision=nanosecond_representation input_source=unknown event_time_ns=91211000000 input_uptime_anchor_ns=91212696168 input_monotonic_before_ns=91212694918 input_monotonic_after_ns=91212696460 generation=1
10-08 19:09:55.650  3878  3878 I SpinonBootstrap: SPINON_R05_PRESENT_FENCE_LISTENER renderer=opengl_es request_id=10 input_seq=10 revision=10 generation=1 target_vsync_id=-1 state=registered timeout_ms=2000
10-08 19:09:55.650  3878  3878 I SpinonBootstrap: SPINON_R05_PRESENT_FENCE_APPLY renderer=opengl_es request_id=10 input_seq=10 revision=10 generation=1 target_vsync_id=unavailable transaction=queued_for_next_surface_frame listener_attached=true
10-08 19:09:55.650  3878  3878 I SpinonBootstrap: SPINON_R05_SUBMIT renderer=opengl_es input_seq=10 revision=10 generation=1 event_time_ns=91211000000 handler_uptime_ns=91212898460 draw_requested=true draw_completed=false present_signal=unavailable attribution=input
10-08 19:09:55.650  3878  3911 I SpinonBootstrap: SPINON_R05_DRAW renderer=opengl_es draw_seq=12 revision=10 generation=1
10-08 19:09:55.650  3878  3878 I SpinonBootstrap: SPINON_R08_TOUCH count=10
10-08 19:09:55.677  3878  3957 I SpinonBootstrap: SPINON_R05_PRESENT_FENCE renderer=opengl_es request_id=10 input_seq=10 revision=10 event_time_ns=91211000000 generation=1 current_generation=1 current_surface=true target_vsync_id=-1 outcome=callback_received fence_valid=true fence_state=signaled signal_time_ns=91240414460 latch_time_ns=91228308876 fence_signal_usable=true callback_inline_overflow=false inline_callback_total=0 callback_os_tid=3957 callback_thread_id=50 queue_depth=0 input_uptime_anchor_ns=91212696168 input_monotonic_before_ns=91212694918 input_monotonic_after_ns=91212696460 callback_uptime_anchor_ns=91240577501 callback_monotonic_before_ns=91240576335 callback_monotonic_after_ns=91240577585 signal_observed_monotonic_ns=91240587168 input_offset_min_ns=-292 input_offset_max_ns=1250 callback_offset_min_ns=-84 callback_offset_max_ns=1166 clock_offset_intervals_overlap=true processing_error=none fence_close_error=none
10-08 19:09:55.826  3878  3878 I SpinonBootstrap: SPINON_R05_INPUT renderer=opengl_es input_seq=11 phase=ACTION_UP timestamp_precision=nanosecond_representation input_source=unknown event_time_ns=91389000000 input_uptime_anchor_ns=91389672043 input_monotonic_before_ns=91389671501 input_monotonic_after_ns=91389672210 generation=1
10-08 19:09:55.827  3878  3878 I SpinonBootstrap: SPINON_R05_PRESENT_FENCE_LISTENER renderer=opengl_es request_id=11 input_seq=11 revision=11 generation=1 target_vsync_id=-1 state=registered timeout_ms=2000
10-08 19:09:55.827  3878  3878 I SpinonBootstrap: SPINON_R05_PRESENT_FENCE_APPLY renderer=opengl_es request_id=11 input_seq=11 revision=11 generation=1 target_vsync_id=unavailable transaction=queued_for_next_surface_frame listener_attached=true
10-08 19:09:55.827  3878  3878 I SpinonBootstrap: SPINON_R05_SUBMIT renderer=opengl_es input_seq=11 revision=11 generation=1 event_time_ns=91389000000 handler_uptime_ns=91390050960 draw_requested=true draw_completed=false present_signal=unavailable attribution=input
10-08 19:09:55.827  3878  3911 I SpinonBootstrap: SPINON_R05_DRAW renderer=opengl_es draw_seq=13 revision=11 generation=1
10-08 19:09:55.828  3878  3878 I SpinonBootstrap: SPINON_R08_TOUCH count=11
10-08 19:09:55.845  3878  3957 I SpinonBootstrap: SPINON_R05_PRESENT_FENCE renderer=opengl_es request_id=11 input_seq=11 revision=11 event_time_ns=91389000000 generation=1 current_generation=1 current_surface=true target_vsync_id=-1 outcome=callback_received fence_valid=true fence_state=signaled signal_time_ns=91407755043 latch_time_ns=91394703251 fence_signal_usable=true callback_inline_overflow=false inline_callback_total=0 callback_os_tid=3957 callback_thread_id=50 queue_depth=0 input_uptime_anchor_ns=91389672043 input_monotonic_before_ns=91389671501 input_monotonic_after_ns=91389672210 callback_uptime_anchor_ns=91408388043 callback_monotonic_before_ns=91408386835 callback_monotonic_after_ns=91408388126 signal_observed_monotonic_ns=91408397418 input_offset_min_ns=-167 input_offset_max_ns=542 callback_offset_min_ns=-83 callback_offset_max_ns=1208 clock_offset_intervals_overlap=true processing_error=none fence_close_error=none
