--------- beginning of main
10-08 19:06:48.771  5605  5605 I SpinonBootstrap: SPINON_R08_UI=ready text-input=EditText accessibility=button+EditText
10-08 19:06:48.928  5605  5605 I SpinonBootstrap: SPINON_R05_SURFACE renderer=opengl_es type=GLSurfaceView generation=1
10-08 19:06:48.928  5605  5605 I SpinonBootstrap: SPINON_R05_SIGNAL_CAPABILITY renderer=opengl_es signal=SurfaceView_JankData available=false reason=api_below_36 api=35 api_full=0
10-08 19:06:48.928  5605  5605 I SpinonBootstrap: SPINON_R05_SURFACE_SIZE renderer=opengl_es generation=1 size=1080x2400
10-08 19:06:49.047  5605  5623 I SpinonBootstrap: SPINON_R08_SURFACE=created api=OpenGL_ES_2 renderer=Android Emulator OpenGL ES Translator (ANGLE (Google, Vulkan 1.3.0 (SwiftShader Device (LLVM 10.0.0) (0x0000C0DE)), SwiftShader driver-5.0.0)) version=OpenGL ES 3.1 (OpenGL ES 3.1.0 (ANGLE 2.1.1 git hash: fbf66f49c7cc))
10-08 19:06:49.048  5605  5623 I SpinonBootstrap: SPINON_R08_SHADER=ready
10-08 19:06:49.048  5605  5623 I SpinonBootstrap: SPINON_R08_SURFACE=size 1080x2400
10-08 19:06:49.048  5605  5623 I SpinonBootstrap: SPINON_R05_DRAW renderer=opengl_es draw_seq=1 revision=0 generation=1
10-08 19:06:49.049  5605  5623 I SpinonBootstrap: SPINON_R08_FRAME=first_draw_submitted
10-08 19:06:49.281  5605  5605 I SpinonBootstrap: SPINON_R05_INPUT renderer=opengl_es input_seq=1 phase=ACTION_UP timestamp_precision=nanosecond_representation input_source=unknown event_time_ns=227823000000 input_uptime_anchor_ns=227825467274 input_monotonic_before_ns=227825466399 input_monotonic_after_ns=227825467441 generation=1
10-08 19:06:49.283  5605  5605 I SpinonBootstrap: SPINON_R05_PRESENT_FENCE_LISTENER renderer=opengl_es request_id=1 input_seq=1 revision=1 generation=1 target_vsync_id=-1 state=registered timeout_ms=2000
10-08 19:06:49.283  5605  5605 I SpinonBootstrap: SPINON_R05_PRESENT_FENCE_APPLY renderer=opengl_es request_id=1 input_seq=1 revision=1 generation=1 target_vsync_id=unavailable transaction=queued_for_next_surface_frame listener_attached=true
10-08 19:06:49.283  5605  5605 I SpinonBootstrap: SPINON_R05_SUBMIT renderer=opengl_es input_seq=1 revision=1 generation=1 event_time_ns=227823000000 handler_uptime_ns=227827557232 draw_requested=true draw_completed=false present_signal=unavailable attribution=input
10-08 19:06:49.283  5605  5623 I SpinonBootstrap: SPINON_R05_DRAW renderer=opengl_es draw_seq=2 revision=1 generation=1
10-08 19:06:49.285  5605  5605 I SpinonBootstrap: SPINON_R08_TOUCH count=1
10-08 19:06:49.325  5605  5646 I SpinonBootstrap: SPINON_R05_PRESENT_FENCE renderer=opengl_es request_id=1 input_seq=1 revision=1 event_time_ns=227823000000 generation=1 current_generation=1 current_surface=true target_vsync_id=-1 outcome=callback_received fence_valid=true fence_state=pending signal_time_ns=9223372036854775807 latch_time_ns=227845743941 fence_signal_usable=false callback_inline_overflow=false inline_callback_total=0 callback_os_tid=5646 callback_thread_id=54 queue_depth=0 input_uptime_anchor_ns=227825467274 input_monotonic_before_ns=227825466399 input_monotonic_after_ns=227825467441 callback_uptime_anchor_ns=227868944107 callback_monotonic_before_ns=227868943107 callback_monotonic_after_ns=227868944566 signal_observed_monotonic_ns=227868971899 input_offset_min_ns=-167 input_offset_max_ns=875 callback_offset_min_ns=-459 callback_offset_max_ns=1000 clock_offset_intervals_overlap=true processing_error=none fence_close_error=none
10-08 19:06:49.496  5605  5605 I SpinonBootstrap: SPINON_R05_INPUT renderer=opengl_es input_seq=2 phase=ACTION_UP timestamp_precision=nanosecond_representation input_source=unknown event_time_ns=228038000000 input_uptime_anchor_ns=228040506691 input_monotonic_before_ns=228040505899 input_monotonic_after_ns=228040506941 generation=1
10-08 19:06:49.497  5605  5605 I SpinonBootstrap: SPINON_R05_PRESENT_FENCE_LISTENER renderer=opengl_es request_id=2 input_seq=2 revision=2 generation=1 target_vsync_id=-1 state=registered timeout_ms=2000
10-08 19:06:49.497  5605  5605 I SpinonBootstrap: SPINON_R05_PRESENT_FENCE_APPLY renderer=opengl_es request_id=2 input_seq=2 revision=2 generation=1 target_vsync_id=unavailable transaction=queued_for_next_surface_frame listener_attached=true
10-08 19:06:49.497  5605  5605 I SpinonBootstrap: SPINON_R05_SUBMIT renderer=opengl_es input_seq=2 revision=2 generation=1 event_time_ns=228038000000 handler_uptime_ns=228041353066 draw_requested=true draw_completed=false present_signal=unavailable attribution=input
10-08 19:06:49.497  5605  5623 I SpinonBootstrap: SPINON_R05_DRAW renderer=opengl_es draw_seq=3 revision=2 generation=1
10-08 19:06:49.499  5605  5605 I SpinonBootstrap: SPINON_R08_TOUCH count=2
10-08 19:06:49.538  5605  5646 I SpinonBootstrap: SPINON_R05_PRESENT_FENCE renderer=opengl_es request_id=2 input_seq=2 revision=2 event_time_ns=228038000000 generation=1 current_generation=1 current_surface=true target_vsync_id=-1 outcome=callback_received fence_valid=true fence_state=signaled signal_time_ns=228081055649 latch_time_ns=228062482108 fence_signal_usable=true callback_inline_overflow=false inline_callback_total=0 callback_os_tid=5646 callback_thread_id=54 queue_depth=0 input_uptime_anchor_ns=228040506691 input_monotonic_before_ns=228040505899 input_monotonic_after_ns=228040506941 callback_uptime_anchor_ns=228081382191 callback_monotonic_before_ns=228081381149 callback_monotonic_after_ns=228081382274 signal_observed_monotonic_ns=228081393608 input_offset_min_ns=-250 input_offset_max_ns=792 callback_offset_min_ns=-83 callback_offset_max_ns=1042 clock_offset_intervals_overlap=true processing_error=none fence_close_error=none
10-08 19:06:49.781  5605  5605 I SpinonBootstrap: SPINON_R05_INPUT renderer=opengl_es input_seq=3 phase=ACTION_UP timestamp_precision=nanosecond_representation input_source=unknown event_time_ns=228321000000 input_uptime_anchor_ns=228324940524 input_monotonic_before_ns=228324938941 input_monotonic_after_ns=228324940816 generation=1
10-08 19:06:49.781  5605  5605 I SpinonBootstrap: SPINON_R05_PRESENT_FENCE_LISTENER renderer=opengl_es request_id=3 input_seq=3 revision=3 generation=1 target_vsync_id=-1 state=registered timeout_ms=2000
10-08 19:06:49.781  5605  5605 I SpinonBootstrap: SPINON_R05_PRESENT_FENCE_APPLY renderer=opengl_es request_id=3 input_seq=3 revision=3 generation=1 target_vsync_id=unavailable transaction=queued_for_next_surface_frame listener_attached=true
10-08 19:06:49.781  5605  5605 I SpinonBootstrap: SPINON_R05_SUBMIT renderer=opengl_es input_seq=3 revision=3 generation=1 event_time_ns=228321000000 handler_uptime_ns=228325216858 draw_requested=true draw_completed=false present_signal=unavailable attribution=input
10-08 19:06:49.781  5605  5623 I SpinonBootstrap: SPINON_R05_DRAW renderer=opengl_es draw_seq=4 revision=3 generation=1
10-08 19:06:49.784  5605  5605 I SpinonBootstrap: SPINON_R08_TOUCH count=3
10-08 19:06:49.862  5605  5646 I SpinonBootstrap: SPINON_R05_PRESENT_FENCE renderer=opengl_es request_id=3 input_seq=3 revision=3 event_time_ns=228321000000 generation=1 current_generation=1 current_surface=true target_vsync_id=-1 outcome=callback_received fence_valid=true fence_state=signaled signal_time_ns=228406120983 latch_time_ns=228388744608 fence_signal_usable=true callback_inline_overflow=false inline_callback_total=0 callback_os_tid=5646 callback_thread_id=54 queue_depth=0 input_uptime_anchor_ns=228324940524 input_monotonic_before_ns=228324938941 input_monotonic_after_ns=228324940816 callback_uptime_anchor_ns=228406601316 callback_monotonic_before_ns=228406599524 callback_monotonic_after_ns=228406601399 signal_observed_monotonic_ns=228406608191 input_offset_min_ns=-292 input_offset_max_ns=1583 callback_offset_min_ns=-83 callback_offset_max_ns=1792 clock_offset_intervals_overlap=true processing_error=none fence_close_error=none
10-08 19:06:50.298  5605  5605 I SpinonBootstrap: SPINON_R05_INPUT renderer=opengl_es input_seq=4 phase=ACTION_UP timestamp_precision=nanosecond_representation input_source=unknown event_time_ns=228841000000 input_uptime_anchor_ns=228842008400 input_monotonic_before_ns=228842007858 input_monotonic_after_ns=228842008775 generation=1
10-08 19:06:50.298  5605  5605 I SpinonBootstrap: SPINON_R05_PRESENT_FENCE_LISTENER renderer=opengl_es request_id=4 input_seq=4 revision=4 generation=1 target_vsync_id=-1 state=registered timeout_ms=2000
10-08 19:06:50.298  5605  5605 I SpinonBootstrap: SPINON_R05_PRESENT_FENCE_APPLY renderer=opengl_es request_id=4 input_seq=4 revision=4 generation=1 target_vsync_id=unavailable transaction=queued_for_next_surface_frame listener_attached=true
10-08 19:06:50.298  5605  5605 I SpinonBootstrap: SPINON_R05_SUBMIT renderer=opengl_es input_seq=4 revision=4 generation=1 event_time_ns=228841000000 handler_uptime_ns=228842248441 draw_requested=true draw_completed=false present_signal=unavailable attribution=input
10-08 19:06:50.298  5605  5605 I SpinonBootstrap: SPINON_R08_TOUCH count=4
10-08 19:06:50.298  5605  5623 I SpinonBootstrap: SPINON_R05_DRAW renderer=opengl_es draw_seq=5 revision=4 generation=1
10-08 19:06:50.318  5605  5646 I SpinonBootstrap: SPINON_R05_PRESENT_FENCE renderer=opengl_es request_id=4 input_seq=4 revision=4 event_time_ns=228841000000 generation=1 current_generation=1 current_surface=true target_vsync_id=-1 outcome=callback_received fence_valid=true fence_state=signaled signal_time_ns=228861958400 latch_time_ns=228845970900 fence_signal_usable=true callback_inline_overflow=false inline_callback_total=0 callback_os_tid=5646 callback_thread_id=54 queue_depth=0 input_uptime_anchor_ns=228842008400 input_monotonic_before_ns=228842007858 input_monotonic_after_ns=228842008775 callback_uptime_anchor_ns=228862180483 callback_monotonic_before_ns=228862178816 callback_monotonic_after_ns=228862180608 signal_observed_monotonic_ns=228862191275 input_offset_min_ns=-375 input_offset_max_ns=542 callback_offset_min_ns=-125 callback_offset_max_ns=1667 clock_offset_intervals_overlap=true processing_error=none fence_close_error=none
10-08 19:06:50.482  5605  5605 I SpinonBootstrap: SPINON_R05_INPUT renderer=opengl_es input_seq=5 phase=ACTION_UP timestamp_precision=nanosecond_representation input_source=unknown event_time_ns=229025000000 input_uptime_anchor_ns=229026334816 input_monotonic_before_ns=229026334275 input_monotonic_after_ns=229026335025 generation=1
10-08 19:06:50.482  5605  5605 I SpinonBootstrap: SPINON_R05_PRESENT_FENCE_LISTENER renderer=opengl_es request_id=5 input_seq=5 revision=5 generation=1 target_vsync_id=-1 state=registered timeout_ms=2000
10-08 19:06:50.482  5605  5605 I SpinonBootstrap: SPINON_R05_PRESENT_FENCE_APPLY renderer=opengl_es request_id=5 input_seq=5 revision=5 generation=1 target_vsync_id=unavailable transaction=queued_for_next_surface_frame listener_attached=true
10-08 19:06:50.482  5605  5605 I SpinonBootstrap: SPINON_R05_SUBMIT renderer=opengl_es input_seq=5 revision=5 generation=1 event_time_ns=229025000000 handler_uptime_ns=229026535191 draw_requested=true draw_completed=false present_signal=unavailable attribution=input
10-08 19:06:50.482  5605  5623 I SpinonBootstrap: SPINON_R05_DRAW renderer=opengl_es draw_seq=6 revision=5 generation=1
10-08 19:06:50.483  5605  5605 I SpinonBootstrap: SPINON_R08_TOUCH count=5
10-08 19:06:50.506  5605  5646 I SpinonBootstrap: SPINON_R05_PRESENT_FENCE renderer=opengl_es request_id=5 input_seq=5 revision=5 event_time_ns=229025000000 generation=1 current_generation=1 current_surface=true target_vsync_id=-1 outcome=callback_received fence_valid=true fence_state=signaled signal_time_ns=229049438233 latch_time_ns=229031005608 fence_signal_usable=true callback_inline_overflow=false inline_callback_total=0 callback_os_tid=5646 callback_thread_id=54 queue_depth=0 input_uptime_anchor_ns=229026334816 input_monotonic_before_ns=229026334275 input_monotonic_after_ns=229026335025 callback_uptime_anchor_ns=229049802441 callback_monotonic_before_ns=229049800816 callback_monotonic_after_ns=229049802525 signal_observed_monotonic_ns=229049811608 input_offset_min_ns=-209 input_offset_max_ns=541 callback_offset_min_ns=-84 callback_offset_max_ns=1625 clock_offset_intervals_overlap=true processing_error=none fence_close_error=none
10-08 19:06:50.668  5605  5605 I SpinonBootstrap: SPINON_R05_INPUT renderer=opengl_es input_seq=6 phase=ACTION_UP timestamp_precision=nanosecond_representation input_source=unknown event_time_ns=229211000000 input_uptime_anchor_ns=229212704900 input_monotonic_before_ns=229212704358 input_monotonic_after_ns=229212705066 generation=1
10-08 19:06:50.669  5605  5605 I SpinonBootstrap: SPINON_R05_PRESENT_FENCE_LISTENER renderer=opengl_es request_id=6 input_seq=6 revision=6 generation=1 target_vsync_id=-1 state=registered timeout_ms=2000
10-08 19:06:50.669  5605  5605 I SpinonBootstrap: SPINON_R05_PRESENT_FENCE_APPLY renderer=opengl_es request_id=6 input_seq=6 revision=6 generation=1 target_vsync_id=unavailable transaction=queued_for_next_surface_frame listener_attached=true
10-08 19:06:50.669  5605  5605 I SpinonBootstrap: SPINON_R05_SUBMIT renderer=opengl_es input_seq=6 revision=6 generation=1 event_time_ns=229211000000 handler_uptime_ns=229212902900 draw_requested=true draw_completed=false present_signal=unavailable attribution=input
10-08 19:06:50.669  5605  5623 I SpinonBootstrap: SPINON_R05_DRAW renderer=opengl_es draw_seq=7 revision=6 generation=1
10-08 19:06:50.669  5605  5605 I SpinonBootstrap: SPINON_R08_TOUCH count=6
10-08 19:06:50.698  5605  5646 I SpinonBootstrap: SPINON_R05_PRESENT_FENCE renderer=opengl_es request_id=6 input_seq=6 revision=6 event_time_ns=229211000000 generation=1 current_generation=1 current_surface=true target_vsync_id=-1 outcome=callback_received fence_valid=true fence_state=signaled signal_time_ns=229241186525 latch_time_ns=229229746858 fence_signal_usable=true callback_inline_overflow=false inline_callback_total=0 callback_os_tid=5646 callback_thread_id=54 queue_depth=0 input_uptime_anchor_ns=229212704900 input_monotonic_before_ns=229212704358 input_monotonic_after_ns=229212705066 callback_uptime_anchor_ns=229241813358 callback_monotonic_before_ns=229241811858 callback_monotonic_after_ns=229241813441 signal_observed_monotonic_ns=229241821608 input_offset_min_ns=-166 input_offset_max_ns=542 callback_offset_min_ns=-83 callback_offset_max_ns=1500 clock_offset_intervals_overlap=true processing_error=none fence_close_error=none
10-08 19:06:50.846  5605  5605 I SpinonBootstrap: SPINON_R05_INPUT renderer=opengl_es input_seq=7 phase=ACTION_UP timestamp_precision=nanosecond_representation input_source=unknown event_time_ns=229389000000 input_uptime_anchor_ns=229390391192 input_monotonic_before_ns=229390390608 input_monotonic_after_ns=229390391483 generation=1
10-08 19:06:50.846  5605  5605 I SpinonBootstrap: SPINON_R05_PRESENT_FENCE_LISTENER renderer=opengl_es request_id=7 input_seq=7 revision=7 generation=1 target_vsync_id=-1 state=registered timeout_ms=2000
10-08 19:06:50.846  5605  5605 I SpinonBootstrap: SPINON_R05_PRESENT_FENCE_APPLY renderer=opengl_es request_id=7 input_seq=7 revision=7 generation=1 target_vsync_id=unavailable transaction=queued_for_next_surface_frame listener_attached=true
10-08 19:06:50.846  5605  5605 I SpinonBootstrap: SPINON_R05_SUBMIT renderer=opengl_es input_seq=7 revision=7 generation=1 event_time_ns=229389000000 handler_uptime_ns=229390564608 draw_requested=true draw_completed=false present_signal=unavailable attribution=input
10-08 19:06:50.846  5605  5623 I SpinonBootstrap: SPINON_R05_DRAW renderer=opengl_es draw_seq=8 revision=7 generation=1
10-08 19:06:50.846  5605  5605 I SpinonBootstrap: SPINON_R08_TOUCH count=7
10-08 19:06:50.865  5605  5646 I SpinonBootstrap: SPINON_R05_PRESENT_FENCE renderer=opengl_es request_id=7 input_seq=7 revision=7 event_time_ns=229389000000 generation=1 current_generation=1 current_surface=true target_vsync_id=-1 outcome=callback_received fence_valid=true fence_state=signaled signal_time_ns=229408749358 latch_time_ns=229396148442 fence_signal_usable=true callback_inline_overflow=false inline_callback_total=0 callback_os_tid=5646 callback_thread_id=54 queue_depth=0 input_uptime_anchor_ns=229390391192 input_monotonic_before_ns=229390390608 input_monotonic_after_ns=229390391483 callback_uptime_anchor_ns=229408980483 callback_monotonic_before_ns=229408978692 callback_monotonic_after_ns=229408980567 signal_observed_monotonic_ns=229408989775 input_offset_min_ns=-291 input_offset_max_ns=584 callback_offset_min_ns=-84 callback_offset_max_ns=1791 clock_offset_intervals_overlap=true processing_error=none fence_close_error=none
10-08 19:06:51.026  5605  5605 I SpinonBootstrap: SPINON_R05_INPUT renderer=opengl_es input_seq=8 phase=ACTION_UP timestamp_precision=nanosecond_representation input_source=unknown event_time_ns=229569000000 input_uptime_anchor_ns=229570254358 input_monotonic_before_ns=229570253733 input_monotonic_after_ns=229570254692 generation=1
10-08 19:06:51.026  5605  5605 I SpinonBootstrap: SPINON_R05_PRESENT_FENCE_LISTENER renderer=opengl_es request_id=8 input_seq=8 revision=8 generation=1 target_vsync_id=-1 state=registered timeout_ms=2000
10-08 19:06:51.026  5605  5605 I SpinonBootstrap: SPINON_R05_PRESENT_FENCE_APPLY renderer=opengl_es request_id=8 input_seq=8 revision=8 generation=1 target_vsync_id=unavailable transaction=queued_for_next_surface_frame listener_attached=true
10-08 19:06:51.026  5605  5605 I SpinonBootstrap: SPINON_R05_SUBMIT renderer=opengl_es input_seq=8 revision=8 generation=1 event_time_ns=229569000000 handler_uptime_ns=229570467317 draw_requested=true draw_completed=false present_signal=unavailable attribution=input
10-08 19:06:51.026  5605  5605 I SpinonBootstrap: SPINON_R08_TOUCH count=8
10-08 19:06:51.027  5605  5623 I SpinonBootstrap: SPINON_R05_DRAW renderer=opengl_es draw_seq=9 revision=8 generation=1
10-08 19:06:51.047  5605  5646 I SpinonBootstrap: SPINON_R05_PRESENT_FENCE renderer=opengl_es request_id=8 input_seq=8 revision=8 event_time_ns=229569000000 generation=1 current_generation=1 current_surface=true target_vsync_id=-1 outcome=callback_received fence_valid=true fence_state=signaled signal_time_ns=229590762067 latch_time_ns=229579834233 fence_signal_usable=true callback_inline_overflow=false inline_callback_total=0 callback_os_tid=5646 callback_thread_id=54 queue_depth=0 input_uptime_anchor_ns=229570254358 input_monotonic_before_ns=229570253733 input_monotonic_after_ns=229570254692 callback_uptime_anchor_ns=229591335733 callback_monotonic_before_ns=229591334067 callback_monotonic_after_ns=229591335858 signal_observed_monotonic_ns=229591347108 input_offset_min_ns=-334 input_offset_max_ns=625 callback_offset_min_ns=-125 callback_offset_max_ns=1666 clock_offset_intervals_overlap=true processing_error=none fence_close_error=none
10-08 19:06:51.213  5605  5605 I SpinonBootstrap: SPINON_R05_INPUT renderer=opengl_es input_seq=9 phase=ACTION_UP timestamp_precision=nanosecond_representation input_source=unknown event_time_ns=229756000000 input_uptime_anchor_ns=229757060858 input_monotonic_before_ns=229757060067 input_monotonic_after_ns=229757061108 generation=1
10-08 19:06:51.213  5605  5605 I SpinonBootstrap: SPINON_R05_PRESENT_FENCE_LISTENER renderer=opengl_es request_id=9 input_seq=9 revision=9 generation=1 target_vsync_id=-1 state=registered timeout_ms=2000
10-08 19:06:51.213  5605  5605 I SpinonBootstrap: SPINON_R05_PRESENT_FENCE_APPLY renderer=opengl_es request_id=9 input_seq=9 revision=9 generation=1 target_vsync_id=unavailable transaction=queued_for_next_surface_frame listener_attached=true
10-08 19:06:51.213  5605  5605 I SpinonBootstrap: SPINON_R05_SUBMIT renderer=opengl_es input_seq=9 revision=9 generation=1 event_time_ns=229756000000 handler_uptime_ns=229757253192 draw_requested=true draw_completed=false present_signal=unavailable attribution=input
10-08 19:06:51.213  5605  5623 I SpinonBootstrap: SPINON_R05_DRAW renderer=opengl_es draw_seq=10 revision=9 generation=1
10-08 19:06:51.213  5605  5605 I SpinonBootstrap: SPINON_R08_TOUCH count=9
10-08 19:06:51.231  5605  5646 I SpinonBootstrap: SPINON_R05_PRESENT_FENCE renderer=opengl_es request_id=9 input_seq=9 revision=9 event_time_ns=229756000000 generation=1 current_generation=1 current_surface=true target_vsync_id=-1 outcome=callback_received fence_valid=true fence_state=signaled signal_time_ns=229774235358 latch_time_ns=229762589025 fence_signal_usable=true callback_inline_overflow=false inline_callback_total=0 callback_os_tid=5646 callback_thread_id=54 queue_depth=0 input_uptime_anchor_ns=229757060858 input_monotonic_before_ns=229757060067 input_monotonic_after_ns=229757061108 callback_uptime_anchor_ns=229774856317 callback_monotonic_before_ns=229774854775 callback_monotonic_after_ns=229774856400 signal_observed_monotonic_ns=229774867567 input_offset_min_ns=-250 input_offset_max_ns=791 callback_offset_min_ns=-83 callback_offset_max_ns=1542 clock_offset_intervals_overlap=true processing_error=none fence_close_error=none
10-08 19:06:51.390  5605  5605 I SpinonBootstrap: SPINON_R05_INPUT renderer=opengl_es input_seq=10 phase=ACTION_UP timestamp_precision=nanosecond_representation input_source=unknown event_time_ns=229932000000 input_uptime_anchor_ns=229933855358 input_monotonic_before_ns=229933854983 input_monotonic_after_ns=229933855608 generation=1
10-08 19:06:51.390  5605  5605 I SpinonBootstrap: SPINON_R05_PRESENT_FENCE_LISTENER renderer=opengl_es request_id=10 input_seq=10 revision=10 generation=1 target_vsync_id=-1 state=registered timeout_ms=2000
10-08 19:06:51.390  5605  5605 I SpinonBootstrap: SPINON_R05_PRESENT_FENCE_APPLY renderer=opengl_es request_id=10 input_seq=10 revision=10 generation=1 target_vsync_id=unavailable transaction=queued_for_next_surface_frame listener_attached=true
10-08 19:06:51.390  5605  5605 I SpinonBootstrap: SPINON_R05_SUBMIT renderer=opengl_es input_seq=10 revision=10 generation=1 event_time_ns=229932000000 handler_uptime_ns=229934110817 draw_requested=true draw_completed=false present_signal=unavailable attribution=input
10-08 19:06:51.390  5605  5623 I SpinonBootstrap: SPINON_R05_DRAW renderer=opengl_es draw_seq=11 revision=10 generation=1
10-08 19:06:51.390  5605  5605 I SpinonBootstrap: SPINON_R08_TOUCH count=10
10-08 19:06:51.413  5605  5646 I SpinonBootstrap: SPINON_R05_PRESENT_FENCE renderer=opengl_es request_id=10 input_seq=10 revision=10 event_time_ns=229932000000 generation=1 current_generation=1 current_surface=true target_vsync_id=-1 outcome=callback_received fence_valid=true fence_state=signaled signal_time_ns=229956277442 latch_time_ns=229945809692 fence_signal_usable=true callback_inline_overflow=false inline_callback_total=0 callback_os_tid=5646 callback_thread_id=54 queue_depth=0 input_uptime_anchor_ns=229933855358 input_monotonic_before_ns=229933854983 input_monotonic_after_ns=229933855608 callback_uptime_anchor_ns=229957412400 callback_monotonic_before_ns=229957411150 callback_monotonic_after_ns=229957412483 signal_observed_monotonic_ns=229957423608 input_offset_min_ns=-250 input_offset_max_ns=375 callback_offset_min_ns=-83 callback_offset_max_ns=1250 clock_offset_intervals_overlap=true processing_error=none fence_close_error=none
10-08 19:06:51.572  5605  5605 I SpinonBootstrap: SPINON_R05_INPUT renderer=opengl_es input_seq=11 phase=ACTION_UP timestamp_precision=nanosecond_representation input_source=unknown event_time_ns=230115000000 input_uptime_anchor_ns=230116504400 input_monotonic_before_ns=230116503609 input_monotonic_after_ns=230116504650 generation=1
10-08 19:06:51.572  5605  5605 I SpinonBootstrap: SPINON_R05_PRESENT_FENCE_LISTENER renderer=opengl_es request_id=11 input_seq=11 revision=11 generation=1 target_vsync_id=-1 state=registered timeout_ms=2000
10-08 19:06:51.573  5605  5605 I SpinonBootstrap: SPINON_R05_PRESENT_FENCE_APPLY renderer=opengl_es request_id=11 input_seq=11 revision=11 generation=1 target_vsync_id=unavailable transaction=queued_for_next_surface_frame listener_attached=true
10-08 19:06:51.573  5605  5605 I SpinonBootstrap: SPINON_R05_SUBMIT renderer=opengl_es input_seq=11 revision=11 generation=1 event_time_ns=230115000000 handler_uptime_ns=230116908609 draw_requested=true draw_completed=false present_signal=unavailable attribution=input
10-08 19:06:51.573  5605  5623 I SpinonBootstrap: SPINON_R05_DRAW renderer=opengl_es draw_seq=12 revision=11 generation=1
10-08 19:06:51.573  5605  5605 I SpinonBootstrap: SPINON_R08_TOUCH count=11
10-08 19:06:51.597  5605  5646 I SpinonBootstrap: SPINON_R05_PRESENT_FENCE renderer=opengl_es request_id=11 input_seq=11 revision=11 event_time_ns=230115000000 generation=1 current_generation=1 current_surface=true target_vsync_id=-1 outcome=callback_received fence_valid=true fence_state=signaled signal_time_ns=230140802775 latch_time_ns=230129463900 fence_signal_usable=true callback_inline_overflow=false inline_callback_total=0 callback_os_tid=5646 callback_thread_id=54 queue_depth=0 input_uptime_anchor_ns=230116504400 input_monotonic_before_ns=230116503609 input_monotonic_after_ns=230116504650 callback_uptime_anchor_ns=230141323859 callback_monotonic_before_ns=230141322150 callback_monotonic_after_ns=230141323984 signal_observed_monotonic_ns=230141334775 input_offset_min_ns=-250 input_offset_max_ns=791 callback_offset_min_ns=-125 callback_offset_max_ns=1709 clock_offset_intervals_overlap=true processing_error=none fence_close_error=none
