INFO         | Android emulator version 37.2.12.0 (build_id 16428233) (CL:N/A)
INFO         | Graphics backend: gfxstream
INFO         | Found systemPath /Users/yoonhb/Library/Android/sdk/system-images/android-37.1/google_apis_ps16k/arm64-v8a/
INFO         | Saving last run QEMU version for the AVD to 2
INFO         | Guest usage of host flag 'VulkanVirtualQueue' will be ignored.
INFO         | Increasing RAM size to 4096MB
INFO         | Guest GLES Driver: Auto (ext controls)
INFO         | emuglConfig_init: vulkan_mode_selected:host gles_mode_selected:host
WARNING      | API level '37' requires GLES 3.1, please consider using 'software' rendering mode or GuestAngle for better compatibility and stability. Hardware rendering for OpenGL is deprecated on macOS.
INFO         | Checking system compatibility:
INFO         |   Checking: hasSufficientDiskSpace
INFO         |      Ok: Disk space requirements to run avd: `spinon_api37_1_compat16k` are met
INFO         |   Checking: hasSufficientHwGpu
INFO         |      Ok: Hardware GPU requirements to run avd: `spinon_api37_1_compat16k` are passed
INFO         |   Checking: hasSufficientSystem
INFO         |      Ok: System requirements to run avd: `spinon_api37_1_compat16k` are met
INFO         | Storing crashdata in: /tmp/android-yoonhb/emu-crash-37.2.12.db, detection is enabled for process: 93176
INFO         | Initializing gfxstream backend
INFO         | startOpenglesRendererImpl: gpu info
INFO         | 
INFO         | Vulkan 1.4 is not supported for the guest and won't be enabled
INFO         | Setting ICD filenames for the loader = /Users/yoonhb/Library/Android/sdk/emulator/lib64/vulkan/MoltenVK_icd.json
INFO         | SharedLibrary::open for [/Users/yoonhb/Library/Android/sdk/emulator/qemu/darwin-aarch64/lib64/vulkan/libvulkan.dylib]
INFO         | Added library: /Users/yoonhb/Library/Android/sdk/emulator/qemu/darwin-aarch64/lib64/vulkan/libvulkan.dylib
INFO         | Enabling Vulkan portability.
INFO         | Selecting Vulkan device: Apple M4 Max, Version: 1.1.323
INFO         | Using Vulkan externalMemoryMode: Metal for VkEmulation
INFO         | Initializing VkEmulation features:
INFO         |     glInteropSupported: false
INFO         |     useDeferredCommands: true
INFO         |     createResourceWithRequirements: true
INFO         |     useVulkanComposition: false
INFO         |     useVulkanNativeSwapchain: false
INFO         |     enable guestRenderDoc: false
INFO         |     ASTC LDR emulation mode: Gpu
INFO         |     enable ETC2 emulation: true
INFO         |     enable Ycbcr emulation: false
INFO         |     guestVulkanOnly: false
INFO         |     useDedicatedAllocations: false
INFO         |     guestVulkanMaxApiVersion: 1.3.0
INFO         |     enableProtectedMemoryEmulation: false
INFO         | Graphics Adapter Vendor Google (Apple)
INFO         | Graphics Adapter Android Emulator OpenGL ES Translator (Apple M4 Max)
INFO         | Graphics API Version OpenGL ES 3.0 (4.1 Metal - 90.5)
INFO         | Graphics API Extensions GL_OES_EGL_sync GL_OES_EGL_image GL_OES_EGL_image_external GL_OES_depth24 GL_OES_depth32 GL_OES_element_index_uint GL_OES_texture_float GL_OES_texture_float_linear GL_OES_compressed_paletted_texture GL_OES_compressed_ETC1_RGB8_texture GL_OES_depth_texture GL_OES_texture_npot GL_OES_rgb8_rgba8 GL_EXT_color_buffer_float GL_EXT_color_buffer_half_float GL_EXT_texture_format_BGRA8888 GL_APPLE_texture_format_BGRA8888 
INFO         | Graphics Device Extensions N/A
INFO         | Disabling sparse binding feature support
INFO         | Sending adb public key [QAAAAMd+WngJHeMWOPiXWaV7/K44/+5WdRhno6LNEFgKbJLSCQDbU9OK9hm2ZJ089mavkhZ3fYzsts4Vhhsq6tF4ErXvVHriHpvNjqtINEK6WJHVLW8Dnb5PyIMczfpsfpH1xsIyjHAYi5XSSLfT7bWNiD7ehYsoN80gpE1tyYWgJ1C8POn4pYqfAQhCytJfN3gELKdQSVXNZmf/u2mLjFYTQNG97Y0fWwE+yQbHm6c/WsU/Ee6Rxn0s8cZ13sF6deb0OCRgOVdDnUzq9dP3t3ReqzqxxZasnxlEFLyBVjJs7HrEOthXws81Fh1aPZcYkYwGwiwRweC7vibj1CdJ+azXlzyLJkKci8F1hQ1U0bGwJz+6bpaN84T4mg7jdm+46nT3ZIuFelJYknIp5U3HIF++l1p8c3T08Ys2iQs/r69pmYmkaeGkUBm61f0YDonNBEEdDxfMkED9JzHy96H9qfxiSYzDXcwFztFtxmOg1ogwvfMAfdxCTgzGe0tkYF/Y4HZLAEw6W7sWQ1RT6YmmQwvTs7nbJ8FO2CPJhyGcJ2VyLrA5JbX8r2gMFb8MFcNTcKlqEPHij22CdypP4sxL/COtuTphEEnrYJh31e1YN6tNo01afTqEG3Nf4VaFrVW/LPhJjMgAgdzc6voWvHmo9gYkiLUt2BeKLjfTP3uT19ELyAM1szM1UgEAAQA= yoonhb@unknown]
INFO         | Userspace boot properties:
INFO         |   androidboot.boot_devices=a003600.virtio_mmio
INFO         |   androidboot.dalvik.vm.heapsize=576m
INFO         |   androidboot.debug.hwui.renderer=skiagl
INFO         |   androidboot.debug.sf.nobootanimation=1
INFO         |   androidboot.hardware=ranchu
INFO         |   androidboot.hardware.gltransport=pipe
INFO         |   androidboot.hardware.vulkan=ranchu
INFO         |   androidboot.logcat=*:V
INFO         |   androidboot.opengles.version=196608
INFO         |   androidboot.qemu=1
INFO         |   androidboot.qemu.adb.pubkey=QAAAAMd+WngJHeMWOPiXWaV7/K44/+5WdRhno6LNEFgKbJLSCQDbU9OK9hm2ZJ089mavkhZ3fYzsts4Vhhsq6tF4ErXvVHriHpvNjqtINEK6WJHVLW8Dnb5PyIMczfpsfpH1xsIyjHAYi5XSSLfT7bWNiD7ehYsoN80gpE1tyYWgJ1C8POn4pYqfAQhCytJfN3gELKdQSVXNZmf/u2mLjFYTQNG97Y0fWwE+yQbHm6c/WsU/Ee6Rxn0s8cZ13sF6deb0OCRgOVdDnUzq9dP3t3ReqzqxxZasnxlEFLyBVjJs7HrEOthXws81Fh1aPZcYkYwGwiwRweC7vibj1CdJ+azXlzyLJkKci8F1hQ1U0bGwJz+6bpaN84T4mg7jdm+46nT3ZIuFelJYknIp5U3HIF++l1p8c3T08Ys2iQs/r69pmYmkaeGkUBm61f0YDonNBEEdDxfMkED9JzHy96H9qfxiSYzDXcwFztFtxmOg1ogwvfMAfdxCTgzGe0tkYF/Y4HZLAEw6W7sWQ1RT6YmmQwvTs7nbJ8FO2CPJhyGcJ2VyLrA5JbX8r2gMFb8MFcNTcKlqEPHij22CdypP4sxL/COtuTphEEnrYJh31e1YN6tNo01afTqEG3Nf4VaFrVW/LPhJjMgAgdzc6voWvHmo9gYkiLUt2BeKLjfTP3uT19ELyAM1szM1UgEAAQA= yoonhb@unknown
INFO         |   androidboot.qemu.avd_name=spinon_api37_1_compat16k
INFO         |   androidboot.qemu.camera_hq_edge_processing=0
INFO         |   androidboot.qemu.camera_protocol_ver=1
INFO         |   androidboot.qemu.cpuvulkan.version=4210688
INFO         |   androidboot.qemu.gltransport.drawFlushInterval=800
INFO         |   androidboot.qemu.gltransport.name=pipe
INFO         |   androidboot.qemu.hwcodec.avcdec=2
INFO         |   androidboot.qemu.hwcodec.hevcdec=2
INFO         |   androidboot.qemu.hwcodec.vpxdec=2
INFO         |   androidboot.qemu.settings.system.screen_off_timeout=2147483647
INFO         |   androidboot.qemu.skin=1080x2400
INFO         |   androidboot.qemu.virtiowifi=1
INFO         |   androidboot.qemu.vsync=60
INFO         |   androidboot.serialno=EMULATOR37X2X12X0
INFO         |   androidboot.vbmeta.digest=15682fb1d50c735b1f652fcef596f3f0f347be35ca969522813b589fb1910fb2
INFO         |   androidboot.vbmeta.hash_alg=sha256
INFO         |   androidboot.vbmeta.size=6848
INFO         |   androidboot.veritymode=enforcing
INFO         | Activated packet streamer for uwb emulation
INFO         | Activated packet streamer for bluetooth emulation
INFO         | Monitoring duration of emulator setup.
INFO         | Successfully initialized netsim WiFi
INFO         | Setting display: 0 configuration to: 1080x2400, dpi: 420x420 
INFO         | setDisplayActiveConfig: id:0, 1080x2400
INFO         | Checking system compatibility:
INFO         |   Checking: hasSufficientDiskSpace
INFO         |      Ok: Disk space requirements to run avd: `spinon_api37_1_compat16k` are met
INFO         |   Checking: hasSufficientHwGpu
INFO         |      Ok: Hardware GPU requirements to run avd: `spinon_api37_1_compat16k` are passed
INFO         |   Checking: hasSufficientSystem
INFO         |      Ok: System requirements to run avd: `spinon_api37_1_compat16k` are met
INFO         | emulatorSetupEnvironment: Environment scene is not required
INFO         | Warning: QMetaObject::connectSlotsByName: No matching signal for on_rgbcSensorValueWidget_valueChanged() (:0, )
INFO         | Warning: QMetaObject::connectSlotsByName: No matching signal for on_posture_valueChanged(int) (:0, )
INFO         | TouchpadHolder: registering via hw_xr_led agent for instance=0xada076180
INFO         | Warning: QObject::connect: Cannot queue arguments of type 'std::vector<android::emulation::control::SnapshotInfo>'
(Make sure 'std::vector<android::emulation::control::SnapshotInfo>' is registered using qRegisterMetaType().) (:0, )
INFO         | AVD supportsNativeGLES=1, supportsGuestAngle=1
INFO         | Guest Angle is still unstable for API > 35.
INFO         | Created extended window in 54.052ms
USER_INFO    | Emulator is performing a full startup. This may take upto two minutes, or more.
INFO         | Boot completed in 11460 ms
INFO         | Increasing screen off timeout, logcat buffer size to 2M.
WARNING      | adb command '/Users/yoonhb/Library/Android/sdk/platform-tools/adb -s emulator-5580 shell settings put system screen_off_timeout 2147483647 ' failed: 'adb: device 'emulator-5580' not found'
WARNING      | adb command '/Users/yoonhb/Library/Android/sdk/platform-tools/adb -s emulator-5580 shell settings put system screen_off_timeout 2147483647 ' failed: 'adb: device 'emulator-5580' not found'
WARNING      | adb command '/Users/yoonhb/Library/Android/sdk/platform-tools/adb -s emulator-5580 shell settings put system screen_off_timeout 2147483647 ' failed: 'adb: device 'emulator-5580' not found'
WARNING      | adb command '/Users/yoonhb/Library/Android/sdk/platform-tools/adb -s emulator-5580 shell settings put system screen_off_timeout 2147483647 ' failed: 'adb: device 'emulator-5580' not found'
WARNING      | adb command '/Users/yoonhb/Library/Android/sdk/platform-tools/adb -s emulator-5580 shell settings put system screen_off_timeout 2147483647 ' failed: 'adb: device 'emulator-5580' not found'
WARNING      | adb command '/Users/yoonhb/Library/Android/sdk/platform-tools/adb -s emulator-5580 shell settings put system screen_off_timeout 2147483647 ' failed: 'adb: device 'emulator-5580' not found'
WARNING      | adb command '/Users/yoonhb/Library/Android/sdk/platform-tools/adb -s emulator-5580 shell settings put system screen_off_timeout 2147483647 ' failed: 'adb: device 'emulator-5580' not found'
WARNING      | adb command '/Users/yoonhb/Library/Android/sdk/platform-tools/adb -s emulator-5580 shell settings put system screen_off_timeout 2147483647 ' failed: 'adb: device 'emulator-5580' not found'
WARNING      | adb command '/Users/yoonhb/Library/Android/sdk/platform-tools/adb -s emulator-5580 shell settings put system screen_off_timeout 2147483647 ' failed: 'adb: device 'emulator-5580' not found'
WARNING      | adb command '/Users/yoonhb/Library/Android/sdk/platform-tools/adb -s emulator-5580 shell settings put system screen_off_timeout 2147483647 ' failed: 'adb: device 'emulator-5580' not found'
WARNING      | adb command '/Users/yoonhb/Library/Android/sdk/platform-tools/adb -s emulator-5580 shell settings put system screen_off_timeout 2147483647 ' failed: 'adb: device 'emulator-5580' not found'
WARNING      | adb command '/Users/yoonhb/Library/Android/sdk/platform-tools/adb -s emulator-5580 shell settings put system screen_off_timeout 2147483647 ' failed: 'adb: device 'emulator-5580' not found'
WARNING      | adb command '/Users/yoonhb/Library/Android/sdk/platform-tools/adb -s emulator-5580 shell settings put system screen_off_timeout 2147483647 ' failed: 'adb: device 'emulator-5580' not found'
WARNING      | adb command '/Users/yoonhb/Library/Android/sdk/platform-tools/adb -s emulator-5580 shell settings put system screen_off_timeout 2147483647 ' failed: 'adb: device 'emulator-5580' not found'
WARNING      | adb command '/Users/yoonhb/Library/Android/sdk/platform-tools/adb -s emulator-5580 shell settings put system screen_off_timeout 2147483647 ' failed: 'adb: device 'emulator-5580' not found'
WARNING      | adb command '/Users/yoonhb/Library/Android/sdk/platform-tools/adb -s emulator-5580 shell settings put system screen_off_timeout 2147483647 ' failed: 'adb: device 'emulator-5580' not found'
WARNING      | adb command '/Users/yoonhb/Library/Android/sdk/platform-tools/adb -s emulator-5580 shell settings put system screen_off_timeout 2147483647 ' failed: 'adb: device 'emulator-5580' not found'
WARNING      | adb command '/Users/yoonhb/Library/Android/sdk/platform-tools/adb -s emulator-5580 shell settings put system screen_off_timeout 2147483647 ' failed: 'adb: device 'emulator-5580' not found'
WARNING      | adb command '/Users/yoonhb/Library/Android/sdk/platform-tools/adb -s emulator-5580 shell settings put system screen_off_timeout 2147483647 ' failed: 'adb: device 'emulator-5580' not found'
WARNING      | adb command '/Users/yoonhb/Library/Android/sdk/platform-tools/adb -s emulator-5580 shell settings put system screen_off_timeout 2147483647 ' failed: 'adb: device 'emulator-5580' not found'
WARNING      | adb command '/Users/yoonhb/Library/Android/sdk/platform-tools/adb -s emulator-5580 shell settings put system screen_off_timeout 2147483647 ' failed: 'adb: device 'emulator-5580' not found'
WARNING      | adb command '/Users/yoonhb/Library/Android/sdk/platform-tools/adb -s emulator-5580 shell settings put system screen_off_timeout 2147483647 ' failed: 'adb: device 'emulator-5580' not found'
WARNING      | adb command '/Users/yoonhb/Library/Android/sdk/platform-tools/adb -s emulator-5580 shell settings put system screen_off_timeout 2147483647 ' failed: 'adb: device 'emulator-5580' not found'
WARNING      | adb command '/Users/yoonhb/Library/Android/sdk/platform-tools/adb -s emulator-5580 shell settings put system screen_off_timeout 2147483647 ' failed: 'adb: device 'emulator-5580' not found'
WARNING      | adb command '/Users/yoonhb/Library/Android/sdk/platform-tools/adb -s emulator-5580 shell settings put system screen_off_timeout 2147483647 ' failed: 'adb: device 'emulator-5580' not found'
WARNING      | adb command '/Users/yoonhb/Library/Android/sdk/platform-tools/adb -s emulator-5580 shell settings put system screen_off_timeout 2147483647 ' failed: 'adb: device 'emulator-5580' not found'
WARNING      | adb command '/Users/yoonhb/Library/Android/sdk/platform-tools/adb -s emulator-5580 shell settings put system screen_off_timeout 2147483647 ' failed: 'adb: device 'emulator-5580' not found'
WARNING      | adb command '/Users/yoonhb/Library/Android/sdk/platform-tools/adb -s emulator-5580 shell settings put system screen_off_timeout 2147483647 ' failed: 'adb: device 'emulator-5580' not found'
WARNING      | adb command '/Users/yoonhb/Library/Android/sdk/platform-tools/adb -s emulator-5580 shell settings put system screen_off_timeout 2147483647 ' failed: 'adb: device 'emulator-5580' not found'
WARNING      | adb command '/Users/yoonhb/Library/Android/sdk/platform-tools/adb -s emulator-5580 shell settings put system screen_off_timeout 2147483647 ' failed: 'adb: device 'emulator-5580' not found'
WARNING      | adb command '/Users/yoonhb/Library/Android/sdk/platform-tools/adb -s emulator-5580 shell settings put system screen_off_timeout 2147483647 ' failed: 'adb: device 'emulator-5580' not found'
WARNING      | adb command '/Users/yoonhb/Library/Android/sdk/platform-tools/adb -s emulator-5580 shell settings put system screen_off_timeout 2147483647 ' failed: 'adb: device 'emulator-5580' not found'
WARNING      | adb command '/Users/yoonhb/Library/Android/sdk/platform-tools/adb -s emulator-5580 shell settings put system screen_off_timeout 2147483647 ' failed: 'adb: device 'emulator-5580' not found'
WARNING      | adb command '/Users/yoonhb/Library/Android/sdk/platform-tools/adb -s emulator-5580 shell settings put system screen_off_timeout 2147483647 ' failed: 'adb: device 'emulator-5580' not found'
WARNING      | adb command '/Users/yoonhb/Library/Android/sdk/platform-tools/adb -s emulator-5580 shell settings put system screen_off_timeout 2147483647 ' failed: 'adb: device 'emulator-5580' not found'
WARNING      | adb command '/Users/yoonhb/Library/Android/sdk/platform-tools/adb -s emulator-5580 shell settings put system screen_off_timeout 2147483647 ' failed: 'adb: device 'emulator-5580' not found'
WARNING      | adb command '/Users/yoonhb/Library/Android/sdk/platform-tools/adb -s emulator-5580 shell settings put system screen_off_timeout 2147483647 ' failed: 'adb: device 'emulator-5580' not found'
WARNING      | adb command '/Users/yoonhb/Library/Android/sdk/platform-tools/adb -s emulator-5580 shell settings put system screen_off_timeout 2147483647 ' failed: 'adb: device 'emulator-5580' not found'
WARNING      | adb command '/Users/yoonhb/Library/Android/sdk/platform-tools/adb -s emulator-5580 shell settings put system screen_off_timeout 2147483647 ' failed: 'adb: device 'emulator-5580' not found'
WARNING      | adb command '/Users/yoonhb/Library/Android/sdk/platform-tools/adb -s emulator-5580 shell settings put system screen_off_timeout 2147483647 ' failed: 'adb: device 'emulator-5580' not found'
WARNING      | adb command '/Users/yoonhb/Library/Android/sdk/platform-tools/adb -s emulator-5580 shell settings put system screen_off_timeout 2147483647 ' failed: 'adb: device 'emulator-5580' not found'
WARNING      | adb command '/Users/yoonhb/Library/Android/sdk/platform-tools/adb -s emulator-5580 shell settings put system screen_off_timeout 2147483647 ' failed: 'adb: device 'emulator-5580' not found'
WARNING      | adb command '/Users/yoonhb/Library/Android/sdk/platform-tools/adb -s emulator-5580 shell settings put system screen_off_timeout 2147483647 ' failed: 'adb: device 'emulator-5580' not found'
WARNING      | adb command '/Users/yoonhb/Library/Android/sdk/platform-tools/adb -s emulator-5580 shell settings put system screen_off_timeout 2147483647 ' failed: 'adb: device 'emulator-5580' not found'
WARNING      | adb command '/Users/yoonhb/Library/Android/sdk/platform-tools/adb -s emulator-5580 shell settings put system screen_off_timeout 2147483647 ' failed: 'adb: device 'emulator-5580' not found'
WARNING      | adb command '/Users/yoonhb/Library/Android/sdk/platform-tools/adb -s emulator-5580 shell settings put system screen_off_timeout 2147483647 ' failed: 'adb: device 'emulator-5580' not found'
WARNING      | adb command '/Users/yoonhb/Library/Android/sdk/platform-tools/adb -s emulator-5580 shell settings put system screen_off_timeout 2147483647 ' failed: 'adb: device 'emulator-5580' not found'
WARNING      | adb command '/Users/yoonhb/Library/Android/sdk/platform-tools/adb -s emulator-5580 shell settings put system screen_off_timeout 2147483647 ' failed: 'adb: device 'emulator-5580' not found'
WARNING      | adb command '/Users/yoonhb/Library/Android/sdk/platform-tools/adb -s emulator-5580 shell settings put system screen_off_timeout 2147483647 ' failed: 'adb: device 'emulator-5580' not found'
WARNING      | adb command '/Users/yoonhb/Library/Android/sdk/platform-tools/adb -s emulator-5580 shell settings put system screen_off_timeout 2147483647 ' failed: 'adb: device 'emulator-5580' not found'
WARNING      | adb command '/Users/yoonhb/Library/Android/sdk/platform-tools/adb -s emulator-5580 shell logcat -G 2M ' failed: 'adb: device 'emulator-5580' not found'
WARNING      | adb command '/Users/yoonhb/Library/Android/sdk/platform-tools/adb -s emulator-5580 shell logcat -G 2M ' failed: 'adb: device 'emulator-5580' not found'
WARNING      | adb command '/Users/yoonhb/Library/Android/sdk/platform-tools/adb -s emulator-5580 shell logcat -G 2M ' failed: 'adb: device 'emulator-5580' not found'
WARNING      | adb command '/Users/yoonhb/Library/Android/sdk/platform-tools/adb -s emulator-5580 shell logcat -G 2M ' failed: 'adb: device 'emulator-5580' not found'
WARNING      | adb command '/Users/yoonhb/Library/Android/sdk/platform-tools/adb -s emulator-5580 shell logcat -G 2M ' failed: 'adb: device 'emulator-5580' not found'
WARNING      | adb command '/Users/yoonhb/Library/Android/sdk/platform-tools/adb -s emulator-5580 shell settings put system accelerometer_rotation 1 ' failed: 'adb: device 'emulator-5580' not found'
WARNING      | adb command '/Users/yoonhb/Library/Android/sdk/platform-tools/adb -s emulator-5580 shell settings put system accelerometer_rotation 1 ' failed: 'adb: device 'emulator-5580' not found'
WARNING      | adb command '/Users/yoonhb/Library/Android/sdk/platform-tools/adb -s emulator-5580 shell settings put system accelerometer_rotation 1 ' failed: 'adb: device 'emulator-5580' not found'
WARNING      | adb command '/Users/yoonhb/Library/Android/sdk/platform-tools/adb -s emulator-5580 shell settings put system accelerometer_rotation 1 ' failed: 'adb: device 'emulator-5580' not found'
WARNING      | adb command '/Users/yoonhb/Library/Android/sdk/platform-tools/adb -s emulator-5580 shell settings put system accelerometer_rotation 1 ' failed: 'adb: device 'emulator-5580' not found'
WARNING      | adb command '/Users/yoonhb/Library/Android/sdk/platform-tools/adb -s emulator-5580 shell cmd overlay list ' failed: 'adb: device 'emulator-5580' not found'
WARNING      | adb command '/Users/yoonhb/Library/Android/sdk/platform-tools/adb -s emulator-5580 shell cmd overlay list ' failed: 'adb: device 'emulator-5580' not found'
WARNING      | adb command '/Users/yoonhb/Library/Android/sdk/platform-tools/adb -s emulator-5580 shell cmd overlay list ' failed: 'adb: device 'emulator-5580' not found'
WARNING      | adb command '/Users/yoonhb/Library/Android/sdk/platform-tools/adb -s emulator-5580 shell cmd overlay list ' failed: 'adb: device 'emulator-5580' not found'
WARNING      | adb command '/Users/yoonhb/Library/Android/sdk/platform-tools/adb -s emulator-5580 shell cmd overlay list ' failed: 'adb: device 'emulator-5580' not found'
WARNING      | adb command '/Users/yoonhb/Library/Android/sdk/platform-tools/adb -s emulator-5580 shell am broadcast -a com.android.emulator.multidisplay.START -n com.android.emulator.multidisplay/.MultiDisplayServiceReceiver --user 0 ' failed: 'adb: device 'emulator-5580' not found'
WARNING      | adb command '/Users/yoonhb/Library/Android/sdk/platform-tools/adb -s emulator-5580 shell am broadcast -a com.android.emulator.multidisplay.START -n com.android.emulator.multidisplay/.MultiDisplayServiceReceiver --user 0 ' failed: 'adb: device 'emulator-5580' not found'
WARNING      | adb command '/Users/yoonhb/Library/Android/sdk/platform-tools/adb -s emulator-5580 shell am broadcast -a com.android.emulator.multidisplay.START -n com.android.emulator.multidisplay/.MultiDisplayServiceReceiver --user 0 ' failed: 'adb: device 'emulator-5580' not found'
WARNING      | adb command '/Users/yoonhb/Library/Android/sdk/platform-tools/adb -s emulator-5580 shell am broadcast -a com.android.emulator.multidisplay.START -n com.android.emulator.multidisplay/.MultiDisplayServiceReceiver --user 0 ' failed: 'adb: device 'emulator-5580' not found'
WARNING      | adb command '/Users/yoonhb/Library/Android/sdk/platform-tools/adb -s emulator-5580 shell am broadcast -a com.android.emulator.multidisplay.START -n com.android.emulator.multidisplay/.MultiDisplayServiceReceiver --user 0 ' failed: 'adb: device 'emulator-5580' not found'
INFO         | Wait for emulator (pid 93176) 20 seconds to shutdown gracefully before kill;you can set environment variable ANDROID_EMULATOR_WAIT_TIME_BEFORE_KILL(in seconds) to change the default value (20 seconds)

USER_INFO    | Snapshots have been disabled by the user, save request is ignored.
INFO         | Saving snapshot 'default_boot' took 0 ms
INFO         | Wait for emulator (pid 93176) 20 seconds to shutdown gracefully before kill;you can set environment variable ANDROID_EMULATOR_WAIT_TIME_BEFORE_KILL(in seconds) to change the default value (20 seconds)

WARNING      | Emulator client has not yet been configured.. Call configure me first!
INFO         | removeAll
ERROR        | Failed to restore previous context: 12297
WARNING      | Netsim Wifi dns:///localhost:59636 is gone due to Stream removed (CANCELLED)
