--------- beginning of main
10-08 19:17:30.275  3711  3711 I SpinonBootstrap: SPINON_R08_UI=ready text-input=EditText accessibility=button+EditText
10-08 19:17:30.310  3711  3711 I SpinonBootstrap: SPINON_R05_SURFACE renderer=opengl_es type=GLSurfaceView generation=1
10-08 19:17:30.310  3711  3711 I SpinonBootstrap: SPINON_R05_SIGNAL_CAPABILITY renderer=opengl_es signal=SurfaceView_JankData available=false reason=api_below_37_2 api=37 api_full=3700001
10-08 19:17:30.310  3711  3711 I SpinonBootstrap: SPINON_R05_SURFACE_SIZE renderer=opengl_es generation=1 size=1080x2400
10-08 19:17:30.315  3711  3729 I SpinonBootstrap: SPINON_R08_SURFACE=created api=OpenGL_ES_2 renderer=Android Emulator OpenGL ES Translator (Apple M4 Max) version=OpenGL ES 3.0 (4.1 Metal - 90.5)
10-08 19:17:30.317  3711  3729 I SpinonBootstrap: SPINON_R08_SHADER=ready
10-08 19:17:30.317  3711  3729 I SpinonBootstrap: SPINON_R08_SURFACE=size 1080x2400
10-08 19:17:30.317  3711  3729 I SpinonBootstrap: SPINON_R05_DRAW renderer=opengl_es draw_seq=1 revision=0 generation=1
10-08 19:17:30.317  3711  3729 I SpinonBootstrap: SPINON_R08_FRAME=first_draw_submitted
10-08 19:17:30.548  3711  3711 I SpinonBootstrap: SPINON_R05_INPUT renderer=opengl_es input_seq=1 phase=ACTION_UP timestamp_precision=nanosecond_representation input_source=unknown event_time_ns=154157000000 input_uptime_anchor_ns=154158951114 input_monotonic_before_ns=154158950406 input_monotonic_after_ns=154158951281 generation=1
10-08 19:17:30.550  3711  3711 I SpinonBootstrap: SPINON_R05_PRESENT_FENCE_LISTENER renderer=opengl_es request_id=1 input_seq=1 revision=1 generation=1 target_vsync_id=-1 state=registered timeout_ms=2000
10-08 19:17:30.550  3711  3711 I SpinonBootstrap: SPINON_R05_PRESENT_FENCE_APPLY renderer=opengl_es request_id=1 input_seq=1 revision=1 generation=1 target_vsync_id=unavailable transaction=queued_for_next_surface_frame listener_attached=true
10-08 19:17:30.551  3711  3711 I SpinonBootstrap: SPINON_R05_SUBMIT renderer=opengl_es input_seq=1 revision=1 generation=1 event_time_ns=154157000000 handler_uptime_ns=154160458073 draw_requested=true draw_completed=false present_signal=unavailable attribution=input
10-08 19:17:30.551  3711  3729 I SpinonBootstrap: SPINON_R05_DRAW renderer=opengl_es draw_seq=2 revision=1 generation=1
10-08 19:17:30.553  3711  3711 I SpinonBootstrap: SPINON_R08_TOUCH count=1
10-08 19:17:30.588  3711  3758 I SpinonBootstrap: SPINON_R05_PRESENT_FENCE renderer=opengl_es request_id=1 input_seq=1 revision=1 event_time_ns=154157000000 generation=1 current_generation=1 current_surface=true target_vsync_id=-1 outcome=callback_received fence_valid=true fence_state=signaled signal_time_ns=154197526073 latch_time_ns=154195613906 fence_signal_usable=true callback_inline_overflow=false inline_callback_total=0 callback_os_tid=3758 callback_thread_id=51 queue_depth=0 input_uptime_anchor_ns=154158951114 input_monotonic_before_ns=154158950406 input_monotonic_after_ns=154158951281 callback_uptime_anchor_ns=154198654864 callback_monotonic_before_ns=154198577614 callback_monotonic_after_ns=154198656448 signal_observed_monotonic_ns=154198676281 input_offset_min_ns=-167 input_offset_max_ns=708 callback_offset_min_ns=-1584 callback_offset_max_ns=77250 clock_offset_intervals_overlap=true processing_error=none fence_close_error=none
10-08 19:17:30.739  3711  3711 I SpinonBootstrap: SPINON_R05_INPUT renderer=opengl_es input_seq=2 phase=ACTION_UP timestamp_precision=nanosecond_representation input_source=unknown event_time_ns=154349000000 input_uptime_anchor_ns=154349943239 input_monotonic_before_ns=154349942656 input_monotonic_after_ns=154349943364 generation=1
10-08 19:17:30.739  3711  3711 I SpinonBootstrap: SPINON_R05_PRESENT_FENCE_LISTENER renderer=opengl_es request_id=2 input_seq=2 revision=2 generation=1 target_vsync_id=-1 state=registered timeout_ms=2000
10-08 19:17:30.739  3711  3711 I SpinonBootstrap: SPINON_R05_PRESENT_FENCE_APPLY renderer=opengl_es request_id=2 input_seq=2 revision=2 generation=1 target_vsync_id=unavailable transaction=queued_for_next_surface_frame listener_attached=true
10-08 19:17:30.739  3711  3711 I SpinonBootstrap: SPINON_R05_SUBMIT renderer=opengl_es input_seq=2 revision=2 generation=1 event_time_ns=154349000000 handler_uptime_ns=154350121323 draw_requested=true draw_completed=false present_signal=unavailable attribution=input
10-08 19:17:30.740  3711  3729 I SpinonBootstrap: SPINON_R05_DRAW renderer=opengl_es draw_seq=3 revision=2 generation=1
10-08 19:17:30.740  3711  3711 I SpinonBootstrap: SPINON_R08_TOUCH count=2
10-08 19:17:30.747  3711  3758 I SpinonBootstrap: SPINON_R05_PRESENT_FENCE renderer=opengl_es request_id=2 input_seq=2 revision=2 event_time_ns=154349000000 generation=1 current_generation=1 current_surface=true target_vsync_id=-1 outcome=callback_received fence_valid=true fence_state=signaled signal_time_ns=154356896198 latch_time_ns=154354753364 fence_signal_usable=true callback_inline_overflow=false inline_callback_total=0 callback_os_tid=3758 callback_thread_id=51 queue_depth=0 input_uptime_anchor_ns=154349943239 input_monotonic_before_ns=154349942656 input_monotonic_after_ns=154349943364 callback_uptime_anchor_ns=154357691448 callback_monotonic_before_ns=154357690198 callback_monotonic_after_ns=154357691531 signal_observed_monotonic_ns=154357699281 input_offset_min_ns=-125 input_offset_max_ns=583 callback_offset_min_ns=-83 callback_offset_max_ns=1250 clock_offset_intervals_overlap=true processing_error=none fence_close_error=none
10-08 19:17:30.906  3711  3711 I SpinonBootstrap: SPINON_R05_INPUT renderer=opengl_es input_seq=3 phase=ACTION_UP timestamp_precision=nanosecond_representation input_source=unknown event_time_ns=154515000000 input_uptime_anchor_ns=154516473156 input_monotonic_before_ns=154516472864 input_monotonic_after_ns=154516473406 generation=1
10-08 19:17:30.906  3711  3711 I SpinonBootstrap: SPINON_R05_PRESENT_FENCE_LISTENER renderer=opengl_es request_id=3 input_seq=3 revision=3 generation=1 target_vsync_id=-1 state=registered timeout_ms=2000
10-08 19:17:30.906  3711  3711 I SpinonBootstrap: SPINON_R05_PRESENT_FENCE_APPLY renderer=opengl_es request_id=3 input_seq=3 revision=3 generation=1 target_vsync_id=unavailable transaction=queued_for_next_surface_frame listener_attached=true
10-08 19:17:30.906  3711  3711 I SpinonBootstrap: SPINON_R05_SUBMIT renderer=opengl_es input_seq=3 revision=3 generation=1 event_time_ns=154515000000 handler_uptime_ns=154516610281 draw_requested=true draw_completed=false present_signal=unavailable attribution=input
10-08 19:17:30.906  3711  3729 I SpinonBootstrap: SPINON_R05_DRAW renderer=opengl_es draw_seq=4 revision=3 generation=1
10-08 19:17:30.907  3711  3711 I SpinonBootstrap: SPINON_R08_TOUCH count=3
10-08 19:17:30.913  3711  3758 I SpinonBootstrap: SPINON_R05_PRESENT_FENCE renderer=opengl_es request_id=3 input_seq=3 revision=3 event_time_ns=154515000000 generation=1 current_generation=1 current_surface=true target_vsync_id=-1 outcome=callback_received fence_valid=true fence_state=signaled signal_time_ns=154523127073 latch_time_ns=154521570531 fence_signal_usable=true callback_inline_overflow=false inline_callback_total=0 callback_os_tid=3758 callback_thread_id=51 queue_depth=0 input_uptime_anchor_ns=154516473156 input_monotonic_before_ns=154516472864 input_monotonic_after_ns=154516473406 callback_uptime_anchor_ns=154523867573 callback_monotonic_before_ns=154523866614 callback_monotonic_after_ns=154523867656 signal_observed_monotonic_ns=154523876198 input_offset_min_ns=-250 input_offset_max_ns=292 callback_offset_min_ns=-83 callback_offset_max_ns=959 clock_offset_intervals_overlap=true processing_error=none fence_close_error=none
10-08 19:17:31.071  3711  3711 I SpinonBootstrap: SPINON_R05_INPUT renderer=opengl_es input_seq=4 phase=ACTION_UP timestamp_precision=nanosecond_representation input_source=unknown event_time_ns=154680000000 input_uptime_anchor_ns=154681179823 input_monotonic_before_ns=154681179448 input_monotonic_after_ns=154681180031 generation=1
10-08 19:17:31.071  3711  3711 I SpinonBootstrap: SPINON_R05_PRESENT_FENCE_LISTENER renderer=opengl_es request_id=4 input_seq=4 revision=4 generation=1 target_vsync_id=-1 state=registered timeout_ms=2000
10-08 19:17:31.071  3711  3711 I SpinonBootstrap: SPINON_R05_PRESENT_FENCE_APPLY renderer=opengl_es request_id=4 input_seq=4 revision=4 generation=1 target_vsync_id=unavailable transaction=queued_for_next_surface_frame listener_attached=true
10-08 19:17:31.071  3711  3711 I SpinonBootstrap: SPINON_R05_SUBMIT renderer=opengl_es input_seq=4 revision=4 generation=1 event_time_ns=154680000000 handler_uptime_ns=154681370531 draw_requested=true draw_completed=false present_signal=unavailable attribution=input
10-08 19:17:31.071  3711  3729 I SpinonBootstrap: SPINON_R05_DRAW renderer=opengl_es draw_seq=5 revision=4 generation=1
10-08 19:17:31.072  3711  3711 I SpinonBootstrap: SPINON_R08_TOUCH count=4
10-08 19:17:31.080  3711  3758 I SpinonBootstrap: SPINON_R05_PRESENT_FENCE renderer=opengl_es request_id=4 input_seq=4 revision=4 event_time_ns=154680000000 generation=1 current_generation=1 current_surface=true target_vsync_id=-1 outcome=callback_received fence_valid=true fence_state=signaled signal_time_ns=154689849906 latch_time_ns=154687908490 fence_signal_usable=true callback_inline_overflow=false inline_callback_total=0 callback_os_tid=3758 callback_thread_id=51 queue_depth=0 input_uptime_anchor_ns=154681179823 input_monotonic_before_ns=154681179448 input_monotonic_after_ns=154681180031 callback_uptime_anchor_ns=154690320198 callback_monotonic_before_ns=154690292990 callback_monotonic_after_ns=154690320990 signal_observed_monotonic_ns=154690334448 input_offset_min_ns=-208 input_offset_max_ns=375 callback_offset_min_ns=-792 callback_offset_max_ns=27208 clock_offset_intervals_overlap=true processing_error=none fence_close_error=none
10-08 19:17:31.235  3711  3711 I SpinonBootstrap: SPINON_R05_INPUT renderer=opengl_es input_seq=5 phase=ACTION_UP timestamp_precision=nanosecond_representation input_source=unknown event_time_ns=154845000000 input_uptime_anchor_ns=154845997740 input_monotonic_before_ns=154845997448 input_monotonic_after_ns=154845997990 generation=1
10-08 19:17:31.236  3711  3711 I SpinonBootstrap: SPINON_R05_PRESENT_FENCE_LISTENER renderer=opengl_es request_id=5 input_seq=5 revision=5 generation=1 target_vsync_id=-1 state=registered timeout_ms=2000
10-08 19:17:31.236  3711  3711 I SpinonBootstrap: SPINON_R05_PRESENT_FENCE_APPLY renderer=opengl_es request_id=5 input_seq=5 revision=5 generation=1 target_vsync_id=unavailable transaction=queued_for_next_surface_frame listener_attached=true
10-08 19:17:31.236  3711  3711 I SpinonBootstrap: SPINON_R05_SUBMIT renderer=opengl_es input_seq=5 revision=5 generation=1 event_time_ns=154845000000 handler_uptime_ns=154846333573 draw_requested=true draw_completed=false present_signal=unavailable attribution=input
10-08 19:17:31.236  3711  3729 I SpinonBootstrap: SPINON_R05_DRAW renderer=opengl_es draw_seq=6 revision=5 generation=1
10-08 19:17:31.236  3711  3711 I SpinonBootstrap: SPINON_R08_TOUCH count=5
10-08 19:17:31.246  3711  3758 I SpinonBootstrap: SPINON_R05_PRESENT_FENCE renderer=opengl_es request_id=5 input_seq=5 revision=5 event_time_ns=154845000000 generation=1 current_generation=1 current_surface=true target_vsync_id=-1 outcome=callback_received fence_valid=true fence_state=signaled signal_time_ns=154856341573 latch_time_ns=154854659573 fence_signal_usable=true callback_inline_overflow=false inline_callback_total=0 callback_os_tid=3758 callback_thread_id=51 queue_depth=0 input_uptime_anchor_ns=154845997740 input_monotonic_before_ns=154845997448 input_monotonic_after_ns=154845997990 callback_uptime_anchor_ns=154856894490 callback_monotonic_before_ns=154856893906 callback_monotonic_after_ns=154856894573 signal_observed_monotonic_ns=154856903781 input_offset_min_ns=-250 input_offset_max_ns=292 callback_offset_min_ns=-83 callback_offset_max_ns=584 clock_offset_intervals_overlap=true processing_error=none fence_close_error=none
10-08 19:17:31.400  3711  3711 I SpinonBootstrap: SPINON_R05_INPUT renderer=opengl_es input_seq=6 phase=ACTION_UP timestamp_precision=nanosecond_representation input_source=unknown event_time_ns=155010000000 input_uptime_anchor_ns=155011101948 input_monotonic_before_ns=155011101531 input_monotonic_after_ns=155011102198 generation=1
10-08 19:17:31.401  3711  3711 I SpinonBootstrap: SPINON_R05_PRESENT_FENCE_LISTENER renderer=opengl_es request_id=6 input_seq=6 revision=6 generation=1 target_vsync_id=-1 state=registered timeout_ms=2000
10-08 19:17:31.401  3711  3711 I SpinonBootstrap: SPINON_R05_PRESENT_FENCE_APPLY renderer=opengl_es request_id=6 input_seq=6 revision=6 generation=1 target_vsync_id=unavailable transaction=queued_for_next_surface_frame listener_attached=true
10-08 19:17:31.401  3711  3711 I SpinonBootstrap: SPINON_R05_SUBMIT renderer=opengl_es input_seq=6 revision=6 generation=1 event_time_ns=155010000000 handler_uptime_ns=155011248948 draw_requested=true draw_completed=false present_signal=unavailable attribution=input
10-08 19:17:31.401  3711  3711 I SpinonBootstrap: SPINON_R08_TOUCH count=6
10-08 19:17:31.401  3711  3729 I SpinonBootstrap: SPINON_R05_DRAW renderer=opengl_es draw_seq=7 revision=6 generation=1
10-08 19:17:31.414  3711  3758 I SpinonBootstrap: SPINON_R05_PRESENT_FENCE renderer=opengl_es request_id=6 input_seq=6 revision=6 event_time_ns=155010000000 generation=1 current_generation=1 current_surface=true target_vsync_id=-1 outcome=callback_received fence_valid=true fence_state=signaled signal_time_ns=155024360073 latch_time_ns=155021231698 fence_signal_usable=true callback_inline_overflow=false inline_callback_total=0 callback_os_tid=3758 callback_thread_id=51 queue_depth=0 input_uptime_anchor_ns=155011101948 input_monotonic_before_ns=155011101531 input_monotonic_after_ns=155011102198 callback_uptime_anchor_ns=155024573656 callback_monotonic_before_ns=155024572573 callback_monotonic_after_ns=155024573740 signal_observed_monotonic_ns=155024581156 input_offset_min_ns=-250 input_offset_max_ns=417 callback_offset_min_ns=-84 callback_offset_max_ns=1083 clock_offset_intervals_overlap=true processing_error=none fence_close_error=none
10-08 19:17:31.565  3711  3711 I SpinonBootstrap: SPINON_R05_INPUT renderer=opengl_es input_seq=7 phase=ACTION_UP timestamp_precision=nanosecond_representation input_source=unknown event_time_ns=155174000000 input_uptime_anchor_ns=155175260031 input_monotonic_before_ns=155175259406 input_monotonic_after_ns=155175260240 generation=1
10-08 19:17:31.565  3711  3711 I SpinonBootstrap: SPINON_R05_PRESENT_FENCE_LISTENER renderer=opengl_es request_id=7 input_seq=7 revision=7 generation=1 target_vsync_id=-1 state=registered timeout_ms=2000
10-08 19:17:31.565  3711  3711 I SpinonBootstrap: SPINON_R05_PRESENT_FENCE_APPLY renderer=opengl_es request_id=7 input_seq=7 revision=7 generation=1 target_vsync_id=unavailable transaction=queued_for_next_surface_frame listener_attached=true
10-08 19:17:31.565  3711  3711 I SpinonBootstrap: SPINON_R05_SUBMIT renderer=opengl_es input_seq=7 revision=7 generation=1 event_time_ns=155174000000 handler_uptime_ns=155175446906 draw_requested=true draw_completed=false present_signal=unavailable attribution=input
10-08 19:17:31.565  3711  3729 I SpinonBootstrap: SPINON_R05_DRAW renderer=opengl_es draw_seq=8 revision=7 generation=1
10-08 19:17:31.566  3711  3711 I SpinonBootstrap: SPINON_R08_TOUCH count=7
10-08 19:17:31.579  3711  3758 I SpinonBootstrap: SPINON_R05_PRESENT_FENCE renderer=opengl_es request_id=7 input_seq=7 revision=7 event_time_ns=155174000000 generation=1 current_generation=1 current_surface=true target_vsync_id=-1 outcome=callback_received fence_valid=true fence_state=signaled signal_time_ns=155189553198 latch_time_ns=155187683823 fence_signal_usable=true callback_inline_overflow=false inline_callback_total=0 callback_os_tid=3758 callback_thread_id=51 queue_depth=0 input_uptime_anchor_ns=155175260031 input_monotonic_before_ns=155175259406 input_monotonic_after_ns=155175260240 callback_uptime_anchor_ns=155189972656 callback_monotonic_before_ns=155189971865 callback_monotonic_after_ns=155189972740 signal_observed_monotonic_ns=155189981281 input_offset_min_ns=-209 input_offset_max_ns=625 callback_offset_min_ns=-84 callback_offset_max_ns=791 clock_offset_intervals_overlap=true processing_error=none fence_close_error=none
10-08 19:17:31.725  3711  3711 I SpinonBootstrap: SPINON_R05_INPUT renderer=opengl_es input_seq=8 phase=ACTION_UP timestamp_precision=nanosecond_representation input_source=unknown event_time_ns=155335000000 input_uptime_anchor_ns=155335689198 input_monotonic_before_ns=155335688782 input_monotonic_after_ns=155335689448 generation=1
10-08 19:17:31.725  3711  3711 I SpinonBootstrap: SPINON_R05_PRESENT_FENCE_LISTENER renderer=opengl_es request_id=8 input_seq=8 revision=8 generation=1 target_vsync_id=-1 state=registered timeout_ms=2000
10-08 19:17:31.725  3711  3711 I SpinonBootstrap: SPINON_R05_PRESENT_FENCE_APPLY renderer=opengl_es request_id=8 input_seq=8 revision=8 generation=1 target_vsync_id=unavailable transaction=queued_for_next_surface_frame listener_attached=true
10-08 19:17:31.725  3711  3729 I SpinonBootstrap: SPINON_R05_DRAW renderer=opengl_es draw_seq=9 revision=8 generation=1
10-08 19:17:31.725  3711  3711 I SpinonBootstrap: SPINON_R05_SUBMIT renderer=opengl_es input_seq=8 revision=8 generation=1 event_time_ns=155335000000 handler_uptime_ns=155335975782 draw_requested=true draw_completed=false present_signal=unavailable attribution=input
10-08 19:17:31.726  3711  3711 I SpinonBootstrap: SPINON_R08_TOUCH count=8
10-08 19:17:31.729  3711  3758 I SpinonBootstrap: SPINON_R05_PRESENT_FENCE renderer=opengl_es request_id=8 input_seq=8 revision=8 event_time_ns=155335000000 generation=1 current_generation=1 current_surface=true target_vsync_id=-1 outcome=callback_received fence_valid=true fence_state=signaled signal_time_ns=155339396782 latch_time_ns=155338007782 fence_signal_usable=true callback_inline_overflow=false inline_callback_total=0 callback_os_tid=3758 callback_thread_id=51 queue_depth=0 input_uptime_anchor_ns=155335689198 input_monotonic_before_ns=155335688782 input_monotonic_after_ns=155335689448 callback_uptime_anchor_ns=155339863823 callback_monotonic_before_ns=155339863240 callback_monotonic_after_ns=155339863907 signal_observed_monotonic_ns=155339871240 input_offset_min_ns=-250 input_offset_max_ns=416 callback_offset_min_ns=-84 callback_offset_max_ns=583 clock_offset_intervals_overlap=true processing_error=none fence_close_error=none
10-08 19:17:31.892  3711  3711 I SpinonBootstrap: SPINON_R05_INPUT renderer=opengl_es input_seq=9 phase=ACTION_UP timestamp_precision=nanosecond_representation input_source=unknown event_time_ns=155501000000 input_uptime_anchor_ns=155502460615 input_monotonic_before_ns=155502459907 input_monotonic_after_ns=155502460865 generation=1
10-08 19:17:31.892  3711  3711 I SpinonBootstrap: SPINON_R05_PRESENT_FENCE_LISTENER renderer=opengl_es request_id=9 input_seq=9 revision=9 generation=1 target_vsync_id=-1 state=registered timeout_ms=2000
10-08 19:17:31.892  3711  3711 I SpinonBootstrap: SPINON_R05_PRESENT_FENCE_APPLY renderer=opengl_es request_id=9 input_seq=9 revision=9 generation=1 target_vsync_id=unavailable transaction=queued_for_next_surface_frame listener_attached=true
10-08 19:17:31.892  3711  3711 I SpinonBootstrap: SPINON_R05_SUBMIT renderer=opengl_es input_seq=9 revision=9 generation=1 event_time_ns=155501000000 handler_uptime_ns=155502592740 draw_requested=true draw_completed=false present_signal=unavailable attribution=input
10-08 19:17:31.892  3711  3729 I SpinonBootstrap: SPINON_R05_DRAW renderer=opengl_es draw_seq=10 revision=9 generation=1
10-08 19:17:31.892  3711  3711 I SpinonBootstrap: SPINON_R08_TOUCH count=9
10-08 19:17:31.898  3711  3758 I SpinonBootstrap: SPINON_R05_PRESENT_FENCE renderer=opengl_es request_id=9 input_seq=9 revision=9 event_time_ns=155501000000 generation=1 current_generation=1 current_surface=true target_vsync_id=-1 outcome=callback_received fence_valid=true fence_state=signaled signal_time_ns=155507520365 latch_time_ns=155504731198 fence_signal_usable=true callback_inline_overflow=false inline_callback_total=0 callback_os_tid=3758 callback_thread_id=51 queue_depth=0 input_uptime_anchor_ns=155502460615 input_monotonic_before_ns=155502459907 input_monotonic_after_ns=155502460865 callback_uptime_anchor_ns=155508171073 callback_monotonic_before_ns=155508170198 callback_monotonic_after_ns=155508171157 signal_observed_monotonic_ns=155508177407 input_offset_min_ns=-250 input_offset_max_ns=708 callback_offset_min_ns=-84 callback_offset_max_ns=875 clock_offset_intervals_overlap=true processing_error=none fence_close_error=none
10-08 19:17:32.058  3711  3711 I SpinonBootstrap: SPINON_R05_INPUT renderer=opengl_es input_seq=10 phase=ACTION_UP timestamp_precision=nanosecond_representation input_source=unknown event_time_ns=155667000000 input_uptime_anchor_ns=155668461657 input_monotonic_before_ns=155668461365 input_monotonic_after_ns=155668461907 generation=1
10-08 19:17:32.058  3711  3711 I SpinonBootstrap: SPINON_R05_PRESENT_FENCE_LISTENER renderer=opengl_es request_id=10 input_seq=10 revision=10 generation=1 target_vsync_id=-1 state=registered timeout_ms=2000
10-08 19:17:32.058  3711  3711 I SpinonBootstrap: SPINON_R05_PRESENT_FENCE_APPLY renderer=opengl_es request_id=10 input_seq=10 revision=10 generation=1 target_vsync_id=unavailable transaction=queued_for_next_surface_frame listener_attached=true
10-08 19:17:32.058  3711  3711 I SpinonBootstrap: SPINON_R05_SUBMIT renderer=opengl_es input_seq=10 revision=10 generation=1 event_time_ns=155667000000 handler_uptime_ns=155668566782 draw_requested=true draw_completed=false present_signal=unavailable attribution=input
10-08 19:17:32.058  3711  3729 I SpinonBootstrap: SPINON_R05_DRAW renderer=opengl_es draw_seq=11 revision=10 generation=1
10-08 19:17:32.058  3711  3711 I SpinonBootstrap: SPINON_R08_TOUCH count=10
10-08 19:17:32.063  3711  3758 I SpinonBootstrap: SPINON_R05_PRESENT_FENCE renderer=opengl_es request_id=10 input_seq=10 revision=10 event_time_ns=155667000000 generation=1 current_generation=1 current_surface=true target_vsync_id=-1 outcome=callback_received fence_valid=true fence_state=signaled signal_time_ns=155672732282 latch_time_ns=155671151990 fence_signal_usable=true callback_inline_overflow=false inline_callback_total=0 callback_os_tid=3758 callback_thread_id=51 queue_depth=0 input_uptime_anchor_ns=155668461657 input_monotonic_before_ns=155668461365 input_monotonic_after_ns=155668461907 callback_uptime_anchor_ns=155673412782 callback_monotonic_before_ns=155673412282 callback_monotonic_after_ns=155673412865 signal_observed_monotonic_ns=155673422657 input_offset_min_ns=-250 input_offset_max_ns=292 callback_offset_min_ns=-83 callback_offset_max_ns=500 clock_offset_intervals_overlap=true processing_error=none fence_close_error=none
10-08 19:17:32.221  3711  3711 I SpinonBootstrap: SPINON_R05_INPUT renderer=opengl_es input_seq=11 phase=ACTION_UP timestamp_precision=nanosecond_representation input_source=unknown event_time_ns=155830000000 input_uptime_anchor_ns=155831715698 input_monotonic_before_ns=155831715365 input_monotonic_after_ns=155831715907 generation=1
10-08 19:17:32.221  3711  3711 I SpinonBootstrap: SPINON_R05_PRESENT_FENCE_LISTENER renderer=opengl_es request_id=11 input_seq=11 revision=11 generation=1 target_vsync_id=-1 state=registered timeout_ms=2000
10-08 19:17:32.221  3711  3711 I SpinonBootstrap: SPINON_R05_PRESENT_FENCE_APPLY renderer=opengl_es request_id=11 input_seq=11 revision=11 generation=1 target_vsync_id=unavailable transaction=queued_for_next_surface_frame listener_attached=true
10-08 19:17:32.221  3711  3711 I SpinonBootstrap: SPINON_R05_SUBMIT renderer=opengl_es input_seq=11 revision=11 generation=1 event_time_ns=155830000000 handler_uptime_ns=155831872365 draw_requested=true draw_completed=false present_signal=unavailable attribution=input
10-08 19:17:32.221  3711  3729 I SpinonBootstrap: SPINON_R05_DRAW renderer=opengl_es draw_seq=12 revision=11 generation=1
10-08 19:17:32.221  3711  3711 I SpinonBootstrap: SPINON_R08_TOUCH count=11
10-08 19:17:32.231  3711  3758 I SpinonBootstrap: SPINON_R05_PRESENT_FENCE renderer=opengl_es request_id=11 input_seq=11 revision=11 event_time_ns=155830000000 generation=1 current_generation=1 current_surface=true target_vsync_id=-1 outcome=callback_received fence_valid=true fence_state=signaled signal_time_ns=155841496573 latch_time_ns=155838623948 fence_signal_usable=true callback_inline_overflow=false inline_callback_total=0 callback_os_tid=3758 callback_thread_id=51 queue_depth=0 input_uptime_anchor_ns=155831715698 input_monotonic_before_ns=155831715365 input_monotonic_after_ns=155831715907 callback_uptime_anchor_ns=155841798740 callback_monotonic_before_ns=155841798115 callback_monotonic_after_ns=155841798823 signal_observed_monotonic_ns=155841806907 input_offset_min_ns=-209 input_offset_max_ns=333 callback_offset_min_ns=-83 callback_offset_max_ns=625 clock_offset_intervals_overlap=true processing_error=none fence_close_error=none
