To honour the JVM settings for this build a single-use Daemon process will be forked. For more on this, please refer to https://docs.gradle.org/8.13/userguide/gradle_daemon.html#sec:disabling_the_daemon in the Gradle documentation.
Daemon will be stopped at the end of the build
Warning: SDK processing. This version only understands SDK XML versions up to 3 but an SDK XML file of version 4 was encountered. This can happen if you use versions of Android Studio and the command-line tools that were released at different times.
WARNING: We recommend using a newer Android Gradle plugin to use compile SDK version 37.2

This Android Gradle plugin (8.13.2) was tested up to compile SDK version 36.1.

You are strongly encouraged to update your project to use a newer
Android Gradle plugin that has been tested with compile SDK version 37.2.

If you are already using the latest version of the Android Gradle plugin,
you may need to wait until a newer version with support for compile SDK version 37.2 is available.

For more information refer to the compatibility table:
https://d.android.com/r/tools/api-level-support

To suppress this warning, add/update
    android.suppressUnsupportedCompileSdk=37.2
to this project's gradle.properties.

> Task :app:prepareSpinonBootstrap
ANDROID_NDK_HOME/ROOT가 고정 버전과 달라 무시하고 SDK의 NDK 27.1.12297006 을 사용합니다.
$ mkdir -p build/spinon/bootstrap && bun build examples/bootstrap/app.js --target=browser --outfile build/spinon/bootstrap/app.js
Bundled 1 module in 3ms

  app.js  17.59 KB  (entry point)

   Compiling proc-macro2 v1.0.107
   Compiling unicode-ident v1.0.26
   Compiling quote v1.0.47
   Compiling stable_deref_trait v1.2.1
   Compiling siphasher v1.0.4
   Compiling fastrand v2.5.0
   Compiling serde_core v1.0.229
   Compiling smallvec v1.16.2
   Compiling serde v1.0.229
   Compiling libc v0.2.189
   Compiling writeable v0.6.4
   Compiling scopeguard v1.2.0
   Compiling parking_lot_core v0.9.12
   Compiling cfg-if v1.0.5
   Compiling litemap v0.8.3
   Compiling lock_api v0.4.14
   Compiling autocfg v1.5.1
   Compiling ident_case v1.0.1
   Compiling phf_shared v0.14.0
   Compiling fnv v1.0.7
   Compiling new_debug_unreachable v1.0.6
   Compiling utf8_iter v1.0.4
   Compiling precomputed-hash v0.1.1
   Compiling icu_normalizer_data v2.3.0
   Compiling dtoa v1.0.11
   Compiling icu_properties_data v2.3.0
   Compiling crossbeam-utils v0.8.23
   Compiling phf_generator v0.14.0
   Compiling dtoa-short v0.3.5
   Compiling itoa v1.0.18
   Compiling winnow v1.0.4
   Compiling num-traits v0.2.19
   Compiling smallbitvec v2.6.1
   Compiling crossbeam-epoch v0.9.21
   Compiling thin-vec v0.2.20
   Compiling rustversion v1.0.23
   Compiling icu_locale_fallback_data v2.3.0
   Compiling toml_parser v1.1.3+spec-1.1.0
   Compiling libm v0.2.16
   Compiling toml_writer v1.1.2+spec-1.1.0
   Compiling rustc-hash v2.1.3
   Compiling rayon-core v1.13.0
   Compiling bitflags v2.13.2
   Compiling crossbeam-deque v0.8.8
   Compiling log v0.4.34
   Compiling phf_codegen v0.14.0
   Compiling syn v3.0.6
   Compiling syn v2.0.119
   Compiling string_cache_codegen v0.11.2
   Compiling stylo_atoms v0.22.0
   Compiling void v1.0.2
   Compiling percent-encoding v2.3.2
   Compiling icu_segmenter_data v2.3.0
   Compiling same-file v1.0.6
   Compiling walkdir v2.5.0
   Compiling form_urlencoded v1.2.2
   Compiling web_atoms v0.3.0
   Compiling synstructure v0.14.0
   Compiling parking_lot v0.12.5
   Compiling darling_core v0.20.11
   Compiling synstructure v0.13.2
   Compiling either v1.18.0
   Compiling stylo v0.22.0
   Compiling phf_macros v0.14.0
   Compiling derive_more-impl v2.1.1
   Compiling malloc_size_of_derive v0.1.3
   Compiling zerofrom-derive v0.1.8
   Compiling yoke-derive v0.8.4
   Compiling zerovec-derive v0.11.6
   Compiling serde_derive v1.0.229
   Compiling displaydoc v0.2.7
   Compiling zerofrom v0.1.8
   Compiling darling_macro v0.20.11
   Compiling phf v0.14.0
   Compiling darling v0.20.11
   Compiling cssparser-macros v0.7.1
   Compiling toml_datetime v1.1.1+spec-1.1.0
   Compiling serde_spanned v1.1.1
   Compiling derive_more v2.1.1
   Compiling toml v1.1.6+spec-1.1.0
   Compiling arrayvec v0.7.8
   Compiling equivalent v1.0.2
   Compiling hashbrown v0.17.1
   Compiling simdutf8 v0.1.5
   Compiling multiversion_no_op v1.0.0
   Compiling stylo_static_prefs v0.22.0
   Compiling heck v0.5.0
   Compiling indexmap v2.14.2
   Compiling strum_macros v0.28.0
   Compiling encoding_rs v0.8.42
   Compiling uluru v3.1.0
   Compiling num-integer v0.1.47
   Compiling num-derive v0.4.2
   Compiling itertools v0.14.0
   Compiling rayon v1.12.0
   Compiling num_cpus v1.17.0
   Compiling atomic_refcell v0.1.14
   Compiling core_maths v0.1.1
   Compiling byteorder v1.5.0
   Compiling strum v0.28.0
   Compiling static_assertions v1.1.0
   Compiling mime v0.3.17
   Compiling spinon-core v0.1.0 (/private/tmp/spinon-r05-physical-touch-positive-20261009/crates/spinon-core)
   Compiling spinon-runtime v0.1.0 (/private/tmp/spinon-r05-physical-touch-positive-20261009/crates/spinon-runtime)
   Compiling yoke v0.8.3
   Compiling to_shmem_derive v0.2.0
   Compiling stylo_derive v0.22.0
   Compiling string_cache v0.11.0
   Compiling servo_arc v0.5.0
   Compiling cssparser v0.38.0
   Compiling app_units v0.7.8
   Compiling euclid v0.22.14
   Compiling zerovec v0.11.8
   Compiling zerotrie v0.2.5
   Compiling to_shmem v0.6.0
   Compiling selectors v0.41.0
   Compiling tinystr v0.8.4
   Compiling potential_utf v0.1.6
   Compiling icu_collections v2.3.0
   Compiling icu_locale_core v2.3.0
   Compiling stylo_malloc_size_of v0.22.0
   Compiling stylo_dom v0.22.0
   Compiling icu_provider v2.3.1
   Compiling icu_normalizer v2.3.0
   Compiling icu_properties v2.3.0
   Compiling icu_locale_fallback v2.3.0
   Compiling icu_segmenter v2.3.0
   Compiling idna_adapter v1.2.2
   Compiling idna v1.1.0
   Compiling url v2.5.8
   Compiling stylo_traits v0.22.0
   Compiling spinon-style v0.1.0 (/private/tmp/spinon-r05-physical-touch-positive-20261009/crates/spinon-style)
   Compiling spinon-ffi v0.1.0 (/private/tmp/spinon-r05-physical-touch-positive-20261009/crates/spinon-ffi)
    Finished `release` profile [optimized] target(s) in 34.53s
   Compiling proc-macro2 v1.0.107
   Compiling unicode-ident v1.0.26
   Compiling quote v1.0.47
   Compiling cfg-if v1.0.5
   Compiling cfg_aliases v0.2.2
   Compiling foldhash v0.2.0
   Compiling thiserror v2.0.21
   Compiling autocfg v1.5.1
   Compiling libm v0.2.16
   Compiling equivalent v1.0.2
   Compiling libc v0.2.189
   Compiling log v0.4.34
   Compiling zerocopy v0.8.59
   Compiling rustc-hash v1.1.0
   Compiling bitflags v2.13.2
   Compiling once_cell v1.21.4
   Compiling libloading v0.8.9
   Compiling naga v30.0.1
   Compiling unicode-width v0.2.2
   Compiling jni-sys v0.3.1
   Compiling hashbrown v0.17.1
   Compiling pkg-config v0.3.34
   Compiling parking_lot_core v0.9.12
   Compiling bit-vec v0.9.1
   Compiling ash v0.38.0+1.3.281
   Compiling codespan-reporting v0.13.1
   Compiling spirv v0.4.0+sdk-1.4.341.0
   Compiling num-traits v0.2.19
   Compiling bit-set v0.10.0
   Compiling scopeguard v1.2.0
   Compiling allocator-api2 v0.2.21
   Compiling wayland-sys v0.31.11
   Compiling static_assertions v1.1.0
   Compiling indexmap v2.14.2
   Compiling raw-window-handle v0.6.2
   Compiling arrayvec v0.7.8
   Compiling smallvec v1.16.2
   Compiling khronos-egl v6.0.0
   Compiling hashbrown v0.16.1
   Compiling lock_api v0.4.14
   Compiling dlib v0.5.3
   Compiling wgpu-hal v30.0.1
   Compiling presser v0.3.1
   Compiling profiling v1.0.18
   Compiling glow v0.17.0
   Compiling renderdoc-sys v1.1.0
   Compiling wgpu-core v30.0.1
   Compiling litrs v1.0.0
   Compiling document-features v0.2.12
   Compiling wgpu v30.0.1
   Compiling syn v3.0.6
   Compiling syn v2.0.119
   Compiling pollster v0.4.0
   Compiling android_system_properties v0.1.6
   Compiling thiserror-impl v2.0.21
   Compiling bytemuck_derive v1.12.1
   Compiling bytemuck v1.25.2
   Compiling zerocopy-derive v0.8.59
   Compiling jni-sys-macros v0.4.1
   Compiling parking_lot v0.12.5
   Compiling jni-sys v0.4.1
   Compiling ordered-float v5.5.0
   Compiling naga-types v30.0.1
   Compiling wgpu-types v30.0.1
   Compiling ndk-sys v0.6.0+11769913
   Compiling gpu-allocator v0.28.0
   Compiling half v2.7.1
   Compiling wgpu-naga-bridge v30.0.1
   Compiling wgpu-core-deps-windows-linux-android v30.0.1
   Compiling spinon-wgpu-r08-spike v0.1.0 (/private/tmp/spinon-r05-physical-touch-positive-20261009/spikes/wgpu-backend)
    Finished `release` profile [optimized] target(s) in 17.06s
Android ARM64 V8 smoke 라이브러리 준비 완료: /private/tmp/spinon-r05-physical-touch-positive-20261009/build/spinon/android/jniLibs/arm64-v8a/libspinon_bootstrap.so

> Task :app:preBuild
> Task :app:preReleaseBuild
> Task :app:mergeReleaseJniLibFolders
> Task :app:checkReleaseDuplicateClasses
> Task :app:generateReleaseBuildConfig FROM-CACHE
> Task :app:javaPreCompileRelease FROM-CACHE
> Task :app:checkReleaseAarMetadata
> Task :app:processReleaseNavigationResources FROM-CACHE
> Task :app:compileReleaseNavigationResources FROM-CACHE
> Task :app:generateReleaseResValues FROM-CACHE
> Task :app:mapReleaseSourceSetPaths
> Task :app:generateReleaseResources FROM-CACHE
> Task :app:mergeReleaseResources FROM-CACHE
> Task :app:packageReleaseResources FROM-CACHE
> Task :app:parseReleaseLocalResources FROM-CACHE
> Task :app:createReleaseCompatibleScreenManifests
> Task :app:extractDeepLinksRelease FROM-CACHE
> Task :app:processReleaseMainManifest FROM-CACHE
> Task :app:processReleaseManifest FROM-CACHE
> Task :app:processReleaseManifestForPackage FROM-CACHE
> Task :app:processReleaseResources FROM-CACHE
> Task :app:mergeReleaseNativeLibs
> Task :app:compileReleaseJavaWithJavac FROM-CACHE
> Task :app:stripReleaseDebugSymbols
> Task :app:dexBuilderRelease
> Task :app:extractReleaseNativeSymbolTables FROM-CACHE
> Task :app:desugarReleaseFileDependencies FROM-CACHE
> Task :app:mergeReleaseStartupProfile
> Task :app:mergeExtDexRelease FROM-CACHE
> Task :app:mergeReleaseArtProfile
> Task :app:mergeReleaseGlobalSynthetics FROM-CACHE
> Task :app:mergeReleaseShaders
> Task :app:compileReleaseShaders NO-SOURCE
> Task :app:generateReleaseAssets UP-TO-DATE
> Task :app:mergeReleaseAssets
> Task :app:compressReleaseAssets FROM-CACHE
> Task :app:extractReleaseVersionControlInfo
> Task :app:extractProguardFiles
> Task :app:mergeDexRelease
> Task :app:generateReleaseLintVitalReportModel
> Task :app:compileReleaseArtProfile
> Task :app:processReleaseJavaRes NO-SOURCE
> Task :app:optimizeReleaseResources FROM-CACHE
> Task :app:collectReleaseDependencies
> Task :app:mergeReleaseJavaResource
> Task :app:sdkReleaseDependencyData
> Task :app:writeReleaseAppMetadata
> Task :app:writeReleaseSigningConfigVersions
> Task :app:mergeReleaseNativeDebugMetadata
> Task :app:lintVitalAnalyzeRelease
> Task :app:lintVitalReportRelease
> Task :app:lintVitalRelease
> Task :app:packageRelease
> Task :app:createReleaseApkListingFileRedirect
> Task :app:assembleRelease

BUILD SUCCESSFUL in 1m
50 actionable tasks: 29 executed, 21 from cache
