   Compiling objc2 v0.6.4
   Compiling bitflags v2.13.2
   Compiling objc2-encode v4.1.0
   Compiling foldhash v0.2.0
   Compiling cfg-if v1.0.5
   Compiling equivalent v1.0.2
   Compiling rustc-hash v1.1.0
   Compiling thiserror v2.0.21
   Compiling libm v0.2.16
   Compiling zerocopy v0.8.59
   Compiling libc v0.2.189
   Compiling naga v30.0.1
   Compiling num-traits v0.2.19
   Compiling bit-vec v0.9.1
   Compiling unicode-width v0.2.2
   Compiling log v0.4.34
   Compiling bytemuck v1.25.2
   Compiling parking_lot_core v0.9.12
   Compiling unicode-ident v1.0.26
   Compiling hashbrown v0.17.1
   Compiling bit-set v0.10.0
   Compiling codespan-reporting v0.13.1
   Compiling once_cell v1.21.4
   Compiling raw-window-handle v0.6.2
   Compiling static_assertions v1.1.0
   Compiling smallvec v1.16.2
   Compiling scopeguard v1.2.0
   Compiling arrayvec v0.7.8
   Compiling lock_api v0.4.14
   Compiling wgpu-hal v30.0.1
   Compiling libloading v0.8.9
   Compiling profiling v1.0.18
   Compiling wgpu-core v30.0.1
   Compiling wgpu v30.0.1
   Compiling pollster v0.4.0
   Compiling indexmap v2.14.2
   Compiling naga-types v30.0.1
   Compiling wgpu-types v30.0.1
   Compiling parking_lot v0.12.5
   Compiling half v2.7.1
   Compiling objc2-core-foundation v0.3.2
   Compiling block2 v0.6.2
   Compiling objc2-foundation v0.3.2
   Compiling objc2-core-graphics v0.3.2
   Compiling objc2-metal v0.3.2
   Compiling objc2-quartz-core v0.3.2
   Compiling raw-window-metal v1.1.0
   Compiling wgpu-naga-bridge v30.0.1
   Compiling wgpu-core-deps-apple v30.0.1
   Compiling spinon-wgpu-r08-spike v0.1.0 (/private/tmp/spinon-r05-applied-transaction/spikes/wgpu-backend)
    Finished `release` profile [optimized] target(s) in 13.35s
