[ 1504357.934514] EV_ABS       ABS_MT_TRACKING_ID   00004a52
[ 1504357.934514] EV_KEY       BTN_TOUCH            DOWN
[ 1504357.934514] EV_KEY       BTN_TOOL_FINGER      DOWN
[ 1504357.934514] EV_ABS       ABS_MT_POSITION_X    <redacted>
[ 1504357.934514] EV_ABS       ABS_MT_POSITION_Y    <redacted>
[ 1504357.934514] EV_ABS       ABS_MT_TOUCH_MAJOR   00000006
[ 1504357.934514] EV_ABS       ABS_MT_TOUCH_MINOR   00000005
[ 1504357.934514] EV_SYN       SYN_REPORT           00000000
[ 1504357.937946] EV_ABS       ABS_MT_TOUCH_MAJOR   00000007
[ 1504357.937946] EV_SYN       SYN_REPORT           00000000
[ 1504357.945116] EV_ABS       ABS_MT_TOUCH_MAJOR   00000006
[ 1504357.945116] EV_SYN       SYN_REPORT           00000000
[ 1504357.952616] EV_ABS       ABS_MT_TOUCH_MAJOR   00000007
[ 1504357.952616] EV_SYN       SYN_REPORT           00000000
[ 1504357.960117] EV_ABS       ABS_MT_TOUCH_MAJOR   00000006
[ 1504357.960117] EV_SYN       SYN_REPORT           00000000
[ 1504357.966832] EV_ABS       ABS_MT_TOUCH_MAJOR   00000007
[ 1504357.966832] EV_SYN       SYN_REPORT           00000000
[ 1504357.975169] EV_ABS       ABS_MT_TOUCH_MAJOR   00000006
[ 1504357.975169] EV_SYN       SYN_REPORT           00000000
[ 1504357.983515] EV_ABS       ABS_MT_TOUCH_MAJOR   00000007
[ 1504357.983515] EV_SYN       SYN_REPORT           00000000
[ 1504357.991844] EV_ABS       ABS_MT_TOUCH_MAJOR   00000006
[ 1504357.991844] EV_SYN       SYN_REPORT           00000000
[ 1504358.000065] EV_ABS       ABS_MT_TOUCH_MAJOR   00000007
[ 1504358.000065] EV_SYN       SYN_REPORT           00000000
[ 1504358.008481] EV_ABS       ABS_MT_TOUCH_MAJOR   00000006
[ 1504358.008481] EV_SYN       SYN_REPORT           00000000
[ 1504358.016929] EV_ABS       ABS_MT_TOUCH_MAJOR   00000007
[ 1504358.016929] EV_SYN       SYN_REPORT           00000000
[ 1504358.025259] EV_ABS       ABS_MT_TOUCH_MAJOR   00000006
[ 1504358.025259] EV_SYN       SYN_REPORT           00000000
[ 1504358.033470] EV_ABS       ABS_MT_TOUCH_MAJOR   00000007
[ 1504358.033470] EV_SYN       SYN_REPORT           00000000
[ 1504358.041820] EV_ABS       ABS_MT_TOUCH_MAJOR   00000006
[ 1504358.041820] EV_SYN       SYN_REPORT           00000000
[ 1504358.050479] EV_ABS       ABS_MT_TRACKING_ID   ffffffff
[ 1504358.050479] EV_KEY       BTN_TOUCH            UP
[ 1504358.050479] EV_KEY       BTN_TOOL_FINGER      UP
[ 1504358.050479] EV_SYN       SYN_REPORT           00000000
[ 1504359.044692] EV_ABS       ABS_MT_TRACKING_ID   00004a53
[ 1504359.044692] EV_KEY       BTN_TOUCH            DOWN
[ 1504359.044692] EV_KEY       BTN_TOOL_FINGER      DOWN
[ 1504359.044692] EV_ABS       ABS_MT_POSITION_X    <redacted>
[ 1504359.044692] EV_ABS       ABS_MT_POSITION_Y    <redacted>
[ 1504359.044692] EV_SYN       SYN_REPORT           00000000
[ 1504359.052152] EV_ABS       ABS_MT_TOUCH_MAJOR   00000007
[ 1504359.052152] EV_SYN       SYN_REPORT           00000000
[ 1504359.059177] EV_ABS       ABS_MT_TOUCH_MAJOR   00000006
[ 1504359.059177] EV_SYN       SYN_REPORT           00000000
[ 1504359.067250] EV_ABS       ABS_MT_TOUCH_MAJOR   00000005
[ 1504359.067250] EV_SYN       SYN_REPORT           00000000
[ 1504359.075658] EV_ABS       ABS_MT_TOUCH_MAJOR   00000006
[ 1504359.075658] EV_SYN       SYN_REPORT           00000000
[ 1504359.084063] EV_ABS       ABS_MT_TOUCH_MAJOR   00000005
[ 1504359.084063] EV_SYN       SYN_REPORT           00000000
[ 1504359.092468] EV_ABS       ABS_MT_TOUCH_MAJOR   00000006
[ 1504359.092468] EV_SYN       SYN_REPORT           00000000
[ 1504359.100604] EV_ABS       ABS_MT_TOUCH_MAJOR   00000005
[ 1504359.100604] EV_SYN       SYN_REPORT           00000000
[ 1504359.109287] EV_ABS       ABS_MT_TOUCH_MAJOR   00000006
[ 1504359.109287] EV_SYN       SYN_REPORT           00000000
[ 1504359.117450] EV_ABS       ABS_MT_TOUCH_MAJOR   00000005
[ 1504359.117450] EV_SYN       SYN_REPORT           00000000
[ 1504359.126137] EV_ABS       ABS_MT_TOUCH_MAJOR   00000006
[ 1504359.126137] EV_SYN       SYN_REPORT           00000000
[ 1504359.134104] EV_ABS       ABS_MT_TOUCH_MAJOR   00000005
[ 1504359.134104] EV_SYN       SYN_REPORT           00000000
[ 1504359.142388] EV_ABS       ABS_MT_TOUCH_MAJOR   00000006
[ 1504359.142388] EV_SYN       SYN_REPORT           00000000
[ 1504359.150980] EV_ABS       ABS_MT_TOUCH_MAJOR   00000005
[ 1504359.150980] EV_SYN       SYN_REPORT           00000000
[ 1504359.159230] EV_ABS       ABS_MT_TOUCH_MAJOR   00000006
[ 1504359.159230] EV_SYN       SYN_REPORT           00000000
[ 1504359.167289] EV_ABS       ABS_MT_TOUCH_MAJOR   00000005
[ 1504359.167289] EV_SYN       SYN_REPORT           00000000
[ 1504359.175801] EV_ABS       ABS_MT_POSITION_X    <redacted>
[ 1504359.175801] EV_ABS       ABS_MT_TOUCH_MAJOR   00000006
[ 1504359.175801] EV_SYN       SYN_REPORT           00000000
[ 1504359.184218] EV_ABS       ABS_MT_POSITION_X    <redacted>
[ 1504359.184218] EV_ABS       ABS_MT_TOUCH_MAJOR   00000007
[ 1504359.184218] EV_SYN       SYN_REPORT           00000000
[ 1504359.192581] EV_ABS       ABS_MT_POSITION_X    <redacted>
[ 1504359.192581] EV_ABS       ABS_MT_TOUCH_MAJOR   00000006
[ 1504359.192581] EV_SYN       SYN_REPORT           00000000
[ 1504359.200712] EV_ABS       ABS_MT_POSITION_X    <redacted>
[ 1504359.200712] EV_ABS       ABS_MT_TOUCH_MAJOR   00000007
[ 1504359.200712] EV_SYN       SYN_REPORT           00000000
[ 1504359.209219] EV_ABS       ABS_MT_POSITION_X    <redacted>
[ 1504359.209219] EV_ABS       ABS_MT_TOUCH_MAJOR   00000004
[ 1504359.209219] EV_ABS       ABS_MT_TOUCH_MINOR   00000004
[ 1504359.209219] EV_SYN       SYN_REPORT           00000000
[ 1504359.218052] EV_ABS       ABS_MT_TRACKING_ID   ffffffff
[ 1504359.218052] EV_KEY       BTN_TOUCH            UP
[ 1504359.218052] EV_KEY       BTN_TOOL_FINGER      UP
[ 1504359.218052] EV_SYN       SYN_REPORT           00000000
[ 1504359.910906] EV_ABS       ABS_MT_TRACKING_ID   00004a54
[ 1504359.910906] EV_KEY       BTN_TOUCH            DOWN
[ 1504359.910906] EV_KEY       BTN_TOOL_FINGER      DOWN
[ 1504359.910906] EV_ABS       ABS_MT_POSITION_X    <redacted>
[ 1504359.910906] EV_ABS       ABS_MT_POSITION_Y    <redacted>
[ 1504359.910906] EV_ABS       ABS_MT_TOUCH_MAJOR   00000006
[ 1504359.910906] EV_ABS       ABS_MT_TOUCH_MINOR   00000005
[ 1504359.910906] EV_SYN       SYN_REPORT           00000000
[ 1504359.915405] EV_ABS       ABS_MT_TOUCH_MAJOR   00000007
[ 1504359.915405] EV_SYN       SYN_REPORT           00000000
[ 1504359.923199] EV_ABS       ABS_MT_TOUCH_MAJOR   00000006
[ 1504359.923199] EV_SYN       SYN_REPORT           00000000
[ 1504359.931654] EV_ABS       ABS_MT_TOUCH_MAJOR   00000007
[ 1504359.931654] EV_SYN       SYN_REPORT           00000000
[ 1504359.939491] EV_ABS       ABS_MT_TOUCH_MAJOR   00000006
[ 1504359.939491] EV_SYN       SYN_REPORT           00000000
[ 1504359.945521] EV_ABS       ABS_MT_TOUCH_MAJOR   00000007
[ 1504359.945521] EV_SYN       SYN_REPORT           00000000
[ 1504359.953190] EV_ABS       ABS_MT_TOUCH_MAJOR   00000006
[ 1504359.953190] EV_SYN       SYN_REPORT           00000000
[ 1504359.960007] EV_ABS       ABS_MT_TOUCH_MAJOR   00000007
[ 1504359.960007] EV_SYN       SYN_REPORT           00000000
[ 1504359.968140] EV_ABS       ABS_MT_TOUCH_MAJOR   00000006
[ 1504359.968140] EV_SYN       SYN_REPORT           00000000
[ 1504359.976456] EV_ABS       ABS_MT_TOUCH_MAJOR   00000007
[ 1504359.976456] EV_SYN       SYN_REPORT           00000000
[ 1504359.984951] EV_ABS       ABS_MT_TOUCH_MAJOR   00000006
[ 1504359.984951] EV_SYN       SYN_REPORT           00000000
[ 1504359.994047] EV_ABS       ABS_MT_TOUCH_MAJOR   00000007
[ 1504359.994047] EV_SYN       SYN_REPORT           00000000
[ 1504360.001485] EV_ABS       ABS_MT_TOUCH_MAJOR   00000006
[ 1504360.001485] EV_SYN       SYN_REPORT           00000000
[ 1504360.009612] EV_ABS       ABS_MT_TOUCH_MAJOR   00000007
[ 1504360.009612] EV_SYN       SYN_REPORT           00000000
[ 1504360.018644] EV_ABS       ABS_MT_TOUCH_MAJOR   00000006
[ 1504360.018644] EV_SYN       SYN_REPORT           00000000
[ 1504360.026547] EV_ABS       ABS_MT_TOUCH_MAJOR   00000007
[ 1504360.026547] EV_SYN       SYN_REPORT           00000000
[ 1504360.034793] EV_ABS       ABS_MT_TOUCH_MAJOR   00000006
[ 1504360.034793] EV_SYN       SYN_REPORT           00000000
[ 1504360.043264] EV_ABS       ABS_MT_TOUCH_MAJOR   00000007
[ 1504360.043264] EV_SYN       SYN_REPORT           00000000
[ 1504360.051591] EV_ABS       ABS_MT_TOUCH_MAJOR   00000006
[ 1504360.051591] EV_SYN       SYN_REPORT           00000000
[ 1504360.060006] EV_ABS       ABS_MT_TOUCH_MAJOR   00000007
[ 1504360.060006] EV_SYN       SYN_REPORT           00000000
[ 1504360.068189] EV_ABS       ABS_MT_TOUCH_MAJOR   00000006
[ 1504360.068189] EV_SYN       SYN_REPORT           00000000
[ 1504360.076607] EV_ABS       ABS_MT_TOUCH_MAJOR   00000007
[ 1504360.076607] EV_SYN       SYN_REPORT           00000000
[ 1504360.084969] EV_ABS       ABS_MT_TOUCH_MAJOR   00000006
[ 1504360.084969] EV_SYN       SYN_REPORT           00000000
[ 1504360.093571] EV_ABS       ABS_MT_TOUCH_MAJOR   00000007
[ 1504360.093571] EV_SYN       SYN_REPORT           00000000
[ 1504360.101429] EV_ABS       ABS_MT_POSITION_Y    <redacted>
[ 1504360.101429] EV_ABS       ABS_MT_TOUCH_MAJOR   00000006
[ 1504360.101429] EV_SYN       SYN_REPORT           00000000
[ 1504360.109937] EV_ABS       ABS_MT_TOUCH_MAJOR   00000007
[ 1504360.109937] EV_SYN       SYN_REPORT           00000000
[ 1504360.120626] EV_ABS       ABS_MT_TOUCH_MAJOR   00000006
[ 1504360.120626] EV_SYN       SYN_REPORT           00000000
[ 1504360.126760] EV_ABS       ABS_MT_POSITION_Y    <redacted>
[ 1504360.126760] EV_ABS       ABS_MT_TOUCH_MAJOR   00000007
[ 1504360.126760] EV_SYN       SYN_REPORT           00000000
[ 1504360.134893] EV_ABS       ABS_MT_TOUCH_MAJOR   00000006
[ 1504360.134893] EV_SYN       SYN_REPORT           00000000
[ 1504360.143399] EV_ABS       ABS_MT_POSITION_Y    <redacted>
[ 1504360.143399] EV_ABS       ABS_MT_TOUCH_MAJOR   00000007
[ 1504360.143399] EV_SYN       SYN_REPORT           00000000
[ 1504360.151593] EV_ABS       ABS_MT_TOUCH_MAJOR   00000006
[ 1504360.151593] EV_SYN       SYN_REPORT           00000000
[ 1504360.159812] EV_ABS       ABS_MT_TOUCH_MAJOR   00000007
[ 1504360.159812] EV_SYN       SYN_REPORT           00000000
[ 1504360.168253] EV_ABS       ABS_MT_TOUCH_MAJOR   00000006
[ 1504360.168253] EV_SYN       SYN_REPORT           00000000
[ 1504360.176759] EV_ABS       ABS_MT_POSITION_Y    <redacted>
[ 1504360.176759] EV_ABS       ABS_MT_TOUCH_MAJOR   00000007
[ 1504360.176759] EV_SYN       SYN_REPORT           00000000
[ 1504360.186038] EV_ABS       ABS_MT_TOUCH_MAJOR   00000006
[ 1504360.186038] EV_SYN       SYN_REPORT           00000000
[ 1504360.193667] EV_ABS       ABS_MT_TOUCH_MAJOR   00000007
[ 1504360.193667] EV_SYN       SYN_REPORT           00000000
[ 1504360.201580] EV_ABS       ABS_MT_TOUCH_MAJOR   00000006
[ 1504360.201580] EV_SYN       SYN_REPORT           00000000
[ 1504360.210794] EV_ABS       ABS_MT_TOUCH_MAJOR   00000007
[ 1504360.210794] EV_SYN       SYN_REPORT           00000000
[ 1504360.219156] EV_ABS       ABS_MT_TOUCH_MAJOR   00000006
[ 1504360.219156] EV_SYN       SYN_REPORT           00000000
[ 1504360.226443] EV_ABS       ABS_MT_TOUCH_MAJOR   00000007
[ 1504360.226443] EV_SYN       SYN_REPORT           00000000
[ 1504360.234970] EV_ABS       ABS_MT_TOUCH_MAJOR   00000006
[ 1504360.234970] EV_SYN       SYN_REPORT           00000000
[ 1504360.243320] EV_ABS       ABS_MT_TOUCH_MAJOR   00000004
[ 1504360.243320] EV_ABS       ABS_MT_TOUCH_MINOR   00000004
[ 1504360.243320] EV_SYN       SYN_REPORT           00000000
[ 1504360.251831] EV_ABS       ABS_MT_TRACKING_ID   ffffffff
[ 1504360.251831] EV_KEY       BTN_TOUCH            UP
[ 1504360.251831] EV_KEY       BTN_TOOL_FINGER      UP
[ 1504360.251831] EV_SYN       SYN_REPORT           00000000
[ 1504360.836772] EV_ABS       ABS_MT_TRACKING_ID   00004a55
[ 1504360.836772] EV_KEY       BTN_TOUCH            DOWN
[ 1504360.836772] EV_KEY       BTN_TOOL_FINGER      DOWN
[ 1504360.836772] EV_ABS       ABS_MT_POSITION_X    <redacted>
[ 1504360.836772] EV_ABS       ABS_MT_POSITION_Y    <redacted>
[ 1504360.836772] EV_ABS       ABS_MT_TOUCH_MAJOR   00000005
[ 1504360.836772] EV_SYN       SYN_REPORT           00000000
[ 1504360.840304] EV_ABS       ABS_MT_TOUCH_MAJOR   00000006
[ 1504360.840304] EV_SYN       SYN_REPORT           00000000
[ 1504360.847225] EV_ABS       ABS_MT_TOUCH_MAJOR   00000005
[ 1504360.847225] EV_SYN       SYN_REPORT           00000000
[ 1504360.857279] EV_ABS       ABS_MT_TOUCH_MAJOR   00000006
[ 1504360.857279] EV_SYN       SYN_REPORT           00000000
[ 1504360.862371] EV_ABS       ABS_MT_TOUCH_MAJOR   00000005
[ 1504360.862371] EV_SYN       SYN_REPORT           00000000
[ 1504360.871434] EV_ABS       ABS_MT_TOUCH_MAJOR   00000006
[ 1504360.871434] EV_SYN       SYN_REPORT           00000000
[ 1504360.876881] EV_ABS       ABS_MT_TOUCH_MAJOR   00000005
[ 1504360.876881] EV_SYN       SYN_REPORT           00000000
[ 1504360.885377] EV_ABS       ABS_MT_TOUCH_MAJOR   00000006
[ 1504360.885377] EV_SYN       SYN_REPORT           00000000
[ 1504360.893712] EV_ABS       ABS_MT_TOUCH_MAJOR   00000005
[ 1504360.893712] EV_SYN       SYN_REPORT           00000000
[ 1504360.902303] EV_ABS       ABS_MT_TOUCH_MAJOR   00000006
[ 1504360.902303] EV_SYN       SYN_REPORT           00000000
[ 1504360.910320] EV_ABS       ABS_MT_TOUCH_MAJOR   00000005
[ 1504360.910320] EV_SYN       SYN_REPORT           00000000
[ 1504360.918782] EV_ABS       ABS_MT_TOUCH_MAJOR   00000006
[ 1504360.918782] EV_SYN       SYN_REPORT           00000000
[ 1504360.926735] EV_ABS       ABS_MT_TOUCH_MAJOR   00000005
[ 1504360.926735] EV_SYN       SYN_REPORT           00000000
[ 1504360.935431] EV_ABS       ABS_MT_TOUCH_MAJOR   00000006
[ 1504360.935431] EV_SYN       SYN_REPORT           00000000
[ 1504360.943595] EV_ABS       ABS_MT_TOUCH_MAJOR   00000005
[ 1504360.943595] EV_SYN       SYN_REPORT           00000000
[ 1504360.951766] EV_ABS       ABS_MT_TOUCH_MAJOR   00000006
[ 1504360.951766] EV_SYN       SYN_REPORT           00000000
[ 1504360.960244] EV_ABS       ABS_MT_TOUCH_MAJOR   00000005
[ 1504360.960244] EV_SYN       SYN_REPORT           00000000
[ 1504360.968606] EV_ABS       ABS_MT_TOUCH_MAJOR   00000006
[ 1504360.968606] EV_SYN       SYN_REPORT           00000000
[ 1504360.977471] EV_ABS       ABS_MT_TOUCH_MAJOR   00000005
[ 1504360.977471] EV_SYN       SYN_REPORT           00000000
[ 1504360.985155] EV_ABS       ABS_MT_TOUCH_MAJOR   00000006
[ 1504360.985155] EV_SYN       SYN_REPORT           00000000
[ 1504360.993460] EV_ABS       ABS_MT_TOUCH_MAJOR   00000005
[ 1504360.993460] EV_ABS       ABS_MT_TOUCH_MINOR   00000005
[ 1504360.993460] EV_SYN       SYN_REPORT           00000000
[ 1504361.001947] EV_ABS       ABS_MT_TOUCH_MAJOR   00000006
[ 1504361.001947] EV_SYN       SYN_REPORT           00000000
[ 1504361.010595] EV_ABS       ABS_MT_TOUCH_MAJOR   00000005
[ 1504361.010595] EV_SYN       SYN_REPORT           00000000
[ 1504361.018339] EV_ABS       ABS_MT_TOUCH_MAJOR   00000006
[ 1504361.018339] EV_SYN       SYN_REPORT           00000000
[ 1504361.026721] EV_ABS       ABS_MT_TOUCH_MAJOR   00000005
[ 1504361.026721] EV_SYN       SYN_REPORT           00000000
[ 1504361.035200] EV_ABS       ABS_MT_TOUCH_MAJOR   00000006
[ 1504361.035200] EV_SYN       SYN_REPORT           00000000
[ 1504361.043726] EV_ABS       ABS_MT_TOUCH_MAJOR   00000005
[ 1504361.043726] EV_SYN       SYN_REPORT           00000000
[ 1504361.051826] EV_ABS       ABS_MT_TOUCH_MAJOR   00000006
[ 1504361.051826] EV_SYN       SYN_REPORT           00000000
[ 1504361.060247] EV_ABS       ABS_MT_TOUCH_MAJOR   00000005
[ 1504361.060247] EV_SYN       SYN_REPORT           00000000
[ 1504361.069702] EV_ABS       ABS_MT_TOUCH_MAJOR   00000006
[ 1504361.069702] EV_SYN       SYN_REPORT           00000000
[ 1504361.077871] EV_ABS       ABS_MT_TOUCH_MAJOR   00000005
[ 1504361.077871] EV_SYN       SYN_REPORT           00000000
[ 1504361.085145] EV_ABS       ABS_MT_TOUCH_MAJOR   00000006
[ 1504361.085145] EV_SYN       SYN_REPORT           00000000
[ 1504361.093747] EV_ABS       ABS_MT_TOUCH_MAJOR   00000005
[ 1504361.093747] EV_SYN       SYN_REPORT           00000000
[ 1504361.103051] EV_ABS       ABS_MT_TOUCH_MAJOR   00000006
[ 1504361.103051] EV_SYN       SYN_REPORT           00000000
[ 1504361.110533] EV_ABS       ABS_MT_TOUCH_MAJOR   00000005
[ 1504361.110533] EV_SYN       SYN_REPORT           00000000
[ 1504361.118500] EV_ABS       ABS_MT_TOUCH_MAJOR   00000006
[ 1504361.118500] EV_SYN       SYN_REPORT           00000000
[ 1504361.127472] EV_ABS       ABS_MT_TOUCH_MAJOR   00000005
[ 1504361.127472] EV_SYN       SYN_REPORT           00000000
[ 1504361.135312] EV_ABS       ABS_MT_POSITION_X    <redacted>
[ 1504361.135312] EV_ABS       ABS_MT_TOUCH_MAJOR   00000006
[ 1504361.135312] EV_SYN       SYN_REPORT           00000000
[ 1504361.143645] EV_ABS       ABS_MT_TOUCH_MAJOR   00000005
[ 1504361.143645] EV_SYN       SYN_REPORT           00000000
[ 1504361.151997] EV_ABS       ABS_MT_TOUCH_MAJOR   00000006
[ 1504361.151997] EV_SYN       SYN_REPORT           00000000
[ 1504361.160434] EV_ABS       ABS_MT_POSITION_X    <redacted>
[ 1504361.160434] EV_ABS       ABS_MT_TOUCH_MAJOR   00000005
[ 1504361.160434] EV_SYN       SYN_REPORT           00000000
[ 1504361.168753] EV_ABS       ABS_MT_TOUCH_MAJOR   00000006
[ 1504361.168753] EV_SYN       SYN_REPORT           00000000
[ 1504361.177123] EV_ABS       ABS_MT_TOUCH_MAJOR   00000005
[ 1504361.177123] EV_SYN       SYN_REPORT           00000000
[ 1504361.185451] EV_ABS       ABS_MT_TOUCH_MAJOR   00000006
[ 1504361.185451] EV_SYN       SYN_REPORT           00000000
[ 1504361.194007] EV_ABS       ABS_MT_TOUCH_MAJOR   00000005
[ 1504361.194007] EV_SYN       SYN_REPORT           00000000
[ 1504361.202578] EV_ABS       ABS_MT_TOUCH_MAJOR   00000006
[ 1504361.202578] EV_SYN       SYN_REPORT           00000000
[ 1504361.210507] EV_ABS       ABS_MT_TOUCH_MAJOR   00000005
[ 1504361.210507] EV_SYN       SYN_REPORT           00000000
[ 1504361.218562] EV_ABS       ABS_MT_POSITION_X    <redacted>
[ 1504361.218562] EV_ABS       ABS_MT_POSITION_Y    <redacted>
[ 1504361.218562] EV_ABS       ABS_MT_TOUCH_MAJOR   00000006
[ 1504361.218562] EV_SYN       SYN_REPORT           00000000
[ 1504361.227560] EV_ABS       ABS_MT_TOUCH_MAJOR   00000005
[ 1504361.227560] EV_SYN       SYN_REPORT           00000000
[ 1504361.235537] EV_ABS       ABS_MT_TOUCH_MAJOR   00000006
[ 1504361.235537] EV_SYN       SYN_REPORT           00000000
[ 1504361.243824] EV_ABS       ABS_MT_POSITION_X    <redacted>
[ 1504361.243824] EV_ABS       ABS_MT_TOUCH_MAJOR   00000005
[ 1504361.243824] EV_SYN       SYN_REPORT           00000000
[ 1504361.251935] EV_ABS       ABS_MT_POSITION_X    <redacted>
[ 1504361.251935] EV_ABS       ABS_MT_POSITION_Y    <redacted>
[ 1504361.251935] EV_ABS       ABS_MT_TOUCH_MAJOR   00000006
[ 1504361.251935] EV_SYN       SYN_REPORT           00000000
[ 1504361.260712] EV_ABS       ABS_MT_POSITION_X    <redacted>
[ 1504361.260712] EV_ABS       ABS_MT_POSITION_Y    <redacted>
[ 1504361.260712] EV_ABS       ABS_MT_TOUCH_MAJOR   00000005
[ 1504361.260712] EV_SYN       SYN_REPORT           00000000
[ 1504361.269171] EV_ABS       ABS_MT_POSITION_X    <redacted>
[ 1504361.269171] EV_ABS       ABS_MT_TOUCH_MAJOR   00000006
[ 1504361.269171] EV_SYN       SYN_REPORT           00000000
[ 1504361.277722] EV_ABS       ABS_MT_POSITION_X    <redacted>
[ 1504361.277722] EV_ABS       ABS_MT_TOUCH_MAJOR   00000005
[ 1504361.277722] EV_SYN       SYN_REPORT           00000000
[ 1504361.285967] EV_ABS       ABS_MT_POSITION_X    <redacted>
[ 1504361.285967] EV_ABS       ABS_MT_POSITION_Y    <redacted>
[ 1504361.285967] EV_ABS       ABS_MT_TOUCH_MAJOR   00000006
[ 1504361.285967] EV_SYN       SYN_REPORT           00000000
[ 1504361.294224] EV_ABS       ABS_MT_POSITION_X    <redacted>
[ 1504361.294224] EV_ABS       ABS_MT_TOUCH_MAJOR   00000007
[ 1504361.294224] EV_SYN       SYN_REPORT           00000000
[ 1504361.303059] EV_ABS       ABS_MT_TOUCH_MAJOR   00000006
[ 1504361.303059] EV_SYN       SYN_REPORT           00000000
[ 1504361.310643] EV_ABS       ABS_MT_TOUCH_MAJOR   00000007
[ 1504361.310643] EV_SYN       SYN_REPORT           00000000
[ 1504361.318695] EV_ABS       ABS_MT_TOUCH_MAJOR   00000006
[ 1504361.318695] EV_SYN       SYN_REPORT           00000000
[ 1504361.327102] EV_ABS       ABS_MT_POSITION_X    <redacted>
[ 1504361.327102] EV_ABS       ABS_MT_TOUCH_MAJOR   00000007
[ 1504361.327102] EV_SYN       SYN_REPORT           00000000
[ 1504361.335581] EV_ABS       ABS_MT_TOUCH_MAJOR   00000006
[ 1504361.335581] EV_SYN       SYN_REPORT           00000000
[ 1504361.344673] EV_ABS       ABS_MT_TOUCH_MAJOR   00000007
[ 1504361.344673] EV_SYN       SYN_REPORT           00000000
[ 1504361.352157] EV_ABS       ABS_MT_TOUCH_MAJOR   00000006
[ 1504361.352157] EV_SYN       SYN_REPORT           00000000
[ 1504361.360535] EV_ABS       ABS_MT_TOUCH_MAJOR   00000007
[ 1504361.360535] EV_SYN       SYN_REPORT           00000000
[ 1504361.368891] EV_ABS       ABS_MT_TOUCH_MAJOR   00000006
[ 1504361.368891] EV_SYN       SYN_REPORT           00000000
[ 1504361.377860] EV_ABS       ABS_MT_TOUCH_MAJOR   00000007
[ 1504361.377860] EV_SYN       SYN_REPORT           00000000
[ 1504361.386232] EV_ABS       ABS_MT_TOUCH_MAJOR   00000006
[ 1504361.386232] EV_SYN       SYN_REPORT           00000000
[ 1504361.394084] EV_ABS       ABS_MT_TRACKING_ID   ffffffff
[ 1504361.394084] EV_KEY       BTN_TOUCH            UP
[ 1504361.394084] EV_KEY       BTN_TOOL_FINGER      UP
[ 1504361.394084] EV_SYN       SYN_REPORT           00000000
[ 1504361.986734] EV_ABS       ABS_MT_TRACKING_ID   00004a56
[ 1504361.986734] EV_KEY       BTN_TOUCH            DOWN
[ 1504361.986734] EV_KEY       BTN_TOOL_FINGER      DOWN
[ 1504361.986734] EV_ABS       ABS_MT_POSITION_X    <redacted>
[ 1504361.986734] EV_ABS       ABS_MT_POSITION_Y    <redacted>
[ 1504361.986734] EV_ABS       ABS_MT_TOUCH_MAJOR   00000005
[ 1504361.986734] EV_ABS       ABS_MT_TOUCH_MINOR   00000004
[ 1504361.986734] EV_SYN       SYN_REPORT           00000000
[ 1504361.990905] EV_ABS       ABS_MT_TOUCH_MAJOR   00000006
[ 1504361.990905] EV_SYN       SYN_REPORT           00000000
[ 1504361.998259] EV_ABS       ABS_MT_TOUCH_MAJOR   00000005
[ 1504361.998259] EV_SYN       SYN_REPORT           00000000
[ 1504362.006298] EV_ABS       ABS_MT_TOUCH_MAJOR   00000006
[ 1504362.006298] EV_SYN       SYN_REPORT           00000000
[ 1504362.015659] EV_ABS       ABS_MT_TOUCH_MAJOR   00000005
[ 1504362.015659] EV_SYN       SYN_REPORT           00000000
[ 1504362.020308] EV_ABS       ABS_MT_TOUCH_MAJOR   00000006
[ 1504362.020308] EV_SYN       SYN_REPORT           00000000
[ 1504362.027525] EV_ABS       ABS_MT_TOUCH_MAJOR   00000005
[ 1504362.027525] EV_SYN       SYN_REPORT           00000000
[ 1504362.035982] EV_ABS       ABS_MT_TOUCH_MAJOR   00000006
[ 1504362.035982] EV_SYN       SYN_REPORT           00000000
[ 1504362.044516] EV_ABS       ABS_MT_TOUCH_MAJOR   00000005
[ 1504362.044516] EV_SYN       SYN_REPORT           00000000
[ 1504362.052369] EV_ABS       ABS_MT_TOUCH_MAJOR   00000006
[ 1504362.052369] EV_SYN       SYN_REPORT           00000000
[ 1504362.060815] EV_ABS       ABS_MT_TOUCH_MAJOR   00000005
[ 1504362.060815] EV_SYN       SYN_REPORT           00000000
[ 1504362.069707] EV_ABS       ABS_MT_TOUCH_MAJOR   00000006
[ 1504362.069707] EV_SYN       SYN_REPORT           00000000
[ 1504362.078039] EV_ABS       ABS_MT_TOUCH_MAJOR   00000005
[ 1504362.078039] EV_SYN       SYN_REPORT           00000000
[ 1504362.086240] EV_ABS       ABS_MT_TOUCH_MAJOR   00000006
[ 1504362.086240] EV_SYN       SYN_REPORT           00000000
[ 1504362.094536] EV_ABS       ABS_MT_TOUCH_MAJOR   00000005
[ 1504362.094536] EV_SYN       SYN_REPORT           00000000
[ 1504362.102746] EV_ABS       ABS_MT_TOUCH_MINOR   00000005
[ 1504362.102746] EV_SYN       SYN_REPORT           00000000
[ 1504362.110786] EV_ABS       ABS_MT_TOUCH_MAJOR   00000006
[ 1504362.110786] EV_SYN       SYN_REPORT           00000000
[ 1504362.119108] EV_ABS       ABS_MT_TOUCH_MAJOR   00000005
[ 1504362.119108] EV_SYN       SYN_REPORT           00000000
[ 1504362.127659] EV_ABS       ABS_MT_TOUCH_MAJOR   00000006
[ 1504362.127659] EV_SYN       SYN_REPORT           00000000
[ 1504362.135941] EV_ABS       ABS_MT_TOUCH_MAJOR   00000005
[ 1504362.135941] EV_SYN       SYN_REPORT           00000000
[ 1504362.144123] EV_ABS       ABS_MT_POSITION_Y    <redacted>
[ 1504362.144123] EV_ABS       ABS_MT_TOUCH_MAJOR   00000006
[ 1504362.144123] EV_SYN       SYN_REPORT           00000000
[ 1504362.152563] EV_ABS       ABS_MT_TOUCH_MAJOR   00000005
[ 1504362.152563] EV_SYN       SYN_REPORT           00000000
[ 1504362.161411] EV_ABS       ABS_MT_POSITION_Y    <redacted>
[ 1504362.161411] EV_ABS       ABS_MT_TOUCH_MAJOR   00000006
[ 1504362.161411] EV_SYN       SYN_REPORT           00000000
[ 1504362.169912] EV_ABS       ABS_MT_TOUCH_MAJOR   00000005
[ 1504362.169912] EV_SYN       SYN_REPORT           00000000
[ 1504362.177598] EV_ABS       ABS_MT_TOUCH_MAJOR   00000006
[ 1504362.177598] EV_SYN       SYN_REPORT           00000000
[ 1504362.185907] EV_ABS       ABS_MT_POSITION_X    <redacted>
[ 1504362.185907] EV_ABS       ABS_MT_POSITION_Y    <redacted>
[ 1504362.185907] EV_ABS       ABS_MT_TOUCH_MAJOR   00000005
[ 1504362.185907] EV_SYN       SYN_REPORT           00000000
[ 1504362.194388] EV_ABS       ABS_MT_POSITION_Y    <redacted>
[ 1504362.194388] EV_ABS       ABS_MT_TOUCH_MAJOR   00000006
[ 1504362.194388] EV_SYN       SYN_REPORT           00000000
[ 1504362.202639] EV_ABS       ABS_MT_POSITION_X    <redacted>
[ 1504362.202639] EV_ABS       ABS_MT_TOUCH_MAJOR   00000005
[ 1504362.202639] EV_SYN       SYN_REPORT           00000000
[ 1504362.210858] EV_ABS       ABS_MT_POSITION_X    <redacted>
[ 1504362.210858] EV_ABS       ABS_MT_POSITION_Y    <redacted>
[ 1504362.210858] EV_ABS       ABS_MT_TOUCH_MAJOR   00000006
[ 1504362.210858] EV_SYN       SYN_REPORT           00000000
[ 1504362.219291] EV_ABS       ABS_MT_POSITION_Y    <redacted>
[ 1504362.219291] EV_ABS       ABS_MT_TOUCH_MAJOR   00000005
[ 1504362.219291] EV_SYN       SYN_REPORT           00000000
[ 1504362.227570] EV_ABS       ABS_MT_POSITION_Y    <redacted>
[ 1504362.227570] EV_ABS       ABS_MT_TOUCH_MAJOR   00000006
[ 1504362.227570] EV_SYN       SYN_REPORT           00000000
[ 1504362.235977] EV_ABS       ABS_MT_POSITION_Y    <redacted>
[ 1504362.235977] EV_ABS       ABS_MT_TOUCH_MAJOR   00000005
[ 1504362.235977] EV_SYN       SYN_REPORT           00000000
[ 1504362.244224] EV_ABS       ABS_MT_POSITION_X    <redacted>
[ 1504362.244224] EV_ABS       ABS_MT_POSITION_Y    <redacted>
[ 1504362.244224] EV_ABS       ABS_MT_TOUCH_MAJOR   00000006
[ 1504362.244224] EV_SYN       SYN_REPORT           00000000
[ 1504362.252627] EV_ABS       ABS_MT_POSITION_X    <redacted>
[ 1504362.252627] EV_ABS       ABS_MT_POSITION_Y    <redacted>
[ 1504362.252627] EV_ABS       ABS_MT_TOUCH_MAJOR   00000005
[ 1504362.252627] EV_SYN       SYN_REPORT           00000000
[ 1504362.260950] EV_ABS       ABS_MT_POSITION_X    <redacted>
[ 1504362.260950] EV_ABS       ABS_MT_POSITION_Y    <redacted>
[ 1504362.260950] EV_ABS       ABS_MT_TOUCH_MAJOR   00000006
[ 1504362.260950] EV_SYN       SYN_REPORT           00000000
[ 1504362.269514] EV_ABS       ABS_MT_TRACKING_ID   ffffffff
[ 1504362.269514] EV_KEY       BTN_TOUCH            UP
[ 1504362.269514] EV_KEY       BTN_TOOL_FINGER      UP
[ 1504362.269514] EV_SYN       SYN_REPORT           00000000
[ 1504363.790104] EV_ABS       ABS_MT_TRACKING_ID   00004a57
[ 1504363.790104] EV_KEY       BTN_TOUCH            DOWN
[ 1504363.790104] EV_KEY       BTN_TOOL_FINGER      DOWN
[ 1504363.790104] EV_ABS       ABS_MT_POSITION_X    <redacted>
[ 1504363.790104] EV_ABS       ABS_MT_POSITION_Y    <redacted>
[ 1504363.790104] EV_ABS       ABS_MT_TOUCH_MAJOR   00000004
[ 1504363.790104] EV_ABS       ABS_MT_TOUCH_MINOR   00000004
[ 1504363.790104] EV_SYN       SYN_REPORT           00000000
[ 1504363.795530] EV_ABS       ABS_MT_TOUCH_MAJOR   00000005
[ 1504363.795530] EV_SYN       SYN_REPORT           00000000
[ 1504363.804405] EV_ABS       ABS_MT_TOUCH_MAJOR   00000004
[ 1504363.804405] EV_SYN       SYN_REPORT           00000000
[ 1504363.812530] EV_ABS       ABS_MT_TOUCH_MAJOR   00000005
[ 1504363.812530] EV_SYN       SYN_REPORT           00000000
[ 1504363.820484] EV_ABS       ABS_MT_POSITION_X    <redacted>
[ 1504363.820484] EV_ABS       ABS_MT_POSITION_Y    <redacted>
[ 1504363.820484] EV_ABS       ABS_MT_TOUCH_MAJOR   00000004
[ 1504363.820484] EV_SYN       SYN_REPORT           00000000
[ 1504363.828397] EV_ABS       ABS_MT_POSITION_X    <redacted>
[ 1504363.828397] EV_ABS       ABS_MT_POSITION_Y    <redacted>
[ 1504363.828397] EV_ABS       ABS_MT_TOUCH_MAJOR   00000005
[ 1504363.828397] EV_SYN       SYN_REPORT           00000000
[ 1504363.837398] EV_ABS       ABS_MT_POSITION_X    <redacted>
[ 1504363.837398] EV_ABS       ABS_MT_POSITION_Y    <redacted>
[ 1504363.837398] EV_ABS       ABS_MT_TOUCH_MAJOR   00000004
[ 1504363.837398] EV_SYN       SYN_REPORT           00000000
[ 1504363.845166] EV_ABS       ABS_MT_POSITION_X    <redacted>
[ 1504363.845166] EV_ABS       ABS_MT_POSITION_Y    <redacted>
[ 1504363.845166] EV_ABS       ABS_MT_TOUCH_MAJOR   00000005
[ 1504363.845166] EV_SYN       SYN_REPORT           00000000
[ 1504363.853081] EV_ABS       ABS_MT_POSITION_X    <redacted>
[ 1504363.853081] EV_ABS       ABS_MT_POSITION_Y    <redacted>
[ 1504363.853081] EV_ABS       ABS_MT_TOUCH_MAJOR   00000004
[ 1504363.853081] EV_SYN       SYN_REPORT           00000000
[ 1504363.861371] EV_ABS       ABS_MT_POSITION_X    <redacted>
[ 1504363.861371] EV_ABS       ABS_MT_POSITION_Y    <redacted>
[ 1504363.861371] EV_ABS       ABS_MT_TOUCH_MAJOR   00000005
[ 1504363.861371] EV_SYN       SYN_REPORT           00000000
[ 1504363.869951] EV_ABS       ABS_MT_POSITION_X    <redacted>
[ 1504363.869951] EV_ABS       ABS_MT_POSITION_Y    <redacted>
[ 1504363.869951] EV_ABS       ABS_MT_TOUCH_MAJOR   00000004
[ 1504363.869951] EV_SYN       SYN_REPORT           00000000
[ 1504363.878335] EV_ABS       ABS_MT_POSITION_X    <redacted>
[ 1504363.878335] EV_ABS       ABS_MT_POSITION_Y    <redacted>
[ 1504363.878335] EV_ABS       ABS_MT_TOUCH_MAJOR   00000005
[ 1504363.878335] EV_SYN       SYN_REPORT           00000000
[ 1504363.886379] EV_ABS       ABS_MT_POSITION_X    <redacted>
[ 1504363.886379] EV_ABS       ABS_MT_POSITION_Y    <redacted>
[ 1504363.886379] EV_ABS       ABS_MT_TOUCH_MAJOR   00000004
[ 1504363.886379] EV_SYN       SYN_REPORT           00000000
[ 1504363.894673] EV_ABS       ABS_MT_POSITION_X    <redacted>
[ 1504363.894673] EV_ABS       ABS_MT_POSITION_Y    <redacted>
[ 1504363.894673] EV_ABS       ABS_MT_TOUCH_MAJOR   00000005
[ 1504363.894673] EV_SYN       SYN_REPORT           00000000
[ 1504363.903155] EV_ABS       ABS_MT_POSITION_X    <redacted>
[ 1504363.903155] EV_ABS       ABS_MT_POSITION_Y    <redacted>
[ 1504363.903155] EV_ABS       ABS_MT_TOUCH_MAJOR   00000004
[ 1504363.903155] EV_SYN       SYN_REPORT           00000000
[ 1504363.911584] EV_ABS       ABS_MT_POSITION_X    <redacted>
[ 1504363.911584] EV_ABS       ABS_MT_POSITION_Y    <redacted>
[ 1504363.911584] EV_ABS       ABS_MT_TOUCH_MAJOR   00000005
[ 1504363.911584] EV_SYN       SYN_REPORT           00000000
[ 1504363.919678] EV_ABS       ABS_MT_POSITION_X    <redacted>
[ 1504363.919678] EV_ABS       ABS_MT_POSITION_Y    <redacted>
[ 1504363.919678] EV_ABS       ABS_MT_TOUCH_MAJOR   00000006
[ 1504363.919678] EV_SYN       SYN_REPORT           00000000
[ 1504363.928146] EV_ABS       ABS_MT_POSITION_X    <redacted>
[ 1504363.928146] EV_ABS       ABS_MT_POSITION_Y    <redacted>
[ 1504363.928146] EV_ABS       ABS_MT_TOUCH_MAJOR   00000005
[ 1504363.928146] EV_SYN       SYN_REPORT           00000000
[ 1504363.936483] EV_ABS       ABS_MT_POSITION_Y    <redacted>
[ 1504363.936483] EV_ABS       ABS_MT_TOUCH_MAJOR   00000006
[ 1504363.936483] EV_SYN       SYN_REPORT           00000000
[ 1504363.944888] EV_ABS       ABS_MT_POSITION_X    <redacted>
[ 1504363.944888] EV_ABS       ABS_MT_POSITION_Y    <redacted>
[ 1504363.944888] EV_ABS       ABS_MT_TOUCH_MAJOR   00000005
[ 1504363.944888] EV_SYN       SYN_REPORT           00000000
[ 1504363.952964] EV_ABS       ABS_MT_POSITION_X    <redacted>
[ 1504363.952964] EV_ABS       ABS_MT_POSITION_Y    <redacted>
[ 1504363.952964] EV_ABS       ABS_MT_TOUCH_MAJOR   00000006
[ 1504363.952964] EV_SYN       SYN_REPORT           00000000
[ 1504363.961369] EV_ABS       ABS_MT_POSITION_X    <redacted>
[ 1504363.961369] EV_ABS       ABS_MT_POSITION_Y    <redacted>
[ 1504363.961369] EV_ABS       ABS_MT_TOUCH_MAJOR   00000005
[ 1504363.961369] EV_SYN       SYN_REPORT           00000000
[ 1504363.969779] EV_ABS       ABS_MT_POSITION_X    <redacted>
[ 1504363.969779] EV_ABS       ABS_MT_POSITION_Y    <redacted>
[ 1504363.969779] EV_ABS       ABS_MT_TOUCH_MAJOR   00000006
[ 1504363.969779] EV_SYN       SYN_REPORT           00000000
[ 1504363.978161] EV_ABS       ABS_MT_POSITION_X    <redacted>
[ 1504363.978161] EV_ABS       ABS_MT_POSITION_Y    <redacted>
[ 1504363.978161] EV_ABS       ABS_MT_TOUCH_MAJOR   00000005
[ 1504363.978161] EV_SYN       SYN_REPORT           00000000
[ 1504363.986340] EV_ABS       ABS_MT_POSITION_X    <redacted>
[ 1504363.986340] EV_ABS       ABS_MT_POSITION_Y    <redacted>
[ 1504363.986340] EV_ABS       ABS_MT_TOUCH_MAJOR   00000006
[ 1504363.986340] EV_SYN       SYN_REPORT           00000000
[ 1504363.994741] EV_ABS       ABS_MT_POSITION_X    <redacted>
[ 1504363.994741] EV_ABS       ABS_MT_POSITION_Y    <redacted>
[ 1504363.994741] EV_ABS       ABS_MT_TOUCH_MAJOR   00000005
[ 1504363.994741] EV_SYN       SYN_REPORT           00000000
[ 1504364.003189] EV_ABS       ABS_MT_POSITION_X    <redacted>
[ 1504364.003189] EV_ABS       ABS_MT_POSITION_Y    <redacted>
[ 1504364.003189] EV_ABS       ABS_MT_TOUCH_MAJOR   00000006
[ 1504364.003189] EV_SYN       SYN_REPORT           00000000
[ 1504364.011635] EV_ABS       ABS_MT_POSITION_X    <redacted>
[ 1504364.011635] EV_ABS       ABS_MT_POSITION_Y    <redacted>
[ 1504364.011635] EV_ABS       ABS_MT_TOUCH_MAJOR   00000005
[ 1504364.011635] EV_SYN       SYN_REPORT           00000000
[ 1504364.019696] EV_ABS       ABS_MT_POSITION_X    <redacted>
[ 1504364.019696] EV_ABS       ABS_MT_POSITION_Y    <redacted>
[ 1504364.019696] EV_ABS       ABS_MT_TOUCH_MAJOR   00000006
[ 1504364.019696] EV_SYN       SYN_REPORT           00000000
[ 1504364.028113] EV_ABS       ABS_MT_POSITION_X    <redacted>
[ 1504364.028113] EV_ABS       ABS_MT_POSITION_Y    <redacted>
[ 1504364.028113] EV_ABS       ABS_MT_TOUCH_MAJOR   00000005
[ 1504364.028113] EV_SYN       SYN_REPORT           00000000
[ 1504364.036464] EV_ABS       ABS_MT_POSITION_X    <redacted>
[ 1504364.036464] EV_ABS       ABS_MT_POSITION_Y    <redacted>
[ 1504364.036464] EV_ABS       ABS_MT_TOUCH_MAJOR   00000006
[ 1504364.036464] EV_SYN       SYN_REPORT           00000000
[ 1504364.050169] EV_ABS       ABS_MT_POSITION_X    <redacted>
[ 1504364.050169] EV_ABS       ABS_MT_POSITION_Y    <redacted>
[ 1504364.050169] EV_ABS       ABS_MT_TOUCH_MAJOR   00000005
[ 1504364.050169] EV_SYN       SYN_REPORT           00000000
[ 1504364.053013] EV_ABS       ABS_MT_POSITION_X    <redacted>
[ 1504364.053013] EV_ABS       ABS_MT_POSITION_Y    <redacted>
[ 1504364.053013] EV_ABS       ABS_MT_TOUCH_MAJOR   00000006
[ 1504364.053013] EV_SYN       SYN_REPORT           00000000
[ 1504364.061533] EV_ABS       ABS_MT_POSITION_X    <redacted>
[ 1504364.061533] EV_ABS       ABS_MT_POSITION_Y    <redacted>
[ 1504364.061533] EV_ABS       ABS_MT_TOUCH_MAJOR   00000005
[ 1504364.061533] EV_SYN       SYN_REPORT           00000000
[ 1504364.069899] EV_ABS       ABS_MT_POSITION_X    <redacted>
[ 1504364.069899] EV_ABS       ABS_MT_POSITION_Y    <redacted>
[ 1504364.069899] EV_ABS       ABS_MT_TOUCH_MAJOR   00000006
[ 1504364.069899] EV_SYN       SYN_REPORT           00000000
[ 1504364.078348] EV_ABS       ABS_MT_POSITION_X    <redacted>
[ 1504364.078348] EV_ABS       ABS_MT_POSITION_Y    <redacted>
[ 1504364.078348] EV_ABS       ABS_MT_TOUCH_MAJOR   00000005
[ 1504364.078348] EV_SYN       SYN_REPORT           00000000
[ 1504364.086398] EV_ABS       ABS_MT_POSITION_X    <redacted>
[ 1504364.086398] EV_ABS       ABS_MT_POSITION_Y    <redacted>
[ 1504364.086398] EV_ABS       ABS_MT_TOUCH_MAJOR   00000006
[ 1504364.086398] EV_SYN       SYN_REPORT           00000000
[ 1504364.094873] EV_ABS       ABS_MT_POSITION_X    <redacted>
[ 1504364.094873] EV_ABS       ABS_MT_POSITION_Y    <redacted>
[ 1504364.094873] EV_ABS       ABS_MT_TOUCH_MAJOR   00000005
[ 1504364.094873] EV_SYN       SYN_REPORT           00000000
[ 1504364.103345] EV_ABS       ABS_MT_POSITION_X    <redacted>
[ 1504364.103345] EV_ABS       ABS_MT_POSITION_Y    <redacted>
[ 1504364.103345] EV_ABS       ABS_MT_TOUCH_MAJOR   00000006
[ 1504364.103345] EV_SYN       SYN_REPORT           00000000
[ 1504364.111604] EV_ABS       ABS_MT_POSITION_X    <redacted>
[ 1504364.111604] EV_ABS       ABS_MT_POSITION_Y    <redacted>
[ 1504364.111604] EV_ABS       ABS_MT_TOUCH_MAJOR   00000005
[ 1504364.111604] EV_SYN       SYN_REPORT           00000000
[ 1504364.120118] EV_ABS       ABS_MT_POSITION_X    <redacted>
[ 1504364.120118] EV_ABS       ABS_MT_POSITION_Y    <redacted>
[ 1504364.120118] EV_ABS       ABS_MT_TOUCH_MAJOR   00000006
[ 1504364.120118] EV_SYN       SYN_REPORT           00000000
[ 1504364.128309] EV_ABS       ABS_MT_POSITION_X    <redacted>
[ 1504364.128309] EV_ABS       ABS_MT_POSITION_Y    <redacted>
[ 1504364.128309] EV_ABS       ABS_MT_TOUCH_MAJOR   00000005
[ 1504364.128309] EV_SYN       SYN_REPORT           00000000
[ 1504364.136573] EV_ABS       ABS_MT_POSITION_X    <redacted>
[ 1504364.136573] EV_ABS       ABS_MT_POSITION_Y    <redacted>
[ 1504364.136573] EV_ABS       ABS_MT_TOUCH_MAJOR   00000006
[ 1504364.136573] EV_SYN       SYN_REPORT           00000000
[ 1504364.145191] EV_ABS       ABS_MT_POSITION_X    <redacted>
[ 1504364.145191] EV_ABS       ABS_MT_POSITION_Y    <redacted>
[ 1504364.145191] EV_ABS       ABS_MT_TOUCH_MAJOR   00000005
[ 1504364.145191] EV_SYN       SYN_REPORT           00000000
[ 1504364.153567] EV_ABS       ABS_MT_POSITION_X    <redacted>
[ 1504364.153567] EV_ABS       ABS_MT_POSITION_Y    <redacted>
[ 1504364.153567] EV_ABS       ABS_MT_TOUCH_MINOR   00000005
[ 1504364.153567] EV_SYN       SYN_REPORT           00000000
[ 1504364.161846] EV_ABS       ABS_MT_POSITION_X    <redacted>
[ 1504364.161846] EV_ABS       ABS_MT_POSITION_Y    <redacted>
[ 1504364.161846] EV_ABS       ABS_MT_TOUCH_MAJOR   00000006
[ 1504364.161846] EV_SYN       SYN_REPORT           00000000
[ 1504364.170063] EV_ABS       ABS_MT_POSITION_X    <redacted>
[ 1504364.170063] EV_ABS       ABS_MT_POSITION_Y    <redacted>
[ 1504364.170063] EV_ABS       ABS_MT_TOUCH_MAJOR   00000005
[ 1504364.170063] EV_SYN       SYN_REPORT           00000000
[ 1504364.178392] EV_ABS       ABS_MT_POSITION_X    <redacted>
[ 1504364.178392] EV_ABS       ABS_MT_POSITION_Y    <redacted>
[ 1504364.178392] EV_ABS       ABS_MT_TOUCH_MAJOR   00000006
[ 1504364.178392] EV_SYN       SYN_REPORT           00000000
[ 1504364.186578] EV_ABS       ABS_MT_POSITION_X    <redacted>
[ 1504364.186578] EV_ABS       ABS_MT_POSITION_Y    <redacted>
[ 1504364.186578] EV_ABS       ABS_MT_TOUCH_MAJOR   00000005
[ 1504364.186578] EV_SYN       SYN_REPORT           00000000
[ 1504364.195022] EV_ABS       ABS_MT_POSITION_X    <redacted>
[ 1504364.195022] EV_ABS       ABS_MT_POSITION_Y    <redacted>
[ 1504364.195022] EV_ABS       ABS_MT_TOUCH_MAJOR   00000006
[ 1504364.195022] EV_SYN       SYN_REPORT           00000000
[ 1504364.203400] EV_ABS       ABS_MT_POSITION_X    <redacted>
[ 1504364.203400] EV_ABS       ABS_MT_POSITION_Y    <redacted>
[ 1504364.203400] EV_ABS       ABS_MT_TOUCH_MAJOR   00000005
[ 1504364.203400] EV_SYN       SYN_REPORT           00000000
[ 1504364.211790] EV_ABS       ABS_MT_POSITION_X    <redacted>
[ 1504364.211790] EV_ABS       ABS_MT_POSITION_Y    <redacted>
[ 1504364.211790] EV_ABS       ABS_MT_TOUCH_MAJOR   00000006
[ 1504364.211790] EV_SYN       SYN_REPORT           00000000
[ 1504364.219861] EV_ABS       ABS_MT_POSITION_X    <redacted>
[ 1504364.219861] EV_ABS       ABS_MT_POSITION_Y    <redacted>
[ 1504364.219861] EV_ABS       ABS_MT_TOUCH_MAJOR   00000005
[ 1504364.219861] EV_SYN       SYN_REPORT           00000000
[ 1504364.228385] EV_ABS       ABS_MT_POSITION_X    <redacted>
[ 1504364.228385] EV_ABS       ABS_MT_POSITION_Y    <redacted>
[ 1504364.228385] EV_ABS       ABS_MT_TOUCH_MAJOR   00000006
[ 1504364.228385] EV_SYN       SYN_REPORT           00000000
[ 1504364.236638] EV_ABS       ABS_MT_POSITION_X    <redacted>
[ 1504364.236638] EV_ABS       ABS_MT_POSITION_Y    <redacted>
[ 1504364.236638] EV_ABS       ABS_MT_TOUCH_MAJOR   00000005
[ 1504364.236638] EV_SYN       SYN_REPORT           00000000
[ 1504364.245349] EV_ABS       ABS_MT_POSITION_X    <redacted>
[ 1504364.245349] EV_ABS       ABS_MT_POSITION_Y    <redacted>
[ 1504364.245349] EV_ABS       ABS_MT_TOUCH_MAJOR   00000006
[ 1504364.245349] EV_SYN       SYN_REPORT           00000000
[ 1504364.253511] EV_ABS       ABS_MT_POSITION_Y    <redacted>
[ 1504364.253511] EV_ABS       ABS_MT_TOUCH_MAJOR   00000005
[ 1504364.253511] EV_SYN       SYN_REPORT           00000000
[ 1504364.261462] EV_ABS       ABS_MT_POSITION_X    <redacted>
[ 1504364.261462] EV_ABS       ABS_MT_POSITION_Y    <redacted>
[ 1504364.261462] EV_ABS       ABS_MT_TOUCH_MAJOR   00000006
[ 1504364.261462] EV_SYN       SYN_REPORT           00000000
[ 1504364.269920] EV_ABS       ABS_MT_POSITION_X    <redacted>
[ 1504364.269920] EV_ABS       ABS_MT_POSITION_Y    <redacted>
[ 1504364.269920] EV_ABS       ABS_MT_TOUCH_MAJOR   00000005
[ 1504364.269920] EV_SYN       SYN_REPORT           00000000
[ 1504364.278350] EV_ABS       ABS_MT_POSITION_Y    <redacted>
[ 1504364.278350] EV_ABS       ABS_MT_TOUCH_MAJOR   00000006
[ 1504364.278350] EV_SYN       SYN_REPORT           00000000
[ 1504364.286567] EV_ABS       ABS_MT_POSITION_Y    <redacted>
[ 1504364.286567] EV_ABS       ABS_MT_TOUCH_MAJOR   00000005
[ 1504364.286567] EV_SYN       SYN_REPORT           00000000
[ 1504364.294937] EV_ABS       ABS_MT_POSITION_X    <redacted>
[ 1504364.294937] EV_ABS       ABS_MT_POSITION_Y    <redacted>
[ 1504364.294937] EV_ABS       ABS_MT_TOUCH_MAJOR   00000006
[ 1504364.294937] EV_SYN       SYN_REPORT           00000000
[ 1504364.303354] EV_ABS       ABS_MT_POSITION_X    <redacted>
[ 1504364.303354] EV_ABS       ABS_MT_POSITION_Y    <redacted>
[ 1504364.303354] EV_ABS       ABS_MT_TOUCH_MAJOR   00000005
[ 1504364.303354] EV_SYN       SYN_REPORT           00000000
[ 1504364.311758] EV_ABS       ABS_MT_POSITION_Y    <redacted>
[ 1504364.311758] EV_ABS       ABS_MT_TOUCH_MAJOR   00000006
[ 1504364.311758] EV_SYN       SYN_REPORT           00000000
[ 1504364.319881] EV_ABS       ABS_MT_POSITION_X    <redacted>
[ 1504364.319881] EV_ABS       ABS_MT_POSITION_Y    <redacted>
[ 1504364.319881] EV_ABS       ABS_MT_TOUCH_MAJOR   00000005
[ 1504364.319881] EV_SYN       SYN_REPORT           00000000
[ 1504364.328235] EV_ABS       ABS_MT_POSITION_X    <redacted>
[ 1504364.328235] EV_ABS       ABS_MT_POSITION_Y    <redacted>
[ 1504364.328235] EV_ABS       ABS_MT_TOUCH_MAJOR   00000006
[ 1504364.328235] EV_SYN       SYN_REPORT           00000000
[ 1504364.336866] EV_ABS       ABS_MT_POSITION_X    <redacted>
[ 1504364.336866] EV_ABS       ABS_MT_POSITION_Y    <redacted>
[ 1504364.336866] EV_ABS       ABS_MT_TOUCH_MAJOR   00000005
[ 1504364.336866] EV_SYN       SYN_REPORT           00000000
[ 1504364.345123] EV_ABS       ABS_MT_POSITION_X    <redacted>
[ 1504364.345123] EV_ABS       ABS_MT_POSITION_Y    <redacted>
[ 1504364.345123] EV_ABS       ABS_MT_TOUCH_MAJOR   00000006
[ 1504364.345123] EV_SYN       SYN_REPORT           00000000
[ 1504364.353325] EV_ABS       ABS_MT_POSITION_X    <redacted>
[ 1504364.353325] EV_ABS       ABS_MT_POSITION_Y    <redacted>
[ 1504364.353325] EV_ABS       ABS_MT_TOUCH_MAJOR   00000005
[ 1504364.353325] EV_SYN       SYN_REPORT           00000000
[ 1504364.361703] EV_ABS       ABS_MT_POSITION_X    <redacted>
[ 1504364.361703] EV_ABS       ABS_MT_POSITION_Y    <redacted>
[ 1504364.361703] EV_ABS       ABS_MT_TOUCH_MAJOR   00000006
[ 1504364.361703] EV_SYN       SYN_REPORT           00000000
[ 1504364.370172] EV_ABS       ABS_MT_POSITION_X    <redacted>
[ 1504364.370172] EV_ABS       ABS_MT_POSITION_Y    <redacted>
[ 1504364.370172] EV_ABS       ABS_MT_TOUCH_MAJOR   00000005
[ 1504364.370172] EV_SYN       SYN_REPORT           00000000
[ 1504364.378536] EV_ABS       ABS_MT_POSITION_X    <redacted>
[ 1504364.378536] EV_ABS       ABS_MT_POSITION_Y    <redacted>
[ 1504364.378536] EV_ABS       ABS_MT_TOUCH_MAJOR   00000006
[ 1504364.378536] EV_SYN       SYN_REPORT           00000000
[ 1504364.386645] EV_ABS       ABS_MT_POSITION_X    <redacted>
[ 1504364.386645] EV_ABS       ABS_MT_POSITION_Y    <redacted>
[ 1504364.386645] EV_ABS       ABS_MT_TOUCH_MAJOR   00000005
[ 1504364.386645] EV_SYN       SYN_REPORT           00000000
[ 1504364.395130] EV_ABS       ABS_MT_POSITION_X    <redacted>
[ 1504364.395130] EV_ABS       ABS_MT_TOUCH_MAJOR   00000006
[ 1504364.395130] EV_SYN       SYN_REPORT           00000000
[ 1504364.403420] EV_ABS       ABS_MT_POSITION_Y    <redacted>
[ 1504364.403420] EV_ABS       ABS_MT_TOUCH_MAJOR   00000005
[ 1504364.403420] EV_SYN       SYN_REPORT           00000000
[ 1504364.411825] EV_ABS       ABS_MT_TOUCH_MAJOR   00000006
[ 1504364.411825] EV_SYN       SYN_REPORT           00000000
[ 1504364.425116] EV_ABS       ABS_MT_POSITION_Y    <redacted>
[ 1504364.425116] EV_ABS       ABS_MT_TOUCH_MAJOR   00000005
[ 1504364.425116] EV_SYN       SYN_REPORT           00000000
[ 1504364.428403] EV_ABS       ABS_MT_POSITION_X    <redacted>
[ 1504364.428403] EV_ABS       ABS_MT_TOUCH_MAJOR   00000006
[ 1504364.428403] EV_SYN       SYN_REPORT           00000000
[ 1504364.436755] EV_ABS       ABS_MT_POSITION_X    <redacted>
[ 1504364.436755] EV_ABS       ABS_MT_POSITION_Y    <redacted>
[ 1504364.436755] EV_ABS       ABS_MT_TOUCH_MAJOR   00000005
[ 1504364.436755] EV_SYN       SYN_REPORT           00000000
[ 1504364.445120] EV_ABS       ABS_MT_TOUCH_MAJOR   00000006
[ 1504364.445120] EV_SYN       SYN_REPORT           00000000
[ 1504364.454223] EV_ABS       ABS_MT_POSITION_X    <redacted>
[ 1504364.454223] EV_ABS       ABS_MT_POSITION_Y    <redacted>
[ 1504364.454223] EV_ABS       ABS_MT_TOUCH_MAJOR   00000005
[ 1504364.454223] EV_SYN       SYN_REPORT           00000000
[ 1504364.461626] EV_ABS       ABS_MT_POSITION_X    <redacted>
[ 1504364.461626] EV_ABS       ABS_MT_POSITION_Y    <redacted>
[ 1504364.461626] EV_ABS       ABS_MT_TOUCH_MAJOR   00000006
[ 1504364.461626] EV_SYN       SYN_REPORT           00000000
[ 1504364.470141] EV_ABS       ABS_MT_POSITION_X    <redacted>
[ 1504364.470141] EV_ABS       ABS_MT_POSITION_Y    <redacted>
[ 1504364.470141] EV_ABS       ABS_MT_TOUCH_MAJOR   00000005
[ 1504364.470141] EV_SYN       SYN_REPORT           00000000
[ 1504364.478598] EV_ABS       ABS_MT_POSITION_X    <redacted>
[ 1504364.478598] EV_ABS       ABS_MT_POSITION_Y    <redacted>
[ 1504364.478598] EV_ABS       ABS_MT_TOUCH_MAJOR   00000006
[ 1504364.478598] EV_SYN       SYN_REPORT           00000000
[ 1504364.486598] EV_ABS       ABS_MT_POSITION_X    <redacted>
[ 1504364.486598] EV_ABS       ABS_MT_POSITION_Y    <redacted>
[ 1504364.486598] EV_ABS       ABS_MT_TOUCH_MAJOR   00000005
[ 1504364.486598] EV_SYN       SYN_REPORT           00000000
[ 1504364.495122] EV_ABS       ABS_MT_POSITION_X    <redacted>
[ 1504364.495122] EV_ABS       ABS_MT_POSITION_Y    <redacted>
[ 1504364.495122] EV_ABS       ABS_MT_TOUCH_MAJOR   00000006
[ 1504364.495122] EV_SYN       SYN_REPORT           00000000
[ 1504364.503515] EV_ABS       ABS_MT_POSITION_X    <redacted>
[ 1504364.503515] EV_ABS       ABS_MT_POSITION_Y    <redacted>
[ 1504364.503515] EV_ABS       ABS_MT_TOUCH_MAJOR   00000005
[ 1504364.503515] EV_SYN       SYN_REPORT           00000000
[ 1504364.511877] EV_ABS       ABS_MT_POSITION_X    <redacted>
[ 1504364.511877] EV_ABS       ABS_MT_POSITION_Y    <redacted>
[ 1504364.511877] EV_ABS       ABS_MT_TOUCH_MAJOR   00000006
[ 1504364.511877] EV_SYN       SYN_REPORT           00000000
[ 1504364.519897] EV_ABS       ABS_MT_POSITION_X    <redacted>
[ 1504364.519897] EV_ABS       ABS_MT_POSITION_Y    <redacted>
[ 1504364.519897] EV_ABS       ABS_MT_TOUCH_MAJOR   00000005
[ 1504364.519897] EV_SYN       SYN_REPORT           00000000
[ 1504364.528329] EV_ABS       ABS_MT_POSITION_X    <redacted>
[ 1504364.528329] EV_ABS       ABS_MT_POSITION_Y    <redacted>
[ 1504364.528329] EV_ABS       ABS_MT_TOUCH_MAJOR   00000006
[ 1504364.528329] EV_SYN       SYN_REPORT           00000000
[ 1504364.537113] EV_ABS       ABS_MT_POSITION_Y    <redacted>
[ 1504364.537113] EV_ABS       ABS_MT_TOUCH_MAJOR   00000005
[ 1504364.537113] EV_SYN       SYN_REPORT           00000000
[ 1504364.545200] EV_ABS       ABS_MT_POSITION_X    <redacted>
[ 1504364.545200] EV_ABS       ABS_MT_POSITION_Y    <redacted>
[ 1504364.545200] EV_ABS       ABS_MT_TOUCH_MAJOR   00000006
[ 1504364.545200] EV_SYN       SYN_REPORT           00000000
[ 1504364.553271] EV_ABS       ABS_MT_POSITION_X    <redacted>
[ 1504364.553271] EV_ABS       ABS_MT_POSITION_Y    <redacted>
[ 1504364.553271] EV_ABS       ABS_MT_TOUCH_MAJOR   00000005
[ 1504364.553271] EV_SYN       SYN_REPORT           00000000
[ 1504364.562292] EV_ABS       ABS_MT_TRACKING_ID   ffffffff
[ 1504364.562292] EV_KEY       BTN_TOUCH            UP
[ 1504364.562292] EV_KEY       BTN_TOOL_FINGER      UP
[ 1504364.562292] EV_SYN       SYN_REPORT           00000000
[ 1504365.069015] EV_ABS       ABS_MT_TRACKING_ID   00004a58
[ 1504365.069015] EV_KEY       BTN_TOUCH            DOWN
[ 1504365.069015] EV_KEY       BTN_TOOL_FINGER      DOWN
[ 1504365.069015] EV_ABS       ABS_MT_POSITION_X    <redacted>
[ 1504365.069015] EV_ABS       ABS_MT_POSITION_Y    <redacted>
[ 1504365.069015] EV_ABS       ABS_MT_TOUCH_MAJOR   00000004
[ 1504365.069015] EV_ABS       ABS_MT_TOUCH_MINOR   00000004
[ 1504365.069015] EV_SYN       SYN_REPORT           00000000
[ 1504365.075041] EV_ABS       ABS_MT_TOUCH_MAJOR   00000005
[ 1504365.075041] EV_SYN       SYN_REPORT           00000000
[ 1504365.081839] EV_ABS       ABS_MT_TOUCH_MAJOR   00000004
[ 1504365.081839] EV_SYN       SYN_REPORT           00000000
[ 1504365.088970] EV_ABS       ABS_MT_TOUCH_MAJOR   00000005
[ 1504365.088970] EV_SYN       SYN_REPORT           00000000
[ 1504365.096478] EV_ABS       ABS_MT_TOUCH_MAJOR   00000004
[ 1504365.096478] EV_SYN       SYN_REPORT           00000000
[ 1504365.103661] EV_ABS       ABS_MT_TOUCH_MAJOR   00000005
[ 1504365.103661] EV_SYN       SYN_REPORT           00000000
[ 1504365.111974] EV_ABS       ABS_MT_TOUCH_MAJOR   00000004
[ 1504365.111974] EV_SYN       SYN_REPORT           00000000
[ 1504365.120408] EV_ABS       ABS_MT_TOUCH_MAJOR   00000005
[ 1504365.120408] EV_SYN       SYN_REPORT           00000000
[ 1504365.128903] EV_ABS       ABS_MT_TOUCH_MAJOR   00000004
[ 1504365.128903] EV_SYN       SYN_REPORT           00000000
[ 1504365.137039] EV_ABS       ABS_MT_TOUCH_MAJOR   00000005
[ 1504365.137039] EV_SYN       SYN_REPORT           00000000
[ 1504365.145398] EV_ABS       ABS_MT_TOUCH_MAJOR   00000004
[ 1504365.145398] EV_SYN       SYN_REPORT           00000000
[ 1504365.154099] EV_ABS       ABS_MT_POSITION_X    <redacted>
[ 1504365.154099] EV_ABS       ABS_MT_POSITION_Y    <redacted>
[ 1504365.154099] EV_ABS       ABS_MT_TOUCH_MAJOR   00000005
[ 1504365.154099] EV_SYN       SYN_REPORT           00000000
[ 1504365.162189] EV_ABS       ABS_MT_POSITION_X    <redacted>
[ 1504365.162189] EV_ABS       ABS_MT_POSITION_Y    <redacted>
[ 1504365.162189] EV_ABS       ABS_MT_TOUCH_MAJOR   00000004
[ 1504365.162189] EV_SYN       SYN_REPORT           00000000
[ 1504365.170678] EV_ABS       ABS_MT_POSITION_X    <redacted>
[ 1504365.170678] EV_ABS       ABS_MT_POSITION_Y    <redacted>
[ 1504365.170678] EV_ABS       ABS_MT_TOUCH_MAJOR   00000005
[ 1504365.170678] EV_SYN       SYN_REPORT           00000000
[ 1504365.178894] EV_ABS       ABS_MT_POSITION_X    <redacted>
[ 1504365.178894] EV_ABS       ABS_MT_POSITION_Y    <redacted>
[ 1504365.178894] EV_ABS       ABS_MT_TOUCH_MAJOR   00000004
[ 1504365.178894] EV_SYN       SYN_REPORT           00000000
[ 1504365.187351] EV_ABS       ABS_MT_POSITION_X    <redacted>
[ 1504365.187351] EV_ABS       ABS_MT_POSITION_Y    <redacted>
[ 1504365.187351] EV_ABS       ABS_MT_TOUCH_MAJOR   00000005
[ 1504365.187351] EV_SYN       SYN_REPORT           00000000
[ 1504365.195510] EV_ABS       ABS_MT_POSITION_X    <redacted>
[ 1504365.195510] EV_ABS       ABS_MT_POSITION_Y    <redacted>
[ 1504365.195510] EV_ABS       ABS_MT_TOUCH_MAJOR   00000004
[ 1504365.195510] EV_SYN       SYN_REPORT           00000000
[ 1504365.203859] EV_ABS       ABS_MT_POSITION_X    <redacted>
[ 1504365.203859] EV_ABS       ABS_MT_POSITION_Y    <redacted>
[ 1504365.203859] EV_ABS       ABS_MT_TOUCH_MAJOR   00000005
[ 1504365.203859] EV_SYN       SYN_REPORT           00000000
[ 1504365.212208] EV_ABS       ABS_MT_POSITION_X    <redacted>
[ 1504365.212208] EV_ABS       ABS_MT_POSITION_Y    <redacted>
[ 1504365.212208] EV_ABS       ABS_MT_TOUCH_MAJOR   00000004
[ 1504365.212208] EV_SYN       SYN_REPORT           00000000
[ 1504365.220754] EV_ABS       ABS_MT_POSITION_X    <redacted>
[ 1504365.220754] EV_ABS       ABS_MT_POSITION_Y    <redacted>
[ 1504365.220754] EV_ABS       ABS_MT_TOUCH_MAJOR   00000005
[ 1504365.220754] EV_SYN       SYN_REPORT           00000000
[ 1504365.228671] EV_ABS       ABS_MT_POSITION_X    <redacted>
[ 1504365.228671] EV_ABS       ABS_MT_POSITION_Y    <redacted>
[ 1504365.228671] EV_ABS       ABS_MT_TOUCH_MAJOR   00000004
[ 1504365.228671] EV_SYN       SYN_REPORT           00000000
[ 1504365.237061] EV_ABS       ABS_MT_POSITION_X    <redacted>
[ 1504365.237061] EV_ABS       ABS_MT_POSITION_Y    <redacted>
[ 1504365.237061] EV_ABS       ABS_MT_TOUCH_MAJOR   00000005
[ 1504365.237061] EV_SYN       SYN_REPORT           00000000
[ 1504365.245395] EV_ABS       ABS_MT_POSITION_X    <redacted>
[ 1504365.245395] EV_ABS       ABS_MT_POSITION_Y    <redacted>
[ 1504365.245395] EV_ABS       ABS_MT_TOUCH_MAJOR   00000004
[ 1504365.245395] EV_SYN       SYN_REPORT           00000000
[ 1504365.253662] EV_ABS       ABS_MT_POSITION_X    <redacted>
[ 1504365.253662] EV_ABS       ABS_MT_POSITION_Y    <redacted>
[ 1504365.253662] EV_ABS       ABS_MT_TOUCH_MAJOR   00000005
[ 1504365.253662] EV_SYN       SYN_REPORT           00000000
[ 1504365.262225] EV_ABS       ABS_MT_POSITION_X    <redacted>
[ 1504365.262225] EV_ABS       ABS_MT_POSITION_Y    <redacted>
[ 1504365.262225] EV_ABS       ABS_MT_TOUCH_MAJOR   00000004
[ 1504365.262225] EV_SYN       SYN_REPORT           00000000
[ 1504365.270533] EV_ABS       ABS_MT_TRACKING_ID   ffffffff
[ 1504365.270533] EV_KEY       BTN_TOUCH            UP
[ 1504365.270533] EV_KEY       BTN_TOOL_FINGER      UP
[ 1504365.270533] EV_SYN       SYN_REPORT           00000000
[ 1504365.993582] EV_ABS       ABS_MT_TRACKING_ID   00004a59
[ 1504365.993582] EV_KEY       BTN_TOUCH            DOWN
[ 1504365.993582] EV_KEY       BTN_TOOL_FINGER      DOWN
[ 1504365.993582] EV_ABS       ABS_MT_POSITION_X    <redacted>
[ 1504365.993582] EV_ABS       ABS_MT_POSITION_Y    <redacted>
[ 1504365.993582] EV_SYN       SYN_REPORT           00000000
[ 1504366.000800] EV_ABS       ABS_MT_TOUCH_MAJOR   00000005
[ 1504366.000800] EV_SYN       SYN_REPORT           00000000
[ 1504366.008255] EV_ABS       ABS_MT_TOUCH_MAJOR   00000004
[ 1504366.008255] EV_SYN       SYN_REPORT           00000000
[ 1504366.015923] EV_ABS       ABS_MT_POSITION_X    <redacted>
[ 1504366.015923] EV_ABS       ABS_MT_POSITION_Y    <redacted>
[ 1504366.015923] EV_ABS       ABS_MT_TOUCH_MAJOR   00000005
[ 1504366.015923] EV_SYN       SYN_REPORT           00000000
[ 1504366.023425] EV_ABS       ABS_MT_POSITION_X    <redacted>
[ 1504366.023425] EV_ABS       ABS_MT_POSITION_Y    <redacted>
[ 1504366.023425] EV_ABS       ABS_MT_TOUCH_MAJOR   00000004
[ 1504366.023425] EV_SYN       SYN_REPORT           00000000
[ 1504366.031217] EV_ABS       ABS_MT_POSITION_X    <redacted>
[ 1504366.031217] EV_ABS       ABS_MT_POSITION_Y    <redacted>
[ 1504366.031217] EV_ABS       ABS_MT_TOUCH_MAJOR   00000005
[ 1504366.031217] EV_SYN       SYN_REPORT           00000000
[ 1504366.038399] EV_ABS       ABS_MT_POSITION_X    <redacted>
[ 1504366.038399] EV_ABS       ABS_MT_POSITION_Y    <redacted>
[ 1504366.038399] EV_ABS       ABS_MT_TOUCH_MAJOR   00000004
[ 1504366.038399] EV_SYN       SYN_REPORT           00000000
[ 1504366.045760] EV_ABS       ABS_MT_POSITION_X    <redacted>
[ 1504366.045760] EV_ABS       ABS_MT_POSITION_Y    <redacted>
[ 1504366.045760] EV_ABS       ABS_MT_TOUCH_MAJOR   00000005
[ 1504366.045760] EV_SYN       SYN_REPORT           00000000
[ 1504366.054051] EV_ABS       ABS_MT_POSITION_X    <redacted>
[ 1504366.054051] EV_ABS       ABS_MT_POSITION_Y    <redacted>
[ 1504366.054051] EV_ABS       ABS_MT_TOUCH_MAJOR   00000004
[ 1504366.054051] EV_SYN       SYN_REPORT           00000000
[ 1504366.062502] EV_ABS       ABS_MT_POSITION_X    <redacted>
[ 1504366.062502] EV_ABS       ABS_MT_POSITION_Y    <redacted>
[ 1504366.062502] EV_ABS       ABS_MT_TOUCH_MAJOR   00000005
[ 1504366.062502] EV_SYN       SYN_REPORT           00000000
[ 1504366.070858] EV_ABS       ABS_MT_POSITION_X    <redacted>
[ 1504366.070858] EV_ABS       ABS_MT_POSITION_Y    <redacted>
[ 1504366.070858] EV_ABS       ABS_MT_TOUCH_MAJOR   00000004
[ 1504366.070858] EV_SYN       SYN_REPORT           00000000
[ 1504366.079351] EV_ABS       ABS_MT_POSITION_X    <redacted>
[ 1504366.079351] EV_ABS       ABS_MT_POSITION_Y    <redacted>
[ 1504366.079351] EV_ABS       ABS_MT_TOUCH_MAJOR   00000005
[ 1504366.079351] EV_SYN       SYN_REPORT           00000000
[ 1504366.087435] EV_ABS       ABS_MT_POSITION_X    <redacted>
[ 1504366.087435] EV_ABS       ABS_MT_POSITION_Y    <redacted>
[ 1504366.087435] EV_ABS       ABS_MT_TOUCH_MAJOR   00000004
[ 1504366.087435] EV_SYN       SYN_REPORT           00000000
[ 1504366.095635] EV_ABS       ABS_MT_TRACKING_ID   ffffffff
[ 1504366.095635] EV_KEY       BTN_TOUCH            UP
[ 1504366.095635] EV_KEY       BTN_TOOL_FINGER      UP
[ 1504366.095635] EV_SYN       SYN_REPORT           00000000
