[ 1510285.610726] EV_ABS       ABS_MT_TRACKING_ID   00004abd
[ 1510285.610726] EV_KEY       BTN_TOUCH            DOWN
[ 1510285.610726] EV_KEY       BTN_TOOL_FINGER      DOWN
[ 1510285.610726] EV_SYN       SYN_REPORT           00000000
[ 1510285.616952] EV_SYN       SYN_REPORT           00000000
[ 1510285.625552] EV_SYN       SYN_REPORT           00000000
[ 1510285.633015] EV_SYN       SYN_REPORT           00000000
[ 1510285.641416] EV_SYN       SYN_REPORT           00000000
[ 1510285.649766] EV_SYN       SYN_REPORT           00000000
[ 1510285.658154] EV_SYN       SYN_REPORT           00000000
[ 1510285.666331] EV_SYN       SYN_REPORT           00000000
[ 1510285.674749] EV_SYN       SYN_REPORT           00000000
[ 1510285.683169] EV_SYN       SYN_REPORT           00000000
[ 1510285.691582] EV_SYN       SYN_REPORT           00000000
[ 1510285.699725] EV_SYN       SYN_REPORT           00000000
[ 1510285.708130] EV_SYN       SYN_REPORT           00000000
[ 1510285.716530] EV_SYN       SYN_REPORT           00000000
[ 1510285.724888] EV_SYN       SYN_REPORT           00000000
[ 1510285.733058] EV_SYN       SYN_REPORT           00000000
[ 1510285.741470] EV_SYN       SYN_REPORT           00000000
[ 1510285.749908] EV_SYN       SYN_REPORT           00000000
[ 1510285.758232] EV_SYN       SYN_REPORT           00000000
[ 1510285.766387] EV_SYN       SYN_REPORT           00000000
[ 1510285.774810] EV_ABS       ABS_MT_TRACKING_ID   ffffffff
[ 1510285.774810] EV_KEY       BTN_TOUCH            UP
[ 1510285.774810] EV_KEY       BTN_TOOL_FINGER      UP
[ 1510285.774810] EV_SYN       SYN_REPORT           00000000
[ 1510286.460301] EV_ABS       ABS_MT_TRACKING_ID   00004abe
[ 1510286.460301] EV_KEY       BTN_TOUCH            DOWN
[ 1510286.460301] EV_KEY       BTN_TOOL_FINGER      DOWN
[ 1510286.460301] EV_SYN       SYN_REPORT           00000000
[ 1510286.464675] EV_SYN       SYN_REPORT           00000000
[ 1510286.471904] EV_SYN       SYN_REPORT           00000000
[ 1510286.479595] EV_SYN       SYN_REPORT           00000000
[ 1510286.486829] EV_SYN       SYN_REPORT           00000000
[ 1510286.494585] EV_SYN       SYN_REPORT           00000000
[ 1510286.502090] EV_SYN       SYN_REPORT           00000000
[ 1510286.508909] EV_SYN       SYN_REPORT           00000000
[ 1510286.517658] EV_SYN       SYN_REPORT           00000000
[ 1510286.526122] EV_SYN       SYN_REPORT           00000000
[ 1510286.533997] EV_SYN       SYN_REPORT           00000000
[ 1510286.542316] EV_SYN       SYN_REPORT           00000000
[ 1510286.550673] EV_SYN       SYN_REPORT           00000000
[ 1510286.558652] EV_SYN       SYN_REPORT           00000000
[ 1510286.567109] EV_SYN       SYN_REPORT           00000000
[ 1510286.575845] EV_SYN       SYN_REPORT           00000000
[ 1510286.583974] EV_SYN       SYN_REPORT           00000000
[ 1510286.592398] EV_SYN       SYN_REPORT           00000000
[ 1510286.600966] EV_SYN       SYN_REPORT           00000000
[ 1510286.609380] EV_SYN       SYN_REPORT           00000000
[ 1510286.617675] EV_SYN       SYN_REPORT           00000000
[ 1510286.625390] EV_SYN       SYN_REPORT           00000000
[ 1510286.633851] EV_SYN       SYN_REPORT           00000000
[ 1510286.642846] EV_SYN       SYN_REPORT           00000000
[ 1510286.650734] EV_ABS       ABS_MT_TRACKING_ID   ffffffff
[ 1510286.650734] EV_KEY       BTN_TOUCH            UP
[ 1510286.650734] EV_KEY       BTN_TOOL_FINGER      UP
[ 1510286.650734] EV_SYN       SYN_REPORT           00000000
[ 1510287.176490] EV_ABS       ABS_MT_TRACKING_ID   00004abf
[ 1510287.176490] EV_KEY       BTN_TOUCH            DOWN
[ 1510287.176490] EV_KEY       BTN_TOOL_FINGER      DOWN
[ 1510287.176490] EV_SYN       SYN_REPORT           00000000
[ 1510287.180429] EV_SYN       SYN_REPORT           00000000
[ 1510287.187503] EV_SYN       SYN_REPORT           00000000
[ 1510287.196105] EV_SYN       SYN_REPORT           00000000
[ 1510287.202427] EV_SYN       SYN_REPORT           00000000
[ 1510287.209140] EV_SYN       SYN_REPORT           00000000
[ 1510287.217995] EV_SYN       SYN_REPORT           00000000
[ 1510287.226557] EV_SYN       SYN_REPORT           00000000
[ 1510287.235032] EV_SYN       SYN_REPORT           00000000
[ 1510287.242731] EV_SYN       SYN_REPORT           00000000
[ 1510287.250900] EV_SYN       SYN_REPORT           00000000
[ 1510287.259490] EV_SYN       SYN_REPORT           00000000
[ 1510287.267844] EV_SYN       SYN_REPORT           00000000
[ 1510287.275854] EV_SYN       SYN_REPORT           00000000
[ 1510287.284232] EV_SYN       SYN_REPORT           00000000
[ 1510287.292553] EV_SYN       SYN_REPORT           00000000
[ 1510287.301095] EV_SYN       SYN_REPORT           00000000
[ 1510287.309462] EV_SYN       SYN_REPORT           00000000
[ 1510287.317958] EV_SYN       SYN_REPORT           00000000
[ 1510287.326746] EV_SYN       SYN_REPORT           00000000
[ 1510287.334576] EV_SYN       SYN_REPORT           00000000
[ 1510287.342536] EV_SYN       SYN_REPORT           00000000
[ 1510287.350944] EV_SYN       SYN_REPORT           00000000
[ 1510287.359616] EV_SYN       SYN_REPORT           00000000
[ 1510287.367804] EV_SYN       SYN_REPORT           00000000
[ 1510287.375959] EV_SYN       SYN_REPORT           00000000
[ 1510287.384645] EV_ABS       ABS_MT_TRACKING_ID   ffffffff
[ 1510287.384645] EV_KEY       BTN_TOUCH            UP
[ 1510287.384645] EV_KEY       BTN_TOOL_FINGER      UP
[ 1510287.384645] EV_SYN       SYN_REPORT           00000000
[ 1510287.940325] EV_ABS       ABS_MT_TRACKING_ID   00004ac0
[ 1510287.940325] EV_KEY       BTN_TOUCH            DOWN
[ 1510287.940325] EV_KEY       BTN_TOOL_FINGER      DOWN
[ 1510287.940325] EV_SYN       SYN_REPORT           00000000
[ 1510287.947342] EV_SYN       SYN_REPORT           00000000
[ 1510287.954781] EV_SYN       SYN_REPORT           00000000
[ 1510287.961918] EV_SYN       SYN_REPORT           00000000
[ 1510287.970155] EV_SYN       SYN_REPORT           00000000
[ 1510287.976492] EV_SYN       SYN_REPORT           00000000
[ 1510287.984888] EV_SYN       SYN_REPORT           00000000
[ 1510287.992923] EV_SYN       SYN_REPORT           00000000
[ 1510288.001240] EV_SYN       SYN_REPORT           00000000
[ 1510288.010284] EV_SYN       SYN_REPORT           00000000
[ 1510288.018559] EV_SYN       SYN_REPORT           00000000
[ 1510288.026187] EV_SYN       SYN_REPORT           00000000
[ 1510288.035274] EV_SYN       SYN_REPORT           00000000
[ 1510288.043282] EV_SYN       SYN_REPORT           00000000
[ 1510288.051475] EV_SYN       SYN_REPORT           00000000
[ 1510288.060315] EV_SYN       SYN_REPORT           00000000
[ 1510288.068279] EV_SYN       SYN_REPORT           00000000
[ 1510288.076430] EV_SYN       SYN_REPORT           00000000
[ 1510288.084935] EV_SYN       SYN_REPORT           00000000
[ 1510288.092997] EV_SYN       SYN_REPORT           00000000
[ 1510288.102586] EV_SYN       SYN_REPORT           00000000
[ 1510288.109760] EV_SYN       SYN_REPORT           00000000
[ 1510288.118309] EV_SYN       SYN_REPORT           00000000
[ 1510288.126678] EV_SYN       SYN_REPORT           00000000
[ 1510288.134758] EV_SYN       SYN_REPORT           00000000
[ 1510288.143278] EV_SYN       SYN_REPORT           00000000
[ 1510288.151643] EV_SYN       SYN_REPORT           00000000
[ 1510288.160285] EV_SYN       SYN_REPORT           00000000
[ 1510288.168361] EV_SYN       SYN_REPORT           00000000
[ 1510288.176578] EV_SYN       SYN_REPORT           00000000
[ 1510288.185993] EV_SYN       SYN_REPORT           00000000
[ 1510288.194251] EV_SYN       SYN_REPORT           00000000
[ 1510288.201561] EV_SYN       SYN_REPORT           00000000
[ 1510288.210292] EV_SYN       SYN_REPORT           00000000
[ 1510288.219007] EV_SYN       SYN_REPORT           00000000
[ 1510288.226744] EV_SYN       SYN_REPORT           00000000
[ 1510288.234846] EV_SYN       SYN_REPORT           00000000
[ 1510288.243459] EV_ABS       ABS_MT_TRACKING_ID   ffffffff
[ 1510288.243459] EV_KEY       BTN_TOUCH            UP
[ 1510288.243459] EV_KEY       BTN_TOOL_FINGER      UP
[ 1510288.243459] EV_SYN       SYN_REPORT           00000000
[ 1510288.767453] EV_ABS       ABS_MT_TRACKING_ID   00004ac1
[ 1510288.767453] EV_KEY       BTN_TOUCH            DOWN
[ 1510288.767453] EV_KEY       BTN_TOOL_FINGER      DOWN
[ 1510288.767453] EV_SYN       SYN_REPORT           00000000
[ 1510288.772773] EV_SYN       SYN_REPORT           00000000
[ 1510288.780386] EV_SYN       SYN_REPORT           00000000
[ 1510288.788101] EV_SYN       SYN_REPORT           00000000
[ 1510288.794743] EV_SYN       SYN_REPORT           00000000
[ 1510288.801955] EV_SYN       SYN_REPORT           00000000
[ 1510288.810095] EV_SYN       SYN_REPORT           00000000
[ 1510288.819048] EV_SYN       SYN_REPORT           00000000
[ 1510288.826882] EV_SYN       SYN_REPORT           00000000
[ 1510288.835402] EV_SYN       SYN_REPORT           00000000
[ 1510288.843401] EV_SYN       SYN_REPORT           00000000
[ 1510288.851873] EV_SYN       SYN_REPORT           00000000
[ 1510288.860497] EV_SYN       SYN_REPORT           00000000
[ 1510288.868912] EV_SYN       SYN_REPORT           00000000
[ 1510288.876875] EV_SYN       SYN_REPORT           00000000
[ 1510288.886132] EV_SYN       SYN_REPORT           00000000
[ 1510288.893695] EV_SYN       SYN_REPORT           00000000
[ 1510288.902553] EV_SYN       SYN_REPORT           00000000
[ 1510288.910365] EV_SYN       SYN_REPORT           00000000
[ 1510288.918675] EV_SYN       SYN_REPORT           00000000
[ 1510288.926998] EV_SYN       SYN_REPORT           00000000
[ 1510288.935595] EV_SYN       SYN_REPORT           00000000
[ 1510288.943594] EV_SYN       SYN_REPORT           00000000
[ 1510288.952222] EV_SYN       SYN_REPORT           00000000
[ 1510288.960547] EV_SYN       SYN_REPORT           00000000
[ 1510288.970288] EV_SYN       SYN_REPORT           00000000
[ 1510288.976942] EV_SYN       SYN_REPORT           00000000
[ 1510288.986187] EV_SYN       SYN_REPORT           00000000
[ 1510288.993880] EV_SYN       SYN_REPORT           00000000
[ 1510289.002130] EV_SYN       SYN_REPORT           00000000
[ 1510289.012331] EV_SYN       SYN_REPORT           00000000
[ 1510289.018739] EV_SYN       SYN_REPORT           00000000
[ 1510289.026965] EV_SYN       SYN_REPORT           00000000
[ 1510289.035517] EV_SYN       SYN_REPORT           00000000
[ 1510289.043608] EV_SYN       SYN_REPORT           00000000
[ 1510289.052225] EV_SYN       SYN_REPORT           00000000
[ 1510289.061191] EV_SYN       SYN_REPORT           00000000
[ 1510289.068894] EV_SYN       SYN_REPORT           00000000
[ 1510289.076979] EV_SYN       SYN_REPORT           00000000
[ 1510289.085544] EV_SYN       SYN_REPORT           00000000
[ 1510289.093818] EV_SYN       SYN_REPORT           00000000
[ 1510289.102223] EV_SYN       SYN_REPORT           00000000
[ 1510289.110317] EV_SYN       SYN_REPORT           00000000
[ 1510289.118967] EV_SYN       SYN_REPORT           00000000
[ 1510289.127199] EV_SYN       SYN_REPORT           00000000
[ 1510289.137423] EV_SYN       SYN_REPORT           00000000
[ 1510289.143839] EV_ABS       ABS_MT_TRACKING_ID   ffffffff
[ 1510289.143839] EV_KEY       BTN_TOUCH            UP
[ 1510289.143839] EV_KEY       BTN_TOOL_FINGER      UP
[ 1510289.143839] EV_SYN       SYN_REPORT           00000000
[ 1510289.549537] EV_ABS       ABS_MT_TRACKING_ID   00004ac2
[ 1510289.549537] EV_KEY       BTN_TOUCH            DOWN
[ 1510289.549537] EV_KEY       BTN_TOOL_FINGER      DOWN
[ 1510289.549537] EV_SYN       SYN_REPORT           00000000
[ 1510289.554463] EV_SYN       SYN_REPORT           00000000
[ 1510289.561925] EV_SYN       SYN_REPORT           00000000
[ 1510289.569337] EV_SYN       SYN_REPORT           00000000
[ 1510289.577467] EV_SYN       SYN_REPORT           00000000
[ 1510289.586901] EV_SYN       SYN_REPORT           00000000
[ 1510289.594022] EV_SYN       SYN_REPORT           00000000
[ 1510289.602437] EV_SYN       SYN_REPORT           00000000
[ 1510289.610916] EV_SYN       SYN_REPORT           00000000
[ 1510289.619300] EV_SYN       SYN_REPORT           00000000
[ 1510289.627718] EV_SYN       SYN_REPORT           00000000
[ 1510289.635797] EV_SYN       SYN_REPORT           00000000
[ 1510289.644126] EV_SYN       SYN_REPORT           00000000
[ 1510289.652673] EV_SYN       SYN_REPORT           00000000
[ 1510289.661009] EV_SYN       SYN_REPORT           00000000
[ 1510289.669121] EV_SYN       SYN_REPORT           00000000
[ 1510289.677444] EV_SYN       SYN_REPORT           00000000
[ 1510289.686047] EV_SYN       SYN_REPORT           00000000
[ 1510289.694027] EV_SYN       SYN_REPORT           00000000
[ 1510289.703286] EV_SYN       SYN_REPORT           00000000
[ 1510289.710917] EV_SYN       SYN_REPORT           00000000
[ 1510289.719377] EV_SYN       SYN_REPORT           00000000
[ 1510289.727386] EV_SYN       SYN_REPORT           00000000
[ 1510289.735829] EV_SYN       SYN_REPORT           00000000
[ 1510289.744787] EV_SYN       SYN_REPORT           00000000
[ 1510289.752953] EV_SYN       SYN_REPORT           00000000
[ 1510289.760807] EV_SYN       SYN_REPORT           00000000
[ 1510289.769148] EV_SYN       SYN_REPORT           00000000
[ 1510289.777677] EV_SYN       SYN_REPORT           00000000
[ 1510289.785968] EV_SYN       SYN_REPORT           00000000
[ 1510289.794238] EV_SYN       SYN_REPORT           00000000
[ 1510289.802578] EV_SYN       SYN_REPORT           00000000
[ 1510289.811016] EV_SYN       SYN_REPORT           00000000
[ 1510289.819451] EV_ABS       ABS_MT_TRACKING_ID   ffffffff
[ 1510289.819451] EV_KEY       BTN_TOUCH            UP
[ 1510289.819451] EV_KEY       BTN_TOOL_FINGER      UP
[ 1510289.819451] EV_SYN       SYN_REPORT           00000000
[ 1510290.260270] EV_ABS       ABS_MT_TRACKING_ID   00004ac3
[ 1510290.260270] EV_KEY       BTN_TOUCH            DOWN
[ 1510290.260270] EV_KEY       BTN_TOOL_FINGER      DOWN
[ 1510290.260270] EV_SYN       SYN_REPORT           00000000
[ 1510290.264899] EV_SYN       SYN_REPORT           00000000
[ 1510290.271400] EV_SYN       SYN_REPORT           00000000
[ 1510290.278736] EV_SYN       SYN_REPORT           00000000
[ 1510290.286465] EV_SYN       SYN_REPORT           00000000
[ 1510290.294445] EV_SYN       SYN_REPORT           00000000
[ 1510290.302807] EV_SYN       SYN_REPORT           00000000
[ 1510290.311185] EV_SYN       SYN_REPORT           00000000
[ 1510290.319484] EV_SYN       SYN_REPORT           00000000
[ 1510290.327747] EV_SYN       SYN_REPORT           00000000
[ 1510290.336139] EV_SYN       SYN_REPORT           00000000
[ 1510290.344494] EV_SYN       SYN_REPORT           00000000
[ 1510290.353330] EV_SYN       SYN_REPORT           00000000
[ 1510290.361165] EV_SYN       SYN_REPORT           00000000
[ 1510290.371802] EV_SYN       SYN_REPORT           00000000
[ 1510290.378968] EV_SYN       SYN_REPORT           00000000
[ 1510290.386113] EV_SYN       SYN_REPORT           00000000
[ 1510290.394449] EV_SYN       SYN_REPORT           00000000
[ 1510290.402962] EV_SYN       SYN_REPORT           00000000
[ 1510290.411415] EV_SYN       SYN_REPORT           00000000
[ 1510290.419419] EV_SYN       SYN_REPORT           00000000
[ 1510290.427892] EV_SYN       SYN_REPORT           00000000
[ 1510290.436323] EV_SYN       SYN_REPORT           00000000
[ 1510290.444769] EV_SYN       SYN_REPORT           00000000
[ 1510290.452910] EV_SYN       SYN_REPORT           00000000
[ 1510290.461171] EV_SYN       SYN_REPORT           00000000
[ 1510290.469535] EV_SYN       SYN_REPORT           00000000
[ 1510290.478078] EV_SYN       SYN_REPORT           00000000
[ 1510290.486254] EV_SYN       SYN_REPORT           00000000
[ 1510290.494549] EV_SYN       SYN_REPORT           00000000
[ 1510290.502931] EV_SYN       SYN_REPORT           00000000
[ 1510290.511485] EV_SYN       SYN_REPORT           00000000
[ 1510290.519581] EV_SYN       SYN_REPORT           00000000
[ 1510290.527828] EV_SYN       SYN_REPORT           00000000
[ 1510290.536298] EV_SYN       SYN_REPORT           00000000
[ 1510290.544798] EV_SYN       SYN_REPORT           00000000
[ 1510290.552860] EV_SYN       SYN_REPORT           00000000
[ 1510290.561222] EV_SYN       SYN_REPORT           00000000
[ 1510290.570315] EV_SYN       SYN_REPORT           00000000
[ 1510290.578216] EV_SYN       SYN_REPORT           00000000
[ 1510290.586221] EV_SYN       SYN_REPORT           00000000
[ 1510290.594602] EV_SYN       SYN_REPORT           00000000
[ 1510290.603011] EV_SYN       SYN_REPORT           00000000
[ 1510290.611557] EV_SYN       SYN_REPORT           00000000
[ 1510290.619579] EV_SYN       SYN_REPORT           00000000
[ 1510290.627994] EV_SYN       SYN_REPORT           00000000
[ 1510290.636334] EV_SYN       SYN_REPORT           00000000
[ 1510290.644607] EV_SYN       SYN_REPORT           00000000
[ 1510290.653069] EV_SYN       SYN_REPORT           00000000
[ 1510290.662027] EV_SYN       SYN_REPORT           00000000
[ 1510290.669672] EV_SYN       SYN_REPORT           00000000
[ 1510290.678871] EV_SYN       SYN_REPORT           00000000
[ 1510290.686374] EV_SYN       SYN_REPORT           00000000
[ 1510290.694776] EV_SYN       SYN_REPORT           00000000
[ 1510290.703173] EV_SYN       SYN_REPORT           00000000
[ 1510290.711766] EV_ABS       ABS_MT_TRACKING_ID   ffffffff
[ 1510290.711766] EV_KEY       BTN_TOUCH            UP
[ 1510290.711766] EV_KEY       BTN_TOOL_FINGER      UP
[ 1510290.711766] EV_SYN       SYN_REPORT           00000000
[ 1510291.093888] EV_ABS       ABS_MT_TRACKING_ID   00004ac4
[ 1510291.093888] EV_KEY       BTN_TOUCH            DOWN
[ 1510291.093888] EV_KEY       BTN_TOOL_FINGER      DOWN
[ 1510291.093888] EV_SYN       SYN_REPORT           00000000
[ 1510291.097525] EV_SYN       SYN_REPORT           00000000
[ 1510291.104434] EV_SYN       SYN_REPORT           00000000
[ 1510291.113624] EV_SYN       SYN_REPORT           00000000
[ 1510291.119986] EV_SYN       SYN_REPORT           00000000
[ 1510291.128424] EV_SYN       SYN_REPORT           00000000
[ 1510291.138456] EV_SYN       SYN_REPORT           00000000
[ 1510291.145005] EV_SYN       SYN_REPORT           00000000
[ 1510291.153589] EV_SYN       SYN_REPORT           00000000
[ 1510291.161719] EV_SYN       SYN_REPORT           00000000
[ 1510291.170702] EV_SYN       SYN_REPORT           00000000
[ 1510291.178296] EV_SYN       SYN_REPORT           00000000
[ 1510291.186624] EV_SYN       SYN_REPORT           00000000
[ 1510291.195159] EV_SYN       SYN_REPORT           00000000
[ 1510291.203675] EV_SYN       SYN_REPORT           00000000
[ 1510291.211653] EV_SYN       SYN_REPORT           00000000
[ 1510291.220073] EV_SYN       SYN_REPORT           00000000
[ 1510291.228527] EV_SYN       SYN_REPORT           00000000
[ 1510291.236955] EV_SYN       SYN_REPORT           00000000
[ 1510291.245494] EV_SYN       SYN_REPORT           00000000
[ 1510291.253523] EV_SYN       SYN_REPORT           00000000
[ 1510291.261801] EV_SYN       SYN_REPORT           00000000
[ 1510291.270408] EV_SYN       SYN_REPORT           00000000
[ 1510291.278470] EV_SYN       SYN_REPORT           00000000
[ 1510291.286789] EV_SYN       SYN_REPORT           00000000
[ 1510291.295198] EV_SYN       SYN_REPORT           00000000
[ 1510291.303470] EV_SYN       SYN_REPORT           00000000
[ 1510291.311675] EV_SYN       SYN_REPORT           00000000
[ 1510291.320044] EV_SYN       SYN_REPORT           00000000
[ 1510291.328401] EV_SYN       SYN_REPORT           00000000
[ 1510291.336908] EV_SYN       SYN_REPORT           00000000
[ 1510291.345047] EV_SYN       SYN_REPORT           00000000
[ 1510291.353825] EV_SYN       SYN_REPORT           00000000
[ 1510291.361924] EV_SYN       SYN_REPORT           00000000
[ 1510291.370351] EV_SYN       SYN_REPORT           00000000
[ 1510291.378600] EV_ABS       ABS_MT_TRACKING_ID   ffffffff
[ 1510291.378600] EV_KEY       BTN_TOUCH            UP
[ 1510291.378600] EV_KEY       BTN_TOOL_FINGER      UP
[ 1510291.378600] EV_SYN       SYN_REPORT           00000000
[ 1510291.769236] EV_ABS       ABS_MT_TRACKING_ID   00004ac5
[ 1510291.769236] EV_KEY       BTN_TOUCH            DOWN
[ 1510291.769236] EV_KEY       BTN_TOOL_FINGER      DOWN
[ 1510291.769236] EV_SYN       SYN_REPORT           00000000
[ 1510291.772897] EV_SYN       SYN_REPORT           00000000
[ 1510291.780561] EV_SYN       SYN_REPORT           00000000
[ 1510291.790155] EV_SYN       SYN_REPORT           00000000
[ 1510291.796734] EV_SYN       SYN_REPORT           00000000
[ 1510291.804196] EV_SYN       SYN_REPORT           00000000
[ 1510291.812295] EV_SYN       SYN_REPORT           00000000
[ 1510291.820554] EV_SYN       SYN_REPORT           00000000
[ 1510291.828895] EV_SYN       SYN_REPORT           00000000
[ 1510291.838771] EV_SYN       SYN_REPORT           00000000
[ 1510291.845463] EV_SYN       SYN_REPORT           00000000
[ 1510291.854863] EV_SYN       SYN_REPORT           00000000
[ 1510291.862459] EV_SYN       SYN_REPORT           00000000
[ 1510291.870853] EV_SYN       SYN_REPORT           00000000
[ 1510291.878818] EV_SYN       SYN_REPORT           00000000
[ 1510291.887162] EV_SYN       SYN_REPORT           00000000
[ 1510291.896479] EV_SYN       SYN_REPORT           00000000
[ 1510291.904139] EV_SYN       SYN_REPORT           00000000
[ 1510291.912154] EV_SYN       SYN_REPORT           00000000
[ 1510291.920673] EV_SYN       SYN_REPORT           00000000
[ 1510291.929437] EV_SYN       SYN_REPORT           00000000
[ 1510291.937415] EV_SYN       SYN_REPORT           00000000
[ 1510291.945530] EV_SYN       SYN_REPORT           00000000
[ 1510291.954454] EV_SYN       SYN_REPORT           00000000
[ 1510291.962356] EV_SYN       SYN_REPORT           00000000
[ 1510291.970753] EV_SYN       SYN_REPORT           00000000
[ 1510291.978969] EV_SYN       SYN_REPORT           00000000
[ 1510291.987465] EV_SYN       SYN_REPORT           00000000
[ 1510291.996104] EV_SYN       SYN_REPORT           00000000
[ 1510292.004094] EV_SYN       SYN_REPORT           00000000
[ 1510292.012374] EV_SYN       SYN_REPORT           00000000
[ 1510292.021160] EV_SYN       SYN_REPORT           00000000
[ 1510292.029133] EV_SYN       SYN_REPORT           00000000
[ 1510292.037716] EV_SYN       SYN_REPORT           00000000
[ 1510292.045522] EV_SYN       SYN_REPORT           00000000
[ 1510292.053931] EV_SYN       SYN_REPORT           00000000
[ 1510292.062363] EV_SYN       SYN_REPORT           00000000
[ 1510292.070954] EV_SYN       SYN_REPORT           00000000
[ 1510292.079466] EV_SYN       SYN_REPORT           00000000
[ 1510292.087401] EV_SYN       SYN_REPORT           00000000
[ 1510292.095733] EV_SYN       SYN_REPORT           00000000
[ 1510292.104194] EV_SYN       SYN_REPORT           00000000
[ 1510292.112583] EV_SYN       SYN_REPORT           00000000
[ 1510292.120789] EV_ABS       ABS_MT_TRACKING_ID   ffffffff
[ 1510292.120789] EV_KEY       BTN_TOUCH            UP
[ 1510292.120789] EV_KEY       BTN_TOOL_FINGER      UP
[ 1510292.120789] EV_SYN       SYN_REPORT           00000000
[ 1510292.510206] EV_ABS       ABS_MT_TRACKING_ID   00004ac6
[ 1510292.510206] EV_KEY       BTN_TOUCH            DOWN
[ 1510292.510206] EV_KEY       BTN_TOOL_FINGER      DOWN
[ 1510292.510206] EV_SYN       SYN_REPORT           00000000
[ 1510292.515417] EV_SYN       SYN_REPORT           00000000
[ 1510292.522177] EV_SYN       SYN_REPORT           00000000
[ 1510292.531861] EV_SYN       SYN_REPORT           00000000
[ 1510292.538388] EV_SYN       SYN_REPORT           00000000
[ 1510292.545836] EV_SYN       SYN_REPORT           00000000
[ 1510292.555721] EV_SYN       SYN_REPORT           00000000
[ 1510292.562624] EV_SYN       SYN_REPORT           00000000
[ 1510292.571171] EV_SYN       SYN_REPORT           00000000
[ 1510292.579590] EV_SYN       SYN_REPORT           00000000
[ 1510292.587562] EV_SYN       SYN_REPORT           00000000
[ 1510292.596377] EV_SYN       SYN_REPORT           00000000
[ 1510292.604514] EV_SYN       SYN_REPORT           00000000
[ 1510292.612530] EV_SYN       SYN_REPORT           00000000
[ 1510292.620922] EV_SYN       SYN_REPORT           00000000
[ 1510292.629668] EV_SYN       SYN_REPORT           00000000
[ 1510292.638847] EV_SYN       SYN_REPORT           00000000
[ 1510292.646008] EV_SYN       SYN_REPORT           00000000
[ 1510292.654873] EV_SYN       SYN_REPORT           00000000
[ 1510292.662673] EV_SYN       SYN_REPORT           00000000
[ 1510292.671261] EV_SYN       SYN_REPORT           00000000
[ 1510292.679369] EV_SYN       SYN_REPORT           00000000
[ 1510292.687747] EV_SYN       SYN_REPORT           00000000
[ 1510292.695934] EV_SYN       SYN_REPORT           00000000
[ 1510292.705065] EV_SYN       SYN_REPORT           00000000
[ 1510292.713850] EV_SYN       SYN_REPORT           00000000
[ 1510292.721201] EV_SYN       SYN_REPORT           00000000
[ 1510292.729532] EV_SYN       SYN_REPORT           00000000
[ 1510292.738894] EV_SYN       SYN_REPORT           00000000
[ 1510292.746134] EV_SYN       SYN_REPORT           00000000
[ 1510292.754717] EV_SYN       SYN_REPORT           00000000
[ 1510292.762623] EV_SYN       SYN_REPORT           00000000
[ 1510292.770975] EV_SYN       SYN_REPORT           00000000
[ 1510292.779332] EV_SYN       SYN_REPORT           00000000
[ 1510292.787745] EV_SYN       SYN_REPORT           00000000
[ 1510292.795975] EV_SYN       SYN_REPORT           00000000
[ 1510292.804420] EV_SYN       SYN_REPORT           00000000
[ 1510292.812638] EV_SYN       SYN_REPORT           00000000
[ 1510292.821153] EV_SYN       SYN_REPORT           00000000
[ 1510292.829632] EV_SYN       SYN_REPORT           00000000
[ 1510292.837823] EV_SYN       SYN_REPORT           00000000
[ 1510292.846046] EV_SYN       SYN_REPORT           00000000
[ 1510292.854954] EV_SYN       SYN_REPORT           00000000
[ 1510292.863182] EV_SYN       SYN_REPORT           00000000
[ 1510292.871186] EV_SYN       SYN_REPORT           00000000
[ 1510292.880097] EV_SYN       SYN_REPORT           00000000
[ 1510292.887743] EV_SYN       SYN_REPORT           00000000
[ 1510292.896124] EV_SYN       SYN_REPORT           00000000
[ 1510292.904761] EV_ABS       ABS_MT_TRACKING_ID   ffffffff
[ 1510292.904761] EV_KEY       BTN_TOUCH            UP
[ 1510292.904761] EV_KEY       BTN_TOOL_FINGER      UP
[ 1510292.904761] EV_SYN       SYN_REPORT           00000000
[ 1510293.217657] EV_ABS       ABS_MT_TRACKING_ID   00004ac7
[ 1510293.217657] EV_KEY       BTN_TOUCH            DOWN
[ 1510293.217657] EV_KEY       BTN_TOOL_FINGER      DOWN
[ 1510293.217657] EV_SYN       SYN_REPORT           00000000
[ 1510293.222540] EV_SYN       SYN_REPORT           00000000
[ 1510293.229657] EV_SYN       SYN_REPORT           00000000
[ 1510293.239699] EV_SYN       SYN_REPORT           00000000
[ 1510293.246619] EV_SYN       SYN_REPORT           00000000
[ 1510293.255163] EV_SYN       SYN_REPORT           00000000
[ 1510293.264086] EV_SYN       SYN_REPORT           00000000
[ 1510293.271146] EV_SYN       SYN_REPORT           00000000
[ 1510293.279675] EV_SYN       SYN_REPORT           00000000
[ 1510293.288049] EV_SYN       SYN_REPORT           00000000
[ 1510293.296311] EV_SYN       SYN_REPORT           00000000
[ 1510293.304534] EV_SYN       SYN_REPORT           00000000
[ 1510293.312875] EV_SYN       SYN_REPORT           00000000
[ 1510293.321274] EV_SYN       SYN_REPORT           00000000
[ 1510293.329683] EV_SYN       SYN_REPORT           00000000
[ 1510293.337964] EV_SYN       SYN_REPORT           00000000
[ 1510293.346422] EV_SYN       SYN_REPORT           00000000
[ 1510293.354714] EV_SYN       SYN_REPORT           00000000
[ 1510293.363228] EV_SYN       SYN_REPORT           00000000
[ 1510293.371252] EV_SYN       SYN_REPORT           00000000
[ 1510293.379766] EV_SYN       SYN_REPORT           00000000
[ 1510293.388141] EV_SYN       SYN_REPORT           00000000
[ 1510293.396140] EV_SYN       SYN_REPORT           00000000
[ 1510293.404538] EV_SYN       SYN_REPORT           00000000
[ 1510293.413196] EV_SYN       SYN_REPORT           00000000
[ 1510293.421534] EV_SYN       SYN_REPORT           00000000
[ 1510293.429702] EV_SYN       SYN_REPORT           00000000
[ 1510293.437945] EV_SYN       SYN_REPORT           00000000
[ 1510293.446338] EV_SYN       SYN_REPORT           00000000
[ 1510293.454848] EV_SYN       SYN_REPORT           00000000
[ 1510293.462945] EV_SYN       SYN_REPORT           00000000
[ 1510293.471287] EV_SYN       SYN_REPORT           00000000
[ 1510293.479639] EV_SYN       SYN_REPORT           00000000
[ 1510293.488425] EV_SYN       SYN_REPORT           00000000
[ 1510293.496201] EV_SYN       SYN_REPORT           00000000
[ 1510293.505330] EV_ABS       ABS_MT_TRACKING_ID   ffffffff
[ 1510293.505330] EV_KEY       BTN_TOUCH            UP
[ 1510293.505330] EV_KEY       BTN_TOOL_FINGER      UP
[ 1510293.505330] EV_SYN       SYN_REPORT           00000000
[ 1510294.036619] EV_ABS       ABS_MT_TRACKING_ID   00004ac8
[ 1510294.036619] EV_KEY       BTN_TOUCH            DOWN
[ 1510294.036619] EV_KEY       BTN_TOOL_FINGER      DOWN
[ 1510294.036619] EV_SYN       SYN_REPORT           00000000
[ 1510294.042210] EV_SYN       SYN_REPORT           00000000
[ 1510294.049987] EV_SYN       SYN_REPORT           00000000
[ 1510294.057975] EV_SYN       SYN_REPORT           00000000
[ 1510294.066170] EV_SYN       SYN_REPORT           00000000
[ 1510294.071714] EV_SYN       SYN_REPORT           00000000
[ 1510294.079957] EV_SYN       SYN_REPORT           00000000
[ 1510294.088223] EV_SYN       SYN_REPORT           00000000
[ 1510294.096642] EV_SYN       SYN_REPORT           00000000
[ 1510294.105071] EV_SYN       SYN_REPORT           00000000
[ 1510294.113886] EV_SYN       SYN_REPORT           00000000
[ 1510294.121575] EV_SYN       SYN_REPORT           00000000
[ 1510294.130913] EV_SYN       SYN_REPORT           00000000
[ 1510294.138263] EV_SYN       SYN_REPORT           00000000
[ 1510294.146813] EV_SYN       SYN_REPORT           00000000
[ 1510294.154976] EV_SYN       SYN_REPORT           00000000
[ 1510294.163284] EV_SYN       SYN_REPORT           00000000
[ 1510294.171901] EV_SYN       SYN_REPORT           00000000
[ 1510294.179866] EV_SYN       SYN_REPORT           00000000
[ 1510294.187965] EV_SYN       SYN_REPORT           00000000
[ 1510294.196519] EV_SYN       SYN_REPORT           00000000
[ 1510294.206053] EV_SYN       SYN_REPORT           00000000
[ 1510294.214889] EV_SYN       SYN_REPORT           00000000
[ 1510294.221524] EV_SYN       SYN_REPORT           00000000
[ 1510294.229833] EV_SYN       SYN_REPORT           00000000
[ 1510294.238332] EV_SYN       SYN_REPORT           00000000
[ 1510294.246724] EV_SYN       SYN_REPORT           00000000
[ 1510294.254856] EV_SYN       SYN_REPORT           00000000
[ 1510294.263264] EV_SYN       SYN_REPORT           00000000
[ 1510294.272198] EV_ABS       ABS_MT_TRACKING_ID   ffffffff
[ 1510294.272198] EV_KEY       BTN_TOUCH            UP
[ 1510294.272198] EV_KEY       BTN_TOOL_FINGER      UP
[ 1510294.272198] EV_SYN       SYN_REPORT           00000000
[ 1510294.820979] EV_ABS       ABS_MT_TRACKING_ID   00004ac9
[ 1510294.820979] EV_KEY       BTN_TOUCH            DOWN
[ 1510294.820979] EV_KEY       BTN_TOOL_FINGER      DOWN
[ 1510294.820979] EV_SYN       SYN_REPORT           00000000
[ 1510294.826758] EV_SYN       SYN_REPORT           00000000
[ 1510294.833520] EV_SYN       SYN_REPORT           00000000
[ 1510294.844000] EV_SYN       SYN_REPORT           00000000
[ 1510294.848691] EV_SYN       SYN_REPORT           00000000
[ 1510294.855790] EV_SYN       SYN_REPORT           00000000
[ 1510294.863528] EV_SYN       SYN_REPORT           00000000
[ 1510294.872800] EV_SYN       SYN_REPORT           00000000
[ 1510294.880369] EV_SYN       SYN_REPORT           00000000
[ 1510294.888743] EV_SYN       SYN_REPORT           00000000
[ 1510294.896887] EV_SYN       SYN_REPORT           00000000
[ 1510294.905856] EV_SYN       SYN_REPORT           00000000
[ 1510294.913714] EV_SYN       SYN_REPORT           00000000
[ 1510294.922657] EV_SYN       SYN_REPORT           00000000
[ 1510294.930247] EV_SYN       SYN_REPORT           00000000
[ 1510294.938706] EV_SYN       SYN_REPORT           00000000
[ 1510294.947108] EV_SYN       SYN_REPORT           00000000
[ 1510294.955533] EV_SYN       SYN_REPORT           00000000
[ 1510294.963642] EV_SYN       SYN_REPORT           00000000
[ 1510294.971942] EV_SYN       SYN_REPORT           00000000
[ 1510294.980387] EV_SYN       SYN_REPORT           00000000
[ 1510294.988852] EV_SYN       SYN_REPORT           00000000
[ 1510294.996992] EV_SYN       SYN_REPORT           00000000
[ 1510295.005925] EV_SYN       SYN_REPORT           00000000
[ 1510295.014298] EV_SYN       SYN_REPORT           00000000
[ 1510295.022116] EV_SYN       SYN_REPORT           00000000
[ 1510295.030114] EV_SYN       SYN_REPORT           00000000
[ 1510295.038658] EV_SYN       SYN_REPORT           00000000
[ 1510295.047428] EV_SYN       SYN_REPORT           00000000
[ 1510295.055408] EV_SYN       SYN_REPORT           00000000
[ 1510295.064048] EV_SYN       SYN_REPORT           00000000
[ 1510295.071985] EV_SYN       SYN_REPORT           00000000
[ 1510295.080639] EV_ABS       ABS_MT_TRACKING_ID   ffffffff
[ 1510295.080639] EV_KEY       BTN_TOUCH            UP
[ 1510295.080639] EV_KEY       BTN_TOOL_FINGER      UP
[ 1510295.080639] EV_SYN       SYN_REPORT           00000000
[ 1510295.572632] EV_ABS       ABS_MT_TRACKING_ID   00004aca
[ 1510295.572632] EV_KEY       BTN_TOUCH            DOWN
[ 1510295.572632] EV_KEY       BTN_TOOL_FINGER      DOWN
[ 1510295.572632] EV_SYN       SYN_REPORT           00000000
[ 1510295.575712] EV_SYN       SYN_REPORT           00000000
[ 1510295.583671] EV_SYN       SYN_REPORT           00000000
[ 1510295.593595] EV_SYN       SYN_REPORT           00000000
[ 1510295.599089] EV_SYN       SYN_REPORT           00000000
[ 1510295.607235] EV_SYN       SYN_REPORT           00000000
[ 1510295.614207] EV_SYN       SYN_REPORT           00000000
[ 1510295.622361] EV_SYN       SYN_REPORT           00000000
[ 1510295.630651] EV_SYN       SYN_REPORT           00000000
[ 1510295.638878] EV_SYN       SYN_REPORT           00000000
[ 1510295.647282] EV_SYN       SYN_REPORT           00000000
[ 1510295.655675] EV_SYN       SYN_REPORT           00000000
[ 1510295.663979] EV_SYN       SYN_REPORT           00000000
[ 1510295.672328] EV_SYN       SYN_REPORT           00000000
[ 1510295.680751] EV_SYN       SYN_REPORT           00000000
[ 1510295.689139] EV_SYN       SYN_REPORT           00000000
[ 1510295.697324] EV_SYN       SYN_REPORT           00000000
[ 1510295.705541] EV_SYN       SYN_REPORT           00000000
[ 1510295.713966] EV_SYN       SYN_REPORT           00000000
[ 1510295.723064] EV_SYN       SYN_REPORT           00000000
[ 1510295.730669] EV_SYN       SYN_REPORT           00000000
[ 1510295.739001] EV_SYN       SYN_REPORT           00000000
[ 1510295.747306] EV_SYN       SYN_REPORT           00000000
[ 1510295.755860] EV_SYN       SYN_REPORT           00000000
[ 1510295.763872] EV_SYN       SYN_REPORT           00000000
[ 1510295.772233] EV_SYN       SYN_REPORT           00000000
[ 1510295.780922] EV_ABS       ABS_MT_TRACKING_ID   ffffffff
[ 1510295.780922] EV_KEY       BTN_TOUCH            UP
[ 1510295.780922] EV_KEY       BTN_TOOL_FINGER      UP
[ 1510295.780922] EV_SYN       SYN_REPORT           00000000
[ 1510296.345787] EV_ABS       ABS_MT_TRACKING_ID   00004acb
[ 1510296.345787] EV_KEY       BTN_TOUCH            DOWN
[ 1510296.345787] EV_KEY       BTN_TOOL_FINGER      DOWN
[ 1510296.345787] EV_SYN       SYN_REPORT           00000000
[ 1510296.352191] EV_SYN       SYN_REPORT           00000000
[ 1510296.359281] EV_SYN       SYN_REPORT           00000000
[ 1510296.366813] EV_SYN       SYN_REPORT           00000000
[ 1510296.374299] EV_SYN       SYN_REPORT           00000000
[ 1510296.382033] EV_SYN       SYN_REPORT           00000000
[ 1510296.389055] EV_SYN       SYN_REPORT           00000000
[ 1510296.397451] EV_SYN       SYN_REPORT           00000000
[ 1510296.406028] EV_SYN       SYN_REPORT           00000000
[ 1510296.414437] EV_SYN       SYN_REPORT           00000000
[ 1510296.422437] EV_SYN       SYN_REPORT           00000000
[ 1510296.430877] EV_SYN       SYN_REPORT           00000000
[ 1510296.439244] EV_SYN       SYN_REPORT           00000000
[ 1510296.447760] EV_SYN       SYN_REPORT           00000000
[ 1510296.456102] EV_SYN       SYN_REPORT           00000000
[ 1510296.464173] EV_SYN       SYN_REPORT           00000000
[ 1510296.472613] EV_SYN       SYN_REPORT           00000000
[ 1510296.481239] EV_SYN       SYN_REPORT           00000000
[ 1510296.489727] EV_SYN       SYN_REPORT           00000000
[ 1510296.498334] EV_SYN       SYN_REPORT           00000000
[ 1510296.505866] EV_SYN       SYN_REPORT           00000000
[ 1510296.514443] EV_SYN       SYN_REPORT           00000000
[ 1510296.522282] EV_SYN       SYN_REPORT           00000000
[ 1510296.530877] EV_SYN       SYN_REPORT           00000000
[ 1510296.539305] EV_SYN       SYN_REPORT           00000000
[ 1510296.547618] EV_SYN       SYN_REPORT           00000000
[ 1510296.555594] EV_SYN       SYN_REPORT           00000000
[ 1510296.564088] EV_SYN       SYN_REPORT           00000000
[ 1510296.572544] EV_SYN       SYN_REPORT           00000000
[ 1510296.581046] EV_SYN       SYN_REPORT           00000000
[ 1510296.589130] EV_SYN       SYN_REPORT           00000000
[ 1510296.597460] EV_SYN       SYN_REPORT           00000000
[ 1510296.605967] EV_SYN       SYN_REPORT           00000000
[ 1510296.614354] EV_SYN       SYN_REPORT           00000000
[ 1510296.622618] EV_SYN       SYN_REPORT           00000000
[ 1510296.630696] EV_SYN       SYN_REPORT           00000000
[ 1510296.639428] EV_SYN       SYN_REPORT           00000000
[ 1510296.647683] EV_ABS       ABS_MT_TRACKING_ID   ffffffff
[ 1510296.647683] EV_KEY       BTN_TOUCH            UP
[ 1510296.647683] EV_KEY       BTN_TOOL_FINGER      UP
[ 1510296.647683] EV_SYN       SYN_REPORT           00000000
[ 1510297.042678] EV_ABS       ABS_MT_TRACKING_ID   00004acc
[ 1510297.042678] EV_KEY       BTN_TOUCH            DOWN
[ 1510297.042678] EV_KEY       BTN_TOOL_FINGER      DOWN
[ 1510297.042678] EV_SYN       SYN_REPORT           00000000
[ 1510297.049949] EV_SYN       SYN_REPORT           00000000
[ 1510297.057378] EV_SYN       SYN_REPORT           00000000
[ 1510297.064232] EV_SYN       SYN_REPORT           00000000
[ 1510297.072750] EV_SYN       SYN_REPORT           00000000
[ 1510297.081066] EV_SYN       SYN_REPORT           00000000
[ 1510297.089957] EV_SYN       SYN_REPORT           00000000
[ 1510297.097722] EV_SYN       SYN_REPORT           00000000
[ 1510297.106050] EV_SYN       SYN_REPORT           00000000
[ 1510297.114556] EV_SYN       SYN_REPORT           00000000
[ 1510297.122850] EV_SYN       SYN_REPORT           00000000
[ 1510297.130943] EV_SYN       SYN_REPORT           00000000
[ 1510297.139464] EV_SYN       SYN_REPORT           00000000
[ 1510297.147854] EV_SYN       SYN_REPORT           00000000
[ 1510297.156140] EV_SYN       SYN_REPORT           00000000
[ 1510297.164312] EV_SYN       SYN_REPORT           00000000
[ 1510297.173086] EV_SYN       SYN_REPORT           00000000
[ 1510297.181162] EV_SYN       SYN_REPORT           00000000
[ 1510297.189807] EV_SYN       SYN_REPORT           00000000
[ 1510297.198107] EV_SYN       SYN_REPORT           00000000
[ 1510297.206392] EV_SYN       SYN_REPORT           00000000
[ 1510297.214619] EV_SYN       SYN_REPORT           00000000
[ 1510297.222871] EV_SYN       SYN_REPORT           00000000
[ 1510297.230994] EV_SYN       SYN_REPORT           00000000
[ 1510297.239636] EV_SYN       SYN_REPORT           00000000
[ 1510297.247888] EV_SYN       SYN_REPORT           00000000
[ 1510297.256325] EV_SYN       SYN_REPORT           00000000
[ 1510297.264783] EV_SYN       SYN_REPORT           00000000
[ 1510297.272873] EV_SYN       SYN_REPORT           00000000
[ 1510297.281590] EV_SYN       SYN_REPORT           00000000
[ 1510297.289527] EV_SYN       SYN_REPORT           00000000
[ 1510297.298308] EV_SYN       SYN_REPORT           00000000
[ 1510297.306171] EV_SYN       SYN_REPORT           00000000
[ 1510297.314605] EV_SYN       SYN_REPORT           00000000
[ 1510297.322959] EV_ABS       ABS_MT_TRACKING_ID   ffffffff
[ 1510297.322959] EV_KEY       BTN_TOUCH            UP
[ 1510297.322959] EV_KEY       BTN_TOOL_FINGER      UP
[ 1510297.322959] EV_SYN       SYN_REPORT           00000000
[ 1510297.721230] EV_ABS       ABS_MT_TRACKING_ID   00004acd
[ 1510297.721230] EV_KEY       BTN_TOUCH            DOWN
[ 1510297.721230] EV_KEY       BTN_TOOL_FINGER      DOWN
[ 1510297.721230] EV_SYN       SYN_REPORT           00000000
[ 1510297.725995] EV_SYN       SYN_REPORT           00000000
[ 1510297.733127] EV_SYN       SYN_REPORT           00000000
[ 1510297.740954] EV_SYN       SYN_REPORT           00000000
[ 1510297.749930] EV_SYN       SYN_REPORT           00000000
[ 1510297.756760] EV_SYN       SYN_REPORT           00000000
[ 1510297.765047] EV_SYN       SYN_REPORT           00000000
[ 1510297.773109] EV_SYN       SYN_REPORT           00000000
[ 1510297.781559] EV_SYN       SYN_REPORT           00000000
[ 1510297.789937] EV_SYN       SYN_REPORT           00000000
[ 1510297.798447] EV_SYN       SYN_REPORT           00000000
[ 1510297.806422] EV_SYN       SYN_REPORT           00000000
[ 1510297.815003] EV_SYN       SYN_REPORT           00000000
[ 1510297.823421] EV_SYN       SYN_REPORT           00000000
[ 1510297.831713] EV_SYN       SYN_REPORT           00000000
[ 1510297.839778] EV_SYN       SYN_REPORT           00000000
[ 1510297.848265] EV_SYN       SYN_REPORT           00000000
[ 1510297.856768] EV_SYN       SYN_REPORT           00000000
[ 1510297.865163] EV_SYN       SYN_REPORT           00000000
[ 1510297.873355] EV_SYN       SYN_REPORT           00000000
[ 1510297.881535] EV_SYN       SYN_REPORT           00000000
[ 1510297.891124] EV_SYN       SYN_REPORT           00000000
[ 1510297.898348] EV_SYN       SYN_REPORT           00000000
[ 1510297.906833] EV_SYN       SYN_REPORT           00000000
[ 1510297.914798] EV_SYN       SYN_REPORT           00000000
[ 1510297.923370] EV_SYN       SYN_REPORT           00000000
[ 1510297.931659] EV_SYN       SYN_REPORT           00000000
[ 1510297.939939] EV_ABS       ABS_MT_TRACKING_ID   ffffffff
[ 1510297.939939] EV_KEY       BTN_TOUCH            UP
[ 1510297.939939] EV_KEY       BTN_TOOL_FINGER      UP
[ 1510297.939939] EV_SYN       SYN_REPORT           00000000
[ 1510298.379989] EV_ABS       ABS_MT_TRACKING_ID   00004ace
[ 1510298.379989] EV_KEY       BTN_TOUCH            DOWN
[ 1510298.379989] EV_KEY       BTN_TOOL_FINGER      DOWN
[ 1510298.379989] EV_SYN       SYN_REPORT           00000000
[ 1510298.386085] EV_SYN       SYN_REPORT           00000000
[ 1510298.391910] EV_SYN       SYN_REPORT           00000000
[ 1510298.400347] EV_SYN       SYN_REPORT           00000000
[ 1510298.406910] EV_SYN       SYN_REPORT           00000000
[ 1510298.415244] EV_SYN       SYN_REPORT           00000000
[ 1510298.423391] EV_SYN       SYN_REPORT           00000000
[ 1510298.431967] EV_SYN       SYN_REPORT           00000000
[ 1510298.440270] EV_SYN       SYN_REPORT           00000000
[ 1510298.448681] EV_SYN       SYN_REPORT           00000000
[ 1510298.456770] EV_SYN       SYN_REPORT           00000000
[ 1510298.465317] EV_SYN       SYN_REPORT           00000000
[ 1510298.473596] EV_SYN       SYN_REPORT           00000000
[ 1510298.482613] EV_SYN       SYN_REPORT           00000000
[ 1510298.490234] EV_SYN       SYN_REPORT           00000000
[ 1510298.498565] EV_SYN       SYN_REPORT           00000000
[ 1510298.506928] EV_SYN       SYN_REPORT           00000000
[ 1510298.515298] EV_SYN       SYN_REPORT           00000000
[ 1510298.523293] EV_SYN       SYN_REPORT           00000000
[ 1510298.531973] EV_SYN       SYN_REPORT           00000000
[ 1510298.540311] EV_SYN       SYN_REPORT           00000000
[ 1510298.548801] EV_ABS       ABS_MT_TRACKING_ID   ffffffff
[ 1510298.548801] EV_KEY       BTN_TOUCH            UP
[ 1510298.548801] EV_KEY       BTN_TOOL_FINGER      UP
[ 1510298.548801] EV_SYN       SYN_REPORT           00000000
[ 1510299.207371] EV_ABS       ABS_MT_TRACKING_ID   00004acf
[ 1510299.207371] EV_KEY       BTN_TOUCH            DOWN
[ 1510299.207371] EV_KEY       BTN_TOOL_FINGER      DOWN
[ 1510299.207371] EV_SYN       SYN_REPORT           00000000
[ 1510299.213881] EV_SYN       SYN_REPORT           00000000
[ 1510299.220671] EV_SYN       SYN_REPORT           00000000
[ 1510299.229790] EV_SYN       SYN_REPORT           00000000
[ 1510299.235429] EV_SYN       SYN_REPORT           00000000
[ 1510299.242821] EV_SYN       SYN_REPORT           00000000
[ 1510299.250325] EV_SYN       SYN_REPORT           00000000
[ 1510299.257550] EV_SYN       SYN_REPORT           00000000
[ 1510299.265723] EV_SYN       SYN_REPORT           00000000
[ 1510299.273997] EV_SYN       SYN_REPORT           00000000
[ 1510299.283085] EV_SYN       SYN_REPORT           00000000
[ 1510299.290635] EV_SYN       SYN_REPORT           00000000
[ 1510299.299032] EV_SYN       SYN_REPORT           00000000
[ 1510299.307348] EV_SYN       SYN_REPORT           00000000
[ 1510299.315836] EV_SYN       SYN_REPORT           00000000
[ 1510299.323934] EV_SYN       SYN_REPORT           00000000
[ 1510299.332631] EV_SYN       SYN_REPORT           00000000
[ 1510299.341197] EV_SYN       SYN_REPORT           00000000
[ 1510299.350539] EV_SYN       SYN_REPORT           00000000
[ 1510299.357167] EV_SYN       SYN_REPORT           00000000
[ 1510299.366514] EV_SYN       SYN_REPORT           00000000
[ 1510299.374726] EV_ABS       ABS_MT_TRACKING_ID   ffffffff
[ 1510299.374726] EV_KEY       BTN_TOUCH            UP
[ 1510299.374726] EV_KEY       BTN_TOOL_FINGER      UP
[ 1510299.374726] EV_SYN       SYN_REPORT           00000000
[ 1510299.858920] EV_ABS       ABS_MT_TRACKING_ID   00004ad0
[ 1510299.858920] EV_KEY       BTN_TOUCH            DOWN
[ 1510299.858920] EV_KEY       BTN_TOOL_FINGER      DOWN
[ 1510299.858920] EV_SYN       SYN_REPORT           00000000
[ 1510299.861999] EV_SYN       SYN_REPORT           00000000
[ 1510299.868488] EV_SYN       SYN_REPORT           00000000
[ 1510299.878426] EV_SYN       SYN_REPORT           00000000
[ 1510299.883375] EV_SYN       SYN_REPORT           00000000
[ 1510299.892380] EV_SYN       SYN_REPORT           00000000
[ 1510299.900328] EV_SYN       SYN_REPORT           00000000
[ 1510299.907638] EV_SYN       SYN_REPORT           00000000
[ 1510299.916093] EV_SYN       SYN_REPORT           00000000
[ 1510299.924362] EV_SYN       SYN_REPORT           00000000
[ 1510299.932552] EV_SYN       SYN_REPORT           00000000
[ 1510299.940980] EV_SYN       SYN_REPORT           00000000
[ 1510299.949443] EV_SYN       SYN_REPORT           00000000
[ 1510299.958861] EV_SYN       SYN_REPORT           00000000
[ 1510299.965903] EV_SYN       SYN_REPORT           00000000
[ 1510299.974344] EV_SYN       SYN_REPORT           00000000
[ 1510299.982706] EV_SYN       SYN_REPORT           00000000
[ 1510299.990869] EV_SYN       SYN_REPORT           00000000
[ 1510299.999253] EV_SYN       SYN_REPORT           00000000
[ 1510300.007720] EV_SYN       SYN_REPORT           00000000
[ 1510300.016223] EV_SYN       SYN_REPORT           00000000
[ 1510300.024190] EV_SYN       SYN_REPORT           00000000
[ 1510300.032637] EV_SYN       SYN_REPORT           00000000
[ 1510300.041625] EV_SYN       SYN_REPORT           00000000
[ 1510300.049520] EV_SYN       SYN_REPORT           00000000
[ 1510300.057548] EV_SYN       SYN_REPORT           00000000
[ 1510300.066382] EV_SYN       SYN_REPORT           00000000
[ 1510300.074858] EV_SYN       SYN_REPORT           00000000
[ 1510300.082921] EV_SYN       SYN_REPORT           00000000
[ 1510300.091034] EV_SYN       SYN_REPORT           00000000
[ 1510300.099291] EV_SYN       SYN_REPORT           00000000
[ 1510300.107715] EV_SYN       SYN_REPORT           00000000
[ 1510300.116448] EV_SYN       SYN_REPORT           00000000
[ 1510300.124414] EV_ABS       ABS_MT_TRACKING_ID   ffffffff
[ 1510300.124414] EV_KEY       BTN_TOUCH            UP
[ 1510300.124414] EV_KEY       BTN_TOOL_FINGER      UP
[ 1510300.124414] EV_SYN       SYN_REPORT           00000000
[ 1510300.557220] EV_ABS       ABS_MT_TRACKING_ID   00004ad1
[ 1510300.557220] EV_KEY       BTN_TOUCH            DOWN
[ 1510300.557220] EV_KEY       BTN_TOOL_FINGER      DOWN
[ 1510300.557220] EV_SYN       SYN_REPORT           00000000
[ 1510300.562276] EV_SYN       SYN_REPORT           00000000
[ 1510300.568013] EV_SYN       SYN_REPORT           00000000
[ 1510300.575910] EV_SYN       SYN_REPORT           00000000
[ 1510300.582952] EV_SYN       SYN_REPORT           00000000
[ 1510300.591391] EV_SYN       SYN_REPORT           00000000
[ 1510300.599410] EV_SYN       SYN_REPORT           00000000
[ 1510300.607794] EV_SYN       SYN_REPORT           00000000
[ 1510300.616334] EV_SYN       SYN_REPORT           00000000
[ 1510300.624910] EV_SYN       SYN_REPORT           00000000
[ 1510300.633003] EV_SYN       SYN_REPORT           00000000
[ 1510300.641245] EV_SYN       SYN_REPORT           00000000
[ 1510300.649703] EV_SYN       SYN_REPORT           00000000
[ 1510300.658645] EV_SYN       SYN_REPORT           00000000
[ 1510300.666871] EV_SYN       SYN_REPORT           00000000
[ 1510300.674670] EV_SYN       SYN_REPORT           00000000
[ 1510300.683054] EV_SYN       SYN_REPORT           00000000
[ 1510300.691326] EV_SYN       SYN_REPORT           00000000
[ 1510300.699467] EV_SYN       SYN_REPORT           00000000
[ 1510300.707937] EV_SYN       SYN_REPORT           00000000
[ 1510300.716407] EV_SYN       SYN_REPORT           00000000
[ 1510300.724755] EV_SYN       SYN_REPORT           00000000
[ 1510300.732975] EV_SYN       SYN_REPORT           00000000
[ 1510300.741206] EV_SYN       SYN_REPORT           00000000
[ 1510300.749637] EV_SYN       SYN_REPORT           00000000
[ 1510300.758088] EV_SYN       SYN_REPORT           00000000
[ 1510300.766301] EV_SYN       SYN_REPORT           00000000
[ 1510300.774617] EV_SYN       SYN_REPORT           00000000
[ 1510300.782990] EV_SYN       SYN_REPORT           00000000
[ 1510300.791433] EV_SYN       SYN_REPORT           00000000
[ 1510300.800400] EV_SYN       SYN_REPORT           00000000
[ 1510300.807944] EV_SYN       SYN_REPORT           00000000
[ 1510300.817264] EV_ABS       ABS_MT_TRACKING_ID   ffffffff
[ 1510300.817264] EV_KEY       BTN_TOUCH            UP
[ 1510300.817264] EV_KEY       BTN_TOOL_FINGER      UP
[ 1510300.817264] EV_SYN       SYN_REPORT           00000000
[ 1510301.309090] EV_ABS       ABS_MT_TRACKING_ID   00004ad2
[ 1510301.309090] EV_KEY       BTN_TOUCH            DOWN
[ 1510301.309090] EV_KEY       BTN_TOOL_FINGER      DOWN
[ 1510301.309090] EV_SYN       SYN_REPORT           00000000
[ 1510301.311784] EV_SYN       SYN_REPORT           00000000
[ 1510301.320414] EV_SYN       SYN_REPORT           00000000
[ 1510301.327276] EV_SYN       SYN_REPORT           00000000
[ 1510301.333561] EV_SYN       SYN_REPORT           00000000
[ 1510301.342161] EV_SYN       SYN_REPORT           00000000
[ 1510301.351263] EV_SYN       SYN_REPORT           00000000
[ 1510301.358521] EV_SYN       SYN_REPORT           00000000
[ 1510301.366673] EV_SYN       SYN_REPORT           00000000
[ 1510301.374867] EV_SYN       SYN_REPORT           00000000
[ 1510301.383282] EV_SYN       SYN_REPORT           00000000
[ 1510301.391682] EV_SYN       SYN_REPORT           00000000
[ 1510301.400325] EV_SYN       SYN_REPORT           00000000
[ 1510301.408222] EV_SYN       SYN_REPORT           00000000
[ 1510301.416710] EV_SYN       SYN_REPORT           00000000
[ 1510301.425160] EV_SYN       SYN_REPORT           00000000
[ 1510301.433362] EV_SYN       SYN_REPORT           00000000
[ 1510301.441588] EV_SYN       SYN_REPORT           00000000
[ 1510301.450159] EV_ABS       ABS_MT_TRACKING_ID   ffffffff
[ 1510301.450159] EV_KEY       BTN_TOUCH            UP
[ 1510301.450159] EV_KEY       BTN_TOOL_FINGER      UP
[ 1510301.450159] EV_SYN       SYN_REPORT           00000000
[ 1510302.117354] EV_ABS       ABS_MT_TRACKING_ID   00004ad3
[ 1510302.117354] EV_KEY       BTN_TOUCH            DOWN
[ 1510302.117354] EV_KEY       BTN_TOOL_FINGER      DOWN
[ 1510302.117354] EV_SYN       SYN_REPORT           00000000
[ 1510302.123750] EV_SYN       SYN_REPORT           00000000
[ 1510302.130242] EV_SYN       SYN_REPORT           00000000
[ 1510302.139467] EV_SYN       SYN_REPORT           00000000
[ 1510302.146189] EV_SYN       SYN_REPORT           00000000
[ 1510302.152314] EV_SYN       SYN_REPORT           00000000
[ 1510302.159777] EV_SYN       SYN_REPORT           00000000
[ 1510302.166993] EV_SYN       SYN_REPORT           00000000
[ 1510302.175541] EV_SYN       SYN_REPORT           00000000
[ 1510302.183556] EV_SYN       SYN_REPORT           00000000
[ 1510302.191887] EV_SYN       SYN_REPORT           00000000
[ 1510302.200429] EV_SYN       SYN_REPORT           00000000
[ 1510302.208721] EV_SYN       SYN_REPORT           00000000
[ 1510302.217026] EV_SYN       SYN_REPORT           00000000
[ 1510302.226258] EV_SYN       SYN_REPORT           00000000
[ 1510302.233894] EV_SYN       SYN_REPORT           00000000
[ 1510302.242795] EV_SYN       SYN_REPORT           00000000
[ 1510302.250205] EV_SYN       SYN_REPORT           00000000
[ 1510302.258714] EV_SYN       SYN_REPORT           00000000
[ 1510302.267046] EV_SYN       SYN_REPORT           00000000
[ 1510302.275442] EV_SYN       SYN_REPORT           00000000
[ 1510302.283595] EV_SYN       SYN_REPORT           00000000
[ 1510302.292146] EV_SYN       SYN_REPORT           00000000
[ 1510302.300918] EV_SYN       SYN_REPORT           00000000
[ 1510302.308888] EV_SYN       SYN_REPORT           00000000
[ 1510302.317018] EV_SYN       SYN_REPORT           00000000
[ 1510302.327247] EV_SYN       SYN_REPORT           00000000
[ 1510302.333843] EV_SYN       SYN_REPORT           00000000
[ 1510302.342483] EV_ABS       ABS_MT_TRACKING_ID   ffffffff
[ 1510302.342483] EV_KEY       BTN_TOUCH            UP
[ 1510302.342483] EV_KEY       BTN_TOOL_FINGER      UP
[ 1510302.342483] EV_SYN       SYN_REPORT           00000000
[ 1510302.741382] EV_ABS       ABS_MT_TRACKING_ID   00004ad4
[ 1510302.741382] EV_KEY       BTN_TOUCH            DOWN
[ 1510302.741382] EV_KEY       BTN_TOOL_FINGER      DOWN
[ 1510302.741382] EV_SYN       SYN_REPORT           00000000
[ 1510302.745958] EV_SYN       SYN_REPORT           00000000
[ 1510302.752227] EV_SYN       SYN_REPORT           00000000
[ 1510302.762368] EV_SYN       SYN_REPORT           00000000
[ 1510302.767401] EV_SYN       SYN_REPORT           00000000
[ 1510302.775621] EV_SYN       SYN_REPORT           00000000
[ 1510302.784197] EV_SYN       SYN_REPORT           00000000
[ 1510302.792267] EV_SYN       SYN_REPORT           00000000
[ 1510302.800644] EV_SYN       SYN_REPORT           00000000
[ 1510302.809045] EV_SYN       SYN_REPORT           00000000
[ 1510302.817856] EV_SYN       SYN_REPORT           00000000
[ 1510302.825680] EV_SYN       SYN_REPORT           00000000
[ 1510302.833955] EV_SYN       SYN_REPORT           00000000
[ 1510302.842975] EV_SYN       SYN_REPORT           00000000
[ 1510302.850961] EV_SYN       SYN_REPORT           00000000
[ 1510302.858924] EV_SYN       SYN_REPORT           00000000
[ 1510302.867321] EV_SYN       SYN_REPORT           00000000
[ 1510302.875729] EV_SYN       SYN_REPORT           00000000
[ 1510302.885396] EV_SYN       SYN_REPORT           00000000
[ 1510302.892245] EV_SYN       SYN_REPORT           00000000
[ 1510302.900647] EV_SYN       SYN_REPORT           00000000
[ 1510302.909338] EV_SYN       SYN_REPORT           00000000
[ 1510302.917589] EV_SYN       SYN_REPORT           00000000
[ 1510302.926034] EV_SYN       SYN_REPORT           00000000
[ 1510302.934000] EV_SYN       SYN_REPORT           00000000
[ 1510302.942566] EV_SYN       SYN_REPORT           00000000
[ 1510302.951057] EV_SYN       SYN_REPORT           00000000
[ 1510302.958888] EV_SYN       SYN_REPORT           00000000
[ 1510302.967363] EV_SYN       SYN_REPORT           00000000
[ 1510302.975794] EV_SYN       SYN_REPORT           00000000
[ 1510302.984290] EV_SYN       SYN_REPORT           00000000
[ 1510302.992299] EV_SYN       SYN_REPORT           00000000
[ 1510303.000664] EV_SYN       SYN_REPORT           00000000
[ 1510303.009770] EV_SYN       SYN_REPORT           00000000
[ 1510303.017486] EV_SYN       SYN_REPORT           00000000
[ 1510303.025982] EV_ABS       ABS_MT_TRACKING_ID   ffffffff
[ 1510303.025982] EV_KEY       BTN_TOUCH            UP
[ 1510303.025982] EV_KEY       BTN_TOOL_FINGER      UP
[ 1510303.025982] EV_SYN       SYN_REPORT           00000000
[ 1510303.414015] EV_ABS       ABS_MT_TRACKING_ID   00004ad5
[ 1510303.414015] EV_KEY       BTN_TOUCH            DOWN
[ 1510303.414015] EV_KEY       BTN_TOOL_FINGER      DOWN
[ 1510303.414015] EV_SYN       SYN_REPORT           00000000
[ 1510303.420246] EV_SYN       SYN_REPORT           00000000
[ 1510303.427343] EV_SYN       SYN_REPORT           00000000
[ 1510303.436998] EV_SYN       SYN_REPORT           00000000
[ 1510303.442820] EV_SYN       SYN_REPORT           00000000
[ 1510303.452584] EV_SYN       SYN_REPORT           00000000
[ 1510303.459155] EV_SYN       SYN_REPORT           00000000
[ 1510303.467691] EV_SYN       SYN_REPORT           00000000
[ 1510303.476205] EV_SYN       SYN_REPORT           00000000
[ 1510303.484394] EV_SYN       SYN_REPORT           00000000
[ 1510303.493137] EV_SYN       SYN_REPORT           00000000
[ 1510303.502091] EV_SYN       SYN_REPORT           00000000
[ 1510303.509426] EV_SYN       SYN_REPORT           00000000
[ 1510303.518383] EV_SYN       SYN_REPORT           00000000
[ 1510303.526085] EV_SYN       SYN_REPORT           00000000
[ 1510303.534319] EV_SYN       SYN_REPORT           00000000
[ 1510303.542725] EV_SYN       SYN_REPORT           00000000
[ 1510303.551215] EV_SYN       SYN_REPORT           00000000
[ 1510303.559408] EV_SYN       SYN_REPORT           00000000
[ 1510303.567675] EV_SYN       SYN_REPORT           00000000
[ 1510303.576229] EV_ABS       ABS_MT_TRACKING_ID   ffffffff
[ 1510303.576229] EV_KEY       BTN_TOUCH            UP
[ 1510303.576229] EV_KEY       BTN_TOOL_FINGER      UP
[ 1510303.576229] EV_SYN       SYN_REPORT           00000000
[ 1510304.145298] EV_ABS       ABS_MT_TRACKING_ID   00004ad6
[ 1510304.145298] EV_KEY       BTN_TOUCH            DOWN
[ 1510304.145298] EV_KEY       BTN_TOOL_FINGER      DOWN
[ 1510304.145298] EV_SYN       SYN_REPORT           00000000
[ 1510304.148187] EV_SYN       SYN_REPORT           00000000
[ 1510304.155409] EV_SYN       SYN_REPORT           00000000
[ 1510304.163140] EV_SYN       SYN_REPORT           00000000
[ 1510304.169944] EV_SYN       SYN_REPORT           00000000
[ 1510304.177444] EV_SYN       SYN_REPORT           00000000
[ 1510304.184710] EV_SYN       SYN_REPORT           00000000
[ 1510304.192812] EV_SYN       SYN_REPORT           00000000
[ 1510304.203098] EV_SYN       SYN_REPORT           00000000
[ 1510304.209836] EV_SYN       SYN_REPORT           00000000
[ 1510304.218632] EV_SYN       SYN_REPORT           00000000
[ 1510304.226855] EV_SYN       SYN_REPORT           00000000
[ 1510304.235075] EV_SYN       SYN_REPORT           00000000
[ 1510304.243420] EV_SYN       SYN_REPORT           00000000
[ 1510304.251501] EV_SYN       SYN_REPORT           00000000
[ 1510304.259726] EV_SYN       SYN_REPORT           00000000
[ 1510304.268078] EV_SYN       SYN_REPORT           00000000
[ 1510304.276390] EV_SYN       SYN_REPORT           00000000
[ 1510304.284710] EV_SYN       SYN_REPORT           00000000
[ 1510304.292847] EV_SYN       SYN_REPORT           00000000
[ 1510304.302797] EV_SYN       SYN_REPORT           00000000
[ 1510304.309842] EV_SYN       SYN_REPORT           00000000
[ 1510304.318613] EV_SYN       SYN_REPORT           00000000
[ 1510304.326310] EV_SYN       SYN_REPORT           00000000
[ 1510304.334695] EV_SYN       SYN_REPORT           00000000
[ 1510304.343385] EV_ABS       ABS_MT_TRACKING_ID   ffffffff
[ 1510304.343385] EV_KEY       BTN_TOUCH            UP
[ 1510304.343385] EV_KEY       BTN_TOOL_FINGER      UP
[ 1510304.343385] EV_SYN       SYN_REPORT           00000000
[ 1510304.740763] EV_ABS       ABS_MT_TRACKING_ID   00004ad7
[ 1510304.740763] EV_KEY       BTN_TOUCH            DOWN
[ 1510304.740763] EV_KEY       BTN_TOOL_FINGER      DOWN
[ 1510304.740763] EV_SYN       SYN_REPORT           00000000
[ 1510304.747640] EV_SYN       SYN_REPORT           00000000
[ 1510304.753070] EV_SYN       SYN_REPORT           00000000
[ 1510304.761440] EV_SYN       SYN_REPORT           00000000
[ 1510304.768371] EV_SYN       SYN_REPORT           00000000
[ 1510304.776557] EV_SYN       SYN_REPORT           00000000
[ 1510304.785710] EV_SYN       SYN_REPORT           00000000
[ 1510304.793327] EV_SYN       SYN_REPORT           00000000
[ 1510304.801961] EV_SYN       SYN_REPORT           00000000
[ 1510304.810114] EV_SYN       SYN_REPORT           00000000
[ 1510304.818460] EV_SYN       SYN_REPORT           00000000
[ 1510304.826788] EV_SYN       SYN_REPORT           00000000
[ 1510304.834892] EV_SYN       SYN_REPORT           00000000
[ 1510304.843441] EV_SYN       SYN_REPORT           00000000
[ 1510304.851796] EV_SYN       SYN_REPORT           00000000
[ 1510304.860163] EV_SYN       SYN_REPORT           00000000
[ 1510304.868273] EV_SYN       SYN_REPORT           00000000
[ 1510304.876714] EV_SYN       SYN_REPORT           00000000
[ 1510304.885056] EV_SYN       SYN_REPORT           00000000
[ 1510304.893442] EV_SYN       SYN_REPORT           00000000
[ 1510304.901883] EV_ABS       ABS_MT_TRACKING_ID   ffffffff
[ 1510304.901883] EV_KEY       BTN_TOUCH            UP
[ 1510304.901883] EV_KEY       BTN_TOOL_FINGER      UP
[ 1510304.901883] EV_SYN       SYN_REPORT           00000000
[ 1510305.856009] EV_ABS       ABS_MT_TRACKING_ID   00004ad8
[ 1510305.856009] EV_KEY       BTN_TOUCH            DOWN
[ 1510305.856009] EV_KEY       BTN_TOOL_FINGER      DOWN
[ 1510305.856009] EV_SYN       SYN_REPORT           00000000
[ 1510305.861013] EV_SYN       SYN_REPORT           00000000
[ 1510305.868995] EV_SYN       SYN_REPORT           00000000
[ 1510305.879281] EV_SYN       SYN_REPORT           00000000
[ 1510305.887608] EV_SYN       SYN_REPORT           00000000
[ 1510305.894210] EV_SYN       SYN_REPORT           00000000
[ 1510305.902350] EV_SYN       SYN_REPORT           00000000
[ 1510305.910840] EV_SYN       SYN_REPORT           00000000
[ 1510305.918889] EV_SYN       SYN_REPORT           00000000
[ 1510305.927316] EV_SYN       SYN_REPORT           00000000
[ 1510305.936191] EV_SYN       SYN_REPORT           00000000
[ 1510305.944274] EV_SYN       SYN_REPORT           00000000
[ 1510305.952277] EV_SYN       SYN_REPORT           00000000
[ 1510305.960909] EV_ABS       ABS_MT_TRACKING_ID   ffffffff
[ 1510305.960909] EV_KEY       BTN_TOUCH            UP
[ 1510305.960909] EV_KEY       BTN_TOOL_FINGER      UP
[ 1510305.960909] EV_SYN       SYN_REPORT           00000000
[ 1510306.756969] EV_ABS       ABS_MT_TRACKING_ID   00004ad9
[ 1510306.756969] EV_KEY       BTN_TOUCH            DOWN
[ 1510306.756969] EV_KEY       BTN_TOOL_FINGER      DOWN
[ 1510306.756969] EV_SYN       SYN_REPORT           00000000
[ 1510306.761192] EV_SYN       SYN_REPORT           00000000
[ 1510306.767853] EV_SYN       SYN_REPORT           00000000
[ 1510306.777066] EV_SYN       SYN_REPORT           00000000
[ 1510306.783081] EV_SYN       SYN_REPORT           00000000
[ 1510306.789750] EV_SYN       SYN_REPORT           00000000
[ 1510306.797582] EV_SYN       SYN_REPORT           00000000
[ 1510306.804851] EV_SYN       SYN_REPORT           00000000
[ 1510306.812331] EV_SYN       SYN_REPORT           00000000
[ 1510306.819562] EV_SYN       SYN_REPORT           00000000
[ 1510306.828117] EV_SYN       SYN_REPORT           00000000
[ 1510306.836091] EV_SYN       SYN_REPORT           00000000
[ 1510306.844489] EV_SYN       SYN_REPORT           00000000
[ 1510306.852994] EV_SYN       SYN_REPORT           00000000
[ 1510306.861420] EV_SYN       SYN_REPORT           00000000
[ 1510306.869395] EV_SYN       SYN_REPORT           00000000
[ 1510306.878112] EV_ABS       ABS_MT_TRACKING_ID   ffffffff
[ 1510306.878112] EV_KEY       BTN_TOUCH            UP
[ 1510306.878112] EV_KEY       BTN_TOOL_FINGER      UP
[ 1510306.878112] EV_SYN       SYN_REPORT           00000000
[ 1510307.571810] EV_ABS       ABS_MT_TRACKING_ID   00004ada
[ 1510307.571810] EV_KEY       BTN_TOUCH            DOWN
[ 1510307.571810] EV_KEY       BTN_TOOL_FINGER      DOWN
[ 1510307.571810] EV_SYN       SYN_REPORT           00000000
[ 1510307.576149] EV_SYN       SYN_REPORT           00000000
[ 1510307.583275] EV_SYN       SYN_REPORT           00000000
[ 1510307.590680] EV_SYN       SYN_REPORT           00000000
[ 1510307.599514] EV_SYN       SYN_REPORT           00000000
[ 1510307.605750] EV_SYN       SYN_REPORT           00000000
[ 1510307.613198] EV_SYN       SYN_REPORT           00000000
[ 1510307.620099] EV_SYN       SYN_REPORT           00000000
[ 1510307.628473] EV_SYN       SYN_REPORT           00000000
[ 1510307.636726] EV_SYN       SYN_REPORT           00000000
[ 1510307.645384] EV_SYN       SYN_REPORT           00000000
[ 1510307.653462] EV_SYN       SYN_REPORT           00000000
[ 1510307.661813] EV_SYN       SYN_REPORT           00000000
[ 1510307.669934] EV_SYN       SYN_REPORT           00000000
[ 1510307.678898] EV_ABS       ABS_MT_TRACKING_ID   ffffffff
[ 1510307.678898] EV_KEY       BTN_TOUCH            UP
[ 1510307.678898] EV_KEY       BTN_TOOL_FINGER      UP
[ 1510307.678898] EV_SYN       SYN_REPORT           00000000
