--------- beginning of main
10-11 05:04:38.451  7784  7814 I SpinonBootstrap: SPINON_C0410_HOST=session=ready owner_tid=7816 isolate_per_session=1 queue_capacity=64 queue_policy=strict-priority-fifo css_worker_per_session=1 css_worker_ready_us=389 session_startup_us=8349
10-11 05:04:38.451  7784  7814 I SpinonBootstrap: SPINON_C0410_ENVIRONMENT status=0 environment_revision=0 layout=empty boxes=0 generation=1 document_revision=0 render_tree_revision=0 style_revision=0 environment_revision=0 cacheHit=false cascadeRecomputedStyleElements=0 cascadeReusedStyleElements=0 cascadeContextStyleElements=0
10-11 05:04:38.452  7784  7814 I SpinonBootstrap: SPINON_C0410_ENVIRONMENT viewport=320.0x240.0 scale=2.8125 dark=true status=0 environment_revision=0 layout=empty boxes=0 generation=1 document_revision=0 render_tree_revision=0 style_revision=0 environment_revision=0 cacheHit=false cascadeRecomputedStyleElements=0 cascadeReusedStyleElements=0 cascadeContextStyleElements=0
10-11 05:04:38.458  7784  7814 I SpinonBootstrap: SPINON_C1034_EVAL status=0 seq=1 trace_cookie=1 op=eval status=0 caller_tid=7814 owner_tid=7816 callback_tid=0 submission_lock_wait_us=0 control_lock_wait_us=0 scheduler_lock_wait_us=0 queue_residence_us=27 v8_call_us=3001 cancel_requested=false callback_count=0 created_nodes=0 last_node_id=0 document_revision=48 render_tree_revision=12 document_nodes=12 document_string_units=2878 document_collection_scans=1 document_collection_deferred=0 document_collection_scanned_handles=12 document_collection_live_handles=12 document_collection_empty_handles=0 document_collection_last_scan_start_ns=1593600245525252 document_collection_last_scan_us=20 document_collection_wrapper_root_buffer_bytes=64 document_collection_reclaimed_node_buffer_bytes=48 document_collection_poisoned=0 document_collection_error=none error=none host_document_changed=true ua_snapshot_clone_us=4 ua_snapshot_submit_us=20 ua_snapshot_submitted=true enqueue_total_us=18 response_wait_us=3080 submit_total_us=3099 response_report_append_us=2 layout=read
10-11 05:04:38.458  7784  7814 I SpinonBootstrap: SPINON_C1034_NODE_FRAME 0:node=1,x=0,y=0,width=320,height=640
10-11 05:04:38.458  7784  7814 I SpinonBootstrap: SPINON_C1034_NODE_FRAME 1:node=2,x=0,y=0,width=280,height=100
10-11 05:04:38.458  7784  7814 I SpinonBootstrap: SPINON_C1034_NODE_FRAME 2:node=3,x=0,y=20,width=48,height=20
10-11 05:04:38.458  7784  7814 I SpinonBootstrap: SPINON_C1034_NODE_FRAME 3:node=4,x=48,y=0,width=48,height=40
10-11 05:04:38.458  7784  7814 I SpinonBootstrap: SPINON_C1034_NODE_FRAME 4:node=5,x=0,y=100,width=280,height=100
10-11 05:04:38.458  7784  7814 I SpinonBootstrap: SPINON_C1034_NODE_FRAME 5:node=6,x=0,y=180,width=48,height=20
10-11 05:04:38.458  7784  7814 I SpinonBootstrap: SPINON_C1034_NODE_FRAME 6:node=7,x=48,y=160,width=48,height=40
10-11 05:04:38.458  7784  7814 I SpinonBootstrap: SPINON_C1034_NODE_FRAME 7:node=8,x=0,y=200,width=280,height=100
10-11 05:04:38.458  7784  7814 I SpinonBootstrap: SPINON_C1034_NODE_FRAME 8:node=9,x=0,y=240,width=100,height=60
10-11 05:04:38.458  7784  7814 I SpinonBootstrap: SPINON_C1034_NODE_FRAME 9:node=10,x=0,y=240,width=60,height=20
10-11 05:04:38.458  7784  7814 I SpinonBootstrap: SPINON_C1034_NODE_FRAME 10:node=11,x=0,y=260,width=60,height=40
10-11 05:04:38.458  7784  7814 I SpinonBootstrap: SPINON_C1034_NODE_FRAME 11:node=12,x=100,y=275,width=48,height=25
10-11 05:04:38.458  7784  7814 I SpinonBootstrap: SPINON_C1034_EVAL status=0 seq=1 trace_cookie=1 op=eval status=0 caller_tid=7814 owner_tid=7816 callback_tid=0 submission_lock_wait_us=0 control_lock_wait_us=0 scheduler_lock_wait_us=0 queue_residence_us=27 v8_call_us=3001 cancel_requested=false callback_count=0 created_nodes=0 last_node_id=0 document_revision=48 render_tree_revision=12 document_nodes=12 document_string_units=2878 document_collection_scans=1 document_collection_deferred=0 document_collection_scanned_handles=12 document_collection_live_handles=12 document_collection_empty_handles=0 document_collection_last_scan_start_ns=1593600245525252 document_collection_last_scan_us=20 document_collection_wrapper_root_buffer_bytes=64 document_collection_reclaimed_node_buffer_bytes=48 document_collection_poisoned=0 document_collection_error=none error=none host_document_changed=true ua_snapshot_clone_us=4 ua_snapshot_submit_us=20 ua_snapshot_submitted=true enqueue_total_us=18 response_wait_us=3080 submit_total_us=3099 response_report_append_us=2 layout=ready boxes=12 generation=1 document_revision=48 render_tree_revision=12 style_revision=0 environment_revision=0 cacheHit=false cascadeRecomputedStyleElements=12 cascadeReusedStyleElements=0 cascadeContextStyleElements=0 root_frame_css_px=320x640 render_viewport_css_px=320x240 render_root_css_px=320x640 node_frames_css_px=[0:node=1,x=0,y=0,width=320,height=640;1:node=2,x=0,y=0,width=280,height=100;2:node=3,x=0,y=20,width=48,height=20;3:node=4,x=48,y=0,width=48,height=40;4:node=5,x=0,y=100,width=280,height=100;5:node=6,x=0,y=180,width=48,height=20;6:node=7,x=48,y=160,width=48,height=40;7:node=8,x=0,y=200,width=280,height=100;8:node=9,x=0,y=240,width=100,height=60;9:node=10,x=0,y=240,width=60,height=20;10:node=11,x=0,y=260,width=60,height=40;11:node=12,x=100,y=275,width=48,height=25]
10-11 05:04:38.458  7784  7834 I SpinonBootstrap: SPINON_C0410_SURFACE_RELEASED generation=0
10-11 05:04:38.479  7784  7784 I SpinonBootstrap: SPINON_C0410_SURFACE_CREATED generation=1
10-11 05:04:38.479  7784  7784 I SpinonBootstrap: SPINON_C0410_SURFACE_CHANGED generation=2 size=900x675 changed=true
10-11 05:04:38.479  7784  7814 E SpinonBootstrap: SPINON_C0410_ENVIRONMENT status=-12 새로운 화면 요청이 도착해 오래된 장면을 거부했습니다
10-11 05:04:38.479  7784  7814 I SpinonBootstrap: SPINON_C0410_ENVIRONMENT viewport=320.0x240.0 scale=2.8125 dark=true sequence=3 status=-12 새로운 화면 요청이 도착해 오래된 장면을 거부했습니다
10-11 05:04:38.480  7784  7814 I SpinonBootstrap: SPINON_C0410_ENVIRONMENT status=0 environment_revision=0 layout=ready boxes=12 generation=1 document_revision=48 render_tree_revision=12 style_revision=0 environment_revision=0 cacheHit=false cascadeRecomputedStyleElements=12 cascadeReusedStyleElements=0 cascadeContextStyleElements=0 root_frame_css_px=320x640 render_viewport_css_px=320x240 render_root_css_px=320x640
10-11 05:04:38.480  7784  7814 I SpinonBootstrap: SPINON_C0410_ENVIRONMENT viewport=320.0x240.0 scale=2.8125 dark=true sequence=5 status=0 environment_revision=0 layout=ready boxes=12 generation=1 document_revision=48 render_tree_revision=12 style_revision=0 environment_revision=0 cacheHit=false cascadeRecomputedStyleElements=12 cascadeReusedStyleElements=0 cascadeContextStyleElements=0 root_frame_css_px=320x640 render_viewport_css_px=320x240 render_root_css_px=320x640
10-11 05:04:38.531  7784  7834 I SpinonBootstrap: SPINON_C0410_RENDERER=backend=Vulkan device=Samsung Xclipse 940 format=Rgba8UnormSrgb size=900x675 selection=auto
10-11 05:04:38.531  7784  7834 I SpinonBootstrap: SPINON_C0410_RENDERER generation=2 size=900x675
10-11 05:04:38.534  7784  7834 I SpinonBootstrap: SPINON_C0410_DRAW status=0 presented boxes=12 environment_revision=0 viewport_css_px=320x240 surface_texture=900x675 root_css_px=320x640
10-11 05:04:38.534  7784  7834 I SpinonBootstrap: SPINON_C0410_DRAW generation=2 status=0 presented boxes=12 environment_revision=0 viewport_css_px=320x240 surface_texture=900x675 root_css_px=320x640
