Timestamp               Ty Process[PID:TID]
2026-10-11 06:40:49.692 Df SpinonBootstrap[15096:78af194] (Foundation) SPINON_C0410_VIEWPORT_CHANGED css=301.0x100.0 scale=3.0 drawable=903x300
2026-10-11 06:40:49.692 Df SpinonBootstrap[15096:78af194] (Foundation) SPINON_C0410_SURFACE_CHANGED generation=1 size=903x300
2026-10-11 06:40:49.707 Df SpinonBootstrap[15096:78af1c6] SPINON_C121_HOST=session=ready owner_tid=126546386 isolate_per_session=1 queue_capacity=64 queue_policy=strict-priority-fifo css_worker_per_session=1 css_worker_ready_us=1113 session_startup_us=28736
2026-10-11 06:40:49.707 Df SpinonBootstrap[15096:78af1c6] (Foundation) SPINON_C0410_HOST_RETURNED handle=4341157744
2026-10-11 06:40:49.707 Df SpinonBootstrap[15096:78af1c6] (Foundation) SPINON_C0410_HOST_STORED continue=true
2026-10-11 06:40:49.707 Df SpinonBootstrap[15096:78af1c6] (Foundation) SPINON_C0410_ENVIRONMENT_REQUEST width=301.0 height=100.0
2026-10-11 06:40:49.707 Df SpinonBootstrap[15096:78af1c6] SPINON_C0410_ENVIRONMENT_FFI_BEGIN width=301.0 height=100.0
2026-10-11 06:40:49.708 Df SpinonBootstrap[15096:78af1c6] (Foundation) SPINON_C0410_ENVIRONMENT status=0 environment_revision=0 layout=empty boxes=0 generation=1 document_revision=0 render_tree_revision=0 style_revision=0 environment_revision=0 cacheHit=false cascadeRecomputedStyleElements=0 cascadeReusedStyleElements=0 cascadeContextStyleElements=0 node_frames_css_px=[]
2026-10-11 06:40:49.725 Df SpinonBootstrap[15096:78af1c6] (Foundation) SPINON_C121_NODE_FRAME state=initial 0:node=1,x=0,y=0,width=301,height=100
2026-10-11 06:40:49.725 Df SpinonBootstrap[15096:78af1c6] (Foundation) SPINON_C121_NODE_FRAME state=initial 1:node=2,x=0,y=0,width=0,height=0
2026-10-11 06:40:49.725 Df SpinonBootstrap[15096:78af1c6] (Foundation) SPINON_C121_NODE_FRAME state=initial 2:node=4,x=0,y=0,width=300,height=40
2026-10-11 06:40:49.725 Df SpinonBootstrap[15096:78af1c6] (Foundation) SPINON_C121_NODE_FRAME state=initial 3:node=5,x=0,y=0,width=40,height=12
2026-10-11 06:40:49.725 Df SpinonBootstrap[15096:78af1c6] (Foundation) SPINON_C121_NODE_FRAME state=initial 4:node=6,x=0,y=12,width=20,height=8
2026-10-11 06:40:49.725 Df SpinonBootstrap[15096:78af1c6] (Foundation) SPINON_C121_NODE_FRAME state=initial 5:node=7,x=0,y=40,width=300,height=40
2026-10-11 06:40:49.725 Df SpinonBootstrap[15096:78af1c6] (Foundation) SPINON_C121_NODE_FRAME state=initial 6:node=8,x=12,y=37,width=40,height=12
2026-10-11 06:40:49.725 Df SpinonBootstrap[15096:78af1c6] (Foundation) SPINON_C121_NODE_FRAME state=initial 7:node=9,x=0,y=52,width=20,height=8
2026-10-11 06:40:49.725 Df SpinonBootstrap[15096:78af1c6] (Foundation) SPINON_C121_NODE_FRAME state=initial 8:node=10,x=0,y=80,width=300,height=40
2026-10-11 06:40:49.725 Df SpinonBootstrap[15096:78af1c6] (Foundation) SPINON_C121_NODE_FRAME state=initial 9:node=11,x=-8,y=80,width=32,height=12
2026-10-11 06:40:49.725 Df SpinonBootstrap[15096:78af1c6] (Foundation) SPINON_C121_NODE_FRAME state=initial 10:node=12,x=40,y=76,width=32,height=12
2026-10-11 06:40:49.725 Df SpinonBootstrap[15096:78af1c6] (Foundation) SPINON_C121_NODE_FRAME state=initial 11:node=13,x=80,y=80,width=32,height=12
2026-10-11 06:40:49.725 Df SpinonBootstrap[15096:78af1c6] (Foundation) SPINON_C121_NODE_FRAME state=initial 12:node=14,x=0,y=120,width=300,height=40
2026-10-11 06:40:49.725 Df SpinonBootstrap[15096:78af1c6] (Foundation) SPINON_C121_NODE_FRAME state=initial 13:node=15,x=5,y=123,width=40,height=12
2026-10-11 06:40:49.725 Df SpinonBootstrap[15096:78af1c6] (Foundation) SPINON_C121_NODE_FRAME state=initial 14:node=16,x=0,y=132,width=20,height=8
2026-10-11 06:40:49.726 Df SpinonBootstrap[15096:78af1c6] (Foundation) SPINON_C121_NODE_FRAME state=initial 15:node=17,x=0,y=160,width=300,height=72
2026-10-11 06:40:49.726 Df SpinonBootstrap[15096:78af1c6] (Foundation) SPINON_C121_NODE_FRAME state=initial 16:node=18,x=0,y=160,width=220,height=60
2026-10-11 06:40:49.726 Df SpinonBootstrap[15096:78af1c6] (Foundation) SPINON_C121_NODE_FRAME state=initial 17:node=19,x=30,y=180,width=20,height=10
2026-10-11 06:40:49.726 Df SpinonBootstrap[15096:78af1c6] (Foundation) SPINON_C121_NODE_FRAME state=initial 18:node=20,x=0,y=232,width=300,height=72
2026-10-11 06:40:49.726 Df SpinonBootstrap[15096:78af1c6] (Foundation) SPINON_C121_NODE_FRAME state=initial 19:node=21,x=0,y=232,width=220,height=60
2026-10-11 06:40:49.726 Df SpinonBootstrap[15096:78af1c6] (Foundation) SPINON_C121_NODE_FRAME state=initial 20:node=22,x=34,y=237,width=20,height=10
2026-10-11 06:40:49.726 Df SpinonBootstrap[15096:78af1c6] (Foundation) SPINON_C121_NODE_FRAME state=initial 21:node=23,x=0,y=304,width=300,height=40
2026-10-11 06:40:49.726 Df SpinonBootstrap[15096:78af1c6] (Foundation) SPINON_C121_NODE_FRAME state=initial 22:node=24,x=11,y=310,width=40,height=12
2026-10-11 06:40:49.726 Df SpinonBootstrap[15096:78af1c6] (Foundation) SPINON_C121_NODE_FRAME state=initial 23:node=25,x=13,y=319,width=40,height=12
2026-10-11 06:40:49.726 Df SpinonBootstrap[15096:78af1c6] (Foundation) SPINON_C121_NODE_FRAME state=initial 24:node=26,x=0,y=344,width=300,height=72
2026-10-11 06:40:49.726 Df SpinonBootstrap[15096:78af1c6] (Foundation) SPINON_C121_NODE_FRAME state=initial 25:node=27,x=7,y=349,width=240,height=48
2026-10-11 06:40:49.726 Df SpinonBootstrap[15096:78af1c6] (Foundation) SPINON_C121_NODE_FRAME state=initial 26:node=28,x=10,y=351,width=80,height=28
2026-10-11 06:40:49.726 Df SpinonBootstrap[15096:78af1c6] (Foundation) SPINON_C121_NODE_FRAME state=initial 27:node=29,x=10,y=351,width=20,height=8
2026-10-11 06:40:49.726 Df SpinonBootstrap[15096:78af1c6] (Foundation) SPINON_C121_NODE_FRAME state=initial 28:node=30,x=7,y=377,width=40,height=8
2026-10-11 06:40:49.726 Df SpinonBootstrap[15096:78af1c6] (Foundation) SPINON_C121_NODE_FRAME state=initial 29:node=31,x=0,y=392,width=20,height=8
2026-10-11 06:40:49.726 Df SpinonBootstrap[15096:78af1c6] (Foundation) SPINON_C121_NODE_FRAME state=initial 30:node=32,x=0,y=416,width=300,height=72
2026-10-11 06:40:49.726 Df SpinonBootstrap[15096:78af1c6] (Foundation) SPINON_C121_NODE_FRAME state=initial 31:node=33,x=6,y=422,width=30,height=10
2026-10-11 06:40:49.726 Df SpinonBootstrap[15096:78af1c6] (Foundation) SPINON_C121_NODE_FRAME state=initial 32:node=34,x=8,y=433,width=30,height=10
2026-10-11 06:40:49.726 Df SpinonBootstrap[15096:78af1c6] (Foundation) SPINON_C121_NODE_FRAME state=initial 33:node=35,x=10,y=445,width=30,height=10
2026-10-11 06:40:49.726 Df SpinonBootstrap[15096:78af1c6] (Foundation) SPINON_C121_NODE_FRAME state=initial 34:node=36,x=4,y=447,width=30,height=10
2026-10-11 06:40:49.726 Df SpinonBootstrap[15096:78af1c6] (Foundation) SPINON_C121_NODE_FRAME state=initial 35:node=37,x=0,y=488,width=300,height=40
2026-10-11 06:40:49.726 Df SpinonBootstrap[15096:78af1c6] (Foundation) SPINON_C121_NODE_FRAME state=initial 36:node=38,x=10,y=492,width=40,height=12
2026-10-11 06:40:49.726 Df SpinonBootstrap[15096:78af1c6] (Foundation) SPINON_C121_NODE_FRAME state=initial 37:node=39,x=48,y=488,width=40,height=12
2026-10-11 06:40:49.726 Df SpinonBootstrap[15096:78af1c6] (Foundation) SPINON_C121_NODE_FRAME state=initial 38:node=40,x=0,y=528,width=300,height=40
2026-10-11 06:40:49.726 Df SpinonBootstrap[15096:78af1c6] (Foundation) SPINON_C121_NODE_FRAME state=initial 39:node=41,x=0,y=0,width=0,height=0
2026-10-11 06:40:49.726 Df SpinonBootstrap[15096:78af1c6] (Foundation) SPINON_C121_NODE_FRAME state=initial 40:node=42,x=0,y=0,width=0,height=0
2026-10-11 06:40:49.726 Df SpinonBootstrap[15096:78af1c6] (Foundation) SPINON_C121_NODE_FRAME state=initial 41:node=43,x=0,y=528,width=20,height=8
2026-10-11 06:40:49.726 Df SpinonBootstrap[15096:78af1c6] (Foundation) SPINON_C121_NODE_FRAME state=initial 42:node=44,x=0,y=568,width=300,height=72
2026-10-11 06:40:49.726 Df SpinonBootstrap[15096:78af1c6] (Foundation) SPINON_C121_NODE_FRAME state=initial 43:node=45,x=0,y=568,width=200,height=24
2026-10-11 06:40:49.726 Df SpinonBootstrap[15096:78af1c6] (Foundation) SPINON_C121_NODE_FRAME state=initial 44:node=46,x=0,y=568,width=40,height=12
2026-10-11 06:40:49.726 Df SpinonBootstrap[15096:78af1c6] (Foundation) SPINON_C121_NODE_FRAME state=initial 45:node=47,x=0,y=592,width=200,height=24
2026-10-11 06:40:49.726 Df SpinonBootstrap[15096:78af1c6] (Foundation) SPINON_C121_NODE_FRAME state=initial 46:node=48,x=8,y=592,width=40,height=12
2026-10-11 06:40:49.726 Df SpinonBootstrap[15096:78af1c6] (Foundation) SPINON_C121_NODE_FRAME state=initial 47:node=49,x=0,y=616,width=20,height=8
2026-10-11 06:40:49.726 Df SpinonBootstrap[15096:78af1c6] (Foundation) SPINON_C121_FRAME_SUMMARY state=initial frames=48 marker=present
2026-10-11 06:40:49.726 Df SpinonBootstrap[15096:78af1c6] (Foundation) SPINON_C121_EVAL status=0 seq=1 trace_cookie=1 op=eval status=0 caller_tid=126546374 owner_tid=126546386 callback_tid=0 submission_lock_wait_us=0 control_lock_wait_us=0 scheduler_lock_wait_us=0 queue_residence_us=6 v8_call_us=6353 cancel_requested=false callback_count=0 created_nodes=0 last_node_id=0 document_revision=230 render_tree_revision=1 document_nodes=49 document_string_units=6685 document_collection_scans=1 document_collection_deferred=0 document_collection_scanned_handles=49 document_collection_live_handles=49 document_collection_empty_handles=0 document_collection_last_scan_start_ns=990597688183875 document_collection_last_scan_us=46 document_collection_wrapper_root_buffer_bytes=256 document_collection_reclaimed_node_buffer_bytes=196 document_collection_poisoned=0 document_collection_error=none error=none host_document_changed=true ua_snapshot_clone_us=6 ua_snapshot_submit_us=4 ua_snapshot_submitted=true enqueue_total_us=3 response_wait_us=6375 submit_total_us=6378 response_report_append_u<…>
2026-10-11 06:40:49.727 Df SpinonBootstrap[15096:78af1c6] (Foundation) SPINON_C121_SUMMARY state=initial status=0 layout=ready boxes=45 generation=1 document_revision=230 environment_revision=0
2026-10-11 06:40:49.728 Df SpinonBootstrap[15096:78af1c6] (Foundation) SPINON_C121_SUMMARY state=target-relative attempts=1 status=0 layout=ready boxes=45 generation=1 document_revision=231 environment_revision=0
2026-10-11 06:40:49.729 Df SpinonBootstrap[15096:78af1c6] (Foundation) SPINON_C121_NODE_FRAME state=target-relative 0:node=1,x=0,y=0,width=301,height=100
2026-10-11 06:40:49.729 Df SpinonBootstrap[15096:78af1c6] (Foundation) SPINON_C121_NODE_FRAME state=target-relative 1:node=2,x=0,y=0,width=0,height=0
2026-10-11 06:40:49.729 Df SpinonBootstrap[15096:78af1c6] (Foundation) SPINON_C121_NODE_FRAME state=target-relative 2:node=4,x=0,y=0,width=300,height=40
2026-10-11 06:40:49.729 Df SpinonBootstrap[15096:78af1c6] (Foundation) SPINON_C121_NODE_FRAME state=target-relative 3:node=5,x=0,y=0,width=40,height=12
2026-10-11 06:40:49.729 Df SpinonBootstrap[15096:78af1c6] (Foundation) SPINON_C121_NODE_FRAME state=target-relative 4:node=6,x=0,y=12,width=20,height=8
2026-10-11 06:40:49.729 Df SpinonBootstrap[15096:78af1c6] (Foundation) SPINON_C121_NODE_FRAME state=target-relative 5:node=7,x=0,y=40,width=300,height=40
2026-10-11 06:40:49.729 Df SpinonBootstrap[15096:78af1c6] (Foundation) SPINON_C121_NODE_FRAME state=target-relative 6:node=8,x=12,y=37,width=40,height=12
2026-10-11 06:40:49.729 Df SpinonBootstrap[15096:78af1c6] (Foundation) SPINON_C121_NODE_FRAME state=target-relative 7:node=9,x=0,y=52,width=20,height=8
2026-10-11 06:40:49.729 Df SpinonBootstrap[15096:78af1c6] (Foundation) SPINON_C121_NODE_FRAME state=target-relative 8:node=10,x=0,y=80,width=300,height=40
2026-10-11 06:40:49.729 Df SpinonBootstrap[15096:78af1c6] (Foundation) SPINON_C121_NODE_FRAME state=target-relative 9:node=11,x=-8,y=80,width=32,height=12
2026-10-11 06:40:49.729 Df SpinonBootstrap[15096:78af1c6] (Foundation) SPINON_C121_NODE_FRAME state=target-relative 10:node=12,x=40,y=76,width=32,height=12
2026-10-11 06:40:49.729 Df SpinonBootstrap[15096:78af1c6] (Foundation) SPINON_C121_NODE_FRAME state=target-relative 11:node=13,x=80,y=80,width=32,height=12
2026-10-11 06:40:49.729 Df SpinonBootstrap[15096:78af1c6] (Foundation) SPINON_C121_NODE_FRAME state=target-relative 12:node=14,x=0,y=120,width=300,height=40
2026-10-11 06:40:49.729 Df SpinonBootstrap[15096:78af1c6] (Foundation) SPINON_C121_NODE_FRAME state=target-relative 13:node=15,x=5,y=123,width=40,height=12
2026-10-11 06:40:49.729 Df SpinonBootstrap[15096:78af1c6] (Foundation) SPINON_C121_NODE_FRAME state=target-relative 14:node=16,x=0,y=132,width=20,height=8
2026-10-11 06:40:49.729 Df SpinonBootstrap[15096:78af1c6] (Foundation) SPINON_C121_NODE_FRAME state=target-relative 15:node=17,x=0,y=160,width=300,height=72
2026-10-11 06:40:49.729 Df SpinonBootstrap[15096:78af1c6] (Foundation) SPINON_C121_NODE_FRAME state=target-relative 16:node=18,x=0,y=160,width=220,height=60
2026-10-11 06:40:49.729 Df SpinonBootstrap[15096:78af1c6] (Foundation) SPINON_C121_NODE_FRAME state=target-relative 17:node=19,x=30,y=180,width=20,height=10
2026-10-11 06:40:49.729 Df SpinonBootstrap[15096:78af1c6] (Foundation) SPINON_C121_NODE_FRAME state=target-relative 18:node=20,x=0,y=232,width=300,height=72
2026-10-11 06:40:49.729 Df SpinonBootstrap[15096:78af1c6] (Foundation) SPINON_C121_NODE_FRAME state=target-relative 19:node=21,x=0,y=232,width=220,height=60
2026-10-11 06:40:49.729 Df SpinonBootstrap[15096:78af1c6] (Foundation) SPINON_C121_NODE_FRAME state=target-relative 20:node=22,x=34,y=237,width=20,height=10
2026-10-11 06:40:49.729 Df SpinonBootstrap[15096:78af1c6] (Foundation) SPINON_C121_NODE_FRAME state=target-relative 21:node=23,x=0,y=304,width=300,height=40
2026-10-11 06:40:49.729 Df SpinonBootstrap[15096:78af1c6] (Foundation) SPINON_C121_NODE_FRAME state=target-relative 22:node=24,x=11,y=310,width=40,height=12
2026-10-11 06:40:49.729 Df SpinonBootstrap[15096:78af1c6] (Foundation) SPINON_C121_NODE_FRAME state=target-relative 23:node=25,x=13,y=319,width=40,height=12
2026-10-11 06:40:49.729 Df SpinonBootstrap[15096:78af1c6] (Foundation) SPINON_C121_NODE_FRAME state=target-relative 24:node=26,x=0,y=344,width=300,height=72
2026-10-11 06:40:49.729 Df SpinonBootstrap[15096:78af1c6] (Foundation) SPINON_C121_NODE_FRAME state=target-relative 25:node=27,x=7,y=349,width=240,height=48
2026-10-11 06:40:49.729 Df SpinonBootstrap[15096:78af1c6] (Foundation) SPINON_C121_NODE_FRAME state=target-relative 26:node=28,x=10,y=351,width=80,height=28
2026-10-11 06:40:49.729 Df SpinonBootstrap[15096:78af1c6] (Foundation) SPINON_C121_NODE_FRAME state=target-relative 27:node=29,x=10,y=351,width=20,height=8
2026-10-11 06:40:49.730 Df SpinonBootstrap[15096:78af1c6] (Foundation) SPINON_C121_NODE_FRAME state=target-relative 28:node=30,x=7,y=377,width=40,height=8
2026-10-11 06:40:49.730 Df SpinonBootstrap[15096:78af1c6] (Foundation) SPINON_C121_NODE_FRAME state=target-relative 29:node=31,x=0,y=392,width=20,height=8
2026-10-11 06:40:49.730 Df SpinonBootstrap[15096:78af1c6] (Foundation) SPINON_C121_NODE_FRAME state=target-relative 30:node=32,x=0,y=416,width=300,height=72
2026-10-11 06:40:49.730 Df SpinonBootstrap[15096:78af1c6] (Foundation) SPINON_C121_NODE_FRAME state=target-relative 31:node=33,x=6,y=422,width=30,height=10
2026-10-11 06:40:49.730 Df SpinonBootstrap[15096:78af1c6] (Foundation) SPINON_C121_NODE_FRAME state=target-relative 32:node=34,x=8,y=433,width=30,height=10
2026-10-11 06:40:49.730 Df SpinonBootstrap[15096:78af1c6] (Foundation) SPINON_C121_NODE_FRAME state=target-relative 33:node=35,x=10,y=445,width=30,height=10
2026-10-11 06:40:49.730 Df SpinonBootstrap[15096:78af1c6] (Foundation) SPINON_C121_NODE_FRAME state=target-relative 34:node=36,x=4,y=447,width=30,height=10
2026-10-11 06:40:49.730 Df SpinonBootstrap[15096:78af1c6] (Foundation) SPINON_C121_NODE_FRAME state=target-relative 35:node=37,x=0,y=488,width=300,height=40
2026-10-11 06:40:49.730 Df SpinonBootstrap[15096:78af1c6] (Foundation) SPINON_C121_NODE_FRAME state=target-relative 36:node=38,x=10,y=492,width=40,height=12
2026-10-11 06:40:49.730 Df SpinonBootstrap[15096:78af1c6] (Foundation) SPINON_C121_NODE_FRAME state=target-relative 37:node=39,x=48,y=488,width=40,height=12
2026-10-11 06:40:49.730 Df SpinonBootstrap[15096:78af1c6] (Foundation) SPINON_C121_NODE_FRAME state=target-relative 38:node=40,x=0,y=528,width=300,height=40
2026-10-11 06:40:49.730 Df SpinonBootstrap[15096:78af1c6] (Foundation) SPINON_C121_NODE_FRAME state=target-relative 39:node=41,x=0,y=0,width=0,height=0
2026-10-11 06:40:49.730 Df SpinonBootstrap[15096:78af1c6] (Foundation) SPINON_C121_NODE_FRAME state=target-relative 40:node=42,x=0,y=0,width=0,height=0
2026-10-11 06:40:49.730 Df SpinonBootstrap[15096:78af1c6] (Foundation) SPINON_C121_NODE_FRAME state=target-relative 41:node=43,x=0,y=528,width=20,height=8
2026-10-11 06:40:49.730 Df SpinonBootstrap[15096:78af1c6] (Foundation) SPINON_C121_NODE_FRAME state=target-relative 42:node=44,x=0,y=568,width=300,height=72
2026-10-11 06:40:49.730 Df SpinonBootstrap[15096:78af1c6] (Foundation) SPINON_C121_NODE_FRAME state=target-relative 43:node=45,x=0,y=568,width=200,height=24
2026-10-11 06:40:49.730 Df SpinonBootstrap[15096:78af1c6] (Foundation) SPINON_C121_NODE_FRAME state=target-relative 44:node=46,x=15,y=570,width=40,height=12
2026-10-11 06:40:49.730 Df SpinonBootstrap[15096:78af1c6] (Foundation) SPINON_C121_NODE_FRAME state=target-relative 45:node=47,x=0,y=592,width=200,height=24
2026-10-11 06:40:49.730 Df SpinonBootstrap[15096:78af1c6] (Foundation) SPINON_C121_NODE_FRAME state=target-relative 46:node=48,x=8,y=592,width=40,height=12
2026-10-11 06:40:49.730 Df SpinonBootstrap[15096:78af1c6] (Foundation) SPINON_C121_NODE_FRAME state=target-relative 47:node=49,x=0,y=616,width=20,height=8
2026-10-11 06:40:49.730 Df SpinonBootstrap[15096:78af1c6] (Foundation) SPINON_C121_FRAME_SUMMARY state=target-relative frames=48 marker=present
2026-10-11 06:40:49.731 Df SpinonBootstrap[15096:78af1c6] (Foundation) SPINON_C121_SUMMARY state=ancestor-relative attempts=1 status=0 layout=ready boxes=45 generation=1 document_revision=233 environment_revision=0
2026-10-11 06:40:49.732 Df SpinonBootstrap[15096:78af1c6] (Foundation) SPINON_C121_NODE_FRAME state=ancestor-relative 0:node=1,x=0,y=0,width=301,height=100
2026-10-11 06:40:49.732 Df SpinonBootstrap[15096:78af1c6] (Foundation) SPINON_C121_NODE_FRAME state=ancestor-relative 1:node=2,x=0,y=0,width=0,height=0
2026-10-11 06:40:49.732 Df SpinonBootstrap[15096:78af1c6] (Foundation) SPINON_C121_NODE_FRAME state=ancestor-relative 2:node=4,x=0,y=0,width=300,height=40
2026-10-11 06:40:49.732 Df SpinonBootstrap[15096:78af1c6] (Foundation) SPINON_C121_NODE_FRAME state=ancestor-relative 3:node=5,x=0,y=0,width=40,height=12
2026-10-11 06:40:49.732 Df SpinonBootstrap[15096:78af1c6] (Foundation) SPINON_C121_NODE_FRAME state=ancestor-relative 4:node=6,x=0,y=12,width=20,height=8
2026-10-11 06:40:49.732 Df SpinonBootstrap[15096:78af1c6] (Foundation) SPINON_C121_NODE_FRAME state=ancestor-relative 5:node=7,x=0,y=40,width=300,height=40
2026-10-11 06:40:49.732 Df SpinonBootstrap[15096:78af1c6] (Foundation) SPINON_C121_NODE_FRAME state=ancestor-relative 6:node=8,x=12,y=37,width=40,height=12
2026-10-11 06:40:49.732 Df SpinonBootstrap[15096:78af1c6] (Foundation) SPINON_C121_NODE_FRAME state=ancestor-relative 7:node=9,x=0,y=52,width=20,height=8
2026-10-11 06:40:49.732 Df SpinonBootstrap[15096:78af1c6] (Foundation) SPINON_C121_NODE_FRAME state=ancestor-relative 8:node=10,x=0,y=80,width=300,height=40
2026-10-11 06:40:49.732 Df SpinonBootstrap[15096:78af1c6] (Foundation) SPINON_C121_NODE_FRAME state=ancestor-relative 9:node=11,x=-8,y=80,width=32,height=12
2026-10-11 06:40:49.732 Df SpinonBootstrap[15096:78af1c6] (Foundation) SPINON_C121_NODE_FRAME state=ancestor-relative 10:node=12,x=40,y=76,width=32,height=12
2026-10-11 06:40:49.732 Df SpinonBootstrap[15096:78af1c6] (Foundation) SPINON_C121_NODE_FRAME state=ancestor-relative 11:node=13,x=80,y=80,width=32,height=12
2026-10-11 06:40:49.732 Df SpinonBootstrap[15096:78af1c6] (Foundation) SPINON_C121_NODE_FRAME state=ancestor-relative 12:node=14,x=0,y=120,width=300,height=40
2026-10-11 06:40:49.732 Df SpinonBootstrap[15096:78af1c6] (Foundation) SPINON_C121_NODE_FRAME state=ancestor-relative 13:node=15,x=5,y=123,width=40,height=12
2026-10-11 06:40:49.732 Df SpinonBootstrap[15096:78af1c6] (Foundation) SPINON_C121_NODE_FRAME state=ancestor-relative 14:node=16,x=0,y=132,width=20,height=8
2026-10-11 06:40:49.732 Df SpinonBootstrap[15096:78af1c6] (Foundation) SPINON_C121_NODE_FRAME state=ancestor-relative 15:node=17,x=0,y=160,width=300,height=72
2026-10-11 06:40:49.732 Df SpinonBootstrap[15096:78af1c6] (Foundation) SPINON_C121_NODE_FRAME state=ancestor-relative 16:node=18,x=0,y=160,width=220,height=60
2026-10-11 06:40:49.732 Df SpinonBootstrap[15096:78af1c6] (Foundation) SPINON_C121_NODE_FRAME state=ancestor-relative 17:node=19,x=30,y=180,width=20,height=10
2026-10-11 06:40:49.732 Df SpinonBootstrap[15096:78af1c6] (Foundation) SPINON_C121_NODE_FRAME state=ancestor-relative 18:node=20,x=0,y=232,width=300,height=72
2026-10-11 06:40:49.732 Df SpinonBootstrap[15096:78af1c6] (Foundation) SPINON_C121_NODE_FRAME state=ancestor-relative 19:node=21,x=0,y=232,width=220,height=60
2026-10-11 06:40:49.732 Df SpinonBootstrap[15096:78af1c6] (Foundation) SPINON_C121_NODE_FRAME state=ancestor-relative 20:node=22,x=34,y=237,width=20,height=10
2026-10-11 06:40:49.732 Df SpinonBootstrap[15096:78af1c6] (Foundation) SPINON_C121_NODE_FRAME state=ancestor-relative 21:node=23,x=0,y=304,width=300,height=40
2026-10-11 06:40:49.732 Df SpinonBootstrap[15096:78af1c6] (Foundation) SPINON_C121_NODE_FRAME state=ancestor-relative 22:node=24,x=11,y=310,width=40,height=12
2026-10-11 06:40:49.732 Df SpinonBootstrap[15096:78af1c6] (Foundation) SPINON_C121_NODE_FRAME state=ancestor-relative 23:node=25,x=13,y=319,width=40,height=12
2026-10-11 06:40:49.732 Df SpinonBootstrap[15096:78af1c6] (Foundation) SPINON_C121_NODE_FRAME state=ancestor-relative 24:node=26,x=0,y=344,width=300,height=72
2026-10-11 06:40:49.732 Df SpinonBootstrap[15096:78af1c6] (Foundation) SPINON_C121_NODE_FRAME state=ancestor-relative 25:node=27,x=7,y=349,width=240,height=48
2026-10-11 06:40:49.732 Df SpinonBootstrap[15096:78af1c6] (Foundation) SPINON_C121_NODE_FRAME state=ancestor-relative 26:node=28,x=10,y=351,width=80,height=28
2026-10-11 06:40:49.732 Df SpinonBootstrap[15096:78af1c6] (Foundation) SPINON_C121_NODE_FRAME state=ancestor-relative 27:node=29,x=10,y=351,width=20,height=8
2026-10-11 06:40:49.732 Df SpinonBootstrap[15096:78af1c6] (Foundation) SPINON_C121_NODE_FRAME state=ancestor-relative 28:node=30,x=7,y=377,width=40,height=8
2026-10-11 06:40:49.732 Df SpinonBootstrap[15096:78af1c6] (Foundation) SPINON_C121_NODE_FRAME state=ancestor-relative 29:node=31,x=0,y=392,width=20,height=8
2026-10-11 06:40:49.732 Df SpinonBootstrap[15096:78af1c6] (Foundation) SPINON_C121_NODE_FRAME state=ancestor-relative 30:node=32,x=0,y=416,width=300,height=72
2026-10-11 06:40:49.732 Df SpinonBootstrap[15096:78af1c6] (Foundation) SPINON_C121_NODE_FRAME state=ancestor-relative 31:node=33,x=6,y=422,width=30,height=10
2026-10-11 06:40:49.732 Df SpinonBootstrap[15096:78af1c6] (Foundation) SPINON_C121_NODE_FRAME state=ancestor-relative 32:node=34,x=8,y=433,width=30,height=10
2026-10-11 06:40:49.732 Df SpinonBootstrap[15096:78af1c6] (Foundation) SPINON_C121_NODE_FRAME state=ancestor-relative 33:node=35,x=10,y=445,width=30,height=10
2026-10-11 06:40:49.732 Df SpinonBootstrap[15096:78af1c6] (Foundation) SPINON_C121_NODE_FRAME state=ancestor-relative 34:node=36,x=4,y=447,width=30,height=10
2026-10-11 06:40:49.732 Df SpinonBootstrap[15096:78af1c6] (Foundation) SPINON_C121_NODE_FRAME state=ancestor-relative 35:node=37,x=0,y=488,width=300,height=40
2026-10-11 06:40:49.732 Df SpinonBootstrap[15096:78af1c6] (Foundation) SPINON_C121_NODE_FRAME state=ancestor-relative 36:node=38,x=10,y=492,width=40,height=12
2026-10-11 06:40:49.732 Df SpinonBootstrap[15096:78af1c6] (Foundation) SPINON_C121_NODE_FRAME state=ancestor-relative 37:node=39,x=48,y=488,width=40,height=12
2026-10-11 06:40:49.732 Df SpinonBootstrap[15096:78af1c6] (Foundation) SPINON_C121_NODE_FRAME state=ancestor-relative 38:node=40,x=0,y=528,width=300,height=40
2026-10-11 06:40:49.732 Df SpinonBootstrap[15096:78af1c6] (Foundation) SPINON_C121_NODE_FRAME state=ancestor-relative 39:node=41,x=0,y=0,width=0,height=0
2026-10-11 06:40:49.732 Df SpinonBootstrap[15096:78af1c6] (Foundation) SPINON_C121_NODE_FRAME state=ancestor-relative 40:node=42,x=0,y=0,width=0,height=0
2026-10-11 06:40:49.732 Df SpinonBootstrap[15096:78af1c6] (Foundation) SPINON_C121_NODE_FRAME state=ancestor-relative 41:node=43,x=0,y=528,width=20,height=8
2026-10-11 06:40:49.732 Df SpinonBootstrap[15096:78af1c6] (Foundation) SPINON_C121_NODE_FRAME state=ancestor-relative 42:node=44,x=0,y=568,width=300,height=72
2026-10-11 06:40:49.732 Df SpinonBootstrap[15096:78af1c6] (Foundation) SPINON_C121_NODE_FRAME state=ancestor-relative 43:node=45,x=10,y=571,width=200,height=24
2026-10-11 06:40:49.732 Df SpinonBootstrap[15096:78af1c6] (Foundation) SPINON_C121_NODE_FRAME state=ancestor-relative 44:node=46,x=25,y=573,width=40,height=12
2026-10-11 06:40:49.733 Df SpinonBootstrap[15096:78af1c6] (Foundation) SPINON_C121_NODE_FRAME state=ancestor-relative 45:node=47,x=6,y=593,width=200,height=24
2026-10-11 06:40:49.733 Df SpinonBootstrap[15096:78af1c6] (Foundation) SPINON_C121_NODE_FRAME state=ancestor-relative 46:node=48,x=14,y=593,width=40,height=12
2026-10-11 06:40:49.733 Df SpinonBootstrap[15096:78af1c6] (Foundation) SPINON_C121_NODE_FRAME state=ancestor-relative 47:node=49,x=0,y=616,width=20,height=8
2026-10-11 06:40:49.733 Df SpinonBootstrap[15096:78af1c6] (Foundation) SPINON_C121_FRAME_SUMMARY state=ancestor-relative frames=48 marker=present
2026-10-11 06:40:49.734 Df SpinonBootstrap[15096:78af1c4] SPINON_C0410_ENVIRONMENT_FFI_BEGIN width=301.0 height=100.0
2026-10-11 06:40:49.734 Df SpinonBootstrap[15096:78af1c4] (Foundation) SPINON_C0410_ENVIRONMENT viewport=301.0x100.0 scale=3.0 dark=true sequence=5 status=0 environment_revision=0 layout=ready boxes=45 generation=1 document_revision=233 render_tree_revision=4 style_revision=0 environment_revision=0 cacheHit=false cascadeRecomputedStyleElements=48 cascadeReusedStyleElements=0 cascadeContextStyleElements=0 root_frame_css_px=301x100 render_viewport_css_px=301x100 render_root_css_px=301x100 node_frames_css_px=[0:node=1,x=0,y=0,width=301,height=100;1:node=2,x=0,y=0,width=0,height=0;2:node=4,x=0,y=0,width=300,height=40;3:node=5,x=0,y=0,width=40,height=12;4:node=6,x=0,y=12,width=20,height=8;5:node=7,x=0,y=40,width=300,height=40;6:node=8,x=12,y=37,width=40,height=12;7:node=9,x=0,y=52,width=20,height=8;8:node=10,x=0,y=80,width=300,height=40;9:node=11,x=-8,y=80,width=32,height=12;10:node=12,x=40,y=76,width=32,height=12;11:node=13,x=80,y=80,width=32,height=12;12:node=14,x=0,y=120,width=300,height=40;13:node=15,x=5,y=123,width=40,height=12;14:node=16,x=0,y=132,width=20,height=8;15:<…>
2026-10-11 06:40:49.743 Df SpinonBootstrap[15096:78af194] (Foundation) SPINON_C0410_SURFACE_CONFIGURE thread=main status=0 UIKit surface가 메인 스레드에서 구성되었습니다
2026-10-11 06:40:49.743 Df SpinonBootstrap[15096:78af1c6] SPINON_C0410_ENVIRONMENT_FFI_BEGIN width=301.0 height=100.0
2026-10-11 06:40:49.743 Df SpinonBootstrap[15096:78af1c6] (Foundation) SPINON_C0410_ENVIRONMENT viewport=301.0x100.0 scale=3.0 dark=true sequence=7 status=0 environment_revision=0 layout=ready boxes=45 generation=1 document_revision=233 render_tree_revision=4 style_revision=0 environment_revision=0 cacheHit=false cascadeRecomputedStyleElements=48 cascadeReusedStyleElements=0 cascadeContextStyleElements=0 root_frame_css_px=301x100 render_viewport_css_px=301x100 render_root_css_px=301x100 node_frames_css_px=[0:node=1,x=0,y=0,width=301,height=100;1:node=2,x=0,y=0,width=0,height=0;2:node=4,x=0,y=0,width=300,height=40;3:node=5,x=0,y=0,width=40,height=12;4:node=6,x=0,y=12,width=20,height=8;5:node=7,x=0,y=40,width=300,height=40;6:node=8,x=12,y=37,width=40,height=12;7:node=9,x=0,y=52,width=20,height=8;8:node=10,x=0,y=80,width=300,height=40;9:node=11,x=-8,y=80,width=32,height=12;10:node=12,x=40,y=76,width=32,height=12;11:node=13,x=80,y=80,width=32,height=12;12:node=14,x=0,y=120,width=300,height=40;13:node=15,x=5,y=123,width=40,height=12;14:node=16,x=0,y=132,width=20,height=8;15:<…>
2026-10-11 06:40:49.746 Df SpinonBootstrap[15096:78af1c6] (Foundation) SPINON_C0410_DRAW generation=1 status=0 presented boxes=45 environment_revision=0 viewport_css_px=301x100 surface_texture=903x300 root_css_px=301x100
