--------- beginning of main
10-08 16:23:43.380 23785 23785 I SpinonBootstrap: SPINON_R08_UI=ready text-input=EditText accessibility=button+EditText
10-08 16:23:43.434 23785 23785 I SpinonBootstrap: SPINON_R05_SURFACE renderer=wgpu type=SurfaceView generation=1
10-08 16:23:43.434 23785 23785 I SpinonBootstrap: SPINON_R05_SIGNAL_CAPABILITY renderer=wgpu signal=SurfaceView_JankData available=true reason=registered api=37 api_full=3700002
10-08 16:23:43.548 23785 23785 I SpinonBootstrap: SPINON_R08_WGPU=ready backend=Vulkan device=VirtualGpu name=Goldfish GFXStream (llvmpipe (LLVM 21.1.4, 128 bits)) google_display_timing_supported=false format=Rgba8Unorm color_space=Auto supported_formats=[Rgba8UnormSrgb, Rgba8Unorm, Rgba16Float, Rgb10a2Unorm]
10-08 16:23:43.549 23785 23785 I SpinonBootstrap: SPINON_R08_WGPU_SURFACE=size 1080x1920
10-08 16:23:45.263 23785 23785 I SpinonBootstrap: SPINON_R05_INPUT renderer=wgpu input_seq=1 phase=ACTION_UP timestamp_precision=nanosecond_representation input_source=unknown handler_clock_resolution=nanosecond_api event_time_ns=4379870000000 handler_uptime_ns=4379871091213 generation=1
10-08 16:23:45.265 23785 23785 I SpinonBootstrap: SPINON_R05_FRAME_TIMELINE_REQUEST renderer=wgpu request_id=1 input_seq=1 revision=1 generation=1 state=posted
10-08 16:23:45.265 23785 23785 I SpinonBootstrap: SPINON_R08_TOUCH count=1
10-08 16:23:45.266 23785 23785 I SpinonBootstrap: SPINON_R05_FRAME_TIMELINE_TARGET renderer=wgpu request_id=1 input_seq=1 revision=1 generation=1 vsync_id=125709 deadline_ns=4379889816628 expected_presentation_ns=4379905483294 render_mode=on_demand
10-08 16:23:45.266 23785 23785 I SpinonBootstrap: SPINON_R05_FRAME_TIMELINE_APPLY renderer=wgpu request_id=1 input_seq=1 revision=1 generation=1 target_vsync_id=125709 transaction=queued_for_next_surface_frame
10-08 16:23:45.277 23785 23785 I SpinonBootstrap: SPINON_R05_SUBMIT renderer=wgpu input_seq=1 revision=1 generation=1 event_time_ns=4379870000000 handler_uptime_ns=4379873783838 queue_present_return_uptime_ns=4379885139255 draw_accepted=true present_signal=unavailable attribution=input
10-08 16:23:45.277 23785 23785 I SpinonBootstrap: SPINON_R05_PRESENT_FLUSH renderer=wgpu queued=true generation=1
10-08 16:23:45.277 23785 23785 I SpinonBootstrap: SPINON_R05_PRESENT_DRAIN renderer=wgpu generation=1 queued=true delay_ms=250
10-08 16:23:45.278 23785 23822 I SpinonBootstrap: SPINON_R05_PRESENT_FLUSH requested=true renderer=wgpu generation=1
10-08 16:23:45.279 23785 23822 I SpinonBootstrap: SPINON_R05_PRESENT_BATCH renderer=wgpu generation=1 batch_seq=1 record_count=2 callback_os_tid=23822 callback_thread_id=55 registering_thread_os_tid=23785 queue_depth=0 rejected_callback_batches=0 rejected_flush_tasks=0 callback_uptime_ns=4379886535463 attribution=unmatched
10-08 16:23:45.279 23785 23822 I SpinonBootstrap: SPINON_R05_PRESENT renderer=wgpu signal=SurfaceView_JankData generation=1 current_generation=1 current_surface=true batch_seq=1 record_index=0 callback_os_tid=23822 callback_thread_id=55 registering_thread_os_tid=23785 queue_depth=0 vsync_id=-1 present_time_ns=-1 present_state=unknown jank_type=0 actual_app_frame_ns=0 scheduled_app_frame_ns=0 callback_uptime_ns=4379886535463 frame_id=unavailable join_status=unmatched input_seq=-1 revision=-1 request_id=-1 target_vsync_id=-1
10-08 16:23:45.279 23785 23822 I SpinonBootstrap: SPINON_R05_PRESENT renderer=wgpu signal=SurfaceView_JankData generation=1 current_generation=1 current_surface=true batch_seq=1 record_index=1 callback_os_tid=23822 callback_thread_id=55 registering_thread_os_tid=23785 queue_depth=0 vsync_id=124629 present_time_ns=-1 present_state=unknown jank_type=2 actual_app_frame_ns=225081218 scheduled_app_frame_ns=16666666 callback_uptime_ns=4379886535463 frame_id=unavailable join_status=unmatched input_seq=-1 revision=-1 request_id=-1 target_vsync_id=-1
10-08 16:23:45.532 23785 23785 I SpinonBootstrap: SPINON_R05_PRESENT_FLUSH renderer=wgpu queued=true generation=1
10-08 16:23:45.532 23785 23822 I SpinonBootstrap: SPINON_R05_PRESENT_FLUSH requested=true renderer=wgpu generation=1
10-08 16:23:45.532 23785 23822 I SpinonBootstrap: SPINON_R05_PRESENT_BATCH renderer=wgpu generation=1 batch_seq=2 record_count=1 callback_os_tid=23822 callback_thread_id=55 registering_thread_os_tid=23785 queue_depth=0 rejected_callback_batches=0 rejected_flush_tasks=0 callback_uptime_ns=4380139925130 attribution=unmatched
10-08 16:23:45.532 23785 23822 I SpinonBootstrap: SPINON_R05_PRESENT renderer=wgpu signal=SurfaceView_JankData generation=1 current_generation=1 current_surface=true batch_seq=2 record_index=0 callback_os_tid=23822 callback_thread_id=55 registering_thread_os_tid=23785 queue_depth=0 vsync_id=125709 present_time_ns=-1 present_state=unknown jank_type=0 actual_app_frame_ns=41976293 scheduled_app_frame_ns=16666666 callback_uptime_ns=4380139925130 frame_id=unavailable join_status=exact_match input_seq=1 revision=1 request_id=1 target_vsync_id=125709
10-08 16:23:45.798 23785 23785 I SpinonBootstrap: SPINON_R05_INPUT renderer=wgpu input_seq=2 phase=ACTION_UP timestamp_precision=nanosecond_representation input_source=unknown handler_clock_resolution=nanosecond_api event_time_ns=4380405000000 handler_uptime_ns=4380406268588 generation=1
10-08 16:23:45.799 23785 23785 I SpinonBootstrap: SPINON_R05_FRAME_TIMELINE_REQUEST renderer=wgpu request_id=2 input_seq=2 revision=2 generation=1 state=posted
10-08 16:23:45.799 23785 23785 I SpinonBootstrap: SPINON_R08_TOUCH count=2
10-08 16:23:45.816 23785 23785 I SpinonBootstrap: SPINON_R05_FRAME_TIMELINE_TARGET renderer=wgpu request_id=2 input_seq=2 revision=2 generation=1 vsync_id=125718 deadline_ns=4380439816606 expected_presentation_ns=4380455483272 render_mode=on_demand
10-08 16:23:45.816 23785 23785 I SpinonBootstrap: SPINON_R05_FRAME_TIMELINE_APPLY renderer=wgpu request_id=2 input_seq=2 revision=2 generation=1 target_vsync_id=125718 transaction=queued_for_next_surface_frame
10-08 16:23:45.827 23785 23785 I SpinonBootstrap: SPINON_R05_SUBMIT renderer=wgpu input_seq=2 revision=2 generation=1 event_time_ns=4380405000000 handler_uptime_ns=4380424134297 queue_present_return_uptime_ns=4380434554505 draw_accepted=true present_signal=unavailable attribution=input
10-08 16:23:45.827 23785 23785 I SpinonBootstrap: SPINON_R05_PRESENT_FLUSH renderer=wgpu queued=true generation=1
10-08 16:23:45.827 23785 23785 I SpinonBootstrap: SPINON_R05_PRESENT_DRAIN renderer=wgpu generation=1 queued=true delay_ms=250
10-08 16:23:45.827 23785 23822 I SpinonBootstrap: SPINON_R05_PRESENT_FLUSH requested=true renderer=wgpu generation=1
10-08 16:23:46.078 23785 23785 I SpinonBootstrap: SPINON_R05_PRESENT_FLUSH renderer=wgpu queued=true generation=1
10-08 16:23:46.078 23785 23822 I SpinonBootstrap: SPINON_R05_PRESENT_FLUSH requested=true renderer=wgpu generation=1
10-08 16:23:46.324 23785 23785 I SpinonBootstrap: SPINON_R05_INPUT renderer=wgpu input_seq=3 phase=ACTION_UP timestamp_precision=nanosecond_representation input_source=unknown handler_clock_resolution=nanosecond_api event_time_ns=4380931000000 handler_uptime_ns=4380932234130 generation=1
10-08 16:23:46.325 23785 23785 I SpinonBootstrap: SPINON_R05_FRAME_TIMELINE_REQUEST renderer=wgpu request_id=3 input_seq=3 revision=3 generation=1 state=posted
10-08 16:23:46.325 23785 23785 I SpinonBootstrap: SPINON_R08_TOUCH count=3
10-08 16:23:46.332 23785 23785 I SpinonBootstrap: SPINON_R05_FRAME_TIMELINE_TARGET renderer=wgpu request_id=3 input_seq=3 revision=3 generation=1 vsync_id=125726 deadline_ns=4380956483252 expected_presentation_ns=4380972149918 render_mode=on_demand
10-08 16:23:46.332 23785 23785 I SpinonBootstrap: SPINON_R05_FRAME_TIMELINE_APPLY renderer=wgpu request_id=3 input_seq=3 revision=3 generation=1 target_vsync_id=125726 transaction=queued_for_next_surface_frame
10-08 16:23:46.334 23785 23785 I SpinonBootstrap: SPINON_R05_SUBMIT renderer=wgpu input_seq=3 revision=3 generation=1 event_time_ns=4380931000000 handler_uptime_ns=4380940125880 queue_present_return_uptime_ns=4380941706172 draw_accepted=true present_signal=unavailable attribution=input
10-08 16:23:46.334 23785 23785 I SpinonBootstrap: SPINON_R05_PRESENT_FLUSH renderer=wgpu queued=true generation=1
10-08 16:23:46.334 23785 23785 I SpinonBootstrap: SPINON_R05_PRESENT_DRAIN renderer=wgpu generation=1 queued=true delay_ms=250
10-08 16:23:46.334 23785 23822 I SpinonBootstrap: SPINON_R05_PRESENT_FLUSH requested=true renderer=wgpu generation=1
10-08 16:23:46.584 23785 23785 I SpinonBootstrap: SPINON_R05_PRESENT_FLUSH renderer=wgpu queued=true generation=1
10-08 16:23:46.584 23785 23822 I SpinonBootstrap: SPINON_R05_PRESENT_FLUSH requested=true renderer=wgpu generation=1
10-08 16:23:46.585 23785 23822 I SpinonBootstrap: SPINON_R05_PRESENT_BATCH renderer=wgpu generation=1 batch_seq=3 record_count=2 callback_os_tid=23822 callback_thread_id=55 registering_thread_os_tid=23785 queue_depth=0 rejected_callback_batches=0 rejected_flush_tasks=0 callback_uptime_ns=4381192483672 attribution=unmatched
10-08 16:23:46.585 23785 23822 I SpinonBootstrap: SPINON_R05_PRESENT renderer=wgpu signal=SurfaceView_JankData generation=1 current_generation=1 current_surface=true batch_seq=3 record_index=0 callback_os_tid=23822 callback_thread_id=55 registering_thread_os_tid=23785 queue_depth=0 vsync_id=125718 present_time_ns=-1 present_state=unknown jank_type=0 actual_app_frame_ns=17084773 scheduled_app_frame_ns=16666666 callback_uptime_ns=4381192483672 frame_id=unavailable join_status=exact_match input_seq=2 revision=2 request_id=2 target_vsync_id=125718
10-08 16:23:46.585 23785 23822 I SpinonBootstrap: SPINON_R05_PRESENT renderer=wgpu signal=SurfaceView_JankData generation=1 current_generation=1 current_surface=true batch_seq=3 record_index=1 callback_os_tid=23822 callback_thread_id=55 registering_thread_os_tid=23785 queue_depth=0 vsync_id=125726 present_time_ns=-1 present_state=unknown jank_type=0 actual_app_frame_ns=18504086 scheduled_app_frame_ns=16666666 callback_uptime_ns=4381192483672 frame_id=unavailable join_status=exact_match input_seq=3 revision=3 request_id=3 target_vsync_id=125726
10-08 16:23:46.848 23785 23785 I SpinonBootstrap: SPINON_R05_INPUT renderer=wgpu input_seq=4 phase=ACTION_UP timestamp_precision=nanosecond_representation input_source=unknown handler_clock_resolution=nanosecond_api event_time_ns=4381455000000 handler_uptime_ns=4381456381839 generation=1
10-08 16:23:46.849 23785 23785 I SpinonBootstrap: SPINON_R05_FRAME_TIMELINE_REQUEST renderer=wgpu request_id=4 input_seq=4 revision=4 generation=1 state=posted
10-08 16:23:46.849 23785 23785 I SpinonBootstrap: SPINON_R08_TOUCH count=4
10-08 16:23:46.866 23785 23785 I SpinonBootstrap: SPINON_R05_FRAME_TIMELINE_TARGET renderer=wgpu request_id=4 input_seq=4 revision=4 generation=1 vsync_id=125734 deadline_ns=4381489816564 expected_presentation_ns=4381505483230 render_mode=on_demand
10-08 16:23:46.866 23785 23785 I SpinonBootstrap: SPINON_R05_FRAME_TIMELINE_APPLY renderer=wgpu request_id=4 input_seq=4 revision=4 generation=1 target_vsync_id=125734 transaction=queued_for_next_surface_frame
10-08 16:23:46.867 23785 23785 I SpinonBootstrap: SPINON_R05_SUBMIT renderer=wgpu input_seq=4 revision=4 generation=1 event_time_ns=4381455000000 handler_uptime_ns=4381473540880 queue_present_return_uptime_ns=4381475137422 draw_accepted=true present_signal=unavailable attribution=input
10-08 16:23:46.867 23785 23785 I SpinonBootstrap: SPINON_R05_PRESENT_FLUSH renderer=wgpu queued=true generation=1
10-08 16:23:46.867 23785 23785 I SpinonBootstrap: SPINON_R05_PRESENT_DRAIN renderer=wgpu generation=1 queued=true delay_ms=250
10-08 16:23:46.867 23785 23822 I SpinonBootstrap: SPINON_R05_PRESENT_FLUSH requested=true renderer=wgpu generation=1
10-08 16:23:47.118 23785 23785 I SpinonBootstrap: SPINON_R05_PRESENT_FLUSH renderer=wgpu queued=true generation=1
10-08 16:23:47.118 23785 23822 I SpinonBootstrap: SPINON_R05_PRESENT_FLUSH requested=true renderer=wgpu generation=1
10-08 16:23:47.118 23785 23822 I SpinonBootstrap: SPINON_R05_PRESENT_BATCH renderer=wgpu generation=1 batch_seq=4 record_count=1 callback_os_tid=23822 callback_thread_id=55 registering_thread_os_tid=23785 queue_depth=0 rejected_callback_batches=0 rejected_flush_tasks=0 callback_uptime_ns=4381726314755 attribution=unmatched
10-08 16:23:47.118 23785 23822 I SpinonBootstrap: SPINON_R05_PRESENT renderer=wgpu signal=SurfaceView_JankData generation=1 current_generation=1 current_surface=true batch_seq=4 record_index=0 callback_os_tid=23822 callback_thread_id=55 registering_thread_os_tid=23785 queue_depth=0 vsync_id=125734 present_time_ns=-1 present_state=unknown jank_type=0 actual_app_frame_ns=17046982 scheduled_app_frame_ns=16666666 callback_uptime_ns=4381726314755 frame_id=unavailable join_status=exact_match input_seq=4 revision=4 request_id=4 target_vsync_id=125734
10-08 16:23:47.374 23785 23785 I SpinonBootstrap: SPINON_R05_INPUT renderer=wgpu input_seq=5 phase=ACTION_UP timestamp_precision=nanosecond_representation input_source=unknown handler_clock_resolution=nanosecond_api event_time_ns=4381981000000 handler_uptime_ns=4381982329922 generation=1
10-08 16:23:47.375 23785 23785 I SpinonBootstrap: SPINON_R05_FRAME_TIMELINE_REQUEST renderer=wgpu request_id=5 input_seq=5 revision=5 generation=1 state=posted
10-08 16:23:47.375 23785 23785 I SpinonBootstrap: SPINON_R08_TOUCH count=5
10-08 16:23:47.382 23785 23785 I SpinonBootstrap: SPINON_R05_FRAME_TIMELINE_TARGET renderer=wgpu request_id=5 input_seq=5 revision=5 generation=1 vsync_id=125742 deadline_ns=4382006483210 expected_presentation_ns=4382022149876 render_mode=on_demand
10-08 16:23:47.382 23785 23785 I SpinonBootstrap: SPINON_R05_FRAME_TIMELINE_APPLY renderer=wgpu request_id=5 input_seq=5 revision=5 generation=1 target_vsync_id=125742 transaction=queued_for_next_surface_frame
10-08 16:23:47.384 23785 23785 I SpinonBootstrap: SPINON_R05_SUBMIT renderer=wgpu input_seq=5 revision=5 generation=1 event_time_ns=4381981000000 handler_uptime_ns=4381990455964 queue_present_return_uptime_ns=4381992451839 draw_accepted=true present_signal=unavailable attribution=input
10-08 16:23:47.385 23785 23785 I SpinonBootstrap: SPINON_R05_PRESENT_FLUSH renderer=wgpu queued=true generation=1
10-08 16:23:47.385 23785 23785 I SpinonBootstrap: SPINON_R05_PRESENT_DRAIN renderer=wgpu generation=1 queued=true delay_ms=250
10-08 16:23:47.385 23785 23822 I SpinonBootstrap: SPINON_R05_PRESENT_FLUSH requested=true renderer=wgpu generation=1
10-08 16:23:47.635 23785 23785 I SpinonBootstrap: SPINON_R05_PRESENT_FLUSH renderer=wgpu queued=true generation=1
10-08 16:23:47.635 23785 23822 I SpinonBootstrap: SPINON_R05_PRESENT_FLUSH requested=true renderer=wgpu generation=1
10-08 16:23:47.636 23785 23822 I SpinonBootstrap: SPINON_R05_PRESENT_BATCH renderer=wgpu generation=1 batch_seq=5 record_count=1 callback_os_tid=23822 callback_thread_id=55 registering_thread_os_tid=23785 queue_depth=0 rejected_callback_batches=0 rejected_flush_tasks=0 callback_uptime_ns=4382243775589 attribution=unmatched
10-08 16:23:47.636 23785 23822 I SpinonBootstrap: SPINON_R05_PRESENT renderer=wgpu signal=SurfaceView_JankData generation=1 current_generation=1 current_surface=true batch_seq=5 record_index=0 callback_os_tid=23822 callback_thread_id=55 registering_thread_os_tid=23785 queue_depth=0 vsync_id=125742 present_time_ns=-1 present_state=unknown jank_type=0 actual_app_frame_ns=17499545 scheduled_app_frame_ns=16666666 callback_uptime_ns=4382243775589 frame_id=unavailable join_status=exact_match input_seq=5 revision=5 request_id=5 target_vsync_id=125742
10-08 16:23:47.901 23785 23785 I SpinonBootstrap: SPINON_R05_INPUT renderer=wgpu input_seq=6 phase=ACTION_UP timestamp_precision=nanosecond_representation input_source=unknown handler_clock_resolution=nanosecond_api event_time_ns=4382507000000 handler_uptime_ns=4382508775923 generation=1
10-08 16:23:47.901 23785 23785 I SpinonBootstrap: SPINON_R05_FRAME_TIMELINE_REQUEST renderer=wgpu request_id=6 input_seq=6 revision=6 generation=1 state=posted
10-08 16:23:47.901 23785 23785 I SpinonBootstrap: SPINON_R08_TOUCH count=6
10-08 16:23:47.916 23785 23785 I SpinonBootstrap: SPINON_R05_FRAME_TIMELINE_TARGET renderer=wgpu request_id=6 input_seq=6 revision=6 generation=1 vsync_id=125750 deadline_ns=4382539816522 expected_presentation_ns=4382555483188 render_mode=on_demand
10-08 16:23:47.916 23785 23785 I SpinonBootstrap: SPINON_R05_FRAME_TIMELINE_APPLY renderer=wgpu request_id=6 input_seq=6 revision=6 generation=1 target_vsync_id=125750 transaction=queued_for_next_surface_frame
10-08 16:23:47.918 23785 23785 I SpinonBootstrap: SPINON_R05_SUBMIT renderer=wgpu input_seq=6 revision=6 generation=1 event_time_ns=4382507000000 handler_uptime_ns=4382523522089 queue_present_return_uptime_ns=4382525513506 draw_accepted=true present_signal=unavailable attribution=input
10-08 16:23:47.918 23785 23785 I SpinonBootstrap: SPINON_R05_PRESENT_FLUSH renderer=wgpu queued=true generation=1
10-08 16:23:47.918 23785 23785 I SpinonBootstrap: SPINON_R05_PRESENT_DRAIN renderer=wgpu generation=1 queued=true delay_ms=250
10-08 16:23:47.918 23785 23822 I SpinonBootstrap: SPINON_R05_PRESENT_FLUSH requested=true renderer=wgpu generation=1
10-08 16:23:48.168 23785 23785 I SpinonBootstrap: SPINON_R05_PRESENT_FLUSH renderer=wgpu queued=true generation=1
10-08 16:23:48.168 23785 23822 I SpinonBootstrap: SPINON_R05_PRESENT_FLUSH requested=true renderer=wgpu generation=1
10-08 16:23:48.168 23785 23822 I SpinonBootstrap: SPINON_R05_PRESENT_BATCH renderer=wgpu generation=1 batch_seq=6 record_count=1 callback_os_tid=23822 callback_thread_id=55 registering_thread_os_tid=23785 queue_depth=0 rejected_callback_batches=0 rejected_flush_tasks=0 callback_uptime_ns=4382775926423 attribution=unmatched
10-08 16:23:48.168 23785 23822 I SpinonBootstrap: SPINON_R05_PRESENT renderer=wgpu signal=SurfaceView_JankData generation=1 current_generation=1 current_surface=true batch_seq=6 record_index=0 callback_os_tid=23822 callback_thread_id=55 registering_thread_os_tid=23785 queue_depth=0 vsync_id=125750 present_time_ns=-1 present_state=unknown jank_type=0 actual_app_frame_ns=17652608 scheduled_app_frame_ns=16666666 callback_uptime_ns=4382775926423 frame_id=unavailable join_status=exact_match input_seq=6 revision=6 request_id=6 target_vsync_id=125750
10-08 16:23:48.427 23785 23785 I SpinonBootstrap: SPINON_R05_INPUT renderer=wgpu input_seq=7 phase=ACTION_UP timestamp_precision=nanosecond_representation input_source=unknown handler_clock_resolution=nanosecond_api event_time_ns=4383034000000 handler_uptime_ns=4383035109506 generation=1
10-08 16:23:48.427 23785 23785 I SpinonBootstrap: SPINON_R05_FRAME_TIMELINE_REQUEST renderer=wgpu request_id=7 input_seq=7 revision=7 generation=1 state=posted
10-08 16:23:48.427 23785 23785 I SpinonBootstrap: SPINON_R08_TOUCH count=7
10-08 16:23:48.433 23785 23785 I SpinonBootstrap: SPINON_R05_FRAME_TIMELINE_TARGET renderer=wgpu request_id=7 input_seq=7 revision=7 generation=1 vsync_id=125758 deadline_ns=4383056483168 expected_presentation_ns=4383072149834 render_mode=on_demand
10-08 16:23:48.433 23785 23785 I SpinonBootstrap: SPINON_R05_FRAME_TIMELINE_APPLY renderer=wgpu request_id=7 input_seq=7 revision=7 generation=1 target_vsync_id=125758 transaction=queued_for_next_surface_frame
10-08 16:23:48.434 23785 23785 I SpinonBootstrap: SPINON_R05_SUBMIT renderer=wgpu input_seq=7 revision=7 generation=1 event_time_ns=4383034000000 handler_uptime_ns=4383040553964 queue_present_return_uptime_ns=4383042315506 draw_accepted=true present_signal=unavailable attribution=input
10-08 16:23:48.434 23785 23785 I SpinonBootstrap: SPINON_R05_PRESENT_FLUSH renderer=wgpu queued=true generation=1
10-08 16:23:48.434 23785 23785 I SpinonBootstrap: SPINON_R05_PRESENT_DRAIN renderer=wgpu generation=1 queued=true delay_ms=250
10-08 16:23:48.435 23785 23822 I SpinonBootstrap: SPINON_R05_PRESENT_FLUSH requested=true renderer=wgpu generation=1
10-08 16:23:48.685 23785 23785 I SpinonBootstrap: SPINON_R05_PRESENT_FLUSH renderer=wgpu queued=true generation=1
10-08 16:23:48.685 23785 23822 I SpinonBootstrap: SPINON_R05_PRESENT_FLUSH requested=true renderer=wgpu generation=1
10-08 16:23:48.685 23785 23822 I SpinonBootstrap: SPINON_R05_PRESENT_BATCH renderer=wgpu generation=1 batch_seq=7 record_count=1 callback_os_tid=23822 callback_thread_id=55 registering_thread_os_tid=23785 queue_depth=0 rejected_callback_batches=0 rejected_flush_tasks=0 callback_uptime_ns=4383293384298 attribution=unmatched
10-08 16:23:48.685 23785 23822 I SpinonBootstrap: SPINON_R05_PRESENT renderer=wgpu signal=SurfaceView_JankData generation=1 current_generation=1 current_surface=true batch_seq=7 record_index=0 callback_os_tid=23822 callback_thread_id=55 registering_thread_os_tid=23785 queue_depth=0 vsync_id=125758 present_time_ns=-1 present_state=unknown jank_type=0 actual_app_frame_ns=16907421 scheduled_app_frame_ns=16666666 callback_uptime_ns=4383293384298 frame_id=unavailable join_status=exact_match input_seq=7 revision=7 request_id=7 target_vsync_id=125758
10-08 16:23:48.955 23785 23785 I SpinonBootstrap: SPINON_R05_INPUT renderer=wgpu input_seq=8 phase=ACTION_UP timestamp_precision=nanosecond_representation input_source=unknown handler_clock_resolution=nanosecond_api event_time_ns=4383561000000 handler_uptime_ns=4383562719506 generation=1
10-08 16:23:48.955 23785 23785 I SpinonBootstrap: SPINON_R05_FRAME_TIMELINE_REQUEST renderer=wgpu request_id=8 input_seq=8 revision=8 generation=1 state=posted
10-08 16:23:48.955 23785 23785 I SpinonBootstrap: SPINON_R08_TOUCH count=8
10-08 16:23:48.966 23785 23785 I SpinonBootstrap: SPINON_R05_FRAME_TIMELINE_TARGET renderer=wgpu request_id=8 input_seq=8 revision=8 generation=1 vsync_id=125766 deadline_ns=4383589816480 expected_presentation_ns=4383605483146 render_mode=on_demand
10-08 16:23:48.966 23785 23785 I SpinonBootstrap: SPINON_R05_FRAME_TIMELINE_APPLY renderer=wgpu request_id=8 input_seq=8 revision=8 generation=1 target_vsync_id=125766 transaction=queued_for_next_surface_frame
10-08 16:23:48.967 23785 23785 I SpinonBootstrap: SPINON_R05_SUBMIT renderer=wgpu input_seq=8 revision=8 generation=1 event_time_ns=4383561000000 handler_uptime_ns=4383573566215 queue_present_return_uptime_ns=4383575243840 draw_accepted=true present_signal=unavailable attribution=input
10-08 16:23:48.967 23785 23785 I SpinonBootstrap: SPINON_R05_PRESENT_FLUSH renderer=wgpu queued=true generation=1
10-08 16:23:48.967 23785 23785 I SpinonBootstrap: SPINON_R05_PRESENT_DRAIN renderer=wgpu generation=1 queued=true delay_ms=250
10-08 16:23:48.967 23785 23822 I SpinonBootstrap: SPINON_R05_PRESENT_FLUSH requested=true renderer=wgpu generation=1
10-08 16:23:49.219 23785 23785 I SpinonBootstrap: SPINON_R05_PRESENT_FLUSH renderer=wgpu queued=true generation=1
10-08 16:23:49.219 23785 23822 I SpinonBootstrap: SPINON_R05_PRESENT_FLUSH requested=true renderer=wgpu generation=1
10-08 16:23:49.478 23785 23785 I SpinonBootstrap: SPINON_R05_INPUT renderer=wgpu input_seq=9 phase=ACTION_UP timestamp_precision=nanosecond_representation input_source=unknown handler_clock_resolution=nanosecond_api event_time_ns=4384085000000 handler_uptime_ns=4384086256965 generation=1
10-08 16:23:49.478 23785 23785 I SpinonBootstrap: SPINON_R05_FRAME_TIMELINE_REQUEST renderer=wgpu request_id=9 input_seq=9 revision=9 generation=1 state=posted
10-08 16:23:49.479 23785 23785 I SpinonBootstrap: SPINON_R08_TOUCH count=9
10-08 16:23:49.482 23785 23785 I SpinonBootstrap: SPINON_R05_FRAME_TIMELINE_TARGET renderer=wgpu request_id=9 input_seq=9 revision=9 generation=1 vsync_id=125774 deadline_ns=4384106483126 expected_presentation_ns=4384122149792 render_mode=on_demand
10-08 16:23:49.482 23785 23785 I SpinonBootstrap: SPINON_R05_FRAME_TIMELINE_APPLY renderer=wgpu request_id=9 input_seq=9 revision=9 generation=1 target_vsync_id=125774 transaction=queued_for_next_surface_frame
10-08 16:23:49.484 23785 23785 I SpinonBootstrap: SPINON_R05_SUBMIT renderer=wgpu input_seq=9 revision=9 generation=1 event_time_ns=4384085000000 handler_uptime_ns=4384090252548 queue_present_return_uptime_ns=4384092099423 draw_accepted=true present_signal=unavailable attribution=input
10-08 16:23:49.484 23785 23785 I SpinonBootstrap: SPINON_R05_PRESENT_FLUSH renderer=wgpu queued=true generation=1
10-08 16:23:49.484 23785 23785 I SpinonBootstrap: SPINON_R05_PRESENT_DRAIN renderer=wgpu generation=1 queued=true delay_ms=250
10-08 16:23:49.484 23785 23822 I SpinonBootstrap: SPINON_R05_PRESENT_FLUSH requested=true renderer=wgpu generation=1
10-08 16:23:49.735 23785 23785 I SpinonBootstrap: SPINON_R05_PRESENT_FLUSH renderer=wgpu queued=true generation=1
10-08 16:23:49.735 23785 23822 I SpinonBootstrap: SPINON_R05_PRESENT_FLUSH requested=true renderer=wgpu generation=1
10-08 16:23:49.736 23785 23822 I SpinonBootstrap: SPINON_R05_PRESENT_BATCH renderer=wgpu generation=1 batch_seq=8 record_count=1 callback_os_tid=23822 callback_thread_id=55 registering_thread_os_tid=23785 queue_depth=0 rejected_callback_batches=0 rejected_flush_tasks=0 callback_uptime_ns=4384343862423 attribution=unmatched
10-08 16:23:49.736 23785 23822 I SpinonBootstrap: SPINON_R05_PRESENT renderer=wgpu signal=SurfaceView_JankData generation=1 current_generation=1 current_surface=true batch_seq=8 record_index=0 callback_os_tid=23822 callback_thread_id=55 registering_thread_os_tid=23785 queue_depth=0 vsync_id=125766 present_time_ns=-1 present_state=unknown jank_type=0 actual_app_frame_ns=17090109 scheduled_app_frame_ns=16666666 callback_uptime_ns=4384343862423 frame_id=unavailable join_status=exact_match input_seq=8 revision=8 request_id=8 target_vsync_id=125766
10-08 16:23:50.010 23785 23785 I SpinonBootstrap: SPINON_R05_INPUT renderer=wgpu input_seq=10 phase=ACTION_UP timestamp_precision=nanosecond_representation input_source=unknown handler_clock_resolution=nanosecond_api event_time_ns=4384616000000 handler_uptime_ns=4384617902257 generation=1
10-08 16:23:50.010 23785 23785 I SpinonBootstrap: SPINON_R05_FRAME_TIMELINE_REQUEST renderer=wgpu request_id=10 input_seq=10 revision=10 generation=1 state=posted
10-08 16:23:50.010 23785 23785 I SpinonBootstrap: SPINON_R08_TOUCH count=10
10-08 16:23:50.016 23785 23785 I SpinonBootstrap: SPINON_R05_FRAME_TIMELINE_TARGET renderer=wgpu request_id=10 input_seq=10 revision=10 generation=1 vsync_id=125782 deadline_ns=4384639816438 expected_presentation_ns=4384655483104 render_mode=on_demand
10-08 16:23:50.016 23785 23785 I SpinonBootstrap: SPINON_R05_FRAME_TIMELINE_APPLY renderer=wgpu request_id=10 input_seq=10 revision=10 generation=1 target_vsync_id=125782 transaction=queued_for_next_surface_frame
10-08 16:23:50.018 23785 23785 I SpinonBootstrap: SPINON_R05_SUBMIT renderer=wgpu input_seq=10 revision=10 generation=1 event_time_ns=4384616000000 handler_uptime_ns=4384624303090 queue_present_return_uptime_ns=4384626102882 draw_accepted=true present_signal=unavailable attribution=input
10-08 16:23:50.018 23785 23785 I SpinonBootstrap: SPINON_R05_PRESENT_FLUSH renderer=wgpu queued=true generation=1
10-08 16:23:50.018 23785 23785 I SpinonBootstrap: SPINON_R05_PRESENT_DRAIN renderer=wgpu generation=1 queued=true delay_ms=250
10-08 16:23:50.018 23785 23822 I SpinonBootstrap: SPINON_R05_PRESENT_FLUSH requested=true renderer=wgpu generation=1
10-08 16:23:50.269 23785 23785 I SpinonBootstrap: SPINON_R05_PRESENT_FLUSH renderer=wgpu queued=true generation=1
10-08 16:23:50.270 23785 23822 I SpinonBootstrap: SPINON_R05_PRESENT_FLUSH requested=true renderer=wgpu generation=1
10-08 16:23:50.270 23785 23822 I SpinonBootstrap: SPINON_R05_PRESENT_BATCH renderer=wgpu generation=1 batch_seq=9 record_count=2 callback_os_tid=23822 callback_thread_id=55 registering_thread_os_tid=23785 queue_depth=0 rejected_callback_batches=0 rejected_flush_tasks=0 callback_uptime_ns=4384878054424 attribution=unmatched
10-08 16:23:50.270 23785 23822 I SpinonBootstrap: SPINON_R05_PRESENT renderer=wgpu signal=SurfaceView_JankData generation=1 current_generation=1 current_surface=true batch_seq=9 record_index=0 callback_os_tid=23822 callback_thread_id=55 registering_thread_os_tid=23785 queue_depth=0 vsync_id=125774 present_time_ns=-1 present_state=unknown jank_type=0 actual_app_frame_ns=17186380 scheduled_app_frame_ns=16666666 callback_uptime_ns=4384878054424 frame_id=unavailable join_status=exact_match input_seq=9 revision=9 request_id=9 target_vsync_id=125774
10-08 16:23:50.270 23785 23822 I SpinonBootstrap: SPINON_R05_PRESENT renderer=wgpu signal=SurfaceView_JankData generation=1 current_generation=1 current_surface=true batch_seq=9 record_index=1 callback_os_tid=23822 callback_thread_id=55 registering_thread_os_tid=23785 queue_depth=0 vsync_id=125782 present_time_ns=-1 present_state=unknown jank_type=0 actual_app_frame_ns=17739527 scheduled_app_frame_ns=16666666 callback_uptime_ns=4384878054424 frame_id=unavailable join_status=exact_match input_seq=10 revision=10 request_id=10 target_vsync_id=125782
10-08 16:23:50.538 23785 23785 I SpinonBootstrap: SPINON_R05_INPUT renderer=wgpu input_seq=11 phase=ACTION_UP timestamp_precision=nanosecond_representation input_source=unknown handler_clock_resolution=nanosecond_api event_time_ns=4385145000000 handler_uptime_ns=4385146411799 generation=1
10-08 16:23:50.539 23785 23785 I SpinonBootstrap: SPINON_R05_FRAME_TIMELINE_REQUEST renderer=wgpu request_id=11 input_seq=11 revision=11 generation=1 state=posted
10-08 16:23:50.539 23785 23785 I SpinonBootstrap: SPINON_R08_TOUCH count=11
10-08 16:23:50.549 23785 23785 I SpinonBootstrap: SPINON_R05_FRAME_TIMELINE_TARGET renderer=wgpu request_id=11 input_seq=11 revision=11 generation=1 vsync_id=125790 deadline_ns=4385173149750 expected_presentation_ns=4385188816416 render_mode=on_demand
10-08 16:23:50.549 23785 23785 I SpinonBootstrap: SPINON_R05_FRAME_TIMELINE_APPLY renderer=wgpu request_id=11 input_seq=11 revision=11 generation=1 target_vsync_id=125790 transaction=queued_for_next_surface_frame
10-08 16:23:50.551 23785 23785 I SpinonBootstrap: SPINON_R05_SUBMIT renderer=wgpu input_seq=11 revision=11 generation=1 event_time_ns=4385145000000 handler_uptime_ns=4385156873424 queue_present_return_uptime_ns=4385158515549 draw_accepted=true present_signal=unavailable attribution=input
10-08 16:23:50.551 23785 23785 I SpinonBootstrap: SPINON_R05_PRESENT_FLUSH renderer=wgpu queued=true generation=1
10-08 16:23:50.551 23785 23785 I SpinonBootstrap: SPINON_R05_PRESENT_DRAIN renderer=wgpu generation=1 queued=true delay_ms=250
10-08 16:23:50.551 23785 23822 I SpinonBootstrap: SPINON_R05_PRESENT_FLUSH requested=true renderer=wgpu generation=1
10-08 16:23:50.801 23785 23785 I SpinonBootstrap: SPINON_R05_PRESENT_FLUSH renderer=wgpu queued=true generation=1
10-08 16:23:50.802 23785 23822 I SpinonBootstrap: SPINON_R05_PRESENT_FLUSH requested=true renderer=wgpu generation=1
