--------- beginning of main
10-08 15:20:12.499  8320  8320 I SpinonBootstrap: SPINON_R08_UI=ready text-input=EditText accessibility=button+EditText
10-08 15:20:12.524  8320  8320 I SpinonBootstrap: SPINON_R05_SURFACE renderer=wgpu type=SurfaceView generation=1
10-08 15:20:12.524  8320  8320 I SpinonBootstrap: SPINON_R05_SIGNAL_CAPABILITY renderer=wgpu signal=SurfaceView_JankData available=false reason=api_below_37 api=36 api_full=3600000
10-08 15:20:12.559  8320  8320 I SpinonBootstrap: SPINON_R08_WGPU=ready backend=Vulkan device=Cpu name=llvmpipe (LLVM 21.1.4, 128 bits) google_display_timing_supported=false format=Rgba8Unorm color_space=Auto supported_formats=[Rgba8UnormSrgb, Rgba8Unorm, Rgba16Float, Rgb10a2Unorm]
10-08 15:20:12.560  8320  8320 I SpinonBootstrap: SPINON_R08_WGPU_SURFACE=size 1080x2400
10-08 15:20:14.417  8320  8320 I SpinonBootstrap: SPINON_R05_INPUT renderer=wgpu input_seq=1 phase=ACTION_UP timestamp_precision=nanosecond_representation input_source=unknown handler_clock_resolution=nanosecond_api event_time_ns=710422953000000 handler_uptime_ns=710422954336422 generation=1
10-08 15:20:14.475  8320  8320 I SpinonBootstrap: SPINON_R05_SUBMIT renderer=wgpu input_seq=1 revision=1 generation=1 event_time_ns=710422953000000 handler_uptime_ns=710422955606797 queue_present_return_uptime_ns=710423012350797 draw_accepted=true present_signal=unavailable attribution=input
10-08 15:20:14.476  8320  8320 I SpinonBootstrap: SPINON_R08_TOUCH count=1
10-08 15:20:14.837  8320  8320 I SpinonBootstrap: SPINON_R05_INPUT renderer=wgpu input_seq=2 phase=ACTION_UP timestamp_precision=nanosecond_representation input_source=unknown handler_clock_resolution=nanosecond_api event_time_ns=710423373000000 handler_uptime_ns=710423374214797 generation=1
10-08 15:20:14.849  8320  8320 I SpinonBootstrap: SPINON_R05_SUBMIT renderer=wgpu input_seq=2 revision=2 generation=1 event_time_ns=710423373000000 handler_uptime_ns=710423374280588 queue_present_return_uptime_ns=710423385759255 draw_accepted=true present_signal=unavailable attribution=input
10-08 15:20:14.849  8320  8320 I SpinonBootstrap: SPINON_R08_TOUCH count=2
10-08 15:20:15.210  8320  8320 I SpinonBootstrap: SPINON_R05_INPUT renderer=wgpu input_seq=3 phase=ACTION_UP timestamp_precision=nanosecond_representation input_source=unknown handler_clock_resolution=nanosecond_api event_time_ns=710423745000000 handler_uptime_ns=710423746737297 generation=1
10-08 15:20:15.212  8320  8320 I SpinonBootstrap: SPINON_R05_SUBMIT renderer=wgpu input_seq=3 revision=3 generation=1 event_time_ns=710423745000000 handler_uptime_ns=710423746866797 queue_present_return_uptime_ns=710423748993505 draw_accepted=true present_signal=unavailable attribution=input
10-08 15:20:15.212  8320  8320 I SpinonBootstrap: SPINON_R08_TOUCH count=3
10-08 15:20:15.573  8320  8320 I SpinonBootstrap: SPINON_R05_INPUT renderer=wgpu input_seq=4 phase=ACTION_UP timestamp_precision=nanosecond_representation input_source=unknown handler_clock_resolution=nanosecond_api event_time_ns=710424109000000 handler_uptime_ns=710424110242797 generation=1
10-08 15:20:15.576  8320  8320 I SpinonBootstrap: SPINON_R05_SUBMIT renderer=wgpu input_seq=4 revision=4 generation=1 event_time_ns=710424109000000 handler_uptime_ns=710424110385880 queue_present_return_uptime_ns=710424112756422 draw_accepted=true present_signal=unavailable attribution=input
10-08 15:20:15.576  8320  8320 I SpinonBootstrap: SPINON_R08_TOUCH count=4
10-08 15:20:15.937  8320  8320 I SpinonBootstrap: SPINON_R05_INPUT renderer=wgpu input_seq=5 phase=ACTION_UP timestamp_precision=nanosecond_representation input_source=unknown handler_clock_resolution=nanosecond_api event_time_ns=710424473000000 handler_uptime_ns=710424474488714 generation=1
10-08 15:20:15.939  8320  8320 I SpinonBootstrap: SPINON_R05_SUBMIT renderer=wgpu input_seq=5 revision=5 generation=1 event_time_ns=710424473000000 handler_uptime_ns=710424474566922 queue_present_return_uptime_ns=710424476721464 draw_accepted=true present_signal=unavailable attribution=input
10-08 15:20:15.940  8320  8320 I SpinonBootstrap: SPINON_R08_TOUCH count=5
10-08 15:20:16.302  8320  8320 I SpinonBootstrap: SPINON_R05_INPUT renderer=wgpu input_seq=6 phase=ACTION_UP timestamp_precision=nanosecond_representation input_source=unknown handler_clock_resolution=nanosecond_api event_time_ns=710424838000000 handler_uptime_ns=710424839295172 generation=1
10-08 15:20:16.304  8320  8320 I SpinonBootstrap: SPINON_R05_SUBMIT renderer=wgpu input_seq=6 revision=6 generation=1 event_time_ns=710424838000000 handler_uptime_ns=710424839397339 queue_present_return_uptime_ns=710424841588589 draw_accepted=true present_signal=unavailable attribution=input
10-08 15:20:16.305  8320  8320 I SpinonBootstrap: SPINON_R08_TOUCH count=6
10-08 15:20:16.666  8320  8320 I SpinonBootstrap: SPINON_R05_INPUT renderer=wgpu input_seq=7 phase=ACTION_UP timestamp_precision=nanosecond_representation input_source=unknown handler_clock_resolution=nanosecond_api event_time_ns=710425201000000 handler_uptime_ns=710425202946131 generation=1
10-08 15:20:16.669  8320  8320 I SpinonBootstrap: SPINON_R05_SUBMIT renderer=wgpu input_seq=7 revision=7 generation=1 event_time_ns=710425201000000 handler_uptime_ns=710425203035798 queue_present_return_uptime_ns=710425206291506 draw_accepted=true present_signal=unavailable attribution=input
10-08 15:20:16.670  8320  8320 I SpinonBootstrap: SPINON_R08_TOUCH count=7
10-08 15:20:17.030  8320  8320 I SpinonBootstrap: SPINON_R05_INPUT renderer=wgpu input_seq=8 phase=ACTION_UP timestamp_precision=nanosecond_representation input_source=unknown handler_clock_resolution=nanosecond_api event_time_ns=710425566000000 handler_uptime_ns=710425567101089 generation=1
10-08 15:20:17.033  8320  8320 I SpinonBootstrap: SPINON_R05_SUBMIT renderer=wgpu input_seq=8 revision=8 generation=1 event_time_ns=710425566000000 handler_uptime_ns=710425567185548 queue_present_return_uptime_ns=710425569953048 draw_accepted=true present_signal=unavailable attribution=input
10-08 15:20:17.033  8320  8320 I SpinonBootstrap: SPINON_R08_TOUCH count=8
10-08 15:20:17.394  8320  8320 I SpinonBootstrap: SPINON_R05_INPUT renderer=wgpu input_seq=9 phase=ACTION_UP timestamp_precision=nanosecond_representation input_source=unknown handler_clock_resolution=nanosecond_api event_time_ns=710425930000000 handler_uptime_ns=710425931275715 generation=1
10-08 15:20:17.396  8320  8320 I SpinonBootstrap: SPINON_R05_SUBMIT renderer=wgpu input_seq=9 revision=9 generation=1 event_time_ns=710425930000000 handler_uptime_ns=710425931386798 queue_present_return_uptime_ns=710425933665548 draw_accepted=true present_signal=unavailable attribution=input
10-08 15:20:17.397  8320  8320 I SpinonBootstrap: SPINON_R08_TOUCH count=9
10-08 15:20:17.758  8320  8320 I SpinonBootstrap: SPINON_R05_INPUT renderer=wgpu input_seq=10 phase=ACTION_UP timestamp_precision=nanosecond_representation input_source=unknown handler_clock_resolution=nanosecond_api event_time_ns=710426294000000 handler_uptime_ns=710426295312381 generation=1
10-08 15:20:17.761  8320  8320 I SpinonBootstrap: SPINON_R05_SUBMIT renderer=wgpu input_seq=10 revision=10 generation=1 event_time_ns=710426294000000 handler_uptime_ns=710426295448923 queue_present_return_uptime_ns=710426297792715 draw_accepted=true present_signal=unavailable attribution=input
10-08 15:20:17.761  8320  8320 I SpinonBootstrap: SPINON_R08_TOUCH count=10
10-08 15:20:18.123  8320  8320 I SpinonBootstrap: SPINON_R05_INPUT renderer=wgpu input_seq=11 phase=ACTION_UP timestamp_precision=nanosecond_representation input_source=unknown handler_clock_resolution=nanosecond_api event_time_ns=710426659000000 handler_uptime_ns=710426659906465 generation=1
10-08 15:20:18.125  8320  8320 I SpinonBootstrap: SPINON_R05_SUBMIT renderer=wgpu input_seq=11 revision=11 generation=1 event_time_ns=710426659000000 handler_uptime_ns=710426660091923 queue_present_return_uptime_ns=710426662371590 draw_accepted=true present_signal=unavailable attribution=input
10-08 15:20:18.125  8320  8320 I SpinonBootstrap: SPINON_R08_TOUCH count=11
10-08 15:20:18.486  8320  8320 I SpinonBootstrap: SPINON_R05_INPUT renderer=wgpu input_seq=12 phase=ACTION_UP timestamp_precision=nanosecond_representation input_source=unknown handler_clock_resolution=nanosecond_api event_time_ns=710427022000000 handler_uptime_ns=710427023334090 generation=1
10-08 15:20:18.488  8320  8320 I SpinonBootstrap: SPINON_R05_SUBMIT renderer=wgpu input_seq=12 revision=12 generation=1 event_time_ns=710427022000000 handler_uptime_ns=710427023409715 queue_present_return_uptime_ns=710427025600298 draw_accepted=true present_signal=unavailable attribution=input
10-08 15:20:18.489  8320  8320 I SpinonBootstrap: SPINON_R08_TOUCH count=12
10-08 15:20:18.850  8320  8320 I SpinonBootstrap: SPINON_R05_INPUT renderer=wgpu input_seq=13 phase=ACTION_UP timestamp_precision=nanosecond_representation input_source=unknown handler_clock_resolution=nanosecond_api event_time_ns=710427385000000 handler_uptime_ns=710427386736715 generation=1
10-08 15:20:18.853  8320  8320 I SpinonBootstrap: SPINON_R05_SUBMIT renderer=wgpu input_seq=13 revision=13 generation=1 event_time_ns=710427385000000 handler_uptime_ns=710427386871507 queue_present_return_uptime_ns=710427390286549 draw_accepted=true present_signal=unavailable attribution=input
10-08 15:20:18.854  8320  8320 I SpinonBootstrap: SPINON_R08_TOUCH count=13
10-08 15:20:19.220  8320  8320 I SpinonBootstrap: SPINON_R05_INPUT renderer=wgpu input_seq=14 phase=ACTION_UP timestamp_precision=nanosecond_representation input_source=unknown handler_clock_resolution=nanosecond_api event_time_ns=710427756000000 handler_uptime_ns=710427757261924 generation=1
10-08 15:20:19.222  8320  8320 I SpinonBootstrap: SPINON_R05_SUBMIT renderer=wgpu input_seq=14 revision=14 generation=1 event_time_ns=710427756000000 handler_uptime_ns=710427757373507 queue_present_return_uptime_ns=710427759367257 draw_accepted=true present_signal=unavailable attribution=input
10-08 15:20:19.222  8320  8320 I SpinonBootstrap: SPINON_R08_TOUCH count=14
10-08 15:20:19.585  8320  8320 I SpinonBootstrap: SPINON_R05_INPUT renderer=wgpu input_seq=15 phase=ACTION_UP timestamp_precision=nanosecond_representation input_source=unknown handler_clock_resolution=nanosecond_api event_time_ns=710428121000000 handler_uptime_ns=710428122151466 generation=1
10-08 15:20:19.587  8320  8320 I SpinonBootstrap: SPINON_R05_SUBMIT renderer=wgpu input_seq=15 revision=15 generation=1 event_time_ns=710428121000000 handler_uptime_ns=710428122285216 queue_present_return_uptime_ns=710428124655257 draw_accepted=true present_signal=unavailable attribution=input
10-08 15:20:19.588  8320  8320 I SpinonBootstrap: SPINON_R08_TOUCH count=15
10-08 15:20:19.950  8320  8320 I SpinonBootstrap: SPINON_R05_INPUT renderer=wgpu input_seq=16 phase=ACTION_UP timestamp_precision=nanosecond_representation input_source=unknown handler_clock_resolution=nanosecond_api event_time_ns=710428485000000 handler_uptime_ns=710428486770758 generation=1
10-08 15:20:19.952  8320  8320 I SpinonBootstrap: SPINON_R05_SUBMIT renderer=wgpu input_seq=16 revision=16 generation=1 event_time_ns=710428485000000 handler_uptime_ns=710428486832258 queue_present_return_uptime_ns=710428488975674 draw_accepted=true present_signal=unavailable attribution=input
10-08 15:20:19.952  8320  8320 I SpinonBootstrap: SPINON_R08_TOUCH count=16
10-08 15:20:20.312  8320  8320 I SpinonBootstrap: SPINON_R05_INPUT renderer=wgpu input_seq=17 phase=ACTION_UP timestamp_precision=nanosecond_representation input_source=unknown handler_clock_resolution=nanosecond_api event_time_ns=710428848000000 handler_uptime_ns=710428849373258 generation=1
10-08 15:20:20.314  8320  8320 I SpinonBootstrap: SPINON_R05_SUBMIT renderer=wgpu input_seq=17 revision=17 generation=1 event_time_ns=710428848000000 handler_uptime_ns=710428849448841 queue_present_return_uptime_ns=710428851490716 draw_accepted=true present_signal=unavailable attribution=input
10-08 15:20:20.315  8320  8320 I SpinonBootstrap: SPINON_R08_TOUCH count=17
10-08 15:20:20.680  8320  8320 I SpinonBootstrap: SPINON_R05_INPUT renderer=wgpu input_seq=18 phase=ACTION_UP timestamp_precision=nanosecond_representation input_source=unknown handler_clock_resolution=nanosecond_api event_time_ns=710429216000000 handler_uptime_ns=710429217139133 generation=1
10-08 15:20:20.682  8320  8320 I SpinonBootstrap: SPINON_R05_SUBMIT renderer=wgpu input_seq=18 revision=18 generation=1 event_time_ns=710429216000000 handler_uptime_ns=710429217279383 queue_present_return_uptime_ns=710429219240758 draw_accepted=true present_signal=unavailable attribution=input
10-08 15:20:20.682  8320  8320 I SpinonBootstrap: SPINON_R08_TOUCH count=18
10-08 15:20:21.044  8320  8320 I SpinonBootstrap: SPINON_R05_INPUT renderer=wgpu input_seq=19 phase=ACTION_UP timestamp_precision=nanosecond_representation input_source=unknown handler_clock_resolution=nanosecond_api event_time_ns=710429580000000 handler_uptime_ns=710429581569175 generation=1
10-08 15:20:21.046  8320  8320 I SpinonBootstrap: SPINON_R05_SUBMIT renderer=wgpu input_seq=19 revision=19 generation=1 event_time_ns=710429580000000 handler_uptime_ns=710429581657216 queue_present_return_uptime_ns=710429583711008 draw_accepted=true present_signal=unavailable attribution=input
10-08 15:20:21.047  8320  8320 I SpinonBootstrap: SPINON_R08_TOUCH count=19
10-08 15:20:21.409  8320  8320 I SpinonBootstrap: SPINON_R05_INPUT renderer=wgpu input_seq=20 phase=ACTION_UP timestamp_precision=nanosecond_representation input_source=unknown handler_clock_resolution=nanosecond_api event_time_ns=710429945000000 handler_uptime_ns=710429946311425 generation=1
10-08 15:20:21.411  8320  8320 I SpinonBootstrap: SPINON_R05_SUBMIT renderer=wgpu input_seq=20 revision=20 generation=1 event_time_ns=710429945000000 handler_uptime_ns=710429946397425 queue_present_return_uptime_ns=710429948197342 draw_accepted=true present_signal=unavailable attribution=input
10-08 15:20:21.411  8320  8320 I SpinonBootstrap: SPINON_R08_TOUCH count=20
10-08 15:20:21.771  8320  8320 I SpinonBootstrap: SPINON_R05_INPUT renderer=wgpu input_seq=21 phase=ACTION_UP timestamp_precision=nanosecond_representation input_source=unknown handler_clock_resolution=nanosecond_api event_time_ns=710430307000000 handler_uptime_ns=710430308533550 generation=1
10-08 15:20:21.774  8320  8320 I SpinonBootstrap: SPINON_R05_SUBMIT renderer=wgpu input_seq=21 revision=21 generation=1 event_time_ns=710430307000000 handler_uptime_ns=710430308602550 queue_present_return_uptime_ns=710430310742508 draw_accepted=true present_signal=unavailable attribution=input
10-08 15:20:21.774  8320  8320 I SpinonBootstrap: SPINON_R08_TOUCH count=21
10-08 15:20:22.135  8320  8320 I SpinonBootstrap: SPINON_R05_INPUT renderer=wgpu input_seq=22 phase=ACTION_UP timestamp_precision=nanosecond_representation input_source=unknown handler_clock_resolution=nanosecond_api event_time_ns=710430671000000 handler_uptime_ns=710430672612925 generation=1
10-08 15:20:22.138  8320  8320 I SpinonBootstrap: SPINON_R05_SUBMIT renderer=wgpu input_seq=22 revision=22 generation=1 event_time_ns=710430671000000 handler_uptime_ns=710430672690259 queue_present_return_uptime_ns=710430674781259 draw_accepted=true present_signal=unavailable attribution=input
10-08 15:20:22.138  8320  8320 I SpinonBootstrap: SPINON_R08_TOUCH count=22
10-08 15:20:22.499  8320  8320 I SpinonBootstrap: SPINON_R05_INPUT renderer=wgpu input_seq=23 phase=ACTION_UP timestamp_precision=nanosecond_representation input_source=unknown handler_clock_resolution=nanosecond_api event_time_ns=710431035000000 handler_uptime_ns=710431036724884 generation=1
10-08 15:20:22.502  8320  8320 I SpinonBootstrap: SPINON_R05_SUBMIT renderer=wgpu input_seq=23 revision=23 generation=1 event_time_ns=710431035000000 handler_uptime_ns=710431036784259 queue_present_return_uptime_ns=710431039039384 draw_accepted=true present_signal=unavailable attribution=input
10-08 15:20:22.502  8320  8320 I SpinonBootstrap: SPINON_R08_TOUCH count=23
10-08 15:20:22.866  8320  8320 I SpinonBootstrap: SPINON_R05_INPUT renderer=wgpu input_seq=24 phase=ACTION_UP timestamp_precision=nanosecond_representation input_source=unknown handler_clock_resolution=nanosecond_api event_time_ns=710431400000000 handler_uptime_ns=710431403296509 generation=1
10-08 15:20:22.879  8320  8320 I SpinonBootstrap: SPINON_R05_SUBMIT renderer=wgpu input_seq=24 revision=24 generation=1 event_time_ns=710431400000000 handler_uptime_ns=710431403517009 queue_present_return_uptime_ns=710431416692509 draw_accepted=true present_signal=unavailable attribution=input
10-08 15:20:22.880  8320  8320 I SpinonBootstrap: SPINON_R08_TOUCH count=24
10-08 15:20:23.294  8320  8320 I SpinonBootstrap: SPINON_R05_INPUT renderer=wgpu input_seq=25 phase=ACTION_UP timestamp_precision=nanosecond_representation input_source=unknown handler_clock_resolution=nanosecond_api event_time_ns=710431824000000 handler_uptime_ns=710431831725342 generation=1
10-08 15:20:23.322  8320  8320 I SpinonBootstrap: SPINON_R05_SUBMIT renderer=wgpu input_seq=25 revision=25 generation=1 event_time_ns=710431824000000 handler_uptime_ns=710431834042759 queue_present_return_uptime_ns=710431859011426 draw_accepted=true present_signal=unavailable attribution=input
10-08 15:20:23.322  8320  8320 I SpinonBootstrap: SPINON_R08_TOUCH count=25
10-08 15:20:23.690  8320  8320 I SpinonBootstrap: SPINON_R05_INPUT renderer=wgpu input_seq=26 phase=ACTION_UP timestamp_precision=nanosecond_representation input_source=unknown handler_clock_resolution=nanosecond_api event_time_ns=710432225000000 handler_uptime_ns=710432227339218 generation=1
10-08 15:20:23.693  8320  8320 I SpinonBootstrap: SPINON_R05_SUBMIT renderer=wgpu input_seq=26 revision=26 generation=1 event_time_ns=710432225000000 handler_uptime_ns=710432227406718 queue_present_return_uptime_ns=710432230501468 draw_accepted=true present_signal=unavailable attribution=input
10-08 15:20:23.694  8320  8320 I SpinonBootstrap: SPINON_R08_TOUCH count=26
10-08 15:20:24.057  8320  8320 I SpinonBootstrap: SPINON_R05_INPUT renderer=wgpu input_seq=27 phase=ACTION_UP timestamp_precision=nanosecond_representation input_source=unknown handler_clock_resolution=nanosecond_api event_time_ns=710432592000000 handler_uptime_ns=710432594605093 generation=1
10-08 15:20:24.061  8320  8320 I SpinonBootstrap: SPINON_R05_SUBMIT renderer=wgpu input_seq=27 revision=27 generation=1 event_time_ns=710432592000000 handler_uptime_ns=710432594715843 queue_present_return_uptime_ns=710432597891801 draw_accepted=true present_signal=unavailable attribution=input
10-08 15:20:24.061  8320  8320 I SpinonBootstrap: SPINON_R08_TOUCH count=27
10-08 15:20:24.426  8320  8320 I SpinonBootstrap: SPINON_R05_INPUT renderer=wgpu input_seq=28 phase=ACTION_UP timestamp_precision=nanosecond_representation input_source=unknown handler_clock_resolution=nanosecond_api event_time_ns=710432962000000 handler_uptime_ns=710432963378010 generation=1
10-08 15:20:24.429  8320  8320 I SpinonBootstrap: SPINON_R05_SUBMIT renderer=wgpu input_seq=28 revision=28 generation=1 event_time_ns=710432962000000 handler_uptime_ns=710432963561468 queue_present_return_uptime_ns=710432966660176 draw_accepted=true present_signal=unavailable attribution=input
10-08 15:20:24.430  8320  8320 I SpinonBootstrap: SPINON_R08_TOUCH count=28
10-08 15:20:24.793  8320  8320 I SpinonBootstrap: SPINON_R05_INPUT renderer=wgpu input_seq=29 phase=ACTION_UP timestamp_precision=nanosecond_representation input_source=unknown handler_clock_resolution=nanosecond_api event_time_ns=710433329000000 handler_uptime_ns=710433330526301 generation=1
10-08 15:20:24.797  8320  8320 I SpinonBootstrap: SPINON_R05_SUBMIT renderer=wgpu input_seq=29 revision=29 generation=1 event_time_ns=710433329000000 handler_uptime_ns=710433330595260 queue_present_return_uptime_ns=710433334008010 draw_accepted=true present_signal=unavailable attribution=input
10-08 15:20:24.797  8320  8320 I SpinonBootstrap: SPINON_R08_TOUCH count=29
10-08 15:20:25.159  8320  8320 I SpinonBootstrap: SPINON_R05_INPUT renderer=wgpu input_seq=30 phase=ACTION_UP timestamp_precision=nanosecond_representation input_source=unknown handler_clock_resolution=nanosecond_api event_time_ns=710433694000000 handler_uptime_ns=710433696423343 generation=1
10-08 15:20:25.163  8320  8320 I SpinonBootstrap: SPINON_R05_SUBMIT renderer=wgpu input_seq=30 revision=30 generation=1 event_time_ns=710433694000000 handler_uptime_ns=710433696600385 queue_present_return_uptime_ns=710433700131843 draw_accepted=true present_signal=unavailable attribution=input
10-08 15:20:25.163  8320  8320 I SpinonBootstrap: SPINON_R08_TOUCH count=30
