--------- beginning of main
10-08 16:29:59.474 27952 27952 I SpinonBootstrap: SPINON_R05_INPUT renderer=opengl_es input_seq=1 phase=ACTION_UP timestamp_precision=nanosecond_representation input_source=unknown event_time_ns=4754079000000 handler_uptime_ns=4754081519183 generation=1
10-08 16:29:59.475 27952 27952 I SpinonBootstrap: SPINON_R05_FRAME_TIMELINE_REQUEST renderer=opengl_es request_id=1 input_seq=1 revision=1 generation=1 state=posted
10-08 16:29:59.476 27952 27952 I SpinonBootstrap: SPINON_R08_TOUCH count=1
10-08 16:29:59.508 27952 27952 I SpinonBootstrap: SPINON_R05_FRAME_TIMELINE_TARGET renderer=opengl_es request_id=1 input_seq=1 revision=1 generation=1 vsync_id=137666 deadline_ns=4754139801658 expected_presentation_ns=4754155468324 render_mode=on_demand
10-08 16:29:59.508 27952 27952 I SpinonBootstrap: SPINON_R05_FRAME_TIMELINE_APPLY renderer=opengl_es request_id=1 input_seq=1 revision=1 generation=1 target_vsync_id=137666 transaction=queued_for_next_surface_frame
10-08 16:29:59.508 27952 27952 I SpinonBootstrap: SPINON_R05_SUBMIT renderer=opengl_es input_seq=1 revision=1 generation=1 event_time_ns=4754079000000 handler_uptime_ns=4754115826308 draw_requested=true draw_completed=false present_signal=unavailable attribution=input
10-08 16:29:59.508 27952 27952 I SpinonBootstrap: SPINON_R05_PRESENT_FLUSH renderer=opengl_es queued=true generation=1
10-08 16:29:59.508 27952 27952 I SpinonBootstrap: SPINON_R05_PRESENT_DRAIN renderer=opengl_es generation=1 queued=true delay_ms=250
10-08 16:29:59.509 27952 28006 I SpinonBootstrap: SPINON_R05_PRESENT_FLUSH requested=true renderer=opengl_es generation=1
10-08 16:29:59.510 27952 28006 I SpinonBootstrap: SPINON_R05_PRESENT_BATCH renderer=opengl_es generation=1 batch_seq=1 record_count=3 callback_os_tid=28006 callback_thread_id=56 registering_thread_os_tid=27952 queue_depth=0 rejected_callback_batches=0 rejected_flush_tasks=0 callback_uptime_ns=4754117516225 attribution=unmatched
10-08 16:29:59.510 27952 28006 I SpinonBootstrap: SPINON_R05_PRESENT renderer=opengl_es signal=SurfaceView_JankData generation=1 current_generation=1 current_surface=true batch_seq=1 record_index=0 callback_os_tid=28006 callback_thread_id=56 registering_thread_os_tid=27952 queue_depth=0 vsync_id=-1 present_time_ns=-1 present_state=unknown jank_type=0 actual_app_frame_ns=0 scheduled_app_frame_ns=0 callback_uptime_ns=4754117516225 frame_id=unavailable join_status=unmatched input_seq=-1 revision=-1 request_id=-1 target_vsync_id=-1
10-08 16:29:59.510 27952 28006 I SpinonBootstrap: SPINON_R05_PRESENT renderer=opengl_es signal=SurfaceView_JankData generation=1 current_generation=1 current_surface=true batch_seq=1 record_index=1 callback_os_tid=28006 callback_thread_id=56 registering_thread_os_tid=27952 queue_depth=0 vsync_id=-1 present_time_ns=-1 present_state=unknown jank_type=0 actual_app_frame_ns=0 scheduled_app_frame_ns=0 callback_uptime_ns=4754117516225 frame_id=unavailable join_status=unmatched input_seq=-1 revision=-1 request_id=-1 target_vsync_id=-1
10-08 16:29:59.510 27952 28006 I SpinonBootstrap: SPINON_R05_PRESENT renderer=opengl_es signal=SurfaceView_JankData generation=1 current_generation=1 current_surface=true batch_seq=1 record_index=2 callback_os_tid=28006 callback_thread_id=56 registering_thread_os_tid=27952 queue_depth=0 vsync_id=136653 present_time_ns=-1 present_state=unknown jank_type=2 actual_app_frame_ns=202835781 scheduled_app_frame_ns=16666666 callback_uptime_ns=4754117516225 frame_id=unavailable join_status=unmatched input_seq=-1 revision=-1 request_id=-1 target_vsync_id=-1
10-08 16:29:59.512 27952 27983 I SpinonBootstrap: SPINON_R05_DRAW renderer=opengl_es draw_seq=3 revision=1 generation=1
10-08 16:29:59.759 27952 27952 I SpinonBootstrap: SPINON_R05_PRESENT_FLUSH renderer=opengl_es queued=true generation=1
10-08 16:29:59.760 27952 28006 I SpinonBootstrap: SPINON_R05_PRESENT_FLUSH requested=true renderer=opengl_es generation=1
10-08 16:30:00.044 27952 27952 I SpinonBootstrap: SPINON_R05_INPUT renderer=opengl_es input_seq=2 phase=ACTION_UP timestamp_precision=nanosecond_representation input_source=unknown event_time_ns=4754650000000 handler_uptime_ns=4754652382267 generation=1
10-08 16:30:00.045 27952 27952 I SpinonBootstrap: SPINON_R05_FRAME_TIMELINE_REQUEST renderer=opengl_es request_id=2 input_seq=2 revision=2 generation=1 state=posted
10-08 16:30:00.045 27952 27952 I SpinonBootstrap: SPINON_R08_TOUCH count=2
10-08 16:30:00.049 27952 27952 I SpinonBootstrap: SPINON_R05_FRAME_TIMELINE_TARGET renderer=opengl_es request_id=2 input_seq=2 revision=2 generation=1 vsync_id=137688 deadline_ns=4754673134970 expected_presentation_ns=4754688801636 render_mode=on_demand
10-08 16:30:00.049 27952 27952 I SpinonBootstrap: SPINON_R05_FRAME_TIMELINE_APPLY renderer=opengl_es request_id=2 input_seq=2 revision=2 generation=1 target_vsync_id=137688 transaction=queued_for_next_surface_frame
10-08 16:30:00.049 27952 27952 I SpinonBootstrap: SPINON_R05_SUBMIT renderer=opengl_es input_seq=2 revision=2 generation=1 event_time_ns=4754650000000 handler_uptime_ns=4754656971308 draw_requested=true draw_completed=false present_signal=unavailable attribution=input
10-08 16:30:00.049 27952 27952 I SpinonBootstrap: SPINON_R05_PRESENT_FLUSH renderer=opengl_es queued=true generation=1
10-08 16:30:00.049 27952 27952 I SpinonBootstrap: SPINON_R05_PRESENT_DRAIN renderer=opengl_es generation=1 queued=true delay_ms=250
10-08 16:30:00.049 27952 27983 I SpinonBootstrap: SPINON_R05_DRAW renderer=opengl_es draw_seq=4 revision=2 generation=1
10-08 16:30:00.050 27952 28006 I SpinonBootstrap: SPINON_R05_PRESENT_FLUSH requested=true renderer=opengl_es generation=1
10-08 16:30:00.053 27952 28006 I SpinonBootstrap: SPINON_R05_PRESENT_BATCH renderer=opengl_es generation=1 batch_seq=2 record_count=1 callback_os_tid=28006 callback_thread_id=56 registering_thread_os_tid=27952 queue_depth=0 rejected_callback_batches=0 rejected_flush_tasks=0 callback_uptime_ns=4754661202308 attribution=unmatched
10-08 16:30:00.053 27952 28006 I SpinonBootstrap: SPINON_R05_PRESENT renderer=opengl_es signal=SurfaceView_JankData generation=1 current_generation=1 current_surface=true batch_seq=2 record_index=0 callback_os_tid=28006 callback_thread_id=56 registering_thread_os_tid=27952 queue_depth=0 vsync_id=137666 present_time_ns=-1 present_state=unknown jank_type=0 actual_app_frame_ns=50195856 scheduled_app_frame_ns=49999998 callback_uptime_ns=4754661202308 frame_id=unavailable join_status=exact_match input_seq=1 revision=1 request_id=1 target_vsync_id=137666
10-08 16:30:00.299 27952 27952 I SpinonBootstrap: SPINON_R05_PRESENT_FLUSH renderer=opengl_es queued=true generation=1
10-08 16:30:00.300 27952 28006 I SpinonBootstrap: SPINON_R05_PRESENT_FLUSH requested=true renderer=opengl_es generation=1
10-08 16:30:00.576 27952 27952 I SpinonBootstrap: SPINON_R05_INPUT renderer=opengl_es input_seq=3 phase=ACTION_UP timestamp_precision=nanosecond_representation input_source=unknown event_time_ns=4755182000000 handler_uptime_ns=4755183742600 generation=1
10-08 16:30:00.576 27952 27952 I SpinonBootstrap: SPINON_R05_FRAME_TIMELINE_REQUEST renderer=opengl_es request_id=3 input_seq=3 revision=3 generation=1 state=posted
10-08 16:30:00.577 27952 27952 I SpinonBootstrap: SPINON_R08_TOUCH count=3
10-08 16:30:00.583 27952 27952 I SpinonBootstrap: SPINON_R05_FRAME_TIMELINE_TARGET renderer=opengl_es request_id=3 input_seq=3 revision=3 generation=1 vsync_id=137696 deadline_ns=4755206468282 expected_presentation_ns=4755222134948 render_mode=on_demand
10-08 16:30:00.583 27952 27952 I SpinonBootstrap: SPINON_R05_FRAME_TIMELINE_APPLY renderer=opengl_es request_id=3 input_seq=3 revision=3 generation=1 target_vsync_id=137696 transaction=queued_for_next_surface_frame
10-08 16:30:00.583 27952 27952 I SpinonBootstrap: SPINON_R05_SUBMIT renderer=opengl_es input_seq=3 revision=3 generation=1 event_time_ns=4755182000000 handler_uptime_ns=4755190669475 draw_requested=true draw_completed=false present_signal=unavailable attribution=input
10-08 16:30:00.583 27952 27983 I SpinonBootstrap: SPINON_R05_DRAW renderer=opengl_es draw_seq=5 revision=3 generation=1
10-08 16:30:00.583 27952 27952 I SpinonBootstrap: SPINON_R05_PRESENT_FLUSH renderer=opengl_es queued=true generation=1
10-08 16:30:00.583 27952 27952 I SpinonBootstrap: SPINON_R05_PRESENT_DRAIN renderer=opengl_es generation=1 queued=true delay_ms=250
10-08 16:30:00.583 27952 28006 I SpinonBootstrap: SPINON_R05_PRESENT_FLUSH requested=true renderer=opengl_es generation=1
10-08 16:30:00.834 27952 27952 I SpinonBootstrap: SPINON_R05_PRESENT_FLUSH renderer=opengl_es queued=true generation=1
10-08 16:30:00.834 27952 28006 I SpinonBootstrap: SPINON_R05_PRESENT_FLUSH requested=true renderer=opengl_es generation=1
10-08 16:30:00.834 27952 28006 I SpinonBootstrap: SPINON_R05_PRESENT_BATCH renderer=opengl_es generation=1 batch_seq=3 record_count=2 callback_os_tid=28006 callback_thread_id=56 registering_thread_os_tid=27952 queue_depth=0 rejected_callback_batches=0 rejected_flush_tasks=0 callback_uptime_ns=4755442391142 attribution=unmatched
10-08 16:30:00.834 27952 28006 I SpinonBootstrap: SPINON_R05_PRESENT renderer=opengl_es signal=SurfaceView_JankData generation=1 current_generation=1 current_surface=true batch_seq=3 record_index=0 callback_os_tid=28006 callback_thread_id=56 registering_thread_os_tid=27952 queue_depth=0 vsync_id=137688 present_time_ns=-1 present_state=unknown jank_type=0 actual_app_frame_ns=19294879 scheduled_app_frame_ns=16666666 callback_uptime_ns=4755442391142 frame_id=unavailable join_status=exact_match input_seq=2 revision=2 request_id=2 target_vsync_id=137688
10-08 16:30:00.834 27952 28006 I SpinonBootstrap: SPINON_R05_PRESENT renderer=opengl_es signal=SurfaceView_JankData generation=1 current_generation=1 current_surface=true batch_seq=3 record_index=1 callback_os_tid=28006 callback_thread_id=56 registering_thread_os_tid=27952 queue_depth=0 vsync_id=137696 present_time_ns=-1 present_state=unknown jank_type=0 actual_app_frame_ns=17359276 scheduled_app_frame_ns=16666666 callback_uptime_ns=4755442391142 frame_id=unavailable join_status=exact_match input_seq=3 revision=3 request_id=3 target_vsync_id=137696
