--------- beginning of main
10-08 16:20:16.537 21529 21529 I SpinonBootstrap: SPINON_R08_UI=ready text-input=EditText accessibility=button+EditText
10-08 16:20:16.622 21529 21529 I SpinonBootstrap: SPINON_R05_SURFACE renderer=wgpu type=SurfaceView generation=1
10-08 16:20:16.623 21529 21529 I SpinonBootstrap: SPINON_R05_SIGNAL_CAPABILITY renderer=wgpu signal=SurfaceView_JankData available=true reason=registered api=37 api_full=3700002
10-08 16:20:16.721 21529 21529 I SpinonBootstrap: SPINON_R08_WGPU=ready backend=Vulkan device=VirtualGpu name=Goldfish GFXStream (llvmpipe (LLVM 21.1.4, 128 bits)) google_display_timing_supported=false format=Rgba8Unorm color_space=Auto supported_formats=[Rgba8UnormSrgb, Rgba8Unorm, Rgba16Float, Rgb10a2Unorm]
10-08 16:20:16.721 21529 21529 I SpinonBootstrap: SPINON_R08_WGPU_SURFACE=size 1080x1920
10-08 16:20:18.416 21529 21529 I SpinonBootstrap: SPINON_R05_INPUT renderer=wgpu input_seq=1 phase=ACTION_UP timestamp_precision=nanosecond_representation input_source=unknown handler_clock_resolution=nanosecond_api event_time_ns=4173022000000 handler_uptime_ns=4173023751156 generation=1
10-08 16:20:18.417 21529 21529 I SpinonBootstrap: SPINON_R05_FRAME_TIMELINE_REQUEST renderer=wgpu request_id=1 input_seq=1 revision=1 generation=1 state=posted
10-08 16:20:18.418 21529 21529 I SpinonBootstrap: SPINON_R08_TOUCH count=1
10-08 16:20:18.457 21529 21529 I SpinonBootstrap: SPINON_R05_FRAME_TIMELINE_TARGET renderer=wgpu request_id=1 input_seq=1 revision=1 generation=1 vsync_id=119664 deadline_ns=4173089824900 expected_presentation_ns=4173105491566 render_mode=on_demand
10-08 16:20:18.457 21529 21529 I SpinonBootstrap: SPINON_R05_FRAME_TIMELINE_APPLY renderer=wgpu request_id=1 input_seq=1 revision=1 generation=1 target_vsync_id=119664 transaction=queued_for_next_surface_frame
10-08 16:20:18.464 21529 21529 I SpinonBootstrap: SPINON_R05_SUBMIT renderer=wgpu input_seq=1 revision=1 generation=1 event_time_ns=4173022000000 handler_uptime_ns=4173064637614 queue_present_return_uptime_ns=4173071587864 draw_accepted=true present_signal=unavailable attribution=input
10-08 16:20:18.464 21529 21529 I SpinonBootstrap: SPINON_R05_PRESENT_FLUSH renderer=wgpu queued=true generation=1
10-08 16:20:18.464 21529 21529 I SpinonBootstrap: SPINON_R05_PRESENT_DRAIN renderer=wgpu generation=1 queued=true delay_ms=250
10-08 16:20:18.464 21529 21569 I SpinonBootstrap: SPINON_R05_PRESENT_FLUSH requested=true renderer=wgpu generation=1
10-08 16:20:18.467 21529 21569 I SpinonBootstrap: SPINON_R05_PRESENT_BATCH renderer=wgpu generation=1 batch_seq=1 record_count=2 callback_os_tid=21569 callback_thread_id=56 registering_thread_os_tid=21529 queue_depth=0 rejected_callback_batches=0 rejected_flush_tasks=0 callback_uptime_ns=4173075175281 attribution=unmatched
10-08 16:20:18.467 21529 21569 I SpinonBootstrap: SPINON_R05_PRESENT renderer=wgpu signal=SurfaceView_JankData generation=1 current_generation=1 current_surface=true batch_seq=1 record_index=0 callback_os_tid=21569 callback_thread_id=56 registering_thread_os_tid=21529 queue_depth=0 vsync_id=-1 present_time_ns=-1 present_state=unknown jank_type=0 actual_app_frame_ns=0 scheduled_app_frame_ns=0 callback_uptime_ns=4173075175281 frame_id=unavailable join_status=unmatched input_seq=-1 revision=-1 request_id=-1 target_vsync_id=-1
10-08 16:20:18.467 21529 21569 I SpinonBootstrap: SPINON_R05_PRESENT renderer=wgpu signal=SurfaceView_JankData generation=1 current_generation=1 current_surface=true batch_seq=1 record_index=1 callback_os_tid=21569 callback_thread_id=56 registering_thread_os_tid=21529 queue_depth=0 vsync_id=118889 present_time_ns=-1 present_state=unknown jank_type=2 actual_app_frame_ns=180891971 scheduled_app_frame_ns=16666666 callback_uptime_ns=4173075175281 frame_id=unavailable join_status=unmatched input_seq=-1 revision=-1 request_id=-1 target_vsync_id=-1
10-08 16:20:18.715 21529 21529 I SpinonBootstrap: SPINON_R05_PRESENT_FLUSH renderer=wgpu queued=true generation=1
10-08 16:20:18.715 21529 21569 I SpinonBootstrap: SPINON_R05_PRESENT_FLUSH requested=true renderer=wgpu generation=1
10-08 16:20:18.939 21529 21529 I SpinonBootstrap: SPINON_R05_INPUT renderer=wgpu input_seq=2 phase=ACTION_UP timestamp_precision=nanosecond_representation input_source=unknown handler_clock_resolution=nanosecond_api event_time_ns=4173546000000 handler_uptime_ns=4173547407615 generation=1
10-08 16:20:18.940 21529 21529 I SpinonBootstrap: SPINON_R05_FRAME_TIMELINE_REQUEST renderer=wgpu request_id=2 input_seq=2 revision=2 generation=1 state=posted
10-08 16:20:18.940 21529 21529 I SpinonBootstrap: SPINON_R08_TOUCH count=2
10-08 16:20:18.949 21529 21529 I SpinonBootstrap: SPINON_R05_FRAME_TIMELINE_TARGET renderer=wgpu request_id=2 input_seq=2 revision=2 generation=1 vsync_id=119671 deadline_ns=4173573158214 expected_presentation_ns=4173588824880 render_mode=on_demand
10-08 16:20:18.949 21529 21529 I SpinonBootstrap: SPINON_R05_FRAME_TIMELINE_APPLY renderer=wgpu request_id=2 input_seq=2 revision=2 generation=1 target_vsync_id=119671 transaction=queued_for_next_surface_frame
10-08 16:20:18.954 21529 21529 I SpinonBootstrap: SPINON_R05_SUBMIT renderer=wgpu input_seq=2 revision=2 generation=1 event_time_ns=4173546000000 handler_uptime_ns=4173556858281 queue_present_return_uptime_ns=4173561998906 draw_accepted=true present_signal=unavailable attribution=input
10-08 16:20:18.954 21529 21529 I SpinonBootstrap: SPINON_R05_PRESENT_FLUSH renderer=wgpu queued=true generation=1
10-08 16:20:18.954 21529 21529 I SpinonBootstrap: SPINON_R05_PRESENT_DRAIN renderer=wgpu generation=1 queued=true delay_ms=250
10-08 16:20:18.956 21529 21569 I SpinonBootstrap: SPINON_R05_PRESENT_FLUSH requested=true renderer=wgpu generation=1
10-08 16:20:19.208 21529 21529 I SpinonBootstrap: SPINON_R05_PRESENT_FLUSH renderer=wgpu queued=true generation=1
10-08 16:20:19.209 21529 21569 I SpinonBootstrap: SPINON_R05_PRESENT_FLUSH requested=true renderer=wgpu generation=1
10-08 16:20:19.209 21529 21569 I SpinonBootstrap: SPINON_R05_PRESENT_BATCH renderer=wgpu generation=1 batch_seq=2 record_count=1 callback_os_tid=21569 callback_thread_id=56 registering_thread_os_tid=21529 queue_depth=0 rejected_callback_batches=0 rejected_flush_tasks=0 callback_uptime_ns=4173816762740 attribution=unmatched
10-08 16:20:19.209 21529 21569 I SpinonBootstrap: SPINON_R05_PRESENT renderer=wgpu signal=SurfaceView_JankData generation=1 current_generation=1 current_surface=true batch_seq=2 record_index=0 callback_os_tid=21569 callback_thread_id=56 registering_thread_os_tid=21529 queue_depth=0 vsync_id=119664 present_time_ns=-1 present_state=unknown jank_type=0 actual_app_frame_ns=50584296 scheduled_app_frame_ns=49999998 callback_uptime_ns=4173816762740 frame_id=unavailable join_status=exact_match input_seq=1 revision=1 request_id=1 target_vsync_id=119664
10-08 16:20:19.467 21529 21529 I SpinonBootstrap: SPINON_R05_INPUT renderer=wgpu input_seq=3 phase=ACTION_UP timestamp_precision=nanosecond_representation input_source=unknown handler_clock_resolution=nanosecond_api event_time_ns=4174073000000 handler_uptime_ns=4174074498115 generation=1
10-08 16:20:19.467 21529 21529 I SpinonBootstrap: SPINON_R05_FRAME_TIMELINE_REQUEST renderer=wgpu request_id=3 input_seq=3 revision=3 generation=1 state=posted
10-08 16:20:19.467 21529 21529 I SpinonBootstrap: SPINON_R08_TOUCH count=3
10-08 16:20:19.483 21529 21529 I SpinonBootstrap: SPINON_R05_FRAME_TIMELINE_TARGET renderer=wgpu request_id=3 input_seq=3 revision=3 generation=1 vsync_id=119679 deadline_ns=4174106491526 expected_presentation_ns=4174122158192 render_mode=on_demand
10-08 16:20:19.483 21529 21529 I SpinonBootstrap: SPINON_R05_FRAME_TIMELINE_APPLY renderer=wgpu request_id=3 input_seq=3 revision=3 generation=1 target_vsync_id=119679 transaction=queued_for_next_surface_frame
10-08 16:20:19.485 21529 21529 I SpinonBootstrap: SPINON_R05_SUBMIT renderer=wgpu input_seq=3 revision=3 generation=1 event_time_ns=4174073000000 handler_uptime_ns=4174091450531 queue_present_return_uptime_ns=4174093204365 draw_accepted=true present_signal=unavailable attribution=input
10-08 16:20:19.485 21529 21529 I SpinonBootstrap: SPINON_R05_PRESENT_FLUSH renderer=wgpu queued=true generation=1
10-08 16:20:19.485 21529 21569 I SpinonBootstrap: SPINON_R05_PRESENT_FLUSH requested=true renderer=wgpu generation=1
10-08 16:20:19.485 21529 21529 I SpinonBootstrap: SPINON_R05_PRESENT_DRAIN renderer=wgpu generation=1 queued=true delay_ms=250
10-08 16:20:19.737 21529 21529 I SpinonBootstrap: SPINON_R05_PRESENT_FLUSH renderer=wgpu queued=true generation=1
10-08 16:20:19.737 21529 21569 I SpinonBootstrap: SPINON_R05_PRESENT_FLUSH requested=true renderer=wgpu generation=1
10-08 16:20:19.737 21529 21569 I SpinonBootstrap: SPINON_R05_PRESENT_BATCH renderer=wgpu generation=1 batch_seq=3 record_count=1 callback_os_tid=21569 callback_thread_id=56 registering_thread_os_tid=21529 queue_depth=0 rejected_callback_batches=0 rejected_flush_tasks=0 callback_uptime_ns=4174345164115 attribution=unmatched
10-08 16:20:19.737 21529 21569 I SpinonBootstrap: SPINON_R05_PRESENT renderer=wgpu signal=SurfaceView_JankData generation=1 current_generation=1 current_surface=true batch_seq=3 record_index=0 callback_os_tid=21569 callback_thread_id=56 registering_thread_os_tid=21529 queue_depth=0 vsync_id=119671 present_time_ns=-1 present_state=unknown jank_type=0 actual_app_frame_ns=17427400 scheduled_app_frame_ns=16666666 callback_uptime_ns=4174345164115 frame_id=unavailable join_status=exact_match input_seq=2 revision=2 request_id=2 target_vsync_id=119671
10-08 16:20:36.876 21529 21529 I SpinonBootstrap: SPINON_R05_INPUT renderer=wgpu input_seq=4 phase=ACTION_UP timestamp_precision=nanosecond_representation input_source=unknown handler_clock_resolution=nanosecond_api event_time_ns=4191482000000 handler_uptime_ns=4191483901665 generation=1
10-08 16:20:36.876 21529 21529 I SpinonBootstrap: SPINON_R05_FRAME_TIMELINE_REQUEST renderer=wgpu request_id=4 input_seq=4 revision=4 generation=1 state=posted
10-08 16:20:36.876 21529 21529 I SpinonBootstrap: SPINON_R08_TOUCH count=4
10-08 16:20:36.882 21529 21529 I SpinonBootstrap: SPINON_R05_FRAME_TIMELINE_TARGET renderer=wgpu request_id=4 input_seq=4 revision=4 generation=1 vsync_id=119702 deadline_ns=4191506490830 expected_presentation_ns=4191522157496 render_mode=on_demand
10-08 16:20:36.882 21529 21529 I SpinonBootstrap: SPINON_R05_FRAME_TIMELINE_APPLY renderer=wgpu request_id=4 input_seq=4 revision=4 generation=1 target_vsync_id=119702 transaction=queued_for_next_surface_frame
10-08 16:20:36.915 21529 21529 I SpinonBootstrap: SPINON_R05_SUBMIT renderer=wgpu input_seq=4 revision=4 generation=1 event_time_ns=4191482000000 handler_uptime_ns=4191490149040 queue_present_return_uptime_ns=4191523413706 draw_accepted=true present_signal=unavailable attribution=input
10-08 16:20:36.916 21529 21529 I SpinonBootstrap: SPINON_R05_PRESENT_FLUSH renderer=wgpu queued=true generation=1
10-08 16:20:36.916 21529 21529 I SpinonBootstrap: SPINON_R05_PRESENT_DRAIN renderer=wgpu generation=1 queued=true delay_ms=250
10-08 16:20:36.916 21529 21569 I SpinonBootstrap: SPINON_R05_PRESENT_FLUSH requested=true renderer=wgpu generation=1
10-08 16:20:36.916 21529 21569 I SpinonBootstrap: SPINON_R05_PRESENT_BATCH renderer=wgpu generation=1 batch_seq=4 record_count=1 callback_os_tid=21569 callback_thread_id=56 registering_thread_os_tid=21529 queue_depth=0 rejected_callback_batches=0 rejected_flush_tasks=0 callback_uptime_ns=4191524253040 attribution=unmatched
10-08 16:20:36.916 21529 21569 I SpinonBootstrap: SPINON_R05_PRESENT renderer=wgpu signal=SurfaceView_JankData generation=1 current_generation=1 current_surface=true batch_seq=4 record_index=0 callback_os_tid=21569 callback_thread_id=56 registering_thread_os_tid=21529 queue_depth=0 vsync_id=119679 present_time_ns=-1 present_state=unknown jank_type=0 actual_app_frame_ns=18744380 scheduled_app_frame_ns=16666666 callback_uptime_ns=4191524253040 frame_id=unavailable join_status=exact_match input_seq=3 revision=3 request_id=3 target_vsync_id=119679
10-08 16:20:37.166 21529 21529 I SpinonBootstrap: SPINON_R05_PRESENT_FLUSH renderer=wgpu queued=true generation=1
10-08 16:20:37.166 21529 21569 I SpinonBootstrap: SPINON_R05_PRESENT_FLUSH requested=true renderer=wgpu generation=1
