--------- beginning of main
10-08 15:56:13.168  8953  8953 I SpinonBootstrap: SPINON_R08_UI=ready text-input=EditText accessibility=button+EditText
10-08 15:56:13.269  8953  8953 I SpinonBootstrap: SPINON_R05_SURFACE renderer=opengl_es type=GLSurfaceView generation=1
10-08 15:56:13.269  8953  8953 I SpinonBootstrap: SPINON_R05_SIGNAL_CAPABILITY renderer=opengl_es signal=SurfaceView_JankData available=false reason=api_below_37 api=36 api_full=3600000
10-08 15:56:13.271  8953  8953 I SpinonBootstrap: SPINON_R05_SURFACE_SIZE renderer=opengl_es generation=1 size=1080x2400
10-08 15:56:13.301  8953  8981 I SpinonBootstrap: SPINON_R08_SURFACE=created api=OpenGL_ES_2 renderer=Android Emulator OpenGL ES Translator (Apple M4 Max) version=OpenGL ES 3.0 (4.1 Metal - 90.5)
10-08 15:56:13.319  8953  8981 I SpinonBootstrap: SPINON_R08_SHADER=ready
10-08 15:56:13.320  8953  8981 I SpinonBootstrap: SPINON_R08_SURFACE=size 1080x2400
10-08 15:56:13.320  8953  8981 I SpinonBootstrap: SPINON_R05_DRAW renderer=opengl_es draw_seq=1 revision=0 generation=1
10-08 15:56:13.320  8953  8981 I SpinonBootstrap: SPINON_R08_FRAME=first_draw_submitted
10-08 15:56:13.328  8953  8981 I SpinonBootstrap: SPINON_R05_DRAW renderer=opengl_es draw_seq=2 revision=0 generation=1
10-08 15:56:13.489  8953  8953 I SpinonBootstrap: SPINON_R05_INPUT renderer=opengl_es input_seq=1 phase=ACTION_UP timestamp_precision=nanosecond_representation input_source=unknown event_time_ns=712582024000000 handler_uptime_ns=712582026592076 generation=1
10-08 15:56:13.491  8953  8981 I SpinonBootstrap: SPINON_R05_DRAW renderer=opengl_es draw_seq=3 revision=1 generation=1
10-08 15:56:13.491  8953  8953 I SpinonBootstrap: SPINON_R05_SUBMIT renderer=opengl_es input_seq=1 revision=1 generation=1 event_time_ns=712582024000000 handler_uptime_ns=712582028250576 draw_requested=true draw_completed=false present_signal=unavailable attribution=input
10-08 15:56:13.492  8953  8953 I SpinonBootstrap: SPINON_R08_TOUCH count=1
10-08 15:56:13.914  8953  8953 I SpinonBootstrap: SPINON_R05_INPUT renderer=opengl_es input_seq=2 phase=ACTION_UP timestamp_precision=nanosecond_representation input_source=unknown event_time_ns=712582449000000 handler_uptime_ns=712582451455576 generation=1
10-08 15:56:13.914  8953  8953 I SpinonBootstrap: SPINON_R05_SUBMIT renderer=opengl_es input_seq=2 revision=2 generation=1 event_time_ns=712582449000000 handler_uptime_ns=712582451635785 draw_requested=true draw_completed=false present_signal=unavailable attribution=input
10-08 15:56:13.915  8953  8981 I SpinonBootstrap: SPINON_R05_DRAW renderer=opengl_es draw_seq=4 revision=2 generation=1
10-08 15:56:13.917  8953  8953 I SpinonBootstrap: SPINON_R08_TOUCH count=2
10-08 15:56:14.298  8953  8953 I SpinonBootstrap: SPINON_R05_INPUT renderer=opengl_es input_seq=3 phase=ACTION_UP timestamp_precision=nanosecond_representation input_source=unknown event_time_ns=712582834000000 handler_uptime_ns=712582835480201 generation=1
10-08 15:56:14.298  8953  8953 I SpinonBootstrap: SPINON_R05_SUBMIT renderer=opengl_es input_seq=3 revision=3 generation=1 event_time_ns=712582834000000 handler_uptime_ns=712582835549410 draw_requested=true draw_completed=false present_signal=unavailable attribution=input
10-08 15:56:14.299  8953  8953 I SpinonBootstrap: SPINON_R08_TOUCH count=3
10-08 15:56:14.299  8953  8981 I SpinonBootstrap: SPINON_R05_DRAW renderer=opengl_es draw_seq=5 revision=3 generation=1
