--------- beginning of main
10-08 15:16:05.178  8202  8202 I SpinonBootstrap: SPINON_R08_UI=ready text-input=EditText accessibility=button+EditText
10-08 15:16:05.249  8202  8202 I SpinonBootstrap: SPINON_R05_SURFACE renderer=wgpu type=SurfaceView generation=1
10-08 15:16:05.257  8202  8202 I SpinonBootstrap: SPINON_R05_SIGNAL_CAPABILITY renderer=wgpu signal=SurfaceView_JankData available=true reason=registered api=37 api_full=3700002
10-08 15:16:05.371  8202  8202 I SpinonBootstrap: SPINON_R08_WGPU=ready backend=Vulkan device=VirtualGpu name=Goldfish GFXStream (llvmpipe (LLVM 21.1.4, 128 bits)) google_display_timing_supported=false format=Rgba8Unorm color_space=Auto supported_formats=[Rgba8UnormSrgb, Rgba8Unorm, Rgba16Float, Rgb10a2Unorm]
10-08 15:16:05.371  8202  8202 I SpinonBootstrap: SPINON_R08_WGPU_SURFACE=size 1080x1920
10-08 15:16:14.107  8202  8202 I SpinonBootstrap: SPINON_R05_INPUT renderer=wgpu input_seq=1 phase=ACTION_UP timestamp_precision=nanosecond_representation input_source=unknown handler_clock_resolution=nanosecond_api event_time_ns=328714000000 handler_uptime_ns=328715425740 generation=1
10-08 15:16:14.121  8202  8202 I SpinonBootstrap: SPINON_R05_SUBMIT renderer=wgpu input_seq=1 revision=1 generation=1 event_time_ns=328714000000 handler_uptime_ns=328716338823 queue_present_return_uptime_ns=328729047865 draw_accepted=true present_signal=unavailable attribution=input
10-08 15:16:14.122  8202  8202 I SpinonBootstrap: SPINON_R05_PRESENT_FLUSH scheduled=true delay_ms=120 generation=1
10-08 15:16:14.122  8202  8202 I SpinonBootstrap: SPINON_R08_TOUCH count=1
10-08 15:16:14.242  8202  8344 I SpinonBootstrap: SPINON_R05_PRESENT_FLUSH requested=true generation=1
10-08 15:16:14.242  8202  8344 I SpinonBootstrap: SPINON_R05_PRESENT renderer=wgpu signal=SurfaceView_JankData generation=1 current_generation=1 current_surface=true vsync_id=-1 present_time_ns=-1 present_state=unknown jank_type=0 actual_app_frame_ns=0 scheduled_app_frame_ns=0 callback_uptime_ns=328850033531 frame_id=unmatched revision=unmatched attribution=unmatched
10-08 15:16:14.242  8202  8344 I SpinonBootstrap: SPINON_R05_PRESENT renderer=wgpu signal=SurfaceView_JankData generation=1 current_generation=1 current_surface=true vsync_id=22212 present_time_ns=-1 present_state=unknown jank_type=3 actual_app_frame_ns=211213662 scheduled_app_frame_ns=16666666 callback_uptime_ns=328850033531 frame_id=unmatched revision=unmatched attribution=unmatched
10-08 15:16:14.242  8202  8344 I SpinonBootstrap: SPINON_R05_PRESENT renderer=wgpu signal=SurfaceView_JankData generation=1 current_generation=1 current_surface=true vsync_id=-1 present_time_ns=-1 present_state=unknown jank_type=0 actual_app_frame_ns=0 scheduled_app_frame_ns=0 callback_uptime_ns=328850033531 frame_id=unmatched revision=unmatched attribution=unmatched
10-08 15:16:14.303  8202  8202 I SpinonBootstrap: SPINON_R05_INPUT renderer=wgpu input_seq=2 phase=ACTION_UP timestamp_precision=nanosecond_representation input_source=unknown handler_clock_resolution=nanosecond_api event_time_ns=328909000000 handler_uptime_ns=328910524031 generation=1
10-08 15:16:14.314  8202  8202 I SpinonBootstrap: SPINON_R05_SUBMIT renderer=wgpu input_seq=2 revision=2 generation=1 event_time_ns=328909000000 handler_uptime_ns=328910589031 queue_present_return_uptime_ns=328921857240 draw_accepted=true present_signal=unavailable attribution=input
10-08 15:16:14.314  8202  8202 I SpinonBootstrap: SPINON_R05_PRESENT_FLUSH scheduled=true delay_ms=120 generation=1
10-08 15:16:14.314  8202  8202 I SpinonBootstrap: SPINON_R08_TOUCH count=2
10-08 15:16:14.434  8202  8344 I SpinonBootstrap: SPINON_R05_PRESENT_FLUSH requested=true generation=1
10-08 15:16:14.435  8202  8344 I SpinonBootstrap: SPINON_R05_PRESENT renderer=wgpu signal=SurfaceView_JankData generation=1 current_generation=1 current_surface=true vsync_id=-1 present_time_ns=-1 present_state=unknown jank_type=0 actual_app_frame_ns=0 scheduled_app_frame_ns=0 callback_uptime_ns=329042747365 frame_id=unmatched revision=unmatched attribution=unmatched
10-08 15:16:14.506  8202  8202 I SpinonBootstrap: SPINON_R05_INPUT renderer=wgpu input_seq=3 phase=ACTION_UP timestamp_precision=nanosecond_representation input_source=unknown handler_clock_resolution=nanosecond_api event_time_ns=329113000000 handler_uptime_ns=329113917448 generation=1
10-08 15:16:14.511  8202  8202 I SpinonBootstrap: SPINON_R05_SUBMIT renderer=wgpu input_seq=3 revision=3 generation=1 event_time_ns=329113000000 handler_uptime_ns=329113973240 queue_present_return_uptime_ns=329119251073 draw_accepted=true present_signal=unavailable attribution=input
10-08 15:16:14.512  8202  8202 I SpinonBootstrap: SPINON_R05_PRESENT_FLUSH scheduled=true delay_ms=120 generation=1
10-08 15:16:14.512  8202  8202 I SpinonBootstrap: SPINON_R08_TOUCH count=3
10-08 15:16:14.632  8202  8344 I SpinonBootstrap: SPINON_R05_PRESENT_FLUSH requested=true generation=1
10-08 15:16:14.633  8202  8344 I SpinonBootstrap: SPINON_R05_PRESENT renderer=wgpu signal=SurfaceView_JankData generation=1 current_generation=1 current_surface=true vsync_id=-1 present_time_ns=-1 present_state=unknown jank_type=0 actual_app_frame_ns=0 scheduled_app_frame_ns=0 callback_uptime_ns=329240705573 frame_id=unmatched revision=unmatched attribution=unmatched
10-08 15:16:14.688  8202  8202 I SpinonBootstrap: SPINON_R05_INPUT renderer=wgpu input_seq=4 phase=ACTION_UP timestamp_precision=nanosecond_representation input_source=unknown handler_clock_resolution=nanosecond_api event_time_ns=329295000000 handler_uptime_ns=329296418948 generation=1
10-08 15:16:14.690  8202  8202 I SpinonBootstrap: SPINON_R05_SUBMIT renderer=wgpu input_seq=4 revision=4 generation=1 event_time_ns=329295000000 handler_uptime_ns=329296560031 queue_present_return_uptime_ns=329298440740 draw_accepted=true present_signal=unavailable attribution=input
10-08 15:16:14.691  8202  8202 I SpinonBootstrap: SPINON_R05_PRESENT_FLUSH scheduled=true delay_ms=120 generation=1
10-08 15:16:14.691  8202  8202 I SpinonBootstrap: SPINON_R08_TOUCH count=4
10-08 15:16:14.811  8202  8344 I SpinonBootstrap: SPINON_R05_PRESENT_FLUSH requested=true generation=1
10-08 15:16:14.812  8202  8344 I SpinonBootstrap: SPINON_R05_PRESENT renderer=wgpu signal=SurfaceView_JankData generation=1 current_generation=1 current_surface=true vsync_id=-1 present_time_ns=-1 present_state=unknown jank_type=0 actual_app_frame_ns=0 scheduled_app_frame_ns=0 callback_uptime_ns=329419906948 frame_id=unmatched revision=unmatched attribution=unmatched
10-08 15:16:14.865  8202  8202 I SpinonBootstrap: SPINON_R05_INPUT renderer=wgpu input_seq=5 phase=ACTION_UP timestamp_precision=nanosecond_representation input_source=unknown handler_clock_resolution=nanosecond_api event_time_ns=329472000000 handler_uptime_ns=329472995490 generation=1
10-08 15:16:14.867  8202  8202 I SpinonBootstrap: SPINON_R05_SUBMIT renderer=wgpu input_seq=5 revision=5 generation=1 event_time_ns=329472000000 handler_uptime_ns=329473144157 queue_present_return_uptime_ns=329474821157 draw_accepted=true present_signal=unavailable attribution=input
10-08 15:16:14.867  8202  8202 I SpinonBootstrap: SPINON_R05_PRESENT_FLUSH scheduled=true delay_ms=120 generation=1
10-08 15:16:14.867  8202  8202 I SpinonBootstrap: SPINON_R08_TOUCH count=5
10-08 15:16:14.988  8202  8344 I SpinonBootstrap: SPINON_R05_PRESENT_FLUSH requested=true generation=1
10-08 15:16:14.989  8202  8344 I SpinonBootstrap: SPINON_R05_PRESENT renderer=wgpu signal=SurfaceView_JankData generation=1 current_generation=1 current_surface=true vsync_id=-1 present_time_ns=-1 present_state=unknown jank_type=0 actual_app_frame_ns=0 scheduled_app_frame_ns=0 callback_uptime_ns=329596768782 frame_id=unmatched revision=unmatched attribution=unmatched
10-08 15:16:15.048  8202  8202 I SpinonBootstrap: SPINON_R05_INPUT renderer=wgpu input_seq=6 phase=ACTION_UP timestamp_precision=nanosecond_representation input_source=unknown handler_clock_resolution=nanosecond_api event_time_ns=329655000000 handler_uptime_ns=329655725865 generation=1
10-08 15:16:15.050  8202  8202 I SpinonBootstrap: SPINON_R05_SUBMIT renderer=wgpu input_seq=6 revision=6 generation=1 event_time_ns=329655000000 handler_uptime_ns=329655797698 queue_present_return_uptime_ns=329658198573 draw_accepted=true present_signal=unavailable attribution=input
10-08 15:16:15.050  8202  8202 I SpinonBootstrap: SPINON_R05_PRESENT_FLUSH scheduled=true delay_ms=120 generation=1
10-08 15:16:15.050  8202  8202 I SpinonBootstrap: SPINON_R08_TOUCH count=6
10-08 15:16:15.171  8202  8344 I SpinonBootstrap: SPINON_R05_PRESENT_FLUSH requested=true generation=1
10-08 15:16:15.171  8202  8344 I SpinonBootstrap: SPINON_R05_PRESENT renderer=wgpu signal=SurfaceView_JankData generation=1 current_generation=1 current_surface=true vsync_id=-1 present_time_ns=-1 present_state=unknown jank_type=0 actual_app_frame_ns=0 scheduled_app_frame_ns=0 callback_uptime_ns=329779099282 frame_id=unmatched revision=unmatched attribution=unmatched
10-08 15:16:15.226  8202  8202 I SpinonBootstrap: SPINON_R05_INPUT renderer=wgpu input_seq=7 phase=ACTION_UP timestamp_precision=nanosecond_representation input_source=unknown handler_clock_resolution=nanosecond_api event_time_ns=329833000000 handler_uptime_ns=329833986907 generation=1
10-08 15:16:15.229  8202  8202 I SpinonBootstrap: SPINON_R05_SUBMIT renderer=wgpu input_seq=7 revision=7 generation=1 event_time_ns=329833000000 handler_uptime_ns=329834079073 queue_present_return_uptime_ns=329837070907 draw_accepted=true present_signal=unavailable attribution=input
10-08 15:16:15.229  8202  8202 I SpinonBootstrap: SPINON_R05_PRESENT_FLUSH scheduled=true delay_ms=120 generation=1
10-08 15:16:15.230  8202  8202 I SpinonBootstrap: SPINON_R08_TOUCH count=7
10-08 15:16:15.350  8202  8344 I SpinonBootstrap: SPINON_R05_PRESENT_FLUSH requested=true generation=1
10-08 15:16:15.350  8202  8344 I SpinonBootstrap: SPINON_R05_PRESENT renderer=wgpu signal=SurfaceView_JankData generation=1 current_generation=1 current_surface=true vsync_id=-1 present_time_ns=-1 present_state=unknown jank_type=0 actual_app_frame_ns=0 scheduled_app_frame_ns=0 callback_uptime_ns=329957930698 frame_id=unmatched revision=unmatched attribution=unmatched
10-08 15:16:15.410  8202  8202 I SpinonBootstrap: SPINON_R05_INPUT renderer=wgpu input_seq=8 phase=ACTION_UP timestamp_precision=nanosecond_representation input_source=unknown handler_clock_resolution=nanosecond_api event_time_ns=330017000000 handler_uptime_ns=330018022115 generation=1
10-08 15:16:15.412  8202  8202 I SpinonBootstrap: SPINON_R05_SUBMIT renderer=wgpu input_seq=8 revision=8 generation=1 event_time_ns=330017000000 handler_uptime_ns=330018108657 queue_present_return_uptime_ns=330020132865 draw_accepted=true present_signal=unavailable attribution=input
10-08 15:16:15.412  8202  8202 I SpinonBootstrap: SPINON_R05_PRESENT_FLUSH scheduled=true delay_ms=120 generation=1
10-08 15:16:15.413  8202  8202 I SpinonBootstrap: SPINON_R08_TOUCH count=8
10-08 15:16:15.534  8202  8344 I SpinonBootstrap: SPINON_R05_PRESENT_FLUSH requested=true generation=1
10-08 15:16:15.534  8202  8344 I SpinonBootstrap: SPINON_R05_PRESENT renderer=wgpu signal=SurfaceView_JankData generation=1 current_generation=1 current_surface=true vsync_id=-1 present_time_ns=-1 present_state=unknown jank_type=0 actual_app_frame_ns=0 scheduled_app_frame_ns=0 callback_uptime_ns=330141863907 frame_id=unmatched revision=unmatched attribution=unmatched
10-08 15:16:15.590  8202  8202 I SpinonBootstrap: SPINON_R05_INPUT renderer=wgpu input_seq=9 phase=ACTION_UP timestamp_precision=nanosecond_representation input_source=unknown handler_clock_resolution=nanosecond_api event_time_ns=330197000000 handler_uptime_ns=330198120865 generation=1
10-08 15:16:15.592  8202  8202 I SpinonBootstrap: SPINON_R05_SUBMIT renderer=wgpu input_seq=9 revision=9 generation=1 event_time_ns=330197000000 handler_uptime_ns=330198219199 queue_present_return_uptime_ns=330200350990 draw_accepted=true present_signal=unavailable attribution=input
10-08 15:16:15.593  8202  8202 I SpinonBootstrap: SPINON_R05_PRESENT_FLUSH scheduled=true delay_ms=120 generation=1
10-08 15:16:15.593  8202  8202 I SpinonBootstrap: SPINON_R08_TOUCH count=9
10-08 15:16:15.715  8202  8344 I SpinonBootstrap: SPINON_R05_PRESENT_FLUSH requested=true generation=1
10-08 15:16:15.715  8202  8344 I SpinonBootstrap: SPINON_R05_PRESENT renderer=wgpu signal=SurfaceView_JankData generation=1 current_generation=1 current_surface=true vsync_id=-1 present_time_ns=-1 present_state=unknown jank_type=0 actual_app_frame_ns=0 scheduled_app_frame_ns=0 callback_uptime_ns=330323130615 frame_id=unmatched revision=unmatched attribution=unmatched
10-08 15:16:15.773  8202  8202 I SpinonBootstrap: SPINON_R05_INPUT renderer=wgpu input_seq=10 phase=ACTION_UP timestamp_precision=nanosecond_representation input_source=unknown handler_clock_resolution=nanosecond_api event_time_ns=330380000000 handler_uptime_ns=330381061740 generation=1
10-08 15:16:15.775  8202  8202 I SpinonBootstrap: SPINON_R05_SUBMIT renderer=wgpu input_seq=10 revision=10 generation=1 event_time_ns=330380000000 handler_uptime_ns=330381150157 queue_present_return_uptime_ns=330383266324 draw_accepted=true present_signal=unavailable attribution=input
10-08 15:16:15.775  8202  8202 I SpinonBootstrap: SPINON_R05_PRESENT_FLUSH scheduled=true delay_ms=120 generation=1
10-08 15:16:15.776  8202  8202 I SpinonBootstrap: SPINON_R08_TOUCH count=10
10-08 15:16:15.897  8202  8344 I SpinonBootstrap: SPINON_R05_PRESENT_FLUSH requested=true generation=1
10-08 15:16:15.897  8202  8344 I SpinonBootstrap: SPINON_R05_PRESENT renderer=wgpu signal=SurfaceView_JankData generation=1 current_generation=1 current_surface=true vsync_id=-1 present_time_ns=-1 present_state=unknown jank_type=0 actual_app_frame_ns=0 scheduled_app_frame_ns=0 callback_uptime_ns=330505107740 frame_id=unmatched revision=unmatched attribution=unmatched
10-08 15:16:15.947  8202  8202 I SpinonBootstrap: SPINON_R05_INPUT renderer=wgpu input_seq=11 phase=ACTION_UP timestamp_precision=nanosecond_representation input_source=unknown handler_clock_resolution=nanosecond_api event_time_ns=330554000000 handler_uptime_ns=330555204782 generation=1
10-08 15:16:15.950  8202  8202 I SpinonBootstrap: SPINON_R05_SUBMIT renderer=wgpu input_seq=11 revision=11 generation=1 event_time_ns=330554000000 handler_uptime_ns=330555297949 queue_present_return_uptime_ns=330557806740 draw_accepted=true present_signal=unavailable attribution=input
10-08 15:16:15.950  8202  8202 I SpinonBootstrap: SPINON_R05_PRESENT_FLUSH scheduled=true delay_ms=120 generation=1
10-08 15:16:15.950  8202  8202 I SpinonBootstrap: SPINON_R08_TOUCH count=11
10-08 15:16:16.070  8202  8344 I SpinonBootstrap: SPINON_R05_PRESENT_FLUSH requested=true generation=1
10-08 15:16:16.071  8202  8344 I SpinonBootstrap: SPINON_R05_PRESENT renderer=wgpu signal=SurfaceView_JankData generation=1 current_generation=1 current_surface=true vsync_id=-1 present_time_ns=-1 present_state=unknown jank_type=0 actual_app_frame_ns=0 scheduled_app_frame_ns=0 callback_uptime_ns=330678524282 frame_id=unmatched revision=unmatched attribution=unmatched
10-08 15:16:16.126  8202  8202 I SpinonBootstrap: SPINON_R05_INPUT renderer=wgpu input_seq=12 phase=ACTION_UP timestamp_precision=nanosecond_representation input_source=unknown handler_clock_resolution=nanosecond_api event_time_ns=330733000000 handler_uptime_ns=330734440740 generation=1
10-08 15:16:16.129  8202  8202 I SpinonBootstrap: SPINON_R05_SUBMIT renderer=wgpu input_seq=12 revision=12 generation=1 event_time_ns=330733000000 handler_uptime_ns=330734677907 queue_present_return_uptime_ns=330736879824 draw_accepted=true present_signal=unavailable attribution=input
10-08 15:16:16.129  8202  8202 I SpinonBootstrap: SPINON_R05_PRESENT_FLUSH scheduled=true delay_ms=120 generation=1
10-08 15:16:16.129  8202  8202 I SpinonBootstrap: SPINON_R08_TOUCH count=12
10-08 15:16:16.257  8202  8344 I SpinonBootstrap: SPINON_R05_PRESENT_FLUSH requested=true generation=1
10-08 15:16:16.258  8202  8344 I SpinonBootstrap: SPINON_R05_PRESENT renderer=wgpu signal=SurfaceView_JankData generation=1 current_generation=1 current_surface=true vsync_id=-1 present_time_ns=-1 present_state=unknown jank_type=0 actual_app_frame_ns=0 scheduled_app_frame_ns=0 callback_uptime_ns=330865882324 frame_id=unmatched revision=unmatched attribution=unmatched
10-08 15:16:16.308  8202  8202 I SpinonBootstrap: SPINON_R05_INPUT renderer=wgpu input_seq=13 phase=ACTION_UP timestamp_precision=nanosecond_representation input_source=unknown handler_clock_resolution=nanosecond_api event_time_ns=330914000000 handler_uptime_ns=330915499824 generation=1
10-08 15:16:16.310  8202  8202 I SpinonBootstrap: SPINON_R05_SUBMIT renderer=wgpu input_seq=13 revision=13 generation=1 event_time_ns=330914000000 handler_uptime_ns=330915726199 queue_present_return_uptime_ns=330917872491 draw_accepted=true present_signal=unavailable attribution=input
10-08 15:16:16.310  8202  8202 I SpinonBootstrap: SPINON_R05_PRESENT_FLUSH scheduled=true delay_ms=120 generation=1
10-08 15:16:16.310  8202  8202 I SpinonBootstrap: SPINON_R08_TOUCH count=13
10-08 15:16:16.431  8202  8344 I SpinonBootstrap: SPINON_R05_PRESENT_FLUSH requested=true generation=1
10-08 15:16:16.431  8202  8344 I SpinonBootstrap: SPINON_R05_PRESENT renderer=wgpu signal=SurfaceView_JankData generation=1 current_generation=1 current_surface=true vsync_id=-1 present_time_ns=-1 present_state=unknown jank_type=0 actual_app_frame_ns=0 scheduled_app_frame_ns=0 callback_uptime_ns=331038954449 frame_id=unmatched revision=unmatched attribution=unmatched
10-08 15:16:16.491  8202  8202 I SpinonBootstrap: SPINON_R05_INPUT renderer=wgpu input_seq=14 phase=ACTION_UP timestamp_precision=nanosecond_representation input_source=unknown handler_clock_resolution=nanosecond_api event_time_ns=331097000000 handler_uptime_ns=331098704741 generation=1
10-08 15:16:16.493  8202  8202 I SpinonBootstrap: SPINON_R05_SUBMIT renderer=wgpu input_seq=14 revision=14 generation=1 event_time_ns=331097000000 handler_uptime_ns=331098839032 queue_present_return_uptime_ns=331100911741 draw_accepted=true present_signal=unavailable attribution=input
10-08 15:16:16.493  8202  8202 I SpinonBootstrap: SPINON_R05_PRESENT_FLUSH scheduled=true delay_ms=120 generation=1
10-08 15:16:16.493  8202  8202 I SpinonBootstrap: SPINON_R08_TOUCH count=14
10-08 15:16:16.613  8202  8344 I SpinonBootstrap: SPINON_R05_PRESENT_FLUSH requested=true generation=1
10-08 15:16:16.614  8202  8344 I SpinonBootstrap: SPINON_R05_PRESENT renderer=wgpu signal=SurfaceView_JankData generation=1 current_generation=1 current_surface=true vsync_id=-1 present_time_ns=-1 present_state=unknown jank_type=0 actual_app_frame_ns=0 scheduled_app_frame_ns=0 callback_uptime_ns=331221518782 frame_id=unmatched revision=unmatched attribution=unmatched
10-08 15:16:16.665  8202  8202 I SpinonBootstrap: SPINON_R05_INPUT renderer=wgpu input_seq=15 phase=ACTION_UP timestamp_precision=nanosecond_representation input_source=unknown handler_clock_resolution=nanosecond_api event_time_ns=331271000000 handler_uptime_ns=331272757741 generation=1
10-08 15:16:16.667  8202  8202 I SpinonBootstrap: SPINON_R05_SUBMIT renderer=wgpu input_seq=15 revision=15 generation=1 event_time_ns=331271000000 handler_uptime_ns=331272812241 queue_present_return_uptime_ns=331274741199 draw_accepted=true present_signal=unavailable attribution=input
10-08 15:16:16.667  8202  8202 I SpinonBootstrap: SPINON_R05_PRESENT_FLUSH scheduled=true delay_ms=120 generation=1
10-08 15:16:16.667  8202  8202 I SpinonBootstrap: SPINON_R08_TOUCH count=15
10-08 15:16:16.787  8202  8344 I SpinonBootstrap: SPINON_R05_PRESENT_FLUSH requested=true generation=1
10-08 15:16:16.787  8202  8344 I SpinonBootstrap: SPINON_R05_PRESENT renderer=wgpu signal=SurfaceView_JankData generation=1 current_generation=1 current_surface=true vsync_id=-1 present_time_ns=-1 present_state=unknown jank_type=0 actual_app_frame_ns=0 scheduled_app_frame_ns=0 callback_uptime_ns=331395342782 frame_id=unmatched revision=unmatched attribution=unmatched
10-08 15:16:16.848  8202  8202 I SpinonBootstrap: SPINON_R05_INPUT renderer=wgpu input_seq=16 phase=ACTION_UP timestamp_precision=nanosecond_representation input_source=unknown handler_clock_resolution=nanosecond_api event_time_ns=331454000000 handler_uptime_ns=331455523282 generation=1
10-08 15:16:16.850  8202  8202 I SpinonBootstrap: SPINON_R05_SUBMIT renderer=wgpu input_seq=16 revision=16 generation=1 event_time_ns=331454000000 handler_uptime_ns=331455586116 queue_present_return_uptime_ns=331457855824 draw_accepted=true present_signal=unavailable attribution=input
10-08 15:16:16.850  8202  8202 I SpinonBootstrap: SPINON_R05_PRESENT_FLUSH scheduled=true delay_ms=120 generation=1
10-08 15:16:16.850  8202  8202 I SpinonBootstrap: SPINON_R08_TOUCH count=16
10-08 15:16:16.971  8202  8344 I SpinonBootstrap: SPINON_R05_PRESENT_FLUSH requested=true generation=1
10-08 15:16:16.971  8202  8344 I SpinonBootstrap: SPINON_R05_PRESENT renderer=wgpu signal=SurfaceView_JankData generation=1 current_generation=1 current_surface=true vsync_id=-1 present_time_ns=-1 present_state=unknown jank_type=0 actual_app_frame_ns=0 scheduled_app_frame_ns=0 callback_uptime_ns=331578896658 frame_id=unmatched revision=unmatched attribution=unmatched
10-08 15:16:17.027  8202  8202 I SpinonBootstrap: SPINON_R05_INPUT renderer=wgpu input_seq=17 phase=ACTION_UP timestamp_precision=nanosecond_representation input_source=unknown handler_clock_resolution=nanosecond_api event_time_ns=331634000000 handler_uptime_ns=331635108408 generation=1
10-08 15:16:17.029  8202  8202 I SpinonBootstrap: SPINON_R05_SUBMIT renderer=wgpu input_seq=17 revision=17 generation=1 event_time_ns=331634000000 handler_uptime_ns=331635175033 queue_present_return_uptime_ns=331636903991 draw_accepted=true present_signal=unavailable attribution=input
10-08 15:16:17.029  8202  8202 I SpinonBootstrap: SPINON_R05_PRESENT_FLUSH scheduled=true delay_ms=120 generation=1
10-08 15:16:17.030  8202  8202 I SpinonBootstrap: SPINON_R08_TOUCH count=17
10-08 15:16:17.150  8202  8344 I SpinonBootstrap: SPINON_R05_PRESENT_FLUSH requested=true generation=1
10-08 15:16:17.150  8202  8344 I SpinonBootstrap: SPINON_R05_PRESENT renderer=wgpu signal=SurfaceView_JankData generation=1 current_generation=1 current_surface=true vsync_id=-1 present_time_ns=-1 present_state=unknown jank_type=0 actual_app_frame_ns=0 scheduled_app_frame_ns=0 callback_uptime_ns=331757987741 frame_id=unmatched revision=unmatched attribution=unmatched
10-08 15:16:17.206  8202  8202 I SpinonBootstrap: SPINON_R05_INPUT renderer=wgpu input_seq=18 phase=ACTION_UP timestamp_precision=nanosecond_representation input_source=unknown handler_clock_resolution=nanosecond_api event_time_ns=331813000000 handler_uptime_ns=331814335824 generation=1
10-08 15:16:17.209  8202  8202 I SpinonBootstrap: SPINON_R05_SUBMIT renderer=wgpu input_seq=18 revision=18 generation=1 event_time_ns=331813000000 handler_uptime_ns=331814391908 queue_present_return_uptime_ns=331816623908 draw_accepted=true present_signal=unavailable attribution=input
10-08 15:16:17.209  8202  8202 I SpinonBootstrap: SPINON_R05_PRESENT_FLUSH scheduled=true delay_ms=120 generation=1
10-08 15:16:17.209  8202  8202 I SpinonBootstrap: SPINON_R08_TOUCH count=18
10-08 15:16:17.329  8202  8344 I SpinonBootstrap: SPINON_R05_PRESENT_FLUSH requested=true generation=1
10-08 15:16:17.330  8202  8344 I SpinonBootstrap: SPINON_R05_PRESENT renderer=wgpu signal=SurfaceView_JankData generation=1 current_generation=1 current_surface=true vsync_id=-1 present_time_ns=-1 present_state=unknown jank_type=0 actual_app_frame_ns=0 scheduled_app_frame_ns=0 callback_uptime_ns=331937837158 frame_id=unmatched revision=unmatched attribution=unmatched
10-08 15:16:17.389  8202  8202 I SpinonBootstrap: SPINON_R05_INPUT renderer=wgpu input_seq=19 phase=ACTION_UP timestamp_precision=nanosecond_representation input_source=unknown handler_clock_resolution=nanosecond_api event_time_ns=331996000000 handler_uptime_ns=331997185741 generation=1
10-08 15:16:17.391  8202  8202 I SpinonBootstrap: SPINON_R05_SUBMIT renderer=wgpu input_seq=19 revision=19 generation=1 event_time_ns=331996000000 handler_uptime_ns=331997249283 queue_present_return_uptime_ns=331999274033 draw_accepted=true present_signal=unavailable attribution=input
10-08 15:16:17.391  8202  8202 I SpinonBootstrap: SPINON_R05_PRESENT_FLUSH scheduled=true delay_ms=120 generation=1
10-08 15:16:17.392  8202  8202 I SpinonBootstrap: SPINON_R08_TOUCH count=19
10-08 15:16:17.512  8202  8344 I SpinonBootstrap: SPINON_R05_PRESENT_FLUSH requested=true generation=1
10-08 15:16:17.512  8202  8344 I SpinonBootstrap: SPINON_R05_PRESENT renderer=wgpu signal=SurfaceView_JankData generation=1 current_generation=1 current_surface=true vsync_id=-1 present_time_ns=-1 present_state=unknown jank_type=0 actual_app_frame_ns=0 scheduled_app_frame_ns=0 callback_uptime_ns=332120306949 frame_id=unmatched revision=unmatched attribution=unmatched
10-08 15:16:17.569  8202  8202 I SpinonBootstrap: SPINON_R05_INPUT renderer=wgpu input_seq=20 phase=ACTION_UP timestamp_precision=nanosecond_representation input_source=unknown handler_clock_resolution=nanosecond_api event_time_ns=332175000000 handler_uptime_ns=332176808950 generation=1
10-08 15:16:17.571  8202  8202 I SpinonBootstrap: SPINON_R05_SUBMIT renderer=wgpu input_seq=20 revision=20 generation=1 event_time_ns=332175000000 handler_uptime_ns=332176918533 queue_present_return_uptime_ns=332178991241 draw_accepted=true present_signal=unavailable attribution=input
10-08 15:16:17.571  8202  8202 I SpinonBootstrap: SPINON_R05_PRESENT_FLUSH scheduled=true delay_ms=120 generation=1
10-08 15:16:17.571  8202  8202 I SpinonBootstrap: SPINON_R08_TOUCH count=20
10-08 15:16:17.692  8202  8344 I SpinonBootstrap: SPINON_R05_PRESENT_FLUSH requested=true generation=1
10-08 15:16:17.692  8202  8344 I SpinonBootstrap: SPINON_R05_PRESENT renderer=wgpu signal=SurfaceView_JankData generation=1 current_generation=1 current_surface=true vsync_id=-1 present_time_ns=-1 present_state=unknown jank_type=0 actual_app_frame_ns=0 scheduled_app_frame_ns=0 callback_uptime_ns=332299962991 frame_id=unmatched revision=unmatched attribution=unmatched
10-08 15:16:17.743  8202  8202 I SpinonBootstrap: SPINON_R05_INPUT renderer=wgpu input_seq=21 phase=ACTION_UP timestamp_precision=nanosecond_representation input_source=unknown handler_clock_resolution=nanosecond_api event_time_ns=332350000000 handler_uptime_ns=332350956908 generation=1
10-08 15:16:17.745  8202  8202 I SpinonBootstrap: SPINON_R05_SUBMIT renderer=wgpu input_seq=21 revision=21 generation=1 event_time_ns=332350000000 handler_uptime_ns=332351041241 queue_present_return_uptime_ns=332353114783 draw_accepted=true present_signal=unavailable attribution=input
10-08 15:16:17.745  8202  8202 I SpinonBootstrap: SPINON_R05_PRESENT_FLUSH scheduled=true delay_ms=120 generation=1
10-08 15:16:17.745  8202  8202 I SpinonBootstrap: SPINON_R08_TOUCH count=21
10-08 15:16:17.866  8202  8344 I SpinonBootstrap: SPINON_R05_PRESENT_FLUSH requested=true generation=1
10-08 15:16:17.866  8202  8344 I SpinonBootstrap: SPINON_R05_PRESENT renderer=wgpu signal=SurfaceView_JankData generation=1 current_generation=1 current_surface=true vsync_id=-1 present_time_ns=-1 present_state=unknown jank_type=0 actual_app_frame_ns=0 scheduled_app_frame_ns=0 callback_uptime_ns=332474246783 frame_id=unmatched revision=unmatched attribution=unmatched
10-08 15:16:17.920  8202  8202 I SpinonBootstrap: SPINON_R05_INPUT renderer=wgpu input_seq=22 phase=ACTION_UP timestamp_precision=nanosecond_representation input_source=unknown handler_clock_resolution=nanosecond_api event_time_ns=332526000000 handler_uptime_ns=332527531783 generation=1
10-08 15:16:17.922  8202  8202 I SpinonBootstrap: SPINON_R05_SUBMIT renderer=wgpu input_seq=22 revision=22 generation=1 event_time_ns=332526000000 handler_uptime_ns=332527619450 queue_present_return_uptime_ns=332529737450 draw_accepted=true present_signal=unavailable attribution=input
10-08 15:16:17.922  8202  8202 I SpinonBootstrap: SPINON_R05_PRESENT_FLUSH scheduled=true delay_ms=120 generation=1
10-08 15:16:17.922  8202  8202 I SpinonBootstrap: SPINON_R08_TOUCH count=22
10-08 15:16:18.042  8202  8344 I SpinonBootstrap: SPINON_R05_PRESENT_FLUSH requested=true generation=1
10-08 15:16:18.042  8202  8344 I SpinonBootstrap: SPINON_R05_PRESENT renderer=wgpu signal=SurfaceView_JankData generation=1 current_generation=1 current_surface=true vsync_id=-1 present_time_ns=-1 present_state=unknown jank_type=0 actual_app_frame_ns=0 scheduled_app_frame_ns=0 callback_uptime_ns=332650298450 frame_id=unmatched revision=unmatched attribution=unmatched
10-08 15:16:18.103  8202  8202 I SpinonBootstrap: SPINON_R05_INPUT renderer=wgpu input_seq=23 phase=ACTION_UP timestamp_precision=nanosecond_representation input_source=unknown handler_clock_resolution=nanosecond_api event_time_ns=332710000000 handler_uptime_ns=332710935575 generation=1
10-08 15:16:18.105  8202  8202 I SpinonBootstrap: SPINON_R05_SUBMIT renderer=wgpu input_seq=23 revision=23 generation=1 event_time_ns=332710000000 handler_uptime_ns=332711069325 queue_present_return_uptime_ns=332713282575 draw_accepted=true present_signal=unavailable attribution=input
10-08 15:16:18.105  8202  8202 I SpinonBootstrap: SPINON_R05_PRESENT_FLUSH scheduled=true delay_ms=120 generation=1
10-08 15:16:18.106  8202  8202 I SpinonBootstrap: SPINON_R08_TOUCH count=23
10-08 15:16:18.226  8202  8344 I SpinonBootstrap: SPINON_R05_PRESENT_FLUSH requested=true generation=1
10-08 15:16:18.227  8202  8344 I SpinonBootstrap: SPINON_R05_PRESENT renderer=wgpu signal=SurfaceView_JankData generation=1 current_generation=1 current_surface=true vsync_id=-1 present_time_ns=-1 present_state=unknown jank_type=0 actual_app_frame_ns=0 scheduled_app_frame_ns=0 callback_uptime_ns=332834464366 frame_id=unmatched revision=unmatched attribution=unmatched
10-08 15:16:18.286  8202  8202 I SpinonBootstrap: SPINON_R05_INPUT renderer=wgpu input_seq=24 phase=ACTION_UP timestamp_precision=nanosecond_representation input_source=unknown handler_clock_resolution=nanosecond_api event_time_ns=332893000000 handler_uptime_ns=332893874158 generation=1
10-08 15:16:18.288  8202  8202 I SpinonBootstrap: SPINON_R05_SUBMIT renderer=wgpu input_seq=24 revision=24 generation=1 event_time_ns=332893000000 handler_uptime_ns=332893958325 queue_present_return_uptime_ns=332895622158 draw_accepted=true present_signal=unavailable attribution=input
10-08 15:16:18.288  8202  8202 I SpinonBootstrap: SPINON_R05_PRESENT_FLUSH scheduled=true delay_ms=120 generation=1
10-08 15:16:18.288  8202  8202 I SpinonBootstrap: SPINON_R08_TOUCH count=24
10-08 15:16:18.409  8202  8344 I SpinonBootstrap: SPINON_R05_PRESENT_FLUSH requested=true generation=1
10-08 15:16:18.410  8202  8344 I SpinonBootstrap: SPINON_R05_PRESENT renderer=wgpu signal=SurfaceView_JankData generation=1 current_generation=1 current_surface=true vsync_id=-1 present_time_ns=-1 present_state=unknown jank_type=0 actual_app_frame_ns=0 scheduled_app_frame_ns=0 callback_uptime_ns=333017498533 frame_id=unmatched revision=unmatched attribution=unmatched
10-08 15:16:18.461  8202  8202 I SpinonBootstrap: SPINON_R05_INPUT renderer=wgpu input_seq=25 phase=ACTION_UP timestamp_precision=nanosecond_representation input_source=unknown handler_clock_resolution=nanosecond_api event_time_ns=333067000000 handler_uptime_ns=333068532700 generation=1
10-08 15:16:18.463  8202  8202 I SpinonBootstrap: SPINON_R05_SUBMIT renderer=wgpu input_seq=25 revision=25 generation=1 event_time_ns=333067000000 handler_uptime_ns=333068598033 queue_present_return_uptime_ns=333070658783 draw_accepted=true present_signal=unavailable attribution=input
10-08 15:16:18.463  8202  8202 I SpinonBootstrap: SPINON_R05_PRESENT_FLUSH scheduled=true delay_ms=120 generation=1
10-08 15:16:18.463  8202  8202 I SpinonBootstrap: SPINON_R08_TOUCH count=25
10-08 15:16:18.584  8202  8344 I SpinonBootstrap: SPINON_R05_PRESENT_FLUSH requested=true generation=1
10-08 15:16:18.584  8202  8344 I SpinonBootstrap: SPINON_R05_PRESENT renderer=wgpu signal=SurfaceView_JankData generation=1 current_generation=1 current_surface=true vsync_id=-1 present_time_ns=-1 present_state=unknown jank_type=0 actual_app_frame_ns=0 scheduled_app_frame_ns=0 callback_uptime_ns=333191588075 frame_id=unmatched revision=unmatched attribution=unmatched
10-08 15:16:18.644  8202  8202 I SpinonBootstrap: SPINON_R05_INPUT renderer=wgpu input_seq=26 phase=ACTION_UP timestamp_precision=nanosecond_representation input_source=unknown handler_clock_resolution=nanosecond_api event_time_ns=333251000000 handler_uptime_ns=333252315450 generation=1
10-08 15:16:18.647  8202  8202 I SpinonBootstrap: SPINON_R05_SUBMIT renderer=wgpu input_seq=26 revision=26 generation=1 event_time_ns=333251000000 handler_uptime_ns=333252376533 queue_present_return_uptime_ns=333254813992 draw_accepted=true present_signal=unavailable attribution=input
10-08 15:16:18.647  8202  8202 I SpinonBootstrap: SPINON_R05_PRESENT_FLUSH scheduled=true delay_ms=120 generation=1
10-08 15:16:18.647  8202  8202 I SpinonBootstrap: SPINON_R08_TOUCH count=26
10-08 15:16:18.767  8202  8344 I SpinonBootstrap: SPINON_R05_PRESENT_FLUSH requested=true generation=1
10-08 15:16:18.768  8202  8344 I SpinonBootstrap: SPINON_R05_PRESENT renderer=wgpu signal=SurfaceView_JankData generation=1 current_generation=1 current_surface=true vsync_id=-1 present_time_ns=-1 present_state=unknown jank_type=0 actual_app_frame_ns=0 scheduled_app_frame_ns=0 callback_uptime_ns=333375616117 frame_id=unmatched revision=unmatched attribution=unmatched
10-08 15:16:18.827  8202  8202 I SpinonBootstrap: SPINON_R05_INPUT renderer=wgpu input_seq=27 phase=ACTION_UP timestamp_precision=nanosecond_representation input_source=unknown handler_clock_resolution=nanosecond_api event_time_ns=333434000000 handler_uptime_ns=333435110617 generation=1
10-08 15:16:18.829  8202  8202 I SpinonBootstrap: SPINON_R05_SUBMIT renderer=wgpu input_seq=27 revision=27 generation=1 event_time_ns=333434000000 handler_uptime_ns=333435166408 queue_present_return_uptime_ns=333437310283 draw_accepted=true present_signal=unavailable attribution=input
10-08 15:16:18.829  8202  8202 I SpinonBootstrap: SPINON_R05_PRESENT_FLUSH scheduled=true delay_ms=120 generation=1
10-08 15:16:18.830  8202  8202 I SpinonBootstrap: SPINON_R08_TOUCH count=27
10-08 15:16:18.950  8202  8344 I SpinonBootstrap: SPINON_R05_PRESENT_FLUSH requested=true generation=1
10-08 15:16:18.950  8202  8344 I SpinonBootstrap: SPINON_R05_PRESENT renderer=wgpu signal=SurfaceView_JankData generation=1 current_generation=1 current_surface=true vsync_id=-1 present_time_ns=-1 present_state=unknown jank_type=0 actual_app_frame_ns=0 scheduled_app_frame_ns=0 callback_uptime_ns=333557995159 frame_id=unmatched revision=unmatched attribution=unmatched
10-08 15:16:19.003  8202  8202 I SpinonBootstrap: SPINON_R05_INPUT renderer=wgpu input_seq=28 phase=ACTION_UP timestamp_precision=nanosecond_representation input_source=unknown handler_clock_resolution=nanosecond_api event_time_ns=333610000000 handler_uptime_ns=333610870034 generation=1
10-08 15:16:19.005  8202  8202 I SpinonBootstrap: SPINON_R05_SUBMIT renderer=wgpu input_seq=28 revision=28 generation=1 event_time_ns=333610000000 handler_uptime_ns=333610926450 queue_present_return_uptime_ns=333612737200 draw_accepted=true present_signal=unavailable attribution=input
10-08 15:16:19.005  8202  8202 I SpinonBootstrap: SPINON_R05_PRESENT_FLUSH scheduled=true delay_ms=120 generation=1
10-08 15:16:19.005  8202  8202 I SpinonBootstrap: SPINON_R08_TOUCH count=28
10-08 15:16:19.129  8202  8344 I SpinonBootstrap: SPINON_R05_PRESENT_FLUSH requested=true generation=1
10-08 15:16:19.130  8202  8344 I SpinonBootstrap: SPINON_R05_PRESENT renderer=wgpu signal=SurfaceView_JankData generation=1 current_generation=1 current_surface=true vsync_id=-1 present_time_ns=-1 present_state=unknown jank_type=0 actual_app_frame_ns=0 scheduled_app_frame_ns=0 callback_uptime_ns=333737479409 frame_id=unmatched revision=unmatched attribution=unmatched
10-08 15:16:19.185  8202  8202 I SpinonBootstrap: SPINON_R05_INPUT renderer=wgpu input_seq=29 phase=ACTION_UP timestamp_precision=nanosecond_representation input_source=unknown handler_clock_resolution=nanosecond_api event_time_ns=333792000000 handler_uptime_ns=333793423909 generation=1
10-08 15:16:19.188  8202  8202 I SpinonBootstrap: SPINON_R05_SUBMIT renderer=wgpu input_seq=29 revision=29 generation=1 event_time_ns=333792000000 handler_uptime_ns=333793530992 queue_present_return_uptime_ns=333795658700 draw_accepted=true present_signal=unavailable attribution=input
10-08 15:16:19.188  8202  8202 I SpinonBootstrap: SPINON_R05_PRESENT_FLUSH scheduled=true delay_ms=120 generation=1
10-08 15:16:19.188  8202  8202 I SpinonBootstrap: SPINON_R08_TOUCH count=29
10-08 15:16:19.308  8202  8344 I SpinonBootstrap: SPINON_R05_PRESENT_FLUSH requested=true generation=1
10-08 15:16:19.308  8202  8344 I SpinonBootstrap: SPINON_R05_PRESENT renderer=wgpu signal=SurfaceView_JankData generation=1 current_generation=1 current_surface=true vsync_id=-1 present_time_ns=-1 present_state=unknown jank_type=0 actual_app_frame_ns=0 scheduled_app_frame_ns=0 callback_uptime_ns=333916375034 frame_id=unmatched revision=unmatched attribution=unmatched
10-08 15:16:19.364  8202  8202 I SpinonBootstrap: SPINON_R05_INPUT renderer=wgpu input_seq=30 phase=ACTION_UP timestamp_precision=nanosecond_representation input_source=unknown handler_clock_resolution=nanosecond_api event_time_ns=333970000000 handler_uptime_ns=333971494367 generation=1
10-08 15:16:19.366  8202  8202 I SpinonBootstrap: SPINON_R05_SUBMIT renderer=wgpu input_seq=30 revision=30 generation=1 event_time_ns=333970000000 handler_uptime_ns=333971556492 queue_present_return_uptime_ns=333974258992 draw_accepted=true present_signal=unavailable attribution=input
10-08 15:16:19.366  8202  8202 I SpinonBootstrap: SPINON_R05_PRESENT_FLUSH scheduled=true delay_ms=120 generation=1
10-08 15:16:19.367  8202  8202 I SpinonBootstrap: SPINON_R08_TOUCH count=30
10-08 15:16:19.488  8202  8344 I SpinonBootstrap: SPINON_R05_PRESENT_FLUSH requested=true generation=1
10-08 15:16:19.488  8202  8344 I SpinonBootstrap: SPINON_R05_PRESENT renderer=wgpu signal=SurfaceView_JankData generation=1 current_generation=1 current_surface=true vsync_id=-1 present_time_ns=-1 present_state=unknown jank_type=0 actual_app_frame_ns=0 scheduled_app_frame_ns=0 callback_uptime_ns=334095942909 frame_id=unmatched revision=unmatched attribution=unmatched
