--------- beginning of main
10-08 15:19:08.451  8115  8115 I SpinonBootstrap: SPINON_R08_UI=ready text-input=EditText accessibility=button+EditText
10-08 15:19:08.472  8115  8115 I SpinonBootstrap: SPINON_R05_SURFACE renderer=wgpu type=SurfaceView generation=1
10-08 15:19:08.473  8115  8115 I SpinonBootstrap: SPINON_R05_SIGNAL_CAPABILITY renderer=wgpu signal=SurfaceView_JankData available=false reason=api_below_37 api=36 api_full=3600000
10-08 15:19:08.503  8115  8115 I SpinonBootstrap: SPINON_R08_WGPU=ready backend=Vulkan device=Cpu name=llvmpipe (LLVM 21.1.4, 128 bits) google_display_timing_supported=false format=Rgba8Unorm color_space=Auto supported_formats=[Rgba8UnormSrgb, Rgba8Unorm, Rgba16Float, Rgb10a2Unorm]
10-08 15:19:08.503  8115  8115 I SpinonBootstrap: SPINON_R08_WGPU_SURFACE=size 1080x2400
10-08 15:19:08.704  8115  8115 I SpinonBootstrap: SPINON_R05_INPUT renderer=wgpu input_seq=1 phase=ACTION_UP timestamp_precision=nanosecond_representation input_source=unknown handler_clock_resolution=nanosecond_api event_time_ns=710357238000000 handler_uptime_ns=710357241115724 generation=1
10-08 15:19:08.739  8115  8115 I SpinonBootstrap: SPINON_R05_SUBMIT renderer=wgpu input_seq=1 revision=1 generation=1 event_time_ns=710357238000000 handler_uptime_ns=710357243424724 queue_present_return_uptime_ns=710357275877307 draw_accepted=true present_signal=unavailable attribution=input
10-08 15:19:08.740  8115  8115 I SpinonBootstrap: SPINON_R08_TOUCH count=1
10-08 15:19:08.924  8115  8115 I SpinonBootstrap: SPINON_R05_INPUT renderer=wgpu input_seq=2 phase=ACTION_UP timestamp_precision=nanosecond_representation input_source=unknown handler_clock_resolution=nanosecond_api event_time_ns=710357458000000 handler_uptime_ns=710357461395015 generation=1
10-08 15:19:08.935  8115  8115 I SpinonBootstrap: SPINON_R05_SUBMIT renderer=wgpu input_seq=2 revision=2 generation=1 event_time_ns=710357458000000 handler_uptime_ns=710357461508890 queue_present_return_uptime_ns=710357472228265 draw_accepted=true present_signal=unavailable attribution=input
10-08 15:19:08.936  8115  8115 I SpinonBootstrap: SPINON_R08_TOUCH count=2
10-08 15:19:09.100  8115  8115 I SpinonBootstrap: SPINON_R05_INPUT renderer=wgpu input_seq=3 phase=ACTION_UP timestamp_precision=nanosecond_representation input_source=unknown handler_clock_resolution=nanosecond_api event_time_ns=710357636000000 handler_uptime_ns=710357637187432 generation=1
10-08 15:19:09.102  8115  8115 I SpinonBootstrap: SPINON_R05_SUBMIT renderer=wgpu input_seq=3 revision=3 generation=1 event_time_ns=710357636000000 handler_uptime_ns=710357637454515 queue_present_return_uptime_ns=710357639207265 draw_accepted=true present_signal=unavailable attribution=input
10-08 15:19:09.102  8115  8115 I SpinonBootstrap: SPINON_R08_TOUCH count=3
10-08 15:19:09.263  8115  8115 I SpinonBootstrap: SPINON_R05_INPUT renderer=wgpu input_seq=4 phase=ACTION_UP timestamp_precision=nanosecond_representation input_source=unknown handler_clock_resolution=nanosecond_api event_time_ns=710357799000000 handler_uptime_ns=710357800494849 generation=1
10-08 15:19:09.266  8115  8115 I SpinonBootstrap: SPINON_R05_SUBMIT renderer=wgpu input_seq=4 revision=4 generation=1 event_time_ns=710357799000000 handler_uptime_ns=710357800620640 queue_present_return_uptime_ns=710357803032474 draw_accepted=true present_signal=unavailable attribution=input
10-08 15:19:09.266  8115  8115 I SpinonBootstrap: SPINON_R08_TOUCH count=4
10-08 15:19:09.428  8115  8115 I SpinonBootstrap: SPINON_R05_INPUT renderer=wgpu input_seq=5 phase=ACTION_UP timestamp_precision=nanosecond_representation input_source=unknown handler_clock_resolution=nanosecond_api event_time_ns=710357964000000 handler_uptime_ns=710357965297391 generation=1
10-08 15:19:09.430  8115  8115 I SpinonBootstrap: SPINON_R05_SUBMIT renderer=wgpu input_seq=5 revision=5 generation=1 event_time_ns=710357964000000 handler_uptime_ns=710357965354557 queue_present_return_uptime_ns=710357967633432 draw_accepted=true present_signal=unavailable attribution=input
10-08 15:19:09.431  8115  8115 I SpinonBootstrap: SPINON_R08_TOUCH count=5
10-08 15:19:09.591  8115  8115 I SpinonBootstrap: SPINON_R05_INPUT renderer=wgpu input_seq=6 phase=ACTION_UP timestamp_precision=nanosecond_representation input_source=unknown handler_clock_resolution=nanosecond_api event_time_ns=710358127000000 handler_uptime_ns=710358128542599 generation=1
10-08 15:19:09.593  8115  8115 I SpinonBootstrap: SPINON_R05_SUBMIT renderer=wgpu input_seq=6 revision=6 generation=1 event_time_ns=710358127000000 handler_uptime_ns=710358128603516 queue_present_return_uptime_ns=710358130616849 draw_accepted=true present_signal=unavailable attribution=input
10-08 15:19:09.594  8115  8115 I SpinonBootstrap: SPINON_R08_TOUCH count=6
10-08 15:19:09.755  8115  8115 I SpinonBootstrap: SPINON_R05_INPUT renderer=wgpu input_seq=7 phase=ACTION_UP timestamp_precision=nanosecond_representation input_source=unknown handler_clock_resolution=nanosecond_api event_time_ns=710358291000000 handler_uptime_ns=710358291778766 generation=1
10-08 15:19:09.757  8115  8115 I SpinonBootstrap: SPINON_R05_SUBMIT renderer=wgpu input_seq=7 revision=7 generation=1 event_time_ns=710358291000000 handler_uptime_ns=710358291856349 queue_present_return_uptime_ns=710358294624516 draw_accepted=true present_signal=unavailable attribution=input
10-08 15:19:09.758  8115  8115 I SpinonBootstrap: SPINON_R08_TOUCH count=7
10-08 15:19:09.920  8115  8115 I SpinonBootstrap: SPINON_R05_INPUT renderer=wgpu input_seq=8 phase=ACTION_UP timestamp_precision=nanosecond_representation input_source=unknown handler_clock_resolution=nanosecond_api event_time_ns=710358456000000 handler_uptime_ns=710358456899099 generation=1
10-08 15:19:09.922  8115  8115 I SpinonBootstrap: SPINON_R05_SUBMIT renderer=wgpu input_seq=8 revision=8 generation=1 event_time_ns=710358456000000 handler_uptime_ns=710358456969724 queue_present_return_uptime_ns=710358459021682 draw_accepted=true present_signal=unavailable attribution=input
10-08 15:19:09.922  8115  8115 I SpinonBootstrap: SPINON_R08_TOUCH count=8
10-08 15:19:10.087  8115  8115 I SpinonBootstrap: SPINON_R05_INPUT renderer=wgpu input_seq=9 phase=ACTION_UP timestamp_precision=nanosecond_representation input_source=unknown handler_clock_resolution=nanosecond_api event_time_ns=710358623000000 handler_uptime_ns=710358623753099 generation=1
10-08 15:19:10.089  8115  8115 I SpinonBootstrap: SPINON_R05_SUBMIT renderer=wgpu input_seq=9 revision=9 generation=1 event_time_ns=710358623000000 handler_uptime_ns=710358623882724 queue_present_return_uptime_ns=710358625889683 draw_accepted=true present_signal=unavailable attribution=input
10-08 15:19:10.089  8115  8115 I SpinonBootstrap: SPINON_R08_TOUCH count=9
10-08 15:19:10.250  8115  8115 I SpinonBootstrap: SPINON_R05_INPUT renderer=wgpu input_seq=10 phase=ACTION_UP timestamp_precision=nanosecond_representation input_source=unknown handler_clock_resolution=nanosecond_api event_time_ns=710358786000000 handler_uptime_ns=710358787616224 generation=1
10-08 15:19:10.253  8115  8115 I SpinonBootstrap: SPINON_R05_SUBMIT renderer=wgpu input_seq=10 revision=10 generation=1 event_time_ns=710358786000000 handler_uptime_ns=710358787681099 queue_present_return_uptime_ns=710358789826558 draw_accepted=true present_signal=unavailable attribution=input
10-08 15:19:10.253  8115  8115 I SpinonBootstrap: SPINON_R08_TOUCH count=10
10-08 15:19:10.421  8115  8115 I SpinonBootstrap: SPINON_R05_INPUT renderer=wgpu input_seq=11 phase=ACTION_UP timestamp_precision=nanosecond_representation input_source=unknown handler_clock_resolution=nanosecond_api event_time_ns=710358957000000 handler_uptime_ns=710358958030849 generation=1
10-08 15:19:10.423  8115  8115 I SpinonBootstrap: SPINON_R05_SUBMIT renderer=wgpu input_seq=11 revision=11 generation=1 event_time_ns=710358957000000 handler_uptime_ns=710358958095474 queue_present_return_uptime_ns=710358960653224 draw_accepted=true present_signal=unavailable attribution=input
10-08 15:19:10.424  8115  8115 I SpinonBootstrap: SPINON_R08_TOUCH count=11
10-08 15:19:10.588  8115  8115 I SpinonBootstrap: SPINON_R05_INPUT renderer=wgpu input_seq=12 phase=ACTION_UP timestamp_precision=nanosecond_representation input_source=unknown handler_clock_resolution=nanosecond_api event_time_ns=710359123000000 handler_uptime_ns=710359124834391 generation=1
10-08 15:19:10.590  8115  8115 I SpinonBootstrap: SPINON_R05_SUBMIT renderer=wgpu input_seq=12 revision=12 generation=1 event_time_ns=710359123000000 handler_uptime_ns=710359124969849 queue_present_return_uptime_ns=710359127116433 draw_accepted=true present_signal=unavailable attribution=input
10-08 15:19:10.590  8115  8115 I SpinonBootstrap: SPINON_R08_TOUCH count=12
10-08 15:19:10.752  8115  8115 I SpinonBootstrap: SPINON_R05_INPUT renderer=wgpu input_seq=13 phase=ACTION_UP timestamp_precision=nanosecond_representation input_source=unknown handler_clock_resolution=nanosecond_api event_time_ns=710359288000000 handler_uptime_ns=710359289435850 generation=1
10-08 15:19:10.755  8115  8115 I SpinonBootstrap: SPINON_R05_SUBMIT renderer=wgpu input_seq=13 revision=13 generation=1 event_time_ns=710359288000000 handler_uptime_ns=710359289554100 queue_present_return_uptime_ns=710359292065725 draw_accepted=true present_signal=unavailable attribution=input
10-08 15:19:10.755  8115  8115 I SpinonBootstrap: SPINON_R08_TOUCH count=13
10-08 15:19:10.916  8115  8115 I SpinonBootstrap: SPINON_R05_INPUT renderer=wgpu input_seq=14 phase=ACTION_UP timestamp_precision=nanosecond_representation input_source=unknown handler_clock_resolution=nanosecond_api event_time_ns=710359452000000 handler_uptime_ns=710359453342308 generation=1
10-08 15:19:10.918  8115  8115 I SpinonBootstrap: SPINON_R05_SUBMIT renderer=wgpu input_seq=14 revision=14 generation=1 event_time_ns=710359452000000 handler_uptime_ns=710359453450266 queue_present_return_uptime_ns=710359455604766 draw_accepted=true present_signal=unavailable attribution=input
10-08 15:19:10.919  8115  8115 I SpinonBootstrap: SPINON_R08_TOUCH count=14
10-08 15:19:11.079  8115  8115 I SpinonBootstrap: SPINON_R05_INPUT renderer=wgpu input_seq=15 phase=ACTION_UP timestamp_precision=nanosecond_representation input_source=unknown handler_clock_resolution=nanosecond_api event_time_ns=710359615000000 handler_uptime_ns=710359616445016 generation=1
10-08 15:19:11.082  8115  8115 I SpinonBootstrap: SPINON_R05_SUBMIT renderer=wgpu input_seq=15 revision=15 generation=1 event_time_ns=710359615000000 handler_uptime_ns=710359616508475 queue_present_return_uptime_ns=710359618750433 draw_accepted=true present_signal=unavailable attribution=input
10-08 15:19:11.082  8115  8115 I SpinonBootstrap: SPINON_R08_TOUCH count=15
10-08 15:19:11.243  8115  8115 I SpinonBootstrap: SPINON_R05_INPUT renderer=wgpu input_seq=16 phase=ACTION_UP timestamp_precision=nanosecond_representation input_source=unknown handler_clock_resolution=nanosecond_api event_time_ns=710359779000000 handler_uptime_ns=710359779947183 generation=1
10-08 15:19:11.245  8115  8115 I SpinonBootstrap: SPINON_R05_SUBMIT renderer=wgpu input_seq=16 revision=16 generation=1 event_time_ns=710359779000000 handler_uptime_ns=710359780120516 queue_present_return_uptime_ns=710359782370350 draw_accepted=true present_signal=unavailable attribution=input
10-08 15:19:11.245  8115  8115 I SpinonBootstrap: SPINON_R08_TOUCH count=16
10-08 15:19:11.407  8115  8115 I SpinonBootstrap: SPINON_R05_INPUT renderer=wgpu input_seq=17 phase=ACTION_UP timestamp_precision=nanosecond_representation input_source=unknown handler_clock_resolution=nanosecond_api event_time_ns=710359943000000 handler_uptime_ns=710359944294308 generation=1
10-08 15:19:11.409  8115  8115 I SpinonBootstrap: SPINON_R05_SUBMIT renderer=wgpu input_seq=17 revision=17 generation=1 event_time_ns=710359943000000 handler_uptime_ns=710359944373016 queue_present_return_uptime_ns=710359946241308 draw_accepted=true present_signal=unavailable attribution=input
10-08 15:19:11.409  8115  8115 I SpinonBootstrap: SPINON_R08_TOUCH count=17
10-08 15:19:11.570  8115  8115 I SpinonBootstrap: SPINON_R05_INPUT renderer=wgpu input_seq=18 phase=ACTION_UP timestamp_precision=nanosecond_representation input_source=unknown handler_clock_resolution=nanosecond_api event_time_ns=710360106000000 handler_uptime_ns=710360106934517 generation=1
10-08 15:19:11.571  8115  8115 I SpinonBootstrap: SPINON_R05_SUBMIT renderer=wgpu input_seq=18 revision=18 generation=1 event_time_ns=710360106000000 handler_uptime_ns=710360107017433 queue_present_return_uptime_ns=710360108732725 draw_accepted=true present_signal=unavailable attribution=input
10-08 15:19:11.572  8115  8115 I SpinonBootstrap: SPINON_R08_TOUCH count=18
10-08 15:19:11.734  8115  8115 I SpinonBootstrap: SPINON_R05_INPUT renderer=wgpu input_seq=19 phase=ACTION_UP timestamp_precision=nanosecond_representation input_source=unknown handler_clock_resolution=nanosecond_api event_time_ns=710360270000000 handler_uptime_ns=710360270988267 generation=1
10-08 15:19:11.736  8115  8115 I SpinonBootstrap: SPINON_R05_SUBMIT renderer=wgpu input_seq=19 revision=19 generation=1 event_time_ns=710360270000000 handler_uptime_ns=710360271083058 queue_present_return_uptime_ns=710360273017767 draw_accepted=true present_signal=unavailable attribution=input
10-08 15:19:11.736  8115  8115 I SpinonBootstrap: SPINON_R08_TOUCH count=19
10-08 15:19:11.896  8115  8115 I SpinonBootstrap: SPINON_R05_INPUT renderer=wgpu input_seq=20 phase=ACTION_UP timestamp_precision=nanosecond_representation input_source=unknown handler_clock_resolution=nanosecond_api event_time_ns=710360432000000 handler_uptime_ns=710360432973767 generation=1
10-08 15:19:11.898  8115  8115 I SpinonBootstrap: SPINON_R05_SUBMIT renderer=wgpu input_seq=20 revision=20 generation=1 event_time_ns=710360432000000 handler_uptime_ns=710360433048933 queue_present_return_uptime_ns=710360434942892 draw_accepted=true present_signal=unavailable attribution=input
10-08 15:19:11.898  8115  8115 I SpinonBootstrap: SPINON_R08_TOUCH count=20
10-08 15:19:12.058  8115  8115 I SpinonBootstrap: SPINON_R05_INPUT renderer=wgpu input_seq=21 phase=ACTION_UP timestamp_precision=nanosecond_representation input_source=unknown handler_clock_resolution=nanosecond_api event_time_ns=710360594000000 handler_uptime_ns=710360595148600 generation=1
10-08 15:19:12.060  8115  8115 I SpinonBootstrap: SPINON_R05_SUBMIT renderer=wgpu input_seq=21 revision=21 generation=1 event_time_ns=710360594000000 handler_uptime_ns=710360595229808 queue_present_return_uptime_ns=710360597146350 draw_accepted=true present_signal=unavailable attribution=input
10-08 15:19:12.060  8115  8115 I SpinonBootstrap: SPINON_R08_TOUCH count=21
10-08 15:19:12.220  8115  8115 I SpinonBootstrap: SPINON_R05_INPUT renderer=wgpu input_seq=22 phase=ACTION_UP timestamp_precision=nanosecond_representation input_source=unknown handler_clock_resolution=nanosecond_api event_time_ns=710360756000000 handler_uptime_ns=710360757719142 generation=1
10-08 15:19:12.223  8115  8115 I SpinonBootstrap: SPINON_R05_SUBMIT renderer=wgpu input_seq=22 revision=22 generation=1 event_time_ns=710360756000000 handler_uptime_ns=710360757824392 queue_present_return_uptime_ns=710360759754517 draw_accepted=true present_signal=unavailable attribution=input
10-08 15:19:12.223  8115  8115 I SpinonBootstrap: SPINON_R08_TOUCH count=22
10-08 15:19:12.387  8115  8115 I SpinonBootstrap: SPINON_R05_INPUT renderer=wgpu input_seq=23 phase=ACTION_UP timestamp_precision=nanosecond_representation input_source=unknown handler_clock_resolution=nanosecond_api event_time_ns=710360923000000 handler_uptime_ns=710360924193392 generation=1
10-08 15:19:12.390  8115  8115 I SpinonBootstrap: SPINON_R05_SUBMIT renderer=wgpu input_seq=23 revision=23 generation=1 event_time_ns=710360923000000 handler_uptime_ns=710360924275100 queue_present_return_uptime_ns=710360926729892 draw_accepted=true present_signal=unavailable attribution=input
10-08 15:19:12.390  8115  8115 I SpinonBootstrap: SPINON_R08_TOUCH count=23
10-08 15:19:12.551  8115  8115 I SpinonBootstrap: SPINON_R05_INPUT renderer=wgpu input_seq=24 phase=ACTION_UP timestamp_precision=nanosecond_representation input_source=unknown handler_clock_resolution=nanosecond_api event_time_ns=710361087000000 handler_uptime_ns=710361088195267 generation=1
10-08 15:19:12.553  8115  8115 I SpinonBootstrap: SPINON_R05_SUBMIT renderer=wgpu input_seq=24 revision=24 generation=1 event_time_ns=710361087000000 handler_uptime_ns=710361088276559 queue_present_return_uptime_ns=710361090607392 draw_accepted=true present_signal=unavailable attribution=input
10-08 15:19:12.554  8115  8115 I SpinonBootstrap: SPINON_R08_TOUCH count=24
10-08 15:19:12.715  8115  8115 I SpinonBootstrap: SPINON_R05_INPUT renderer=wgpu input_seq=25 phase=ACTION_UP timestamp_precision=nanosecond_representation input_source=unknown handler_clock_resolution=nanosecond_api event_time_ns=710361251000000 handler_uptime_ns=710361252367559 generation=1
10-08 15:19:12.717  8115  8115 I SpinonBootstrap: SPINON_R05_SUBMIT renderer=wgpu input_seq=25 revision=25 generation=1 event_time_ns=710361251000000 handler_uptime_ns=710361252437309 queue_present_return_uptime_ns=710361254444975 draw_accepted=true present_signal=unavailable attribution=input
10-08 15:19:12.717  8115  8115 I SpinonBootstrap: SPINON_R08_TOUCH count=25
10-08 15:19:12.878  8115  8115 I SpinonBootstrap: SPINON_R05_INPUT renderer=wgpu input_seq=26 phase=ACTION_UP timestamp_precision=nanosecond_representation input_source=unknown handler_clock_resolution=nanosecond_api event_time_ns=710361414000000 handler_uptime_ns=710361414901851 generation=1
10-08 15:19:12.880  8115  8115 I SpinonBootstrap: SPINON_R05_SUBMIT renderer=wgpu input_seq=26 revision=26 generation=1 event_time_ns=710361414000000 handler_uptime_ns=710361415015142 queue_present_return_uptime_ns=710361417093642 draw_accepted=true present_signal=unavailable attribution=input
10-08 15:19:12.880  8115  8115 I SpinonBootstrap: SPINON_R08_TOUCH count=26
10-08 15:19:13.041  8115  8115 I SpinonBootstrap: SPINON_R05_INPUT renderer=wgpu input_seq=27 phase=ACTION_UP timestamp_precision=nanosecond_representation input_source=unknown handler_clock_resolution=nanosecond_api event_time_ns=710361577000000 handler_uptime_ns=710361578647101 generation=1
10-08 15:19:13.044  8115  8115 I SpinonBootstrap: SPINON_R05_SUBMIT renderer=wgpu input_seq=27 revision=27 generation=1 event_time_ns=710361577000000 handler_uptime_ns=710361578711601 queue_present_return_uptime_ns=710361580884809 draw_accepted=true present_signal=unavailable attribution=input
10-08 15:19:13.044  8115  8115 I SpinonBootstrap: SPINON_R08_TOUCH count=27
10-08 15:19:13.217  8115  8115 I SpinonBootstrap: SPINON_R05_INPUT renderer=wgpu input_seq=28 phase=ACTION_UP timestamp_precision=nanosecond_representation input_source=unknown handler_clock_resolution=nanosecond_api event_time_ns=710361752000000 handler_uptime_ns=710361754497017 generation=1
10-08 15:19:13.219  8115  8115 I SpinonBootstrap: SPINON_R05_SUBMIT renderer=wgpu input_seq=28 revision=28 generation=1 event_time_ns=710361752000000 handler_uptime_ns=710361754654184 queue_present_return_uptime_ns=710361756627017 draw_accepted=true present_signal=unavailable attribution=input
10-08 15:19:13.220  8115  8115 I SpinonBootstrap: SPINON_R08_TOUCH count=28
