--------- beginning of main
10-08 16:24:42.194 24735 24735 I SpinonBootstrap: SPINON_R08_UI=ready text-input=EditText accessibility=button+EditText
10-08 16:24:42.263 24735 24735 I SpinonBootstrap: SPINON_R05_SURFACE renderer=opengl_es type=GLSurfaceView generation=1
10-08 16:24:42.265 24735 24735 I SpinonBootstrap: SPINON_R05_SIGNAL_CAPABILITY renderer=opengl_es signal=SurfaceView_JankData available=true reason=registered api=37 api_full=3700002
10-08 16:24:42.273 24735 24735 I SpinonBootstrap: SPINON_R05_SURFACE_SIZE renderer=opengl_es generation=1 size=1080x1920
10-08 16:24:42.315 24735 24753 I SpinonBootstrap: SPINON_R08_SURFACE=created api=OpenGL_ES_2 renderer=Android Emulator OpenGL ES Translator (ANGLE (Google, Vulkan 1.3.0 (SwiftShader Device (LLVM 10.0.0) (0x0000C0DE)), SwiftShader driver-5.0.0)) version=OpenGL ES 3.1 (OpenGL ES 3.1.0 (ANGLE 2.1.1 git hash: fbf66f49c7cc))
10-08 16:24:42.328 24735 24753 I SpinonBootstrap: SPINON_R08_SHADER=ready
10-08 16:24:42.329 24735 24753 I SpinonBootstrap: SPINON_R08_SURFACE=size 1080x1920
10-08 16:24:42.329 24735 24753 I SpinonBootstrap: SPINON_R05_DRAW renderer=opengl_es draw_seq=1 revision=0 generation=1
10-08 16:24:42.329 24735 24753 I SpinonBootstrap: SPINON_R08_FRAME=first_draw_submitted
10-08 16:24:42.346 24735 24753 I SpinonBootstrap: SPINON_R05_DRAW renderer=opengl_es draw_seq=2 revision=0 generation=1
10-08 16:24:44.100 24735 24735 I SpinonBootstrap: SPINON_R05_INPUT renderer=opengl_es input_seq=1 phase=ACTION_UP timestamp_precision=nanosecond_representation input_source=unknown event_time_ns=4438706000000 handler_uptime_ns=4438707496158 generation=1
10-08 16:24:44.101 24735 24735 I SpinonBootstrap: SPINON_R05_FRAME_TIMELINE_REQUEST renderer=opengl_es request_id=1 input_seq=1 revision=1 generation=1 state=posted
10-08 16:24:44.101 24735 24735 I SpinonBootstrap: SPINON_R08_TOUCH count=1
10-08 16:24:44.137 24735 24735 I SpinonBootstrap: SPINON_R05_FRAME_TIMELINE_TARGET renderer=opengl_es request_id=1 input_seq=1 revision=1 generation=1 vsync_id=133204 deadline_ns=4438773147606 expected_presentation_ns=4438788814272 render_mode=on_demand
10-08 16:24:44.137 24735 24735 I SpinonBootstrap: SPINON_R05_FRAME_TIMELINE_APPLY renderer=opengl_es request_id=1 input_seq=1 revision=1 generation=1 target_vsync_id=133204 transaction=queued_for_next_surface_frame
10-08 16:24:44.137 24735 24753 I SpinonBootstrap: SPINON_R05_DRAW renderer=opengl_es draw_seq=3 revision=1 generation=1
10-08 16:24:44.137 24735 24735 I SpinonBootstrap: SPINON_R05_SUBMIT renderer=opengl_es input_seq=1 revision=1 generation=1 event_time_ns=4438706000000 handler_uptime_ns=4438745397783 draw_requested=true draw_completed=false present_signal=unavailable attribution=input
10-08 16:24:44.138 24735 24735 I SpinonBootstrap: SPINON_R05_PRESENT_FLUSH renderer=opengl_es queued=true generation=1
10-08 16:24:44.138 24735 24735 I SpinonBootstrap: SPINON_R05_PRESENT_DRAIN renderer=opengl_es generation=1 queued=true delay_ms=250
10-08 16:24:44.138 24735 24787 I SpinonBootstrap: SPINON_R05_PRESENT_FLUSH requested=true renderer=opengl_es generation=1
10-08 16:24:44.139 24735 24787 I SpinonBootstrap: SPINON_R05_PRESENT_BATCH renderer=opengl_es generation=1 batch_seq=1 record_count=3 callback_os_tid=24787 callback_thread_id=56 registering_thread_os_tid=24735 queue_depth=0 rejected_callback_batches=0 rejected_flush_tasks=0 callback_uptime_ns=4438746880074 attribution=unmatched
10-08 16:24:44.139 24735 24787 I SpinonBootstrap: SPINON_R05_PRESENT renderer=opengl_es signal=SurfaceView_JankData generation=1 current_generation=1 current_surface=true batch_seq=1 record_index=0 callback_os_tid=24787 callback_thread_id=56 registering_thread_os_tid=24735 queue_depth=0 vsync_id=-1 present_time_ns=-1 present_state=unknown jank_type=0 actual_app_frame_ns=0 scheduled_app_frame_ns=0 callback_uptime_ns=4438746880074 frame_id=unavailable join_status=unmatched input_seq=-1 revision=-1 request_id=-1 target_vsync_id=-1
10-08 16:24:44.139 24735 24787 I SpinonBootstrap: SPINON_R05_PRESENT renderer=opengl_es signal=SurfaceView_JankData generation=1 current_generation=1 current_surface=true batch_seq=1 record_index=1 callback_os_tid=24787 callback_thread_id=56 registering_thread_os_tid=24735 queue_depth=0 vsync_id=-1 present_time_ns=-1 present_state=unknown jank_type=0 actual_app_frame_ns=0 scheduled_app_frame_ns=0 callback_uptime_ns=4438746880074 frame_id=unavailable join_status=unmatched input_seq=-1 revision=-1 request_id=-1 target_vsync_id=-1
10-08 16:24:44.140 24735 24787 I SpinonBootstrap: SPINON_R05_PRESENT renderer=opengl_es signal=SurfaceView_JankData generation=1 current_generation=1 current_surface=true batch_seq=1 record_index=2 callback_os_tid=24787 callback_thread_id=56 registering_thread_os_tid=24735 queue_depth=0 vsync_id=132127 present_time_ns=-1 present_state=unknown jank_type=2 actual_app_frame_ns=223615015 scheduled_app_frame_ns=16666666 callback_uptime_ns=4438746880074 frame_id=unavailable join_status=unmatched input_seq=-1 revision=-1 request_id=-1 target_vsync_id=-1
10-08 16:24:44.388 24735 24735 I SpinonBootstrap: SPINON_R05_PRESENT_FLUSH renderer=opengl_es queued=true generation=1
10-08 16:24:44.388 24735 24787 I SpinonBootstrap: SPINON_R05_PRESENT_FLUSH requested=true renderer=opengl_es generation=1
10-08 16:24:44.389 24735 24787 I SpinonBootstrap: SPINON_R05_PRESENT_BATCH renderer=opengl_es generation=1 batch_seq=2 record_count=1 callback_os_tid=24787 callback_thread_id=56 registering_thread_os_tid=24735 queue_depth=0 rejected_callback_batches=0 rejected_flush_tasks=0 callback_uptime_ns=4438996502699 attribution=unmatched
10-08 16:24:44.389 24735 24787 I SpinonBootstrap: SPINON_R05_PRESENT renderer=opengl_es signal=SurfaceView_JankData generation=1 current_generation=1 current_surface=true batch_seq=2 record_index=0 callback_os_tid=24787 callback_thread_id=56 registering_thread_os_tid=24735 queue_depth=0 vsync_id=133204 present_time_ns=-1 present_state=unknown jank_type=0 actual_app_frame_ns=50332633 scheduled_app_frame_ns=49999998 callback_uptime_ns=4438996502699 frame_id=unavailable join_status=exact_match input_seq=1 revision=1 request_id=1 target_vsync_id=133204
10-08 16:24:44.625 24735 24735 I SpinonBootstrap: SPINON_R05_INPUT renderer=opengl_es input_seq=2 phase=ACTION_UP timestamp_precision=nanosecond_representation input_source=unknown event_time_ns=4439231000000 handler_uptime_ns=4439232825116 generation=1
10-08 16:24:44.625 24735 24735 I SpinonBootstrap: SPINON_R05_FRAME_TIMELINE_REQUEST renderer=opengl_es request_id=2 input_seq=2 revision=2 generation=1 state=posted
10-08 16:24:44.625 24735 24735 I SpinonBootstrap: SPINON_R08_TOUCH count=2
10-08 16:24:44.632 24735 24735 I SpinonBootstrap: SPINON_R05_FRAME_TIMELINE_TARGET renderer=opengl_es request_id=2 input_seq=2 revision=2 generation=1 vsync_id=133211 deadline_ns=4439256480920 expected_presentation_ns=4439272147586 render_mode=on_demand
10-08 16:24:44.632 24735 24735 I SpinonBootstrap: SPINON_R05_FRAME_TIMELINE_APPLY renderer=opengl_es request_id=2 input_seq=2 revision=2 generation=1 target_vsync_id=133211 transaction=queued_for_next_surface_frame
10-08 16:24:44.632 24735 24735 I SpinonBootstrap: SPINON_R05_SUBMIT renderer=opengl_es input_seq=2 revision=2 generation=1 event_time_ns=4439231000000 handler_uptime_ns=4439240322366 draw_requested=true draw_completed=false present_signal=unavailable attribution=input
10-08 16:24:44.632 24735 24735 I SpinonBootstrap: SPINON_R05_PRESENT_FLUSH renderer=opengl_es queued=true generation=1
10-08 16:24:44.632 24735 24735 I SpinonBootstrap: SPINON_R05_PRESENT_DRAIN renderer=opengl_es generation=1 queued=true delay_ms=250
10-08 16:24:44.632 24735 24753 I SpinonBootstrap: SPINON_R05_DRAW renderer=opengl_es draw_seq=4 revision=2 generation=1
10-08 16:24:44.633 24735 24787 I SpinonBootstrap: SPINON_R05_PRESENT_FLUSH requested=true renderer=opengl_es generation=1
10-08 16:24:44.883 24735 24735 I SpinonBootstrap: SPINON_R05_PRESENT_FLUSH renderer=opengl_es queued=true generation=1
10-08 16:24:44.883 24735 24787 I SpinonBootstrap: SPINON_R05_PRESENT_FLUSH requested=true renderer=opengl_es generation=1
10-08 16:24:45.151 24735 24735 I SpinonBootstrap: SPINON_R05_INPUT renderer=opengl_es input_seq=3 phase=ACTION_UP timestamp_precision=nanosecond_representation input_source=unknown event_time_ns=4439757000000 handler_uptime_ns=4439758721991 generation=1
10-08 16:24:45.151 24735 24735 I SpinonBootstrap: SPINON_R05_FRAME_TIMELINE_REQUEST renderer=opengl_es request_id=3 input_seq=3 revision=3 generation=1 state=posted
10-08 16:24:45.151 24735 24735 I SpinonBootstrap: SPINON_R08_TOUCH count=3
10-08 16:24:45.166 24735 24735 I SpinonBootstrap: SPINON_R05_FRAME_TIMELINE_TARGET renderer=opengl_es request_id=3 input_seq=3 revision=3 generation=1 vsync_id=133219 deadline_ns=4439789814232 expected_presentation_ns=4439805480898 render_mode=on_demand
10-08 16:24:45.166 24735 24735 I SpinonBootstrap: SPINON_R05_FRAME_TIMELINE_APPLY renderer=opengl_es request_id=3 input_seq=3 revision=3 generation=1 target_vsync_id=133219 transaction=queued_for_next_surface_frame
10-08 16:24:45.166 24735 24735 I SpinonBootstrap: SPINON_R05_SUBMIT renderer=opengl_es input_seq=3 revision=3 generation=1 event_time_ns=4439757000000 handler_uptime_ns=4439773652325 draw_requested=true draw_completed=false present_signal=unavailable attribution=input
10-08 16:24:45.166 24735 24735 I SpinonBootstrap: SPINON_R05_PRESENT_FLUSH renderer=opengl_es queued=true generation=1
10-08 16:24:45.166 24735 24735 I SpinonBootstrap: SPINON_R05_PRESENT_DRAIN renderer=opengl_es generation=1 queued=true delay_ms=250
10-08 16:24:45.166 24735 24753 I SpinonBootstrap: SPINON_R05_DRAW renderer=opengl_es draw_seq=5 revision=3 generation=1
10-08 16:24:45.166 24735 24787 I SpinonBootstrap: SPINON_R05_PRESENT_FLUSH requested=true renderer=opengl_es generation=1
10-08 16:24:45.416 24735 24735 I SpinonBootstrap: SPINON_R05_PRESENT_FLUSH renderer=opengl_es queued=true generation=1
10-08 16:24:45.416 24735 24787 I SpinonBootstrap: SPINON_R05_PRESENT_FLUSH requested=true renderer=opengl_es generation=1
10-08 16:24:45.417 24735 24787 I SpinonBootstrap: SPINON_R05_PRESENT_BATCH renderer=opengl_es generation=1 batch_seq=3 record_count=2 callback_os_tid=24787 callback_thread_id=56 registering_thread_os_tid=24735 queue_depth=0 rejected_callback_batches=0 rejected_flush_tasks=0 callback_uptime_ns=4440025013867 attribution=unmatched
10-08 16:24:45.417 24735 24787 I SpinonBootstrap: SPINON_R05_PRESENT renderer=opengl_es signal=SurfaceView_JankData generation=1 current_generation=1 current_surface=true batch_seq=3 record_index=0 callback_os_tid=24787 callback_thread_id=56 registering_thread_os_tid=24735 queue_depth=0 vsync_id=133211 present_time_ns=-1 present_state=unknown jank_type=0 actual_app_frame_ns=16948946 scheduled_app_frame_ns=16666666 callback_uptime_ns=4440025013867 frame_id=unavailable join_status=exact_match input_seq=2 revision=2 request_id=2 target_vsync_id=133211
10-08 16:24:45.417 24735 24787 I SpinonBootstrap: SPINON_R05_PRESENT renderer=opengl_es signal=SurfaceView_JankData generation=1 current_generation=1 current_surface=true batch_seq=3 record_index=1 callback_os_tid=24787 callback_thread_id=56 registering_thread_os_tid=24735 queue_depth=0 vsync_id=133219 present_time_ns=-1 present_state=unknown jank_type=0 actual_app_frame_ns=17254342 scheduled_app_frame_ns=16666666 callback_uptime_ns=4440025013867 frame_id=unavailable join_status=exact_match input_seq=3 revision=3 request_id=3 target_vsync_id=133219
10-08 16:24:45.675 24735 24735 I SpinonBootstrap: SPINON_R05_INPUT renderer=opengl_es input_seq=4 phase=ACTION_UP timestamp_precision=nanosecond_representation input_source=unknown event_time_ns=4440282000000 handler_uptime_ns=4440283098950 generation=1
10-08 16:24:45.675 24735 24735 I SpinonBootstrap: SPINON_R05_FRAME_TIMELINE_REQUEST renderer=opengl_es request_id=4 input_seq=4 revision=4 generation=1 state=posted
10-08 16:24:45.675 24735 24735 I SpinonBootstrap: SPINON_R08_TOUCH count=4
10-08 16:24:45.682 24735 24735 I SpinonBootstrap: SPINON_R05_FRAME_TIMELINE_TARGET renderer=opengl_es request_id=4 input_seq=4 revision=4 generation=1 vsync_id=133227 deadline_ns=4440306480878 expected_presentation_ns=4440322147544 render_mode=on_demand
10-08 16:24:45.682 24735 24735 I SpinonBootstrap: SPINON_R05_FRAME_TIMELINE_APPLY renderer=opengl_es request_id=4 input_seq=4 revision=4 generation=1 target_vsync_id=133227 transaction=queued_for_next_surface_frame
10-08 16:24:45.682 24735 24735 I SpinonBootstrap: SPINON_R05_SUBMIT renderer=opengl_es input_seq=4 revision=4 generation=1 event_time_ns=4440282000000 handler_uptime_ns=4440290344117 draw_requested=true draw_completed=false present_signal=unavailable attribution=input
10-08 16:24:45.682 24735 24735 I SpinonBootstrap: SPINON_R05_PRESENT_FLUSH renderer=opengl_es queued=true generation=1
10-08 16:24:45.682 24735 24735 I SpinonBootstrap: SPINON_R05_PRESENT_DRAIN renderer=opengl_es generation=1 queued=true delay_ms=250
10-08 16:24:45.682 24735 24753 I SpinonBootstrap: SPINON_R05_DRAW renderer=opengl_es draw_seq=6 revision=4 generation=1
10-08 16:24:45.683 24735 24787 I SpinonBootstrap: SPINON_R05_PRESENT_FLUSH requested=true renderer=opengl_es generation=1
10-08 16:24:45.933 24735 24735 I SpinonBootstrap: SPINON_R05_PRESENT_FLUSH renderer=opengl_es queued=true generation=1
10-08 16:24:45.933 24735 24787 I SpinonBootstrap: SPINON_R05_PRESENT_FLUSH requested=true renderer=opengl_es generation=1
10-08 16:24:45.934 24735 24787 I SpinonBootstrap: SPINON_R05_PRESENT_BATCH renderer=opengl_es generation=1 batch_seq=4 record_count=1 callback_os_tid=24787 callback_thread_id=56 registering_thread_os_tid=24735 queue_depth=0 rejected_callback_batches=0 rejected_flush_tasks=0 callback_uptime_ns=4440541787534 attribution=unmatched
10-08 16:24:45.934 24735 24787 I SpinonBootstrap: SPINON_R05_PRESENT renderer=opengl_es signal=SurfaceView_JankData generation=1 current_generation=1 current_surface=true batch_seq=4 record_index=0 callback_os_tid=24787 callback_thread_id=56 registering_thread_os_tid=24735 queue_depth=0 vsync_id=133227 present_time_ns=-1 present_state=unknown jank_type=0 actual_app_frame_ns=17217571 scheduled_app_frame_ns=16666666 callback_uptime_ns=4440541787534 frame_id=unavailable join_status=exact_match input_seq=4 revision=4 request_id=4 target_vsync_id=133227
10-08 16:24:46.200 24735 24735 I SpinonBootstrap: SPINON_R05_INPUT renderer=opengl_es input_seq=5 phase=ACTION_UP timestamp_precision=nanosecond_representation input_source=unknown event_time_ns=4440807000000 handler_uptime_ns=4440808215367 generation=1
10-08 16:24:46.200 24735 24735 I SpinonBootstrap: SPINON_R05_FRAME_TIMELINE_REQUEST renderer=opengl_es request_id=5 input_seq=5 revision=5 generation=1 state=posted
10-08 16:24:46.201 24735 24735 I SpinonBootstrap: SPINON_R08_TOUCH count=5
10-08 16:24:46.216 24735 24735 I SpinonBootstrap: SPINON_R05_FRAME_TIMELINE_TARGET renderer=opengl_es request_id=5 input_seq=5 revision=5 generation=1 vsync_id=133243 deadline_ns=4440839814190 expected_presentation_ns=4440855480856 render_mode=on_demand
10-08 16:24:46.216 24735 24735 I SpinonBootstrap: SPINON_R05_FRAME_TIMELINE_APPLY renderer=opengl_es request_id=5 input_seq=5 revision=5 generation=1 target_vsync_id=133243 transaction=queued_for_next_surface_frame
10-08 16:24:46.216 24735 24735 I SpinonBootstrap: SPINON_R05_SUBMIT renderer=opengl_es input_seq=5 revision=5 generation=1 event_time_ns=4440807000000 handler_uptime_ns=4440824305367 draw_requested=true draw_completed=false present_signal=unavailable attribution=input
10-08 16:24:46.216 24735 24735 I SpinonBootstrap: SPINON_R05_PRESENT_FLUSH renderer=opengl_es queued=true generation=1
10-08 16:24:46.216 24735 24735 I SpinonBootstrap: SPINON_R05_PRESENT_DRAIN renderer=opengl_es generation=1 queued=true delay_ms=250
10-08 16:24:46.216 24735 24753 I SpinonBootstrap: SPINON_R05_DRAW renderer=opengl_es draw_seq=7 revision=5 generation=1
10-08 16:24:46.217 24735 24787 I SpinonBootstrap: SPINON_R05_PRESENT_FLUSH requested=true renderer=opengl_es generation=1
10-08 16:24:46.468 24735 24735 I SpinonBootstrap: SPINON_R05_PRESENT_FLUSH renderer=opengl_es queued=true generation=1
10-08 16:24:46.468 24735 24787 I SpinonBootstrap: SPINON_R05_PRESENT_FLUSH requested=true renderer=opengl_es generation=1
10-08 16:24:46.724 24735 24735 I SpinonBootstrap: SPINON_R05_INPUT renderer=opengl_es input_seq=6 phase=ACTION_UP timestamp_precision=nanosecond_representation input_source=unknown event_time_ns=4441331000000 handler_uptime_ns=4441331896534 generation=1
10-08 16:24:46.724 24735 24735 I SpinonBootstrap: SPINON_R05_FRAME_TIMELINE_REQUEST renderer=opengl_es request_id=6 input_seq=6 revision=6 generation=1 state=posted
10-08 16:24:46.724 24735 24735 I SpinonBootstrap: SPINON_R08_TOUCH count=6
10-08 16:24:46.732 24735 24735 I SpinonBootstrap: SPINON_R05_FRAME_TIMELINE_TARGET renderer=opengl_es request_id=6 input_seq=6 revision=6 generation=1 vsync_id=133251 deadline_ns=4441356480836 expected_presentation_ns=4441372147502 render_mode=on_demand
10-08 16:24:46.732 24735 24735 I SpinonBootstrap: SPINON_R05_FRAME_TIMELINE_APPLY renderer=opengl_es request_id=6 input_seq=6 revision=6 generation=1 target_vsync_id=133251 transaction=queued_for_next_surface_frame
10-08 16:24:46.732 24735 24735 I SpinonBootstrap: SPINON_R05_SUBMIT renderer=opengl_es input_seq=6 revision=6 generation=1 event_time_ns=4441331000000 handler_uptime_ns=4441340451367 draw_requested=true draw_completed=false present_signal=unavailable attribution=input
10-08 16:24:46.732 24735 24735 I SpinonBootstrap: SPINON_R05_PRESENT_FLUSH renderer=opengl_es queued=true generation=1
10-08 16:24:46.733 24735 24735 I SpinonBootstrap: SPINON_R05_PRESENT_DRAIN renderer=opengl_es generation=1 queued=true delay_ms=250
10-08 16:24:46.733 24735 24753 I SpinonBootstrap: SPINON_R05_DRAW renderer=opengl_es draw_seq=8 revision=6 generation=1
10-08 16:24:46.733 24735 24787 I SpinonBootstrap: SPINON_R05_PRESENT_FLUSH requested=true renderer=opengl_es generation=1
10-08 16:24:46.983 24735 24735 I SpinonBootstrap: SPINON_R05_PRESENT_FLUSH renderer=opengl_es queued=true generation=1
10-08 16:24:46.983 24735 24787 I SpinonBootstrap: SPINON_R05_PRESENT_FLUSH requested=true renderer=opengl_es generation=1
10-08 16:24:46.984 24735 24787 I SpinonBootstrap: SPINON_R05_PRESENT_BATCH renderer=opengl_es generation=1 batch_seq=5 record_count=2 callback_os_tid=24787 callback_thread_id=56 registering_thread_os_tid=24735 queue_depth=0 rejected_callback_batches=0 rejected_flush_tasks=0 callback_uptime_ns=4441591622576 attribution=unmatched
10-08 16:24:46.984 24735 24787 I SpinonBootstrap: SPINON_R05_PRESENT renderer=opengl_es signal=SurfaceView_JankData generation=1 current_generation=1 current_surface=true batch_seq=5 record_index=0 callback_os_tid=24787 callback_thread_id=56 registering_thread_os_tid=24735 queue_depth=0 vsync_id=133243 present_time_ns=-1 present_state=unknown jank_type=0 actual_app_frame_ns=17489926 scheduled_app_frame_ns=16666666 callback_uptime_ns=4441591622576 frame_id=unavailable join_status=exact_match input_seq=5 revision=5 request_id=5 target_vsync_id=133243
10-08 16:24:46.984 24735 24787 I SpinonBootstrap: SPINON_R05_PRESENT renderer=opengl_es signal=SurfaceView_JankData generation=1 current_generation=1 current_surface=true batch_seq=5 record_index=1 callback_os_tid=24787 callback_thread_id=56 registering_thread_os_tid=24735 queue_depth=0 vsync_id=133251 present_time_ns=-1 present_state=unknown jank_type=0 actual_app_frame_ns=17203364 scheduled_app_frame_ns=16666666 callback_uptime_ns=4441591622576 frame_id=unavailable join_status=exact_match input_seq=6 revision=6 request_id=6 target_vsync_id=133251
10-08 16:24:47.249 24735 24735 I SpinonBootstrap: SPINON_R05_INPUT renderer=opengl_es input_seq=7 phase=ACTION_UP timestamp_precision=nanosecond_representation input_source=unknown event_time_ns=4441856000000 handler_uptime_ns=4441857350326 generation=1
10-08 16:24:47.250 24735 24735 I SpinonBootstrap: SPINON_R05_FRAME_TIMELINE_REQUEST renderer=opengl_es request_id=7 input_seq=7 revision=7 generation=1 state=posted
10-08 16:24:47.250 24735 24735 I SpinonBootstrap: SPINON_R08_TOUCH count=7
10-08 16:24:47.267 24735 24735 I SpinonBootstrap: SPINON_R05_FRAME_TIMELINE_TARGET renderer=opengl_es request_id=7 input_seq=7 revision=7 generation=1 vsync_id=133259 deadline_ns=4441889814148 expected_presentation_ns=4441905480814 render_mode=on_demand
10-08 16:24:47.267 24735 24735 I SpinonBootstrap: SPINON_R05_FRAME_TIMELINE_APPLY renderer=opengl_es request_id=7 input_seq=7 revision=7 generation=1 target_vsync_id=133259 transaction=queued_for_next_surface_frame
10-08 16:24:47.267 24735 24735 I SpinonBootstrap: SPINON_R05_SUBMIT renderer=opengl_es input_seq=7 revision=7 generation=1 event_time_ns=4441856000000 handler_uptime_ns=4441874738034 draw_requested=true draw_completed=false present_signal=unavailable attribution=input
10-08 16:24:47.267 24735 24735 I SpinonBootstrap: SPINON_R05_PRESENT_FLUSH renderer=opengl_es queued=true generation=1
10-08 16:24:47.267 24735 24753 I SpinonBootstrap: SPINON_R05_DRAW renderer=opengl_es draw_seq=9 revision=7 generation=1
10-08 16:24:47.267 24735 24735 I SpinonBootstrap: SPINON_R05_PRESENT_DRAIN renderer=opengl_es generation=1 queued=true delay_ms=250
10-08 16:24:47.267 24735 24787 I SpinonBootstrap: SPINON_R05_PRESENT_FLUSH requested=true renderer=opengl_es generation=1
10-08 16:24:47.517 24735 24735 I SpinonBootstrap: SPINON_R05_PRESENT_FLUSH renderer=opengl_es queued=true generation=1
10-08 16:24:47.517 24735 24787 I SpinonBootstrap: SPINON_R05_PRESENT_FLUSH requested=true renderer=opengl_es generation=1
10-08 16:24:47.517 24735 24787 I SpinonBootstrap: SPINON_R05_PRESENT_BATCH renderer=opengl_es generation=1 batch_seq=6 record_count=1 callback_os_tid=24787 callback_thread_id=56 registering_thread_os_tid=24735 queue_depth=0 rejected_callback_batches=0 rejected_flush_tasks=0 callback_uptime_ns=4442124933784 attribution=unmatched
10-08 16:24:47.517 24735 24787 I SpinonBootstrap: SPINON_R05_PRESENT renderer=opengl_es signal=SurfaceView_JankData generation=1 current_generation=1 current_surface=true batch_seq=6 record_index=0 callback_os_tid=24787 callback_thread_id=56 registering_thread_os_tid=24735 queue_depth=0 vsync_id=133259 present_time_ns=-1 present_state=unknown jank_type=0 actual_app_frame_ns=16997677 scheduled_app_frame_ns=16666666 callback_uptime_ns=4442124933784 frame_id=unavailable join_status=exact_match input_seq=7 revision=7 request_id=7 target_vsync_id=133259
10-08 16:24:47.777 24735 24735 I SpinonBootstrap: SPINON_R05_INPUT renderer=opengl_es input_seq=8 phase=ACTION_UP timestamp_precision=nanosecond_representation input_source=unknown event_time_ns=4442383000000 handler_uptime_ns=4442384517826 generation=1
10-08 16:24:47.777 24735 24735 I SpinonBootstrap: SPINON_R05_FRAME_TIMELINE_REQUEST renderer=opengl_es request_id=8 input_seq=8 revision=8 generation=1 state=posted
10-08 16:24:47.777 24735 24735 I SpinonBootstrap: SPINON_R08_TOUCH count=8
10-08 16:24:47.782 24735 24735 I SpinonBootstrap: SPINON_R05_FRAME_TIMELINE_TARGET renderer=opengl_es request_id=8 input_seq=8 revision=8 generation=1 vsync_id=133267 deadline_ns=4442406480794 expected_presentation_ns=4442422147460 render_mode=on_demand
10-08 16:24:47.783 24735 24735 I SpinonBootstrap: SPINON_R05_FRAME_TIMELINE_APPLY renderer=opengl_es request_id=8 input_seq=8 revision=8 generation=1 target_vsync_id=133267 transaction=queued_for_next_surface_frame
10-08 16:24:47.783 24735 24735 I SpinonBootstrap: SPINON_R05_SUBMIT renderer=opengl_es input_seq=8 revision=8 generation=1 event_time_ns=4442383000000 handler_uptime_ns=4442390525576 draw_requested=true draw_completed=false present_signal=unavailable attribution=input
10-08 16:24:47.783 24735 24735 I SpinonBootstrap: SPINON_R05_PRESENT_FLUSH renderer=opengl_es queued=true generation=1
10-08 16:24:47.783 24735 24735 I SpinonBootstrap: SPINON_R05_PRESENT_DRAIN renderer=opengl_es generation=1 queued=true delay_ms=250
10-08 16:24:47.783 24735 24753 I SpinonBootstrap: SPINON_R05_DRAW renderer=opengl_es draw_seq=10 revision=8 generation=1
10-08 16:24:47.783 24735 24787 I SpinonBootstrap: SPINON_R05_PRESENT_FLUSH requested=true renderer=opengl_es generation=1
10-08 16:24:48.033 24735 24735 I SpinonBootstrap: SPINON_R05_PRESENT_FLUSH renderer=opengl_es queued=true generation=1
10-08 16:24:48.033 24735 24787 I SpinonBootstrap: SPINON_R05_PRESENT_FLUSH requested=true renderer=opengl_es generation=1
10-08 16:24:48.303 24735 24735 I SpinonBootstrap: SPINON_R05_INPUT renderer=opengl_es input_seq=9 phase=ACTION_UP timestamp_precision=nanosecond_representation input_source=unknown event_time_ns=4442909000000 handler_uptime_ns=4442910538743 generation=1
10-08 16:24:48.303 24735 24735 I SpinonBootstrap: SPINON_R05_FRAME_TIMELINE_REQUEST renderer=opengl_es request_id=9 input_seq=9 revision=9 generation=1 state=posted
10-08 16:24:48.303 24735 24735 I SpinonBootstrap: SPINON_R08_TOUCH count=9
10-08 16:24:48.317 24735 24735 I SpinonBootstrap: SPINON_R05_FRAME_TIMELINE_TARGET renderer=opengl_es request_id=9 input_seq=9 revision=9 generation=1 vsync_id=133275 deadline_ns=4442939814106 expected_presentation_ns=4442955480772 render_mode=on_demand
10-08 16:24:48.317 24735 24735 I SpinonBootstrap: SPINON_R05_FRAME_TIMELINE_APPLY renderer=opengl_es request_id=9 input_seq=9 revision=9 generation=1 target_vsync_id=133275 transaction=queued_for_next_surface_frame
10-08 16:24:48.317 24735 24735 I SpinonBootstrap: SPINON_R05_SUBMIT renderer=opengl_es input_seq=9 revision=9 generation=1 event_time_ns=4442909000000 handler_uptime_ns=4442924596618 draw_requested=true draw_completed=false present_signal=unavailable attribution=input
10-08 16:24:48.317 24735 24735 I SpinonBootstrap: SPINON_R05_PRESENT_FLUSH renderer=opengl_es queued=true generation=1
10-08 16:24:48.317 24735 24735 I SpinonBootstrap: SPINON_R05_PRESENT_DRAIN renderer=opengl_es generation=1 queued=true delay_ms=250
10-08 16:24:48.317 24735 24787 I SpinonBootstrap: SPINON_R05_PRESENT_FLUSH requested=true renderer=opengl_es generation=1
10-08 16:24:48.317 24735 24753 I SpinonBootstrap: SPINON_R05_DRAW renderer=opengl_es draw_seq=11 revision=9 generation=1
10-08 16:24:48.568 24735 24787 I SpinonBootstrap: SPINON_R05_PRESENT_FLUSH requested=true renderer=opengl_es generation=1
10-08 16:24:48.568 24735 24735 I SpinonBootstrap: SPINON_R05_PRESENT_FLUSH renderer=opengl_es queued=true generation=1
10-08 16:24:48.568 24735 24787 I SpinonBootstrap: SPINON_R05_PRESENT_BATCH renderer=opengl_es generation=1 batch_seq=7 record_count=1 callback_os_tid=24787 callback_thread_id=56 registering_thread_os_tid=24735 queue_depth=0 rejected_callback_batches=0 rejected_flush_tasks=0 callback_uptime_ns=4443176143368 attribution=unmatched
10-08 16:24:48.568 24735 24787 I SpinonBootstrap: SPINON_R05_PRESENT renderer=opengl_es signal=SurfaceView_JankData generation=1 current_generation=1 current_surface=true batch_seq=7 record_index=0 callback_os_tid=24787 callback_thread_id=56 registering_thread_os_tid=24735 queue_depth=0 vsync_id=133267 present_time_ns=-1 present_state=unknown jank_type=0 actual_app_frame_ns=16964323 scheduled_app_frame_ns=16666666 callback_uptime_ns=4443176143368 frame_id=unavailable join_status=exact_match input_seq=8 revision=8 request_id=8 target_vsync_id=133267
10-08 16:24:48.826 24735 24735 I SpinonBootstrap: SPINON_R05_INPUT renderer=opengl_es input_seq=10 phase=ACTION_UP timestamp_precision=nanosecond_representation input_source=unknown event_time_ns=4443433000000 handler_uptime_ns=4443433999118 generation=1
10-08 16:24:48.826 24735 24735 I SpinonBootstrap: SPINON_R05_FRAME_TIMELINE_REQUEST renderer=opengl_es request_id=10 input_seq=10 revision=10 generation=1 state=posted
10-08 16:24:48.827 24735 24735 I SpinonBootstrap: SPINON_R08_TOUCH count=10
10-08 16:24:48.832 24735 24735 I SpinonBootstrap: SPINON_R05_FRAME_TIMELINE_TARGET renderer=opengl_es request_id=10 input_seq=10 revision=10 generation=1 vsync_id=133283 deadline_ns=4443456480752 expected_presentation_ns=4443472147418 render_mode=on_demand
10-08 16:24:48.832 24735 24735 I SpinonBootstrap: SPINON_R05_FRAME_TIMELINE_APPLY renderer=opengl_es request_id=10 input_seq=10 revision=10 generation=1 target_vsync_id=133283 transaction=queued_for_next_surface_frame
10-08 16:24:48.832 24735 24735 I SpinonBootstrap: SPINON_R05_SUBMIT renderer=opengl_es input_seq=10 revision=10 generation=1 event_time_ns=4443433000000 handler_uptime_ns=4443440309910 draw_requested=true draw_completed=false present_signal=unavailable attribution=input
10-08 16:24:48.832 24735 24735 I SpinonBootstrap: SPINON_R05_PRESENT_FLUSH renderer=opengl_es queued=true generation=1
10-08 16:24:48.832 24735 24735 I SpinonBootstrap: SPINON_R05_PRESENT_DRAIN renderer=opengl_es generation=1 queued=true delay_ms=250
10-08 16:24:48.832 24735 24753 I SpinonBootstrap: SPINON_R05_DRAW renderer=opengl_es draw_seq=12 revision=10 generation=1
10-08 16:24:48.833 24735 24787 I SpinonBootstrap: SPINON_R05_PRESENT_FLUSH requested=true renderer=opengl_es generation=1
10-08 16:24:49.083 24735 24735 I SpinonBootstrap: SPINON_R05_PRESENT_FLUSH renderer=opengl_es queued=true generation=1
10-08 16:24:49.083 24735 24787 I SpinonBootstrap: SPINON_R05_PRESENT_FLUSH requested=true renderer=opengl_es generation=1
10-08 16:24:49.083 24735 24787 I SpinonBootstrap: SPINON_R05_PRESENT_BATCH renderer=opengl_es generation=1 batch_seq=8 record_count=2 callback_os_tid=24787 callback_thread_id=56 registering_thread_os_tid=24735 queue_depth=0 rejected_callback_batches=0 rejected_flush_tasks=0 callback_uptime_ns=4443691306952 attribution=unmatched
10-08 16:24:49.083 24735 24787 I SpinonBootstrap: SPINON_R05_PRESENT renderer=opengl_es signal=SurfaceView_JankData generation=1 current_generation=1 current_surface=true batch_seq=8 record_index=0 callback_os_tid=24787 callback_thread_id=56 registering_thread_os_tid=24735 queue_depth=0 vsync_id=133275 present_time_ns=-1 present_state=unknown jank_type=0 actual_app_frame_ns=16910178 scheduled_app_frame_ns=16666666 callback_uptime_ns=4443691306952 frame_id=unavailable join_status=exact_match input_seq=9 revision=9 request_id=9 target_vsync_id=133275
10-08 16:24:49.083 24735 24787 I SpinonBootstrap: SPINON_R05_PRESENT renderer=opengl_es signal=SurfaceView_JankData generation=1 current_generation=1 current_surface=true batch_seq=8 record_index=1 callback_os_tid=24787 callback_thread_id=56 registering_thread_os_tid=24735 queue_depth=0 vsync_id=133283 present_time_ns=-1 present_state=unknown jank_type=0 actual_app_frame_ns=17001407 scheduled_app_frame_ns=16666666 callback_uptime_ns=4443691306952 frame_id=unavailable join_status=exact_match input_seq=10 revision=10 request_id=10 target_vsync_id=133283
10-08 16:24:49.351 24735 24735 I SpinonBootstrap: SPINON_R05_INPUT renderer=opengl_es input_seq=11 phase=ACTION_UP timestamp_precision=nanosecond_representation input_source=unknown event_time_ns=4443958000000 handler_uptime_ns=4443958981618 generation=1
10-08 16:24:49.351 24735 24735 I SpinonBootstrap: SPINON_R05_FRAME_TIMELINE_REQUEST renderer=opengl_es request_id=11 input_seq=11 revision=11 generation=1 state=posted
10-08 16:24:49.352 24735 24735 I SpinonBootstrap: SPINON_R08_TOUCH count=11
10-08 16:24:49.366 24735 24735 I SpinonBootstrap: SPINON_R05_FRAME_TIMELINE_TARGET renderer=opengl_es request_id=11 input_seq=11 revision=11 generation=1 vsync_id=133291 deadline_ns=4443989814064 expected_presentation_ns=4444005480730 render_mode=on_demand
10-08 16:24:49.366 24735 24735 I SpinonBootstrap: SPINON_R05_FRAME_TIMELINE_APPLY renderer=opengl_es request_id=11 input_seq=11 revision=11 generation=1 target_vsync_id=133291 transaction=queued_for_next_surface_frame
10-08 16:24:49.366 24735 24735 I SpinonBootstrap: SPINON_R05_SUBMIT renderer=opengl_es input_seq=11 revision=11 generation=1 event_time_ns=4443958000000 handler_uptime_ns=4443973610119 draw_requested=true draw_completed=false present_signal=unavailable attribution=input
10-08 16:24:49.366 24735 24735 I SpinonBootstrap: SPINON_R05_PRESENT_FLUSH renderer=opengl_es queued=true generation=1
10-08 16:24:49.366 24735 24735 I SpinonBootstrap: SPINON_R05_PRESENT_DRAIN renderer=opengl_es generation=1 queued=true delay_ms=250
10-08 16:24:49.366 24735 24753 I SpinonBootstrap: SPINON_R05_DRAW renderer=opengl_es draw_seq=13 revision=11 generation=1
10-08 16:24:49.366 24735 24787 I SpinonBootstrap: SPINON_R05_PRESENT_FLUSH requested=true renderer=opengl_es generation=1
10-08 16:24:49.616 24735 24735 I SpinonBootstrap: SPINON_R05_PRESENT_FLUSH renderer=opengl_es queued=true generation=1
10-08 16:24:49.616 24735 24787 I SpinonBootstrap: SPINON_R05_PRESENT_FLUSH requested=true renderer=opengl_es generation=1
