PID=12708
Starting: Intent { cmp=dev.spinon.bootstrap/.MainActivity (has extras) }

--------- beginning of main
10-08 16:05:56.554 12708 12708 I SpinonBootstrap: SPINON_R08_UI=ready text-input=EditText accessibility=button+EditText
10-08 16:05:56.630 12708 12708 I SpinonBootstrap: SPINON_R05_SURFACE renderer=opengl_es type=GLSurfaceView generation=1
10-08 16:05:56.630 12708 12708 I SpinonBootstrap: SPINON_R05_SIGNAL_CAPABILITY renderer=opengl_es signal=SurfaceView_JankData available=true reason=registered api=37 api_full=3700002
10-08 16:05:56.630 12708 12708 I SpinonBootstrap: SPINON_R05_SURFACE_SIZE renderer=opengl_es generation=1 size=1080x1920
10-08 16:05:56.648 12708 12726 I SpinonBootstrap: SPINON_R08_SURFACE=created api=OpenGL_ES_2 renderer=Android Emulator OpenGL ES Translator (ANGLE (Google, Vulkan 1.3.0 (SwiftShader Device (LLVM 10.0.0) (0x0000C0DE)), SwiftShader driver-5.0.0)) version=OpenGL ES 3.1 (OpenGL ES 3.1.0 (ANGLE 2.1.1 git hash: fbf66f49c7cc))
10-08 16:05:56.663 12708 12726 I SpinonBootstrap: SPINON_R08_SHADER=ready
10-08 16:05:56.663 12708 12726 I SpinonBootstrap: SPINON_R08_SURFACE=size 1080x1920
10-08 16:05:56.664 12708 12726 I SpinonBootstrap: SPINON_R05_DRAW renderer=opengl_es draw_seq=1 revision=0 generation=1
10-08 16:05:56.664 12708 12726 I SpinonBootstrap: SPINON_R08_FRAME=first_draw_submitted
10-08 16:05:56.683 12708 12726 I SpinonBootstrap: SPINON_R05_DRAW renderer=opengl_es draw_seq=2 revision=0 generation=1
10-08 16:06:00.385 12708 12708 I SpinonBootstrap: SPINON_R05_INPUT renderer=opengl_es input_seq=1 phase=ACTION_UP timestamp_precision=nanosecond_representation input_source=unknown event_time_ns=3314991000000 handler_uptime_ns=3314992830788 generation=1
10-08 16:06:00.386 12708 12708 I SpinonBootstrap: SPINON_R05_SUBMIT renderer=opengl_es input_seq=1 revision=1 generation=1 event_time_ns=3314991000000 handler_uptime_ns=3314993577455 draw_requested=true draw_completed=false present_signal=unavailable attribution=input
10-08 16:06:00.386 12708 12708 I SpinonBootstrap: SPINON_R05_PRESENT_FLUSH renderer=opengl_es queued=true generation=1
10-08 16:06:00.386 12708 12837 I SpinonBootstrap: SPINON_R05_PRESENT_FLUSH requested=true renderer=opengl_es generation=1
10-08 16:06:00.386 12708 12726 I SpinonBootstrap: SPINON_R05_DRAW renderer=opengl_es draw_seq=3 revision=1 generation=1
10-08 16:06:00.387 12708 12837 I SpinonBootstrap: SPINON_R05_PRESENT_BATCH renderer=opengl_es generation=1 batch_seq=1 record_count=3 callback_os_tid=12837 callback_thread_id=56 registering_thread_os_tid=12708 queue_depth=0 rejected_callback_batches=0 rejected_flush_tasks=0 callback_uptime_ns=3314994620497 attribution=unmatched
10-08 16:06:00.387 12708 12837 I SpinonBootstrap: SPINON_R05_PRESENT renderer=opengl_es signal=SurfaceView_JankData generation=1 current_generation=1 current_surface=true batch_seq=1 record_index=0 callback_os_tid=12837 callback_thread_id=56 registering_thread_os_tid=12708 queue_depth=0 vsync_id=-1 present_time_ns=-1 present_state=unknown jank_type=0 actual_app_frame_ns=0 scheduled_app_frame_ns=0 callback_uptime_ns=3314994620497 frame_id=unmatched revision=unmatched attribution=unmatched
10-08 16:06:00.387 12708 12837 I SpinonBootstrap: SPINON_R05_PRESENT renderer=opengl_es signal=SurfaceView_JankData generation=1 current_generation=1 current_surface=true batch_seq=1 record_index=1 callback_os_tid=12837 callback_thread_id=56 registering_thread_os_tid=12708 queue_depth=0 vsync_id=-1 present_time_ns=-1 present_state=unknown jank_type=0 actual_app_frame_ns=0 scheduled_app_frame_ns=0 callback_uptime_ns=3314994620497 frame_id=unmatched revision=unmatched attribution=unmatched
10-08 16:06:00.387 12708 12837 I SpinonBootstrap: SPINON_R05_PRESENT renderer=opengl_es signal=SurfaceView_JankData generation=1 current_generation=1 current_surface=true batch_seq=1 record_index=2 callback_os_tid=12837 callback_thread_id=56 registering_thread_os_tid=12708 queue_depth=0 vsync_id=104110 present_time_ns=-1 present_state=unknown jank_type=2 actual_app_frame_ns=129125161 scheduled_app_frame_ns=16666666 callback_uptime_ns=3314994620497 frame_id=unmatched revision=unmatched attribution=unmatched
10-08 16:06:00.387 12708 12708 I SpinonBootstrap: SPINON_R08_TOUCH count=1
