--------- beginning of main
10-08 16:23:56.422 24005 24005 I SpinonBootstrap: SPINON_R08_UI=ready text-input=EditText accessibility=button+EditText
10-08 16:23:56.531 24005 24005 I SpinonBootstrap: SPINON_R05_SURFACE renderer=wgpu type=SurfaceView generation=1
10-08 16:23:56.532 24005 24005 I SpinonBootstrap: SPINON_R05_SIGNAL_CAPABILITY renderer=wgpu signal=SurfaceView_JankData available=true reason=registered api=37 api_full=3700002
10-08 16:23:56.658 24005 24005 I SpinonBootstrap: SPINON_R08_WGPU=ready backend=Vulkan device=VirtualGpu name=Goldfish GFXStream (llvmpipe (LLVM 21.1.4, 128 bits)) google_display_timing_supported=false format=Rgba8Unorm color_space=Auto supported_formats=[Rgba8UnormSrgb, Rgba8Unorm, Rgba16Float, Rgb10a2Unorm]
10-08 16:23:56.658 24005 24005 I SpinonBootstrap: SPINON_R08_WGPU_SURFACE=size 1080x1920
10-08 16:23:58.234 24005 24005 I SpinonBootstrap: SPINON_R05_INPUT renderer=wgpu input_seq=1 phase=ACTION_UP timestamp_precision=nanosecond_representation input_source=unknown handler_clock_resolution=nanosecond_api event_time_ns=4392840000000 handler_uptime_ns=4392841973886 generation=1
10-08 16:23:58.235 24005 24005 I SpinonBootstrap: SPINON_R05_FRAME_TIMELINE_REQUEST renderer=wgpu request_id=1 input_seq=1 revision=1 generation=1 state=posted
10-08 16:23:58.237 24005 24005 I SpinonBootstrap: SPINON_R08_TOUCH count=1
10-08 16:23:58.272 24005 24005 I SpinonBootstrap: SPINON_R05_FRAME_TIMELINE_TARGET renderer=wgpu request_id=1 input_seq=1 revision=1 generation=1 vsync_id=127627 deadline_ns=4392906482774 expected_presentation_ns=4392922149440 render_mode=on_demand
10-08 16:23:58.272 24005 24005 I SpinonBootstrap: SPINON_R05_FRAME_TIMELINE_APPLY renderer=wgpu request_id=1 input_seq=1 revision=1 generation=1 target_vsync_id=127627 transaction=queued_for_next_surface_frame
10-08 16:23:58.281 24005 24005 I SpinonBootstrap: SPINON_R05_SUBMIT renderer=wgpu input_seq=1 revision=1 generation=1 event_time_ns=4392840000000 handler_uptime_ns=4392879801094 queue_present_return_uptime_ns=4392889156886 draw_accepted=true present_signal=unavailable attribution=input
10-08 16:23:58.282 24005 24005 I SpinonBootstrap: SPINON_R05_PRESENT_FLUSH renderer=wgpu queued=true generation=1
10-08 16:23:58.282 24005 24005 I SpinonBootstrap: SPINON_R05_PRESENT_DRAIN renderer=wgpu generation=1 queued=true delay_ms=250
10-08 16:23:58.282 24005 24043 I SpinonBootstrap: SPINON_R05_PRESENT_FLUSH requested=true renderer=wgpu generation=1
10-08 16:23:58.282 24005 24043 I SpinonBootstrap: SPINON_R05_PRESENT_BATCH renderer=wgpu generation=1 batch_seq=1 record_count=2 callback_os_tid=24043 callback_thread_id=56 registering_thread_os_tid=24005 queue_depth=0 rejected_callback_batches=0 rejected_flush_tasks=0 callback_uptime_ns=4392890291469 attribution=unmatched
10-08 16:23:58.282 24005 24043 I SpinonBootstrap: SPINON_R05_PRESENT renderer=wgpu signal=SurfaceView_JankData generation=1 current_generation=1 current_surface=true batch_seq=1 record_index=0 callback_os_tid=24043 callback_thread_id=56 registering_thread_os_tid=24005 queue_depth=0 vsync_id=-1 present_time_ns=-1 present_state=unknown jank_type=0 actual_app_frame_ns=0 scheduled_app_frame_ns=0 callback_uptime_ns=4392890291469 frame_id=unavailable join_status=unmatched input_seq=-1 revision=-1 request_id=-1 target_vsync_id=-1
10-08 16:23:58.282 24005 24043 I SpinonBootstrap: SPINON_R05_PRESENT renderer=wgpu signal=SurfaceView_JankData generation=1 current_generation=1 current_surface=true batch_seq=1 record_index=1 callback_os_tid=24043 callback_thread_id=56 registering_thread_os_tid=24005 queue_depth=0 vsync_id=126643 present_time_ns=-1 present_state=unknown jank_type=2 actual_app_frame_ns=213157288 scheduled_app_frame_ns=16666666 callback_uptime_ns=4392890291469 frame_id=unavailable join_status=unmatched input_seq=-1 revision=-1 request_id=-1 target_vsync_id=-1
10-08 16:23:58.532 24005 24005 I SpinonBootstrap: SPINON_R05_PRESENT_FLUSH renderer=wgpu queued=true generation=1
10-08 16:23:58.533 24005 24043 I SpinonBootstrap: SPINON_R05_PRESENT_FLUSH requested=true renderer=wgpu generation=1
10-08 16:23:58.760 24005 24005 I SpinonBootstrap: SPINON_R05_INPUT renderer=wgpu input_seq=2 phase=ACTION_UP timestamp_precision=nanosecond_representation input_source=unknown handler_clock_resolution=nanosecond_api event_time_ns=4393367000000 handler_uptime_ns=4393367928886 generation=1
10-08 16:23:58.760 24005 24005 I SpinonBootstrap: SPINON_R05_FRAME_TIMELINE_REQUEST renderer=wgpu request_id=2 input_seq=2 revision=2 generation=1 state=posted
10-08 16:23:58.760 24005 24005 I SpinonBootstrap: SPINON_R08_TOUCH count=2
10-08 16:23:58.766 24005 24005 I SpinonBootstrap: SPINON_R05_FRAME_TIMELINE_TARGET renderer=wgpu request_id=2 input_seq=2 revision=2 generation=1 vsync_id=127634 deadline_ns=4393389816088 expected_presentation_ns=4393405482754 render_mode=on_demand
10-08 16:23:58.766 24005 24005 I SpinonBootstrap: SPINON_R05_FRAME_TIMELINE_APPLY renderer=wgpu request_id=2 input_seq=2 revision=2 generation=1 target_vsync_id=127634 transaction=queued_for_next_surface_frame
10-08 16:23:58.775 24005 24005 I SpinonBootstrap: SPINON_R05_SUBMIT renderer=wgpu input_seq=2 revision=2 generation=1 event_time_ns=4393367000000 handler_uptime_ns=4393373680886 queue_present_return_uptime_ns=4393383360594 draw_accepted=true present_signal=unavailable attribution=input
10-08 16:23:58.775 24005 24005 I SpinonBootstrap: SPINON_R05_PRESENT_FLUSH renderer=wgpu queued=true generation=1
10-08 16:23:58.776 24005 24043 I SpinonBootstrap: SPINON_R05_PRESENT_FLUSH requested=true renderer=wgpu generation=1
10-08 16:23:58.776 24005 24005 I SpinonBootstrap: SPINON_R05_PRESENT_DRAIN renderer=wgpu generation=1 queued=true delay_ms=250
10-08 16:23:59.025 24005 24005 I SpinonBootstrap: SPINON_R05_PRESENT_FLUSH renderer=wgpu queued=true generation=1
10-08 16:23:59.026 24005 24043 I SpinonBootstrap: SPINON_R05_PRESENT_FLUSH requested=true renderer=wgpu generation=1
10-08 16:23:59.026 24005 24043 I SpinonBootstrap: SPINON_R05_PRESENT_BATCH renderer=wgpu generation=1 batch_seq=2 record_count=2 callback_os_tid=24043 callback_thread_id=56 registering_thread_os_tid=24005 queue_depth=0 rejected_callback_batches=0 rejected_flush_tasks=0 callback_uptime_ns=4393633963219 attribution=unmatched
10-08 16:23:59.026 24005 24043 I SpinonBootstrap: SPINON_R05_PRESENT renderer=wgpu signal=SurfaceView_JankData generation=1 current_generation=1 current_surface=true batch_seq=2 record_index=0 callback_os_tid=24043 callback_thread_id=56 registering_thread_os_tid=24005 queue_depth=0 vsync_id=127627 present_time_ns=-1 present_state=unknown jank_type=0 actual_app_frame_ns=50376485 scheduled_app_frame_ns=49999998 callback_uptime_ns=4393633963219 frame_id=unavailable join_status=exact_match input_seq=1 revision=1 request_id=1 target_vsync_id=127627
10-08 16:23:59.026 24005 24043 I SpinonBootstrap: SPINON_R05_PRESENT renderer=wgpu signal=SurfaceView_JankData generation=1 current_generation=1 current_surface=true batch_seq=2 record_index=1 callback_os_tid=24043 callback_thread_id=56 registering_thread_os_tid=24005 queue_depth=0 vsync_id=127634 present_time_ns=-1 present_state=unknown jank_type=0 actual_app_frame_ns=17180922 scheduled_app_frame_ns=16666666 callback_uptime_ns=4393633963219 frame_id=unavailable join_status=exact_match input_seq=2 revision=2 request_id=2 target_vsync_id=127634
10-08 16:23:59.286 24005 24005 I SpinonBootstrap: SPINON_R05_INPUT renderer=wgpu input_seq=3 phase=ACTION_UP timestamp_precision=nanosecond_representation input_source=unknown handler_clock_resolution=nanosecond_api event_time_ns=4393892000000 handler_uptime_ns=4393893831970 generation=1
10-08 16:23:59.286 24005 24005 I SpinonBootstrap: SPINON_R05_FRAME_TIMELINE_REQUEST renderer=wgpu request_id=3 input_seq=3 revision=3 generation=1 state=posted
10-08 16:23:59.286 24005 24005 I SpinonBootstrap: SPINON_R08_TOUCH count=3
10-08 16:23:59.299 24005 24005 I SpinonBootstrap: SPINON_R05_FRAME_TIMELINE_TARGET renderer=wgpu request_id=3 input_seq=3 revision=3 generation=1 vsync_id=127642 deadline_ns=4393923149400 expected_presentation_ns=4393938816066 render_mode=on_demand
10-08 16:23:59.299 24005 24005 I SpinonBootstrap: SPINON_R05_FRAME_TIMELINE_APPLY renderer=wgpu request_id=3 input_seq=3 revision=3 generation=1 target_vsync_id=127642 transaction=queued_for_next_surface_frame
10-08 16:23:59.301 24005 24005 I SpinonBootstrap: SPINON_R05_SUBMIT renderer=wgpu input_seq=3 revision=3 generation=1 event_time_ns=4393892000000 handler_uptime_ns=4393907332053 queue_present_return_uptime_ns=4393909218011 draw_accepted=true present_signal=unavailable attribution=input
10-08 16:23:59.301 24005 24043 I SpinonBootstrap: SPINON_R05_PRESENT_FLUSH requested=true renderer=wgpu generation=1
10-08 16:23:59.302 24005 24005 I SpinonBootstrap: SPINON_R05_PRESENT_FLUSH renderer=wgpu queued=true generation=1
10-08 16:23:59.302 24005 24005 I SpinonBootstrap: SPINON_R05_PRESENT_DRAIN renderer=wgpu generation=1 queued=true delay_ms=250
10-08 16:23:59.552 24005 24005 I SpinonBootstrap: SPINON_R05_PRESENT_FLUSH renderer=wgpu queued=true generation=1
10-08 16:23:59.552 24005 24043 I SpinonBootstrap: SPINON_R05_PRESENT_FLUSH requested=true renderer=wgpu generation=1
10-08 16:23:59.552 24005 24043 I SpinonBootstrap: SPINON_R05_PRESENT_BATCH renderer=wgpu generation=1 batch_seq=3 record_count=1 callback_os_tid=24043 callback_thread_id=56 registering_thread_os_tid=24005 queue_depth=0 rejected_callback_batches=0 rejected_flush_tasks=0 callback_uptime_ns=4394160342595 attribution=unmatched
10-08 16:23:59.552 24005 24043 I SpinonBootstrap: SPINON_R05_PRESENT renderer=wgpu signal=SurfaceView_JankData generation=1 current_generation=1 current_surface=true batch_seq=3 record_index=0 callback_os_tid=24043 callback_thread_id=56 registering_thread_os_tid=24005 queue_depth=0 vsync_id=127642 present_time_ns=-1 present_state=unknown jank_type=0 actual_app_frame_ns=17384319 scheduled_app_frame_ns=16666666 callback_uptime_ns=4394160342595 frame_id=unavailable join_status=exact_match input_seq=3 revision=3 request_id=3 target_vsync_id=127642
10-08 16:23:59.815 24005 24005 I SpinonBootstrap: SPINON_R05_INPUT renderer=wgpu input_seq=4 phase=ACTION_UP timestamp_precision=nanosecond_representation input_source=unknown handler_clock_resolution=nanosecond_api event_time_ns=4394421000000 handler_uptime_ns=4394422669053 generation=1
10-08 16:23:59.815 24005 24005 I SpinonBootstrap: SPINON_R05_FRAME_TIMELINE_REQUEST renderer=wgpu request_id=4 input_seq=4 revision=4 generation=1 state=posted
10-08 16:23:59.815 24005 24005 I SpinonBootstrap: SPINON_R08_TOUCH count=4
10-08 16:23:59.815 24005 24005 I SpinonBootstrap: SPINON_R05_FRAME_TIMELINE_TARGET renderer=wgpu request_id=4 input_seq=4 revision=4 generation=1 vsync_id=127650 deadline_ns=4394439816046 expected_presentation_ns=4394455482712 render_mode=on_demand
10-08 16:23:59.816 24005 24005 I SpinonBootstrap: SPINON_R05_FRAME_TIMELINE_APPLY renderer=wgpu request_id=4 input_seq=4 revision=4 generation=1 target_vsync_id=127650 transaction=queued_for_next_surface_frame
10-08 16:23:59.818 24005 24005 I SpinonBootstrap: SPINON_R05_SUBMIT renderer=wgpu input_seq=4 revision=4 generation=1 event_time_ns=4394421000000 handler_uptime_ns=4394423571345 queue_present_return_uptime_ns=4394425970345 draw_accepted=true present_signal=unavailable attribution=input
10-08 16:23:59.818 24005 24005 I SpinonBootstrap: SPINON_R05_PRESENT_FLUSH renderer=wgpu queued=true generation=1
10-08 16:23:59.818 24005 24005 I SpinonBootstrap: SPINON_R05_PRESENT_DRAIN renderer=wgpu generation=1 queued=true delay_ms=250
10-08 16:23:59.818 24005 24043 I SpinonBootstrap: SPINON_R05_PRESENT_FLUSH requested=true renderer=wgpu generation=1
10-08 16:24:00.069 24005 24005 I SpinonBootstrap: SPINON_R05_PRESENT_FLUSH renderer=wgpu queued=true generation=1
10-08 16:24:00.069 24005 24043 I SpinonBootstrap: SPINON_R05_PRESENT_FLUSH requested=true renderer=wgpu generation=1
10-08 16:24:00.070 24005 24043 I SpinonBootstrap: SPINON_R05_PRESENT_BATCH renderer=wgpu generation=1 batch_seq=4 record_count=1 callback_os_tid=24043 callback_thread_id=56 registering_thread_os_tid=24005 queue_depth=0 rejected_callback_batches=0 rejected_flush_tasks=0 callback_uptime_ns=4394677691137 attribution=unmatched
10-08 16:24:00.070 24005 24043 I SpinonBootstrap: SPINON_R05_PRESENT renderer=wgpu signal=SurfaceView_JankData generation=1 current_generation=1 current_surface=true batch_seq=4 record_index=0 callback_os_tid=24043 callback_thread_id=56 registering_thread_os_tid=24005 queue_depth=0 vsync_id=127650 present_time_ns=-1 present_state=unknown jank_type=0 actual_app_frame_ns=17551340 scheduled_app_frame_ns=16666666 callback_uptime_ns=4394677691137 frame_id=unavailable join_status=exact_match input_seq=4 revision=4 request_id=4 target_vsync_id=127650
10-08 16:24:00.342 24005 24005 I SpinonBootstrap: SPINON_R05_INPUT renderer=wgpu input_seq=5 phase=ACTION_UP timestamp_precision=nanosecond_representation input_source=unknown handler_clock_resolution=nanosecond_api event_time_ns=4394949000000 handler_uptime_ns=4394950127137 generation=1
10-08 16:24:00.343 24005 24005 I SpinonBootstrap: SPINON_R05_FRAME_TIMELINE_REQUEST renderer=wgpu request_id=5 input_seq=5 revision=5 generation=1 state=posted
10-08 16:24:00.343 24005 24005 I SpinonBootstrap: SPINON_R08_TOUCH count=5
10-08 16:24:00.349 24005 24005 I SpinonBootstrap: SPINON_R05_FRAME_TIMELINE_TARGET renderer=wgpu request_id=5 input_seq=5 revision=5 generation=1 vsync_id=127680 deadline_ns=4394973149358 expected_presentation_ns=4394988816024 render_mode=on_demand
10-08 16:24:00.349 24005 24005 I SpinonBootstrap: SPINON_R05_FRAME_TIMELINE_APPLY renderer=wgpu request_id=5 input_seq=5 revision=5 generation=1 target_vsync_id=127680 transaction=queued_for_next_surface_frame
10-08 16:24:00.351 24005 24005 I SpinonBootstrap: SPINON_R05_SUBMIT renderer=wgpu input_seq=5 revision=5 generation=1 event_time_ns=4394949000000 handler_uptime_ns=4394956855512 queue_present_return_uptime_ns=4394958578637 draw_accepted=true present_signal=unavailable attribution=input
10-08 16:24:00.351 24005 24005 I SpinonBootstrap: SPINON_R05_PRESENT_FLUSH renderer=wgpu queued=true generation=1
10-08 16:24:00.351 24005 24005 I SpinonBootstrap: SPINON_R05_PRESENT_DRAIN renderer=wgpu generation=1 queued=true delay_ms=250
10-08 16:24:00.351 24005 24043 I SpinonBootstrap: SPINON_R05_PRESENT_FLUSH requested=true renderer=wgpu generation=1
10-08 16:24:00.601 24005 24005 I SpinonBootstrap: SPINON_R05_PRESENT_FLUSH renderer=wgpu queued=true generation=1
10-08 16:24:00.601 24005 24043 I SpinonBootstrap: SPINON_R05_PRESENT_FLUSH requested=true renderer=wgpu generation=1
10-08 16:24:00.869 24005 24005 I SpinonBootstrap: SPINON_R05_INPUT renderer=wgpu input_seq=6 phase=ACTION_UP timestamp_precision=nanosecond_representation input_source=unknown handler_clock_resolution=nanosecond_api event_time_ns=4395476000000 handler_uptime_ns=4395476748429 generation=1
10-08 16:24:00.869 24005 24005 I SpinonBootstrap: SPINON_R05_FRAME_TIMELINE_REQUEST renderer=wgpu request_id=6 input_seq=6 revision=6 generation=1 state=posted
10-08 16:24:00.869 24005 24005 I SpinonBootstrap: SPINON_R08_TOUCH count=6
10-08 16:24:00.883 24005 24005 I SpinonBootstrap: SPINON_R05_FRAME_TIMELINE_TARGET renderer=wgpu request_id=6 input_seq=6 revision=6 generation=1 vsync_id=127688 deadline_ns=4395506482670 expected_presentation_ns=4395522149336 render_mode=on_demand
10-08 16:24:00.883 24005 24005 I SpinonBootstrap: SPINON_R05_FRAME_TIMELINE_APPLY renderer=wgpu request_id=6 input_seq=6 revision=6 generation=1 target_vsync_id=127688 transaction=queued_for_next_surface_frame
10-08 16:24:00.885 24005 24005 I SpinonBootstrap: SPINON_R05_SUBMIT renderer=wgpu input_seq=6 revision=6 generation=1 event_time_ns=4395476000000 handler_uptime_ns=4395490745262 queue_present_return_uptime_ns=4395492502845 draw_accepted=true present_signal=unavailable attribution=input
10-08 16:24:00.885 24005 24005 I SpinonBootstrap: SPINON_R05_PRESENT_FLUSH renderer=wgpu queued=true generation=1
10-08 16:24:00.885 24005 24005 I SpinonBootstrap: SPINON_R05_PRESENT_DRAIN renderer=wgpu generation=1 queued=true delay_ms=250
10-08 16:24:00.885 24005 24043 I SpinonBootstrap: SPINON_R05_PRESENT_FLUSH requested=true renderer=wgpu generation=1
10-08 16:24:01.135 24005 24005 I SpinonBootstrap: SPINON_R05_PRESENT_FLUSH renderer=wgpu queued=true generation=1
10-08 16:24:01.135 24005 24043 I SpinonBootstrap: SPINON_R05_PRESENT_FLUSH requested=true renderer=wgpu generation=1
10-08 16:24:01.136 24005 24043 I SpinonBootstrap: SPINON_R05_PRESENT_BATCH renderer=wgpu generation=1 batch_seq=5 record_count=2 callback_os_tid=24043 callback_thread_id=56 registering_thread_os_tid=24005 queue_depth=0 rejected_callback_batches=0 rejected_flush_tasks=0 callback_uptime_ns=4395743823804 attribution=unmatched
10-08 16:24:01.136 24005 24043 I SpinonBootstrap: SPINON_R05_PRESENT renderer=wgpu signal=SurfaceView_JankData generation=1 current_generation=1 current_surface=true batch_seq=5 record_index=0 callback_os_tid=24043 callback_thread_id=56 registering_thread_os_tid=24005 queue_depth=0 vsync_id=127680 present_time_ns=-1 present_state=unknown jank_type=0 actual_app_frame_ns=17014611 scheduled_app_frame_ns=16666666 callback_uptime_ns=4395743823804 frame_id=unavailable join_status=exact_match input_seq=5 revision=5 request_id=5 target_vsync_id=127680
10-08 16:24:01.136 24005 24043 I SpinonBootstrap: SPINON_R05_PRESENT renderer=wgpu signal=SurfaceView_JankData generation=1 current_generation=1 current_surface=true batch_seq=5 record_index=1 callback_os_tid=24043 callback_thread_id=56 registering_thread_os_tid=24005 queue_depth=0 vsync_id=127688 present_time_ns=-1 present_state=unknown jank_type=0 actual_app_frame_ns=16973550 scheduled_app_frame_ns=16666666 callback_uptime_ns=4395743823804 frame_id=unavailable join_status=exact_match input_seq=6 revision=6 request_id=6 target_vsync_id=127688
10-08 16:24:01.394 24005 24005 I SpinonBootstrap: SPINON_R05_INPUT renderer=wgpu input_seq=7 phase=ACTION_UP timestamp_precision=nanosecond_representation input_source=unknown handler_clock_resolution=nanosecond_api event_time_ns=4396001000000 handler_uptime_ns=4396001884054 generation=1
10-08 16:24:01.394 24005 24005 I SpinonBootstrap: SPINON_R05_FRAME_TIMELINE_REQUEST renderer=wgpu request_id=7 input_seq=7 revision=7 generation=1 state=posted
10-08 16:24:01.394 24005 24005 I SpinonBootstrap: SPINON_R08_TOUCH count=7
10-08 16:24:01.399 24005 24005 I SpinonBootstrap: SPINON_R05_FRAME_TIMELINE_TARGET renderer=wgpu request_id=7 input_seq=7 revision=7 generation=1 vsync_id=127696 deadline_ns=4396023149316 expected_presentation_ns=4396038815982 render_mode=on_demand
10-08 16:24:01.399 24005 24005 I SpinonBootstrap: SPINON_R05_FRAME_TIMELINE_APPLY renderer=wgpu request_id=7 input_seq=7 revision=7 generation=1 target_vsync_id=127696 transaction=queued_for_next_surface_frame
10-08 16:24:01.401 24005 24005 I SpinonBootstrap: SPINON_R05_SUBMIT renderer=wgpu input_seq=7 revision=7 generation=1 event_time_ns=4396001000000 handler_uptime_ns=4396007293137 queue_present_return_uptime_ns=4396009198554 draw_accepted=true present_signal=unavailable attribution=input
10-08 16:24:01.401 24005 24005 I SpinonBootstrap: SPINON_R05_PRESENT_FLUSH renderer=wgpu queued=true generation=1
10-08 16:24:01.401 24005 24005 I SpinonBootstrap: SPINON_R05_PRESENT_DRAIN renderer=wgpu generation=1 queued=true delay_ms=250
10-08 16:24:01.402 24005 24043 I SpinonBootstrap: SPINON_R05_PRESENT_FLUSH requested=true renderer=wgpu generation=1
10-08 16:24:01.652 24005 24005 I SpinonBootstrap: SPINON_R05_PRESENT_FLUSH renderer=wgpu queued=true generation=1
10-08 16:24:01.652 24005 24043 I SpinonBootstrap: SPINON_R05_PRESENT_FLUSH requested=true renderer=wgpu generation=1
10-08 16:24:01.919 24005 24005 I SpinonBootstrap: SPINON_R05_INPUT renderer=wgpu input_seq=8 phase=ACTION_UP timestamp_precision=nanosecond_representation input_source=unknown handler_clock_resolution=nanosecond_api event_time_ns=4396526000000 handler_uptime_ns=4396527113429 generation=1
10-08 16:24:01.919 24005 24005 I SpinonBootstrap: SPINON_R05_FRAME_TIMELINE_REQUEST renderer=wgpu request_id=8 input_seq=8 revision=8 generation=1 state=posted
10-08 16:24:01.920 24005 24005 I SpinonBootstrap: SPINON_R08_TOUCH count=8
10-08 16:24:01.932 24005 24005 I SpinonBootstrap: SPINON_R05_FRAME_TIMELINE_TARGET renderer=wgpu request_id=8 input_seq=8 revision=8 generation=1 vsync_id=127704 deadline_ns=4396556482628 expected_presentation_ns=4396572149294 render_mode=on_demand
10-08 16:24:01.933 24005 24005 I SpinonBootstrap: SPINON_R05_FRAME_TIMELINE_APPLY renderer=wgpu request_id=8 input_seq=8 revision=8 generation=1 target_vsync_id=127704 transaction=queued_for_next_surface_frame
10-08 16:24:01.934 24005 24005 I SpinonBootstrap: SPINON_R05_SUBMIT renderer=wgpu input_seq=8 revision=8 generation=1 event_time_ns=4396526000000 handler_uptime_ns=4396540512721 queue_present_return_uptime_ns=4396542237471 draw_accepted=true present_signal=unavailable attribution=input
10-08 16:24:01.934 24005 24005 I SpinonBootstrap: SPINON_R05_PRESENT_FLUSH renderer=wgpu queued=true generation=1
10-08 16:24:01.934 24005 24005 I SpinonBootstrap: SPINON_R05_PRESENT_DRAIN renderer=wgpu generation=1 queued=true delay_ms=250
10-08 16:24:01.934 24005 24043 I SpinonBootstrap: SPINON_R05_PRESENT_FLUSH requested=true renderer=wgpu generation=1
10-08 16:24:02.185 24005 24005 I SpinonBootstrap: SPINON_R05_PRESENT_FLUSH renderer=wgpu queued=true generation=1
10-08 16:24:02.185 24005 24043 I SpinonBootstrap: SPINON_R05_PRESENT_FLUSH requested=true renderer=wgpu generation=1
10-08 16:24:02.186 24005 24043 I SpinonBootstrap: SPINON_R05_PRESENT_BATCH renderer=wgpu generation=1 batch_seq=6 record_count=1 callback_os_tid=24043 callback_thread_id=56 registering_thread_os_tid=24005 queue_depth=0 rejected_callback_batches=0 rejected_flush_tasks=0 callback_uptime_ns=4396793884221 attribution=unmatched
10-08 16:24:02.186 24005 24043 I SpinonBootstrap: SPINON_R05_PRESENT renderer=wgpu signal=SurfaceView_JankData generation=1 current_generation=1 current_surface=true batch_seq=6 record_index=0 callback_os_tid=24043 callback_thread_id=56 registering_thread_os_tid=24005 queue_depth=0 vsync_id=127696 present_time_ns=-1 present_state=unknown jank_type=0 actual_app_frame_ns=17638571 scheduled_app_frame_ns=16666666 callback_uptime_ns=4396793884221 frame_id=unavailable join_status=exact_match input_seq=7 revision=7 request_id=7 target_vsync_id=127696
10-08 16:24:02.446 24005 24005 I SpinonBootstrap: SPINON_R05_INPUT renderer=wgpu input_seq=9 phase=ACTION_UP timestamp_precision=nanosecond_representation input_source=unknown handler_clock_resolution=nanosecond_api event_time_ns=4397053000000 handler_uptime_ns=4397054250388 generation=1
10-08 16:24:02.446 24005 24005 I SpinonBootstrap: SPINON_R05_FRAME_TIMELINE_REQUEST renderer=wgpu request_id=9 input_seq=9 revision=9 generation=1 state=posted
10-08 16:24:02.447 24005 24005 I SpinonBootstrap: SPINON_R08_TOUCH count=9
10-08 16:24:02.449 24005 24005 I SpinonBootstrap: SPINON_R05_FRAME_TIMELINE_TARGET renderer=wgpu request_id=9 input_seq=9 revision=9 generation=1 vsync_id=127712 deadline_ns=4397073149274 expected_presentation_ns=4397088815940 render_mode=on_demand
10-08 16:24:02.449 24005 24005 I SpinonBootstrap: SPINON_R05_FRAME_TIMELINE_APPLY renderer=wgpu request_id=9 input_seq=9 revision=9 generation=1 target_vsync_id=127712 transaction=queued_for_next_surface_frame
10-08 16:24:02.451 24005 24005 I SpinonBootstrap: SPINON_R05_SUBMIT renderer=wgpu input_seq=9 revision=9 generation=1 event_time_ns=4397053000000 handler_uptime_ns=4397056843429 queue_present_return_uptime_ns=4397058752971 draw_accepted=true present_signal=unavailable attribution=input
10-08 16:24:02.451 24005 24005 I SpinonBootstrap: SPINON_R05_PRESENT_FLUSH renderer=wgpu queued=true generation=1
10-08 16:24:02.451 24005 24005 I SpinonBootstrap: SPINON_R05_PRESENT_DRAIN renderer=wgpu generation=1 queued=true delay_ms=250
10-08 16:24:02.451 24005 24043 I SpinonBootstrap: SPINON_R05_PRESENT_FLUSH requested=true renderer=wgpu generation=1
10-08 16:24:02.702 24005 24005 I SpinonBootstrap: SPINON_R05_PRESENT_FLUSH renderer=wgpu queued=true generation=1
10-08 16:24:02.702 24005 24043 I SpinonBootstrap: SPINON_R05_PRESENT_FLUSH requested=true renderer=wgpu generation=1
10-08 16:24:02.702 24005 24043 I SpinonBootstrap: SPINON_R05_PRESENT_BATCH renderer=wgpu generation=1 batch_seq=7 record_count=2 callback_os_tid=24043 callback_thread_id=56 registering_thread_os_tid=24005 queue_depth=0 rejected_callback_batches=0 rejected_flush_tasks=0 callback_uptime_ns=4397310330305 attribution=unmatched
10-08 16:24:02.702 24005 24043 I SpinonBootstrap: SPINON_R05_PRESENT renderer=wgpu signal=SurfaceView_JankData generation=1 current_generation=1 current_surface=true batch_seq=7 record_index=0 callback_os_tid=24043 callback_thread_id=56 registering_thread_os_tid=24005 queue_depth=0 vsync_id=127704 present_time_ns=-1 present_state=unknown jank_type=0 actual_app_frame_ns=17151259 scheduled_app_frame_ns=16666666 callback_uptime_ns=4397310330305 frame_id=unavailable join_status=exact_match input_seq=8 revision=8 request_id=8 target_vsync_id=127704
10-08 16:24:02.702 24005 24043 I SpinonBootstrap: SPINON_R05_PRESENT renderer=wgpu signal=SurfaceView_JankData generation=1 current_generation=1 current_surface=true batch_seq=7 record_index=1 callback_os_tid=24043 callback_thread_id=56 registering_thread_os_tid=24005 queue_depth=0 vsync_id=127712 present_time_ns=-1 present_state=unknown jank_type=0 actual_app_frame_ns=17690030 scheduled_app_frame_ns=16666666 callback_uptime_ns=4397310330305 frame_id=unavailable join_status=exact_match input_seq=9 revision=9 request_id=9 target_vsync_id=127712
10-08 16:24:02.973 24005 24005 I SpinonBootstrap: SPINON_R05_INPUT renderer=wgpu input_seq=10 phase=ACTION_UP timestamp_precision=nanosecond_representation input_source=unknown handler_clock_resolution=nanosecond_api event_time_ns=4397580000000 handler_uptime_ns=4397581171888 generation=1
10-08 16:24:02.974 24005 24005 I SpinonBootstrap: SPINON_R05_FRAME_TIMELINE_REQUEST renderer=wgpu request_id=10 input_seq=10 revision=10 generation=1 state=posted
10-08 16:24:02.974 24005 24005 I SpinonBootstrap: SPINON_R08_TOUCH count=10
10-08 16:24:02.982 24005 24005 I SpinonBootstrap: SPINON_R05_FRAME_TIMELINE_TARGET renderer=wgpu request_id=10 input_seq=10 revision=10 generation=1 vsync_id=127720 deadline_ns=4397606482586 expected_presentation_ns=4397622149252 render_mode=on_demand
10-08 16:24:02.982 24005 24005 I SpinonBootstrap: SPINON_R05_FRAME_TIMELINE_APPLY renderer=wgpu request_id=10 input_seq=10 revision=10 generation=1 target_vsync_id=127720 transaction=queued_for_next_surface_frame
10-08 16:24:02.984 24005 24005 I SpinonBootstrap: SPINON_R05_SUBMIT renderer=wgpu input_seq=10 revision=10 generation=1 event_time_ns=4397580000000 handler_uptime_ns=4397590399346 queue_present_return_uptime_ns=4397592119596 draw_accepted=true present_signal=unavailable attribution=input
10-08 16:24:02.984 24005 24005 I SpinonBootstrap: SPINON_R05_PRESENT_FLUSH renderer=wgpu queued=true generation=1
10-08 16:24:02.984 24005 24005 I SpinonBootstrap: SPINON_R05_PRESENT_DRAIN renderer=wgpu generation=1 queued=true delay_ms=250
10-08 16:24:02.984 24005 24043 I SpinonBootstrap: SPINON_R05_PRESENT_FLUSH requested=true renderer=wgpu generation=1
10-08 16:24:03.235 24005 24005 I SpinonBootstrap: SPINON_R05_PRESENT_FLUSH renderer=wgpu queued=true generation=1
10-08 16:24:03.235 24005 24043 I SpinonBootstrap: SPINON_R05_PRESENT_FLUSH requested=true renderer=wgpu generation=1
10-08 16:24:03.236 24005 24043 I SpinonBootstrap: SPINON_R05_PRESENT_BATCH renderer=wgpu generation=1 batch_seq=8 record_count=1 callback_os_tid=24043 callback_thread_id=56 registering_thread_os_tid=24005 queue_depth=0 rejected_callback_batches=0 rejected_flush_tasks=0 callback_uptime_ns=4397843713888 attribution=unmatched
10-08 16:24:03.236 24005 24043 I SpinonBootstrap: SPINON_R05_PRESENT renderer=wgpu signal=SurfaceView_JankData generation=1 current_generation=1 current_surface=true batch_seq=8 record_index=0 callback_os_tid=24043 callback_thread_id=56 registering_thread_os_tid=24005 queue_depth=0 vsync_id=127720 present_time_ns=-1 present_state=unknown jank_type=0 actual_app_frame_ns=18631426 scheduled_app_frame_ns=16666666 callback_uptime_ns=4397843713888 frame_id=unavailable join_status=exact_match input_seq=10 revision=10 request_id=10 target_vsync_id=127720
10-08 16:24:03.500 24005 24005 I SpinonBootstrap: SPINON_R05_INPUT renderer=wgpu input_seq=11 phase=ACTION_UP timestamp_precision=nanosecond_representation input_source=unknown handler_clock_resolution=nanosecond_api event_time_ns=4398107000000 handler_uptime_ns=4398107696972 generation=1
10-08 16:24:03.500 24005 24005 I SpinonBootstrap: SPINON_R05_FRAME_TIMELINE_REQUEST renderer=wgpu request_id=11 input_seq=11 revision=11 generation=1 state=posted
10-08 16:24:03.500 24005 24005 I SpinonBootstrap: SPINON_R08_TOUCH count=11
10-08 16:24:03.518 24005 24005 I SpinonBootstrap: SPINON_R05_FRAME_TIMELINE_TARGET renderer=wgpu request_id=11 input_seq=11 revision=11 generation=1 vsync_id=127728 deadline_ns=4398139815898 expected_presentation_ns=4398155482564 render_mode=on_demand
10-08 16:24:03.518 24005 24005 I SpinonBootstrap: SPINON_R05_FRAME_TIMELINE_APPLY renderer=wgpu request_id=11 input_seq=11 revision=11 generation=1 target_vsync_id=127728 transaction=queued_for_next_surface_frame
10-08 16:24:03.520 24005 24005 I SpinonBootstrap: SPINON_R05_SUBMIT renderer=wgpu input_seq=11 revision=11 generation=1 event_time_ns=4398107000000 handler_uptime_ns=4398126168555 queue_present_return_uptime_ns=4398127894222 draw_accepted=true present_signal=unavailable attribution=input
10-08 16:24:03.520 24005 24005 I SpinonBootstrap: SPINON_R05_PRESENT_FLUSH renderer=wgpu queued=true generation=1
10-08 16:24:03.520 24005 24005 I SpinonBootstrap: SPINON_R05_PRESENT_DRAIN renderer=wgpu generation=1 queued=true delay_ms=250
10-08 16:24:03.520 24005 24043 I SpinonBootstrap: SPINON_R05_PRESENT_FLUSH requested=true renderer=wgpu generation=1
10-08 16:24:03.770 24005 24005 I SpinonBootstrap: SPINON_R05_PRESENT_FLUSH renderer=wgpu queued=true generation=1
10-08 16:24:03.770 24005 24043 I SpinonBootstrap: SPINON_R05_PRESENT_FLUSH requested=true renderer=wgpu generation=1
