--------- beginning of main
10-08 16:24:12.952 24249 24249 I SpinonBootstrap: SPINON_R08_UI=ready text-input=EditText accessibility=button+EditText
10-08 16:24:13.067 24249 24249 I SpinonBootstrap: SPINON_R05_SURFACE renderer=opengl_es type=GLSurfaceView generation=1
10-08 16:24:13.068 24249 24249 I SpinonBootstrap: SPINON_R05_SIGNAL_CAPABILITY renderer=opengl_es signal=SurfaceView_JankData available=true reason=registered api=37 api_full=3700002
10-08 16:24:13.068 24249 24249 I SpinonBootstrap: SPINON_R05_SURFACE_SIZE renderer=opengl_es generation=1 size=1080x1920
10-08 16:24:13.077 24249 24266 I SpinonBootstrap: SPINON_R08_SURFACE=created api=OpenGL_ES_2 renderer=Android Emulator OpenGL ES Translator (ANGLE (Google, Vulkan 1.3.0 (SwiftShader Device (LLVM 10.0.0) (0x0000C0DE)), SwiftShader driver-5.0.0)) version=OpenGL ES 3.1 (OpenGL ES 3.1.0 (ANGLE 2.1.1 git hash: fbf66f49c7cc))
10-08 16:24:13.078 24249 24266 I SpinonBootstrap: SPINON_R08_SHADER=ready
10-08 16:24:13.078 24249 24266 I SpinonBootstrap: SPINON_R08_SURFACE=size 1080x1920
10-08 16:24:13.078 24249 24266 I SpinonBootstrap: SPINON_R05_DRAW renderer=opengl_es draw_seq=1 revision=0 generation=1
10-08 16:24:13.078 24249 24266 I SpinonBootstrap: SPINON_R08_FRAME=first_draw_submitted
10-08 16:24:13.093 24249 24266 I SpinonBootstrap: SPINON_R05_DRAW renderer=opengl_es draw_seq=2 revision=0 generation=1
10-08 16:24:14.804 24249 24249 I SpinonBootstrap: SPINON_R05_INPUT renderer=opengl_es input_seq=1 phase=ACTION_UP timestamp_precision=nanosecond_representation input_source=unknown event_time_ns=4409410000000 handler_uptime_ns=4409411776810 generation=1
10-08 16:24:14.805 24249 24249 I SpinonBootstrap: SPINON_R05_FRAME_TIMELINE_REQUEST renderer=opengl_es request_id=1 input_seq=1 revision=1 generation=1 state=posted
10-08 16:24:14.806 24249 24249 I SpinonBootstrap: SPINON_R08_TOUCH count=1
10-08 16:24:14.840 24249 24249 I SpinonBootstrap: SPINON_R05_FRAME_TIMELINE_TARGET renderer=opengl_es request_id=1 input_seq=1 revision=1 generation=1 vsync_id=129480 deadline_ns=4409473148778 expected_presentation_ns=4409488815444 render_mode=on_demand
10-08 16:24:14.840 24249 24249 I SpinonBootstrap: SPINON_R05_FRAME_TIMELINE_APPLY renderer=opengl_es request_id=1 input_seq=1 revision=1 generation=1 target_vsync_id=129480 transaction=queued_for_next_surface_frame
10-08 16:24:14.840 24249 24249 I SpinonBootstrap: SPINON_R05_SUBMIT renderer=opengl_es input_seq=1 revision=1 generation=1 event_time_ns=4409410000000 handler_uptime_ns=4409448081102 draw_requested=true draw_completed=false present_signal=unavailable attribution=input
10-08 16:24:14.840 24249 24266 I SpinonBootstrap: SPINON_R05_DRAW renderer=opengl_es draw_seq=3 revision=1 generation=1
10-08 16:24:14.840 24249 24249 I SpinonBootstrap: SPINON_R05_PRESENT_FLUSH renderer=opengl_es queued=true generation=1
10-08 16:24:14.840 24249 24249 I SpinonBootstrap: SPINON_R05_PRESENT_DRAIN renderer=opengl_es generation=1 queued=true delay_ms=250
10-08 16:24:14.841 24249 24302 I SpinonBootstrap: SPINON_R05_PRESENT_FLUSH requested=true renderer=opengl_es generation=1
10-08 16:24:14.841 24249 24302 I SpinonBootstrap: SPINON_R05_PRESENT_BATCH renderer=opengl_es generation=1 batch_seq=1 record_count=3 callback_os_tid=24302 callback_thread_id=57 registering_thread_os_tid=24249 queue_depth=0 rejected_callback_batches=0 rejected_flush_tasks=0 callback_uptime_ns=4409449026269 attribution=unmatched
10-08 16:24:14.841 24249 24302 I SpinonBootstrap: SPINON_R05_PRESENT renderer=opengl_es signal=SurfaceView_JankData generation=1 current_generation=1 current_surface=true batch_seq=1 record_index=0 callback_os_tid=24302 callback_thread_id=57 registering_thread_os_tid=24249 queue_depth=0 vsync_id=-1 present_time_ns=-1 present_state=unknown jank_type=0 actual_app_frame_ns=0 scheduled_app_frame_ns=0 callback_uptime_ns=4409449026269 frame_id=unavailable join_status=unmatched input_seq=-1 revision=-1 request_id=-1 target_vsync_id=-1
10-08 16:24:14.841 24249 24302 I SpinonBootstrap: SPINON_R05_PRESENT renderer=opengl_es signal=SurfaceView_JankData generation=1 current_generation=1 current_surface=true batch_seq=1 record_index=1 callback_os_tid=24302 callback_thread_id=57 registering_thread_os_tid=24249 queue_depth=0 vsync_id=128608 present_time_ns=-1 present_state=unknown jank_type=2 actual_app_frame_ns=93892042 scheduled_app_frame_ns=16666666 callback_uptime_ns=4409449026269 frame_id=unavailable join_status=unmatched input_seq=-1 revision=-1 request_id=-1 target_vsync_id=-1
10-08 16:24:14.841 24249 24302 I SpinonBootstrap: SPINON_R05_PRESENT renderer=opengl_es signal=SurfaceView_JankData generation=1 current_generation=1 current_surface=true batch_seq=1 record_index=2 callback_os_tid=24302 callback_thread_id=57 registering_thread_os_tid=24249 queue_depth=0 vsync_id=-1 present_time_ns=-1 present_state=unknown jank_type=0 actual_app_frame_ns=0 scheduled_app_frame_ns=0 callback_uptime_ns=4409449026269 frame_id=unavailable join_status=unmatched input_seq=-1 revision=-1 request_id=-1 target_vsync_id=-1
10-08 16:24:15.091 24249 24249 I SpinonBootstrap: SPINON_R05_PRESENT_FLUSH renderer=opengl_es queued=true generation=1
10-08 16:24:15.091 24249 24302 I SpinonBootstrap: SPINON_R05_PRESENT_FLUSH requested=true renderer=opengl_es generation=1
10-08 16:24:15.330 24249 24249 I SpinonBootstrap: SPINON_R05_INPUT renderer=opengl_es input_seq=2 phase=ACTION_UP timestamp_precision=nanosecond_representation input_source=unknown event_time_ns=4409937000000 handler_uptime_ns=4409938038394 generation=1
10-08 16:24:15.330 24249 24249 I SpinonBootstrap: SPINON_R05_FRAME_TIMELINE_REQUEST renderer=opengl_es request_id=2 input_seq=2 revision=2 generation=1 state=posted
10-08 16:24:15.330 24249 24249 I SpinonBootstrap: SPINON_R08_TOUCH count=2
10-08 16:24:15.332 24249 24249 I SpinonBootstrap: SPINON_R05_FRAME_TIMELINE_TARGET renderer=opengl_es request_id=2 input_seq=2 revision=2 generation=1 vsync_id=129487 deadline_ns=4409956482092 expected_presentation_ns=4409972148758 render_mode=on_demand
10-08 16:24:15.333 24249 24249 I SpinonBootstrap: SPINON_R05_FRAME_TIMELINE_APPLY renderer=opengl_es request_id=2 input_seq=2 revision=2 generation=1 target_vsync_id=129487 transaction=queued_for_next_surface_frame
10-08 16:24:15.333 24249 24249 I SpinonBootstrap: SPINON_R05_SUBMIT renderer=opengl_es input_seq=2 revision=2 generation=1 event_time_ns=4409937000000 handler_uptime_ns=4409940556061 draw_requested=true draw_completed=false present_signal=unavailable attribution=input
10-08 16:24:15.333 24249 24249 I SpinonBootstrap: SPINON_R05_PRESENT_FLUSH renderer=opengl_es queued=true generation=1
10-08 16:24:15.333 24249 24249 I SpinonBootstrap: SPINON_R05_PRESENT_DRAIN renderer=opengl_es generation=1 queued=true delay_ms=250
10-08 16:24:15.333 24249 24266 I SpinonBootstrap: SPINON_R05_DRAW renderer=opengl_es draw_seq=4 revision=2 generation=1
10-08 16:24:15.336 24249 24302 I SpinonBootstrap: SPINON_R05_PRESENT_FLUSH requested=true renderer=opengl_es generation=1
10-08 16:24:15.583 24249 24249 I SpinonBootstrap: SPINON_R05_PRESENT_FLUSH renderer=opengl_es queued=true generation=1
10-08 16:24:15.583 24249 24302 I SpinonBootstrap: SPINON_R05_PRESENT_FLUSH requested=true renderer=opengl_es generation=1
10-08 16:24:15.583 24249 24302 I SpinonBootstrap: SPINON_R05_PRESENT_BATCH renderer=opengl_es generation=1 batch_seq=2 record_count=2 callback_os_tid=24302 callback_thread_id=57 registering_thread_os_tid=24249 queue_depth=0 rejected_callback_batches=0 rejected_flush_tasks=0 callback_uptime_ns=4410191373769 attribution=unmatched
10-08 16:24:15.583 24249 24302 I SpinonBootstrap: SPINON_R05_PRESENT renderer=opengl_es signal=SurfaceView_JankData generation=1 current_generation=1 current_surface=true batch_seq=2 record_index=0 callback_os_tid=24302 callback_thread_id=57 registering_thread_os_tid=24249 queue_depth=0 vsync_id=129480 present_time_ns=-1 present_state=unknown jank_type=0 actual_app_frame_ns=50339989 scheduled_app_frame_ns=49999998 callback_uptime_ns=4410191373769 frame_id=unavailable join_status=exact_match input_seq=1 revision=1 request_id=1 target_vsync_id=129480
10-08 16:24:15.583 24249 24302 I SpinonBootstrap: SPINON_R05_PRESENT renderer=opengl_es signal=SurfaceView_JankData generation=1 current_generation=1 current_surface=true batch_seq=2 record_index=1 callback_os_tid=24302 callback_thread_id=57 registering_thread_os_tid=24249 queue_depth=0 vsync_id=129487 present_time_ns=-1 present_state=unknown jank_type=0 actual_app_frame_ns=17765885 scheduled_app_frame_ns=16666666 callback_uptime_ns=4410191373769 frame_id=unavailable join_status=exact_match input_seq=2 revision=2 request_id=2 target_vsync_id=129487
10-08 16:24:15.853 24249 24249 I SpinonBootstrap: SPINON_R05_INPUT renderer=opengl_es input_seq=3 phase=ACTION_UP timestamp_precision=nanosecond_representation input_source=unknown event_time_ns=4410460000000 handler_uptime_ns=4410461312186 generation=1
10-08 16:24:15.853 24249 24249 I SpinonBootstrap: SPINON_R05_FRAME_TIMELINE_REQUEST renderer=opengl_es request_id=3 input_seq=3 revision=3 generation=1 state=posted
10-08 16:24:15.854 24249 24249 I SpinonBootstrap: SPINON_R08_TOUCH count=3
10-08 16:24:15.867 24249 24249 I SpinonBootstrap: SPINON_R05_FRAME_TIMELINE_TARGET renderer=opengl_es request_id=3 input_seq=3 revision=3 generation=1 vsync_id=129495 deadline_ns=4410489815404 expected_presentation_ns=4410505482070 render_mode=on_demand
10-08 16:24:15.867 24249 24249 I SpinonBootstrap: SPINON_R05_FRAME_TIMELINE_APPLY renderer=opengl_es request_id=3 input_seq=3 revision=3 generation=1 target_vsync_id=129495 transaction=queued_for_next_surface_frame
10-08 16:24:15.867 24249 24249 I SpinonBootstrap: SPINON_R05_SUBMIT renderer=opengl_es input_seq=3 revision=3 generation=1 event_time_ns=4410460000000 handler_uptime_ns=4410474748603 draw_requested=true draw_completed=false present_signal=unavailable attribution=input
10-08 16:24:15.867 24249 24249 I SpinonBootstrap: SPINON_R05_PRESENT_FLUSH renderer=opengl_es queued=true generation=1
10-08 16:24:15.867 24249 24249 I SpinonBootstrap: SPINON_R05_PRESENT_DRAIN renderer=opengl_es generation=1 queued=true delay_ms=250
10-08 16:24:15.867 24249 24266 I SpinonBootstrap: SPINON_R05_DRAW renderer=opengl_es draw_seq=5 revision=3 generation=1
10-08 16:24:15.867 24249 24302 I SpinonBootstrap: SPINON_R05_PRESENT_FLUSH requested=true renderer=opengl_es generation=1
10-08 16:24:16.117 24249 24249 I SpinonBootstrap: SPINON_R05_PRESENT_FLUSH renderer=opengl_es queued=true generation=1
10-08 16:24:16.117 24249 24302 I SpinonBootstrap: SPINON_R05_PRESENT_FLUSH requested=true renderer=opengl_es generation=1
10-08 16:24:16.118 24249 24302 I SpinonBootstrap: SPINON_R05_PRESENT_BATCH renderer=opengl_es generation=1 batch_seq=3 record_count=1 callback_os_tid=24302 callback_thread_id=57 registering_thread_os_tid=24249 queue_depth=0 rejected_callback_batches=0 rejected_flush_tasks=0 callback_uptime_ns=4410725778561 attribution=unmatched
10-08 16:24:16.118 24249 24302 I SpinonBootstrap: SPINON_R05_PRESENT renderer=opengl_es signal=SurfaceView_JankData generation=1 current_generation=1 current_surface=true batch_seq=3 record_index=0 callback_os_tid=24302 callback_thread_id=57 registering_thread_os_tid=24249 queue_depth=0 vsync_id=129495 present_time_ns=-1 present_state=unknown jank_type=0 actual_app_frame_ns=18118448 scheduled_app_frame_ns=16666666 callback_uptime_ns=4410725778561 frame_id=unavailable join_status=exact_match input_seq=3 revision=3 request_id=3 target_vsync_id=129495
10-08 16:24:16.378 24249 24249 I SpinonBootstrap: SPINON_R05_INPUT renderer=opengl_es input_seq=4 phase=ACTION_UP timestamp_precision=nanosecond_representation input_source=unknown event_time_ns=4410985000000 handler_uptime_ns=4410986142978 generation=1
10-08 16:24:16.378 24249 24249 I SpinonBootstrap: SPINON_R05_FRAME_TIMELINE_REQUEST renderer=opengl_es request_id=4 input_seq=4 revision=4 generation=1 state=posted
10-08 16:24:16.379 24249 24249 I SpinonBootstrap: SPINON_R08_TOUCH count=4
10-08 16:24:16.382 24249 24249 I SpinonBootstrap: SPINON_R05_FRAME_TIMELINE_TARGET renderer=opengl_es request_id=4 input_seq=4 revision=4 generation=1 vsync_id=129503 deadline_ns=4411006482050 expected_presentation_ns=4411022148716 render_mode=on_demand
10-08 16:24:16.382 24249 24249 I SpinonBootstrap: SPINON_R05_FRAME_TIMELINE_APPLY renderer=opengl_es request_id=4 input_seq=4 revision=4 generation=1 target_vsync_id=129503 transaction=queued_for_next_surface_frame
10-08 16:24:16.382 24249 24249 I SpinonBootstrap: SPINON_R05_SUBMIT renderer=opengl_es input_seq=4 revision=4 generation=1 event_time_ns=4410985000000 handler_uptime_ns=4410990328853 draw_requested=true draw_completed=false present_signal=unavailable attribution=input
10-08 16:24:16.382 24249 24249 I SpinonBootstrap: SPINON_R05_PRESENT_FLUSH renderer=opengl_es queued=true generation=1
10-08 16:24:16.382 24249 24249 I SpinonBootstrap: SPINON_R05_PRESENT_DRAIN renderer=opengl_es generation=1 queued=true delay_ms=250
10-08 16:24:16.382 24249 24266 I SpinonBootstrap: SPINON_R05_DRAW renderer=opengl_es draw_seq=6 revision=4 generation=1
10-08 16:24:16.383 24249 24302 I SpinonBootstrap: SPINON_R05_PRESENT_FLUSH requested=true renderer=opengl_es generation=1
10-08 16:24:16.633 24249 24249 I SpinonBootstrap: SPINON_R05_PRESENT_FLUSH renderer=opengl_es queued=true generation=1
10-08 16:24:16.633 24249 24302 I SpinonBootstrap: SPINON_R05_PRESENT_FLUSH requested=true renderer=opengl_es generation=1
10-08 16:24:16.633 24249 24302 I SpinonBootstrap: SPINON_R05_PRESENT_BATCH renderer=opengl_es generation=1 batch_seq=4 record_count=1 callback_os_tid=24302 callback_thread_id=57 registering_thread_os_tid=24249 queue_depth=0 rejected_callback_batches=0 rejected_flush_tasks=0 callback_uptime_ns=4411241400145 attribution=unmatched
10-08 16:24:16.634 24249 24302 I SpinonBootstrap: SPINON_R05_PRESENT renderer=opengl_es signal=SurfaceView_JankData generation=1 current_generation=1 current_surface=true batch_seq=4 record_index=0 callback_os_tid=24302 callback_thread_id=57 registering_thread_os_tid=24249 queue_depth=0 vsync_id=129503 present_time_ns=-1 present_state=unknown jank_type=0 actual_app_frame_ns=18437677 scheduled_app_frame_ns=16666666 callback_uptime_ns=4411241400145 frame_id=unavailable join_status=exact_match input_seq=4 revision=4 request_id=4 target_vsync_id=129503
10-08 16:24:16.904 24249 24249 I SpinonBootstrap: SPINON_R05_INPUT renderer=opengl_es input_seq=5 phase=ACTION_UP timestamp_precision=nanosecond_representation input_source=unknown event_time_ns=4411511000000 handler_uptime_ns=4411511969770 generation=1
10-08 16:24:16.904 24249 24249 I SpinonBootstrap: SPINON_R05_FRAME_TIMELINE_REQUEST renderer=opengl_es request_id=5 input_seq=5 revision=5 generation=1 state=posted
10-08 16:24:16.905 24249 24249 I SpinonBootstrap: SPINON_R08_TOUCH count=5
10-08 16:24:16.916 24249 24249 I SpinonBootstrap: SPINON_R05_FRAME_TIMELINE_TARGET renderer=opengl_es request_id=5 input_seq=5 revision=5 generation=1 vsync_id=129511 deadline_ns=4411539815362 expected_presentation_ns=4411555482028 render_mode=on_demand
10-08 16:24:16.916 24249 24249 I SpinonBootstrap: SPINON_R05_FRAME_TIMELINE_APPLY renderer=opengl_es request_id=5 input_seq=5 revision=5 generation=1 target_vsync_id=129511 transaction=queued_for_next_surface_frame
10-08 16:24:16.916 24249 24249 I SpinonBootstrap: SPINON_R05_SUBMIT renderer=opengl_es input_seq=5 revision=5 generation=1 event_time_ns=4411511000000 handler_uptime_ns=4411523606395 draw_requested=true draw_completed=false present_signal=unavailable attribution=input
10-08 16:24:16.916 24249 24249 I SpinonBootstrap: SPINON_R05_PRESENT_FLUSH renderer=opengl_es queued=true generation=1
10-08 16:24:16.916 24249 24249 I SpinonBootstrap: SPINON_R05_PRESENT_DRAIN renderer=opengl_es generation=1 queued=true delay_ms=250
10-08 16:24:16.916 24249 24266 I SpinonBootstrap: SPINON_R05_DRAW renderer=opengl_es draw_seq=7 revision=5 generation=1
10-08 16:24:16.916 24249 24302 I SpinonBootstrap: SPINON_R05_PRESENT_FLUSH requested=true renderer=opengl_es generation=1
10-08 16:24:17.168 24249 24249 I SpinonBootstrap: SPINON_R05_PRESENT_FLUSH renderer=opengl_es queued=true generation=1
10-08 16:24:17.169 24249 24302 I SpinonBootstrap: SPINON_R05_PRESENT_FLUSH requested=true renderer=opengl_es generation=1
10-08 16:24:17.169 24249 24302 I SpinonBootstrap: SPINON_R05_PRESENT_BATCH renderer=opengl_es generation=1 batch_seq=5 record_count=1 callback_os_tid=24302 callback_thread_id=57 registering_thread_os_tid=24249 queue_depth=0 rejected_callback_batches=0 rejected_flush_tasks=0 callback_uptime_ns=4411776949311 attribution=unmatched
10-08 16:24:17.169 24249 24302 I SpinonBootstrap: SPINON_R05_PRESENT renderer=opengl_es signal=SurfaceView_JankData generation=1 current_generation=1 current_surface=true batch_seq=5 record_index=0 callback_os_tid=24302 callback_thread_id=57 registering_thread_os_tid=24249 queue_depth=0 vsync_id=129511 present_time_ns=-1 present_state=unknown jank_type=0 actual_app_frame_ns=17154990 scheduled_app_frame_ns=16666666 callback_uptime_ns=4411776949311 frame_id=unavailable join_status=exact_match input_seq=5 revision=5 request_id=5 target_vsync_id=129511
10-08 16:24:17.429 24249 24249 I SpinonBootstrap: SPINON_R05_INPUT renderer=opengl_es input_seq=6 phase=ACTION_UP timestamp_precision=nanosecond_representation input_source=unknown event_time_ns=4412036000000 handler_uptime_ns=4412037037312 generation=1
10-08 16:24:17.429 24249 24249 I SpinonBootstrap: SPINON_R05_FRAME_TIMELINE_REQUEST renderer=opengl_es request_id=6 input_seq=6 revision=6 generation=1 state=posted
10-08 16:24:17.429 24249 24249 I SpinonBootstrap: SPINON_R08_TOUCH count=6
10-08 16:24:17.432 24249 24249 I SpinonBootstrap: SPINON_R05_FRAME_TIMELINE_TARGET renderer=opengl_es request_id=6 input_seq=6 revision=6 generation=1 vsync_id=129519 deadline_ns=4412056482008 expected_presentation_ns=4412072148674 render_mode=on_demand
10-08 16:24:17.432 24249 24249 I SpinonBootstrap: SPINON_R05_FRAME_TIMELINE_APPLY renderer=opengl_es request_id=6 input_seq=6 revision=6 generation=1 target_vsync_id=129519 transaction=queued_for_next_surface_frame
10-08 16:24:17.432 24249 24249 I SpinonBootstrap: SPINON_R05_SUBMIT renderer=opengl_es input_seq=6 revision=6 generation=1 event_time_ns=4412036000000 handler_uptime_ns=4412040452520 draw_requested=true draw_completed=false present_signal=unavailable attribution=input
10-08 16:24:17.433 24249 24249 I SpinonBootstrap: SPINON_R05_PRESENT_FLUSH renderer=opengl_es queued=true generation=1
10-08 16:24:17.433 24249 24249 I SpinonBootstrap: SPINON_R05_PRESENT_DRAIN renderer=opengl_es generation=1 queued=true delay_ms=250
10-08 16:24:17.433 24249 24266 I SpinonBootstrap: SPINON_R05_DRAW renderer=opengl_es draw_seq=8 revision=6 generation=1
10-08 16:24:17.433 24249 24302 I SpinonBootstrap: SPINON_R05_PRESENT_FLUSH requested=true renderer=opengl_es generation=1
10-08 16:24:17.682 24249 24249 I SpinonBootstrap: SPINON_R05_PRESENT_FLUSH renderer=opengl_es queued=true generation=1
10-08 16:24:17.683 24249 24302 I SpinonBootstrap: SPINON_R05_PRESENT_FLUSH requested=true renderer=opengl_es generation=1
10-08 16:24:17.683 24249 24302 I SpinonBootstrap: SPINON_R05_PRESENT_BATCH renderer=opengl_es generation=1 batch_seq=6 record_count=1 callback_os_tid=24302 callback_thread_id=57 registering_thread_os_tid=24249 queue_depth=0 rejected_callback_batches=0 rejected_flush_tasks=0 callback_uptime_ns=4412290798562 attribution=unmatched
10-08 16:24:17.683 24249 24302 I SpinonBootstrap: SPINON_R05_PRESENT renderer=opengl_es signal=SurfaceView_JankData generation=1 current_generation=1 current_surface=true batch_seq=6 record_index=0 callback_os_tid=24302 callback_thread_id=57 registering_thread_os_tid=24249 queue_depth=0 vsync_id=129519 present_time_ns=-1 present_state=unknown jank_type=0 actual_app_frame_ns=16894803 scheduled_app_frame_ns=16666666 callback_uptime_ns=4412290798562 frame_id=unavailable join_status=exact_match input_seq=6 revision=6 request_id=6 target_vsync_id=129519
10-08 16:24:17.950 24249 24249 I SpinonBootstrap: SPINON_R05_INPUT renderer=opengl_es input_seq=7 phase=ACTION_UP timestamp_precision=nanosecond_representation input_source=unknown event_time_ns=4412557000000 handler_uptime_ns=4412558396687 generation=1
10-08 16:24:17.951 24249 24249 I SpinonBootstrap: SPINON_R05_FRAME_TIMELINE_REQUEST renderer=opengl_es request_id=7 input_seq=7 revision=7 generation=1 state=posted
10-08 16:24:17.951 24249 24249 I SpinonBootstrap: SPINON_R08_TOUCH count=7
10-08 16:24:17.966 24249 24249 I SpinonBootstrap: SPINON_R05_FRAME_TIMELINE_TARGET renderer=opengl_es request_id=7 input_seq=7 revision=7 generation=1 vsync_id=129527 deadline_ns=4412589815320 expected_presentation_ns=4412605481986 render_mode=on_demand
10-08 16:24:17.966 24249 24249 I SpinonBootstrap: SPINON_R05_FRAME_TIMELINE_APPLY renderer=opengl_es request_id=7 input_seq=7 revision=7 generation=1 target_vsync_id=129527 transaction=queued_for_next_surface_frame
10-08 16:24:17.966 24249 24249 I SpinonBootstrap: SPINON_R05_SUBMIT renderer=opengl_es input_seq=7 revision=7 generation=1 event_time_ns=4412557000000 handler_uptime_ns=4412573705270 draw_requested=true draw_completed=false present_signal=unavailable attribution=input
10-08 16:24:17.966 24249 24249 I SpinonBootstrap: SPINON_R05_PRESENT_FLUSH renderer=opengl_es queued=true generation=1
10-08 16:24:17.966 24249 24249 I SpinonBootstrap: SPINON_R05_PRESENT_DRAIN renderer=opengl_es generation=1 queued=true delay_ms=250
10-08 16:24:17.966 24249 24266 I SpinonBootstrap: SPINON_R05_DRAW renderer=opengl_es draw_seq=9 revision=7 generation=1
10-08 16:24:17.966 24249 24302 I SpinonBootstrap: SPINON_R05_PRESENT_FLUSH requested=true renderer=opengl_es generation=1
10-08 16:24:18.217 24249 24249 I SpinonBootstrap: SPINON_R05_PRESENT_FLUSH renderer=opengl_es queued=true generation=1
10-08 16:24:18.218 24249 24302 I SpinonBootstrap: SPINON_R05_PRESENT_FLUSH requested=true renderer=opengl_es generation=1
10-08 16:24:18.478 24249 24249 I SpinonBootstrap: SPINON_R05_INPUT renderer=opengl_es input_seq=8 phase=ACTION_UP timestamp_precision=nanosecond_representation input_source=unknown event_time_ns=4413083000000 handler_uptime_ns=4413085543520 generation=1
10-08 16:24:18.478 24249 24249 I SpinonBootstrap: SPINON_R05_FRAME_TIMELINE_REQUEST renderer=opengl_es request_id=8 input_seq=8 revision=8 generation=1 state=posted
10-08 16:24:18.478 24249 24249 I SpinonBootstrap: SPINON_R08_TOUCH count=8
10-08 16:24:18.482 24249 24249 I SpinonBootstrap: SPINON_R05_FRAME_TIMELINE_TARGET renderer=opengl_es request_id=8 input_seq=8 revision=8 generation=1 vsync_id=129535 deadline_ns=4413106481966 expected_presentation_ns=4413122148632 render_mode=on_demand
10-08 16:24:18.482 24249 24249 I SpinonBootstrap: SPINON_R05_FRAME_TIMELINE_APPLY renderer=opengl_es request_id=8 input_seq=8 revision=8 generation=1 target_vsync_id=129535 transaction=queued_for_next_surface_frame
10-08 16:24:18.483 24249 24249 I SpinonBootstrap: SPINON_R05_SUBMIT renderer=opengl_es input_seq=8 revision=8 generation=1 event_time_ns=4413083000000 handler_uptime_ns=4413090488187 draw_requested=true draw_completed=false present_signal=unavailable attribution=input
10-08 16:24:18.483 24249 24249 I SpinonBootstrap: SPINON_R05_PRESENT_FLUSH renderer=opengl_es queued=true generation=1
10-08 16:24:18.483 24249 24249 I SpinonBootstrap: SPINON_R05_PRESENT_DRAIN renderer=opengl_es generation=1 queued=true delay_ms=250
10-08 16:24:18.483 24249 24302 I SpinonBootstrap: SPINON_R05_PRESENT_FLUSH requested=true renderer=opengl_es generation=1
10-08 16:24:18.483 24249 24266 I SpinonBootstrap: SPINON_R05_DRAW renderer=opengl_es draw_seq=10 revision=8 generation=1
10-08 16:24:18.733 24249 24249 I SpinonBootstrap: SPINON_R05_PRESENT_FLUSH renderer=opengl_es queued=true generation=1
10-08 16:24:18.733 24249 24302 I SpinonBootstrap: SPINON_R05_PRESENT_FLUSH requested=true renderer=opengl_es generation=1
10-08 16:24:18.734 24249 24302 I SpinonBootstrap: SPINON_R05_PRESENT_BATCH renderer=opengl_es generation=1 batch_seq=7 record_count=2 callback_os_tid=24302 callback_thread_id=57 registering_thread_os_tid=24249 queue_depth=0 rejected_callback_batches=0 rejected_flush_tasks=0 callback_uptime_ns=4413341634437 attribution=unmatched
10-08 16:24:18.734 24249 24302 I SpinonBootstrap: SPINON_R05_PRESENT renderer=opengl_es signal=SurfaceView_JankData generation=1 current_generation=1 current_surface=true batch_seq=7 record_index=0 callback_os_tid=24302 callback_thread_id=57 registering_thread_os_tid=24249 queue_depth=0 vsync_id=129527 present_time_ns=-1 present_state=unknown jank_type=0 actual_app_frame_ns=17351575 scheduled_app_frame_ns=16666666 callback_uptime_ns=4413341634437 frame_id=unavailable join_status=exact_match input_seq=7 revision=7 request_id=7 target_vsync_id=129527
10-08 16:24:18.734 24249 24302 I SpinonBootstrap: SPINON_R05_PRESENT renderer=opengl_es signal=SurfaceView_JankData generation=1 current_generation=1 current_surface=true batch_seq=7 record_index=1 callback_os_tid=24302 callback_thread_id=57 registering_thread_os_tid=24249 queue_depth=0 vsync_id=129535 present_time_ns=-1 present_state=unknown jank_type=0 actual_app_frame_ns=17107137 scheduled_app_frame_ns=16666666 callback_uptime_ns=4413341634437 frame_id=unavailable join_status=exact_match input_seq=8 revision=8 request_id=8 target_vsync_id=129535
10-08 16:24:19.009 24249 24249 I SpinonBootstrap: SPINON_R05_INPUT renderer=opengl_es input_seq=9 phase=ACTION_UP timestamp_precision=nanosecond_representation input_source=unknown event_time_ns=4413615000000 handler_uptime_ns=4413616688271 generation=1
10-08 16:24:19.009 24249 24249 I SpinonBootstrap: SPINON_R05_FRAME_TIMELINE_REQUEST renderer=opengl_es request_id=9 input_seq=9 revision=9 generation=1 state=posted
10-08 16:24:19.009 24249 24249 I SpinonBootstrap: SPINON_R08_TOUCH count=9
10-08 16:24:19.016 24249 24249 I SpinonBootstrap: SPINON_R05_FRAME_TIMELINE_TARGET renderer=opengl_es request_id=9 input_seq=9 revision=9 generation=1 vsync_id=129543 deadline_ns=4413639815278 expected_presentation_ns=4413655481944 render_mode=on_demand
10-08 16:24:19.016 24249 24249 I SpinonBootstrap: SPINON_R05_FRAME_TIMELINE_APPLY renderer=opengl_es request_id=9 input_seq=9 revision=9 generation=1 target_vsync_id=129543 transaction=queued_for_next_surface_frame
10-08 16:24:19.016 24249 24249 I SpinonBootstrap: SPINON_R05_SUBMIT renderer=opengl_es input_seq=9 revision=9 generation=1 event_time_ns=4413615000000 handler_uptime_ns=4413623563187 draw_requested=true draw_completed=false present_signal=unavailable attribution=input
10-08 16:24:19.016 24249 24249 I SpinonBootstrap: SPINON_R05_PRESENT_FLUSH renderer=opengl_es queued=true generation=1
10-08 16:24:19.016 24249 24249 I SpinonBootstrap: SPINON_R05_PRESENT_DRAIN renderer=opengl_es generation=1 queued=true delay_ms=250
10-08 16:24:19.016 24249 24302 I SpinonBootstrap: SPINON_R05_PRESENT_FLUSH requested=true renderer=opengl_es generation=1
10-08 16:24:19.016 24249 24266 I SpinonBootstrap: SPINON_R05_DRAW renderer=opengl_es draw_seq=11 revision=9 generation=1
10-08 16:24:19.266 24249 24249 I SpinonBootstrap: SPINON_R05_PRESENT_FLUSH renderer=opengl_es queued=true generation=1
10-08 16:24:19.266 24249 24302 I SpinonBootstrap: SPINON_R05_PRESENT_FLUSH requested=true renderer=opengl_es generation=1
10-08 16:24:19.266 24249 24302 I SpinonBootstrap: SPINON_R05_PRESENT_BATCH renderer=opengl_es generation=1 batch_seq=8 record_count=1 callback_os_tid=24302 callback_thread_id=57 registering_thread_os_tid=24249 queue_depth=0 rejected_callback_batches=0 rejected_flush_tasks=0 callback_uptime_ns=4413874405104 attribution=unmatched
10-08 16:24:19.266 24249 24302 I SpinonBootstrap: SPINON_R05_PRESENT renderer=opengl_es signal=SurfaceView_JankData generation=1 current_generation=1 current_surface=true batch_seq=8 record_index=0 callback_os_tid=24302 callback_thread_id=57 registering_thread_os_tid=24249 queue_depth=0 vsync_id=129543 present_time_ns=-1 present_state=unknown jank_type=0 actual_app_frame_ns=17604492 scheduled_app_frame_ns=16666666 callback_uptime_ns=4413874405104 frame_id=unavailable join_status=exact_match input_seq=9 revision=9 request_id=9 target_vsync_id=129543
10-08 16:24:19.544 24249 24249 I SpinonBootstrap: SPINON_R05_INPUT renderer=opengl_es input_seq=10 phase=ACTION_UP timestamp_precision=nanosecond_representation input_source=unknown event_time_ns=4414151000000 handler_uptime_ns=4414151944646 generation=1
10-08 16:24:19.544 24249 24249 I SpinonBootstrap: SPINON_R05_FRAME_TIMELINE_REQUEST renderer=opengl_es request_id=10 input_seq=10 revision=10 generation=1 state=posted
10-08 16:24:19.544 24249 24249 I SpinonBootstrap: SPINON_R08_TOUCH count=10
10-08 16:24:19.549 24249 24249 I SpinonBootstrap: SPINON_R05_FRAME_TIMELINE_TARGET renderer=opengl_es request_id=10 input_seq=10 revision=10 generation=1 vsync_id=129551 deadline_ns=4414173148590 expected_presentation_ns=4414188815256 render_mode=on_demand
10-08 16:24:19.549 24249 24249 I SpinonBootstrap: SPINON_R05_FRAME_TIMELINE_APPLY renderer=opengl_es request_id=10 input_seq=10 revision=10 generation=1 target_vsync_id=129551 transaction=queued_for_next_surface_frame
10-08 16:24:19.549 24249 24249 I SpinonBootstrap: SPINON_R05_SUBMIT renderer=opengl_es input_seq=10 revision=10 generation=1 event_time_ns=4414151000000 handler_uptime_ns=4414156920604 draw_requested=true draw_completed=false present_signal=unavailable attribution=input
10-08 16:24:19.549 24249 24249 I SpinonBootstrap: SPINON_R05_PRESENT_FLUSH renderer=opengl_es queued=true generation=1
10-08 16:24:19.549 24249 24249 I SpinonBootstrap: SPINON_R05_PRESENT_DRAIN renderer=opengl_es generation=1 queued=true delay_ms=250
10-08 16:24:19.549 24249 24266 I SpinonBootstrap: SPINON_R05_DRAW renderer=opengl_es draw_seq=12 revision=10 generation=1
10-08 16:24:19.549 24249 24302 I SpinonBootstrap: SPINON_R05_PRESENT_FLUSH requested=true renderer=opengl_es generation=1
10-08 16:24:19.800 24249 24249 I SpinonBootstrap: SPINON_R05_PRESENT_FLUSH renderer=opengl_es queued=true generation=1
10-08 16:24:19.800 24249 24302 I SpinonBootstrap: SPINON_R05_PRESENT_FLUSH requested=true renderer=opengl_es generation=1
10-08 16:24:19.801 24249 24302 I SpinonBootstrap: SPINON_R05_PRESENT_BATCH renderer=opengl_es generation=1 batch_seq=9 record_count=1 callback_os_tid=24302 callback_thread_id=57 registering_thread_os_tid=24249 queue_depth=0 rejected_callback_batches=0 rejected_flush_tasks=0 callback_uptime_ns=4414408673354 attribution=unmatched
10-08 16:24:19.801 24249 24302 I SpinonBootstrap: SPINON_R05_PRESENT renderer=opengl_es signal=SurfaceView_JankData generation=1 current_generation=1 current_surface=true batch_seq=9 record_index=0 callback_os_tid=24302 callback_thread_id=57 registering_thread_os_tid=24249 queue_depth=0 vsync_id=129551 present_time_ns=-1 present_state=unknown jank_type=0 actual_app_frame_ns=17841680 scheduled_app_frame_ns=16666666 callback_uptime_ns=4414408673354 frame_id=unavailable join_status=exact_match input_seq=10 revision=10 request_id=10 target_vsync_id=129551
10-08 16:24:20.072 24249 24249 I SpinonBootstrap: SPINON_R05_INPUT renderer=opengl_es input_seq=11 phase=ACTION_UP timestamp_precision=nanosecond_representation input_source=unknown event_time_ns=4414679000000 handler_uptime_ns=4414679748813 generation=1
10-08 16:24:20.072 24249 24249 I SpinonBootstrap: SPINON_R05_FRAME_TIMELINE_REQUEST renderer=opengl_es request_id=11 input_seq=11 revision=11 generation=1 state=posted
10-08 16:24:20.073 24249 24249 I SpinonBootstrap: SPINON_R08_TOUCH count=11
10-08 16:24:20.082 24249 24249 I SpinonBootstrap: SPINON_R05_FRAME_TIMELINE_TARGET renderer=opengl_es request_id=11 input_seq=11 revision=11 generation=1 vsync_id=129559 deadline_ns=4414706481902 expected_presentation_ns=4414722148568 render_mode=on_demand
10-08 16:24:20.082 24249 24249 I SpinonBootstrap: SPINON_R05_FRAME_TIMELINE_APPLY renderer=opengl_es request_id=11 input_seq=11 revision=11 generation=1 target_vsync_id=129559 transaction=queued_for_next_surface_frame
10-08 16:24:20.082 24249 24249 I SpinonBootstrap: SPINON_R05_SUBMIT renderer=opengl_es input_seq=11 revision=11 generation=1 event_time_ns=4414679000000 handler_uptime_ns=4414690412105 draw_requested=true draw_completed=false present_signal=unavailable attribution=input
10-08 16:24:20.082 24249 24249 I SpinonBootstrap: SPINON_R05_PRESENT_FLUSH renderer=opengl_es queued=true generation=1
10-08 16:24:20.083 24249 24266 I SpinonBootstrap: SPINON_R05_DRAW renderer=opengl_es draw_seq=13 revision=11 generation=1
10-08 16:24:20.083 24249 24302 I SpinonBootstrap: SPINON_R05_PRESENT_FLUSH requested=true renderer=opengl_es generation=1
10-08 16:24:20.083 24249 24249 I SpinonBootstrap: SPINON_R05_PRESENT_DRAIN renderer=opengl_es generation=1 queued=true delay_ms=250
10-08 16:24:20.334 24249 24249 I SpinonBootstrap: SPINON_R05_PRESENT_FLUSH renderer=opengl_es queued=true generation=1
10-08 16:24:20.334 24249 24302 I SpinonBootstrap: SPINON_R05_PRESENT_FLUSH requested=true renderer=opengl_es generation=1
10-08 16:24:20.334 24249 24302 I SpinonBootstrap: SPINON_R05_PRESENT_BATCH renderer=opengl_es generation=1 batch_seq=10 record_count=1 callback_os_tid=24302 callback_thread_id=57 registering_thread_os_tid=24249 queue_depth=0 rejected_callback_batches=0 rejected_flush_tasks=0 callback_uptime_ns=4414941961855 attribution=unmatched
10-08 16:24:20.334 24249 24302 I SpinonBootstrap: SPINON_R05_PRESENT renderer=opengl_es signal=SurfaceView_JankData generation=1 current_generation=1 current_surface=true batch_seq=10 record_index=0 callback_os_tid=24302 callback_thread_id=57 registering_thread_os_tid=24249 queue_depth=0 vsync_id=129559 present_time_ns=-1 present_state=unknown jank_type=0 actual_app_frame_ns=17279994 scheduled_app_frame_ns=16666666 callback_uptime_ns=4414941961855 frame_id=unavailable join_status=exact_match input_seq=11 revision=11 request_id=11 target_vsync_id=129559
