--------- beginning of main
10-08 16:23:12.344 23344 23344 I SpinonBootstrap: SPINON_R08_UI=ready text-input=EditText accessibility=button+EditText
10-08 16:23:12.425 23344 23344 I SpinonBootstrap: SPINON_R05_SURFACE renderer=wgpu type=SurfaceView generation=1
10-08 16:23:12.426 23344 23344 I SpinonBootstrap: SPINON_R05_SIGNAL_CAPABILITY renderer=wgpu signal=SurfaceView_JankData available=true reason=registered api=37 api_full=3700002
10-08 16:23:12.577 23344 23344 I SpinonBootstrap: SPINON_R08_WGPU=ready backend=Vulkan device=VirtualGpu name=Goldfish GFXStream (llvmpipe (LLVM 21.1.4, 128 bits)) google_display_timing_supported=false format=Rgba8Unorm color_space=Auto supported_formats=[Rgba8UnormSrgb, Rgba8Unorm, Rgba16Float, Rgb10a2Unorm]
10-08 16:23:12.577 23344 23344 I SpinonBootstrap: SPINON_R08_WGPU_SURFACE=size 1080x1920
10-08 16:23:14.077 23344 23344 I SpinonBootstrap: SPINON_R05_INPUT renderer=wgpu input_seq=1 phase=ACTION_UP timestamp_precision=nanosecond_representation input_source=unknown handler_clock_resolution=nanosecond_api event_time_ns=4348684000000 handler_uptime_ns=4348685385948 generation=1
10-08 16:23:14.079 23344 23344 I SpinonBootstrap: SPINON_R05_FRAME_TIMELINE_REQUEST renderer=wgpu request_id=1 input_seq=1 revision=1 generation=1 state=posted
10-08 16:23:14.079 23344 23344 I SpinonBootstrap: SPINON_R08_TOUCH count=1
10-08 16:23:14.082 23344 23344 I SpinonBootstrap: SPINON_R05_FRAME_TIMELINE_TARGET renderer=wgpu request_id=1 input_seq=1 revision=1 generation=1 vsync_id=123827 deadline_ns=4348706484542 expected_presentation_ns=4348722151208 render_mode=on_demand
10-08 16:23:14.083 23344 23344 I SpinonBootstrap: SPINON_R05_FRAME_TIMELINE_APPLY renderer=wgpu request_id=1 input_seq=1 revision=1 generation=1 target_vsync_id=123827 transaction=queued_for_next_surface_frame
10-08 16:23:14.118 23344 23344 I SpinonBootstrap: SPINON_R05_SUBMIT renderer=wgpu input_seq=1 revision=1 generation=1 event_time_ns=4348684000000 handler_uptime_ns=4348690651531 queue_present_return_uptime_ns=4348725941448 draw_accepted=true present_signal=unavailable attribution=input
10-08 16:23:14.118 23344 23344 I SpinonBootstrap: SPINON_R05_PRESENT_FLUSH renderer=wgpu queued=true generation=1
10-08 16:23:14.118 23344 23344 I SpinonBootstrap: SPINON_R05_PRESENT_DRAIN renderer=wgpu generation=1 queued=true delay_ms=250
10-08 16:23:14.119 23344 23435 I SpinonBootstrap: SPINON_R05_PRESENT_FLUSH requested=true renderer=wgpu generation=1
10-08 16:23:14.119 23344 23435 I SpinonBootstrap: SPINON_R05_PRESENT_BATCH renderer=wgpu generation=1 batch_seq=1 record_count=2 callback_os_tid=23435 callback_thread_id=55 registering_thread_os_tid=23344 queue_depth=0 rejected_callback_batches=0 rejected_flush_tasks=0 callback_uptime_ns=4348726800781 attribution=unmatched
10-08 16:23:14.119 23344 23435 I SpinonBootstrap: SPINON_R05_PRESENT renderer=wgpu signal=SurfaceView_JankData generation=1 current_generation=1 current_surface=true batch_seq=1 record_index=0 callback_os_tid=23435 callback_thread_id=55 registering_thread_os_tid=23344 queue_depth=0 vsync_id=-1 present_time_ns=-1 present_state=unknown jank_type=0 actual_app_frame_ns=0 scheduled_app_frame_ns=0 callback_uptime_ns=4348726800781 frame_id=unavailable join_status=unmatched input_seq=-1 revision=-1 request_id=-1 target_vsync_id=-1
10-08 16:23:14.119 23344 23435 I SpinonBootstrap: SPINON_R05_PRESENT renderer=wgpu signal=SurfaceView_JankData generation=1 current_generation=1 current_surface=true batch_seq=1 record_index=1 callback_os_tid=23435 callback_thread_id=55 registering_thread_os_tid=23344 queue_depth=0 vsync_id=122791 present_time_ns=-1 present_state=unknown jank_type=2 actual_app_frame_ns=262491086 scheduled_app_frame_ns=16666666 callback_uptime_ns=4348726800781 frame_id=unavailable join_status=unmatched input_seq=-1 revision=-1 request_id=-1 target_vsync_id=-1
10-08 16:23:14.369 23344 23344 I SpinonBootstrap: SPINON_R05_PRESENT_FLUSH renderer=wgpu queued=true generation=1
10-08 16:23:14.369 23344 23435 I SpinonBootstrap: SPINON_R05_PRESENT_FLUSH requested=true renderer=wgpu generation=1
10-08 16:23:14.369 23344 23435 I SpinonBootstrap: SPINON_R05_PRESENT_BATCH renderer=wgpu generation=1 batch_seq=2 record_count=1 callback_os_tid=23435 callback_thread_id=55 registering_thread_os_tid=23344 queue_depth=0 rejected_callback_batches=0 rejected_flush_tasks=0 callback_uptime_ns=4348977330990 attribution=unmatched
10-08 16:23:14.369 23344 23435 I SpinonBootstrap: SPINON_R05_PRESENT renderer=wgpu signal=SurfaceView_JankData generation=1 current_generation=1 current_surface=true batch_seq=2 record_index=0 callback_os_tid=23435 callback_thread_id=55 registering_thread_os_tid=23344 queue_depth=0 vsync_id=123827 present_time_ns=-1 present_state=unknown jank_type=0 actual_app_frame_ns=50844697 scheduled_app_frame_ns=16666666 callback_uptime_ns=4348977330990 frame_id=unavailable join_status=exact_match input_seq=1 revision=1 request_id=1 target_vsync_id=123827
10-08 16:23:14.610 23344 23344 I SpinonBootstrap: SPINON_R05_INPUT renderer=wgpu input_seq=2 phase=ACTION_UP timestamp_precision=nanosecond_representation input_source=unknown handler_clock_resolution=nanosecond_api event_time_ns=4349217000000 handler_uptime_ns=4349218313407 generation=1
10-08 16:23:14.610 23344 23344 I SpinonBootstrap: SPINON_R05_FRAME_TIMELINE_REQUEST renderer=wgpu request_id=2 input_seq=2 revision=2 generation=1 state=posted
10-08 16:23:14.611 23344 23344 I SpinonBootstrap: SPINON_R08_TOUCH count=2
10-08 16:23:14.616 23344 23344 I SpinonBootstrap: SPINON_R05_FRAME_TIMELINE_TARGET renderer=wgpu request_id=2 input_seq=2 revision=2 generation=1 vsync_id=123842 deadline_ns=4349239817854 expected_presentation_ns=4349255484520 render_mode=on_demand
10-08 16:23:14.616 23344 23344 I SpinonBootstrap: SPINON_R05_FRAME_TIMELINE_APPLY renderer=wgpu request_id=2 input_seq=2 revision=2 generation=1 target_vsync_id=123842 transaction=queued_for_next_surface_frame
10-08 16:23:14.625 23344 23344 I SpinonBootstrap: SPINON_R05_SUBMIT renderer=wgpu input_seq=2 revision=2 generation=1 event_time_ns=4349217000000 handler_uptime_ns=4349224067407 queue_present_return_uptime_ns=4349232683740 draw_accepted=true present_signal=unavailable attribution=input
10-08 16:23:14.625 23344 23344 I SpinonBootstrap: SPINON_R05_PRESENT_FLUSH renderer=wgpu queued=true generation=1
10-08 16:23:14.625 23344 23344 I SpinonBootstrap: SPINON_R05_PRESENT_DRAIN renderer=wgpu generation=1 queued=true delay_ms=250
10-08 16:23:14.625 23344 23435 I SpinonBootstrap: SPINON_R05_PRESENT_FLUSH requested=true renderer=wgpu generation=1
10-08 16:23:14.875 23344 23344 I SpinonBootstrap: SPINON_R05_PRESENT_FLUSH renderer=wgpu queued=true generation=1
10-08 16:23:14.875 23344 23435 I SpinonBootstrap: SPINON_R05_PRESENT_FLUSH requested=true renderer=wgpu generation=1
10-08 16:23:15.137 23344 23344 I SpinonBootstrap: SPINON_R05_INPUT renderer=wgpu input_seq=3 phase=ACTION_UP timestamp_precision=nanosecond_representation input_source=unknown handler_clock_resolution=nanosecond_api event_time_ns=4349743000000 handler_uptime_ns=4349744539532 generation=1
10-08 16:23:15.137 23344 23344 I SpinonBootstrap: SPINON_R05_FRAME_TIMELINE_REQUEST renderer=wgpu request_id=3 input_seq=3 revision=3 generation=1 state=posted
10-08 16:23:15.137 23344 23344 I SpinonBootstrap: SPINON_R08_TOUCH count=3
10-08 16:23:15.149 23344 23344 I SpinonBootstrap: SPINON_R05_FRAME_TIMELINE_TARGET renderer=wgpu request_id=3 input_seq=3 revision=3 generation=1 vsync_id=123850 deadline_ns=4349773151166 expected_presentation_ns=4349788817832 render_mode=on_demand
10-08 16:23:15.149 23344 23344 I SpinonBootstrap: SPINON_R05_FRAME_TIMELINE_APPLY renderer=wgpu request_id=3 input_seq=3 revision=3 generation=1 target_vsync_id=123850 transaction=queued_for_next_surface_frame
10-08 16:23:15.151 23344 23344 I SpinonBootstrap: SPINON_R05_SUBMIT renderer=wgpu input_seq=3 revision=3 generation=1 event_time_ns=4349743000000 handler_uptime_ns=4349756884657 queue_present_return_uptime_ns=4349758573865 draw_accepted=true present_signal=unavailable attribution=input
10-08 16:23:15.151 23344 23344 I SpinonBootstrap: SPINON_R05_PRESENT_FLUSH renderer=wgpu queued=true generation=1
10-08 16:23:15.151 23344 23344 I SpinonBootstrap: SPINON_R05_PRESENT_DRAIN renderer=wgpu generation=1 queued=true delay_ms=250
10-08 16:23:15.151 23344 23435 I SpinonBootstrap: SPINON_R05_PRESENT_FLUSH requested=true renderer=wgpu generation=1
10-08 16:23:15.401 23344 23344 I SpinonBootstrap: SPINON_R05_PRESENT_FLUSH renderer=wgpu queued=true generation=1
10-08 16:23:15.401 23344 23435 I SpinonBootstrap: SPINON_R05_PRESENT_FLUSH requested=true renderer=wgpu generation=1
10-08 16:23:15.401 23344 23435 I SpinonBootstrap: SPINON_R05_PRESENT_BATCH renderer=wgpu generation=1 batch_seq=3 record_count=1 callback_os_tid=23435 callback_thread_id=55 registering_thread_os_tid=23344 queue_depth=0 rejected_callback_batches=0 rejected_flush_tasks=0 callback_uptime_ns=4350009223199 attribution=unmatched
10-08 16:23:15.401 23344 23435 I SpinonBootstrap: SPINON_R05_PRESENT renderer=wgpu signal=SurfaceView_JankData generation=1 current_generation=1 current_surface=true batch_seq=3 record_index=0 callback_os_tid=23435 callback_thread_id=55 registering_thread_os_tid=23344 queue_depth=0 vsync_id=123842 present_time_ns=-1 present_state=unknown jank_type=0 actual_app_frame_ns=17225177 scheduled_app_frame_ns=16666666 callback_uptime_ns=4350009223199 frame_id=unavailable join_status=exact_match input_seq=2 revision=2 request_id=2 target_vsync_id=123842
10-08 16:23:15.662 23344 23344 I SpinonBootstrap: SPINON_R05_INPUT renderer=wgpu input_seq=4 phase=ACTION_UP timestamp_precision=nanosecond_representation input_source=unknown handler_clock_resolution=nanosecond_api event_time_ns=4350268000000 handler_uptime_ns=4350269477074 generation=1
10-08 16:23:15.662 23344 23344 I SpinonBootstrap: SPINON_R05_FRAME_TIMELINE_REQUEST renderer=wgpu request_id=4 input_seq=4 revision=4 generation=1 state=posted
10-08 16:23:15.662 23344 23344 I SpinonBootstrap: SPINON_R08_TOUCH count=4
10-08 16:23:15.666 23344 23344 I SpinonBootstrap: SPINON_R05_FRAME_TIMELINE_TARGET renderer=wgpu request_id=4 input_seq=4 revision=4 generation=1 vsync_id=123858 deadline_ns=4350289817812 expected_presentation_ns=4350305484478 render_mode=on_demand
10-08 16:23:15.666 23344 23344 I SpinonBootstrap: SPINON_R05_FRAME_TIMELINE_APPLY renderer=wgpu request_id=4 input_seq=4 revision=4 generation=1 target_vsync_id=123858 transaction=queued_for_next_surface_frame
10-08 16:23:15.667 23344 23344 I SpinonBootstrap: SPINON_R05_SUBMIT renderer=wgpu input_seq=4 revision=4 generation=1 event_time_ns=4350268000000 handler_uptime_ns=4350273701699 queue_present_return_uptime_ns=4350275421657 draw_accepted=true present_signal=unavailable attribution=input
10-08 16:23:15.668 23344 23344 I SpinonBootstrap: SPINON_R05_PRESENT_FLUSH renderer=wgpu queued=true generation=1
10-08 16:23:15.668 23344 23344 I SpinonBootstrap: SPINON_R05_PRESENT_DRAIN renderer=wgpu generation=1 queued=true delay_ms=250
10-08 16:23:15.668 23344 23435 I SpinonBootstrap: SPINON_R05_PRESENT_FLUSH requested=true renderer=wgpu generation=1
10-08 16:23:15.918 23344 23344 I SpinonBootstrap: SPINON_R05_PRESENT_FLUSH renderer=wgpu queued=true generation=1
10-08 16:23:15.918 23344 23435 I SpinonBootstrap: SPINON_R05_PRESENT_FLUSH requested=true renderer=wgpu generation=1
10-08 16:23:15.918 23344 23435 I SpinonBootstrap: SPINON_R05_PRESENT_BATCH renderer=wgpu generation=1 batch_seq=4 record_count=2 callback_os_tid=23435 callback_thread_id=55 registering_thread_os_tid=23344 queue_depth=0 rejected_callback_batches=0 rejected_flush_tasks=0 callback_uptime_ns=4350526145282 attribution=unmatched
10-08 16:23:15.918 23344 23435 I SpinonBootstrap: SPINON_R05_PRESENT renderer=wgpu signal=SurfaceView_JankData generation=1 current_generation=1 current_surface=true batch_seq=4 record_index=0 callback_os_tid=23435 callback_thread_id=55 registering_thread_os_tid=23344 queue_depth=0 vsync_id=123850 present_time_ns=-1 present_state=unknown jank_type=0 actual_app_frame_ns=17167449 scheduled_app_frame_ns=16666666 callback_uptime_ns=4350526145282 frame_id=unavailable join_status=exact_match input_seq=3 revision=3 request_id=3 target_vsync_id=123850
10-08 16:23:15.918 23344 23435 I SpinonBootstrap: SPINON_R05_PRESENT renderer=wgpu signal=SurfaceView_JankData generation=1 current_generation=1 current_surface=true batch_seq=4 record_index=1 callback_os_tid=23435 callback_thread_id=55 registering_thread_os_tid=23344 queue_depth=0 vsync_id=123858 present_time_ns=-1 present_state=unknown jank_type=0 actual_app_frame_ns=18117011 scheduled_app_frame_ns=16666666 callback_uptime_ns=4350526145282 frame_id=unavailable join_status=exact_match input_seq=4 revision=4 request_id=4 target_vsync_id=123858
10-08 16:23:16.184 23344 23344 I SpinonBootstrap: SPINON_R05_INPUT renderer=wgpu input_seq=5 phase=ACTION_UP timestamp_precision=nanosecond_representation input_source=unknown handler_clock_resolution=nanosecond_api event_time_ns=4350791000000 handler_uptime_ns=4350792137491 generation=1
10-08 16:23:16.184 23344 23344 I SpinonBootstrap: SPINON_R05_FRAME_TIMELINE_REQUEST renderer=wgpu request_id=5 input_seq=5 revision=5 generation=1 state=posted
10-08 16:23:16.184 23344 23344 I SpinonBootstrap: SPINON_R08_TOUCH count=5
10-08 16:23:16.199 23344 23344 I SpinonBootstrap: SPINON_R05_FRAME_TIMELINE_TARGET renderer=wgpu request_id=5 input_seq=5 revision=5 generation=1 vsync_id=123866 deadline_ns=4350823151124 expected_presentation_ns=4350838817790 render_mode=on_demand
10-08 16:23:16.199 23344 23344 I SpinonBootstrap: SPINON_R05_FRAME_TIMELINE_APPLY renderer=wgpu request_id=5 input_seq=5 revision=5 generation=1 target_vsync_id=123866 transaction=queued_for_next_surface_frame
10-08 16:23:16.201 23344 23344 I SpinonBootstrap: SPINON_R05_SUBMIT renderer=wgpu input_seq=5 revision=5 generation=1 event_time_ns=4350791000000 handler_uptime_ns=4350807044574 queue_present_return_uptime_ns=4350809038491 draw_accepted=true present_signal=unavailable attribution=input
10-08 16:23:16.201 23344 23344 I SpinonBootstrap: SPINON_R05_PRESENT_FLUSH renderer=wgpu queued=true generation=1
10-08 16:23:16.201 23344 23344 I SpinonBootstrap: SPINON_R05_PRESENT_DRAIN renderer=wgpu generation=1 queued=true delay_ms=250
10-08 16:23:16.201 23344 23435 I SpinonBootstrap: SPINON_R05_PRESENT_FLUSH requested=true renderer=wgpu generation=1
10-08 16:23:16.452 23344 23344 I SpinonBootstrap: SPINON_R05_PRESENT_FLUSH renderer=wgpu queued=true generation=1
10-08 16:23:16.452 23344 23435 I SpinonBootstrap: SPINON_R05_PRESENT_FLUSH requested=true renderer=wgpu generation=1
10-08 16:23:16.452 23344 23435 I SpinonBootstrap: SPINON_R05_PRESENT_BATCH renderer=wgpu generation=1 batch_seq=5 record_count=1 callback_os_tid=23435 callback_thread_id=55 registering_thread_os_tid=23344 queue_depth=0 rejected_callback_batches=0 rejected_flush_tasks=0 callback_uptime_ns=4351060281574 attribution=unmatched
10-08 16:23:16.452 23344 23435 I SpinonBootstrap: SPINON_R05_PRESENT renderer=wgpu signal=SurfaceView_JankData generation=1 current_generation=1 current_surface=true batch_seq=5 record_index=0 callback_os_tid=23435 callback_thread_id=55 registering_thread_os_tid=23344 queue_depth=0 vsync_id=123866 present_time_ns=-1 present_state=unknown jank_type=0 actual_app_frame_ns=18092449 scheduled_app_frame_ns=16666666 callback_uptime_ns=4351060281574 frame_id=unavailable join_status=exact_match input_seq=5 revision=5 request_id=5 target_vsync_id=123866
10-08 16:23:16.711 23344 23344 I SpinonBootstrap: SPINON_R05_INPUT renderer=wgpu input_seq=6 phase=ACTION_UP timestamp_precision=nanosecond_representation input_source=unknown handler_clock_resolution=nanosecond_api event_time_ns=4351317000000 handler_uptime_ns=4351318801158 generation=1
10-08 16:23:16.711 23344 23344 I SpinonBootstrap: SPINON_R05_FRAME_TIMELINE_REQUEST renderer=wgpu request_id=6 input_seq=6 revision=6 generation=1 state=posted
10-08 16:23:16.712 23344 23344 I SpinonBootstrap: SPINON_R08_TOUCH count=6
10-08 16:23:16.716 23344 23344 I SpinonBootstrap: SPINON_R05_FRAME_TIMELINE_TARGET renderer=wgpu request_id=6 input_seq=6 revision=6 generation=1 vsync_id=123874 deadline_ns=4351339817770 expected_presentation_ns=4351355484436 render_mode=on_demand
10-08 16:23:16.716 23344 23344 I SpinonBootstrap: SPINON_R05_FRAME_TIMELINE_APPLY renderer=wgpu request_id=6 input_seq=6 revision=6 generation=1 target_vsync_id=123874 transaction=queued_for_next_surface_frame
10-08 16:23:16.717 23344 23344 I SpinonBootstrap: SPINON_R05_SUBMIT renderer=wgpu input_seq=6 revision=6 generation=1 event_time_ns=4351317000000 handler_uptime_ns=4351323610116 queue_present_return_uptime_ns=4351325269449 draw_accepted=true present_signal=unavailable attribution=input
10-08 16:23:16.717 23344 23344 I SpinonBootstrap: SPINON_R05_PRESENT_FLUSH renderer=wgpu queued=true generation=1
10-08 16:23:16.717 23344 23344 I SpinonBootstrap: SPINON_R05_PRESENT_DRAIN renderer=wgpu generation=1 queued=true delay_ms=250
10-08 16:23:16.717 23344 23435 I SpinonBootstrap: SPINON_R05_PRESENT_FLUSH requested=true renderer=wgpu generation=1
10-08 16:23:16.969 23344 23344 I SpinonBootstrap: SPINON_R05_PRESENT_FLUSH renderer=wgpu queued=true generation=1
10-08 16:23:16.969 23344 23435 I SpinonBootstrap: SPINON_R05_PRESENT_FLUSH requested=true renderer=wgpu generation=1
10-08 16:23:16.969 23344 23435 I SpinonBootstrap: SPINON_R05_PRESENT_BATCH renderer=wgpu generation=1 batch_seq=6 record_count=1 callback_os_tid=23435 callback_thread_id=55 registering_thread_os_tid=23344 queue_depth=0 rejected_callback_batches=0 rejected_flush_tasks=0 callback_uptime_ns=4351577119074 attribution=unmatched
10-08 16:23:16.969 23344 23435 I SpinonBootstrap: SPINON_R05_PRESENT renderer=wgpu signal=SurfaceView_JankData generation=1 current_generation=1 current_surface=true batch_seq=6 record_index=0 callback_os_tid=23435 callback_thread_id=55 registering_thread_os_tid=23344 queue_depth=0 vsync_id=123874 present_time_ns=-1 present_state=unknown jank_type=0 actual_app_frame_ns=17764470 scheduled_app_frame_ns=16666666 callback_uptime_ns=4351577119074 frame_id=unavailable join_status=exact_match input_seq=6 revision=6 request_id=6 target_vsync_id=123874
10-08 16:23:17.234 23344 23344 I SpinonBootstrap: SPINON_R05_INPUT renderer=wgpu input_seq=7 phase=ACTION_UP timestamp_precision=nanosecond_representation input_source=unknown handler_clock_resolution=nanosecond_api event_time_ns=4351841000000 handler_uptime_ns=4351842408616 generation=1
10-08 16:23:17.235 23344 23344 I SpinonBootstrap: SPINON_R05_FRAME_TIMELINE_REQUEST renderer=wgpu request_id=7 input_seq=7 revision=7 generation=1 state=posted
10-08 16:23:17.235 23344 23344 I SpinonBootstrap: SPINON_R08_TOUCH count=7
10-08 16:23:17.249 23344 23344 I SpinonBootstrap: SPINON_R05_FRAME_TIMELINE_TARGET renderer=wgpu request_id=7 input_seq=7 revision=7 generation=1 vsync_id=123882 deadline_ns=4351873151082 expected_presentation_ns=4351888817748 render_mode=on_demand
10-08 16:23:17.249 23344 23344 I SpinonBootstrap: SPINON_R05_FRAME_TIMELINE_APPLY renderer=wgpu request_id=7 input_seq=7 revision=7 generation=1 target_vsync_id=123882 transaction=queued_for_next_surface_frame
10-08 16:23:17.251 23344 23344 I SpinonBootstrap: SPINON_R05_SUBMIT renderer=wgpu input_seq=7 revision=7 generation=1 event_time_ns=4351841000000 handler_uptime_ns=4351856868825 queue_present_return_uptime_ns=4351858658908 draw_accepted=true present_signal=unavailable attribution=input
10-08 16:23:17.251 23344 23344 I SpinonBootstrap: SPINON_R05_PRESENT_FLUSH renderer=wgpu queued=true generation=1
10-08 16:23:17.251 23344 23344 I SpinonBootstrap: SPINON_R05_PRESENT_DRAIN renderer=wgpu generation=1 queued=true delay_ms=250
10-08 16:23:17.251 23344 23435 I SpinonBootstrap: SPINON_R05_PRESENT_FLUSH requested=true renderer=wgpu generation=1
10-08 16:23:17.501 23344 23344 I SpinonBootstrap: SPINON_R05_PRESENT_FLUSH renderer=wgpu queued=true generation=1
10-08 16:23:17.501 23344 23435 I SpinonBootstrap: SPINON_R05_PRESENT_FLUSH requested=true renderer=wgpu generation=1
10-08 16:23:17.501 23344 23435 I SpinonBootstrap: SPINON_R05_PRESENT_BATCH renderer=wgpu generation=1 batch_seq=7 record_count=1 callback_os_tid=23435 callback_thread_id=55 registering_thread_os_tid=23344 queue_depth=0 rejected_callback_batches=0 rejected_flush_tasks=0 callback_uptime_ns=4352109414283 attribution=unmatched
10-08 16:23:17.501 23344 23435 I SpinonBootstrap: SPINON_R05_PRESENT renderer=wgpu signal=SurfaceView_JankData generation=1 current_generation=1 current_surface=true batch_seq=7 record_index=0 callback_os_tid=23435 callback_thread_id=55 registering_thread_os_tid=23344 queue_depth=0 vsync_id=123882 present_time_ns=-1 present_state=unknown jank_type=0 actual_app_frame_ns=17154034 scheduled_app_frame_ns=16666666 callback_uptime_ns=4352109414283 frame_id=unavailable join_status=exact_match input_seq=7 revision=7 request_id=7 target_vsync_id=123882
10-08 16:23:17.761 23344 23344 I SpinonBootstrap: SPINON_R05_INPUT renderer=wgpu input_seq=8 phase=ACTION_UP timestamp_precision=nanosecond_representation input_source=unknown handler_clock_resolution=nanosecond_api event_time_ns=4352368000000 handler_uptime_ns=4352369182700 generation=1
10-08 16:23:17.761 23344 23344 I SpinonBootstrap: SPINON_R05_FRAME_TIMELINE_REQUEST renderer=wgpu request_id=8 input_seq=8 revision=8 generation=1 state=posted
10-08 16:23:17.762 23344 23344 I SpinonBootstrap: SPINON_R08_TOUCH count=8
10-08 16:23:17.766 23344 23344 I SpinonBootstrap: SPINON_R05_FRAME_TIMELINE_TARGET renderer=wgpu request_id=8 input_seq=8 revision=8 generation=1 vsync_id=123890 deadline_ns=4352389817728 expected_presentation_ns=4352405484394 render_mode=on_demand
10-08 16:23:17.766 23344 23344 I SpinonBootstrap: SPINON_R05_FRAME_TIMELINE_APPLY renderer=wgpu request_id=8 input_seq=8 revision=8 generation=1 target_vsync_id=123890 transaction=queued_for_next_surface_frame
10-08 16:23:17.767 23344 23344 I SpinonBootstrap: SPINON_R05_SUBMIT renderer=wgpu input_seq=8 revision=8 generation=1 event_time_ns=4352368000000 handler_uptime_ns=4352373708075 queue_present_return_uptime_ns=4352375412116 draw_accepted=true present_signal=unavailable attribution=input
10-08 16:23:17.768 23344 23344 I SpinonBootstrap: SPINON_R05_PRESENT_FLUSH renderer=wgpu queued=true generation=1
10-08 16:23:17.768 23344 23435 I SpinonBootstrap: SPINON_R05_PRESENT_FLUSH requested=true renderer=wgpu generation=1
10-08 16:23:17.768 23344 23344 I SpinonBootstrap: SPINON_R05_PRESENT_DRAIN renderer=wgpu generation=1 queued=true delay_ms=250
10-08 16:23:18.019 23344 23344 I SpinonBootstrap: SPINON_R05_PRESENT_FLUSH renderer=wgpu queued=true generation=1
10-08 16:23:18.019 23344 23435 I SpinonBootstrap: SPINON_R05_PRESENT_FLUSH requested=true renderer=wgpu generation=1
10-08 16:23:18.019 23344 23435 I SpinonBootstrap: SPINON_R05_PRESENT_BATCH renderer=wgpu generation=1 batch_seq=8 record_count=1 callback_os_tid=23435 callback_thread_id=55 registering_thread_os_tid=23344 queue_depth=0 rejected_callback_batches=0 rejected_flush_tasks=0 callback_uptime_ns=4352627185742 attribution=unmatched
10-08 16:23:18.019 23344 23435 I SpinonBootstrap: SPINON_R05_PRESENT renderer=wgpu signal=SurfaceView_JankData generation=1 current_generation=1 current_surface=true batch_seq=8 record_index=0 callback_os_tid=23435 callback_thread_id=55 registering_thread_os_tid=23344 queue_depth=0 vsync_id=123890 present_time_ns=-1 present_state=unknown jank_type=0 actual_app_frame_ns=17231263 scheduled_app_frame_ns=16666666 callback_uptime_ns=4352627185742 frame_id=unavailable join_status=exact_match input_seq=8 revision=8 request_id=8 target_vsync_id=123890
10-08 16:23:18.288 23344 23344 I SpinonBootstrap: SPINON_R05_INPUT renderer=wgpu input_seq=9 phase=ACTION_UP timestamp_precision=nanosecond_representation input_source=unknown handler_clock_resolution=nanosecond_api event_time_ns=4352895000000 handler_uptime_ns=4352896423408 generation=1
10-08 16:23:18.289 23344 23344 I SpinonBootstrap: SPINON_R05_FRAME_TIMELINE_REQUEST renderer=wgpu request_id=9 input_seq=9 revision=9 generation=1 state=posted
10-08 16:23:18.289 23344 23344 I SpinonBootstrap: SPINON_R08_TOUCH count=9
10-08 16:23:18.299 23344 23344 I SpinonBootstrap: SPINON_R05_FRAME_TIMELINE_TARGET renderer=wgpu request_id=9 input_seq=9 revision=9 generation=1 vsync_id=123898 deadline_ns=4352923151040 expected_presentation_ns=4352938817706 render_mode=on_demand
10-08 16:23:18.299 23344 23344 I SpinonBootstrap: SPINON_R05_FRAME_TIMELINE_APPLY renderer=wgpu request_id=9 input_seq=9 revision=9 generation=1 target_vsync_id=123898 transaction=queued_for_next_surface_frame
10-08 16:23:18.301 23344 23344 I SpinonBootstrap: SPINON_R05_SUBMIT renderer=wgpu input_seq=9 revision=9 generation=1 event_time_ns=4352895000000 handler_uptime_ns=4352907042200 queue_present_return_uptime_ns=4352908753117 draw_accepted=true present_signal=unavailable attribution=input
10-08 16:23:18.301 23344 23344 I SpinonBootstrap: SPINON_R05_PRESENT_FLUSH renderer=wgpu queued=true generation=1
10-08 16:23:18.301 23344 23344 I SpinonBootstrap: SPINON_R05_PRESENT_DRAIN renderer=wgpu generation=1 queued=true delay_ms=250
10-08 16:23:18.301 23344 23435 I SpinonBootstrap: SPINON_R05_PRESENT_FLUSH requested=true renderer=wgpu generation=1
10-08 16:23:18.551 23344 23344 I SpinonBootstrap: SPINON_R05_PRESENT_FLUSH renderer=wgpu queued=true generation=1
10-08 16:23:18.552 23344 23435 I SpinonBootstrap: SPINON_R05_PRESENT_FLUSH requested=true renderer=wgpu generation=1
10-08 16:23:18.552 23344 23435 I SpinonBootstrap: SPINON_R05_PRESENT_BATCH renderer=wgpu generation=1 batch_seq=9 record_count=1 callback_os_tid=23435 callback_thread_id=55 registering_thread_os_tid=23344 queue_depth=0 rejected_callback_batches=0 rejected_flush_tasks=0 callback_uptime_ns=4353160111700 attribution=unmatched
10-08 16:23:18.552 23344 23435 I SpinonBootstrap: SPINON_R05_PRESENT renderer=wgpu signal=SurfaceView_JankData generation=1 current_generation=1 current_surface=true batch_seq=9 record_index=0 callback_os_tid=23435 callback_thread_id=55 registering_thread_os_tid=23344 queue_depth=0 vsync_id=123898 present_time_ns=-1 present_state=unknown jank_type=0 actual_app_frame_ns=17021034 scheduled_app_frame_ns=16666666 callback_uptime_ns=4353160111700 frame_id=unavailable join_status=exact_match input_seq=9 revision=9 request_id=9 target_vsync_id=123898
10-08 16:23:18.819 23344 23344 I SpinonBootstrap: SPINON_R05_INPUT renderer=wgpu input_seq=10 phase=ACTION_UP timestamp_precision=nanosecond_representation input_source=unknown handler_clock_resolution=nanosecond_api event_time_ns=4353426000000 handler_uptime_ns=4353427443450 generation=1
10-08 16:23:18.820 23344 23344 I SpinonBootstrap: SPINON_R05_FRAME_TIMELINE_REQUEST renderer=wgpu request_id=10 input_seq=10 revision=10 generation=1 state=posted
10-08 16:23:18.820 23344 23344 I SpinonBootstrap: SPINON_R08_TOUCH count=10
10-08 16:23:18.834 23344 23344 I SpinonBootstrap: SPINON_R05_FRAME_TIMELINE_TARGET renderer=wgpu request_id=10 input_seq=10 revision=10 generation=1 vsync_id=123906 deadline_ns=4353456484352 expected_presentation_ns=4353472151018 render_mode=on_demand
10-08 16:23:18.834 23344 23344 I SpinonBootstrap: SPINON_R05_FRAME_TIMELINE_APPLY renderer=wgpu request_id=10 input_seq=10 revision=10 generation=1 target_vsync_id=123906 transaction=queued_for_next_surface_frame
10-08 16:23:18.836 23344 23344 I SpinonBootstrap: SPINON_R05_SUBMIT renderer=wgpu input_seq=10 revision=10 generation=1 event_time_ns=4353426000000 handler_uptime_ns=4353441847117 queue_present_return_uptime_ns=4353443548242 draw_accepted=true present_signal=unavailable attribution=input
10-08 16:23:18.836 23344 23344 I SpinonBootstrap: SPINON_R05_PRESENT_FLUSH renderer=wgpu queued=true generation=1
10-08 16:23:18.836 23344 23344 I SpinonBootstrap: SPINON_R05_PRESENT_DRAIN renderer=wgpu generation=1 queued=true delay_ms=250
10-08 16:23:18.836 23344 23435 I SpinonBootstrap: SPINON_R05_PRESENT_FLUSH requested=true renderer=wgpu generation=1
10-08 16:23:19.089 23344 23344 I SpinonBootstrap: SPINON_R05_PRESENT_FLUSH renderer=wgpu queued=true generation=1
10-08 16:23:19.089 23344 23435 I SpinonBootstrap: SPINON_R05_PRESENT_FLUSH requested=true renderer=wgpu generation=1
10-08 16:23:19.089 23344 23435 I SpinonBootstrap: SPINON_R05_PRESENT_BATCH renderer=wgpu generation=1 batch_seq=10 record_count=1 callback_os_tid=23435 callback_thread_id=55 registering_thread_os_tid=23344 queue_depth=0 rejected_callback_batches=0 rejected_flush_tasks=0 callback_uptime_ns=4353697284867 attribution=unmatched
10-08 16:23:19.090 23344 23435 I SpinonBootstrap: SPINON_R05_PRESENT renderer=wgpu signal=SurfaceView_JankData generation=1 current_generation=1 current_surface=true batch_seq=10 record_index=0 callback_os_tid=23435 callback_thread_id=55 registering_thread_os_tid=23344 queue_depth=0 vsync_id=123906 present_time_ns=-1 present_state=unknown jank_type=0 actual_app_frame_ns=17960473 scheduled_app_frame_ns=16666666 callback_uptime_ns=4353697284867 frame_id=unavailable join_status=exact_match input_seq=10 revision=10 request_id=10 target_vsync_id=123906
10-08 16:23:19.348 23344 23344 I SpinonBootstrap: SPINON_R05_INPUT renderer=wgpu input_seq=11 phase=ACTION_UP timestamp_precision=nanosecond_representation input_source=unknown handler_clock_resolution=nanosecond_api event_time_ns=4353954000000 handler_uptime_ns=4353955683951 generation=1
10-08 16:23:19.348 23344 23344 I SpinonBootstrap: SPINON_R05_FRAME_TIMELINE_REQUEST renderer=wgpu request_id=11 input_seq=11 revision=11 generation=1 state=posted
10-08 16:23:19.348 23344 23344 I SpinonBootstrap: SPINON_R08_TOUCH count=11
10-08 16:23:19.349 23344 23344 I SpinonBootstrap: SPINON_R05_FRAME_TIMELINE_TARGET renderer=wgpu request_id=11 input_seq=11 revision=11 generation=1 vsync_id=123914 deadline_ns=4353973150998 expected_presentation_ns=4353988817664 render_mode=on_demand
10-08 16:23:19.349 23344 23344 I SpinonBootstrap: SPINON_R05_FRAME_TIMELINE_APPLY renderer=wgpu request_id=11 input_seq=11 revision=11 generation=1 target_vsync_id=123914 transaction=queued_for_next_surface_frame
10-08 16:23:19.351 23344 23344 I SpinonBootstrap: SPINON_R05_SUBMIT renderer=wgpu input_seq=11 revision=11 generation=1 event_time_ns=4353954000000 handler_uptime_ns=4353957060367 queue_present_return_uptime_ns=4353958579534 draw_accepted=true present_signal=unavailable attribution=input
10-08 16:23:19.351 23344 23344 I SpinonBootstrap: SPINON_R05_PRESENT_FLUSH renderer=wgpu queued=true generation=1
10-08 16:23:19.351 23344 23344 I SpinonBootstrap: SPINON_R05_PRESENT_DRAIN renderer=wgpu generation=1 queued=true delay_ms=250
10-08 16:23:19.351 23344 23435 I SpinonBootstrap: SPINON_R05_PRESENT_FLUSH requested=true renderer=wgpu generation=1
10-08 16:23:19.601 23344 23344 I SpinonBootstrap: SPINON_R05_PRESENT_FLUSH renderer=wgpu queued=true generation=1
10-08 16:23:19.601 23344 23435 I SpinonBootstrap: SPINON_R05_PRESENT_FLUSH requested=true renderer=wgpu generation=1
10-08 16:23:19.601 23344 23435 I SpinonBootstrap: SPINON_R05_PRESENT_BATCH renderer=wgpu generation=1 batch_seq=11 record_count=1 callback_os_tid=23435 callback_thread_id=55 registering_thread_os_tid=23344 queue_depth=0 rejected_callback_batches=0 rejected_flush_tasks=0 callback_uptime_ns=4354209411617 attribution=unmatched
10-08 16:23:19.602 23344 23435 I SpinonBootstrap: SPINON_R05_PRESENT renderer=wgpu signal=SurfaceView_JankData generation=1 current_generation=1 current_surface=true batch_seq=11 record_index=0 callback_os_tid=23435 callback_thread_id=55 registering_thread_os_tid=23344 queue_depth=0 vsync_id=123914 present_time_ns=-1 present_state=unknown jank_type=0 actual_app_frame_ns=17024410 scheduled_app_frame_ns=16666666 callback_uptime_ns=4354209411617 frame_id=unavailable join_status=exact_match input_seq=11 revision=11 request_id=11 target_vsync_id=123914
