--------- beginning of main
10-08 15:20:29.025 11315 11315 I SpinonBootstrap: SPINON_R08_UI=ready text-input=EditText accessibility=button+EditText
10-08 15:20:29.178 11315 11315 I SpinonBootstrap: SPINON_R05_SURFACE renderer=wgpu type=SurfaceView generation=1
10-08 15:20:29.179 11315 11315 I SpinonBootstrap: SPINON_R05_SIGNAL_CAPABILITY renderer=wgpu signal=SurfaceView_JankData available=true reason=registered api=37 api_full=3700002
10-08 15:20:29.294 11315 11315 I SpinonBootstrap: SPINON_R08_WGPU=ready backend=Vulkan device=VirtualGpu name=Goldfish GFXStream (llvmpipe (LLVM 21.1.4, 128 bits)) google_display_timing_supported=false format=Rgba8Unorm color_space=Auto supported_formats=[Rgba8UnormSrgb, Rgba8Unorm, Rgba16Float, Rgb10a2Unorm]
10-08 15:20:29.294 11315 11315 I SpinonBootstrap: SPINON_R08_WGPU_SURFACE=size 1080x1920
10-08 15:20:30.852 11315 11315 I SpinonBootstrap: SPINON_R05_INPUT renderer=wgpu input_seq=1 phase=ACTION_UP timestamp_precision=nanosecond_representation input_source=unknown handler_clock_resolution=nanosecond_api event_time_ns=585458000000 handler_uptime_ns=585460246487 generation=1
10-08 15:20:30.861 11315 11315 I SpinonBootstrap: SPINON_R05_SUBMIT renderer=wgpu input_seq=1 revision=1 generation=1 event_time_ns=585458000000 handler_uptime_ns=585460985987 queue_present_return_uptime_ns=585469059070 draw_accepted=true present_signal=unavailable attribution=input
10-08 15:20:30.861 11315 11315 I SpinonBootstrap: SPINON_R05_PRESENT_FLUSH queued=true generation=1
10-08 15:20:30.861 11315 11353 I SpinonBootstrap: SPINON_R05_PRESENT_FLUSH requested=true generation=1
10-08 15:20:30.862 11315 11353 I SpinonBootstrap: SPINON_R05_PRESENT renderer=wgpu signal=SurfaceView_JankData generation=1 current_generation=1 current_surface=true vsync_id=-1 present_time_ns=-1 present_state=unknown jank_type=0 actual_app_frame_ns=0 scheduled_app_frame_ns=0 callback_uptime_ns=585469869445 frame_id=unmatched revision=unmatched attribution=unmatched
10-08 15:20:30.862 11315 11353 I SpinonBootstrap: SPINON_R05_PRESENT renderer=wgpu signal=SurfaceView_JankData generation=1 current_generation=1 current_surface=true vsync_id=28536 present_time_ns=-1 present_state=unknown jank_type=2 actual_app_frame_ns=278963595 scheduled_app_frame_ns=16666666 callback_uptime_ns=585469869445 frame_id=unmatched revision=unmatched attribution=unmatched
10-08 15:20:30.862 11315 11315 I SpinonBootstrap: SPINON_R08_TOUCH count=1
10-08 15:20:31.222 11315 11315 I SpinonBootstrap: SPINON_R05_INPUT renderer=wgpu input_seq=2 phase=ACTION_UP timestamp_precision=nanosecond_representation input_source=unknown handler_clock_resolution=nanosecond_api event_time_ns=585829000000 handler_uptime_ns=585830288320 generation=1
10-08 15:20:31.231 11315 11315 I SpinonBootstrap: SPINON_R05_SUBMIT renderer=wgpu input_seq=2 revision=2 generation=1 event_time_ns=585829000000 handler_uptime_ns=585830385320 queue_present_return_uptime_ns=585839038320 draw_accepted=true present_signal=unavailable attribution=input
10-08 15:20:31.231 11315 11315 I SpinonBootstrap: SPINON_R05_PRESENT_FLUSH queued=true generation=1
10-08 15:20:31.231 11315 11353 I SpinonBootstrap: SPINON_R05_PRESENT_FLUSH requested=true generation=1
10-08 15:20:31.232 11315 11315 I SpinonBootstrap: SPINON_R08_TOUCH count=2
10-08 15:20:31.232 11315 11353 I SpinonBootstrap: SPINON_R05_PRESENT renderer=wgpu signal=SurfaceView_JankData generation=1 current_generation=1 current_surface=true vsync_id=-1 present_time_ns=-1 present_state=unknown jank_type=0 actual_app_frame_ns=0 scheduled_app_frame_ns=0 callback_uptime_ns=585840241570 frame_id=unmatched revision=unmatched attribution=unmatched
10-08 15:20:31.613 11315 11315 I SpinonBootstrap: SPINON_R05_INPUT renderer=wgpu input_seq=3 phase=ACTION_UP timestamp_precision=nanosecond_representation input_source=unknown handler_clock_resolution=nanosecond_api event_time_ns=586220000000 handler_uptime_ns=586220826612 generation=1
10-08 15:20:31.615 11315 11315 I SpinonBootstrap: SPINON_R05_SUBMIT renderer=wgpu input_seq=3 revision=3 generation=1 event_time_ns=586220000000 handler_uptime_ns=586220937112 queue_present_return_uptime_ns=586223348862 draw_accepted=true present_signal=unavailable attribution=input
10-08 15:20:31.615 11315 11315 I SpinonBootstrap: SPINON_R05_PRESENT_FLUSH queued=true generation=1
10-08 15:20:31.616 11315 11353 I SpinonBootstrap: SPINON_R05_PRESENT_FLUSH requested=true generation=1
10-08 15:20:31.616 11315 11315 I SpinonBootstrap: SPINON_R08_TOUCH count=3
10-08 15:20:31.616 11315 11353 I SpinonBootstrap: SPINON_R05_PRESENT renderer=wgpu signal=SurfaceView_JankData generation=1 current_generation=1 current_surface=true vsync_id=-1 present_time_ns=-1 present_state=unknown jank_type=0 actual_app_frame_ns=0 scheduled_app_frame_ns=0 callback_uptime_ns=586224352737 frame_id=unmatched revision=unmatched attribution=unmatched
10-08 15:20:31.975 11315 11315 I SpinonBootstrap: SPINON_R05_INPUT renderer=wgpu input_seq=4 phase=ACTION_UP timestamp_precision=nanosecond_representation input_source=unknown handler_clock_resolution=nanosecond_api event_time_ns=586582000000 handler_uptime_ns=586583231529 generation=1
10-08 15:20:31.977 11315 11315 I SpinonBootstrap: SPINON_R05_SUBMIT renderer=wgpu input_seq=4 revision=4 generation=1 event_time_ns=586582000000 handler_uptime_ns=586583338029 queue_present_return_uptime_ns=586585336362 draw_accepted=true present_signal=unavailable attribution=input
10-08 15:20:31.977 11315 11315 I SpinonBootstrap: SPINON_R05_PRESENT_FLUSH queued=true generation=1
10-08 15:20:31.978 11315 11353 I SpinonBootstrap: SPINON_R05_PRESENT_FLUSH requested=true generation=1
10-08 15:20:31.978 11315 11315 I SpinonBootstrap: SPINON_R08_TOUCH count=4
10-08 15:20:31.978 11315 11353 I SpinonBootstrap: SPINON_R05_PRESENT renderer=wgpu signal=SurfaceView_JankData generation=1 current_generation=1 current_surface=true vsync_id=-1 present_time_ns=-1 present_state=unknown jank_type=0 actual_app_frame_ns=0 scheduled_app_frame_ns=0 callback_uptime_ns=586586376279 frame_id=unmatched revision=unmatched attribution=unmatched
10-08 15:20:32.337 11315 11315 I SpinonBootstrap: SPINON_R05_INPUT renderer=wgpu input_seq=5 phase=ACTION_UP timestamp_precision=nanosecond_representation input_source=unknown handler_clock_resolution=nanosecond_api event_time_ns=586943000000 handler_uptime_ns=586944697988 generation=1
10-08 15:20:32.339 11315 11315 I SpinonBootstrap: SPINON_R05_SUBMIT renderer=wgpu input_seq=5 revision=5 generation=1 event_time_ns=586943000000 handler_uptime_ns=586944823779 queue_present_return_uptime_ns=586946920404 draw_accepted=true present_signal=unavailable attribution=input
10-08 15:20:32.339 11315 11315 I SpinonBootstrap: SPINON_R05_PRESENT_FLUSH queued=true generation=1
10-08 15:20:32.339 11315 11353 I SpinonBootstrap: SPINON_R05_PRESENT_FLUSH requested=true generation=1
10-08 15:20:32.339 11315 11315 I SpinonBootstrap: SPINON_R08_TOUCH count=5
10-08 15:20:32.340 11315 11353 I SpinonBootstrap: SPINON_R05_PRESENT renderer=wgpu signal=SurfaceView_JankData generation=1 current_generation=1 current_surface=true vsync_id=-1 present_time_ns=-1 present_state=unknown jank_type=0 actual_app_frame_ns=0 scheduled_app_frame_ns=0 callback_uptime_ns=586947863529 frame_id=unmatched revision=unmatched attribution=unmatched
10-08 15:20:32.699 11315 11315 I SpinonBootstrap: SPINON_R05_INPUT renderer=wgpu input_seq=6 phase=ACTION_UP timestamp_precision=nanosecond_representation input_source=unknown handler_clock_resolution=nanosecond_api event_time_ns=587306000000 handler_uptime_ns=587307256321 generation=1
10-08 15:20:32.702 11315 11315 I SpinonBootstrap: SPINON_R05_SUBMIT renderer=wgpu input_seq=6 revision=6 generation=1 event_time_ns=587306000000 handler_uptime_ns=587307394946 queue_present_return_uptime_ns=587309893654 draw_accepted=true present_signal=unavailable attribution=input
10-08 15:20:32.702 11315 11315 I SpinonBootstrap: SPINON_R05_PRESENT_FLUSH queued=true generation=1
10-08 15:20:32.702 11315 11353 I SpinonBootstrap: SPINON_R05_PRESENT_FLUSH requested=true generation=1
10-08 15:20:32.702 11315 11315 I SpinonBootstrap: SPINON_R08_TOUCH count=6
10-08 15:20:32.703 11315 11353 I SpinonBootstrap: SPINON_R05_PRESENT renderer=wgpu signal=SurfaceView_JankData generation=1 current_generation=1 current_surface=true vsync_id=-1 present_time_ns=-1 present_state=unknown jank_type=0 actual_app_frame_ns=0 scheduled_app_frame_ns=0 callback_uptime_ns=587310944280 frame_id=unmatched revision=unmatched attribution=unmatched
10-08 15:20:33.061 11315 11315 I SpinonBootstrap: SPINON_R05_INPUT renderer=wgpu input_seq=7 phase=ACTION_UP timestamp_precision=nanosecond_representation input_source=unknown handler_clock_resolution=nanosecond_api event_time_ns=587668000000 handler_uptime_ns=587669440363 generation=1
10-08 15:20:33.064 11315 11315 I SpinonBootstrap: SPINON_R05_SUBMIT renderer=wgpu input_seq=7 revision=7 generation=1 event_time_ns=587668000000 handler_uptime_ns=587669569946 queue_present_return_uptime_ns=587671734655 draw_accepted=true present_signal=unavailable attribution=input
10-08 15:20:33.064 11315 11315 I SpinonBootstrap: SPINON_R05_PRESENT_FLUSH queued=true generation=1
10-08 15:20:33.064 11315 11353 I SpinonBootstrap: SPINON_R05_PRESENT_FLUSH requested=true generation=1
10-08 15:20:33.064 11315 11353 I SpinonBootstrap: SPINON_R05_PRESENT renderer=wgpu signal=SurfaceView_JankData generation=1 current_generation=1 current_surface=true vsync_id=-1 present_time_ns=-1 present_state=unknown jank_type=0 actual_app_frame_ns=0 scheduled_app_frame_ns=0 callback_uptime_ns=587672198280 frame_id=unmatched revision=unmatched attribution=unmatched
10-08 15:20:33.064 11315 11315 I SpinonBootstrap: SPINON_R08_TOUCH count=7
10-08 15:20:33.423 11315 11315 I SpinonBootstrap: SPINON_R05_INPUT renderer=wgpu input_seq=8 phase=ACTION_UP timestamp_precision=nanosecond_representation input_source=unknown handler_clock_resolution=nanosecond_api event_time_ns=588030000000 handler_uptime_ns=588031173072 generation=1
10-08 15:20:33.426 11315 11315 I SpinonBootstrap: SPINON_R05_SUBMIT renderer=wgpu input_seq=8 revision=8 generation=1 event_time_ns=588030000000 handler_uptime_ns=588031242030 queue_present_return_uptime_ns=588033635822 draw_accepted=true present_signal=unavailable attribution=input
10-08 15:20:33.426 11315 11315 I SpinonBootstrap: SPINON_R05_PRESENT_FLUSH queued=true generation=1
10-08 15:20:33.426 11315 11353 I SpinonBootstrap: SPINON_R05_PRESENT_FLUSH requested=true generation=1
10-08 15:20:33.426 11315 11315 I SpinonBootstrap: SPINON_R08_TOUCH count=8
10-08 15:20:33.426 11315 11353 I SpinonBootstrap: SPINON_R05_PRESENT renderer=wgpu signal=SurfaceView_JankData generation=1 current_generation=1 current_surface=true vsync_id=-1 present_time_ns=-1 present_state=unknown jank_type=0 actual_app_frame_ns=0 scheduled_app_frame_ns=0 callback_uptime_ns=588034276530 frame_id=unmatched revision=unmatched attribution=unmatched
10-08 15:20:33.786 11315 11315 I SpinonBootstrap: SPINON_R05_INPUT renderer=wgpu input_seq=9 phase=ACTION_UP timestamp_precision=nanosecond_representation input_source=unknown handler_clock_resolution=nanosecond_api event_time_ns=588392000000 handler_uptime_ns=588393657405 generation=1
10-08 15:20:33.788 11315 11315 I SpinonBootstrap: SPINON_R05_SUBMIT renderer=wgpu input_seq=9 revision=9 generation=1 event_time_ns=588392000000 handler_uptime_ns=588393770405 queue_present_return_uptime_ns=588395889113 draw_accepted=true present_signal=unavailable attribution=input
10-08 15:20:33.788 11315 11315 I SpinonBootstrap: SPINON_R05_PRESENT_FLUSH queued=true generation=1
10-08 15:20:33.788 11315 11315 I SpinonBootstrap: SPINON_R08_TOUCH count=9
10-08 15:20:33.788 11315 11353 I SpinonBootstrap: SPINON_R05_PRESENT_FLUSH requested=true generation=1
10-08 15:20:33.789 11315 11353 I SpinonBootstrap: SPINON_R05_PRESENT renderer=wgpu signal=SurfaceView_JankData generation=1 current_generation=1 current_surface=true vsync_id=-1 present_time_ns=-1 present_state=unknown jank_type=0 actual_app_frame_ns=0 scheduled_app_frame_ns=0 callback_uptime_ns=588397389613 frame_id=unmatched revision=unmatched attribution=unmatched
10-08 15:20:34.149 11315 11315 I SpinonBootstrap: SPINON_R05_INPUT renderer=wgpu input_seq=10 phase=ACTION_UP timestamp_precision=nanosecond_representation input_source=unknown handler_clock_resolution=nanosecond_api event_time_ns=588755000000 handler_uptime_ns=588756517864 generation=1
10-08 15:20:34.151 11315 11315 I SpinonBootstrap: SPINON_R05_SUBMIT renderer=wgpu input_seq=10 revision=10 generation=1 event_time_ns=588755000000 handler_uptime_ns=588756661239 queue_present_return_uptime_ns=588758800530 draw_accepted=true present_signal=unavailable attribution=input
10-08 15:20:34.151 11315 11315 I SpinonBootstrap: SPINON_R05_PRESENT_FLUSH queued=true generation=1
10-08 15:20:34.151 11315 11353 I SpinonBootstrap: SPINON_R05_PRESENT_FLUSH requested=true generation=1
10-08 15:20:34.151 11315 11315 I SpinonBootstrap: SPINON_R08_TOUCH count=10
10-08 15:20:34.152 11315 11353 I SpinonBootstrap: SPINON_R05_PRESENT renderer=wgpu signal=SurfaceView_JankData generation=1 current_generation=1 current_surface=true vsync_id=-1 present_time_ns=-1 present_state=unknown jank_type=0 actual_app_frame_ns=0 scheduled_app_frame_ns=0 callback_uptime_ns=588759842864 frame_id=unmatched revision=unmatched attribution=unmatched
10-08 15:20:34.511 11315 11315 I SpinonBootstrap: SPINON_R05_INPUT renderer=wgpu input_seq=11 phase=ACTION_UP timestamp_precision=nanosecond_representation input_source=unknown handler_clock_resolution=nanosecond_api event_time_ns=589118000000 handler_uptime_ns=589118949114 generation=1
10-08 15:20:34.513 11315 11315 I SpinonBootstrap: SPINON_R05_SUBMIT renderer=wgpu input_seq=11 revision=11 generation=1 event_time_ns=589118000000 handler_uptime_ns=589119010447 queue_present_return_uptime_ns=589121083322 draw_accepted=true present_signal=unavailable attribution=input
10-08 15:20:34.513 11315 11315 I SpinonBootstrap: SPINON_R05_PRESENT_FLUSH queued=true generation=1
10-08 15:20:34.513 11315 11353 I SpinonBootstrap: SPINON_R05_PRESENT_FLUSH requested=true generation=1
10-08 15:20:34.514 11315 11315 I SpinonBootstrap: SPINON_R08_TOUCH count=11
10-08 15:20:34.514 11315 11353 I SpinonBootstrap: SPINON_R05_PRESENT renderer=wgpu signal=SurfaceView_JankData generation=1 current_generation=1 current_surface=true vsync_id=-1 present_time_ns=-1 present_state=unknown jank_type=0 actual_app_frame_ns=0 scheduled_app_frame_ns=0 callback_uptime_ns=589121812405 frame_id=unmatched revision=unmatched attribution=unmatched
10-08 15:20:34.873 11315 11315 I SpinonBootstrap: SPINON_R05_INPUT renderer=wgpu input_seq=12 phase=ACTION_UP timestamp_precision=nanosecond_representation input_source=unknown handler_clock_resolution=nanosecond_api event_time_ns=589480000000 handler_uptime_ns=589481199197 generation=1
10-08 15:20:34.875 11315 11315 I SpinonBootstrap: SPINON_R05_SUBMIT renderer=wgpu input_seq=12 revision=12 generation=1 event_time_ns=589480000000 handler_uptime_ns=589481286697 queue_present_return_uptime_ns=589483251572 draw_accepted=true present_signal=unavailable attribution=input
10-08 15:20:34.875 11315 11315 I SpinonBootstrap: SPINON_R05_PRESENT_FLUSH queued=true generation=1
10-08 15:20:34.875 11315 11353 I SpinonBootstrap: SPINON_R05_PRESENT_FLUSH requested=true generation=1
10-08 15:20:34.875 11315 11353 I SpinonBootstrap: SPINON_R05_PRESENT renderer=wgpu signal=SurfaceView_JankData generation=1 current_generation=1 current_surface=true vsync_id=-1 present_time_ns=-1 present_state=unknown jank_type=0 actual_app_frame_ns=0 scheduled_app_frame_ns=0 callback_uptime_ns=589483464072 frame_id=unmatched revision=unmatched attribution=unmatched
10-08 15:20:34.876 11315 11315 I SpinonBootstrap: SPINON_R08_TOUCH count=12
10-08 15:20:35.236 11315 11315 I SpinonBootstrap: SPINON_R05_INPUT renderer=wgpu input_seq=13 phase=ACTION_UP timestamp_precision=nanosecond_representation input_source=unknown handler_clock_resolution=nanosecond_api event_time_ns=589842000000 handler_uptime_ns=589843494697 generation=1
10-08 15:20:35.238 11315 11315 I SpinonBootstrap: SPINON_R05_SUBMIT renderer=wgpu input_seq=13 revision=13 generation=1 event_time_ns=589842000000 handler_uptime_ns=589843634489 queue_present_return_uptime_ns=589845805156 draw_accepted=true present_signal=unavailable attribution=input
10-08 15:20:35.238 11315 11315 I SpinonBootstrap: SPINON_R05_PRESENT_FLUSH queued=true generation=1
10-08 15:20:35.238 11315 11353 I SpinonBootstrap: SPINON_R05_PRESENT_FLUSH requested=true generation=1
10-08 15:20:35.238 11315 11315 I SpinonBootstrap: SPINON_R08_TOUCH count=13
10-08 15:20:35.239 11315 11353 I SpinonBootstrap: SPINON_R05_PRESENT renderer=wgpu signal=SurfaceView_JankData generation=1 current_generation=1 current_surface=true vsync_id=-1 present_time_ns=-1 present_state=unknown jank_type=0 actual_app_frame_ns=0 scheduled_app_frame_ns=0 callback_uptime_ns=589846469197 frame_id=unmatched revision=unmatched attribution=unmatched
10-08 15:20:35.598 11315 11315 I SpinonBootstrap: SPINON_R05_INPUT renderer=wgpu input_seq=14 phase=ACTION_UP timestamp_precision=nanosecond_representation input_source=unknown handler_clock_resolution=nanosecond_api event_time_ns=590204000000 handler_uptime_ns=590205948156 generation=1
10-08 15:20:35.600 11315 11315 I SpinonBootstrap: SPINON_R05_SUBMIT renderer=wgpu input_seq=14 revision=14 generation=1 event_time_ns=590204000000 handler_uptime_ns=590206068948 queue_present_return_uptime_ns=590208114156 draw_accepted=true present_signal=unavailable attribution=input
10-08 15:20:35.600 11315 11315 I SpinonBootstrap: SPINON_R05_PRESENT_FLUSH queued=true generation=1
10-08 15:20:35.600 11315 11353 I SpinonBootstrap: SPINON_R05_PRESENT_FLUSH requested=true generation=1
10-08 15:20:35.601 11315 11353 I SpinonBootstrap: SPINON_R05_PRESENT renderer=wgpu signal=SurfaceView_JankData generation=1 current_generation=1 current_surface=true vsync_id=-1 present_time_ns=-1 present_state=unknown jank_type=0 actual_app_frame_ns=0 scheduled_app_frame_ns=0 callback_uptime_ns=590208550031 frame_id=unmatched revision=unmatched attribution=unmatched
10-08 15:20:35.601 11315 11315 I SpinonBootstrap: SPINON_R08_TOUCH count=14
10-08 15:20:35.959 11315 11315 I SpinonBootstrap: SPINON_R05_INPUT renderer=wgpu input_seq=15 phase=ACTION_UP timestamp_precision=nanosecond_representation input_source=unknown handler_clock_resolution=nanosecond_api event_time_ns=590566000000 handler_uptime_ns=590567068198 generation=1
10-08 15:20:35.961 11315 11315 I SpinonBootstrap: SPINON_R05_SUBMIT renderer=wgpu input_seq=15 revision=15 generation=1 event_time_ns=590566000000 handler_uptime_ns=590567328948 queue_present_return_uptime_ns=590569277781 draw_accepted=true present_signal=unavailable attribution=input
10-08 15:20:35.961 11315 11315 I SpinonBootstrap: SPINON_R05_PRESENT_FLUSH queued=true generation=1
10-08 15:20:35.962 11315 11353 I SpinonBootstrap: SPINON_R05_PRESENT_FLUSH requested=true generation=1
10-08 15:20:35.962 11315 11315 I SpinonBootstrap: SPINON_R08_TOUCH count=15
10-08 15:20:35.962 11315 11353 I SpinonBootstrap: SPINON_R05_PRESENT renderer=wgpu signal=SurfaceView_JankData generation=1 current_generation=1 current_surface=true vsync_id=-1 present_time_ns=-1 present_state=unknown jank_type=0 actual_app_frame_ns=0 scheduled_app_frame_ns=0 callback_uptime_ns=590569843989 frame_id=unmatched revision=unmatched attribution=unmatched
10-08 15:20:36.321 11315 11315 I SpinonBootstrap: SPINON_R05_INPUT renderer=wgpu input_seq=16 phase=ACTION_UP timestamp_precision=nanosecond_representation input_source=unknown handler_clock_resolution=nanosecond_api event_time_ns=590927000000 handler_uptime_ns=590928630573 generation=1
10-08 15:20:36.326 11315 11315 I SpinonBootstrap: SPINON_R05_SUBMIT renderer=wgpu input_seq=16 revision=16 generation=1 event_time_ns=590927000000 handler_uptime_ns=590928774365 queue_present_return_uptime_ns=590933910323 draw_accepted=true present_signal=unavailable attribution=input
10-08 15:20:36.326 11315 11315 I SpinonBootstrap: SPINON_R05_PRESENT_FLUSH queued=true generation=1
10-08 15:20:36.326 11315 11353 I SpinonBootstrap: SPINON_R05_PRESENT_FLUSH requested=true generation=1
10-08 15:20:36.326 11315 11315 I SpinonBootstrap: SPINON_R08_TOUCH count=16
10-08 15:20:36.327 11315 11353 I SpinonBootstrap: SPINON_R05_PRESENT renderer=wgpu signal=SurfaceView_JankData generation=1 current_generation=1 current_surface=true vsync_id=-1 present_time_ns=-1 present_state=unknown jank_type=0 actual_app_frame_ns=0 scheduled_app_frame_ns=0 callback_uptime_ns=590934374948 frame_id=unmatched revision=unmatched attribution=unmatched
10-08 15:20:36.686 11315 11315 I SpinonBootstrap: SPINON_R05_INPUT renderer=wgpu input_seq=17 phase=ACTION_UP timestamp_precision=nanosecond_representation input_source=unknown handler_clock_resolution=nanosecond_api event_time_ns=591292000000 handler_uptime_ns=591293549740 generation=1
10-08 15:20:36.691 11315 11315 I SpinonBootstrap: SPINON_R05_SUBMIT renderer=wgpu input_seq=17 revision=17 generation=1 event_time_ns=591292000000 handler_uptime_ns=591293644740 queue_present_return_uptime_ns=591299170573 draw_accepted=true present_signal=unavailable attribution=input
10-08 15:20:36.691 11315 11315 I SpinonBootstrap: SPINON_R05_PRESENT_FLUSH queued=true generation=1
10-08 15:20:36.691 11315 11353 I SpinonBootstrap: SPINON_R05_PRESENT_FLUSH requested=true generation=1
10-08 15:20:36.692 11315 11353 I SpinonBootstrap: SPINON_R05_PRESENT renderer=wgpu signal=SurfaceView_JankData generation=1 current_generation=1 current_surface=true vsync_id=-1 present_time_ns=-1 present_state=unknown jank_type=0 actual_app_frame_ns=0 scheduled_app_frame_ns=0 callback_uptime_ns=591299784823 frame_id=unmatched revision=unmatched attribution=unmatched
10-08 15:20:36.692 11315 11315 I SpinonBootstrap: SPINON_R08_TOUCH count=17
10-08 15:20:37.052 11315 11315 I SpinonBootstrap: SPINON_R05_INPUT renderer=wgpu input_seq=18 phase=ACTION_UP timestamp_precision=nanosecond_representation input_source=unknown handler_clock_resolution=nanosecond_api event_time_ns=591659000000 handler_uptime_ns=591659807948 generation=1
10-08 15:20:37.058 11315 11315 I SpinonBootstrap: SPINON_R05_SUBMIT renderer=wgpu input_seq=18 revision=18 generation=1 event_time_ns=591659000000 handler_uptime_ns=591659897823 queue_present_return_uptime_ns=591665568615 draw_accepted=true present_signal=unavailable attribution=input
10-08 15:20:37.058 11315 11315 I SpinonBootstrap: SPINON_R05_PRESENT_FLUSH queued=true generation=1
10-08 15:20:37.058 11315 11353 I SpinonBootstrap: SPINON_R05_PRESENT_FLUSH requested=true generation=1
10-08 15:20:37.058 11315 11315 I SpinonBootstrap: SPINON_R08_TOUCH count=18
10-08 15:20:37.058 11315 11353 I SpinonBootstrap: SPINON_R05_PRESENT renderer=wgpu signal=SurfaceView_JankData generation=1 current_generation=1 current_surface=true vsync_id=-1 present_time_ns=-1 present_state=unknown jank_type=0 actual_app_frame_ns=0 scheduled_app_frame_ns=0 callback_uptime_ns=591665950532 frame_id=unmatched revision=unmatched attribution=unmatched
10-08 15:20:37.418 11315 11315 I SpinonBootstrap: SPINON_R05_INPUT renderer=wgpu input_seq=19 phase=ACTION_UP timestamp_precision=nanosecond_representation input_source=unknown handler_clock_resolution=nanosecond_api event_time_ns=592024000000 handler_uptime_ns=592025713657 generation=1
10-08 15:20:37.420 11315 11315 I SpinonBootstrap: SPINON_R05_SUBMIT renderer=wgpu input_seq=19 revision=19 generation=1 event_time_ns=592024000000 handler_uptime_ns=592025821990 queue_present_return_uptime_ns=592027954740 draw_accepted=true present_signal=unavailable attribution=input
10-08 15:20:37.420 11315 11315 I SpinonBootstrap: SPINON_R05_PRESENT_FLUSH queued=true generation=1
10-08 15:20:37.420 11315 11353 I SpinonBootstrap: SPINON_R05_PRESENT_FLUSH requested=true generation=1
10-08 15:20:37.420 11315 11315 I SpinonBootstrap: SPINON_R08_TOUCH count=19
10-08 15:20:37.421 11315 11353 I SpinonBootstrap: SPINON_R05_PRESENT renderer=wgpu signal=SurfaceView_JankData generation=1 current_generation=1 current_surface=true vsync_id=-1 present_time_ns=-1 present_state=unknown jank_type=0 actual_app_frame_ns=0 scheduled_app_frame_ns=0 callback_uptime_ns=592028909240 frame_id=unmatched revision=unmatched attribution=unmatched
10-08 15:20:37.779 11315 11315 I SpinonBootstrap: SPINON_R05_INPUT renderer=wgpu input_seq=20 phase=ACTION_UP timestamp_precision=nanosecond_representation input_source=unknown handler_clock_resolution=nanosecond_api event_time_ns=592386000000 handler_uptime_ns=592387332990 generation=1
10-08 15:20:37.782 11315 11315 I SpinonBootstrap: SPINON_R05_SUBMIT renderer=wgpu input_seq=20 revision=20 generation=1 event_time_ns=592386000000 handler_uptime_ns=592387428490 queue_present_return_uptime_ns=592389785615 draw_accepted=true present_signal=unavailable attribution=input
10-08 15:20:37.782 11315 11315 I SpinonBootstrap: SPINON_R05_PRESENT_FLUSH queued=true generation=1
10-08 15:20:37.782 11315 11353 I SpinonBootstrap: SPINON_R05_PRESENT_FLUSH requested=true generation=1
10-08 15:20:37.782 11315 11353 I SpinonBootstrap: SPINON_R05_PRESENT renderer=wgpu signal=SurfaceView_JankData generation=1 current_generation=1 current_surface=true vsync_id=-1 present_time_ns=-1 present_state=unknown jank_type=0 actual_app_frame_ns=0 scheduled_app_frame_ns=0 callback_uptime_ns=592390243157 frame_id=unmatched revision=unmatched attribution=unmatched
10-08 15:20:37.782 11315 11315 I SpinonBootstrap: SPINON_R08_TOUCH count=20
10-08 15:20:38.144 11315 11315 I SpinonBootstrap: SPINON_R05_INPUT renderer=wgpu input_seq=21 phase=ACTION_UP timestamp_precision=nanosecond_representation input_source=unknown handler_clock_resolution=nanosecond_api event_time_ns=592750000000 handler_uptime_ns=592751527574 generation=1
10-08 15:20:38.146 11315 11315 I SpinonBootstrap: SPINON_R05_SUBMIT renderer=wgpu input_seq=21 revision=21 generation=1 event_time_ns=592750000000 handler_uptime_ns=592751695157 queue_present_return_uptime_ns=592754227824 draw_accepted=true present_signal=unavailable attribution=input
10-08 15:20:38.146 11315 11315 I SpinonBootstrap: SPINON_R05_PRESENT_FLUSH queued=true generation=1
10-08 15:20:38.147 11315 11315 I SpinonBootstrap: SPINON_R08_TOUCH count=21
10-08 15:20:38.147 11315 11353 I SpinonBootstrap: SPINON_R05_PRESENT_FLUSH requested=true generation=1
10-08 15:20:38.147 11315 11353 I SpinonBootstrap: SPINON_R05_PRESENT renderer=wgpu signal=SurfaceView_JankData generation=1 current_generation=1 current_surface=true vsync_id=-1 present_time_ns=-1 present_state=unknown jank_type=0 actual_app_frame_ns=0 scheduled_app_frame_ns=0 callback_uptime_ns=592755098532 frame_id=unmatched revision=unmatched attribution=unmatched
10-08 15:20:38.518 11315 11315 I SpinonBootstrap: SPINON_R05_INPUT renderer=wgpu input_seq=22 phase=ACTION_UP timestamp_precision=nanosecond_representation input_source=unknown handler_clock_resolution=nanosecond_api event_time_ns=593125000000 handler_uptime_ns=593125890699 generation=1
10-08 15:20:38.521 11315 11315 I SpinonBootstrap: SPINON_R05_SUBMIT renderer=wgpu input_seq=22 revision=22 generation=1 event_time_ns=593125000000 handler_uptime_ns=593126188866 queue_present_return_uptime_ns=593128612491 draw_accepted=true present_signal=unavailable attribution=input
10-08 15:20:38.521 11315 11315 I SpinonBootstrap: SPINON_R05_PRESENT_FLUSH queued=true generation=1
10-08 15:20:38.521 11315 11353 I SpinonBootstrap: SPINON_R05_PRESENT_FLUSH requested=true generation=1
10-08 15:20:38.521 11315 11315 I SpinonBootstrap: SPINON_R08_TOUCH count=22
10-08 15:20:38.521 11315 11353 I SpinonBootstrap: SPINON_R05_PRESENT renderer=wgpu signal=SurfaceView_JankData generation=1 current_generation=1 current_surface=true vsync_id=-1 present_time_ns=-1 present_state=unknown jank_type=0 actual_app_frame_ns=0 scheduled_app_frame_ns=0 callback_uptime_ns=593129160491 frame_id=unmatched revision=unmatched attribution=unmatched
10-08 15:20:38.880 11315 11315 I SpinonBootstrap: SPINON_R05_INPUT renderer=wgpu input_seq=23 phase=ACTION_UP timestamp_precision=nanosecond_representation input_source=unknown handler_clock_resolution=nanosecond_api event_time_ns=593487000000 handler_uptime_ns=593487959116 generation=1
10-08 15:20:38.883 11315 11315 I SpinonBootstrap: SPINON_R05_SUBMIT renderer=wgpu input_seq=23 revision=23 generation=1 event_time_ns=593487000000 handler_uptime_ns=593488167824 queue_present_return_uptime_ns=593490767366 draw_accepted=true present_signal=unavailable attribution=input
10-08 15:20:38.883 11315 11315 I SpinonBootstrap: SPINON_R05_PRESENT_FLUSH queued=true generation=1
10-08 15:20:38.883 11315 11353 I SpinonBootstrap: SPINON_R05_PRESENT_FLUSH requested=true generation=1
10-08 15:20:38.883 11315 11315 I SpinonBootstrap: SPINON_R08_TOUCH count=23
10-08 15:20:38.883 11315 11353 I SpinonBootstrap: SPINON_R05_PRESENT renderer=wgpu signal=SurfaceView_JankData generation=1 current_generation=1 current_surface=true vsync_id=-1 present_time_ns=-1 present_state=unknown jank_type=0 actual_app_frame_ns=0 scheduled_app_frame_ns=0 callback_uptime_ns=593491216074 frame_id=unmatched revision=unmatched attribution=unmatched
10-08 15:20:39.242 11315 11315 I SpinonBootstrap: SPINON_R05_INPUT renderer=wgpu input_seq=24 phase=ACTION_UP timestamp_precision=nanosecond_representation input_source=unknown handler_clock_resolution=nanosecond_api event_time_ns=593849000000 handler_uptime_ns=593849767408 generation=1
10-08 15:20:39.244 11315 11315 I SpinonBootstrap: SPINON_R05_SUBMIT renderer=wgpu input_seq=24 revision=24 generation=1 event_time_ns=593849000000 handler_uptime_ns=593849828991 queue_present_return_uptime_ns=593852232741 draw_accepted=true present_signal=unavailable attribution=input
10-08 15:20:39.244 11315 11315 I SpinonBootstrap: SPINON_R05_PRESENT_FLUSH queued=true generation=1
10-08 15:20:39.244 11315 11353 I SpinonBootstrap: SPINON_R05_PRESENT_FLUSH requested=true generation=1
10-08 15:20:39.245 11315 11315 I SpinonBootstrap: SPINON_R08_TOUCH count=24
10-08 15:20:39.245 11315 11353 I SpinonBootstrap: SPINON_R05_PRESENT renderer=wgpu signal=SurfaceView_JankData generation=1 current_generation=1 current_surface=true vsync_id=-1 present_time_ns=-1 present_state=unknown jank_type=0 actual_app_frame_ns=0 scheduled_app_frame_ns=0 callback_uptime_ns=593852962949 frame_id=unmatched revision=unmatched attribution=unmatched
10-08 15:20:39.604 11315 11315 I SpinonBootstrap: SPINON_R05_INPUT renderer=wgpu input_seq=25 phase=ACTION_UP timestamp_precision=nanosecond_representation input_source=unknown handler_clock_resolution=nanosecond_api event_time_ns=594211000000 handler_uptime_ns=594212422658 generation=1
10-08 15:20:39.607 11315 11315 I SpinonBootstrap: SPINON_R05_SUBMIT renderer=wgpu input_seq=25 revision=25 generation=1 event_time_ns=594211000000 handler_uptime_ns=594212513699 queue_present_return_uptime_ns=594215073449 draw_accepted=true present_signal=unavailable attribution=input
10-08 15:20:39.607 11315 11315 I SpinonBootstrap: SPINON_R05_PRESENT_FLUSH queued=true generation=1
10-08 15:20:39.607 11315 11353 I SpinonBootstrap: SPINON_R05_PRESENT_FLUSH requested=true generation=1
10-08 15:20:39.608 11315 11353 I SpinonBootstrap: SPINON_R05_PRESENT renderer=wgpu signal=SurfaceView_JankData generation=1 current_generation=1 current_surface=true vsync_id=-1 present_time_ns=-1 present_state=unknown jank_type=0 actual_app_frame_ns=0 scheduled_app_frame_ns=0 callback_uptime_ns=594215840824 frame_id=unmatched revision=unmatched attribution=unmatched
10-08 15:20:39.608 11315 11315 I SpinonBootstrap: SPINON_R08_TOUCH count=25
10-08 15:20:39.967 11315 11315 I SpinonBootstrap: SPINON_R05_INPUT renderer=wgpu input_seq=26 phase=ACTION_UP timestamp_precision=nanosecond_representation input_source=unknown handler_clock_resolution=nanosecond_api event_time_ns=594574000000 handler_uptime_ns=594574866866 generation=1
10-08 15:20:39.970 11315 11315 I SpinonBootstrap: SPINON_R05_SUBMIT renderer=wgpu input_seq=26 revision=26 generation=1 event_time_ns=594574000000 handler_uptime_ns=594575336450 queue_present_return_uptime_ns=594577712658 draw_accepted=true present_signal=unavailable attribution=input
10-08 15:20:39.970 11315 11315 I SpinonBootstrap: SPINON_R05_PRESENT_FLUSH queued=true generation=1
10-08 15:20:39.970 11315 11353 I SpinonBootstrap: SPINON_R05_PRESENT_FLUSH requested=true generation=1
10-08 15:20:39.970 11315 11353 I SpinonBootstrap: SPINON_R05_PRESENT renderer=wgpu signal=SurfaceView_JankData generation=1 current_generation=1 current_surface=true vsync_id=-1 present_time_ns=-1 present_state=unknown jank_type=0 actual_app_frame_ns=0 scheduled_app_frame_ns=0 callback_uptime_ns=594578268200 frame_id=unmatched revision=unmatched attribution=unmatched
10-08 15:20:39.970 11315 11315 I SpinonBootstrap: SPINON_R08_TOUCH count=26
10-08 15:20:40.329 11315 11315 I SpinonBootstrap: SPINON_R05_INPUT renderer=wgpu input_seq=27 phase=ACTION_UP timestamp_precision=nanosecond_representation input_source=unknown handler_clock_resolution=nanosecond_api event_time_ns=594936000000 handler_uptime_ns=594937439658 generation=1
10-08 15:20:40.332 11315 11315 I SpinonBootstrap: SPINON_R05_SUBMIT renderer=wgpu input_seq=27 revision=27 generation=1 event_time_ns=594936000000 handler_uptime_ns=594937642241 queue_present_return_uptime_ns=594939767575 draw_accepted=true present_signal=unavailable attribution=input
10-08 15:20:40.332 11315 11315 I SpinonBootstrap: SPINON_R05_PRESENT_FLUSH queued=true generation=1
10-08 15:20:40.332 11315 11315 I SpinonBootstrap: SPINON_R08_TOUCH count=27
10-08 15:20:40.333 11315 11353 I SpinonBootstrap: SPINON_R05_PRESENT_FLUSH requested=true generation=1
10-08 15:20:40.333 11315 11353 I SpinonBootstrap: SPINON_R05_PRESENT renderer=wgpu signal=SurfaceView_JankData generation=1 current_generation=1 current_surface=true vsync_id=-1 present_time_ns=-1 present_state=unknown jank_type=0 actual_app_frame_ns=0 scheduled_app_frame_ns=0 callback_uptime_ns=594941099283 frame_id=unmatched revision=unmatched attribution=unmatched
10-08 15:20:40.704 11315 11315 I SpinonBootstrap: SPINON_R05_INPUT renderer=wgpu input_seq=28 phase=ACTION_UP timestamp_precision=nanosecond_representation input_source=unknown handler_clock_resolution=nanosecond_api event_time_ns=595310000000 handler_uptime_ns=595311571033 generation=1
10-08 15:20:40.706 11315 11315 I SpinonBootstrap: SPINON_R05_SUBMIT renderer=wgpu input_seq=28 revision=28 generation=1 event_time_ns=595310000000 handler_uptime_ns=595311656283 queue_present_return_uptime_ns=595313974158 draw_accepted=true present_signal=unavailable attribution=input
10-08 15:20:40.706 11315 11315 I SpinonBootstrap: SPINON_R05_PRESENT_FLUSH queued=true generation=1
10-08 15:20:40.706 11315 11353 I SpinonBootstrap: SPINON_R05_PRESENT_FLUSH requested=true generation=1
10-08 15:20:40.707 11315 11315 I SpinonBootstrap: SPINON_R08_TOUCH count=28
10-08 15:20:40.707 11315 11353 I SpinonBootstrap: SPINON_R05_PRESENT renderer=wgpu signal=SurfaceView_JankData generation=1 current_generation=1 current_surface=true vsync_id=-1 present_time_ns=-1 present_state=unknown jank_type=0 actual_app_frame_ns=0 scheduled_app_frame_ns=0 callback_uptime_ns=595315018242 frame_id=unmatched revision=unmatched attribution=unmatched
10-08 15:20:41.066 11315 11315 I SpinonBootstrap: SPINON_R05_INPUT renderer=wgpu input_seq=29 phase=ACTION_UP timestamp_precision=nanosecond_representation input_source=unknown handler_clock_resolution=nanosecond_api event_time_ns=595673000000 handler_uptime_ns=595674159658 generation=1
10-08 15:20:41.069 11315 11315 I SpinonBootstrap: SPINON_R05_SUBMIT renderer=wgpu input_seq=29 revision=29 generation=1 event_time_ns=595673000000 handler_uptime_ns=595674241992 queue_present_return_uptime_ns=595676604158 draw_accepted=true present_signal=unavailable attribution=input
10-08 15:20:41.069 11315 11315 I SpinonBootstrap: SPINON_R05_PRESENT_FLUSH queued=true generation=1
10-08 15:20:41.069 11315 11353 I SpinonBootstrap: SPINON_R05_PRESENT_FLUSH requested=true generation=1
10-08 15:20:41.069 11315 11315 I SpinonBootstrap: SPINON_R08_TOUCH count=29
10-08 15:20:41.069 11315 11353 I SpinonBootstrap: SPINON_R05_PRESENT renderer=wgpu signal=SurfaceView_JankData generation=1 current_generation=1 current_surface=true vsync_id=-1 present_time_ns=-1 present_state=unknown jank_type=0 actual_app_frame_ns=0 scheduled_app_frame_ns=0 callback_uptime_ns=595677039825 frame_id=unmatched revision=unmatched attribution=unmatched
10-08 15:20:41.428 11315 11315 I SpinonBootstrap: SPINON_R05_INPUT renderer=wgpu input_seq=30 phase=ACTION_UP timestamp_precision=nanosecond_representation input_source=unknown handler_clock_resolution=nanosecond_api event_time_ns=596034000000 handler_uptime_ns=596035575200 generation=1
10-08 15:20:41.430 11315 11315 I SpinonBootstrap: SPINON_R05_SUBMIT renderer=wgpu input_seq=30 revision=30 generation=1 event_time_ns=596034000000 handler_uptime_ns=596035642034 queue_present_return_uptime_ns=596037671492 draw_accepted=true present_signal=unavailable attribution=input
10-08 15:20:41.430 11315 11315 I SpinonBootstrap: SPINON_R05_PRESENT_FLUSH queued=true generation=1
10-08 15:20:41.430 11315 11353 I SpinonBootstrap: SPINON_R05_PRESENT_FLUSH requested=true generation=1
10-08 15:20:41.430 11315 11315 I SpinonBootstrap: SPINON_R08_TOUCH count=30
10-08 15:20:41.430 11315 11353 I SpinonBootstrap: SPINON_R05_PRESENT renderer=wgpu signal=SurfaceView_JankData generation=1 current_generation=1 current_surface=true vsync_id=-1 present_time_ns=-1 present_state=unknown jank_type=0 actual_app_frame_ns=0 scheduled_app_frame_ns=0 callback_uptime_ns=596038231200 frame_id=unmatched revision=unmatched attribution=unmatched
