--------- beginning of main
10-08 15:19:16.697 10415 10415 I SpinonBootstrap: SPINON_R08_UI=ready text-input=EditText accessibility=button+EditText
10-08 15:19:16.771 10415 10415 I SpinonBootstrap: SPINON_R05_SURFACE renderer=wgpu type=SurfaceView generation=1
10-08 15:19:16.772 10415 10415 I SpinonBootstrap: SPINON_R05_SIGNAL_CAPABILITY renderer=wgpu signal=SurfaceView_JankData available=true reason=registered api=37 api_full=3700002
10-08 15:19:16.864 10415 10415 I SpinonBootstrap: SPINON_R08_WGPU=ready backend=Vulkan device=VirtualGpu name=Goldfish GFXStream (llvmpipe (LLVM 21.1.4, 128 bits)) google_display_timing_supported=false format=Rgba8Unorm color_space=Auto supported_formats=[Rgba8UnormSrgb, Rgba8Unorm, Rgba16Float, Rgb10a2Unorm]
10-08 15:19:16.864 10415 10415 I SpinonBootstrap: SPINON_R08_WGPU_SURFACE=size 1080x1920
10-08 15:19:17.056 10415 10415 I SpinonBootstrap: SPINON_R05_INPUT renderer=wgpu input_seq=1 phase=ACTION_UP timestamp_precision=nanosecond_representation input_source=unknown handler_clock_resolution=nanosecond_api event_time_ns=511662000000 handler_uptime_ns=511663825952 generation=1
10-08 15:19:17.068 10415 10415 I SpinonBootstrap: SPINON_R05_SUBMIT renderer=wgpu input_seq=1 revision=1 generation=1 event_time_ns=511662000000 handler_uptime_ns=511664608202 queue_present_return_uptime_ns=511676067327 draw_accepted=true present_signal=unavailable attribution=input
10-08 15:19:17.069 10415 10415 I SpinonBootstrap: SPINON_R05_PRESENT_FLUSH queued=true generation=1
10-08 15:19:17.069 10415 10466 I SpinonBootstrap: SPINON_R05_PRESENT_FLUSH requested=true generation=1
10-08 15:19:17.069 10415 10415 I SpinonBootstrap: SPINON_R08_TOUCH count=1
10-08 15:19:17.077 10415 10466 I SpinonBootstrap: SPINON_R05_PRESENT renderer=wgpu signal=SurfaceView_JankData generation=1 current_generation=1 current_surface=true vsync_id=-1 present_time_ns=-1 present_state=unknown jank_type=0 actual_app_frame_ns=0 scheduled_app_frame_ns=0 callback_uptime_ns=511684656577 frame_id=unmatched revision=unmatched attribution=unmatched
10-08 15:19:17.077 10415 10466 I SpinonBootstrap: SPINON_R05_PRESENT renderer=wgpu signal=SurfaceView_JankData generation=1 current_generation=1 current_surface=true vsync_id=26550 present_time_ns=-1 present_state=unknown jank_type=3 actual_app_frame_ns=196865998 scheduled_app_frame_ns=16666666 callback_uptime_ns=511684656577 frame_id=unmatched revision=unmatched attribution=unmatched
10-08 15:19:17.238 10415 10415 I SpinonBootstrap: SPINON_R05_INPUT renderer=wgpu input_seq=2 phase=ACTION_UP timestamp_precision=nanosecond_representation input_source=unknown handler_clock_resolution=nanosecond_api event_time_ns=511844000000 handler_uptime_ns=511845919452 generation=1
10-08 15:19:17.251 10415 10415 I SpinonBootstrap: SPINON_R05_SUBMIT renderer=wgpu input_seq=2 revision=2 generation=1 event_time_ns=511844000000 handler_uptime_ns=511847756410 queue_present_return_uptime_ns=511859029952 draw_accepted=true present_signal=unavailable attribution=input
10-08 15:19:17.251 10415 10415 I SpinonBootstrap: SPINON_R05_PRESENT_FLUSH queued=true generation=1
10-08 15:19:17.251 10415 10415 I SpinonBootstrap: SPINON_R08_TOUCH count=2
10-08 15:19:17.252 10415 10466 I SpinonBootstrap: SPINON_R05_PRESENT_FLUSH requested=true generation=1
10-08 15:19:17.252 10415 10466 I SpinonBootstrap: SPINON_R05_PRESENT renderer=wgpu signal=SurfaceView_JankData generation=1 current_generation=1 current_surface=true vsync_id=-1 present_time_ns=-1 present_state=unknown jank_type=0 actual_app_frame_ns=0 scheduled_app_frame_ns=0 callback_uptime_ns=511860289160 frame_id=unmatched revision=unmatched attribution=unmatched
10-08 15:19:17.425 10415 10415 I SpinonBootstrap: SPINON_R05_INPUT renderer=wgpu input_seq=3 phase=ACTION_UP timestamp_precision=nanosecond_representation input_source=unknown handler_clock_resolution=nanosecond_api event_time_ns=512023000000 handler_uptime_ns=512033155577 generation=1
10-08 15:19:17.429 10415 10415 I SpinonBootstrap: SPINON_R05_SUBMIT renderer=wgpu input_seq=3 revision=3 generation=1 event_time_ns=512023000000 handler_uptime_ns=512034615535 queue_present_return_uptime_ns=512036963994 draw_accepted=true present_signal=unavailable attribution=input
10-08 15:19:17.429 10415 10415 I SpinonBootstrap: SPINON_R05_PRESENT_FLUSH queued=true generation=1
10-08 15:19:17.429 10415 10415 I SpinonBootstrap: SPINON_R08_TOUCH count=3
10-08 15:19:17.431 10415 10466 I SpinonBootstrap: SPINON_R05_PRESENT_FLUSH requested=true generation=1
10-08 15:19:17.432 10415 10466 I SpinonBootstrap: SPINON_R05_PRESENT renderer=wgpu signal=SurfaceView_JankData generation=1 current_generation=1 current_surface=true vsync_id=-1 present_time_ns=-1 present_state=unknown jank_type=0 actual_app_frame_ns=0 scheduled_app_frame_ns=0 callback_uptime_ns=512039543327 frame_id=unmatched revision=unmatched attribution=unmatched
10-08 15:19:17.596 10415 10415 I SpinonBootstrap: SPINON_R05_INPUT renderer=wgpu input_seq=4 phase=ACTION_UP timestamp_precision=nanosecond_representation input_source=unknown handler_clock_resolution=nanosecond_api event_time_ns=512202000000 handler_uptime_ns=512203629702 generation=1
10-08 15:19:17.599 10415 10415 I SpinonBootstrap: SPINON_R05_SUBMIT renderer=wgpu input_seq=4 revision=4 generation=1 event_time_ns=512202000000 handler_uptime_ns=512203799535 queue_present_return_uptime_ns=512206977285 draw_accepted=true present_signal=unavailable attribution=input
10-08 15:19:17.599 10415 10415 I SpinonBootstrap: SPINON_R05_PRESENT_FLUSH queued=true generation=1
10-08 15:19:17.600 10415 10415 I SpinonBootstrap: SPINON_R08_TOUCH count=4
10-08 15:19:17.604 10415 10466 I SpinonBootstrap: SPINON_R05_PRESENT_FLUSH requested=true generation=1
10-08 15:19:17.604 10415 10466 I SpinonBootstrap: SPINON_R05_PRESENT renderer=wgpu signal=SurfaceView_JankData generation=1 current_generation=1 current_surface=true vsync_id=-1 present_time_ns=-1 present_state=unknown jank_type=0 actual_app_frame_ns=0 scheduled_app_frame_ns=0 callback_uptime_ns=512212071035 frame_id=unmatched revision=unmatched attribution=unmatched
10-08 15:19:17.768 10415 10415 I SpinonBootstrap: SPINON_R05_INPUT renderer=wgpu input_seq=5 phase=ACTION_UP timestamp_precision=nanosecond_representation input_source=unknown handler_clock_resolution=nanosecond_api event_time_ns=512375000000 handler_uptime_ns=512375921035 generation=1
10-08 15:19:17.770 10415 10415 I SpinonBootstrap: SPINON_R05_SUBMIT renderer=wgpu input_seq=5 revision=5 generation=1 event_time_ns=512375000000 handler_uptime_ns=512376083494 queue_present_return_uptime_ns=512378076827 draw_accepted=true present_signal=unavailable attribution=input
10-08 15:19:17.770 10415 10415 I SpinonBootstrap: SPINON_R05_PRESENT_FLUSH queued=true generation=1
10-08 15:19:17.770 10415 10466 I SpinonBootstrap: SPINON_R05_PRESENT_FLUSH requested=true generation=1
10-08 15:19:17.771 10415 10415 I SpinonBootstrap: SPINON_R08_TOUCH count=5
10-08 15:19:17.771 10415 10466 I SpinonBootstrap: SPINON_R05_PRESENT renderer=wgpu signal=SurfaceView_JankData generation=1 current_generation=1 current_surface=true vsync_id=-1 present_time_ns=-1 present_state=unknown jank_type=0 actual_app_frame_ns=0 scheduled_app_frame_ns=0 callback_uptime_ns=512378644285 frame_id=unmatched revision=unmatched attribution=unmatched
10-08 15:19:17.930 10415 10415 I SpinonBootstrap: SPINON_R05_INPUT renderer=wgpu input_seq=6 phase=ACTION_UP timestamp_precision=nanosecond_representation input_source=unknown handler_clock_resolution=nanosecond_api event_time_ns=512536000000 handler_uptime_ns=512537464036 generation=1
10-08 15:19:17.932 10415 10415 I SpinonBootstrap: SPINON_R05_SUBMIT renderer=wgpu input_seq=6 revision=6 generation=1 event_time_ns=512536000000 handler_uptime_ns=512537518202 queue_present_return_uptime_ns=512539710661 draw_accepted=true present_signal=unavailable attribution=input
10-08 15:19:17.932 10415 10415 I SpinonBootstrap: SPINON_R05_PRESENT_FLUSH queued=true generation=1
10-08 15:19:17.932 10415 10466 I SpinonBootstrap: SPINON_R05_PRESENT_FLUSH requested=true generation=1
10-08 15:19:17.933 10415 10415 I SpinonBootstrap: SPINON_R08_TOUCH count=6
10-08 15:19:17.933 10415 10466 I SpinonBootstrap: SPINON_R05_PRESENT renderer=wgpu signal=SurfaceView_JankData generation=1 current_generation=1 current_surface=true vsync_id=-1 present_time_ns=-1 present_state=unknown jank_type=0 actual_app_frame_ns=0 scheduled_app_frame_ns=0 callback_uptime_ns=512541189411 frame_id=unmatched revision=unmatched attribution=unmatched
10-08 15:19:18.103 10415 10415 I SpinonBootstrap: SPINON_R05_INPUT renderer=wgpu input_seq=7 phase=ACTION_UP timestamp_precision=nanosecond_representation input_source=unknown handler_clock_resolution=nanosecond_api event_time_ns=512710000000 handler_uptime_ns=512711352036 generation=1
10-08 15:19:18.106 10415 10415 I SpinonBootstrap: SPINON_R05_SUBMIT renderer=wgpu input_seq=7 revision=7 generation=1 event_time_ns=512710000000 handler_uptime_ns=512711490786 queue_present_return_uptime_ns=512713595577 draw_accepted=true present_signal=unavailable attribution=input
10-08 15:19:18.106 10415 10415 I SpinonBootstrap: SPINON_R05_PRESENT_FLUSH queued=true generation=1
10-08 15:19:18.106 10415 10466 I SpinonBootstrap: SPINON_R05_PRESENT_FLUSH requested=true generation=1
10-08 15:19:18.106 10415 10415 I SpinonBootstrap: SPINON_R08_TOUCH count=7
10-08 15:19:18.106 10415 10466 I SpinonBootstrap: SPINON_R05_PRESENT renderer=wgpu signal=SurfaceView_JankData generation=1 current_generation=1 current_surface=true vsync_id=-1 present_time_ns=-1 present_state=unknown jank_type=0 actual_app_frame_ns=0 scheduled_app_frame_ns=0 callback_uptime_ns=512714446577 frame_id=unmatched revision=unmatched attribution=unmatched
10-08 15:19:18.268 10415 10415 I SpinonBootstrap: SPINON_R05_INPUT renderer=wgpu input_seq=8 phase=ACTION_UP timestamp_precision=nanosecond_representation input_source=unknown handler_clock_resolution=nanosecond_api event_time_ns=512875000000 handler_uptime_ns=512876320244 generation=1
10-08 15:19:18.271 10415 10415 I SpinonBootstrap: SPINON_R05_SUBMIT renderer=wgpu input_seq=8 revision=8 generation=1 event_time_ns=512875000000 handler_uptime_ns=512876495494 queue_present_return_uptime_ns=512879255036 draw_accepted=true present_signal=unavailable attribution=input
10-08 15:19:18.271 10415 10415 I SpinonBootstrap: SPINON_R05_PRESENT_FLUSH queued=true generation=1
10-08 15:19:18.271 10415 10466 I SpinonBootstrap: SPINON_R05_PRESENT_FLUSH requested=true generation=1
10-08 15:19:18.272 10415 10415 I SpinonBootstrap: SPINON_R08_TOUCH count=8
10-08 15:19:18.272 10415 10466 I SpinonBootstrap: SPINON_R05_PRESENT renderer=wgpu signal=SurfaceView_JankData generation=1 current_generation=1 current_surface=true vsync_id=-1 present_time_ns=-1 present_state=unknown jank_type=0 actual_app_frame_ns=0 scheduled_app_frame_ns=0 callback_uptime_ns=512879831869 frame_id=unmatched revision=unmatched attribution=unmatched
10-08 15:19:18.432 10415 10415 I SpinonBootstrap: SPINON_R05_INPUT renderer=wgpu input_seq=9 phase=ACTION_UP timestamp_precision=nanosecond_representation input_source=unknown handler_clock_resolution=nanosecond_api event_time_ns=513038000000 handler_uptime_ns=513039588411 generation=1
10-08 15:19:18.434 10415 10415 I SpinonBootstrap: SPINON_R05_SUBMIT renderer=wgpu input_seq=9 revision=9 generation=1 event_time_ns=513038000000 handler_uptime_ns=513039693994 queue_present_return_uptime_ns=513041746119 draw_accepted=true present_signal=unavailable attribution=input
10-08 15:19:18.434 10415 10415 I SpinonBootstrap: SPINON_R05_PRESENT_FLUSH queued=true generation=1
10-08 15:19:18.434 10415 10466 I SpinonBootstrap: SPINON_R05_PRESENT_FLUSH requested=true generation=1
10-08 15:19:18.434 10415 10415 I SpinonBootstrap: SPINON_R08_TOUCH count=9
10-08 15:19:18.434 10415 10466 I SpinonBootstrap: SPINON_R05_PRESENT renderer=wgpu signal=SurfaceView_JankData generation=1 current_generation=1 current_surface=true vsync_id=-1 present_time_ns=-1 present_state=unknown jank_type=0 actual_app_frame_ns=0 scheduled_app_frame_ns=0 callback_uptime_ns=513042381369 frame_id=unmatched revision=unmatched attribution=unmatched
10-08 15:19:18.595 10415 10415 I SpinonBootstrap: SPINON_R05_INPUT renderer=wgpu input_seq=10 phase=ACTION_UP timestamp_precision=nanosecond_representation input_source=unknown handler_clock_resolution=nanosecond_api event_time_ns=513202000000 handler_uptime_ns=513202994661 generation=1
10-08 15:19:18.597 10415 10415 I SpinonBootstrap: SPINON_R05_SUBMIT renderer=wgpu input_seq=10 revision=10 generation=1 event_time_ns=513202000000 handler_uptime_ns=513203072244 queue_present_return_uptime_ns=513205029202 draw_accepted=true present_signal=unavailable attribution=input
10-08 15:19:18.597 10415 10415 I SpinonBootstrap: SPINON_R05_PRESENT_FLUSH queued=true generation=1
10-08 15:19:18.597 10415 10466 I SpinonBootstrap: SPINON_R05_PRESENT_FLUSH requested=true generation=1
10-08 15:19:18.598 10415 10415 I SpinonBootstrap: SPINON_R08_TOUCH count=10
10-08 15:19:18.598 10415 10466 I SpinonBootstrap: SPINON_R05_PRESENT renderer=wgpu signal=SurfaceView_JankData generation=1 current_generation=1 current_surface=true vsync_id=-1 present_time_ns=-1 present_state=unknown jank_type=0 actual_app_frame_ns=0 scheduled_app_frame_ns=0 callback_uptime_ns=513205611702 frame_id=unmatched revision=unmatched attribution=unmatched
10-08 15:19:18.762 10415 10415 I SpinonBootstrap: SPINON_R05_INPUT renderer=wgpu input_seq=11 phase=ACTION_UP timestamp_precision=nanosecond_representation input_source=unknown handler_clock_resolution=nanosecond_api event_time_ns=513369000000 handler_uptime_ns=513369929703 generation=1
10-08 15:19:18.764 10415 10415 I SpinonBootstrap: SPINON_R05_SUBMIT renderer=wgpu input_seq=11 revision=11 generation=1 event_time_ns=513369000000 handler_uptime_ns=513370006744 queue_present_return_uptime_ns=513371900536 draw_accepted=true present_signal=unavailable attribution=input
10-08 15:19:18.764 10415 10415 I SpinonBootstrap: SPINON_R05_PRESENT_FLUSH queued=true generation=1
10-08 15:19:18.764 10415 10466 I SpinonBootstrap: SPINON_R05_PRESENT_FLUSH requested=true generation=1
10-08 15:19:18.765 10415 10466 I SpinonBootstrap: SPINON_R05_PRESENT renderer=wgpu signal=SurfaceView_JankData generation=1 current_generation=1 current_surface=true vsync_id=-1 present_time_ns=-1 present_state=unknown jank_type=0 actual_app_frame_ns=0 scheduled_app_frame_ns=0 callback_uptime_ns=513372525994 frame_id=unmatched revision=unmatched attribution=unmatched
10-08 15:19:18.765 10415 10415 I SpinonBootstrap: SPINON_R08_TOUCH count=11
10-08 15:19:18.932 10415 10415 I SpinonBootstrap: SPINON_R05_INPUT renderer=wgpu input_seq=12 phase=ACTION_UP timestamp_precision=nanosecond_representation input_source=unknown handler_clock_resolution=nanosecond_api event_time_ns=513539000000 handler_uptime_ns=513540330828 generation=1
10-08 15:19:18.934 10415 10415 I SpinonBootstrap: SPINON_R05_SUBMIT renderer=wgpu input_seq=12 revision=12 generation=1 event_time_ns=513539000000 handler_uptime_ns=513540398369 queue_present_return_uptime_ns=513542217536 draw_accepted=true present_signal=unavailable attribution=input
10-08 15:19:18.934 10415 10415 I SpinonBootstrap: SPINON_R05_PRESENT_FLUSH queued=true generation=1
10-08 15:19:18.934 10415 10466 I SpinonBootstrap: SPINON_R05_PRESENT_FLUSH requested=true generation=1
10-08 15:19:18.935 10415 10415 I SpinonBootstrap: SPINON_R08_TOUCH count=12
10-08 15:19:18.935 10415 10466 I SpinonBootstrap: SPINON_R05_PRESENT renderer=wgpu signal=SurfaceView_JankData generation=1 current_generation=1 current_surface=true vsync_id=-1 present_time_ns=-1 present_state=unknown jank_type=0 actual_app_frame_ns=0 scheduled_app_frame_ns=0 callback_uptime_ns=513542671661 frame_id=unmatched revision=unmatched attribution=unmatched
10-08 15:19:19.094 10415 10415 I SpinonBootstrap: SPINON_R05_INPUT renderer=wgpu input_seq=13 phase=ACTION_UP timestamp_precision=nanosecond_representation input_source=unknown handler_clock_resolution=nanosecond_api event_time_ns=513701000000 handler_uptime_ns=513702253869 generation=1
10-08 15:19:19.096 10415 10415 I SpinonBootstrap: SPINON_R05_SUBMIT renderer=wgpu input_seq=13 revision=13 generation=1 event_time_ns=513701000000 handler_uptime_ns=513702328119 queue_present_return_uptime_ns=513704270036 draw_accepted=true present_signal=unavailable attribution=input
10-08 15:19:19.096 10415 10415 I SpinonBootstrap: SPINON_R05_PRESENT_FLUSH queued=true generation=1
10-08 15:19:19.097 10415 10415 I SpinonBootstrap: SPINON_R08_TOUCH count=13
10-08 15:19:19.097 10415 10466 I SpinonBootstrap: SPINON_R05_PRESENT_FLUSH requested=true generation=1
10-08 15:19:19.097 10415 10466 I SpinonBootstrap: SPINON_R05_PRESENT renderer=wgpu signal=SurfaceView_JankData generation=1 current_generation=1 current_surface=true vsync_id=-1 present_time_ns=-1 present_state=unknown jank_type=0 actual_app_frame_ns=0 scheduled_app_frame_ns=0 callback_uptime_ns=513704890453 frame_id=unmatched revision=unmatched attribution=unmatched
10-08 15:19:19.266 10415 10415 I SpinonBootstrap: SPINON_R05_INPUT renderer=wgpu input_seq=14 phase=ACTION_UP timestamp_precision=nanosecond_representation input_source=unknown handler_clock_resolution=nanosecond_api event_time_ns=513872000000 handler_uptime_ns=513873546953 generation=1
10-08 15:19:19.268 10415 10415 I SpinonBootstrap: SPINON_R05_SUBMIT renderer=wgpu input_seq=14 revision=14 generation=1 event_time_ns=513872000000 handler_uptime_ns=513873604619 queue_present_return_uptime_ns=513875511369 draw_accepted=true present_signal=unavailable attribution=input
10-08 15:19:19.268 10415 10415 I SpinonBootstrap: SPINON_R05_PRESENT_FLUSH queued=true generation=1
10-08 15:19:19.268 10415 10466 I SpinonBootstrap: SPINON_R05_PRESENT_FLUSH requested=true generation=1
10-08 15:19:19.268 10415 10415 I SpinonBootstrap: SPINON_R08_TOUCH count=14
10-08 15:19:19.268 10415 10466 I SpinonBootstrap: SPINON_R05_PRESENT renderer=wgpu signal=SurfaceView_JankData generation=1 current_generation=1 current_surface=true vsync_id=-1 present_time_ns=-1 present_state=unknown jank_type=0 actual_app_frame_ns=0 scheduled_app_frame_ns=0 callback_uptime_ns=513876342411 frame_id=unmatched revision=unmatched attribution=unmatched
10-08 15:19:19.429 10415 10415 I SpinonBootstrap: SPINON_R05_INPUT renderer=wgpu input_seq=15 phase=ACTION_UP timestamp_precision=nanosecond_representation input_source=unknown handler_clock_resolution=nanosecond_api event_time_ns=514035000000 handler_uptime_ns=514036938078 generation=1
10-08 15:19:19.431 10415 10415 I SpinonBootstrap: SPINON_R05_SUBMIT renderer=wgpu input_seq=15 revision=15 generation=1 event_time_ns=514035000000 handler_uptime_ns=514037009578 queue_present_return_uptime_ns=514038823370 draw_accepted=true present_signal=unavailable attribution=input
10-08 15:19:19.431 10415 10415 I SpinonBootstrap: SPINON_R05_PRESENT_FLUSH queued=true generation=1
10-08 15:19:19.431 10415 10466 I SpinonBootstrap: SPINON_R05_PRESENT_FLUSH requested=true generation=1
10-08 15:19:19.431 10415 10415 I SpinonBootstrap: SPINON_R08_TOUCH count=15
10-08 15:19:19.432 10415 10466 I SpinonBootstrap: SPINON_R05_PRESENT renderer=wgpu signal=SurfaceView_JankData generation=1 current_generation=1 current_surface=true vsync_id=-1 present_time_ns=-1 present_state=unknown jank_type=0 actual_app_frame_ns=0 scheduled_app_frame_ns=0 callback_uptime_ns=514039577411 frame_id=unmatched revision=unmatched attribution=unmatched
10-08 15:19:19.603 10415 10415 I SpinonBootstrap: SPINON_R05_INPUT renderer=wgpu input_seq=16 phase=ACTION_UP timestamp_precision=nanosecond_representation input_source=unknown handler_clock_resolution=nanosecond_api event_time_ns=514210000000 handler_uptime_ns=514211249078 generation=1
10-08 15:19:19.606 10415 10415 I SpinonBootstrap: SPINON_R05_SUBMIT renderer=wgpu input_seq=16 revision=16 generation=1 event_time_ns=514210000000 handler_uptime_ns=514211323786 queue_present_return_uptime_ns=514213469286 draw_accepted=true present_signal=unavailable attribution=input
10-08 15:19:19.606 10415 10415 I SpinonBootstrap: SPINON_R05_PRESENT_FLUSH queued=true generation=1
10-08 15:19:19.606 10415 10466 I SpinonBootstrap: SPINON_R05_PRESENT_FLUSH requested=true generation=1
10-08 15:19:19.606 10415 10415 I SpinonBootstrap: SPINON_R08_TOUCH count=16
10-08 15:19:19.606 10415 10466 I SpinonBootstrap: SPINON_R05_PRESENT renderer=wgpu signal=SurfaceView_JankData generation=1 current_generation=1 current_surface=true vsync_id=-1 present_time_ns=-1 present_state=unknown jank_type=0 actual_app_frame_ns=0 scheduled_app_frame_ns=0 callback_uptime_ns=514213960745 frame_id=unmatched revision=unmatched attribution=unmatched
10-08 15:19:19.767 10415 10415 I SpinonBootstrap: SPINON_R05_INPUT renderer=wgpu input_seq=17 phase=ACTION_UP timestamp_precision=nanosecond_representation input_source=unknown handler_clock_resolution=nanosecond_api event_time_ns=514373000000 handler_uptime_ns=514375092161 generation=1
10-08 15:19:19.769 10415 10415 I SpinonBootstrap: SPINON_R05_SUBMIT renderer=wgpu input_seq=17 revision=17 generation=1 event_time_ns=514373000000 handler_uptime_ns=514375185870 queue_present_return_uptime_ns=514377446245 draw_accepted=true present_signal=unavailable attribution=input
10-08 15:19:19.770 10415 10415 I SpinonBootstrap: SPINON_R05_PRESENT_FLUSH queued=true generation=1
10-08 15:19:19.770 10415 10466 I SpinonBootstrap: SPINON_R05_PRESENT_FLUSH requested=true generation=1
10-08 15:19:19.770 10415 10415 I SpinonBootstrap: SPINON_R08_TOUCH count=17
10-08 15:19:19.770 10415 10466 I SpinonBootstrap: SPINON_R05_PRESENT renderer=wgpu signal=SurfaceView_JankData generation=1 current_generation=1 current_surface=true vsync_id=-1 present_time_ns=-1 present_state=unknown jank_type=0 actual_app_frame_ns=0 scheduled_app_frame_ns=0 callback_uptime_ns=514377927870 frame_id=unmatched revision=unmatched attribution=unmatched
10-08 15:19:19.929 10415 10415 I SpinonBootstrap: SPINON_R05_INPUT renderer=wgpu input_seq=18 phase=ACTION_UP timestamp_precision=nanosecond_representation input_source=unknown handler_clock_resolution=nanosecond_api event_time_ns=514536000000 handler_uptime_ns=514537117828 generation=1
10-08 15:19:19.931 10415 10415 I SpinonBootstrap: SPINON_R05_SUBMIT renderer=wgpu input_seq=18 revision=18 generation=1 event_time_ns=514536000000 handler_uptime_ns=514537181120 queue_present_return_uptime_ns=514539196620 draw_accepted=true present_signal=unavailable attribution=input
10-08 15:19:19.931 10415 10415 I SpinonBootstrap: SPINON_R05_PRESENT_FLUSH queued=true generation=1
10-08 15:19:19.931 10415 10415 I SpinonBootstrap: SPINON_R08_TOUCH count=18
10-08 15:19:19.932 10415 10466 I SpinonBootstrap: SPINON_R05_PRESENT_FLUSH requested=true generation=1
10-08 15:19:19.933 10415 10466 I SpinonBootstrap: SPINON_R05_PRESENT renderer=wgpu signal=SurfaceView_JankData generation=1 current_generation=1 current_surface=true vsync_id=-1 present_time_ns=-1 present_state=unknown jank_type=0 actual_app_frame_ns=0 scheduled_app_frame_ns=0 callback_uptime_ns=514540655495 frame_id=unmatched revision=unmatched attribution=unmatched
10-08 15:19:20.098 10415 10415 I SpinonBootstrap: SPINON_R05_INPUT renderer=wgpu input_seq=19 phase=ACTION_UP timestamp_precision=nanosecond_representation input_source=unknown handler_clock_resolution=nanosecond_api event_time_ns=514704000000 handler_uptime_ns=514705517953 generation=1
10-08 15:19:20.100 10415 10415 I SpinonBootstrap: SPINON_R05_SUBMIT renderer=wgpu input_seq=19 revision=19 generation=1 event_time_ns=514704000000 handler_uptime_ns=514705594953 queue_present_return_uptime_ns=514707589037 draw_accepted=true present_signal=unavailable attribution=input
10-08 15:19:20.100 10415 10415 I SpinonBootstrap: SPINON_R05_PRESENT_FLUSH queued=true generation=1
10-08 15:19:20.100 10415 10466 I SpinonBootstrap: SPINON_R05_PRESENT_FLUSH requested=true generation=1
10-08 15:19:20.100 10415 10415 I SpinonBootstrap: SPINON_R08_TOUCH count=19
10-08 15:19:20.100 10415 10466 I SpinonBootstrap: SPINON_R05_PRESENT renderer=wgpu signal=SurfaceView_JankData generation=1 current_generation=1 current_surface=true vsync_id=-1 present_time_ns=-1 present_state=unknown jank_type=0 actual_app_frame_ns=0 scheduled_app_frame_ns=0 callback_uptime_ns=514708280953 frame_id=unmatched revision=unmatched attribution=unmatched
10-08 15:19:20.260 10415 10415 I SpinonBootstrap: SPINON_R05_INPUT renderer=wgpu input_seq=20 phase=ACTION_UP timestamp_precision=nanosecond_representation input_source=unknown handler_clock_resolution=nanosecond_api event_time_ns=514866000000 handler_uptime_ns=514867933620 generation=1
10-08 15:19:20.263 10415 10415 I SpinonBootstrap: SPINON_R05_SUBMIT renderer=wgpu input_seq=20 revision=20 generation=1 event_time_ns=514866000000 handler_uptime_ns=514868249370 queue_present_return_uptime_ns=514871190703 draw_accepted=true present_signal=unavailable attribution=input
10-08 15:19:20.263 10415 10415 I SpinonBootstrap: SPINON_R05_PRESENT_FLUSH queued=true generation=1
10-08 15:19:20.264 10415 10415 I SpinonBootstrap: SPINON_R08_TOUCH count=20
10-08 15:19:20.264 10415 10466 I SpinonBootstrap: SPINON_R05_PRESENT_FLUSH requested=true generation=1
10-08 15:19:20.265 10415 10466 I SpinonBootstrap: SPINON_R05_PRESENT renderer=wgpu signal=SurfaceView_JankData generation=1 current_generation=1 current_surface=true vsync_id=-1 present_time_ns=-1 present_state=unknown jank_type=0 actual_app_frame_ns=0 scheduled_app_frame_ns=0 callback_uptime_ns=514872642870 frame_id=unmatched revision=unmatched attribution=unmatched
10-08 15:19:20.426 10415 10415 I SpinonBootstrap: SPINON_R05_INPUT renderer=wgpu input_seq=21 phase=ACTION_UP timestamp_precision=nanosecond_representation input_source=unknown handler_clock_resolution=nanosecond_api event_time_ns=515032000000 handler_uptime_ns=515033626787 generation=1
10-08 15:19:20.429 10415 10415 I SpinonBootstrap: SPINON_R05_SUBMIT renderer=wgpu input_seq=21 revision=21 generation=1 event_time_ns=515032000000 handler_uptime_ns=515033711453 queue_present_return_uptime_ns=515036905912 draw_accepted=true present_signal=unavailable attribution=input
10-08 15:19:20.429 10415 10415 I SpinonBootstrap: SPINON_R05_PRESENT_FLUSH queued=true generation=1
10-08 15:19:20.429 10415 10415 I SpinonBootstrap: SPINON_R08_TOUCH count=21
10-08 15:19:20.430 10415 10466 I SpinonBootstrap: SPINON_R05_PRESENT_FLUSH requested=true generation=1
10-08 15:19:20.430 10415 10466 I SpinonBootstrap: SPINON_R05_PRESENT renderer=wgpu signal=SurfaceView_JankData generation=1 current_generation=1 current_surface=true vsync_id=-1 present_time_ns=-1 present_state=unknown jank_type=0 actual_app_frame_ns=0 scheduled_app_frame_ns=0 callback_uptime_ns=515037527203 frame_id=unmatched revision=unmatched attribution=unmatched
10-08 15:19:20.590 10415 10415 I SpinonBootstrap: SPINON_R05_INPUT renderer=wgpu input_seq=22 phase=ACTION_UP timestamp_precision=nanosecond_representation input_source=unknown handler_clock_resolution=nanosecond_api event_time_ns=515196000000 handler_uptime_ns=515197928245 generation=1
10-08 15:19:20.592 10415 10415 I SpinonBootstrap: SPINON_R05_SUBMIT renderer=wgpu input_seq=22 revision=22 generation=1 event_time_ns=515196000000 handler_uptime_ns=515198084120 queue_present_return_uptime_ns=515199851745 draw_accepted=true present_signal=unavailable attribution=input
10-08 15:19:20.592 10415 10415 I SpinonBootstrap: SPINON_R05_PRESENT_FLUSH queued=true generation=1
10-08 15:19:20.592 10415 10466 I SpinonBootstrap: SPINON_R05_PRESENT_FLUSH requested=true generation=1
10-08 15:19:20.592 10415 10415 I SpinonBootstrap: SPINON_R08_TOUCH count=22
10-08 15:19:20.593 10415 10466 I SpinonBootstrap: SPINON_R05_PRESENT renderer=wgpu signal=SurfaceView_JankData generation=1 current_generation=1 current_surface=true vsync_id=-1 present_time_ns=-1 present_state=unknown jank_type=0 actual_app_frame_ns=0 scheduled_app_frame_ns=0 callback_uptime_ns=515200997412 frame_id=unmatched revision=unmatched attribution=unmatched
10-08 15:19:20.751 10415 10415 I SpinonBootstrap: SPINON_R05_INPUT renderer=wgpu input_seq=23 phase=ACTION_UP timestamp_precision=nanosecond_representation input_source=unknown handler_clock_resolution=nanosecond_api event_time_ns=515358000000 handler_uptime_ns=515359167912 generation=1
10-08 15:19:20.753 10415 10415 I SpinonBootstrap: SPINON_R05_SUBMIT renderer=wgpu input_seq=23 revision=23 generation=1 event_time_ns=515358000000 handler_uptime_ns=515359232745 queue_present_return_uptime_ns=515361383704 draw_accepted=true present_signal=unavailable attribution=input
10-08 15:19:20.753 10415 10415 I SpinonBootstrap: SPINON_R05_PRESENT_FLUSH queued=true generation=1
10-08 15:19:20.754 10415 10415 I SpinonBootstrap: SPINON_R08_TOUCH count=23
10-08 15:19:20.754 10415 10466 I SpinonBootstrap: SPINON_R05_PRESENT_FLUSH requested=true generation=1
10-08 15:19:20.754 10415 10466 I SpinonBootstrap: SPINON_R05_PRESENT renderer=wgpu signal=SurfaceView_JankData generation=1 current_generation=1 current_surface=true vsync_id=-1 present_time_ns=-1 present_state=unknown jank_type=0 actual_app_frame_ns=0 scheduled_app_frame_ns=0 callback_uptime_ns=515362104204 frame_id=unmatched revision=unmatched attribution=unmatched
10-08 15:19:20.914 10415 10415 I SpinonBootstrap: SPINON_R05_INPUT renderer=wgpu input_seq=24 phase=ACTION_UP timestamp_precision=nanosecond_representation input_source=unknown handler_clock_resolution=nanosecond_api event_time_ns=515521000000 handler_uptime_ns=515521683079 generation=1
10-08 15:19:20.916 10415 10415 I SpinonBootstrap: SPINON_R05_SUBMIT renderer=wgpu input_seq=24 revision=24 generation=1 event_time_ns=515521000000 handler_uptime_ns=515521787912 queue_present_return_uptime_ns=515523690829 draw_accepted=true present_signal=unavailable attribution=input
10-08 15:19:20.916 10415 10415 I SpinonBootstrap: SPINON_R05_PRESENT_FLUSH queued=true generation=1
10-08 15:19:20.916 10415 10466 I SpinonBootstrap: SPINON_R05_PRESENT_FLUSH requested=true generation=1
10-08 15:19:20.916 10415 10415 I SpinonBootstrap: SPINON_R08_TOUCH count=24
10-08 15:19:20.917 10415 10466 I SpinonBootstrap: SPINON_R05_PRESENT renderer=wgpu signal=SurfaceView_JankData generation=1 current_generation=1 current_surface=true vsync_id=-1 present_time_ns=-1 present_state=unknown jank_type=0 actual_app_frame_ns=0 scheduled_app_frame_ns=0 callback_uptime_ns=515524629537 frame_id=unmatched revision=unmatched attribution=unmatched
10-08 15:19:21.076 10415 10415 I SpinonBootstrap: SPINON_R05_INPUT renderer=wgpu input_seq=25 phase=ACTION_UP timestamp_precision=nanosecond_representation input_source=unknown handler_clock_resolution=nanosecond_api event_time_ns=515683000000 handler_uptime_ns=515684329370 generation=1
10-08 15:19:21.078 10415 10415 I SpinonBootstrap: SPINON_R05_SUBMIT renderer=wgpu input_seq=25 revision=25 generation=1 event_time_ns=515683000000 handler_uptime_ns=515684380162 queue_present_return_uptime_ns=515686177162 draw_accepted=true present_signal=unavailable attribution=input
10-08 15:19:21.078 10415 10415 I SpinonBootstrap: SPINON_R05_PRESENT_FLUSH queued=true generation=1
10-08 15:19:21.078 10415 10466 I SpinonBootstrap: SPINON_R05_PRESENT_FLUSH requested=true generation=1
10-08 15:19:21.079 10415 10466 I SpinonBootstrap: SPINON_R05_PRESENT renderer=wgpu signal=SurfaceView_JankData generation=1 current_generation=1 current_surface=true vsync_id=-1 present_time_ns=-1 present_state=unknown jank_type=0 actual_app_frame_ns=0 scheduled_app_frame_ns=0 callback_uptime_ns=515686812745 frame_id=unmatched revision=unmatched attribution=unmatched
10-08 15:19:21.079 10415 10415 I SpinonBootstrap: SPINON_R08_TOUCH count=25
10-08 15:19:21.237 10415 10415 I SpinonBootstrap: SPINON_R05_INPUT renderer=wgpu input_seq=26 phase=ACTION_UP timestamp_precision=nanosecond_representation input_source=unknown handler_clock_resolution=nanosecond_api event_time_ns=515844000000 handler_uptime_ns=515845400120 generation=1
10-08 15:19:21.240 10415 10415 I SpinonBootstrap: SPINON_R05_SUBMIT renderer=wgpu input_seq=26 revision=26 generation=1 event_time_ns=515844000000 handler_uptime_ns=515845503787 queue_present_return_uptime_ns=515847467412 draw_accepted=true present_signal=unavailable attribution=input
10-08 15:19:21.240 10415 10415 I SpinonBootstrap: SPINON_R05_PRESENT_FLUSH queued=true generation=1
10-08 15:19:21.240 10415 10415 I SpinonBootstrap: SPINON_R08_TOUCH count=26
10-08 15:19:21.240 10415 10466 I SpinonBootstrap: SPINON_R05_PRESENT_FLUSH requested=true generation=1
10-08 15:19:21.240 10415 10466 I SpinonBootstrap: SPINON_R05_PRESENT renderer=wgpu signal=SurfaceView_JankData generation=1 current_generation=1 current_surface=true vsync_id=-1 present_time_ns=-1 present_state=unknown jank_type=0 actual_app_frame_ns=0 scheduled_app_frame_ns=0 callback_uptime_ns=515848263120 frame_id=unmatched revision=unmatched attribution=unmatched
10-08 15:19:21.399 10415 10415 I SpinonBootstrap: SPINON_R05_INPUT renderer=wgpu input_seq=27 phase=ACTION_UP timestamp_precision=nanosecond_representation input_source=unknown handler_clock_resolution=nanosecond_api event_time_ns=516006000000 handler_uptime_ns=516006872996 generation=1
10-08 15:19:21.401 10415 10415 I SpinonBootstrap: SPINON_R05_SUBMIT renderer=wgpu input_seq=27 revision=27 generation=1 event_time_ns=516006000000 handler_uptime_ns=516006925621 queue_present_return_uptime_ns=516008894121 draw_accepted=true present_signal=unavailable attribution=input
10-08 15:19:21.401 10415 10415 I SpinonBootstrap: SPINON_R05_PRESENT_FLUSH queued=true generation=1
10-08 15:19:21.401 10415 10466 I SpinonBootstrap: SPINON_R05_PRESENT_FLUSH requested=true generation=1
10-08 15:19:21.401 10415 10415 I SpinonBootstrap: SPINON_R08_TOUCH count=27
10-08 15:19:21.402 10415 10466 I SpinonBootstrap: SPINON_R05_PRESENT renderer=wgpu signal=SurfaceView_JankData generation=1 current_generation=1 current_surface=true vsync_id=-1 present_time_ns=-1 present_state=unknown jank_type=0 actual_app_frame_ns=0 scheduled_app_frame_ns=0 callback_uptime_ns=516009573662 frame_id=unmatched revision=unmatched attribution=unmatched
