--------- beginning of main
10-08 16:29:43.911 27711 27734 I SpinonBootstrap: SPINON_BOOTSTRAP_EXECUTION is_main_thread=false
10-08 16:29:43.927 27711 27734 I SpinonBootstrap: SPINON_BOOTSTRAP_RESULT=nodes=2 last_node=8 tag=text text=이벤트:7 · 문서 revision 25 document_revision=25 render_tree_revision=15 document_nodes=10
10-08 16:29:44.455 27756 27756 I SpinonBootstrap: SPINON_R08_UI=ready text-input=EditText accessibility=button+EditText
10-08 16:29:44.534 27756 27756 I SpinonBootstrap: SPINON_R05_SURFACE renderer=wgpu type=SurfaceView generation=1
10-08 16:29:44.534 27756 27756 I SpinonBootstrap: SPINON_R05_SIGNAL_CAPABILITY renderer=wgpu signal=SurfaceView_JankData available=true reason=registered api=37 api_full=3700002
10-08 16:29:44.713 27756 27756 I SpinonBootstrap: SPINON_R08_WGPU=ready backend=Vulkan device=VirtualGpu name=Goldfish GFXStream (llvmpipe (LLVM 21.1.4, 128 bits)) google_display_timing_supported=false format=Rgba8Unorm color_space=Auto supported_formats=[Rgba8UnormSrgb, Rgba8Unorm, Rgba16Float, Rgb10a2Unorm]
10-08 16:29:44.713 27756 27756 I SpinonBootstrap: SPINON_R08_WGPU_SURFACE=size 1080x1920
10-08 16:29:46.253 27756 27756 I SpinonBootstrap: SPINON_R05_INPUT renderer=wgpu input_seq=1 phase=ACTION_UP timestamp_precision=nanosecond_representation input_source=unknown handler_clock_resolution=nanosecond_api event_time_ns=4740859000000 handler_uptime_ns=4740861177552 generation=1
10-08 16:29:46.255 27756 27756 I SpinonBootstrap: SPINON_R05_FRAME_TIMELINE_REQUEST renderer=wgpu request_id=1 input_seq=1 revision=1 generation=1 state=posted
10-08 16:29:46.256 27756 27756 I SpinonBootstrap: SPINON_R08_TOUCH count=1
10-08 16:29:46.289 27756 27756 I SpinonBootstrap: SPINON_R05_FRAME_TIMELINE_TARGET renderer=wgpu request_id=1 input_seq=1 revision=1 generation=1 vsync_id=135783 deadline_ns=4740923135520 expected_presentation_ns=4740938802186 render_mode=on_demand
10-08 16:29:46.289 27756 27756 I SpinonBootstrap: SPINON_R05_FRAME_TIMELINE_APPLY renderer=wgpu request_id=1 input_seq=1 revision=1 generation=1 target_vsync_id=135783 transaction=queued_for_next_surface_frame
10-08 16:29:46.298 27756 27756 I SpinonBootstrap: SPINON_R05_SUBMIT renderer=wgpu input_seq=1 revision=1 generation=1 event_time_ns=4740859000000 handler_uptime_ns=4740896766135 queue_present_return_uptime_ns=4740905902927 draw_accepted=true present_signal=unavailable attribution=input
10-08 16:29:46.298 27756 27756 I SpinonBootstrap: SPINON_R05_PRESENT_FLUSH renderer=wgpu queued=true generation=1
10-08 16:29:46.299 27756 27756 I SpinonBootstrap: SPINON_R05_PRESENT_DRAIN renderer=wgpu generation=1 queued=true delay_ms=250
10-08 16:29:46.299 27756 27839 I SpinonBootstrap: SPINON_R05_PRESENT_FLUSH requested=true renderer=wgpu generation=1
10-08 16:29:46.299 27756 27839 I SpinonBootstrap: SPINON_R05_PRESENT_BATCH renderer=wgpu generation=1 batch_seq=1 record_count=2 callback_os_tid=27839 callback_thread_id=55 registering_thread_os_tid=27756 queue_depth=0 rejected_callback_batches=0 rejected_flush_tasks=0 callback_uptime_ns=4740907132302 attribution=unmatched
10-08 16:29:46.299 27756 27839 I SpinonBootstrap: SPINON_R05_PRESENT renderer=wgpu signal=SurfaceView_JankData generation=1 current_generation=1 current_surface=true batch_seq=1 record_index=0 callback_os_tid=27839 callback_thread_id=55 registering_thread_os_tid=27756 queue_depth=0 vsync_id=-1 present_time_ns=-1 present_state=unknown jank_type=0 actual_app_frame_ns=0 scheduled_app_frame_ns=0 callback_uptime_ns=4740907132302 frame_id=unavailable join_status=unmatched input_seq=-1 revision=-1 request_id=-1 target_vsync_id=-1
10-08 16:29:46.299 27756 27839 I SpinonBootstrap: SPINON_R05_PRESENT renderer=wgpu signal=SurfaceView_JankData generation=1 current_generation=1 current_surface=true batch_seq=1 record_index=1 callback_os_tid=27839 callback_thread_id=55 registering_thread_os_tid=27756 queue_depth=0 vsync_id=134765 present_time_ns=-1 present_state=unknown jank_type=2 actual_app_frame_ns=277268917 scheduled_app_frame_ns=16666666 callback_uptime_ns=4740907132302 frame_id=unavailable join_status=unmatched input_seq=-1 revision=-1 request_id=-1 target_vsync_id=-1
10-08 16:29:46.549 27756 27756 I SpinonBootstrap: SPINON_R05_PRESENT_FLUSH renderer=wgpu queued=true generation=1
10-08 16:29:46.549 27756 27839 I SpinonBootstrap: SPINON_R05_PRESENT_FLUSH requested=true renderer=wgpu generation=1
10-08 16:29:46.787 27756 27756 I SpinonBootstrap: SPINON_R05_INPUT renderer=wgpu input_seq=2 phase=ACTION_UP timestamp_precision=nanosecond_representation input_source=unknown handler_clock_resolution=nanosecond_api event_time_ns=4741394000000 handler_uptime_ns=4741395055469 generation=1
10-08 16:29:46.787 27756 27756 I SpinonBootstrap: SPINON_R05_FRAME_TIMELINE_REQUEST renderer=wgpu request_id=2 input_seq=2 revision=2 generation=1 state=posted
10-08 16:29:46.787 27756 27756 I SpinonBootstrap: SPINON_R08_TOUCH count=2
10-08 16:29:46.799 27756 27756 I SpinonBootstrap: SPINON_R05_FRAME_TIMELINE_TARGET renderer=wgpu request_id=2 input_seq=2 revision=2 generation=1 vsync_id=135790 deadline_ns=4741423135500 expected_presentation_ns=4741438802166 render_mode=on_demand
10-08 16:29:46.799 27756 27756 I SpinonBootstrap: SPINON_R05_FRAME_TIMELINE_APPLY renderer=wgpu request_id=2 input_seq=2 revision=2 generation=1 target_vsync_id=135790 transaction=queued_for_next_surface_frame
10-08 16:29:46.805 27756 27756 I SpinonBootstrap: SPINON_R05_SUBMIT renderer=wgpu input_seq=2 revision=2 generation=1 event_time_ns=4741394000000 handler_uptime_ns=4741407167052 queue_present_return_uptime_ns=4741412546552 draw_accepted=true present_signal=unavailable attribution=input
10-08 16:29:46.805 27756 27756 I SpinonBootstrap: SPINON_R05_PRESENT_FLUSH renderer=wgpu queued=true generation=1
10-08 16:29:46.805 27756 27756 I SpinonBootstrap: SPINON_R05_PRESENT_DRAIN renderer=wgpu generation=1 queued=true delay_ms=250
10-08 16:29:46.805 27756 27839 I SpinonBootstrap: SPINON_R05_PRESENT_FLUSH requested=true renderer=wgpu generation=1
10-08 16:29:47.055 27756 27756 I SpinonBootstrap: SPINON_R05_PRESENT_FLUSH renderer=wgpu queued=true generation=1
10-08 16:29:47.056 27756 27839 I SpinonBootstrap: SPINON_R05_PRESENT_FLUSH requested=true renderer=wgpu generation=1
10-08 16:29:47.056 27756 27839 I SpinonBootstrap: SPINON_R05_PRESENT_BATCH renderer=wgpu generation=1 batch_seq=2 record_count=1 callback_os_tid=27839 callback_thread_id=55 registering_thread_os_tid=27756 queue_depth=0 rejected_callback_batches=0 rejected_flush_tasks=0 callback_uptime_ns=4741663854552 attribution=unmatched
10-08 16:29:47.056 27756 27839 I SpinonBootstrap: SPINON_R05_PRESENT renderer=wgpu signal=SurfaceView_JankData generation=1 current_generation=1 current_surface=true batch_seq=2 record_index=0 callback_os_tid=27839 callback_thread_id=55 registering_thread_os_tid=27756 queue_depth=0 vsync_id=135783 present_time_ns=-1 present_state=unknown jank_type=0 actual_app_frame_ns=50430155 scheduled_app_frame_ns=49999998 callback_uptime_ns=4741663854552 frame_id=unavailable join_status=exact_match input_seq=1 revision=1 request_id=1 target_vsync_id=135783
10-08 16:29:47.311 27756 27756 I SpinonBootstrap: SPINON_R05_INPUT renderer=wgpu input_seq=3 phase=ACTION_UP timestamp_precision=nanosecond_representation input_source=unknown handler_clock_resolution=nanosecond_api event_time_ns=4741918000000 handler_uptime_ns=4741919436719 generation=1
10-08 16:29:47.312 27756 27756 I SpinonBootstrap: SPINON_R05_FRAME_TIMELINE_REQUEST renderer=wgpu request_id=3 input_seq=3 revision=3 generation=1 state=posted
10-08 16:29:47.312 27756 27756 I SpinonBootstrap: SPINON_R08_TOUCH count=3
10-08 16:29:47.316 27756 27756 I SpinonBootstrap: SPINON_R05_FRAME_TIMELINE_TARGET renderer=wgpu request_id=3 input_seq=3 revision=3 generation=1 vsync_id=135798 deadline_ns=4741939802146 expected_presentation_ns=4741955468812 render_mode=on_demand
10-08 16:29:47.316 27756 27756 I SpinonBootstrap: SPINON_R05_FRAME_TIMELINE_APPLY renderer=wgpu request_id=3 input_seq=3 revision=3 generation=1 target_vsync_id=135798 transaction=queued_for_next_surface_frame
10-08 16:29:47.318 27756 27756 I SpinonBootstrap: SPINON_R05_SUBMIT renderer=wgpu input_seq=3 revision=3 generation=1 event_time_ns=4741918000000 handler_uptime_ns=4741924227386 queue_present_return_uptime_ns=4741926156344 draw_accepted=true present_signal=unavailable attribution=input
10-08 16:29:47.318 27756 27756 I SpinonBootstrap: SPINON_R05_PRESENT_FLUSH renderer=wgpu queued=true generation=1
10-08 16:29:47.318 27756 27756 I SpinonBootstrap: SPINON_R05_PRESENT_DRAIN renderer=wgpu generation=1 queued=true delay_ms=250
10-08 16:29:47.319 27756 27839 I SpinonBootstrap: SPINON_R05_PRESENT_FLUSH requested=true renderer=wgpu generation=1
10-08 16:29:47.570 27756 27756 I SpinonBootstrap: SPINON_R05_PRESENT_FLUSH renderer=wgpu queued=true generation=1
10-08 16:29:47.570 27756 27839 I SpinonBootstrap: SPINON_R05_PRESENT_FLUSH requested=true renderer=wgpu generation=1
10-08 16:29:47.570 27756 27839 I SpinonBootstrap: SPINON_R05_PRESENT_BATCH renderer=wgpu generation=1 batch_seq=3 record_count=1 callback_os_tid=27839 callback_thread_id=55 registering_thread_os_tid=27756 queue_depth=0 rejected_callback_batches=0 rejected_flush_tasks=0 callback_uptime_ns=4742178413219 attribution=unmatched
10-08 16:29:47.570 27756 27839 I SpinonBootstrap: SPINON_R05_PRESENT renderer=wgpu signal=SurfaceView_JankData generation=1 current_generation=1 current_surface=true batch_seq=3 record_index=0 callback_os_tid=27839 callback_thread_id=55 registering_thread_os_tid=27756 queue_depth=0 vsync_id=135790 present_time_ns=-1 present_state=unknown jank_type=0 actual_app_frame_ns=17224968 scheduled_app_frame_ns=16666666 callback_uptime_ns=4742178413219 frame_id=unavailable join_status=exact_match input_seq=2 revision=2 request_id=2 target_vsync_id=135790
