--------- beginning of main
10-08 16:24:26.117 24493 24493 I SpinonBootstrap: SPINON_R08_UI=ready text-input=EditText accessibility=button+EditText
10-08 16:24:26.212 24493 24493 I SpinonBootstrap: SPINON_R05_SURFACE renderer=opengl_es type=GLSurfaceView generation=1
10-08 16:24:26.219 24493 24493 I SpinonBootstrap: SPINON_R05_SIGNAL_CAPABILITY renderer=opengl_es signal=SurfaceView_JankData available=true reason=registered api=37 api_full=3700002
10-08 16:24:26.226 24493 24493 I SpinonBootstrap: SPINON_R05_SURFACE_SIZE renderer=opengl_es generation=1 size=1080x1920
10-08 16:24:26.272 24493 24511 I SpinonBootstrap: SPINON_R08_SURFACE=created api=OpenGL_ES_2 renderer=Android Emulator OpenGL ES Translator (ANGLE (Google, Vulkan 1.3.0 (SwiftShader Device (LLVM 10.0.0) (0x0000C0DE)), SwiftShader driver-5.0.0)) version=OpenGL ES 3.1 (OpenGL ES 3.1.0 (ANGLE 2.1.1 git hash: fbf66f49c7cc))
10-08 16:24:26.298 24493 24511 I SpinonBootstrap: SPINON_R08_SHADER=ready
10-08 16:24:26.298 24493 24511 I SpinonBootstrap: SPINON_R08_SURFACE=size 1080x1920
10-08 16:24:26.298 24493 24511 I SpinonBootstrap: SPINON_R05_DRAW renderer=opengl_es draw_seq=1 revision=0 generation=1
10-08 16:24:26.298 24493 24511 I SpinonBootstrap: SPINON_R08_FRAME=first_draw_submitted
10-08 16:24:26.321 24493 24511 I SpinonBootstrap: SPINON_R05_DRAW renderer=opengl_es draw_seq=2 revision=0 generation=1
10-08 16:24:27.920 24493 24493 I SpinonBootstrap: SPINON_R05_INPUT renderer=opengl_es input_seq=1 phase=ACTION_UP timestamp_precision=nanosecond_representation input_source=unknown event_time_ns=4422526000000 handler_uptime_ns=4422528217650 generation=1
10-08 16:24:27.921 24493 24493 I SpinonBootstrap: SPINON_R05_FRAME_TIMELINE_REQUEST renderer=opengl_es request_id=1 input_seq=1 revision=1 generation=1 state=posted
10-08 16:24:27.922 24493 24493 I SpinonBootstrap: SPINON_R08_TOUCH count=1
10-08 16:24:27.955 24493 24493 I SpinonBootstrap: SPINON_R05_FRAME_TIMELINE_TARGET renderer=opengl_es request_id=1 input_seq=1 revision=1 generation=1 vsync_id=131341 deadline_ns=4422589814920 expected_presentation_ns=4422605481586 render_mode=on_demand
10-08 16:24:27.956 24493 24493 I SpinonBootstrap: SPINON_R05_FRAME_TIMELINE_APPLY renderer=opengl_es request_id=1 input_seq=1 revision=1 generation=1 target_vsync_id=131341 transaction=queued_for_next_surface_frame
10-08 16:24:27.956 24493 24493 I SpinonBootstrap: SPINON_R05_SUBMIT renderer=opengl_es input_seq=1 revision=1 generation=1 event_time_ns=4422526000000 handler_uptime_ns=4422563528692 draw_requested=true draw_completed=false present_signal=unavailable attribution=input
10-08 16:24:27.956 24493 24511 I SpinonBootstrap: SPINON_R05_DRAW renderer=opengl_es draw_seq=3 revision=1 generation=1
10-08 16:24:27.956 24493 24493 I SpinonBootstrap: SPINON_R05_PRESENT_FLUSH renderer=opengl_es queued=true generation=1
10-08 16:24:27.956 24493 24493 I SpinonBootstrap: SPINON_R05_PRESENT_DRAIN renderer=opengl_es generation=1 queued=true delay_ms=250
10-08 16:24:27.956 24493 24532 I SpinonBootstrap: SPINON_R05_PRESENT_FLUSH requested=true renderer=opengl_es generation=1
10-08 16:24:27.958 24493 24532 I SpinonBootstrap: SPINON_R05_PRESENT_BATCH renderer=opengl_es generation=1 batch_seq=1 record_count=3 callback_os_tid=24532 callback_thread_id=58 registering_thread_os_tid=24493 queue_depth=0 rejected_callback_batches=0 rejected_flush_tasks=0 callback_uptime_ns=4422566208067 attribution=unmatched
10-08 16:24:27.959 24493 24532 I SpinonBootstrap: SPINON_R05_PRESENT renderer=opengl_es signal=SurfaceView_JankData generation=1 current_generation=1 current_surface=true batch_seq=1 record_index=0 callback_os_tid=24532 callback_thread_id=58 registering_thread_os_tid=24493 queue_depth=0 vsync_id=-1 present_time_ns=-1 present_state=unknown jank_type=0 actual_app_frame_ns=0 scheduled_app_frame_ns=0 callback_uptime_ns=4422566208067 frame_id=unavailable join_status=unmatched input_seq=-1 revision=-1 request_id=-1 target_vsync_id=-1
10-08 16:24:27.959 24493 24532 I SpinonBootstrap: SPINON_R05_PRESENT renderer=opengl_es signal=SurfaceView_JankData generation=1 current_generation=1 current_surface=true batch_seq=1 record_index=1 callback_os_tid=24532 callback_thread_id=58 registering_thread_os_tid=24493 queue_depth=0 vsync_id=130447 present_time_ns=-1 present_state=unknown jank_type=2 actual_app_frame_ns=151997323 scheduled_app_frame_ns=16666666 callback_uptime_ns=4422566208067 frame_id=unavailable join_status=unmatched input_seq=-1 revision=-1 request_id=-1 target_vsync_id=-1
10-08 16:24:27.959 24493 24532 I SpinonBootstrap: SPINON_R05_PRESENT renderer=opengl_es signal=SurfaceView_JankData generation=1 current_generation=1 current_surface=true batch_seq=1 record_index=2 callback_os_tid=24532 callback_thread_id=58 registering_thread_os_tid=24493 queue_depth=0 vsync_id=-1 present_time_ns=-1 present_state=unknown jank_type=0 actual_app_frame_ns=0 scheduled_app_frame_ns=0 callback_uptime_ns=4422566208067 frame_id=unavailable join_status=unmatched input_seq=-1 revision=-1 request_id=-1 target_vsync_id=-1
10-08 16:24:28.208 24493 24493 I SpinonBootstrap: SPINON_R05_PRESENT_FLUSH renderer=opengl_es queued=true generation=1
10-08 16:24:28.209 24493 24532 I SpinonBootstrap: SPINON_R05_PRESENT_FLUSH requested=true renderer=opengl_es generation=1
10-08 16:24:28.209 24493 24532 I SpinonBootstrap: SPINON_R05_PRESENT_BATCH renderer=opengl_es generation=1 batch_seq=2 record_count=1 callback_os_tid=24532 callback_thread_id=58 registering_thread_os_tid=24493 queue_depth=0 rejected_callback_batches=0 rejected_flush_tasks=0 callback_uptime_ns=4422816730733 attribution=unmatched
10-08 16:24:28.209 24493 24532 I SpinonBootstrap: SPINON_R05_PRESENT renderer=opengl_es signal=SurfaceView_JankData generation=1 current_generation=1 current_surface=true batch_seq=2 record_index=0 callback_os_tid=24532 callback_thread_id=58 registering_thread_os_tid=24493 queue_depth=0 vsync_id=131341 present_time_ns=-1 present_state=unknown jank_type=0 actual_app_frame_ns=50359061 scheduled_app_frame_ns=49999998 callback_uptime_ns=4422816730733 frame_id=unavailable join_status=exact_match input_seq=1 revision=1 request_id=1 target_vsync_id=131341
10-08 16:24:28.449 24493 24493 I SpinonBootstrap: SPINON_R05_INPUT renderer=opengl_es input_seq=2 phase=ACTION_UP timestamp_precision=nanosecond_representation input_source=unknown event_time_ns=4423056000000 handler_uptime_ns=4423057055817 generation=1
10-08 16:24:28.449 24493 24493 I SpinonBootstrap: SPINON_R05_FRAME_TIMELINE_REQUEST renderer=opengl_es request_id=2 input_seq=2 revision=2 generation=1 state=posted
10-08 16:24:28.449 24493 24493 I SpinonBootstrap: SPINON_R08_TOUCH count=2
10-08 16:24:28.467 24493 24493 I SpinonBootstrap: SPINON_R05_FRAME_TIMELINE_TARGET renderer=opengl_es request_id=2 input_seq=2 revision=2 generation=1 vsync_id=131348 deadline_ns=4423089814900 expected_presentation_ns=4423105481566 render_mode=on_demand
10-08 16:24:28.467 24493 24493 I SpinonBootstrap: SPINON_R05_FRAME_TIMELINE_APPLY renderer=opengl_es request_id=2 input_seq=2 revision=2 generation=1 target_vsync_id=131348 transaction=queued_for_next_surface_frame
10-08 16:24:28.467 24493 24493 I SpinonBootstrap: SPINON_R05_SUBMIT renderer=opengl_es input_seq=2 revision=2 generation=1 event_time_ns=4423056000000 handler_uptime_ns=4423074906234 draw_requested=true draw_completed=false present_signal=unavailable attribution=input
10-08 16:24:28.467 24493 24493 I SpinonBootstrap: SPINON_R05_PRESENT_FLUSH renderer=opengl_es queued=true generation=1
10-08 16:24:28.467 24493 24493 I SpinonBootstrap: SPINON_R05_PRESENT_DRAIN renderer=opengl_es generation=1 queued=true delay_ms=250
10-08 16:24:28.467 24493 24511 I SpinonBootstrap: SPINON_R05_DRAW renderer=opengl_es draw_seq=4 revision=2 generation=1
10-08 16:24:28.467 24493 24532 I SpinonBootstrap: SPINON_R05_PRESENT_FLUSH requested=true renderer=opengl_es generation=1
10-08 16:24:28.716 24493 24493 I SpinonBootstrap: SPINON_R05_PRESENT_FLUSH renderer=opengl_es queued=true generation=1
10-08 16:24:28.717 24493 24532 I SpinonBootstrap: SPINON_R05_PRESENT_FLUSH requested=true renderer=opengl_es generation=1
10-08 16:24:28.717 24493 24532 I SpinonBootstrap: SPINON_R05_PRESENT_BATCH renderer=opengl_es generation=1 batch_seq=3 record_count=1 callback_os_tid=24532 callback_thread_id=58 registering_thread_os_tid=24493 queue_depth=0 rejected_callback_batches=0 rejected_flush_tasks=0 callback_uptime_ns=4423324916275 attribution=unmatched
10-08 16:24:28.717 24493 24532 I SpinonBootstrap: SPINON_R05_PRESENT renderer=opengl_es signal=SurfaceView_JankData generation=1 current_generation=1 current_surface=true batch_seq=3 record_index=0 callback_os_tid=24532 callback_thread_id=58 registering_thread_os_tid=24493 queue_depth=0 vsync_id=131348 present_time_ns=-1 present_state=unknown jank_type=0 actual_app_frame_ns=17263041 scheduled_app_frame_ns=16666666 callback_uptime_ns=4423324916275 frame_id=unavailable join_status=exact_match input_seq=2 revision=2 request_id=2 target_vsync_id=131348
10-08 16:24:28.976 24493 24493 I SpinonBootstrap: SPINON_R05_INPUT renderer=opengl_es input_seq=3 phase=ACTION_UP timestamp_precision=nanosecond_representation input_source=unknown event_time_ns=4423583000000 handler_uptime_ns=4423583944025 generation=1
10-08 16:24:28.976 24493 24493 I SpinonBootstrap: SPINON_R05_FRAME_TIMELINE_REQUEST renderer=opengl_es request_id=3 input_seq=3 revision=3 generation=1 state=posted
10-08 16:24:28.977 24493 24493 I SpinonBootstrap: SPINON_R08_TOUCH count=3
10-08 16:24:28.982 24493 24493 I SpinonBootstrap: SPINON_R05_FRAME_TIMELINE_TARGET renderer=opengl_es request_id=3 input_seq=3 revision=3 generation=1 vsync_id=131356 deadline_ns=4423606481546 expected_presentation_ns=4423622148212 render_mode=on_demand
10-08 16:24:28.983 24493 24493 I SpinonBootstrap: SPINON_R05_FRAME_TIMELINE_APPLY renderer=opengl_es request_id=3 input_seq=3 revision=3 generation=1 target_vsync_id=131356 transaction=queued_for_next_surface_frame
10-08 16:24:28.983 24493 24493 I SpinonBootstrap: SPINON_R05_SUBMIT renderer=opengl_es input_seq=3 revision=3 generation=1 event_time_ns=4423583000000 handler_uptime_ns=4423590517734 draw_requested=true draw_completed=false present_signal=unavailable attribution=input
10-08 16:24:28.983 24493 24493 I SpinonBootstrap: SPINON_R05_PRESENT_FLUSH renderer=opengl_es queued=true generation=1
10-08 16:24:28.983 24493 24493 I SpinonBootstrap: SPINON_R05_PRESENT_DRAIN renderer=opengl_es generation=1 queued=true delay_ms=250
10-08 16:24:28.983 24493 24532 I SpinonBootstrap: SPINON_R05_PRESENT_FLUSH requested=true renderer=opengl_es generation=1
10-08 16:24:28.983 24493 24511 I SpinonBootstrap: SPINON_R05_DRAW renderer=opengl_es draw_seq=5 revision=3 generation=1
10-08 16:24:29.234 24493 24493 I SpinonBootstrap: SPINON_R05_PRESENT_FLUSH renderer=opengl_es queued=true generation=1
10-08 16:24:29.234 24493 24532 I SpinonBootstrap: SPINON_R05_PRESENT_FLUSH requested=true renderer=opengl_es generation=1
10-08 16:24:29.234 24493 24532 I SpinonBootstrap: SPINON_R05_PRESENT_BATCH renderer=opengl_es generation=1 batch_seq=4 record_count=1 callback_os_tid=24532 callback_thread_id=58 registering_thread_os_tid=24493 queue_depth=0 rejected_callback_batches=0 rejected_flush_tasks=0 callback_uptime_ns=4423841982109 attribution=unmatched
10-08 16:24:29.234 24493 24532 I SpinonBootstrap: SPINON_R05_PRESENT renderer=opengl_es signal=SurfaceView_JankData generation=1 current_generation=1 current_surface=true batch_seq=4 record_index=0 callback_os_tid=24532 callback_thread_id=58 registering_thread_os_tid=24493 queue_depth=0 vsync_id=131356 present_time_ns=-1 present_state=unknown jank_type=0 actual_app_frame_ns=18637562 scheduled_app_frame_ns=16666666 callback_uptime_ns=4423841982109 frame_id=unavailable join_status=exact_match input_seq=3 revision=3 request_id=3 target_vsync_id=131356
10-08 16:24:29.500 24493 24493 I SpinonBootstrap: SPINON_R05_INPUT renderer=opengl_es input_seq=4 phase=ACTION_UP timestamp_precision=nanosecond_representation input_source=unknown event_time_ns=4424106000000 handler_uptime_ns=4424107630609 generation=1
10-08 16:24:29.500 24493 24493 I SpinonBootstrap: SPINON_R05_FRAME_TIMELINE_REQUEST renderer=opengl_es request_id=4 input_seq=4 revision=4 generation=1 state=posted
10-08 16:24:29.500 24493 24493 I SpinonBootstrap: SPINON_R08_TOUCH count=4
10-08 16:24:29.516 24493 24493 I SpinonBootstrap: SPINON_R05_FRAME_TIMELINE_TARGET renderer=opengl_es request_id=4 input_seq=4 revision=4 generation=1 vsync_id=131364 deadline_ns=4424139814858 expected_presentation_ns=4424155481524 render_mode=on_demand
10-08 16:24:29.516 24493 24493 I SpinonBootstrap: SPINON_R05_FRAME_TIMELINE_APPLY renderer=opengl_es request_id=4 input_seq=4 revision=4 generation=1 target_vsync_id=131364 transaction=queued_for_next_surface_frame
10-08 16:24:29.516 24493 24493 I SpinonBootstrap: SPINON_R05_SUBMIT renderer=opengl_es input_seq=4 revision=4 generation=1 event_time_ns=4424106000000 handler_uptime_ns=4424123643776 draw_requested=true draw_completed=false present_signal=unavailable attribution=input
10-08 16:24:29.516 24493 24493 I SpinonBootstrap: SPINON_R05_PRESENT_FLUSH renderer=opengl_es queued=true generation=1
10-08 16:24:29.516 24493 24493 I SpinonBootstrap: SPINON_R05_PRESENT_DRAIN renderer=opengl_es generation=1 queued=true delay_ms=250
10-08 16:24:29.516 24493 24532 I SpinonBootstrap: SPINON_R05_PRESENT_FLUSH requested=true renderer=opengl_es generation=1
10-08 16:24:29.516 24493 24511 I SpinonBootstrap: SPINON_R05_DRAW renderer=opengl_es draw_seq=6 revision=4 generation=1
10-08 16:24:29.766 24493 24493 I SpinonBootstrap: SPINON_R05_PRESENT_FLUSH renderer=opengl_es queued=true generation=1
10-08 16:24:29.766 24493 24532 I SpinonBootstrap: SPINON_R05_PRESENT_FLUSH requested=true renderer=opengl_es generation=1
10-08 16:24:30.028 24493 24493 I SpinonBootstrap: SPINON_R05_INPUT renderer=opengl_es input_seq=5 phase=ACTION_UP timestamp_precision=nanosecond_representation input_source=unknown event_time_ns=4424634000000 handler_uptime_ns=4424635834568 generation=1
10-08 16:24:30.028 24493 24493 I SpinonBootstrap: SPINON_R05_FRAME_TIMELINE_REQUEST renderer=opengl_es request_id=5 input_seq=5 revision=5 generation=1 state=posted
10-08 16:24:30.028 24493 24493 I SpinonBootstrap: SPINON_R08_TOUCH count=5
10-08 16:24:30.032 24493 24493 I SpinonBootstrap: SPINON_R05_FRAME_TIMELINE_TARGET renderer=opengl_es request_id=5 input_seq=5 revision=5 generation=1 vsync_id=131372 deadline_ns=4424656481504 expected_presentation_ns=4424672148170 render_mode=on_demand
10-08 16:24:30.032 24493 24493 I SpinonBootstrap: SPINON_R05_FRAME_TIMELINE_APPLY renderer=opengl_es request_id=5 input_seq=5 revision=5 generation=1 target_vsync_id=131372 transaction=queued_for_next_surface_frame
10-08 16:24:30.032 24493 24493 I SpinonBootstrap: SPINON_R05_SUBMIT renderer=opengl_es input_seq=5 revision=5 generation=1 event_time_ns=4424634000000 handler_uptime_ns=4424640335943 draw_requested=true draw_completed=false present_signal=unavailable attribution=input
10-08 16:24:30.032 24493 24493 I SpinonBootstrap: SPINON_R05_PRESENT_FLUSH renderer=opengl_es queued=true generation=1
10-08 16:24:30.032 24493 24493 I SpinonBootstrap: SPINON_R05_PRESENT_DRAIN renderer=opengl_es generation=1 queued=true delay_ms=250
10-08 16:24:30.032 24493 24511 I SpinonBootstrap: SPINON_R05_DRAW renderer=opengl_es draw_seq=7 revision=5 generation=1
10-08 16:24:30.033 24493 24532 I SpinonBootstrap: SPINON_R05_PRESENT_FLUSH requested=true renderer=opengl_es generation=1
10-08 16:24:30.283 24493 24493 I SpinonBootstrap: SPINON_R05_PRESENT_FLUSH renderer=opengl_es queued=true generation=1
10-08 16:24:30.283 24493 24532 I SpinonBootstrap: SPINON_R05_PRESENT_FLUSH requested=true renderer=opengl_es generation=1
10-08 16:24:30.283 24493 24532 I SpinonBootstrap: SPINON_R05_PRESENT_BATCH renderer=opengl_es generation=1 batch_seq=5 record_count=2 callback_os_tid=24532 callback_thread_id=58 registering_thread_os_tid=24493 queue_depth=0 rejected_callback_batches=0 rejected_flush_tasks=0 callback_uptime_ns=4424890920609 attribution=unmatched
10-08 16:24:30.283 24493 24532 I SpinonBootstrap: SPINON_R05_PRESENT renderer=opengl_es signal=SurfaceView_JankData generation=1 current_generation=1 current_surface=true batch_seq=5 record_index=0 callback_os_tid=24532 callback_thread_id=58 registering_thread_os_tid=24493 queue_depth=0 vsync_id=131364 present_time_ns=-1 present_state=unknown jank_type=0 actual_app_frame_ns=18855000 scheduled_app_frame_ns=16666666 callback_uptime_ns=4424890920609 frame_id=unavailable join_status=exact_match input_seq=4 revision=4 request_id=4 target_vsync_id=131364
10-08 16:24:30.283 24493 24532 I SpinonBootstrap: SPINON_R05_PRESENT renderer=opengl_es signal=SurfaceView_JankData generation=1 current_generation=1 current_surface=true batch_seq=5 record_index=1 callback_os_tid=24532 callback_thread_id=58 registering_thread_os_tid=24493 queue_depth=0 vsync_id=131372 present_time_ns=-1 present_state=unknown jank_type=0 actual_app_frame_ns=18065021 scheduled_app_frame_ns=16666666 callback_uptime_ns=4424890920609 frame_id=unavailable join_status=exact_match input_seq=5 revision=5 request_id=5 target_vsync_id=131372
10-08 16:24:30.556 24493 24493 I SpinonBootstrap: SPINON_R05_INPUT renderer=opengl_es input_seq=6 phase=ACTION_UP timestamp_precision=nanosecond_representation input_source=unknown event_time_ns=4425162000000 handler_uptime_ns=4425163741693 generation=1
10-08 16:24:30.556 24493 24493 I SpinonBootstrap: SPINON_R05_FRAME_TIMELINE_REQUEST renderer=opengl_es request_id=6 input_seq=6 revision=6 generation=1 state=posted
10-08 16:24:30.556 24493 24493 I SpinonBootstrap: SPINON_R08_TOUCH count=6
10-08 16:24:30.566 24493 24493 I SpinonBootstrap: SPINON_R05_FRAME_TIMELINE_TARGET renderer=opengl_es request_id=6 input_seq=6 revision=6 generation=1 vsync_id=131380 deadline_ns=4425189814816 expected_presentation_ns=4425205481482 render_mode=on_demand
10-08 16:24:30.566 24493 24493 I SpinonBootstrap: SPINON_R05_FRAME_TIMELINE_APPLY renderer=opengl_es request_id=6 input_seq=6 revision=6 generation=1 target_vsync_id=131380 transaction=queued_for_next_surface_frame
10-08 16:24:30.566 24493 24493 I SpinonBootstrap: SPINON_R05_SUBMIT renderer=opengl_es input_seq=6 revision=6 generation=1 event_time_ns=4425162000000 handler_uptime_ns=4425173761818 draw_requested=true draw_completed=false present_signal=unavailable attribution=input
10-08 16:24:30.566 24493 24493 I SpinonBootstrap: SPINON_R05_PRESENT_FLUSH renderer=opengl_es queued=true generation=1
10-08 16:24:30.566 24493 24493 I SpinonBootstrap: SPINON_R05_PRESENT_DRAIN renderer=opengl_es generation=1 queued=true delay_ms=250
10-08 16:24:30.566 24493 24511 I SpinonBootstrap: SPINON_R05_DRAW renderer=opengl_es draw_seq=8 revision=6 generation=1
10-08 16:24:30.566 24493 24532 I SpinonBootstrap: SPINON_R05_PRESENT_FLUSH requested=true renderer=opengl_es generation=1
10-08 16:24:30.818 24493 24493 I SpinonBootstrap: SPINON_R05_PRESENT_FLUSH renderer=opengl_es queued=true generation=1
10-08 16:24:30.818 24493 24532 I SpinonBootstrap: SPINON_R05_PRESENT_FLUSH requested=true renderer=opengl_es generation=1
10-08 16:24:30.818 24493 24532 I SpinonBootstrap: SPINON_R05_PRESENT_BATCH renderer=opengl_es generation=1 batch_seq=6 record_count=1 callback_os_tid=24532 callback_thread_id=58 registering_thread_os_tid=24493 queue_depth=0 rejected_callback_batches=0 rejected_flush_tasks=0 callback_uptime_ns=4425426155693 attribution=unmatched
10-08 16:24:30.818 24493 24532 I SpinonBootstrap: SPINON_R05_PRESENT renderer=opengl_es signal=SurfaceView_JankData generation=1 current_generation=1 current_surface=true batch_seq=6 record_index=0 callback_os_tid=24532 callback_thread_id=58 registering_thread_os_tid=24493 queue_depth=0 vsync_id=131380 present_time_ns=-1 present_state=unknown jank_type=0 actual_app_frame_ns=17151918 scheduled_app_frame_ns=16666666 callback_uptime_ns=4425426155693 frame_id=unavailable join_status=exact_match input_seq=6 revision=6 request_id=6 target_vsync_id=131380
10-08 16:24:31.083 24493 24493 I SpinonBootstrap: SPINON_R05_INPUT renderer=opengl_es input_seq=7 phase=ACTION_UP timestamp_precision=nanosecond_representation input_source=unknown event_time_ns=4425689000000 handler_uptime_ns=4425690673401 generation=1
10-08 16:24:31.083 24493 24493 I SpinonBootstrap: SPINON_R05_FRAME_TIMELINE_REQUEST renderer=opengl_es request_id=7 input_seq=7 revision=7 generation=1 state=posted
10-08 16:24:31.083 24493 24493 I SpinonBootstrap: SPINON_R08_TOUCH count=7
10-08 16:24:31.099 24493 24493 I SpinonBootstrap: SPINON_R05_FRAME_TIMELINE_TARGET renderer=opengl_es request_id=7 input_seq=7 revision=7 generation=1 vsync_id=131388 deadline_ns=4425723148128 expected_presentation_ns=4425738814794 render_mode=on_demand
10-08 16:24:31.099 24493 24493 I SpinonBootstrap: SPINON_R05_FRAME_TIMELINE_APPLY renderer=opengl_es request_id=7 input_seq=7 revision=7 generation=1 target_vsync_id=131388 transaction=queued_for_next_surface_frame
10-08 16:24:31.100 24493 24493 I SpinonBootstrap: SPINON_R05_SUBMIT renderer=opengl_es input_seq=7 revision=7 generation=1 event_time_ns=4425689000000 handler_uptime_ns=4425707488443 draw_requested=true draw_completed=false present_signal=unavailable attribution=input
10-08 16:24:31.100 24493 24493 I SpinonBootstrap: SPINON_R05_PRESENT_FLUSH renderer=opengl_es queued=true generation=1
10-08 16:24:31.100 24493 24493 I SpinonBootstrap: SPINON_R05_PRESENT_DRAIN renderer=opengl_es generation=1 queued=true delay_ms=250
10-08 16:24:31.100 24493 24532 I SpinonBootstrap: SPINON_R05_PRESENT_FLUSH requested=true renderer=opengl_es generation=1
10-08 16:24:31.100 24493 24511 I SpinonBootstrap: SPINON_R05_DRAW renderer=opengl_es draw_seq=9 revision=7 generation=1
10-08 16:24:31.350 24493 24493 I SpinonBootstrap: SPINON_R05_PRESENT_FLUSH renderer=opengl_es queued=true generation=1
10-08 16:24:31.350 24493 24532 I SpinonBootstrap: SPINON_R05_PRESENT_FLUSH requested=true renderer=opengl_es generation=1
10-08 16:24:31.350 24493 24532 I SpinonBootstrap: SPINON_R05_PRESENT_BATCH renderer=opengl_es generation=1 batch_seq=7 record_count=1 callback_os_tid=24532 callback_thread_id=58 registering_thread_os_tid=24493 queue_depth=0 rejected_callback_batches=0 rejected_flush_tasks=0 callback_uptime_ns=4425958300735 attribution=unmatched
10-08 16:24:31.350 24493 24532 I SpinonBootstrap: SPINON_R05_PRESENT renderer=opengl_es signal=SurfaceView_JankData generation=1 current_generation=1 current_surface=true batch_seq=7 record_index=0 callback_os_tid=24532 callback_thread_id=58 registering_thread_os_tid=24493 queue_depth=0 vsync_id=131388 present_time_ns=-1 present_state=unknown jank_type=0 actual_app_frame_ns=17109023 scheduled_app_frame_ns=16666666 callback_uptime_ns=4425958300735 frame_id=unavailable join_status=exact_match input_seq=7 revision=7 request_id=7 target_vsync_id=131388
10-08 16:24:31.608 24493 24493 I SpinonBootstrap: SPINON_R05_INPUT renderer=opengl_es input_seq=8 phase=ACTION_UP timestamp_precision=nanosecond_representation input_source=unknown event_time_ns=4426214000000 handler_uptime_ns=4426215812693 generation=1
10-08 16:24:31.608 24493 24493 I SpinonBootstrap: SPINON_R05_FRAME_TIMELINE_REQUEST renderer=opengl_es request_id=8 input_seq=8 revision=8 generation=1 state=posted
10-08 16:24:31.608 24493 24493 I SpinonBootstrap: SPINON_R08_TOUCH count=8
10-08 16:24:31.616 24493 24493 I SpinonBootstrap: SPINON_R05_FRAME_TIMELINE_TARGET renderer=opengl_es request_id=8 input_seq=8 revision=8 generation=1 vsync_id=131396 deadline_ns=4426239814774 expected_presentation_ns=4426255481440 render_mode=on_demand
10-08 16:24:31.616 24493 24493 I SpinonBootstrap: SPINON_R05_FRAME_TIMELINE_APPLY renderer=opengl_es request_id=8 input_seq=8 revision=8 generation=1 target_vsync_id=131396 transaction=queued_for_next_surface_frame
10-08 16:24:31.616 24493 24493 I SpinonBootstrap: SPINON_R05_SUBMIT renderer=opengl_es input_seq=8 revision=8 generation=1 event_time_ns=4426214000000 handler_uptime_ns=4426223921985 draw_requested=true draw_completed=false present_signal=unavailable attribution=input
10-08 16:24:31.616 24493 24493 I SpinonBootstrap: SPINON_R05_PRESENT_FLUSH renderer=opengl_es queued=true generation=1
10-08 16:24:31.616 24493 24493 I SpinonBootstrap: SPINON_R05_PRESENT_DRAIN renderer=opengl_es generation=1 queued=true delay_ms=250
10-08 16:24:31.616 24493 24511 I SpinonBootstrap: SPINON_R05_DRAW renderer=opengl_es draw_seq=10 revision=8 generation=1
10-08 16:24:31.617 24493 24532 I SpinonBootstrap: SPINON_R05_PRESENT_FLUSH requested=true renderer=opengl_es generation=1
10-08 16:24:31.866 24493 24493 I SpinonBootstrap: SPINON_R05_PRESENT_FLUSH renderer=opengl_es queued=true generation=1
10-08 16:24:31.867 24493 24532 I SpinonBootstrap: SPINON_R05_PRESENT_FLUSH requested=true renderer=opengl_es generation=1
10-08 16:24:31.867 24493 24532 I SpinonBootstrap: SPINON_R05_PRESENT_BATCH renderer=opengl_es generation=1 batch_seq=8 record_count=1 callback_os_tid=24532 callback_thread_id=58 registering_thread_os_tid=24493 queue_depth=0 rejected_callback_batches=0 rejected_flush_tasks=0 callback_uptime_ns=4426474903443 attribution=unmatched
10-08 16:24:31.867 24493 24532 I SpinonBootstrap: SPINON_R05_PRESENT renderer=opengl_es signal=SurfaceView_JankData generation=1 current_generation=1 current_surface=true batch_seq=8 record_index=0 callback_os_tid=24532 callback_thread_id=58 registering_thread_os_tid=24493 queue_depth=0 vsync_id=131396 present_time_ns=-1 present_state=unknown jank_type=0 actual_app_frame_ns=17697210 scheduled_app_frame_ns=16666666 callback_uptime_ns=4426474903443 frame_id=unavailable join_status=exact_match input_seq=8 revision=8 request_id=8 target_vsync_id=131396
10-08 16:24:32.136 24493 24493 I SpinonBootstrap: SPINON_R05_INPUT renderer=opengl_es input_seq=9 phase=ACTION_UP timestamp_precision=nanosecond_representation input_source=unknown event_time_ns=4426743000000 handler_uptime_ns=4426744216444 generation=1
10-08 16:24:32.136 24493 24493 I SpinonBootstrap: SPINON_R05_FRAME_TIMELINE_REQUEST renderer=opengl_es request_id=9 input_seq=9 revision=9 generation=1 state=posted
10-08 16:24:32.137 24493 24493 I SpinonBootstrap: SPINON_R08_TOUCH count=9
10-08 16:24:32.149 24493 24493 I SpinonBootstrap: SPINON_R05_FRAME_TIMELINE_TARGET renderer=opengl_es request_id=9 input_seq=9 revision=9 generation=1 vsync_id=131404 deadline_ns=4426773148086 expected_presentation_ns=4426788814752 render_mode=on_demand
10-08 16:24:32.149 24493 24493 I SpinonBootstrap: SPINON_R05_FRAME_TIMELINE_APPLY renderer=opengl_es request_id=9 input_seq=9 revision=9 generation=1 target_vsync_id=131404 transaction=queued_for_next_surface_frame
10-08 16:24:32.149 24493 24493 I SpinonBootstrap: SPINON_R05_SUBMIT renderer=opengl_es input_seq=9 revision=9 generation=1 event_time_ns=4426743000000 handler_uptime_ns=4426757045735 draw_requested=true draw_completed=false present_signal=unavailable attribution=input
10-08 16:24:32.149 24493 24493 I SpinonBootstrap: SPINON_R05_PRESENT_FLUSH renderer=opengl_es queued=true generation=1
10-08 16:24:32.149 24493 24493 I SpinonBootstrap: SPINON_R05_PRESENT_DRAIN renderer=opengl_es generation=1 queued=true delay_ms=250
10-08 16:24:32.149 24493 24532 I SpinonBootstrap: SPINON_R05_PRESENT_FLUSH requested=true renderer=opengl_es generation=1
10-08 16:24:32.150 24493 24511 I SpinonBootstrap: SPINON_R05_DRAW renderer=opengl_es draw_seq=11 revision=9 generation=1
10-08 16:24:32.400 24493 24493 I SpinonBootstrap: SPINON_R05_PRESENT_FLUSH renderer=opengl_es queued=true generation=1
10-08 16:24:32.400 24493 24532 I SpinonBootstrap: SPINON_R05_PRESENT_FLUSH requested=true renderer=opengl_es generation=1
10-08 16:24:32.401 24493 24532 I SpinonBootstrap: SPINON_R05_PRESENT_BATCH renderer=opengl_es generation=1 batch_seq=9 record_count=1 callback_os_tid=24532 callback_thread_id=58 registering_thread_os_tid=24493 queue_depth=0 rejected_callback_batches=0 rejected_flush_tasks=0 callback_uptime_ns=4427008804985 attribution=unmatched
10-08 16:24:32.401 24493 24532 I SpinonBootstrap: SPINON_R05_PRESENT renderer=opengl_es signal=SurfaceView_JankData generation=1 current_generation=1 current_surface=true batch_seq=9 record_index=0 callback_os_tid=24532 callback_thread_id=58 registering_thread_os_tid=24493 queue_depth=0 vsync_id=131404 present_time_ns=-1 present_state=unknown jank_type=0 actual_app_frame_ns=17082857 scheduled_app_frame_ns=16666666 callback_uptime_ns=4427008804985 frame_id=unavailable join_status=exact_match input_seq=9 revision=9 request_id=9 target_vsync_id=131404
10-08 16:24:32.664 24493 24493 I SpinonBootstrap: SPINON_R05_INPUT renderer=opengl_es input_seq=10 phase=ACTION_UP timestamp_precision=nanosecond_representation input_source=unknown event_time_ns=4427270000000 handler_uptime_ns=4427271551152 generation=1
10-08 16:24:32.664 24493 24493 I SpinonBootstrap: SPINON_R05_FRAME_TIMELINE_REQUEST renderer=opengl_es request_id=10 input_seq=10 revision=10 generation=1 state=posted
10-08 16:24:32.664 24493 24493 I SpinonBootstrap: SPINON_R08_TOUCH count=10
10-08 16:24:32.666 24493 24493 I SpinonBootstrap: SPINON_R05_FRAME_TIMELINE_TARGET renderer=opengl_es request_id=10 input_seq=10 revision=10 generation=1 vsync_id=131412 deadline_ns=4427289814732 expected_presentation_ns=4427305481398 render_mode=on_demand
10-08 16:24:32.666 24493 24493 I SpinonBootstrap: SPINON_R05_FRAME_TIMELINE_APPLY renderer=opengl_es request_id=10 input_seq=10 revision=10 generation=1 target_vsync_id=131412 transaction=queued_for_next_surface_frame
10-08 16:24:32.666 24493 24493 I SpinonBootstrap: SPINON_R05_SUBMIT renderer=opengl_es input_seq=10 revision=10 generation=1 event_time_ns=4427270000000 handler_uptime_ns=4427273744236 draw_requested=true draw_completed=false present_signal=unavailable attribution=input
10-08 16:24:32.666 24493 24493 I SpinonBootstrap: SPINON_R05_PRESENT_FLUSH renderer=opengl_es queued=true generation=1
10-08 16:24:32.666 24493 24493 I SpinonBootstrap: SPINON_R05_PRESENT_DRAIN renderer=opengl_es generation=1 queued=true delay_ms=250
10-08 16:24:32.666 24493 24511 I SpinonBootstrap: SPINON_R05_DRAW renderer=opengl_es draw_seq=12 revision=10 generation=1
10-08 16:24:32.666 24493 24532 I SpinonBootstrap: SPINON_R05_PRESENT_FLUSH requested=true renderer=opengl_es generation=1
10-08 16:24:32.916 24493 24493 I SpinonBootstrap: SPINON_R05_PRESENT_FLUSH renderer=opengl_es queued=true generation=1
10-08 16:24:32.916 24493 24532 I SpinonBootstrap: SPINON_R05_PRESENT_FLUSH requested=true renderer=opengl_es generation=1
10-08 16:24:32.917 24493 24532 I SpinonBootstrap: SPINON_R05_PRESENT_BATCH renderer=opengl_es generation=1 batch_seq=10 record_count=1 callback_os_tid=24532 callback_thread_id=58 registering_thread_os_tid=24493 queue_depth=0 rejected_callback_batches=0 rejected_flush_tasks=0 callback_uptime_ns=4427524742277 attribution=unmatched
10-08 16:24:32.917 24493 24532 I SpinonBootstrap: SPINON_R05_PRESENT renderer=opengl_es signal=SurfaceView_JankData generation=1 current_generation=1 current_surface=true batch_seq=10 record_index=0 callback_os_tid=24532 callback_thread_id=58 registering_thread_os_tid=24493 queue_depth=0 vsync_id=131412 present_time_ns=-1 present_state=unknown jank_type=0 actual_app_frame_ns=20271586 scheduled_app_frame_ns=16666666 callback_uptime_ns=4427524742277 frame_id=unavailable join_status=exact_match input_seq=10 revision=10 request_id=10 target_vsync_id=131412
10-08 16:24:33.191 24493 24493 I SpinonBootstrap: SPINON_R05_INPUT renderer=opengl_es input_seq=11 phase=ACTION_UP timestamp_precision=nanosecond_representation input_source=unknown event_time_ns=4427798000000 handler_uptime_ns=4427799010402 generation=1
10-08 16:24:33.191 24493 24493 I SpinonBootstrap: SPINON_R05_FRAME_TIMELINE_REQUEST renderer=opengl_es request_id=11 input_seq=11 revision=11 generation=1 state=posted
10-08 16:24:33.191 24493 24493 I SpinonBootstrap: SPINON_R08_TOUCH count=11
10-08 16:24:33.199 24493 24493 I SpinonBootstrap: SPINON_R05_FRAME_TIMELINE_TARGET renderer=opengl_es request_id=11 input_seq=11 revision=11 generation=1 vsync_id=131434 deadline_ns=4427823148044 expected_presentation_ns=4427838814710 render_mode=on_demand
10-08 16:24:33.199 24493 24493 I SpinonBootstrap: SPINON_R05_FRAME_TIMELINE_APPLY renderer=opengl_es request_id=11 input_seq=11 revision=11 generation=1 target_vsync_id=131434 transaction=queued_for_next_surface_frame
10-08 16:24:33.199 24493 24493 I SpinonBootstrap: SPINON_R05_SUBMIT renderer=opengl_es input_seq=11 revision=11 generation=1 event_time_ns=4427798000000 handler_uptime_ns=4427807270402 draw_requested=true draw_completed=false present_signal=unavailable attribution=input
10-08 16:24:33.199 24493 24493 I SpinonBootstrap: SPINON_R05_PRESENT_FLUSH renderer=opengl_es queued=true generation=1
10-08 16:24:33.199 24493 24493 I SpinonBootstrap: SPINON_R05_PRESENT_DRAIN renderer=opengl_es generation=1 queued=true delay_ms=250
10-08 16:24:33.199 24493 24511 I SpinonBootstrap: SPINON_R05_DRAW renderer=opengl_es draw_seq=13 revision=11 generation=1
10-08 16:24:33.200 24493 24532 I SpinonBootstrap: SPINON_R05_PRESENT_FLUSH requested=true renderer=opengl_es generation=1
10-08 16:24:33.450 24493 24493 I SpinonBootstrap: SPINON_R05_PRESENT_FLUSH renderer=opengl_es queued=true generation=1
10-08 16:24:33.450 24493 24532 I SpinonBootstrap: SPINON_R05_PRESENT_FLUSH requested=true renderer=opengl_es generation=1
10-08 16:24:33.451 24493 24532 I SpinonBootstrap: SPINON_R05_PRESENT_BATCH renderer=opengl_es generation=1 batch_seq=11 record_count=1 callback_os_tid=24532 callback_thread_id=58 registering_thread_os_tid=24493 queue_depth=0 rejected_callback_batches=0 rejected_flush_tasks=0 callback_uptime_ns=4428058503486 attribution=unmatched
10-08 16:24:33.451 24493 24532 I SpinonBootstrap: SPINON_R05_PRESENT renderer=opengl_es signal=SurfaceView_JankData generation=1 current_generation=1 current_surface=true batch_seq=11 record_index=0 callback_os_tid=24532 callback_thread_id=58 registering_thread_os_tid=24493 queue_depth=0 vsync_id=131434 present_time_ns=-1 present_state=unknown jank_type=0 actual_app_frame_ns=17289024 scheduled_app_frame_ns=16666666 callback_uptime_ns=4428058503486 frame_id=unavailable join_status=exact_match input_seq=11 revision=11 request_id=11 target_vsync_id=131434
