--------- beginning of main
10-08 15:52:42.728  3211  3211 I SpinonBootstrap: SPINON_R08_UI=ready text-input=EditText accessibility=button+EditText
10-08 15:52:42.941  3211  3211 I SpinonBootstrap: SPINON_R05_SURFACE renderer=opengl_es type=GLSurfaceView generation=1
10-08 15:52:42.941  3211  3211 I SpinonBootstrap: SPINON_R05_SIGNAL_CAPABILITY renderer=opengl_es signal=SurfaceView_JankData available=true reason=registered api=37 api_full=3700002
10-08 15:52:42.941  3211  3211 I SpinonBootstrap: SPINON_R05_SURFACE_SIZE renderer=opengl_es generation=1 size=1080x1920
10-08 15:52:42.957  3211  3255 I SpinonBootstrap: SPINON_R08_SURFACE=created api=OpenGL_ES_2 renderer=Android Emulator OpenGL ES Translator (ANGLE (Google, Vulkan 1.3.0 (SwiftShader Device (LLVM 10.0.0) (0x0000C0DE)), SwiftShader driver-5.0.0)) version=OpenGL ES 3.1 (OpenGL ES 3.1.0 (ANGLE 2.1.1 git hash: fbf66f49c7cc))
10-08 15:52:42.962  3211  3255 I SpinonBootstrap: SPINON_R08_SHADER=ready
10-08 15:52:42.962  3211  3255 I SpinonBootstrap: SPINON_R08_SURFACE=size 1080x1920
10-08 15:52:42.962  3211  3255 I SpinonBootstrap: SPINON_R05_DRAW renderer=opengl_es draw_seq=1 revision=0 generation=1
10-08 15:52:42.962  3211  3255 I SpinonBootstrap: SPINON_R08_FRAME=first_draw_submitted
10-08 15:52:44.830  3211  3211 I SpinonBootstrap: SPINON_R05_INPUT renderer=opengl_es input_seq=1 phase=ACTION_UP timestamp_precision=nanosecond_representation input_source=unknown event_time_ns=2519434000000 handler_uptime_ns=2519437751367 generation=1
10-08 15:52:44.833  3211  3211 I SpinonBootstrap: SPINON_R05_SUBMIT renderer=opengl_es input_seq=1 revision=1 generation=1 event_time_ns=2519434000000 handler_uptime_ns=2519441166659 draw_requested=true draw_completed=false present_signal=unavailable attribution=input
10-08 15:52:44.834  3211  3255 I SpinonBootstrap: SPINON_R05_DRAW renderer=opengl_es draw_seq=2 revision=1 generation=1
10-08 15:52:44.834  3211  3211 I SpinonBootstrap: SPINON_R05_PRESENT_FLUSH renderer=opengl_es queued=true generation=1
10-08 15:52:44.841  3211  3211 I SpinonBootstrap: SPINON_R08_TOUCH count=1
10-08 15:52:44.842  3211  3320 I SpinonBootstrap: SPINON_R05_PRESENT_FLUSH requested=true renderer=opengl_es generation=1
10-08 15:52:44.842  3211  3320 I SpinonBootstrap: SPINON_R05_PRESENT_BATCH renderer=opengl_es generation=1 batch_seq=1 record_count=2 callback_os_tid=3320 callback_thread_id=57 registering_thread_os_tid=3211 queue_depth=0 rejected_callback_batches=0 rejected_flush_tasks=0 callback_uptime_ns=2519450438117 attribution=unmatched
10-08 15:52:44.843  3211  3320 I SpinonBootstrap: SPINON_R05_PRESENT renderer=opengl_es signal=SurfaceView_JankData generation=1 current_generation=1 current_surface=true batch_seq=1 record_index=0 callback_os_tid=3320 callback_thread_id=57 registering_thread_os_tid=3211 queue_depth=0 vsync_id=-1 present_time_ns=-1 present_state=unknown jank_type=0 actual_app_frame_ns=0 scheduled_app_frame_ns=0 callback_uptime_ns=2519450438117 frame_id=unmatched revision=unmatched attribution=unmatched
10-08 15:52:44.843  3211  3320 I SpinonBootstrap: SPINON_R05_PRESENT renderer=opengl_es signal=SurfaceView_JankData generation=1 current_generation=1 current_surface=true batch_seq=1 record_index=1 callback_os_tid=3320 callback_thread_id=57 registering_thread_os_tid=3211 queue_depth=0 vsync_id=84533 present_time_ns=-1 present_state=unknown jank_type=3 actual_app_frame_ns=321766532 scheduled_app_frame_ns=16666666 callback_uptime_ns=2519450438117 frame_id=unmatched revision=unmatched attribution=unmatched
10-08 15:52:45.230  3211  3211 I SpinonBootstrap: SPINON_R05_INPUT renderer=opengl_es input_seq=2 phase=ACTION_UP timestamp_precision=nanosecond_representation input_source=unknown event_time_ns=2519835000000 handler_uptime_ns=2519837680451 generation=1
10-08 15:52:45.230  3211  3211 I SpinonBootstrap: SPINON_R05_SUBMIT renderer=opengl_es input_seq=2 revision=2 generation=1 event_time_ns=2519835000000 handler_uptime_ns=2519837824493 draw_requested=true draw_completed=false present_signal=unavailable attribution=input
10-08 15:52:45.230  3211  3211 I SpinonBootstrap: SPINON_R05_PRESENT_FLUSH renderer=opengl_es queued=true generation=1
10-08 15:52:45.230  3211  3255 I SpinonBootstrap: SPINON_R05_DRAW renderer=opengl_es draw_seq=3 revision=2 generation=1
10-08 15:52:45.231  3211  3320 I SpinonBootstrap: SPINON_R05_PRESENT_FLUSH requested=true renderer=opengl_es generation=1
10-08 15:52:45.233  3211  3211 I SpinonBootstrap: SPINON_R08_TOUCH count=2
10-08 15:52:45.235  3211  3320 I SpinonBootstrap: SPINON_R05_PRESENT_BATCH renderer=opengl_es generation=1 batch_seq=2 record_count=1 callback_os_tid=3320 callback_thread_id=57 registering_thread_os_tid=3211 queue_depth=0 rejected_callback_batches=0 rejected_flush_tasks=0 callback_uptime_ns=2519842715993 attribution=unmatched
10-08 15:52:45.235  3211  3320 I SpinonBootstrap: SPINON_R05_PRESENT renderer=opengl_es signal=SurfaceView_JankData generation=1 current_generation=1 current_surface=true batch_seq=2 record_index=0 callback_os_tid=3320 callback_thread_id=57 registering_thread_os_tid=3211 queue_depth=0 vsync_id=-1 present_time_ns=-1 present_state=unknown jank_type=0 actual_app_frame_ns=0 scheduled_app_frame_ns=0 callback_uptime_ns=2519842715993 frame_id=unmatched revision=unmatched attribution=unmatched
10-08 15:52:45.624  3211  3211 I SpinonBootstrap: SPINON_R05_INPUT renderer=opengl_es input_seq=3 phase=ACTION_UP timestamp_precision=nanosecond_representation input_source=unknown event_time_ns=2520229000000 handler_uptime_ns=2520231661451 generation=1
10-08 15:52:45.624  3211  3211 I SpinonBootstrap: SPINON_R05_SUBMIT renderer=opengl_es input_seq=3 revision=3 generation=1 event_time_ns=2520229000000 handler_uptime_ns=2520232217618 draw_requested=true draw_completed=false present_signal=unavailable attribution=input
10-08 15:52:45.624  3211  3211 I SpinonBootstrap: SPINON_R05_PRESENT_FLUSH renderer=opengl_es queued=true generation=1
10-08 15:52:45.625  3211  3255 I SpinonBootstrap: SPINON_R05_DRAW renderer=opengl_es draw_seq=4 revision=3 generation=1
10-08 15:52:45.628  3211  3211 I SpinonBootstrap: SPINON_R08_TOUCH count=3
10-08 15:52:45.629  3211  3320 I SpinonBootstrap: SPINON_R05_PRESENT_FLUSH requested=true renderer=opengl_es generation=1
10-08 15:52:45.637  3211  3320 I SpinonBootstrap: SPINON_R05_PRESENT_BATCH renderer=opengl_es generation=1 batch_seq=3 record_count=1 callback_os_tid=3320 callback_thread_id=57 registering_thread_os_tid=3211 queue_depth=0 rejected_callback_batches=0 rejected_flush_tasks=0 callback_uptime_ns=2520244543910 attribution=unmatched
10-08 15:52:45.637  3211  3320 I SpinonBootstrap: SPINON_R05_PRESENT renderer=opengl_es signal=SurfaceView_JankData generation=1 current_generation=1 current_surface=true batch_seq=3 record_index=0 callback_os_tid=3320 callback_thread_id=57 registering_thread_os_tid=3211 queue_depth=0 vsync_id=-1 present_time_ns=-1 present_state=unknown jank_type=0 actual_app_frame_ns=0 scheduled_app_frame_ns=0 callback_uptime_ns=2520244543910 frame_id=unmatched revision=unmatched attribution=unmatched
10-08 15:52:46.019  3211  3211 I SpinonBootstrap: SPINON_R05_INPUT renderer=opengl_es input_seq=4 phase=ACTION_UP timestamp_precision=nanosecond_representation input_source=unknown event_time_ns=2520626000000 handler_uptime_ns=2520626914701 generation=1
10-08 15:52:46.019  3211  3211 I SpinonBootstrap: SPINON_R05_SUBMIT renderer=opengl_es input_seq=4 revision=4 generation=1 event_time_ns=2520626000000 handler_uptime_ns=2520627075785 draw_requested=true draw_completed=false present_signal=unavailable attribution=input
10-08 15:52:46.019  3211  3255 I SpinonBootstrap: SPINON_R05_DRAW renderer=opengl_es draw_seq=5 revision=4 generation=1
10-08 15:52:46.019  3211  3211 I SpinonBootstrap: SPINON_R05_PRESENT_FLUSH renderer=opengl_es queued=true generation=1
10-08 15:52:46.021  3211  3320 I SpinonBootstrap: SPINON_R05_PRESENT_FLUSH requested=true renderer=opengl_es generation=1
10-08 15:52:46.021  3211  3211 I SpinonBootstrap: SPINON_R08_TOUCH count=4
10-08 15:52:46.420  3211  3211 I SpinonBootstrap: SPINON_R05_INPUT renderer=opengl_es input_seq=5 phase=ACTION_UP timestamp_precision=nanosecond_representation input_source=unknown event_time_ns=2521025000000 handler_uptime_ns=2521027686202 generation=1
10-08 15:52:46.420  3211  3211 I SpinonBootstrap: SPINON_R05_SUBMIT renderer=opengl_es input_seq=5 revision=5 generation=1 event_time_ns=2521025000000 handler_uptime_ns=2521027877577 draw_requested=true draw_completed=false present_signal=unavailable attribution=input
10-08 15:52:46.420  3211  3211 I SpinonBootstrap: SPINON_R05_PRESENT_FLUSH renderer=opengl_es queued=true generation=1
10-08 15:52:46.420  3211  3320 I SpinonBootstrap: SPINON_R05_PRESENT_FLUSH requested=true renderer=opengl_es generation=1
10-08 15:52:46.420  3211  3255 I SpinonBootstrap: SPINON_R05_DRAW renderer=opengl_es draw_seq=6 revision=5 generation=1
10-08 15:52:46.422  3211  3211 I SpinonBootstrap: SPINON_R08_TOUCH count=5
10-08 15:52:46.424  3211  3320 I SpinonBootstrap: SPINON_R05_PRESENT_BATCH renderer=opengl_es generation=1 batch_seq=4 record_count=2 callback_os_tid=3320 callback_thread_id=57 registering_thread_os_tid=3211 queue_depth=0 rejected_callback_batches=0 rejected_flush_tasks=0 callback_uptime_ns=2521031920493 attribution=unmatched
10-08 15:52:46.424  3211  3320 I SpinonBootstrap: SPINON_R05_PRESENT renderer=opengl_es signal=SurfaceView_JankData generation=1 current_generation=1 current_surface=true batch_seq=4 record_index=0 callback_os_tid=3320 callback_thread_id=57 registering_thread_os_tid=3211 queue_depth=0 vsync_id=-1 present_time_ns=-1 present_state=unknown jank_type=0 actual_app_frame_ns=0 scheduled_app_frame_ns=0 callback_uptime_ns=2521031920493 frame_id=unmatched revision=unmatched attribution=unmatched
10-08 15:52:46.424  3211  3320 I SpinonBootstrap: SPINON_R05_PRESENT renderer=opengl_es signal=SurfaceView_JankData generation=1 current_generation=1 current_surface=true batch_seq=4 record_index=1 callback_os_tid=3320 callback_thread_id=57 registering_thread_os_tid=3211 queue_depth=0 vsync_id=-1 present_time_ns=-1 present_state=unknown jank_type=0 actual_app_frame_ns=0 scheduled_app_frame_ns=0 callback_uptime_ns=2521031920493 frame_id=unmatched revision=unmatched attribution=unmatched
10-08 15:52:46.814  3211  3211 I SpinonBootstrap: SPINON_R05_INPUT renderer=opengl_es input_seq=6 phase=ACTION_UP timestamp_precision=nanosecond_representation input_source=unknown event_time_ns=2521421000000 handler_uptime_ns=2521422435743 generation=1
10-08 15:52:46.815  3211  3211 I SpinonBootstrap: SPINON_R05_SUBMIT renderer=opengl_es input_seq=6 revision=6 generation=1 event_time_ns=2521421000000 handler_uptime_ns=2521423277910 draw_requested=true draw_completed=false present_signal=unavailable attribution=input
10-08 15:52:46.815  3211  3211 I SpinonBootstrap: SPINON_R05_PRESENT_FLUSH renderer=opengl_es queued=true generation=1
10-08 15:52:46.816  3211  3255 I SpinonBootstrap: SPINON_R05_DRAW renderer=opengl_es draw_seq=7 revision=6 generation=1
10-08 15:52:46.817  3211  3211 I SpinonBootstrap: SPINON_R08_TOUCH count=6
10-08 15:52:46.819  3211  3320 I SpinonBootstrap: SPINON_R05_PRESENT_FLUSH requested=true renderer=opengl_es generation=1
10-08 15:52:46.822  3211  3320 I SpinonBootstrap: SPINON_R05_PRESENT_BATCH renderer=opengl_es generation=1 batch_seq=5 record_count=1 callback_os_tid=3320 callback_thread_id=57 registering_thread_os_tid=3211 queue_depth=0 rejected_callback_batches=0 rejected_flush_tasks=0 callback_uptime_ns=2521429617118 attribution=unmatched
10-08 15:52:46.822  3211  3320 I SpinonBootstrap: SPINON_R05_PRESENT renderer=opengl_es signal=SurfaceView_JankData generation=1 current_generation=1 current_surface=true batch_seq=5 record_index=0 callback_os_tid=3320 callback_thread_id=57 registering_thread_os_tid=3211 queue_depth=0 vsync_id=-1 present_time_ns=-1 present_state=unknown jank_type=0 actual_app_frame_ns=0 scheduled_app_frame_ns=0 callback_uptime_ns=2521429617118 frame_id=unmatched revision=unmatched attribution=unmatched
10-08 15:52:47.207  3211  3211 I SpinonBootstrap: SPINON_R05_INPUT renderer=opengl_es input_seq=7 phase=ACTION_UP timestamp_precision=nanosecond_representation input_source=unknown event_time_ns=2521812000000 handler_uptime_ns=2521815454785 generation=1
10-08 15:52:47.208  3211  3211 I SpinonBootstrap: SPINON_R05_SUBMIT renderer=opengl_es input_seq=7 revision=7 generation=1 event_time_ns=2521812000000 handler_uptime_ns=2521815642702 draw_requested=true draw_completed=false present_signal=unavailable attribution=input
10-08 15:52:47.208  3211  3255 I SpinonBootstrap: SPINON_R05_DRAW renderer=opengl_es draw_seq=8 revision=7 generation=1
10-08 15:52:47.209  3211  3211 I SpinonBootstrap: SPINON_R05_PRESENT_FLUSH renderer=opengl_es queued=true generation=1
10-08 15:52:47.209  3211  3320 I SpinonBootstrap: SPINON_R05_PRESENT_FLUSH requested=true renderer=opengl_es generation=1
10-08 15:52:47.209  3211  3320 I SpinonBootstrap: SPINON_R05_PRESENT_BATCH renderer=opengl_es generation=1 batch_seq=6 record_count=1 callback_os_tid=3320 callback_thread_id=57 registering_thread_os_tid=3211 queue_depth=0 rejected_callback_batches=0 rejected_flush_tasks=0 callback_uptime_ns=2521816738410 attribution=unmatched
10-08 15:52:47.209  3211  3320 I SpinonBootstrap: SPINON_R05_PRESENT renderer=opengl_es signal=SurfaceView_JankData generation=1 current_generation=1 current_surface=true batch_seq=6 record_index=0 callback_os_tid=3320 callback_thread_id=57 registering_thread_os_tid=3211 queue_depth=0 vsync_id=-1 present_time_ns=-1 present_state=unknown jank_type=0 actual_app_frame_ns=0 scheduled_app_frame_ns=0 callback_uptime_ns=2521816738410 frame_id=unmatched revision=unmatched attribution=unmatched
10-08 15:52:47.211  3211  3211 I SpinonBootstrap: SPINON_R08_TOUCH count=7
10-08 15:52:47.615  3211  3211 I SpinonBootstrap: SPINON_R05_INPUT renderer=opengl_es input_seq=8 phase=ACTION_UP timestamp_precision=nanosecond_representation input_source=unknown event_time_ns=2522221000000 handler_uptime_ns=2522223332327 generation=1
10-08 15:52:47.616  3211  3211 I SpinonBootstrap: SPINON_R05_SUBMIT renderer=opengl_es input_seq=8 revision=8 generation=1 event_time_ns=2522221000000 handler_uptime_ns=2522224398160 draw_requested=true draw_completed=false present_signal=unavailable attribution=input
10-08 15:52:47.617  3211  3211 I SpinonBootstrap: SPINON_R05_PRESENT_FLUSH renderer=opengl_es queued=true generation=1
10-08 15:52:47.617  3211  3255 I SpinonBootstrap: SPINON_R05_DRAW renderer=opengl_es draw_seq=9 revision=8 generation=1
10-08 15:52:47.618  3211  3211 I SpinonBootstrap: SPINON_R08_TOUCH count=8
10-08 15:52:47.618  3211  3320 I SpinonBootstrap: SPINON_R05_PRESENT_FLUSH requested=true renderer=opengl_es generation=1
10-08 15:52:47.619  3211  3320 I SpinonBootstrap: SPINON_R05_PRESENT_BATCH renderer=opengl_es generation=1 batch_seq=7 record_count=1 callback_os_tid=3320 callback_thread_id=57 registering_thread_os_tid=3211 queue_depth=0 rejected_callback_batches=0 rejected_flush_tasks=0 callback_uptime_ns=2522227438910 attribution=unmatched
10-08 15:52:47.620  3211  3320 I SpinonBootstrap: SPINON_R05_PRESENT renderer=opengl_es signal=SurfaceView_JankData generation=1 current_generation=1 current_surface=true batch_seq=7 record_index=0 callback_os_tid=3320 callback_thread_id=57 registering_thread_os_tid=3211 queue_depth=0 vsync_id=-1 present_time_ns=-1 present_state=unknown jank_type=0 actual_app_frame_ns=0 scheduled_app_frame_ns=0 callback_uptime_ns=2522227438910 frame_id=unmatched revision=unmatched attribution=unmatched
10-08 15:52:48.009  3211  3211 I SpinonBootstrap: SPINON_R05_INPUT renderer=opengl_es input_seq=9 phase=ACTION_UP timestamp_precision=nanosecond_representation input_source=unknown event_time_ns=2522615000000 handler_uptime_ns=2522616702036 generation=1
10-08 15:52:48.009  3211  3211 I SpinonBootstrap: SPINON_R05_SUBMIT renderer=opengl_es input_seq=9 revision=9 generation=1 event_time_ns=2522615000000 handler_uptime_ns=2522617405661 draw_requested=true draw_completed=false present_signal=unavailable attribution=input
10-08 15:52:48.009  3211  3211 I SpinonBootstrap: SPINON_R05_PRESENT_FLUSH renderer=opengl_es queued=true generation=1
10-08 15:52:48.010  3211  3211 I SpinonBootstrap: SPINON_R08_TOUCH count=9
10-08 15:52:48.011  3211  3255 I SpinonBootstrap: SPINON_R05_DRAW renderer=opengl_es draw_seq=10 revision=9 generation=1
10-08 15:52:48.011  3211  3320 I SpinonBootstrap: SPINON_R05_PRESENT_FLUSH requested=true renderer=opengl_es generation=1
10-08 15:52:48.011  3211  3320 I SpinonBootstrap: SPINON_R05_PRESENT_BATCH renderer=opengl_es generation=1 batch_seq=8 record_count=1 callback_os_tid=3320 callback_thread_id=57 registering_thread_os_tid=3211 queue_depth=0 rejected_callback_batches=0 rejected_flush_tasks=0 callback_uptime_ns=2522619297036 attribution=unmatched
10-08 15:52:48.011  3211  3320 I SpinonBootstrap: SPINON_R05_PRESENT renderer=opengl_es signal=SurfaceView_JankData generation=1 current_generation=1 current_surface=true batch_seq=8 record_index=0 callback_os_tid=3320 callback_thread_id=57 registering_thread_os_tid=3211 queue_depth=0 vsync_id=-1 present_time_ns=-1 present_state=unknown jank_type=0 actual_app_frame_ns=0 scheduled_app_frame_ns=0 callback_uptime_ns=2522619297036 frame_id=unmatched revision=unmatched attribution=unmatched
10-08 15:52:48.402  3211  3211 I SpinonBootstrap: SPINON_R05_INPUT renderer=opengl_es input_seq=10 phase=ACTION_UP timestamp_precision=nanosecond_representation input_source=unknown event_time_ns=2523007000000 handler_uptime_ns=2523010078744 generation=1
10-08 15:52:48.402  3211  3211 I SpinonBootstrap: SPINON_R05_SUBMIT renderer=opengl_es input_seq=10 revision=10 generation=1 event_time_ns=2523007000000 handler_uptime_ns=2523010330994 draw_requested=true draw_completed=false present_signal=unavailable attribution=input
10-08 15:52:48.402  3211  3211 I SpinonBootstrap: SPINON_R05_PRESENT_FLUSH renderer=opengl_es queued=true generation=1
10-08 15:52:48.403  3211  3255 I SpinonBootstrap: SPINON_R05_DRAW renderer=opengl_es draw_seq=11 revision=10 generation=1
10-08 15:52:48.404  3211  3211 I SpinonBootstrap: SPINON_R08_TOUCH count=10
10-08 15:52:48.404  3211  3320 I SpinonBootstrap: SPINON_R05_PRESENT_FLUSH requested=true renderer=opengl_es generation=1
10-08 15:52:48.405  3211  3320 I SpinonBootstrap: SPINON_R05_PRESENT_BATCH renderer=opengl_es generation=1 batch_seq=9 record_count=1 callback_os_tid=3320 callback_thread_id=57 registering_thread_os_tid=3211 queue_depth=0 rejected_callback_batches=0 rejected_flush_tasks=0 callback_uptime_ns=2523012475119 attribution=unmatched
10-08 15:52:48.405  3211  3320 I SpinonBootstrap: SPINON_R05_PRESENT renderer=opengl_es signal=SurfaceView_JankData generation=1 current_generation=1 current_surface=true batch_seq=9 record_index=0 callback_os_tid=3320 callback_thread_id=57 registering_thread_os_tid=3211 queue_depth=0 vsync_id=-1 present_time_ns=-1 present_state=unknown jank_type=0 actual_app_frame_ns=0 scheduled_app_frame_ns=0 callback_uptime_ns=2523012475119 frame_id=unmatched revision=unmatched attribution=unmatched
10-08 15:52:48.796  3211  3211 I SpinonBootstrap: SPINON_R05_INPUT renderer=opengl_es input_seq=11 phase=ACTION_UP timestamp_precision=nanosecond_representation input_source=unknown event_time_ns=2523400000000 handler_uptime_ns=2523403488494 generation=1
10-08 15:52:48.796  3211  3211 I SpinonBootstrap: SPINON_R05_SUBMIT renderer=opengl_es input_seq=11 revision=11 generation=1 event_time_ns=2523400000000 handler_uptime_ns=2523403721619 draw_requested=true draw_completed=false present_signal=unavailable attribution=input
10-08 15:52:48.796  3211  3211 I SpinonBootstrap: SPINON_R05_PRESENT_FLUSH renderer=opengl_es queued=true generation=1
10-08 15:52:48.796  3211  3320 I SpinonBootstrap: SPINON_R05_PRESENT_FLUSH requested=true renderer=opengl_es generation=1
10-08 15:52:48.797  3211  3320 I SpinonBootstrap: SPINON_R05_PRESENT_BATCH renderer=opengl_es generation=1 batch_seq=10 record_count=1 callback_os_tid=3320 callback_thread_id=57 registering_thread_os_tid=3211 queue_depth=0 rejected_callback_batches=0 rejected_flush_tasks=0 callback_uptime_ns=2523404741161 attribution=unmatched
10-08 15:52:48.797  3211  3320 I SpinonBootstrap: SPINON_R05_PRESENT renderer=opengl_es signal=SurfaceView_JankData generation=1 current_generation=1 current_surface=true batch_seq=10 record_index=0 callback_os_tid=3320 callback_thread_id=57 registering_thread_os_tid=3211 queue_depth=0 vsync_id=-1 present_time_ns=-1 present_state=unknown jank_type=0 actual_app_frame_ns=0 scheduled_app_frame_ns=0 callback_uptime_ns=2523404741161 frame_id=unmatched revision=unmatched attribution=unmatched
10-08 15:52:48.797  3211  3255 I SpinonBootstrap: SPINON_R05_DRAW renderer=opengl_es draw_seq=12 revision=11 generation=1
10-08 15:52:48.797  3211  3211 I SpinonBootstrap: SPINON_R08_TOUCH count=11
10-08 15:52:49.188  3211  3211 I SpinonBootstrap: SPINON_R05_INPUT renderer=opengl_es input_seq=12 phase=ACTION_UP timestamp_precision=nanosecond_representation input_source=unknown event_time_ns=2523793000000 handler_uptime_ns=2523796178286 generation=1
10-08 15:52:49.188  3211  3211 I SpinonBootstrap: SPINON_R05_SUBMIT renderer=opengl_es input_seq=12 revision=12 generation=1 event_time_ns=2523793000000 handler_uptime_ns=2523796287745 draw_requested=true draw_completed=false present_signal=unavailable attribution=input
10-08 15:52:49.188  3211  3211 I SpinonBootstrap: SPINON_R05_PRESENT_FLUSH renderer=opengl_es queued=true generation=1
10-08 15:52:49.188  3211  3211 I SpinonBootstrap: SPINON_R08_TOUCH count=12
10-08 15:52:49.189  3211  3320 I SpinonBootstrap: SPINON_R05_PRESENT_FLUSH requested=true renderer=opengl_es generation=1
10-08 15:52:49.190  3211  3255 I SpinonBootstrap: SPINON_R05_DRAW renderer=opengl_es draw_seq=13 revision=12 generation=1
10-08 15:52:49.190  3211  3320 I SpinonBootstrap: SPINON_R05_PRESENT_BATCH renderer=opengl_es generation=1 batch_seq=11 record_count=1 callback_os_tid=3320 callback_thread_id=57 registering_thread_os_tid=3211 queue_depth=0 rejected_callback_batches=0 rejected_flush_tasks=0 callback_uptime_ns=2523798264578 attribution=unmatched
10-08 15:52:49.190  3211  3320 I SpinonBootstrap: SPINON_R05_PRESENT renderer=opengl_es signal=SurfaceView_JankData generation=1 current_generation=1 current_surface=true batch_seq=11 record_index=0 callback_os_tid=3320 callback_thread_id=57 registering_thread_os_tid=3211 queue_depth=0 vsync_id=-1 present_time_ns=-1 present_state=unknown jank_type=0 actual_app_frame_ns=0 scheduled_app_frame_ns=0 callback_uptime_ns=2523798264578 frame_id=unmatched revision=unmatched attribution=unmatched
10-08 15:52:49.587  3211  3211 I SpinonBootstrap: SPINON_R05_INPUT renderer=opengl_es input_seq=13 phase=ACTION_UP timestamp_precision=nanosecond_representation input_source=unknown event_time_ns=2524192000000 handler_uptime_ns=2524194670078 generation=1
10-08 15:52:49.587  3211  3211 I SpinonBootstrap: SPINON_R05_SUBMIT renderer=opengl_es input_seq=13 revision=13 generation=1 event_time_ns=2524192000000 handler_uptime_ns=2524194788870 draw_requested=true draw_completed=false present_signal=unavailable attribution=input
10-08 15:52:49.587  3211  3211 I SpinonBootstrap: SPINON_R05_PRESENT_FLUSH renderer=opengl_es queued=true generation=1
10-08 15:52:49.587  3211  3211 I SpinonBootstrap: SPINON_R08_TOUCH count=13
10-08 15:52:49.587  3211  3320 I SpinonBootstrap: SPINON_R05_PRESENT_FLUSH requested=true renderer=opengl_es generation=1
10-08 15:52:49.587  3211  3320 I SpinonBootstrap: SPINON_R05_PRESENT_BATCH renderer=opengl_es generation=1 batch_seq=12 record_count=1 callback_os_tid=3320 callback_thread_id=57 registering_thread_os_tid=3211 queue_depth=0 rejected_callback_batches=0 rejected_flush_tasks=0 callback_uptime_ns=2524195368286 attribution=unmatched
10-08 15:52:49.587  3211  3320 I SpinonBootstrap: SPINON_R05_PRESENT renderer=opengl_es signal=SurfaceView_JankData generation=1 current_generation=1 current_surface=true batch_seq=12 record_index=0 callback_os_tid=3320 callback_thread_id=57 registering_thread_os_tid=3211 queue_depth=0 vsync_id=-1 present_time_ns=-1 present_state=unknown jank_type=0 actual_app_frame_ns=0 scheduled_app_frame_ns=0 callback_uptime_ns=2524195368286 frame_id=unmatched revision=unmatched attribution=unmatched
10-08 15:52:49.588  3211  3255 I SpinonBootstrap: SPINON_R05_DRAW renderer=opengl_es draw_seq=14 revision=13 generation=1
10-08 15:52:49.981  3211  3211 I SpinonBootstrap: SPINON_R05_INPUT renderer=opengl_es input_seq=14 phase=ACTION_UP timestamp_precision=nanosecond_representation input_source=unknown event_time_ns=2524586000000 handler_uptime_ns=2524588994245 generation=1
10-08 15:52:49.982  3211  3211 I SpinonBootstrap: SPINON_R05_SUBMIT renderer=opengl_es input_seq=14 revision=14 generation=1 event_time_ns=2524586000000 handler_uptime_ns=2524589571828 draw_requested=true draw_completed=false present_signal=unavailable attribution=input
10-08 15:52:49.982  3211  3211 I SpinonBootstrap: SPINON_R05_PRESENT_FLUSH renderer=opengl_es queued=true generation=1
10-08 15:52:49.983  3211  3211 I SpinonBootstrap: SPINON_R08_TOUCH count=14
10-08 15:52:49.983  3211  3255 I SpinonBootstrap: SPINON_R05_DRAW renderer=opengl_es draw_seq=15 revision=14 generation=1
10-08 15:52:49.984  3211  3320 I SpinonBootstrap: SPINON_R05_PRESENT_FLUSH requested=true renderer=opengl_es generation=1
10-08 15:52:49.986  3211  3320 I SpinonBootstrap: SPINON_R05_PRESENT_BATCH renderer=opengl_es generation=1 batch_seq=13 record_count=1 callback_os_tid=3320 callback_thread_id=57 registering_thread_os_tid=3211 queue_depth=0 rejected_callback_batches=0 rejected_flush_tasks=0 callback_uptime_ns=2524594153370 attribution=unmatched
10-08 15:52:49.986  3211  3320 I SpinonBootstrap: SPINON_R05_PRESENT renderer=opengl_es signal=SurfaceView_JankData generation=1 current_generation=1 current_surface=true batch_seq=13 record_index=0 callback_os_tid=3320 callback_thread_id=57 registering_thread_os_tid=3211 queue_depth=0 vsync_id=-1 present_time_ns=-1 present_state=unknown jank_type=0 actual_app_frame_ns=0 scheduled_app_frame_ns=0 callback_uptime_ns=2524594153370 frame_id=unmatched revision=unmatched attribution=unmatched
10-08 15:52:50.386  3211  3211 I SpinonBootstrap: SPINON_R05_INPUT renderer=opengl_es input_seq=15 phase=ACTION_UP timestamp_precision=nanosecond_representation input_source=unknown event_time_ns=2524988000000 handler_uptime_ns=2524993467787 generation=1
10-08 15:52:50.386  3211  3211 I SpinonBootstrap: SPINON_R05_SUBMIT renderer=opengl_es input_seq=15 revision=15 generation=1 event_time_ns=2524988000000 handler_uptime_ns=2524993670328 draw_requested=true draw_completed=false present_signal=unavailable attribution=input
10-08 15:52:50.386  3211  3211 I SpinonBootstrap: SPINON_R05_PRESENT_FLUSH renderer=opengl_es queued=true generation=1
10-08 15:52:50.386  3211  3211 I SpinonBootstrap: SPINON_R08_TOUCH count=15
10-08 15:52:50.386  3211  3255 I SpinonBootstrap: SPINON_R05_DRAW renderer=opengl_es draw_seq=16 revision=15 generation=1
10-08 15:52:50.388  3211  3320 I SpinonBootstrap: SPINON_R05_PRESENT_FLUSH requested=true renderer=opengl_es generation=1
10-08 15:52:50.391  3211  3320 I SpinonBootstrap: SPINON_R05_PRESENT_BATCH renderer=opengl_es generation=1 batch_seq=14 record_count=1 callback_os_tid=3320 callback_thread_id=57 registering_thread_os_tid=3211 queue_depth=0 rejected_callback_batches=0 rejected_flush_tasks=0 callback_uptime_ns=2524998607370 attribution=unmatched
10-08 15:52:50.391  3211  3320 I SpinonBootstrap: SPINON_R05_PRESENT renderer=opengl_es signal=SurfaceView_JankData generation=1 current_generation=1 current_surface=true batch_seq=14 record_index=0 callback_os_tid=3320 callback_thread_id=57 registering_thread_os_tid=3211 queue_depth=0 vsync_id=-1 present_time_ns=-1 present_state=unknown jank_type=0 actual_app_frame_ns=0 scheduled_app_frame_ns=0 callback_uptime_ns=2524998607370 frame_id=unmatched revision=unmatched attribution=unmatched
10-08 15:52:50.788  3211  3211 I SpinonBootstrap: SPINON_R05_INPUT renderer=opengl_es input_seq=16 phase=ACTION_UP timestamp_precision=nanosecond_representation input_source=unknown event_time_ns=2525390000000 handler_uptime_ns=2525396437829 generation=1
10-08 15:52:50.789  3211  3211 I SpinonBootstrap: SPINON_R05_SUBMIT renderer=opengl_es input_seq=16 revision=16 generation=1 event_time_ns=2525390000000 handler_uptime_ns=2525396923037 draw_requested=true draw_completed=false present_signal=unavailable attribution=input
10-08 15:52:50.789  3211  3255 I SpinonBootstrap: SPINON_R05_DRAW renderer=opengl_es draw_seq=17 revision=16 generation=1
10-08 15:52:50.790  3211  3211 I SpinonBootstrap: SPINON_R05_PRESENT_FLUSH renderer=opengl_es queued=true generation=1
10-08 15:52:50.790  3211  3211 I SpinonBootstrap: SPINON_R08_TOUCH count=16
10-08 15:52:50.795  3211  3320 I SpinonBootstrap: SPINON_R05_PRESENT_FLUSH requested=true renderer=opengl_es generation=1
10-08 15:52:50.795  3211  3320 I SpinonBootstrap: SPINON_R05_PRESENT_BATCH renderer=opengl_es generation=1 batch_seq=15 record_count=1 callback_os_tid=3320 callback_thread_id=57 registering_thread_os_tid=3211 queue_depth=0 rejected_callback_batches=0 rejected_flush_tasks=0 callback_uptime_ns=2525402771495 attribution=unmatched
10-08 15:52:50.795  3211  3320 I SpinonBootstrap: SPINON_R05_PRESENT renderer=opengl_es signal=SurfaceView_JankData generation=1 current_generation=1 current_surface=true batch_seq=15 record_index=0 callback_os_tid=3320 callback_thread_id=57 registering_thread_os_tid=3211 queue_depth=0 vsync_id=-1 present_time_ns=-1 present_state=unknown jank_type=0 actual_app_frame_ns=0 scheduled_app_frame_ns=0 callback_uptime_ns=2525402771495 frame_id=unmatched revision=unmatched attribution=unmatched
10-08 15:52:51.196  3211  3211 I SpinonBootstrap: SPINON_R05_INPUT renderer=opengl_es input_seq=17 phase=ACTION_UP timestamp_precision=nanosecond_representation input_source=unknown event_time_ns=2525801000000 handler_uptime_ns=2525803530287 generation=1
10-08 15:52:51.196  3211  3211 I SpinonBootstrap: SPINON_R05_SUBMIT renderer=opengl_es input_seq=17 revision=17 generation=1 event_time_ns=2525801000000 handler_uptime_ns=2525803926954 draw_requested=true draw_completed=false present_signal=unavailable attribution=input
10-08 15:52:51.196  3211  3211 I SpinonBootstrap: SPINON_R05_PRESENT_FLUSH renderer=opengl_es queued=true generation=1
10-08 15:52:51.196  3211  3255 I SpinonBootstrap: SPINON_R05_DRAW renderer=opengl_es draw_seq=18 revision=17 generation=1
10-08 15:52:51.197  3211  3211 I SpinonBootstrap: SPINON_R08_TOUCH count=17
10-08 15:52:51.199  3211  3320 I SpinonBootstrap: SPINON_R05_PRESENT_FLUSH requested=true renderer=opengl_es generation=1
10-08 15:52:51.201  3211  3320 I SpinonBootstrap: SPINON_R05_PRESENT_BATCH renderer=opengl_es generation=1 batch_seq=16 record_count=1 callback_os_tid=3320 callback_thread_id=57 registering_thread_os_tid=3211 queue_depth=0 rejected_callback_batches=0 rejected_flush_tasks=0 callback_uptime_ns=2525808761454 attribution=unmatched
10-08 15:52:51.201  3211  3320 I SpinonBootstrap: SPINON_R05_PRESENT renderer=opengl_es signal=SurfaceView_JankData generation=1 current_generation=1 current_surface=true batch_seq=16 record_index=0 callback_os_tid=3320 callback_thread_id=57 registering_thread_os_tid=3211 queue_depth=0 vsync_id=-1 present_time_ns=-1 present_state=unknown jank_type=0 actual_app_frame_ns=0 scheduled_app_frame_ns=0 callback_uptime_ns=2525808761454 frame_id=unmatched revision=unmatched attribution=unmatched
10-08 15:52:51.591  3211  3211 I SpinonBootstrap: SPINON_R05_INPUT renderer=opengl_es input_seq=18 phase=ACTION_UP timestamp_precision=nanosecond_representation input_source=unknown event_time_ns=2526195000000 handler_uptime_ns=2526198864829 generation=1
10-08 15:52:51.591  3211  3211 I SpinonBootstrap: SPINON_R05_SUBMIT renderer=opengl_es input_seq=18 revision=18 generation=1 event_time_ns=2526195000000 handler_uptime_ns=2526199133204 draw_requested=true draw_completed=false present_signal=unavailable attribution=input
10-08 15:52:51.591  3211  3211 I SpinonBootstrap: SPINON_R05_PRESENT_FLUSH renderer=opengl_es queued=true generation=1
10-08 15:52:51.591  3211  3255 I SpinonBootstrap: SPINON_R05_DRAW renderer=opengl_es draw_seq=19 revision=18 generation=1
10-08 15:52:51.592  3211  3211 I SpinonBootstrap: SPINON_R08_TOUCH count=18
10-08 15:52:51.598  3211  3320 I SpinonBootstrap: SPINON_R05_PRESENT_FLUSH requested=true renderer=opengl_es generation=1
10-08 15:52:51.598  3211  3320 I SpinonBootstrap: SPINON_R05_PRESENT_BATCH renderer=opengl_es generation=1 batch_seq=17 record_count=1 callback_os_tid=3320 callback_thread_id=57 registering_thread_os_tid=3211 queue_depth=0 rejected_callback_batches=0 rejected_flush_tasks=0 callback_uptime_ns=2526205890746 attribution=unmatched
10-08 15:52:51.598  3211  3320 I SpinonBootstrap: SPINON_R05_PRESENT renderer=opengl_es signal=SurfaceView_JankData generation=1 current_generation=1 current_surface=true batch_seq=17 record_index=0 callback_os_tid=3320 callback_thread_id=57 registering_thread_os_tid=3211 queue_depth=0 vsync_id=-1 present_time_ns=-1 present_state=unknown jank_type=0 actual_app_frame_ns=0 scheduled_app_frame_ns=0 callback_uptime_ns=2526205890746 frame_id=unmatched revision=unmatched attribution=unmatched
10-08 15:52:51.992  3211  3211 I SpinonBootstrap: SPINON_R05_INPUT renderer=opengl_es input_seq=19 phase=ACTION_UP timestamp_precision=nanosecond_representation input_source=unknown event_time_ns=2526596000000 handler_uptime_ns=2526599876663 generation=1
10-08 15:52:51.992  3211  3211 I SpinonBootstrap: SPINON_R05_SUBMIT renderer=opengl_es input_seq=19 revision=19 generation=1 event_time_ns=2526596000000 handler_uptime_ns=2526600354038 draw_requested=true draw_completed=false present_signal=unavailable attribution=input
10-08 15:52:51.992  3211  3211 I SpinonBootstrap: SPINON_R05_PRESENT_FLUSH renderer=opengl_es queued=true generation=1
10-08 15:52:51.993  3211  3255 I SpinonBootstrap: SPINON_R05_DRAW renderer=opengl_es draw_seq=20 revision=19 generation=1
10-08 15:52:51.993  3211  3211 I SpinonBootstrap: SPINON_R08_TOUCH count=19
10-08 15:52:51.993  3211  3320 I SpinonBootstrap: SPINON_R05_PRESENT_FLUSH requested=true renderer=opengl_es generation=1
10-08 15:52:52.382  3211  3211 I SpinonBootstrap: SPINON_R05_INPUT renderer=opengl_es input_seq=20 phase=ACTION_UP timestamp_precision=nanosecond_representation input_source=unknown event_time_ns=2526987000000 handler_uptime_ns=2526989619038 generation=1
10-08 15:52:52.382  3211  3211 I SpinonBootstrap: SPINON_R05_SUBMIT renderer=opengl_es input_seq=20 revision=20 generation=1 event_time_ns=2526987000000 handler_uptime_ns=2526990278788 draw_requested=true draw_completed=false present_signal=unavailable attribution=input
10-08 15:52:52.382  3211  3211 I SpinonBootstrap: SPINON_R05_PRESENT_FLUSH renderer=opengl_es queued=true generation=1
10-08 15:52:52.382  3211  3255 I SpinonBootstrap: SPINON_R05_DRAW renderer=opengl_es draw_seq=21 revision=20 generation=1
10-08 15:52:52.384  3211  3320 I SpinonBootstrap: SPINON_R05_PRESENT_FLUSH requested=true renderer=opengl_es generation=1
10-08 15:52:52.385  3211  3320 I SpinonBootstrap: SPINON_R05_PRESENT_BATCH renderer=opengl_es generation=1 batch_seq=18 record_count=1 callback_os_tid=3320 callback_thread_id=57 registering_thread_os_tid=3211 queue_depth=0 rejected_callback_batches=0 rejected_flush_tasks=0 callback_uptime_ns=2526992605996 attribution=unmatched
10-08 15:52:52.385  3211  3320 I SpinonBootstrap: SPINON_R05_PRESENT renderer=opengl_es signal=SurfaceView_JankData generation=1 current_generation=1 current_surface=true batch_seq=18 record_index=0 callback_os_tid=3320 callback_thread_id=57 registering_thread_os_tid=3211 queue_depth=0 vsync_id=-1 present_time_ns=-1 present_state=unknown jank_type=0 actual_app_frame_ns=0 scheduled_app_frame_ns=0 callback_uptime_ns=2526992605996 frame_id=unmatched revision=unmatched attribution=unmatched
10-08 15:52:52.386  3211  3211 I SpinonBootstrap: SPINON_R08_TOUCH count=20
10-08 15:52:52.776  3211  3211 I SpinonBootstrap: SPINON_R05_INPUT renderer=opengl_es input_seq=21 phase=ACTION_UP timestamp_precision=nanosecond_representation input_source=unknown event_time_ns=2527379000000 handler_uptime_ns=2527383494830 generation=1
10-08 15:52:52.776  3211  3211 I SpinonBootstrap: SPINON_R05_SUBMIT renderer=opengl_es input_seq=21 revision=21 generation=1 event_time_ns=2527379000000 handler_uptime_ns=2527383613538 draw_requested=true draw_completed=false present_signal=unavailable attribution=input
10-08 15:52:52.776  3211  3211 I SpinonBootstrap: SPINON_R05_PRESENT_FLUSH renderer=opengl_es queued=true generation=1
10-08 15:52:52.776  3211  3211 I SpinonBootstrap: SPINON_R08_TOUCH count=21
10-08 15:52:52.776  3211  3255 I SpinonBootstrap: SPINON_R05_DRAW renderer=opengl_es draw_seq=22 revision=21 generation=1
10-08 15:52:52.784  3211  3320 I SpinonBootstrap: SPINON_R05_PRESENT_FLUSH requested=true renderer=opengl_es generation=1
10-08 15:52:52.785  3211  3320 I SpinonBootstrap: SPINON_R05_PRESENT_BATCH renderer=opengl_es generation=1 batch_seq=19 record_count=2 callback_os_tid=3320 callback_thread_id=57 registering_thread_os_tid=3211 queue_depth=0 rejected_callback_batches=0 rejected_flush_tasks=0 callback_uptime_ns=2527392986080 attribution=unmatched
10-08 15:52:52.785  3211  3320 I SpinonBootstrap: SPINON_R05_PRESENT renderer=opengl_es signal=SurfaceView_JankData generation=1 current_generation=1 current_surface=true batch_seq=19 record_index=0 callback_os_tid=3320 callback_thread_id=57 registering_thread_os_tid=3211 queue_depth=0 vsync_id=-1 present_time_ns=-1 present_state=unknown jank_type=0 actual_app_frame_ns=0 scheduled_app_frame_ns=0 callback_uptime_ns=2527392986080 frame_id=unmatched revision=unmatched attribution=unmatched
10-08 15:52:52.785  3211  3320 I SpinonBootstrap: SPINON_R05_PRESENT renderer=opengl_es signal=SurfaceView_JankData generation=1 current_generation=1 current_surface=true batch_seq=19 record_index=1 callback_os_tid=3320 callback_thread_id=57 registering_thread_os_tid=3211 queue_depth=0 vsync_id=-1 present_time_ns=-1 present_state=unknown jank_type=0 actual_app_frame_ns=0 scheduled_app_frame_ns=0 callback_uptime_ns=2527392986080 frame_id=unmatched revision=unmatched attribution=unmatched
10-08 15:52:53.166  3211  3211 I SpinonBootstrap: SPINON_R05_INPUT renderer=opengl_es input_seq=22 phase=ACTION_UP timestamp_precision=nanosecond_representation input_source=unknown event_time_ns=2527772000000 handler_uptime_ns=2527774333746 generation=1
10-08 15:52:53.167  3211  3211 I SpinonBootstrap: SPINON_R05_SUBMIT renderer=opengl_es input_seq=22 revision=22 generation=1 event_time_ns=2527772000000 handler_uptime_ns=2527774602121 draw_requested=true draw_completed=false present_signal=unavailable attribution=input
10-08 15:52:53.167  3211  3211 I SpinonBootstrap: SPINON_R05_PRESENT_FLUSH renderer=opengl_es queued=true generation=1
10-08 15:52:53.168  3211  3211 I SpinonBootstrap: SPINON_R08_TOUCH count=22
10-08 15:52:53.169  3211  3255 I SpinonBootstrap: SPINON_R05_DRAW renderer=opengl_es draw_seq=23 revision=22 generation=1
10-08 15:52:53.170  3211  3320 I SpinonBootstrap: SPINON_R05_PRESENT_FLUSH requested=true renderer=opengl_es generation=1
10-08 15:52:53.170  3211  3320 I SpinonBootstrap: SPINON_R05_PRESENT_BATCH renderer=opengl_es generation=1 batch_seq=20 record_count=1 callback_os_tid=3320 callback_thread_id=57 registering_thread_os_tid=3211 queue_depth=0 rejected_callback_batches=0 rejected_flush_tasks=0 callback_uptime_ns=2527778367830 attribution=unmatched
10-08 15:52:53.171  3211  3320 I SpinonBootstrap: SPINON_R05_PRESENT renderer=opengl_es signal=SurfaceView_JankData generation=1 current_generation=1 current_surface=true batch_seq=20 record_index=0 callback_os_tid=3320 callback_thread_id=57 registering_thread_os_tid=3211 queue_depth=0 vsync_id=-1 present_time_ns=-1 present_state=unknown jank_type=0 actual_app_frame_ns=0 scheduled_app_frame_ns=0 callback_uptime_ns=2527778367830 frame_id=unmatched revision=unmatched attribution=unmatched
10-08 15:52:53.578  3211  3211 I SpinonBootstrap: SPINON_R05_INPUT renderer=opengl_es input_seq=23 phase=ACTION_UP timestamp_precision=nanosecond_representation input_source=unknown event_time_ns=2528184000000 handler_uptime_ns=2528186300205 generation=1
10-08 15:52:53.578  3211  3211 I SpinonBootstrap: SPINON_R05_SUBMIT renderer=opengl_es input_seq=23 revision=23 generation=1 event_time_ns=2528184000000 handler_uptime_ns=2528186462747 draw_requested=true draw_completed=false present_signal=unavailable attribution=input
10-08 15:52:53.579  3211  3211 I SpinonBootstrap: SPINON_R05_PRESENT_FLUSH renderer=opengl_es queued=true generation=1
10-08 15:52:53.579  3211  3255 I SpinonBootstrap: SPINON_R05_DRAW renderer=opengl_es draw_seq=24 revision=23 generation=1
10-08 15:52:53.579  3211  3320 I SpinonBootstrap: SPINON_R05_PRESENT_FLUSH requested=true renderer=opengl_es generation=1
10-08 15:52:53.579  3211  3320 I SpinonBootstrap: SPINON_R05_PRESENT_BATCH renderer=opengl_es generation=1 batch_seq=21 record_count=1 callback_os_tid=3320 callback_thread_id=57 registering_thread_os_tid=3211 queue_depth=0 rejected_callback_batches=0 rejected_flush_tasks=0 callback_uptime_ns=2528187229330 attribution=unmatched
10-08 15:52:53.579  3211  3320 I SpinonBootstrap: SPINON_R05_PRESENT renderer=opengl_es signal=SurfaceView_JankData generation=1 current_generation=1 current_surface=true batch_seq=21 record_index=0 callback_os_tid=3320 callback_thread_id=57 registering_thread_os_tid=3211 queue_depth=0 vsync_id=-1 present_time_ns=-1 present_state=unknown jank_type=0 actual_app_frame_ns=0 scheduled_app_frame_ns=0 callback_uptime_ns=2528187229330 frame_id=unmatched revision=unmatched attribution=unmatched
10-08 15:52:53.579  3211  3211 I SpinonBootstrap: SPINON_R08_TOUCH count=23
10-08 15:52:53.969  3211  3211 I SpinonBootstrap: SPINON_R05_INPUT renderer=opengl_es input_seq=24 phase=ACTION_UP timestamp_precision=nanosecond_representation input_source=unknown event_time_ns=2528575000000 handler_uptime_ns=2528577461664 generation=1
10-08 15:52:53.970  3211  3211 I SpinonBootstrap: SPINON_R05_SUBMIT renderer=opengl_es input_seq=24 revision=24 generation=1 event_time_ns=2528575000000 handler_uptime_ns=2528577944997 draw_requested=true draw_completed=false present_signal=unavailable attribution=input
10-08 15:52:53.970  3211  3211 I SpinonBootstrap: SPINON_R05_PRESENT_FLUSH renderer=opengl_es queued=true generation=1
10-08 15:52:53.970  3211  3255 I SpinonBootstrap: SPINON_R05_DRAW renderer=opengl_es draw_seq=25 revision=24 generation=1
10-08 15:52:53.970  3211  3211 I SpinonBootstrap: SPINON_R08_TOUCH count=24
10-08 15:52:53.971  3211  3320 I SpinonBootstrap: SPINON_R05_PRESENT_FLUSH requested=true renderer=opengl_es generation=1
10-08 15:52:54.365  3211  3211 I SpinonBootstrap: SPINON_R05_INPUT renderer=opengl_es input_seq=25 phase=ACTION_UP timestamp_precision=nanosecond_representation input_source=unknown event_time_ns=2528971000000 handler_uptime_ns=2528973455830 generation=1
10-08 15:52:54.366  3211  3211 I SpinonBootstrap: SPINON_R05_SUBMIT renderer=opengl_es input_seq=25 revision=25 generation=1 event_time_ns=2528971000000 handler_uptime_ns=2528973550414 draw_requested=true draw_completed=false present_signal=unavailable attribution=input
10-08 15:52:54.366  3211  3211 I SpinonBootstrap: SPINON_R05_PRESENT_FLUSH renderer=opengl_es queued=true generation=1
10-08 15:52:54.366  3211  3255 I SpinonBootstrap: SPINON_R05_DRAW renderer=opengl_es draw_seq=26 revision=25 generation=1
10-08 15:52:54.366  3211  3320 I SpinonBootstrap: SPINON_R05_PRESENT_FLUSH requested=true renderer=opengl_es generation=1
10-08 15:52:54.366  3211  3320 I SpinonBootstrap: SPINON_R05_PRESENT_BATCH renderer=opengl_es generation=1 batch_seq=22 record_count=2 callback_os_tid=3320 callback_thread_id=57 registering_thread_os_tid=3211 queue_depth=0 rejected_callback_batches=0 rejected_flush_tasks=0 callback_uptime_ns=2528973997830 attribution=unmatched
10-08 15:52:54.366  3211  3320 I SpinonBootstrap: SPINON_R05_PRESENT renderer=opengl_es signal=SurfaceView_JankData generation=1 current_generation=1 current_surface=true batch_seq=22 record_index=0 callback_os_tid=3320 callback_thread_id=57 registering_thread_os_tid=3211 queue_depth=0 vsync_id=-1 present_time_ns=-1 present_state=unknown jank_type=0 actual_app_frame_ns=0 scheduled_app_frame_ns=0 callback_uptime_ns=2528973997830 frame_id=unmatched revision=unmatched attribution=unmatched
10-08 15:52:54.366  3211  3320 I SpinonBootstrap: SPINON_R05_PRESENT renderer=opengl_es signal=SurfaceView_JankData generation=1 current_generation=1 current_surface=true batch_seq=22 record_index=1 callback_os_tid=3320 callback_thread_id=57 registering_thread_os_tid=3211 queue_depth=0 vsync_id=-1 present_time_ns=-1 present_state=unknown jank_type=0 actual_app_frame_ns=0 scheduled_app_frame_ns=0 callback_uptime_ns=2528973997830 frame_id=unmatched revision=unmatched attribution=unmatched
10-08 15:52:54.366  3211  3211 I SpinonBootstrap: SPINON_R08_TOUCH count=25
10-08 15:52:54.783  3211  3211 I SpinonBootstrap: SPINON_R05_INPUT renderer=opengl_es input_seq=26 phase=ACTION_UP timestamp_precision=nanosecond_representation input_source=unknown event_time_ns=2529384000000 handler_uptime_ns=2529391396206 generation=1
10-08 15:52:54.784  3211  3211 I SpinonBootstrap: SPINON_R05_SUBMIT renderer=opengl_es input_seq=26 revision=26 generation=1 event_time_ns=2529384000000 handler_uptime_ns=2529391578997 draw_requested=true draw_completed=false present_signal=unavailable attribution=input
10-08 15:52:54.784  3211  3211 I SpinonBootstrap: SPINON_R05_PRESENT_FLUSH renderer=opengl_es queued=true generation=1
10-08 15:52:54.784  3211  3255 I SpinonBootstrap: SPINON_R05_DRAW renderer=opengl_es draw_seq=27 revision=26 generation=1
10-08 15:52:54.786  3211  3211 I SpinonBootstrap: SPINON_R08_TOUCH count=26
10-08 15:52:54.787  3211  3320 I SpinonBootstrap: SPINON_R05_PRESENT_FLUSH requested=true renderer=opengl_es generation=1
10-08 15:52:55.192  3211  3211 I SpinonBootstrap: SPINON_R05_INPUT renderer=opengl_es input_seq=27 phase=ACTION_UP timestamp_precision=nanosecond_representation input_source=unknown event_time_ns=2529797000000 handler_uptime_ns=2529799897456 generation=1
10-08 15:52:55.193  3211  3211 I SpinonBootstrap: SPINON_R05_SUBMIT renderer=opengl_es input_seq=27 revision=27 generation=1 event_time_ns=2529797000000 handler_uptime_ns=2529800751456 draw_requested=true draw_completed=false present_signal=unavailable attribution=input
10-08 15:52:55.193  3211  3211 I SpinonBootstrap: SPINON_R05_PRESENT_FLUSH renderer=opengl_es queued=true generation=1
10-08 15:52:55.193  3211  3255 I SpinonBootstrap: SPINON_R05_DRAW renderer=opengl_es draw_seq=28 revision=27 generation=1
10-08 15:52:55.193  3211  3211 I SpinonBootstrap: SPINON_R08_TOUCH count=27
10-08 15:52:55.195  3211  3320 I SpinonBootstrap: SPINON_R05_PRESENT_FLUSH requested=true renderer=opengl_es generation=1
10-08 15:52:55.196  3211  3320 I SpinonBootstrap: SPINON_R05_PRESENT_BATCH renderer=opengl_es generation=1 batch_seq=23 record_count=2 callback_os_tid=3320 callback_thread_id=57 registering_thread_os_tid=3211 queue_depth=0 rejected_callback_batches=0 rejected_flush_tasks=0 callback_uptime_ns=2529803723247 attribution=unmatched
10-08 15:52:55.196  3211  3320 I SpinonBootstrap: SPINON_R05_PRESENT renderer=opengl_es signal=SurfaceView_JankData generation=1 current_generation=1 current_surface=true batch_seq=23 record_index=0 callback_os_tid=3320 callback_thread_id=57 registering_thread_os_tid=3211 queue_depth=0 vsync_id=-1 present_time_ns=-1 present_state=unknown jank_type=0 actual_app_frame_ns=0 scheduled_app_frame_ns=0 callback_uptime_ns=2529803723247 frame_id=unmatched revision=unmatched attribution=unmatched
10-08 15:52:55.196  3211  3320 I SpinonBootstrap: SPINON_R05_PRESENT renderer=opengl_es signal=SurfaceView_JankData generation=1 current_generation=1 current_surface=true batch_seq=23 record_index=1 callback_os_tid=3320 callback_thread_id=57 registering_thread_os_tid=3211 queue_depth=0 vsync_id=-1 present_time_ns=-1 present_state=unknown jank_type=0 actual_app_frame_ns=0 scheduled_app_frame_ns=0 callback_uptime_ns=2529803723247 frame_id=unmatched revision=unmatched attribution=unmatched
10-08 15:52:55.582  3211  3211 I SpinonBootstrap: SPINON_R05_INPUT renderer=opengl_es input_seq=28 phase=ACTION_UP timestamp_precision=nanosecond_representation input_source=unknown event_time_ns=2530186000000 handler_uptime_ns=2530190427831 generation=1
10-08 15:52:55.583  3211  3211 I SpinonBootstrap: SPINON_R05_SUBMIT renderer=opengl_es input_seq=28 revision=28 generation=1 event_time_ns=2530186000000 handler_uptime_ns=2530190589748 draw_requested=true draw_completed=false present_signal=unavailable attribution=input
10-08 15:52:55.583  3211  3211 I SpinonBootstrap: SPINON_R05_PRESENT_FLUSH renderer=opengl_es queued=true generation=1
10-08 15:52:55.583  3211  3255 I SpinonBootstrap: SPINON_R05_DRAW renderer=opengl_es draw_seq=29 revision=28 generation=1
10-08 15:52:55.583  3211  3211 I SpinonBootstrap: SPINON_R08_TOUCH count=28
10-08 15:52:55.583  3211  3320 I SpinonBootstrap: SPINON_R05_PRESENT_FLUSH requested=true renderer=opengl_es generation=1
10-08 15:52:55.584  3211  3320 I SpinonBootstrap: SPINON_R05_PRESENT_BATCH renderer=opengl_es generation=1 batch_seq=24 record_count=1 callback_os_tid=3320 callback_thread_id=57 registering_thread_os_tid=3211 queue_depth=0 rejected_callback_batches=0 rejected_flush_tasks=0 callback_uptime_ns=2530191541873 attribution=unmatched
10-08 15:52:55.584  3211  3320 I SpinonBootstrap: SPINON_R05_PRESENT renderer=opengl_es signal=SurfaceView_JankData generation=1 current_generation=1 current_surface=true batch_seq=24 record_index=0 callback_os_tid=3320 callback_thread_id=57 registering_thread_os_tid=3211 queue_depth=0 vsync_id=-1 present_time_ns=-1 present_state=unknown jank_type=0 actual_app_frame_ns=0 scheduled_app_frame_ns=0 callback_uptime_ns=2530191541873 frame_id=unmatched revision=unmatched attribution=unmatched
10-08 15:52:55.985  3211  3211 I SpinonBootstrap: SPINON_R05_INPUT renderer=opengl_es input_seq=29 phase=ACTION_UP timestamp_precision=nanosecond_representation input_source=unknown event_time_ns=2530589000000 handler_uptime_ns=2530592534539 generation=1
10-08 15:52:55.985  3211  3211 I SpinonBootstrap: SPINON_R05_SUBMIT renderer=opengl_es input_seq=29 revision=29 generation=1 event_time_ns=2530589000000 handler_uptime_ns=2530593269081 draw_requested=true draw_completed=false present_signal=unavailable attribution=input
10-08 15:52:55.985  3211  3211 I SpinonBootstrap: SPINON_R05_PRESENT_FLUSH renderer=opengl_es queued=true generation=1
10-08 15:52:55.985  3211  3211 I SpinonBootstrap: SPINON_R08_TOUCH count=29
10-08 15:52:55.986  3211  3255 I SpinonBootstrap: SPINON_R05_DRAW renderer=opengl_es draw_seq=30 revision=29 generation=1
10-08 15:52:55.988  3211  3320 I SpinonBootstrap: SPINON_R05_PRESENT_FLUSH requested=true renderer=opengl_es generation=1
10-08 15:52:55.988  3211  3320 I SpinonBootstrap: SPINON_R05_PRESENT_BATCH renderer=opengl_es generation=1 batch_seq=25 record_count=1 callback_os_tid=3320 callback_thread_id=57 registering_thread_os_tid=3211 queue_depth=0 rejected_callback_batches=0 rejected_flush_tasks=0 callback_uptime_ns=2530596164539 attribution=unmatched
10-08 15:52:55.988  3211  3320 I SpinonBootstrap: SPINON_R05_PRESENT renderer=opengl_es signal=SurfaceView_JankData generation=1 current_generation=1 current_surface=true batch_seq=25 record_index=0 callback_os_tid=3320 callback_thread_id=57 registering_thread_os_tid=3211 queue_depth=0 vsync_id=-1 present_time_ns=-1 present_state=unknown jank_type=0 actual_app_frame_ns=0 scheduled_app_frame_ns=0 callback_uptime_ns=2530596164539 frame_id=unmatched revision=unmatched attribution=unmatched
10-08 15:52:56.381  3211  3211 I SpinonBootstrap: SPINON_R05_INPUT renderer=opengl_es input_seq=30 phase=ACTION_UP timestamp_precision=nanosecond_representation input_source=unknown event_time_ns=2530986000000 handler_uptime_ns=2530989108831 generation=1
10-08 15:52:56.381  3211  3211 I SpinonBootstrap: SPINON_R05_SUBMIT renderer=opengl_es input_seq=30 revision=30 generation=1 event_time_ns=2530986000000 handler_uptime_ns=2530989301206 draw_requested=true draw_completed=false present_signal=unavailable attribution=input
10-08 15:52:56.381  3211  3211 I SpinonBootstrap: SPINON_R05_PRESENT_FLUSH renderer=opengl_es queued=true generation=1
10-08 15:52:56.382  3211  3255 I SpinonBootstrap: SPINON_R05_DRAW renderer=opengl_es draw_seq=31 revision=30 generation=1
10-08 15:52:56.382  3211  3211 I SpinonBootstrap: SPINON_R08_TOUCH count=30
10-08 15:52:56.384  3211  3320 I SpinonBootstrap: SPINON_R05_PRESENT_FLUSH requested=true renderer=opengl_es generation=1
10-08 15:52:56.385  3211  3320 I SpinonBootstrap: SPINON_R05_PRESENT_BATCH renderer=opengl_es generation=1 batch_seq=26 record_count=1 callback_os_tid=3320 callback_thread_id=57 registering_thread_os_tid=3211 queue_depth=0 rejected_callback_batches=0 rejected_flush_tasks=0 callback_uptime_ns=2530993105623 attribution=unmatched
10-08 15:52:56.385  3211  3320 I SpinonBootstrap: SPINON_R05_PRESENT renderer=opengl_es signal=SurfaceView_JankData generation=1 current_generation=1 current_surface=true batch_seq=26 record_index=0 callback_os_tid=3320 callback_thread_id=57 registering_thread_os_tid=3211 queue_depth=0 vsync_id=-1 present_time_ns=-1 present_state=unknown jank_type=0 actual_app_frame_ns=0 scheduled_app_frame_ns=0 callback_uptime_ns=2530993105623 frame_id=unmatched revision=unmatched attribution=unmatched
