--------- beginning of main
10-08 15:52:25.825  2386  2386 I SpinonBootstrap: SPINON_R08_UI=ready text-input=EditText accessibility=button+EditText
10-08 15:52:26.130  2386  2386 I SpinonBootstrap: SPINON_R05_SURFACE renderer=opengl_es type=GLSurfaceView generation=1
10-08 15:52:26.131  2386  2386 I SpinonBootstrap: SPINON_R05_SIGNAL_CAPABILITY renderer=opengl_es signal=SurfaceView_JankData available=true reason=registered api=37 api_full=3700002
10-08 15:52:26.131  2386  2386 I SpinonBootstrap: SPINON_R05_SURFACE_SIZE renderer=opengl_es generation=1 size=1080x1920
10-08 15:52:26.163  2386  2437 I SpinonBootstrap: SPINON_R08_SURFACE=created api=OpenGL_ES_2 renderer=Android Emulator OpenGL ES Translator (ANGLE (Google, Vulkan 1.3.0 (SwiftShader Device (LLVM 10.0.0) (0x0000C0DE)), SwiftShader driver-5.0.0)) version=OpenGL ES 3.1 (OpenGL ES 3.1.0 (ANGLE 2.1.1 git hash: fbf66f49c7cc))
10-08 15:52:26.261  2386  2437 I SpinonBootstrap: SPINON_R08_SHADER=ready
10-08 15:52:26.261  2386  2437 I SpinonBootstrap: SPINON_R08_SURFACE=size 1080x1920
10-08 15:52:26.262  2386  2437 I SpinonBootstrap: SPINON_R05_DRAW renderer=opengl_es draw_seq=1 revision=0 generation=1
10-08 15:52:26.262  2386  2437 I SpinonBootstrap: SPINON_R08_FRAME=first_draw_submitted
10-08 15:52:28.057  2386  2386 I SpinonBootstrap: SPINON_R05_INPUT renderer=opengl_es input_seq=1 phase=ACTION_UP timestamp_precision=nanosecond_representation input_source=unknown event_time_ns=2502661000000 handler_uptime_ns=2502664653193 generation=1
10-08 15:52:28.058  2386  2386 I SpinonBootstrap: SPINON_R05_SUBMIT renderer=opengl_es input_seq=1 revision=1 generation=1 event_time_ns=2502661000000 handler_uptime_ns=2502665974443 draw_requested=true draw_completed=false present_signal=unavailable attribution=input
10-08 15:52:28.058  2386  2386 I SpinonBootstrap: SPINON_R05_PRESENT_FLUSH renderer=opengl_es queued=true generation=1
10-08 15:52:28.059  2386  2504 I SpinonBootstrap: SPINON_R05_PRESENT_FLUSH requested=true renderer=opengl_es generation=1
10-08 15:52:28.059  2386  2437 I SpinonBootstrap: SPINON_R05_DRAW renderer=opengl_es draw_seq=2 revision=1 generation=1
10-08 15:52:28.059  2386  2504 I SpinonBootstrap: SPINON_R05_PRESENT_BATCH renderer=opengl_es generation=1 batch_seq=1 record_count=2 callback_os_tid=2504 callback_thread_id=57 registering_thread_os_tid=2386 queue_depth=0 rejected_callback_batches=0 rejected_flush_tasks=0 callback_uptime_ns=2502667070901 attribution=unmatched
10-08 15:52:28.059  2386  2504 I SpinonBootstrap: SPINON_R05_PRESENT renderer=opengl_es signal=SurfaceView_JankData generation=1 current_generation=1 current_surface=true batch_seq=1 record_index=0 callback_os_tid=2504 callback_thread_id=57 registering_thread_os_tid=2386 queue_depth=0 vsync_id=82678 present_time_ns=-1 present_state=unknown jank_type=2 actual_app_frame_ns=273607768 scheduled_app_frame_ns=16666666 callback_uptime_ns=2502667070901 frame_id=unmatched revision=unmatched attribution=unmatched
10-08 15:52:28.059  2386  2504 I SpinonBootstrap: SPINON_R05_PRESENT renderer=opengl_es signal=SurfaceView_JankData generation=1 current_generation=1 current_surface=true batch_seq=1 record_index=1 callback_os_tid=2504 callback_thread_id=57 registering_thread_os_tid=2386 queue_depth=0 vsync_id=-1 present_time_ns=-1 present_state=unknown jank_type=0 actual_app_frame_ns=0 scheduled_app_frame_ns=0 callback_uptime_ns=2502667070901 frame_id=unmatched revision=unmatched attribution=unmatched
10-08 15:52:28.061  2386  2386 I SpinonBootstrap: SPINON_R08_TOUCH count=1
10-08 15:52:28.496  2386  2386 I SpinonBootstrap: SPINON_R05_INPUT renderer=opengl_es input_seq=2 phase=ACTION_UP timestamp_precision=nanosecond_representation input_source=unknown event_time_ns=2503101000000 handler_uptime_ns=2503103930860 generation=1
10-08 15:52:28.496  2386  2437 I SpinonBootstrap: SPINON_R05_DRAW renderer=opengl_es draw_seq=3 revision=2 generation=1
10-08 15:52:28.497  2386  2386 I SpinonBootstrap: SPINON_R05_SUBMIT renderer=opengl_es input_seq=2 revision=2 generation=1 event_time_ns=2503101000000 handler_uptime_ns=2503104990818 draw_requested=true draw_completed=false present_signal=unavailable attribution=input
10-08 15:52:28.497  2386  2386 I SpinonBootstrap: SPINON_R05_PRESENT_FLUSH renderer=opengl_es queued=true generation=1
10-08 15:52:28.497  2386  2504 I SpinonBootstrap: SPINON_R05_PRESENT_FLUSH requested=true renderer=opengl_es generation=1
10-08 15:52:28.498  2386  2386 I SpinonBootstrap: SPINON_R08_TOUCH count=2
10-08 15:52:28.505  2386  2504 I SpinonBootstrap: SPINON_R05_PRESENT_BATCH renderer=opengl_es generation=1 batch_seq=2 record_count=1 callback_os_tid=2504 callback_thread_id=57 registering_thread_os_tid=2386 queue_depth=0 rejected_callback_batches=0 rejected_flush_tasks=0 callback_uptime_ns=2503112684110 attribution=unmatched
10-08 15:52:28.505  2386  2504 I SpinonBootstrap: SPINON_R05_PRESENT renderer=opengl_es signal=SurfaceView_JankData generation=1 current_generation=1 current_surface=true batch_seq=2 record_index=0 callback_os_tid=2504 callback_thread_id=57 registering_thread_os_tid=2386 queue_depth=0 vsync_id=-1 present_time_ns=-1 present_state=unknown jank_type=0 actual_app_frame_ns=0 scheduled_app_frame_ns=0 callback_uptime_ns=2503112684110 frame_id=unmatched revision=unmatched attribution=unmatched
10-08 15:52:28.924  2386  2386 I SpinonBootstrap: SPINON_R05_INPUT renderer=opengl_es input_seq=3 phase=ACTION_UP timestamp_precision=nanosecond_representation input_source=unknown event_time_ns=2503530000000 handler_uptime_ns=2503532427985 generation=1
10-08 15:52:28.925  2386  2386 I SpinonBootstrap: SPINON_R05_SUBMIT renderer=opengl_es input_seq=3 revision=3 generation=1 event_time_ns=2503530000000 handler_uptime_ns=2503532518902 draw_requested=true draw_completed=false present_signal=unavailable attribution=input
10-08 15:52:28.925  2386  2386 I SpinonBootstrap: SPINON_R05_PRESENT_FLUSH renderer=opengl_es queued=true generation=1
10-08 15:52:28.925  2386  2386 I SpinonBootstrap: SPINON_R08_TOUCH count=3
10-08 15:52:28.925  2386  2437 I SpinonBootstrap: SPINON_R05_DRAW renderer=opengl_es draw_seq=4 revision=3 generation=1
10-08 15:52:28.926  2386  2504 I SpinonBootstrap: SPINON_R05_PRESENT_FLUSH requested=true renderer=opengl_es generation=1
10-08 15:52:28.926  2386  2504 I SpinonBootstrap: SPINON_R05_PRESENT_BATCH renderer=opengl_es generation=1 batch_seq=3 record_count=1 callback_os_tid=2504 callback_thread_id=57 registering_thread_os_tid=2386 queue_depth=0 rejected_callback_batches=0 rejected_flush_tasks=0 callback_uptime_ns=2503534225027 attribution=unmatched
10-08 15:52:28.926  2386  2504 I SpinonBootstrap: SPINON_R05_PRESENT renderer=opengl_es signal=SurfaceView_JankData generation=1 current_generation=1 current_surface=true batch_seq=3 record_index=0 callback_os_tid=2504 callback_thread_id=57 registering_thread_os_tid=2386 queue_depth=0 vsync_id=-1 present_time_ns=-1 present_state=unknown jank_type=0 actual_app_frame_ns=0 scheduled_app_frame_ns=0 callback_uptime_ns=2503534225027 frame_id=unmatched revision=unmatched attribution=unmatched
10-08 15:52:29.318  2386  2386 I SpinonBootstrap: SPINON_R05_INPUT renderer=opengl_es input_seq=4 phase=ACTION_UP timestamp_precision=nanosecond_representation input_source=unknown event_time_ns=2503922000000 handler_uptime_ns=2503925475485 generation=1
10-08 15:52:29.318  2386  2386 I SpinonBootstrap: SPINON_R05_SUBMIT renderer=opengl_es input_seq=4 revision=4 generation=1 event_time_ns=2503922000000 handler_uptime_ns=2503925566735 draw_requested=true draw_completed=false present_signal=unavailable attribution=input
10-08 15:52:29.318  2386  2437 I SpinonBootstrap: SPINON_R05_DRAW renderer=opengl_es draw_seq=5 revision=4 generation=1
10-08 15:52:29.319  2386  2386 I SpinonBootstrap: SPINON_R05_PRESENT_FLUSH renderer=opengl_es queued=true generation=1
10-08 15:52:29.319  2386  2386 I SpinonBootstrap: SPINON_R08_TOUCH count=4
10-08 15:52:29.319  2386  2504 I SpinonBootstrap: SPINON_R05_PRESENT_FLUSH requested=true renderer=opengl_es generation=1
10-08 15:52:29.321  2386  2504 I SpinonBootstrap: SPINON_R05_PRESENT_BATCH renderer=opengl_es generation=1 batch_seq=4 record_count=1 callback_os_tid=2504 callback_thread_id=57 registering_thread_os_tid=2386 queue_depth=0 rejected_callback_batches=0 rejected_flush_tasks=0 callback_uptime_ns=2503929262568 attribution=unmatched
10-08 15:52:29.321  2386  2504 I SpinonBootstrap: SPINON_R05_PRESENT renderer=opengl_es signal=SurfaceView_JankData generation=1 current_generation=1 current_surface=true batch_seq=4 record_index=0 callback_os_tid=2504 callback_thread_id=57 registering_thread_os_tid=2386 queue_depth=0 vsync_id=-1 present_time_ns=-1 present_state=unknown jank_type=0 actual_app_frame_ns=0 scheduled_app_frame_ns=0 callback_uptime_ns=2503929262568 frame_id=unmatched revision=unmatched attribution=unmatched
10-08 15:52:29.739  2386  2386 I SpinonBootstrap: SPINON_R05_INPUT renderer=opengl_es input_seq=5 phase=ACTION_UP timestamp_precision=nanosecond_representation input_source=unknown event_time_ns=2504342000000 handler_uptime_ns=2504347280110 generation=1
10-08 15:52:29.740  2386  2386 I SpinonBootstrap: SPINON_R05_SUBMIT renderer=opengl_es input_seq=5 revision=5 generation=1 event_time_ns=2504342000000 handler_uptime_ns=2504347585235 draw_requested=true draw_completed=false present_signal=unavailable attribution=input
10-08 15:52:29.740  2386  2386 I SpinonBootstrap: SPINON_R05_PRESENT_FLUSH renderer=opengl_es queued=true generation=1
10-08 15:52:29.740  2386  2437 I SpinonBootstrap: SPINON_R05_DRAW renderer=opengl_es draw_seq=6 revision=5 generation=1
10-08 15:52:29.740  2386  2504 I SpinonBootstrap: SPINON_R05_PRESENT_FLUSH requested=true renderer=opengl_es generation=1
10-08 15:52:29.740  2386  2386 I SpinonBootstrap: SPINON_R08_TOUCH count=5
10-08 15:52:29.744  2386  2504 I SpinonBootstrap: SPINON_R05_PRESENT_BATCH renderer=opengl_es generation=1 batch_seq=5 record_count=1 callback_os_tid=2504 callback_thread_id=57 registering_thread_os_tid=2386 queue_depth=0 rejected_callback_batches=0 rejected_flush_tasks=0 callback_uptime_ns=2504352363069 attribution=unmatched
10-08 15:52:29.745  2386  2504 I SpinonBootstrap: SPINON_R05_PRESENT renderer=opengl_es signal=SurfaceView_JankData generation=1 current_generation=1 current_surface=true batch_seq=5 record_index=0 callback_os_tid=2504 callback_thread_id=57 registering_thread_os_tid=2386 queue_depth=0 vsync_id=-1 present_time_ns=-1 present_state=unknown jank_type=0 actual_app_frame_ns=0 scheduled_app_frame_ns=0 callback_uptime_ns=2504352363069 frame_id=unmatched revision=unmatched attribution=unmatched
10-08 15:52:30.147  2386  2386 I SpinonBootstrap: SPINON_R05_INPUT renderer=opengl_es input_seq=6 phase=ACTION_UP timestamp_precision=nanosecond_representation input_source=unknown event_time_ns=2504747000000 handler_uptime_ns=2504754970069 generation=1
10-08 15:52:30.147  2386  2386 I SpinonBootstrap: SPINON_R05_SUBMIT renderer=opengl_es input_seq=6 revision=6 generation=1 event_time_ns=2504747000000 handler_uptime_ns=2504755098944 draw_requested=true draw_completed=false present_signal=unavailable attribution=input
10-08 15:52:30.147  2386  2386 I SpinonBootstrap: SPINON_R05_PRESENT_FLUSH renderer=opengl_es queued=true generation=1
10-08 15:52:30.147  2386  2386 I SpinonBootstrap: SPINON_R08_TOUCH count=6
10-08 15:52:30.148  2386  2437 I SpinonBootstrap: SPINON_R05_DRAW renderer=opengl_es draw_seq=7 revision=6 generation=1
10-08 15:52:30.150  2386  2504 I SpinonBootstrap: SPINON_R05_PRESENT_FLUSH requested=true renderer=opengl_es generation=1
10-08 15:52:30.152  2386  2504 I SpinonBootstrap: SPINON_R05_PRESENT_BATCH renderer=opengl_es generation=1 batch_seq=6 record_count=1 callback_os_tid=2504 callback_thread_id=57 registering_thread_os_tid=2386 queue_depth=0 rejected_callback_batches=0 rejected_flush_tasks=0 callback_uptime_ns=2504759734902 attribution=unmatched
10-08 15:52:30.152  2386  2504 I SpinonBootstrap: SPINON_R05_PRESENT renderer=opengl_es signal=SurfaceView_JankData generation=1 current_generation=1 current_surface=true batch_seq=6 record_index=0 callback_os_tid=2504 callback_thread_id=57 registering_thread_os_tid=2386 queue_depth=0 vsync_id=-1 present_time_ns=-1 present_state=unknown jank_type=0 actual_app_frame_ns=0 scheduled_app_frame_ns=0 callback_uptime_ns=2504759734902 frame_id=unmatched revision=unmatched attribution=unmatched
10-08 15:52:30.572  2386  2386 I SpinonBootstrap: SPINON_R05_INPUT renderer=opengl_es input_seq=7 phase=ACTION_UP timestamp_precision=nanosecond_representation input_source=unknown event_time_ns=2505173000000 handler_uptime_ns=2505179840527 generation=1
10-08 15:52:30.572  2386  2386 I SpinonBootstrap: SPINON_R05_SUBMIT renderer=opengl_es input_seq=7 revision=7 generation=1 event_time_ns=2505173000000 handler_uptime_ns=2505179909444 draw_requested=true draw_completed=false present_signal=unavailable attribution=input
10-08 15:52:30.572  2386  2386 I SpinonBootstrap: SPINON_R05_PRESENT_FLUSH renderer=opengl_es queued=true generation=1
10-08 15:52:30.572  2386  2386 I SpinonBootstrap: SPINON_R08_TOUCH count=7
10-08 15:52:30.572  2386  2437 I SpinonBootstrap: SPINON_R05_DRAW renderer=opengl_es draw_seq=8 revision=7 generation=1
10-08 15:52:30.585  2386  2504 I SpinonBootstrap: SPINON_R05_PRESENT_FLUSH requested=true renderer=opengl_es generation=1
10-08 15:52:30.589  2386  2504 I SpinonBootstrap: SPINON_R05_PRESENT_BATCH renderer=opengl_es generation=1 batch_seq=7 record_count=1 callback_os_tid=2504 callback_thread_id=57 registering_thread_os_tid=2386 queue_depth=0 rejected_callback_batches=0 rejected_flush_tasks=0 callback_uptime_ns=2505197329236 attribution=unmatched
10-08 15:52:30.589  2386  2504 I SpinonBootstrap: SPINON_R05_PRESENT renderer=opengl_es signal=SurfaceView_JankData generation=1 current_generation=1 current_surface=true batch_seq=7 record_index=0 callback_os_tid=2504 callback_thread_id=57 registering_thread_os_tid=2386 queue_depth=0 vsync_id=-1 present_time_ns=-1 present_state=unknown jank_type=0 actual_app_frame_ns=0 scheduled_app_frame_ns=0 callback_uptime_ns=2505197329236 frame_id=unmatched revision=unmatched attribution=unmatched
10-08 15:52:31.292  2386  2386 I SpinonBootstrap: SPINON_R05_INPUT renderer=opengl_es input_seq=8 phase=ACTION_UP timestamp_precision=nanosecond_representation input_source=unknown event_time_ns=2505815000000 handler_uptime_ns=2505899526819 generation=1
10-08 15:52:31.296  2386  2386 I SpinonBootstrap: SPINON_R05_SUBMIT renderer=opengl_es input_seq=8 revision=8 generation=1 event_time_ns=2505815000000 handler_uptime_ns=2505903571319 draw_requested=true draw_completed=false present_signal=unavailable attribution=input
10-08 15:52:31.296  2386  2386 I SpinonBootstrap: SPINON_R05_PRESENT_FLUSH renderer=opengl_es queued=true generation=1
10-08 15:52:31.296  2386  2386 I SpinonBootstrap: SPINON_R08_TOUCH count=8
10-08 15:52:31.303  2386  2504 I SpinonBootstrap: SPINON_R05_PRESENT_FLUSH requested=true renderer=opengl_es generation=1
10-08 15:52:31.304  2386  2437 I SpinonBootstrap: SPINON_R05_DRAW renderer=opengl_es draw_seq=9 revision=8 generation=1
10-08 15:52:31.306  2386  2504 I SpinonBootstrap: SPINON_R05_PRESENT_BATCH renderer=opengl_es generation=1 batch_seq=8 record_count=1 callback_os_tid=2504 callback_thread_id=57 registering_thread_os_tid=2386 queue_depth=0 rejected_callback_batches=0 rejected_flush_tasks=0 callback_uptime_ns=2505914155278 attribution=unmatched
10-08 15:52:31.306  2386  2504 I SpinonBootstrap: SPINON_R05_PRESENT renderer=opengl_es signal=SurfaceView_JankData generation=1 current_generation=1 current_surface=true batch_seq=8 record_index=0 callback_os_tid=2504 callback_thread_id=57 registering_thread_os_tid=2386 queue_depth=0 vsync_id=-1 present_time_ns=-1 present_state=unknown jank_type=0 actual_app_frame_ns=0 scheduled_app_frame_ns=0 callback_uptime_ns=2505914155278 frame_id=unmatched revision=unmatched attribution=unmatched
10-08 15:52:31.687  2386  2386 I SpinonBootstrap: SPINON_R05_INPUT renderer=opengl_es input_seq=9 phase=ACTION_UP timestamp_precision=nanosecond_representation input_source=unknown event_time_ns=2506293000000 handler_uptime_ns=2506294834195 generation=1
10-08 15:52:31.687  2386  2386 I SpinonBootstrap: SPINON_R05_SUBMIT renderer=opengl_es input_seq=9 revision=9 generation=1 event_time_ns=2506293000000 handler_uptime_ns=2506295055903 draw_requested=true draw_completed=false present_signal=unavailable attribution=input
10-08 15:52:31.687  2386  2437 I SpinonBootstrap: SPINON_R05_DRAW renderer=opengl_es draw_seq=10 revision=9 generation=1
10-08 15:52:31.687  2386  2386 I SpinonBootstrap: SPINON_R05_PRESENT_FLUSH renderer=opengl_es queued=true generation=1
10-08 15:52:31.688  2386  2386 I SpinonBootstrap: SPINON_R08_TOUCH count=9
10-08 15:52:31.688  2386  2504 I SpinonBootstrap: SPINON_R05_PRESENT_FLUSH requested=true renderer=opengl_es generation=1
10-08 15:52:31.688  2386  2504 I SpinonBootstrap: SPINON_R05_PRESENT_BATCH renderer=opengl_es generation=1 batch_seq=9 record_count=1 callback_os_tid=2504 callback_thread_id=57 registering_thread_os_tid=2386 queue_depth=0 rejected_callback_batches=0 rejected_flush_tasks=0 callback_uptime_ns=2506296194903 attribution=unmatched
10-08 15:52:31.688  2386  2504 I SpinonBootstrap: SPINON_R05_PRESENT renderer=opengl_es signal=SurfaceView_JankData generation=1 current_generation=1 current_surface=true batch_seq=9 record_index=0 callback_os_tid=2504 callback_thread_id=57 registering_thread_os_tid=2386 queue_depth=0 vsync_id=-1 present_time_ns=-1 present_state=unknown jank_type=0 actual_app_frame_ns=0 scheduled_app_frame_ns=0 callback_uptime_ns=2506296194903 frame_id=unmatched revision=unmatched attribution=unmatched
10-08 15:52:32.081  2386  2386 I SpinonBootstrap: SPINON_R05_INPUT renderer=opengl_es input_seq=10 phase=ACTION_UP timestamp_precision=nanosecond_representation input_source=unknown event_time_ns=2506685000000 handler_uptime_ns=2506688803903 generation=1
10-08 15:52:32.081  2386  2386 I SpinonBootstrap: SPINON_R05_SUBMIT renderer=opengl_es input_seq=10 revision=10 generation=1 event_time_ns=2506685000000 handler_uptime_ns=2506688998320 draw_requested=true draw_completed=false present_signal=unavailable attribution=input
10-08 15:52:32.081  2386  2386 I SpinonBootstrap: SPINON_R05_PRESENT_FLUSH renderer=opengl_es queued=true generation=1
10-08 15:52:32.082  2386  2437 I SpinonBootstrap: SPINON_R05_DRAW renderer=opengl_es draw_seq=11 revision=10 generation=1
10-08 15:52:32.084  2386  2386 I SpinonBootstrap: SPINON_R08_TOUCH count=10
10-08 15:52:32.085  2386  2504 I SpinonBootstrap: SPINON_R05_PRESENT_FLUSH requested=true renderer=opengl_es generation=1
10-08 15:52:32.085  2386  2504 I SpinonBootstrap: SPINON_R05_PRESENT_BATCH renderer=opengl_es generation=1 batch_seq=10 record_count=1 callback_os_tid=2504 callback_thread_id=57 registering_thread_os_tid=2386 queue_depth=0 rejected_callback_batches=0 rejected_flush_tasks=0 callback_uptime_ns=2506692833486 attribution=unmatched
10-08 15:52:32.085  2386  2504 I SpinonBootstrap: SPINON_R05_PRESENT renderer=opengl_es signal=SurfaceView_JankData generation=1 current_generation=1 current_surface=true batch_seq=10 record_index=0 callback_os_tid=2504 callback_thread_id=57 registering_thread_os_tid=2386 queue_depth=0 vsync_id=-1 present_time_ns=-1 present_state=unknown jank_type=0 actual_app_frame_ns=0 scheduled_app_frame_ns=0 callback_uptime_ns=2506692833486 frame_id=unmatched revision=unmatched attribution=unmatched
10-08 15:52:32.475  2386  2386 I SpinonBootstrap: SPINON_R05_INPUT renderer=opengl_es input_seq=11 phase=ACTION_UP timestamp_precision=nanosecond_representation input_source=unknown event_time_ns=2507081000000 handler_uptime_ns=2507082800070 generation=1
10-08 15:52:32.475  2386  2386 I SpinonBootstrap: SPINON_R05_SUBMIT renderer=opengl_es input_seq=11 revision=11 generation=1 event_time_ns=2507081000000 handler_uptime_ns=2507083342945 draw_requested=true draw_completed=false present_signal=unavailable attribution=input
10-08 15:52:32.476  2386  2386 I SpinonBootstrap: SPINON_R05_PRESENT_FLUSH renderer=opengl_es queued=true generation=1
10-08 15:52:32.476  2386  2386 I SpinonBootstrap: SPINON_R08_TOUCH count=11
10-08 15:52:32.476  2386  2504 I SpinonBootstrap: SPINON_R05_PRESENT_FLUSH requested=true renderer=opengl_es generation=1
10-08 15:52:32.477  2386  2437 I SpinonBootstrap: SPINON_R05_DRAW renderer=opengl_es draw_seq=12 revision=11 generation=1
10-08 15:52:32.863  2386  2386 I SpinonBootstrap: SPINON_R05_INPUT renderer=opengl_es input_seq=12 phase=ACTION_UP timestamp_precision=nanosecond_representation input_source=unknown event_time_ns=2507469000000 handler_uptime_ns=2507471280487 generation=1
10-08 15:52:32.863  2386  2386 I SpinonBootstrap: SPINON_R05_SUBMIT renderer=opengl_es input_seq=12 revision=12 generation=1 event_time_ns=2507469000000 handler_uptime_ns=2507471416112 draw_requested=true draw_completed=false present_signal=unavailable attribution=input
10-08 15:52:32.863  2386  2386 I SpinonBootstrap: SPINON_R05_PRESENT_FLUSH renderer=opengl_es queued=true generation=1
10-08 15:52:32.864  2386  2504 I SpinonBootstrap: SPINON_R05_PRESENT_FLUSH requested=true renderer=opengl_es generation=1
10-08 15:52:32.864  2386  2437 I SpinonBootstrap: SPINON_R05_DRAW renderer=opengl_es draw_seq=13 revision=12 generation=1
10-08 15:52:32.864  2386  2386 I SpinonBootstrap: SPINON_R08_TOUCH count=12
10-08 15:52:32.867  2386  2504 I SpinonBootstrap: SPINON_R05_PRESENT_BATCH renderer=opengl_es generation=1 batch_seq=11 record_count=2 callback_os_tid=2504 callback_thread_id=57 registering_thread_os_tid=2386 queue_depth=0 rejected_callback_batches=0 rejected_flush_tasks=0 callback_uptime_ns=2507474640987 attribution=unmatched
10-08 15:52:32.867  2386  2504 I SpinonBootstrap: SPINON_R05_PRESENT renderer=opengl_es signal=SurfaceView_JankData generation=1 current_generation=1 current_surface=true batch_seq=11 record_index=0 callback_os_tid=2504 callback_thread_id=57 registering_thread_os_tid=2386 queue_depth=0 vsync_id=-1 present_time_ns=-1 present_state=unknown jank_type=0 actual_app_frame_ns=0 scheduled_app_frame_ns=0 callback_uptime_ns=2507474640987 frame_id=unmatched revision=unmatched attribution=unmatched
10-08 15:52:32.867  2386  2504 I SpinonBootstrap: SPINON_R05_PRESENT renderer=opengl_es signal=SurfaceView_JankData generation=1 current_generation=1 current_surface=true batch_seq=11 record_index=1 callback_os_tid=2504 callback_thread_id=57 registering_thread_os_tid=2386 queue_depth=0 vsync_id=-1 present_time_ns=-1 present_state=unknown jank_type=0 actual_app_frame_ns=0 scheduled_app_frame_ns=0 callback_uptime_ns=2507474640987 frame_id=unmatched revision=unmatched attribution=unmatched
10-08 15:52:33.257  2386  2386 I SpinonBootstrap: SPINON_R05_INPUT renderer=opengl_es input_seq=13 phase=ACTION_UP timestamp_precision=nanosecond_representation input_source=unknown event_time_ns=2507862000000 handler_uptime_ns=2507864492904 generation=1
10-08 15:52:33.257  2386  2386 I SpinonBootstrap: SPINON_R05_SUBMIT renderer=opengl_es input_seq=13 revision=13 generation=1 event_time_ns=2507862000000 handler_uptime_ns=2507864560862 draw_requested=true draw_completed=false present_signal=unavailable attribution=input
10-08 15:52:33.257  2386  2386 I SpinonBootstrap: SPINON_R05_PRESENT_FLUSH renderer=opengl_es queued=true generation=1
10-08 15:52:33.257  2386  2386 I SpinonBootstrap: SPINON_R08_TOUCH count=13
10-08 15:52:33.257  2386  2437 I SpinonBootstrap: SPINON_R05_DRAW renderer=opengl_es draw_seq=14 revision=13 generation=1
10-08 15:52:33.258  2386  2504 I SpinonBootstrap: SPINON_R05_PRESENT_FLUSH requested=true renderer=opengl_es generation=1
10-08 15:52:33.259  2386  2504 I SpinonBootstrap: SPINON_R05_PRESENT_BATCH renderer=opengl_es generation=1 batch_seq=12 record_count=1 callback_os_tid=2504 callback_thread_id=57 registering_thread_os_tid=2386 queue_depth=0 rejected_callback_batches=0 rejected_flush_tasks=0 callback_uptime_ns=2507866727404 attribution=unmatched
10-08 15:52:33.259  2386  2504 I SpinonBootstrap: SPINON_R05_PRESENT renderer=opengl_es signal=SurfaceView_JankData generation=1 current_generation=1 current_surface=true batch_seq=12 record_index=0 callback_os_tid=2504 callback_thread_id=57 registering_thread_os_tid=2386 queue_depth=0 vsync_id=-1 present_time_ns=-1 present_state=unknown jank_type=0 actual_app_frame_ns=0 scheduled_app_frame_ns=0 callback_uptime_ns=2507866727404 frame_id=unmatched revision=unmatched attribution=unmatched
10-08 15:52:33.646  2386  2386 I SpinonBootstrap: SPINON_R05_INPUT renderer=opengl_es input_seq=14 phase=ACTION_UP timestamp_precision=nanosecond_representation input_source=unknown event_time_ns=2508251000000 handler_uptime_ns=2508254117404 generation=1
10-08 15:52:33.646  2386  2386 I SpinonBootstrap: SPINON_R05_SUBMIT renderer=opengl_es input_seq=14 revision=14 generation=1 event_time_ns=2508251000000 handler_uptime_ns=2508254249695 draw_requested=true draw_completed=false present_signal=unavailable attribution=input
10-08 15:52:33.646  2386  2386 I SpinonBootstrap: SPINON_R05_PRESENT_FLUSH renderer=opengl_es queued=true generation=1
10-08 15:52:33.647  2386  2437 I SpinonBootstrap: SPINON_R05_DRAW renderer=opengl_es draw_seq=15 revision=14 generation=1
10-08 15:52:33.647  2386  2504 I SpinonBootstrap: SPINON_R05_PRESENT_FLUSH requested=true renderer=opengl_es generation=1
10-08 15:52:33.647  2386  2386 I SpinonBootstrap: SPINON_R08_TOUCH count=14
10-08 15:52:33.651  2386  2504 I SpinonBootstrap: SPINON_R05_PRESENT_BATCH renderer=opengl_es generation=1 batch_seq=13 record_count=1 callback_os_tid=2504 callback_thread_id=57 registering_thread_os_tid=2386 queue_depth=0 rejected_callback_batches=0 rejected_flush_tasks=0 callback_uptime_ns=2508258698654 attribution=unmatched
10-08 15:52:33.651  2386  2504 I SpinonBootstrap: SPINON_R05_PRESENT renderer=opengl_es signal=SurfaceView_JankData generation=1 current_generation=1 current_surface=true batch_seq=13 record_index=0 callback_os_tid=2504 callback_thread_id=57 registering_thread_os_tid=2386 queue_depth=0 vsync_id=-1 present_time_ns=-1 present_state=unknown jank_type=0 actual_app_frame_ns=0 scheduled_app_frame_ns=0 callback_uptime_ns=2508258698654 frame_id=unmatched revision=unmatched attribution=unmatched
10-08 15:52:34.050  2386  2386 I SpinonBootstrap: SPINON_R05_INPUT renderer=opengl_es input_seq=15 phase=ACTION_UP timestamp_precision=nanosecond_representation input_source=unknown event_time_ns=2508656000000 handler_uptime_ns=2508658468071 generation=1
10-08 15:52:34.051  2386  2386 I SpinonBootstrap: SPINON_R05_SUBMIT renderer=opengl_es input_seq=15 revision=15 generation=1 event_time_ns=2508656000000 handler_uptime_ns=2508658679946 draw_requested=true draw_completed=false present_signal=unavailable attribution=input
10-08 15:52:34.051  2386  2386 I SpinonBootstrap: SPINON_R05_PRESENT_FLUSH renderer=opengl_es queued=true generation=1
10-08 15:52:34.051  2386  2386 I SpinonBootstrap: SPINON_R08_TOUCH count=15
10-08 15:52:34.051  2386  2504 I SpinonBootstrap: SPINON_R05_PRESENT_FLUSH requested=true renderer=opengl_es generation=1
10-08 15:52:34.053  2386  2437 I SpinonBootstrap: SPINON_R05_DRAW renderer=opengl_es draw_seq=16 revision=15 generation=1
10-08 15:52:34.064  2386  2504 I SpinonBootstrap: SPINON_R05_PRESENT_BATCH renderer=opengl_es generation=1 batch_seq=14 record_count=1 callback_os_tid=2504 callback_thread_id=57 registering_thread_os_tid=2386 queue_depth=0 rejected_callback_batches=0 rejected_flush_tasks=0 callback_uptime_ns=2508671607654 attribution=unmatched
10-08 15:52:34.064  2386  2504 I SpinonBootstrap: SPINON_R05_PRESENT renderer=opengl_es signal=SurfaceView_JankData generation=1 current_generation=1 current_surface=true batch_seq=14 record_index=0 callback_os_tid=2504 callback_thread_id=57 registering_thread_os_tid=2386 queue_depth=0 vsync_id=-1 present_time_ns=-1 present_state=unknown jank_type=0 actual_app_frame_ns=0 scheduled_app_frame_ns=0 callback_uptime_ns=2508671607654 frame_id=unmatched revision=unmatched attribution=unmatched
10-08 15:52:34.446  2386  2386 I SpinonBootstrap: SPINON_R05_INPUT renderer=opengl_es input_seq=16 phase=ACTION_UP timestamp_precision=nanosecond_representation input_source=unknown event_time_ns=2509052000000 handler_uptime_ns=2509054360029 generation=1
10-08 15:52:34.446  2386  2386 I SpinonBootstrap: SPINON_R05_SUBMIT renderer=opengl_es input_seq=16 revision=16 generation=1 event_time_ns=2509052000000 handler_uptime_ns=2509054444029 draw_requested=true draw_completed=false present_signal=unavailable attribution=input
10-08 15:52:34.446  2386  2386 I SpinonBootstrap: SPINON_R05_PRESENT_FLUSH renderer=opengl_es queued=true generation=1
10-08 15:52:34.447  2386  2386 I SpinonBootstrap: SPINON_R08_TOUCH count=16
10-08 15:52:34.447  2386  2437 I SpinonBootstrap: SPINON_R05_DRAW renderer=opengl_es draw_seq=17 revision=16 generation=1
10-08 15:52:34.448  2386  2504 I SpinonBootstrap: SPINON_R05_PRESENT_FLUSH requested=true renderer=opengl_es generation=1
10-08 15:52:34.453  2386  2504 I SpinonBootstrap: SPINON_R05_PRESENT_BATCH renderer=opengl_es generation=1 batch_seq=15 record_count=1 callback_os_tid=2504 callback_thread_id=57 registering_thread_os_tid=2386 queue_depth=0 rejected_callback_batches=0 rejected_flush_tasks=0 callback_uptime_ns=2509060764738 attribution=unmatched
10-08 15:52:34.453  2386  2504 I SpinonBootstrap: SPINON_R05_PRESENT renderer=opengl_es signal=SurfaceView_JankData generation=1 current_generation=1 current_surface=true batch_seq=15 record_index=0 callback_os_tid=2504 callback_thread_id=57 registering_thread_os_tid=2386 queue_depth=0 vsync_id=-1 present_time_ns=-1 present_state=unknown jank_type=0 actual_app_frame_ns=0 scheduled_app_frame_ns=0 callback_uptime_ns=2509060764738 frame_id=unmatched revision=unmatched attribution=unmatched
10-08 15:52:34.839  2386  2386 I SpinonBootstrap: SPINON_R05_INPUT renderer=opengl_es input_seq=17 phase=ACTION_UP timestamp_precision=nanosecond_representation input_source=unknown event_time_ns=2509445000000 handler_uptime_ns=2509447406363 generation=1
10-08 15:52:34.840  2386  2386 I SpinonBootstrap: SPINON_R05_SUBMIT renderer=opengl_es input_seq=17 revision=17 generation=1 event_time_ns=2509445000000 handler_uptime_ns=2509447577863 draw_requested=true draw_completed=false present_signal=unavailable attribution=input
10-08 15:52:34.840  2386  2437 I SpinonBootstrap: SPINON_R05_DRAW renderer=opengl_es draw_seq=18 revision=17 generation=1
10-08 15:52:34.840  2386  2386 I SpinonBootstrap: SPINON_R05_PRESENT_FLUSH renderer=opengl_es queued=true generation=1
10-08 15:52:34.840  2386  2386 I SpinonBootstrap: SPINON_R08_TOUCH count=17
10-08 15:52:34.841  2386  2504 I SpinonBootstrap: SPINON_R05_PRESENT_FLUSH requested=true renderer=opengl_es generation=1
10-08 15:52:34.842  2386  2504 I SpinonBootstrap: SPINON_R05_PRESENT_BATCH renderer=opengl_es generation=1 batch_seq=16 record_count=1 callback_os_tid=2504 callback_thread_id=57 registering_thread_os_tid=2386 queue_depth=0 rejected_callback_batches=0 rejected_flush_tasks=0 callback_uptime_ns=2509449512738 attribution=unmatched
10-08 15:52:34.842  2386  2504 I SpinonBootstrap: SPINON_R05_PRESENT renderer=opengl_es signal=SurfaceView_JankData generation=1 current_generation=1 current_surface=true batch_seq=16 record_index=0 callback_os_tid=2504 callback_thread_id=57 registering_thread_os_tid=2386 queue_depth=0 vsync_id=-1 present_time_ns=-1 present_state=unknown jank_type=0 actual_app_frame_ns=0 scheduled_app_frame_ns=0 callback_uptime_ns=2509449512738 frame_id=unmatched revision=unmatched attribution=unmatched
10-08 15:52:35.233  2386  2386 I SpinonBootstrap: SPINON_R05_INPUT renderer=opengl_es input_seq=18 phase=ACTION_UP timestamp_precision=nanosecond_representation input_source=unknown event_time_ns=2509839000000 handler_uptime_ns=2509841368405 generation=1
10-08 15:52:35.234  2386  2386 I SpinonBootstrap: SPINON_R05_SUBMIT renderer=opengl_es input_seq=18 revision=18 generation=1 event_time_ns=2509839000000 handler_uptime_ns=2509841844863 draw_requested=true draw_completed=false present_signal=unavailable attribution=input
10-08 15:52:35.234  2386  2504 I SpinonBootstrap: SPINON_R05_PRESENT_FLUSH requested=true renderer=opengl_es generation=1
10-08 15:52:35.234  2386  2386 I SpinonBootstrap: SPINON_R05_PRESENT_FLUSH renderer=opengl_es queued=true generation=1
10-08 15:52:35.234  2386  2437 I SpinonBootstrap: SPINON_R05_DRAW renderer=opengl_es draw_seq=19 revision=18 generation=1
10-08 15:52:35.234  2386  2386 I SpinonBootstrap: SPINON_R08_TOUCH count=18
10-08 15:52:35.235  2386  2504 I SpinonBootstrap: SPINON_R05_PRESENT_BATCH renderer=opengl_es generation=1 batch_seq=17 record_count=1 callback_os_tid=2504 callback_thread_id=57 registering_thread_os_tid=2386 queue_depth=0 rejected_callback_batches=0 rejected_flush_tasks=0 callback_uptime_ns=2509843081780 attribution=unmatched
10-08 15:52:35.235  2386  2504 I SpinonBootstrap: SPINON_R05_PRESENT renderer=opengl_es signal=SurfaceView_JankData generation=1 current_generation=1 current_surface=true batch_seq=17 record_index=0 callback_os_tid=2504 callback_thread_id=57 registering_thread_os_tid=2386 queue_depth=0 vsync_id=-1 present_time_ns=-1 present_state=unknown jank_type=0 actual_app_frame_ns=0 scheduled_app_frame_ns=0 callback_uptime_ns=2509843081780 frame_id=unmatched revision=unmatched attribution=unmatched
10-08 15:52:35.662  2386  2386 I SpinonBootstrap: SPINON_R05_INPUT renderer=opengl_es input_seq=19 phase=ACTION_UP timestamp_precision=nanosecond_representation input_source=unknown event_time_ns=2510257000000 handler_uptime_ns=2510269659613 generation=1
10-08 15:52:35.662  2386  2386 I SpinonBootstrap: SPINON_R05_SUBMIT renderer=opengl_es input_seq=19 revision=19 generation=1 event_time_ns=2510257000000 handler_uptime_ns=2510269747363 draw_requested=true draw_completed=false present_signal=unavailable attribution=input
10-08 15:52:35.662  2386  2386 I SpinonBootstrap: SPINON_R05_PRESENT_FLUSH renderer=opengl_es queued=true generation=1
10-08 15:52:35.662  2386  2386 I SpinonBootstrap: SPINON_R08_TOUCH count=19
10-08 15:52:35.662  2386  2504 I SpinonBootstrap: SPINON_R05_PRESENT_FLUSH requested=true renderer=opengl_es generation=1
10-08 15:52:35.663  2386  2437 I SpinonBootstrap: SPINON_R05_DRAW renderer=opengl_es draw_seq=20 revision=19 generation=1
10-08 15:52:35.664  2386  2504 I SpinonBootstrap: SPINON_R05_PRESENT_BATCH renderer=opengl_es generation=1 batch_seq=18 record_count=1 callback_os_tid=2504 callback_thread_id=57 registering_thread_os_tid=2386 queue_depth=0 rejected_callback_batches=0 rejected_flush_tasks=0 callback_uptime_ns=2510271869238 attribution=unmatched
10-08 15:52:35.664  2386  2504 I SpinonBootstrap: SPINON_R05_PRESENT renderer=opengl_es signal=SurfaceView_JankData generation=1 current_generation=1 current_surface=true batch_seq=18 record_index=0 callback_os_tid=2504 callback_thread_id=57 registering_thread_os_tid=2386 queue_depth=0 vsync_id=-1 present_time_ns=-1 present_state=unknown jank_type=0 actual_app_frame_ns=0 scheduled_app_frame_ns=0 callback_uptime_ns=2510271869238 frame_id=unmatched revision=unmatched attribution=unmatched
10-08 15:52:36.055  2386  2386 I SpinonBootstrap: SPINON_R05_INPUT renderer=opengl_es input_seq=20 phase=ACTION_UP timestamp_precision=nanosecond_representation input_source=unknown event_time_ns=2510661000000 handler_uptime_ns=2510663146113 generation=1
10-08 15:52:36.055  2386  2437 I SpinonBootstrap: SPINON_R05_DRAW renderer=opengl_es draw_seq=21 revision=20 generation=1
10-08 15:52:36.056  2386  2386 I SpinonBootstrap: SPINON_R05_SUBMIT renderer=opengl_es input_seq=20 revision=20 generation=1 event_time_ns=2510661000000 handler_uptime_ns=2510663349780 draw_requested=true draw_completed=false present_signal=unavailable attribution=input
10-08 15:52:36.056  2386  2386 I SpinonBootstrap: SPINON_R05_PRESENT_FLUSH renderer=opengl_es queued=true generation=1
10-08 15:52:36.058  2386  2504 I SpinonBootstrap: SPINON_R05_PRESENT_FLUSH requested=true renderer=opengl_es generation=1
10-08 15:52:36.058  2386  2386 I SpinonBootstrap: SPINON_R08_TOUCH count=20
10-08 15:52:36.445  2386  2386 I SpinonBootstrap: SPINON_R05_INPUT renderer=opengl_es input_seq=21 phase=ACTION_UP timestamp_precision=nanosecond_representation input_source=unknown event_time_ns=2511050000000 handler_uptime_ns=2511053006863 generation=1
10-08 15:52:36.445  2386  2386 I SpinonBootstrap: SPINON_R05_SUBMIT renderer=opengl_es input_seq=21 revision=21 generation=1 event_time_ns=2511050000000 handler_uptime_ns=2511053160113 draw_requested=true draw_completed=false present_signal=unavailable attribution=input
10-08 15:52:36.445  2386  2437 I SpinonBootstrap: SPINON_R05_DRAW renderer=opengl_es draw_seq=22 revision=21 generation=1
10-08 15:52:36.446  2386  2386 I SpinonBootstrap: SPINON_R05_PRESENT_FLUSH renderer=opengl_es queued=true generation=1
10-08 15:52:36.446  2386  2386 I SpinonBootstrap: SPINON_R08_TOUCH count=21
10-08 15:52:36.447  2386  2504 I SpinonBootstrap: SPINON_R05_PRESENT_FLUSH requested=true renderer=opengl_es generation=1
10-08 15:52:36.447  2386  2504 I SpinonBootstrap: SPINON_R05_PRESENT_BATCH renderer=opengl_es generation=1 batch_seq=19 record_count=2 callback_os_tid=2504 callback_thread_id=57 registering_thread_os_tid=2386 queue_depth=0 rejected_callback_batches=0 rejected_flush_tasks=0 callback_uptime_ns=2511054587697 attribution=unmatched
10-08 15:52:36.447  2386  2504 I SpinonBootstrap: SPINON_R05_PRESENT renderer=opengl_es signal=SurfaceView_JankData generation=1 current_generation=1 current_surface=true batch_seq=19 record_index=0 callback_os_tid=2504 callback_thread_id=57 registering_thread_os_tid=2386 queue_depth=0 vsync_id=-1 present_time_ns=-1 present_state=unknown jank_type=0 actual_app_frame_ns=0 scheduled_app_frame_ns=0 callback_uptime_ns=2511054587697 frame_id=unmatched revision=unmatched attribution=unmatched
10-08 15:52:36.447  2386  2504 I SpinonBootstrap: SPINON_R05_PRESENT renderer=opengl_es signal=SurfaceView_JankData generation=1 current_generation=1 current_surface=true batch_seq=19 record_index=1 callback_os_tid=2504 callback_thread_id=57 registering_thread_os_tid=2386 queue_depth=0 vsync_id=-1 present_time_ns=-1 present_state=unknown jank_type=0 actual_app_frame_ns=0 scheduled_app_frame_ns=0 callback_uptime_ns=2511054587697 frame_id=unmatched revision=unmatched attribution=unmatched
10-08 15:52:36.833  2386  2386 I SpinonBootstrap: SPINON_R05_INPUT renderer=opengl_es input_seq=22 phase=ACTION_UP timestamp_precision=nanosecond_representation input_source=unknown event_time_ns=2511437000000 handler_uptime_ns=2511440933114 generation=1
10-08 15:52:36.833  2386  2386 I SpinonBootstrap: SPINON_R05_SUBMIT renderer=opengl_es input_seq=22 revision=22 generation=1 event_time_ns=2511437000000 handler_uptime_ns=2511441081697 draw_requested=true draw_completed=false present_signal=unavailable attribution=input
10-08 15:52:36.834  2386  2386 I SpinonBootstrap: SPINON_R05_PRESENT_FLUSH renderer=opengl_es queued=true generation=1
10-08 15:52:36.835  2386  2386 I SpinonBootstrap: SPINON_R08_TOUCH count=22
10-08 15:52:36.836  2386  2437 I SpinonBootstrap: SPINON_R05_DRAW renderer=opengl_es draw_seq=23 revision=22 generation=1
10-08 15:52:36.836  2386  2504 I SpinonBootstrap: SPINON_R05_PRESENT_FLUSH requested=true renderer=opengl_es generation=1
10-08 15:52:36.841  2386  2504 I SpinonBootstrap: SPINON_R05_PRESENT_BATCH renderer=opengl_es generation=1 batch_seq=20 record_count=1 callback_os_tid=2504 callback_thread_id=57 registering_thread_os_tid=2386 queue_depth=0 rejected_callback_batches=0 rejected_flush_tasks=0 callback_uptime_ns=2511448826114 attribution=unmatched
10-08 15:52:36.841  2386  2504 I SpinonBootstrap: SPINON_R05_PRESENT renderer=opengl_es signal=SurfaceView_JankData generation=1 current_generation=1 current_surface=true batch_seq=20 record_index=0 callback_os_tid=2504 callback_thread_id=57 registering_thread_os_tid=2386 queue_depth=0 vsync_id=-1 present_time_ns=-1 present_state=unknown jank_type=0 actual_app_frame_ns=0 scheduled_app_frame_ns=0 callback_uptime_ns=2511448826114 frame_id=unmatched revision=unmatched attribution=unmatched
10-08 15:52:37.235  2386  2386 I SpinonBootstrap: SPINON_R05_INPUT renderer=opengl_es input_seq=23 phase=ACTION_UP timestamp_precision=nanosecond_representation input_source=unknown event_time_ns=2511841000000 handler_uptime_ns=2511843226614 generation=1
10-08 15:52:37.235  2386  2386 I SpinonBootstrap: SPINON_R05_SUBMIT renderer=opengl_es input_seq=23 revision=23 generation=1 event_time_ns=2511841000000 handler_uptime_ns=2511843387656 draw_requested=true draw_completed=false present_signal=unavailable attribution=input
10-08 15:52:37.235  2386  2386 I SpinonBootstrap: SPINON_R05_PRESENT_FLUSH renderer=opengl_es queued=true generation=1
10-08 15:52:37.236  2386  2437 I SpinonBootstrap: SPINON_R05_DRAW renderer=opengl_es draw_seq=24 revision=23 generation=1
10-08 15:52:37.236  2386  2504 I SpinonBootstrap: SPINON_R05_PRESENT_FLUSH requested=true renderer=opengl_es generation=1
10-08 15:52:37.237  2386  2386 I SpinonBootstrap: SPINON_R08_TOUCH count=23
10-08 15:52:37.240  2386  2504 I SpinonBootstrap: SPINON_R05_PRESENT_BATCH renderer=opengl_es generation=1 batch_seq=21 record_count=1 callback_os_tid=2504 callback_thread_id=57 registering_thread_os_tid=2386 queue_depth=0 rejected_callback_batches=0 rejected_flush_tasks=0 callback_uptime_ns=2511847642656 attribution=unmatched
10-08 15:52:37.240  2386  2504 I SpinonBootstrap: SPINON_R05_PRESENT renderer=opengl_es signal=SurfaceView_JankData generation=1 current_generation=1 current_surface=true batch_seq=21 record_index=0 callback_os_tid=2504 callback_thread_id=57 registering_thread_os_tid=2386 queue_depth=0 vsync_id=-1 present_time_ns=-1 present_state=unknown jank_type=0 actual_app_frame_ns=0 scheduled_app_frame_ns=0 callback_uptime_ns=2511847642656 frame_id=unmatched revision=unmatched attribution=unmatched
10-08 15:52:37.629  2386  2386 I SpinonBootstrap: SPINON_R05_INPUT renderer=opengl_es input_seq=24 phase=ACTION_UP timestamp_precision=nanosecond_representation input_source=unknown event_time_ns=2512234000000 handler_uptime_ns=2512236083406 generation=1
10-08 15:52:37.629  2386  2386 I SpinonBootstrap: SPINON_R05_SUBMIT renderer=opengl_es input_seq=24 revision=24 generation=1 event_time_ns=2512234000000 handler_uptime_ns=2512236847281 draw_requested=true draw_completed=false present_signal=unavailable attribution=input
10-08 15:52:37.629  2386  2386 I SpinonBootstrap: SPINON_R05_PRESENT_FLUSH renderer=opengl_es queued=true generation=1
10-08 15:52:37.629  2386  2504 I SpinonBootstrap: SPINON_R05_PRESENT_FLUSH requested=true renderer=opengl_es generation=1
10-08 15:52:37.629  2386  2386 I SpinonBootstrap: SPINON_R08_TOUCH count=24
10-08 15:52:37.631  2386  2437 I SpinonBootstrap: SPINON_R05_DRAW renderer=opengl_es draw_seq=25 revision=24 generation=1
10-08 15:52:37.633  2386  2504 I SpinonBootstrap: SPINON_R05_PRESENT_BATCH renderer=opengl_es generation=1 batch_seq=22 record_count=1 callback_os_tid=2504 callback_thread_id=57 registering_thread_os_tid=2386 queue_depth=0 rejected_callback_batches=0 rejected_flush_tasks=0 callback_uptime_ns=2512240980447 attribution=unmatched
10-08 15:52:37.633  2386  2504 I SpinonBootstrap: SPINON_R05_PRESENT renderer=opengl_es signal=SurfaceView_JankData generation=1 current_generation=1 current_surface=true batch_seq=22 record_index=0 callback_os_tid=2504 callback_thread_id=57 registering_thread_os_tid=2386 queue_depth=0 vsync_id=-1 present_time_ns=-1 present_state=unknown jank_type=0 actual_app_frame_ns=0 scheduled_app_frame_ns=0 callback_uptime_ns=2512240980447 frame_id=unmatched revision=unmatched attribution=unmatched
10-08 15:52:38.032  2386  2386 I SpinonBootstrap: SPINON_R05_INPUT renderer=opengl_es input_seq=25 phase=ACTION_UP timestamp_precision=nanosecond_representation input_source=unknown event_time_ns=2512635000000 handler_uptime_ns=2512640284323 generation=1
10-08 15:52:38.033  2386  2386 I SpinonBootstrap: SPINON_R05_SUBMIT renderer=opengl_es input_seq=25 revision=25 generation=1 event_time_ns=2512635000000 handler_uptime_ns=2512640495989 draw_requested=true draw_completed=false present_signal=unavailable attribution=input
10-08 15:52:38.033  2386  2386 I SpinonBootstrap: SPINON_R05_PRESENT_FLUSH renderer=opengl_es queued=true generation=1
10-08 15:52:38.033  2386  2437 I SpinonBootstrap: SPINON_R05_DRAW renderer=opengl_es draw_seq=26 revision=25 generation=1
10-08 15:52:38.033  2386  2504 I SpinonBootstrap: SPINON_R05_PRESENT_FLUSH requested=true renderer=opengl_es generation=1
10-08 15:52:38.033  2386  2386 I SpinonBootstrap: SPINON_R08_TOUCH count=25
10-08 15:52:38.039  2386  2504 I SpinonBootstrap: SPINON_R05_PRESENT_BATCH renderer=opengl_es generation=1 batch_seq=23 record_count=1 callback_os_tid=2504 callback_thread_id=57 registering_thread_os_tid=2386 queue_depth=0 rejected_callback_batches=0 rejected_flush_tasks=0 callback_uptime_ns=2512646677864 attribution=unmatched
10-08 15:52:38.039  2386  2504 I SpinonBootstrap: SPINON_R05_PRESENT renderer=opengl_es signal=SurfaceView_JankData generation=1 current_generation=1 current_surface=true batch_seq=23 record_index=0 callback_os_tid=2504 callback_thread_id=57 registering_thread_os_tid=2386 queue_depth=0 vsync_id=-1 present_time_ns=-1 present_state=unknown jank_type=0 actual_app_frame_ns=0 scheduled_app_frame_ns=0 callback_uptime_ns=2512646677864 frame_id=unmatched revision=unmatched attribution=unmatched
10-08 15:52:38.428  2386  2386 I SpinonBootstrap: SPINON_R05_INPUT renderer=opengl_es input_seq=26 phase=ACTION_UP timestamp_precision=nanosecond_representation input_source=unknown event_time_ns=2513034000000 handler_uptime_ns=2513036151489 generation=1
10-08 15:52:38.428  2386  2386 I SpinonBootstrap: SPINON_R05_SUBMIT renderer=opengl_es input_seq=26 revision=26 generation=1 event_time_ns=2513034000000 handler_uptime_ns=2513036209489 draw_requested=true draw_completed=false present_signal=unavailable attribution=input
10-08 15:52:38.428  2386  2386 I SpinonBootstrap: SPINON_R05_PRESENT_FLUSH renderer=opengl_es queued=true generation=1
10-08 15:52:38.428  2386  2437 I SpinonBootstrap: SPINON_R05_DRAW renderer=opengl_es draw_seq=27 revision=26 generation=1
10-08 15:52:38.428  2386  2386 I SpinonBootstrap: SPINON_R08_TOUCH count=26
10-08 15:52:38.429  2386  2504 I SpinonBootstrap: SPINON_R05_PRESENT_FLUSH requested=true renderer=opengl_es generation=1
10-08 15:52:38.430  2386  2504 I SpinonBootstrap: SPINON_R05_PRESENT_BATCH renderer=opengl_es generation=1 batch_seq=24 record_count=1 callback_os_tid=2504 callback_thread_id=57 registering_thread_os_tid=2386 queue_depth=0 rejected_callback_batches=0 rejected_flush_tasks=0 callback_uptime_ns=2513037708531 attribution=unmatched
10-08 15:52:38.430  2386  2504 I SpinonBootstrap: SPINON_R05_PRESENT renderer=opengl_es signal=SurfaceView_JankData generation=1 current_generation=1 current_surface=true batch_seq=24 record_index=0 callback_os_tid=2504 callback_thread_id=57 registering_thread_os_tid=2386 queue_depth=0 vsync_id=-1 present_time_ns=-1 present_state=unknown jank_type=0 actual_app_frame_ns=0 scheduled_app_frame_ns=0 callback_uptime_ns=2513037708531 frame_id=unmatched revision=unmatched attribution=unmatched
10-08 15:52:38.822  2386  2386 I SpinonBootstrap: SPINON_R05_INPUT renderer=opengl_es input_seq=27 phase=ACTION_UP timestamp_precision=nanosecond_representation input_source=unknown event_time_ns=2513426000000 handler_uptime_ns=2513429708198 generation=1
10-08 15:52:38.823  2386  2386 I SpinonBootstrap: SPINON_R05_SUBMIT renderer=opengl_es input_seq=27 revision=27 generation=1 event_time_ns=2513426000000 handler_uptime_ns=2513430845573 draw_requested=true draw_completed=false present_signal=unavailable attribution=input
10-08 15:52:38.823  2386  2386 I SpinonBootstrap: SPINON_R05_PRESENT_FLUSH renderer=opengl_es queued=true generation=1
10-08 15:52:38.823  2386  2437 I SpinonBootstrap: SPINON_R05_DRAW renderer=opengl_es draw_seq=28 revision=27 generation=1
10-08 15:52:38.825  2386  2386 I SpinonBootstrap: SPINON_R08_TOUCH count=27
10-08 15:52:38.826  2386  2504 I SpinonBootstrap: SPINON_R05_PRESENT_FLUSH requested=true renderer=opengl_es generation=1
10-08 15:52:38.826  2386  2504 I SpinonBootstrap: SPINON_R05_PRESENT_BATCH renderer=opengl_es generation=1 batch_seq=25 record_count=1 callback_os_tid=2504 callback_thread_id=57 registering_thread_os_tid=2386 queue_depth=0 rejected_callback_batches=0 rejected_flush_tasks=0 callback_uptime_ns=2513434408865 attribution=unmatched
10-08 15:52:38.826  2386  2504 I SpinonBootstrap: SPINON_R05_PRESENT renderer=opengl_es signal=SurfaceView_JankData generation=1 current_generation=1 current_surface=true batch_seq=25 record_index=0 callback_os_tid=2504 callback_thread_id=57 registering_thread_os_tid=2386 queue_depth=0 vsync_id=-1 present_time_ns=-1 present_state=unknown jank_type=0 actual_app_frame_ns=0 scheduled_app_frame_ns=0 callback_uptime_ns=2513434408865 frame_id=unmatched revision=unmatched attribution=unmatched
10-08 15:52:39.227  2386  2386 I SpinonBootstrap: SPINON_R05_INPUT renderer=opengl_es input_seq=28 phase=ACTION_UP timestamp_precision=nanosecond_representation input_source=unknown event_time_ns=2513833000000 handler_uptime_ns=2513835103823 generation=1
10-08 15:52:39.228  2386  2386 I SpinonBootstrap: SPINON_R05_SUBMIT renderer=opengl_es input_seq=28 revision=28 generation=1 event_time_ns=2513833000000 handler_uptime_ns=2513835897031 draw_requested=true draw_completed=false present_signal=unavailable attribution=input
10-08 15:52:39.228  2386  2386 I SpinonBootstrap: SPINON_R05_PRESENT_FLUSH renderer=opengl_es queued=true generation=1
10-08 15:52:39.228  2386  2386 I SpinonBootstrap: SPINON_R08_TOUCH count=28
10-08 15:52:39.228  2386  2437 I SpinonBootstrap: SPINON_R05_DRAW renderer=opengl_es draw_seq=29 revision=28 generation=1
10-08 15:52:39.229  2386  2504 I SpinonBootstrap: SPINON_R05_PRESENT_FLUSH requested=true renderer=opengl_es generation=1
10-08 15:52:39.230  2386  2504 I SpinonBootstrap: SPINON_R05_PRESENT_BATCH renderer=opengl_es generation=1 batch_seq=26 record_count=1 callback_os_tid=2504 callback_thread_id=57 registering_thread_os_tid=2386 queue_depth=0 rejected_callback_batches=0 rejected_flush_tasks=0 callback_uptime_ns=2513837948906 attribution=unmatched
10-08 15:52:39.230  2386  2504 I SpinonBootstrap: SPINON_R05_PRESENT renderer=opengl_es signal=SurfaceView_JankData generation=1 current_generation=1 current_surface=true batch_seq=26 record_index=0 callback_os_tid=2504 callback_thread_id=57 registering_thread_os_tid=2386 queue_depth=0 vsync_id=-1 present_time_ns=-1 present_state=unknown jank_type=0 actual_app_frame_ns=0 scheduled_app_frame_ns=0 callback_uptime_ns=2513837948906 frame_id=unmatched revision=unmatched attribution=unmatched
10-08 15:52:39.622  2386  2386 I SpinonBootstrap: SPINON_R05_INPUT renderer=opengl_es input_seq=29 phase=ACTION_UP timestamp_precision=nanosecond_representation input_source=unknown event_time_ns=2514228000000 handler_uptime_ns=2514229756032 generation=1
10-08 15:52:39.622  2386  2386 I SpinonBootstrap: SPINON_R05_SUBMIT renderer=opengl_es input_seq=29 revision=29 generation=1 event_time_ns=2514228000000 handler_uptime_ns=2514230221157 draw_requested=true draw_completed=false present_signal=unavailable attribution=input
10-08 15:52:39.622  2386  2386 I SpinonBootstrap: SPINON_R05_PRESENT_FLUSH renderer=opengl_es queued=true generation=1
10-08 15:52:39.622  2386  2437 I SpinonBootstrap: SPINON_R05_DRAW renderer=opengl_es draw_seq=30 revision=29 generation=1
10-08 15:52:39.623  2386  2504 I SpinonBootstrap: SPINON_R05_PRESENT_FLUSH requested=true renderer=opengl_es generation=1
10-08 15:52:39.623  2386  2386 I SpinonBootstrap: SPINON_R08_TOUCH count=29
10-08 15:52:39.624  2386  2504 I SpinonBootstrap: SPINON_R05_PRESENT_BATCH renderer=opengl_es generation=1 batch_seq=27 record_count=1 callback_os_tid=2504 callback_thread_id=57 registering_thread_os_tid=2386 queue_depth=0 rejected_callback_batches=0 rejected_flush_tasks=0 callback_uptime_ns=2514231701532 attribution=unmatched
10-08 15:52:39.625  2386  2504 I SpinonBootstrap: SPINON_R05_PRESENT renderer=opengl_es signal=SurfaceView_JankData generation=1 current_generation=1 current_surface=true batch_seq=27 record_index=0 callback_os_tid=2504 callback_thread_id=57 registering_thread_os_tid=2386 queue_depth=0 vsync_id=-1 present_time_ns=-1 present_state=unknown jank_type=0 actual_app_frame_ns=0 scheduled_app_frame_ns=0 callback_uptime_ns=2514231701532 frame_id=unmatched revision=unmatched attribution=unmatched
10-08 15:52:40.029  2386  2386 I SpinonBootstrap: SPINON_R05_INPUT renderer=opengl_es input_seq=30 phase=ACTION_UP timestamp_precision=nanosecond_representation input_source=unknown event_time_ns=2514631000000 handler_uptime_ns=2514637096365 generation=1
10-08 15:52:40.029  2386  2386 I SpinonBootstrap: SPINON_R05_SUBMIT renderer=opengl_es input_seq=30 revision=30 generation=1 event_time_ns=2514631000000 handler_uptime_ns=2514637204615 draw_requested=true draw_completed=false present_signal=unavailable attribution=input
10-08 15:52:40.029  2386  2386 I SpinonBootstrap: SPINON_R05_PRESENT_FLUSH renderer=opengl_es queued=true generation=1
10-08 15:52:40.029  2386  2386 I SpinonBootstrap: SPINON_R08_TOUCH count=30
10-08 15:52:40.029  2386  2437 I SpinonBootstrap: SPINON_R05_DRAW renderer=opengl_es draw_seq=31 revision=30 generation=1
10-08 15:52:40.032  2386  2504 I SpinonBootstrap: SPINON_R05_PRESENT_FLUSH requested=true renderer=opengl_es generation=1
10-08 15:52:40.037  2386  2504 I SpinonBootstrap: SPINON_R05_PRESENT_BATCH renderer=opengl_es generation=1 batch_seq=28 record_count=1 callback_os_tid=2504 callback_thread_id=57 registering_thread_os_tid=2386 queue_depth=0 rejected_callback_batches=0 rejected_flush_tasks=0 callback_uptime_ns=2514645415657 attribution=unmatched
10-08 15:52:40.038  2386  2504 I SpinonBootstrap: SPINON_R05_PRESENT renderer=opengl_es signal=SurfaceView_JankData generation=1 current_generation=1 current_surface=true batch_seq=28 record_index=0 callback_os_tid=2504 callback_thread_id=57 registering_thread_os_tid=2386 queue_depth=0 vsync_id=-1 present_time_ns=-1 present_state=unknown jank_type=0 actual_app_frame_ns=0 scheduled_app_frame_ns=0 callback_uptime_ns=2514645415657 frame_id=unmatched revision=unmatched attribution=unmatched
