--------- beginning of main
10-08 15:48:19.759 30147 30147 I SpinonBootstrap: SPINON_R08_UI=ready text-input=EditText accessibility=button+EditText
10-08 15:48:19.826 30147 30147 I SpinonBootstrap: SPINON_R05_SURFACE renderer=opengl_es type=GLSurfaceView generation=1
10-08 15:48:19.827 30147 30147 I SpinonBootstrap: SPINON_R05_SIGNAL_CAPABILITY renderer=opengl_es signal=SurfaceView_JankData available=true reason=registered api=37 api_full=3700002
10-08 15:48:19.828 30147 30147 I SpinonBootstrap: SPINON_R05_SURFACE_SIZE renderer=opengl_es generation=1 size=1080x1920
10-08 15:48:19.876 30147 30167 I SpinonBootstrap: SPINON_R08_SURFACE=created api=OpenGL_ES_2 renderer=Android Emulator OpenGL ES Translator (ANGLE (Google, Vulkan 1.3.0 (SwiftShader Device (LLVM 10.0.0) (0x0000C0DE)), SwiftShader driver-5.0.0)) version=OpenGL ES 3.1 (OpenGL ES 3.1.0 (ANGLE 2.1.1 git hash: fbf66f49c7cc))
10-08 15:48:19.892 30147 30167 I SpinonBootstrap: SPINON_R08_SHADER=ready
10-08 15:48:19.892 30147 30167 I SpinonBootstrap: SPINON_R08_SURFACE=size 1080x1920
10-08 15:48:19.892 30147 30167 I SpinonBootstrap: SPINON_R05_DRAW renderer=opengl_es draw_seq=1 revision=0 generation=1
10-08 15:48:19.892 30147 30167 I SpinonBootstrap: SPINON_R08_FRAME=first_draw_submitted
10-08 15:48:19.907 30147 30167 I SpinonBootstrap: SPINON_R05_DRAW renderer=opengl_es draw_seq=2 revision=0 generation=1
10-08 15:48:21.434 30147 30147 I SpinonBootstrap: SPINON_R05_INPUT renderer=opengl_es input_seq=1 phase=ACTION_UP timestamp_precision=nanosecond_representation input_source=unknown event_time_ns=2256041000000 handler_uptime_ns=2256042075700 generation=1
10-08 15:48:21.435 30147 30147 I SpinonBootstrap: SPINON_R05_SUBMIT renderer=opengl_es input_seq=1 revision=1 generation=1 event_time_ns=2256041000000 handler_uptime_ns=2256042651825 draw_requested=true draw_completed=false present_signal=unavailable attribution=input
10-08 15:48:21.435 30147 30167 I SpinonBootstrap: SPINON_R05_DRAW renderer=opengl_es draw_seq=3 revision=1 generation=1
10-08 15:48:21.435 30147 30204 I SpinonBootstrap: SPINON_R05_PRESENT_FLUSH requested=true renderer=opengl_es generation=1
10-08 15:48:21.435 30147 30147 I SpinonBootstrap: SPINON_R05_PRESENT_FLUSH renderer=opengl_es queued=true generation=1
10-08 15:48:21.435 30147 30147 I SpinonBootstrap: SPINON_R08_TOUCH count=1
10-08 15:48:21.438 30147 30204 I SpinonBootstrap: SPINON_R05_PRESENT_BATCH renderer=opengl_es generation=1 batch_seq=1 record_count=3 callback_tid=57 queue_depth=0 rejected_callback_batches=0 rejected_flush_tasks=0 callback_uptime_ns=2256045397034 attribution=unmatched
10-08 15:48:21.438 30147 30204 I SpinonBootstrap: SPINON_R05_PRESENT renderer=opengl_es signal=SurfaceView_JankData generation=1 current_generation=1 current_surface=true batch_seq=1 record_index=0 callback_tid=57 queue_depth=0 vsync_id=-1 present_time_ns=-1 present_state=unknown jank_type=0 actual_app_frame_ns=0 scheduled_app_frame_ns=0 callback_uptime_ns=2256045397034 frame_id=unmatched revision=unmatched attribution=unmatched
10-08 15:48:21.438 30147 30204 I SpinonBootstrap: SPINON_R05_PRESENT renderer=opengl_es signal=SurfaceView_JankData generation=1 current_generation=1 current_surface=true batch_seq=1 record_index=1 callback_tid=57 queue_depth=0 vsync_id=66760 present_time_ns=-1 present_state=unknown jank_type=2 actual_app_frame_ns=144151676 scheduled_app_frame_ns=16666666 callback_uptime_ns=2256045397034 frame_id=unmatched revision=unmatched attribution=unmatched
10-08 15:48:21.438 30147 30204 I SpinonBootstrap: SPINON_R05_PRESENT renderer=opengl_es signal=SurfaceView_JankData generation=1 current_generation=1 current_surface=true batch_seq=1 record_index=2 callback_tid=57 queue_depth=0 vsync_id=-1 present_time_ns=-1 present_state=unknown jank_type=0 actual_app_frame_ns=0 scheduled_app_frame_ns=0 callback_uptime_ns=2256045397034 frame_id=unmatched revision=unmatched attribution=unmatched
10-08 15:48:21.809 30147 30147 I SpinonBootstrap: SPINON_R05_INPUT renderer=opengl_es input_seq=2 phase=ACTION_UP timestamp_precision=nanosecond_representation input_source=unknown event_time_ns=2256416000000 handler_uptime_ns=2256417104992 generation=1
10-08 15:48:21.809 30147 30147 I SpinonBootstrap: SPINON_R05_SUBMIT renderer=opengl_es input_seq=2 revision=2 generation=1 event_time_ns=2256416000000 handler_uptime_ns=2256417174159 draw_requested=true draw_completed=false present_signal=unavailable attribution=input
10-08 15:48:21.809 30147 30147 I SpinonBootstrap: SPINON_R05_PRESENT_FLUSH renderer=opengl_es queued=true generation=1
10-08 15:48:21.809 30147 30204 I SpinonBootstrap: SPINON_R05_PRESENT_FLUSH requested=true renderer=opengl_es generation=1
10-08 15:48:21.810 30147 30167 I SpinonBootstrap: SPINON_R05_DRAW renderer=opengl_es draw_seq=4 revision=2 generation=1
10-08 15:48:21.810 30147 30147 I SpinonBootstrap: SPINON_R08_TOUCH count=2
10-08 15:48:21.810 30147 30204 I SpinonBootstrap: SPINON_R05_PRESENT_BATCH renderer=opengl_es generation=1 batch_seq=2 record_count=1 callback_tid=57 queue_depth=0 rejected_callback_batches=0 rejected_flush_tasks=0 callback_uptime_ns=2256418079784 attribution=unmatched
10-08 15:48:21.810 30147 30204 I SpinonBootstrap: SPINON_R05_PRESENT renderer=opengl_es signal=SurfaceView_JankData generation=1 current_generation=1 current_surface=true batch_seq=2 record_index=0 callback_tid=57 queue_depth=0 vsync_id=-1 present_time_ns=-1 present_state=unknown jank_type=0 actual_app_frame_ns=0 scheduled_app_frame_ns=0 callback_uptime_ns=2256418079784 frame_id=unmatched revision=unmatched attribution=unmatched
10-08 15:48:22.191 30147 30147 I SpinonBootstrap: SPINON_R05_INPUT renderer=opengl_es input_seq=3 phase=ACTION_UP timestamp_precision=nanosecond_representation input_source=unknown event_time_ns=2256798000000 handler_uptime_ns=2256798885451 generation=1
10-08 15:48:22.191 30147 30147 I SpinonBootstrap: SPINON_R05_SUBMIT renderer=opengl_es input_seq=3 revision=3 generation=1 event_time_ns=2256798000000 handler_uptime_ns=2256798958492 draw_requested=true draw_completed=false present_signal=unavailable attribution=input
10-08 15:48:22.191 30147 30147 I SpinonBootstrap: SPINON_R05_PRESENT_FLUSH renderer=opengl_es queued=true generation=1
10-08 15:48:22.191 30147 30167 I SpinonBootstrap: SPINON_R05_DRAW renderer=opengl_es draw_seq=5 revision=3 generation=1
10-08 15:48:22.191 30147 30204 I SpinonBootstrap: SPINON_R05_PRESENT_FLUSH requested=true renderer=opengl_es generation=1
10-08 15:48:22.191 30147 30147 I SpinonBootstrap: SPINON_R08_TOUCH count=3
10-08 15:48:22.192 30147 30204 I SpinonBootstrap: SPINON_R05_PRESENT_BATCH renderer=opengl_es generation=1 batch_seq=3 record_count=1 callback_tid=57 queue_depth=0 rejected_callback_batches=0 rejected_flush_tasks=0 callback_uptime_ns=2256799688617 attribution=unmatched
10-08 15:48:22.192 30147 30204 I SpinonBootstrap: SPINON_R05_PRESENT renderer=opengl_es signal=SurfaceView_JankData generation=1 current_generation=1 current_surface=true batch_seq=3 record_index=0 callback_tid=57 queue_depth=0 vsync_id=-1 present_time_ns=-1 present_state=unknown jank_type=0 actual_app_frame_ns=0 scheduled_app_frame_ns=0 callback_uptime_ns=2256799688617 frame_id=unmatched revision=unmatched attribution=unmatched
10-08 15:48:22.572 30147 30147 I SpinonBootstrap: SPINON_R05_INPUT renderer=opengl_es input_seq=4 phase=ACTION_UP timestamp_precision=nanosecond_representation input_source=unknown event_time_ns=2257178000000 handler_uptime_ns=2257179776242 generation=1
10-08 15:48:22.572 30147 30147 I SpinonBootstrap: SPINON_R05_SUBMIT renderer=opengl_es input_seq=4 revision=4 generation=1 event_time_ns=2257178000000 handler_uptime_ns=2257179929326 draw_requested=true draw_completed=false present_signal=unavailable attribution=input
10-08 15:48:22.572 30147 30147 I SpinonBootstrap: SPINON_R05_PRESENT_FLUSH renderer=opengl_es queued=true generation=1
10-08 15:48:22.572 30147 30167 I SpinonBootstrap: SPINON_R05_DRAW renderer=opengl_es draw_seq=6 revision=4 generation=1
10-08 15:48:22.572 30147 30204 I SpinonBootstrap: SPINON_R05_PRESENT_FLUSH requested=true renderer=opengl_es generation=1
10-08 15:48:22.572 30147 30147 I SpinonBootstrap: SPINON_R08_TOUCH count=4
10-08 15:48:22.572 30147 30204 I SpinonBootstrap: SPINON_R05_PRESENT_BATCH renderer=opengl_es generation=1 batch_seq=4 record_count=1 callback_tid=57 queue_depth=0 rejected_callback_batches=0 rejected_flush_tasks=0 callback_uptime_ns=2257180303492 attribution=unmatched
10-08 15:48:22.573 30147 30204 I SpinonBootstrap: SPINON_R05_PRESENT renderer=opengl_es signal=SurfaceView_JankData generation=1 current_generation=1 current_surface=true batch_seq=4 record_index=0 callback_tid=57 queue_depth=0 vsync_id=-1 present_time_ns=-1 present_state=unknown jank_type=0 actual_app_frame_ns=0 scheduled_app_frame_ns=0 callback_uptime_ns=2257180303492 frame_id=unmatched revision=unmatched attribution=unmatched
10-08 15:48:22.956 30147 30147 I SpinonBootstrap: SPINON_R05_INPUT renderer=opengl_es input_seq=5 phase=ACTION_UP timestamp_precision=nanosecond_representation input_source=unknown event_time_ns=2257562000000 handler_uptime_ns=2257563647743 generation=1
10-08 15:48:22.956 30147 30147 I SpinonBootstrap: SPINON_R05_SUBMIT renderer=opengl_es input_seq=5 revision=5 generation=1 event_time_ns=2257562000000 handler_uptime_ns=2257563734993 draw_requested=true draw_completed=false present_signal=unavailable attribution=input
10-08 15:48:22.956 30147 30147 I SpinonBootstrap: SPINON_R05_PRESENT_FLUSH renderer=opengl_es queued=true generation=1
10-08 15:48:22.956 30147 30167 I SpinonBootstrap: SPINON_R05_DRAW renderer=opengl_es draw_seq=7 revision=5 generation=1
10-08 15:48:22.956 30147 30204 I SpinonBootstrap: SPINON_R05_PRESENT_FLUSH requested=true renderer=opengl_es generation=1
10-08 15:48:22.956 30147 30147 I SpinonBootstrap: SPINON_R08_TOUCH count=5
10-08 15:48:22.957 30147 30204 I SpinonBootstrap: SPINON_R05_PRESENT_BATCH renderer=opengl_es generation=1 batch_seq=5 record_count=1 callback_tid=57 queue_depth=0 rejected_callback_batches=0 rejected_flush_tasks=0 callback_uptime_ns=2257564765326 attribution=unmatched
10-08 15:48:22.957 30147 30204 I SpinonBootstrap: SPINON_R05_PRESENT renderer=opengl_es signal=SurfaceView_JankData generation=1 current_generation=1 current_surface=true batch_seq=5 record_index=0 callback_tid=57 queue_depth=0 vsync_id=-1 present_time_ns=-1 present_state=unknown jank_type=0 actual_app_frame_ns=0 scheduled_app_frame_ns=0 callback_uptime_ns=2257564765326 frame_id=unmatched revision=unmatched attribution=unmatched
10-08 15:48:23.332 30147 30147 I SpinonBootstrap: SPINON_R05_INPUT renderer=opengl_es input_seq=6 phase=ACTION_UP timestamp_precision=nanosecond_representation input_source=unknown event_time_ns=2257938000000 handler_uptime_ns=2257939549659 generation=1
10-08 15:48:23.332 30147 30147 I SpinonBootstrap: SPINON_R05_SUBMIT renderer=opengl_es input_seq=6 revision=6 generation=1 event_time_ns=2257938000000 handler_uptime_ns=2257939782701 draw_requested=true draw_completed=false present_signal=unavailable attribution=input
10-08 15:48:23.332 30147 30147 I SpinonBootstrap: SPINON_R05_PRESENT_FLUSH renderer=opengl_es queued=true generation=1
10-08 15:48:23.332 30147 30167 I SpinonBootstrap: SPINON_R05_DRAW renderer=opengl_es draw_seq=8 revision=6 generation=1
10-08 15:48:23.332 30147 30204 I SpinonBootstrap: SPINON_R05_PRESENT_FLUSH requested=true renderer=opengl_es generation=1
10-08 15:48:23.332 30147 30147 I SpinonBootstrap: SPINON_R08_TOUCH count=6
10-08 15:48:23.333 30147 30204 I SpinonBootstrap: SPINON_R05_PRESENT_BATCH renderer=opengl_es generation=1 batch_seq=6 record_count=1 callback_tid=57 queue_depth=0 rejected_callback_batches=0 rejected_flush_tasks=0 callback_uptime_ns=2257940700826 attribution=unmatched
10-08 15:48:23.333 30147 30204 I SpinonBootstrap: SPINON_R05_PRESENT renderer=opengl_es signal=SurfaceView_JankData generation=1 current_generation=1 current_surface=true batch_seq=6 record_index=0 callback_tid=57 queue_depth=0 vsync_id=-1 present_time_ns=-1 present_state=unknown jank_type=0 actual_app_frame_ns=0 scheduled_app_frame_ns=0 callback_uptime_ns=2257940700826 frame_id=unmatched revision=unmatched attribution=unmatched
10-08 15:48:23.710 30147 30147 I SpinonBootstrap: SPINON_R05_INPUT renderer=opengl_es input_seq=7 phase=ACTION_UP timestamp_precision=nanosecond_representation input_source=unknown event_time_ns=2258317000000 handler_uptime_ns=2258318277785 generation=1
10-08 15:48:23.710 30147 30147 I SpinonBootstrap: SPINON_R05_SUBMIT renderer=opengl_es input_seq=7 revision=7 generation=1 event_time_ns=2258317000000 handler_uptime_ns=2258318367201 draw_requested=true draw_completed=false present_signal=unavailable attribution=input
10-08 15:48:23.710 30147 30147 I SpinonBootstrap: SPINON_R05_PRESENT_FLUSH renderer=opengl_es queued=true generation=1
10-08 15:48:23.711 30147 30167 I SpinonBootstrap: SPINON_R05_DRAW renderer=opengl_es draw_seq=9 revision=7 generation=1
10-08 15:48:23.711 30147 30147 I SpinonBootstrap: SPINON_R08_TOUCH count=7
10-08 15:48:23.711 30147 30204 I SpinonBootstrap: SPINON_R05_PRESENT_FLUSH requested=true renderer=opengl_es generation=1
10-08 15:48:23.711 30147 30204 I SpinonBootstrap: SPINON_R05_PRESENT_BATCH renderer=opengl_es generation=1 batch_seq=7 record_count=1 callback_tid=57 queue_depth=0 rejected_callback_batches=0 rejected_flush_tasks=0 callback_uptime_ns=2258319259201 attribution=unmatched
10-08 15:48:23.711 30147 30204 I SpinonBootstrap: SPINON_R05_PRESENT renderer=opengl_es signal=SurfaceView_JankData generation=1 current_generation=1 current_surface=true batch_seq=7 record_index=0 callback_tid=57 queue_depth=0 vsync_id=-1 present_time_ns=-1 present_state=unknown jank_type=0 actual_app_frame_ns=0 scheduled_app_frame_ns=0 callback_uptime_ns=2258319259201 frame_id=unmatched revision=unmatched attribution=unmatched
10-08 15:48:24.084 30147 30147 I SpinonBootstrap: SPINON_R05_INPUT renderer=opengl_es input_seq=8 phase=ACTION_UP timestamp_precision=nanosecond_representation input_source=unknown event_time_ns=2258691000000 handler_uptime_ns=2258691926243 generation=1
10-08 15:48:24.084 30147 30147 I SpinonBootstrap: SPINON_R05_SUBMIT renderer=opengl_es input_seq=8 revision=8 generation=1 event_time_ns=2258691000000 handler_uptime_ns=2258692199660 draw_requested=true draw_completed=false present_signal=unavailable attribution=input
10-08 15:48:24.084 30147 30147 I SpinonBootstrap: SPINON_R05_PRESENT_FLUSH renderer=opengl_es queued=true generation=1
10-08 15:48:24.084 30147 30204 I SpinonBootstrap: SPINON_R05_PRESENT_FLUSH requested=true renderer=opengl_es generation=1
10-08 15:48:24.085 30147 30167 I SpinonBootstrap: SPINON_R05_DRAW renderer=opengl_es draw_seq=10 revision=8 generation=1
10-08 15:48:24.085 30147 30204 I SpinonBootstrap: SPINON_R05_PRESENT_BATCH renderer=opengl_es generation=1 batch_seq=8 record_count=1 callback_tid=57 queue_depth=0 rejected_callback_batches=0 rejected_flush_tasks=0 callback_uptime_ns=2258692748785 attribution=unmatched
10-08 15:48:24.085 30147 30147 I SpinonBootstrap: SPINON_R08_TOUCH count=8
10-08 15:48:24.085 30147 30204 I SpinonBootstrap: SPINON_R05_PRESENT renderer=opengl_es signal=SurfaceView_JankData generation=1 current_generation=1 current_surface=true batch_seq=8 record_index=0 callback_tid=57 queue_depth=0 vsync_id=-1 present_time_ns=-1 present_state=unknown jank_type=0 actual_app_frame_ns=0 scheduled_app_frame_ns=0 callback_uptime_ns=2258692748785 frame_id=unmatched revision=unmatched attribution=unmatched
10-08 15:48:24.467 30147 30147 I SpinonBootstrap: SPINON_R05_INPUT renderer=opengl_es input_seq=9 phase=ACTION_UP timestamp_precision=nanosecond_representation input_source=unknown event_time_ns=2259074000000 handler_uptime_ns=2259074896577 generation=1
10-08 15:48:24.467 30147 30147 I SpinonBootstrap: SPINON_R05_SUBMIT renderer=opengl_es input_seq=9 revision=9 generation=1 event_time_ns=2259074000000 handler_uptime_ns=2259074973327 draw_requested=true draw_completed=false present_signal=unavailable attribution=input
10-08 15:48:24.467 30147 30167 I SpinonBootstrap: SPINON_R05_DRAW renderer=opengl_es draw_seq=11 revision=9 generation=1
10-08 15:48:24.467 30147 30147 I SpinonBootstrap: SPINON_R05_PRESENT_FLUSH renderer=opengl_es queued=true generation=1
10-08 15:48:24.468 30147 30147 I SpinonBootstrap: SPINON_R08_TOUCH count=9
10-08 15:48:24.468 30147 30204 I SpinonBootstrap: SPINON_R05_PRESENT_FLUSH requested=true renderer=opengl_es generation=1
10-08 15:48:24.469 30147 30204 I SpinonBootstrap: SPINON_R05_PRESENT_BATCH renderer=opengl_es generation=1 batch_seq=9 record_count=1 callback_tid=57 queue_depth=0 rejected_callback_batches=0 rejected_flush_tasks=0 callback_uptime_ns=2259077088493 attribution=unmatched
10-08 15:48:24.469 30147 30204 I SpinonBootstrap: SPINON_R05_PRESENT renderer=opengl_es signal=SurfaceView_JankData generation=1 current_generation=1 current_surface=true batch_seq=9 record_index=0 callback_tid=57 queue_depth=0 vsync_id=-1 present_time_ns=-1 present_state=unknown jank_type=0 actual_app_frame_ns=0 scheduled_app_frame_ns=0 callback_uptime_ns=2259077088493 frame_id=unmatched revision=unmatched attribution=unmatched
10-08 15:48:24.849 30147 30147 I SpinonBootstrap: SPINON_R05_INPUT renderer=opengl_es input_seq=10 phase=ACTION_UP timestamp_precision=nanosecond_representation input_source=unknown event_time_ns=2259456000000 handler_uptime_ns=2259457326744 generation=1
10-08 15:48:24.849 30147 30147 I SpinonBootstrap: SPINON_R05_SUBMIT renderer=opengl_es input_seq=10 revision=10 generation=1 event_time_ns=2259456000000 handler_uptime_ns=2259457421452 draw_requested=true draw_completed=false present_signal=unavailable attribution=input
10-08 15:48:24.850 30147 30147 I SpinonBootstrap: SPINON_R05_PRESENT_FLUSH renderer=opengl_es queued=true generation=1
10-08 15:48:24.850 30147 30204 I SpinonBootstrap: SPINON_R05_PRESENT_FLUSH requested=true renderer=opengl_es generation=1
10-08 15:48:24.850 30147 30147 I SpinonBootstrap: SPINON_R08_TOUCH count=10
10-08 15:48:24.850 30147 30167 I SpinonBootstrap: SPINON_R05_DRAW renderer=opengl_es draw_seq=12 revision=10 generation=1
10-08 15:48:24.850 30147 30204 I SpinonBootstrap: SPINON_R05_PRESENT_BATCH renderer=opengl_es generation=1 batch_seq=10 record_count=1 callback_tid=57 queue_depth=0 rejected_callback_batches=0 rejected_flush_tasks=0 callback_uptime_ns=2259458111410 attribution=unmatched
10-08 15:48:24.850 30147 30204 I SpinonBootstrap: SPINON_R05_PRESENT renderer=opengl_es signal=SurfaceView_JankData generation=1 current_generation=1 current_surface=true batch_seq=10 record_index=0 callback_tid=57 queue_depth=0 vsync_id=-1 present_time_ns=-1 present_state=unknown jank_type=0 actual_app_frame_ns=0 scheduled_app_frame_ns=0 callback_uptime_ns=2259458111410 frame_id=unmatched revision=unmatched attribution=unmatched
10-08 15:48:25.232 30147 30147 I SpinonBootstrap: SPINON_R05_INPUT renderer=opengl_es input_seq=11 phase=ACTION_UP timestamp_precision=nanosecond_representation input_source=unknown event_time_ns=2259838000000 handler_uptime_ns=2259839721077 generation=1
10-08 15:48:25.232 30147 30147 I SpinonBootstrap: SPINON_R05_SUBMIT renderer=opengl_es input_seq=11 revision=11 generation=1 event_time_ns=2259838000000 handler_uptime_ns=2259839864369 draw_requested=true draw_completed=false present_signal=unavailable attribution=input
10-08 15:48:25.232 30147 30147 I SpinonBootstrap: SPINON_R05_PRESENT_FLUSH renderer=opengl_es queued=true generation=1
10-08 15:48:25.232 30147 30167 I SpinonBootstrap: SPINON_R05_DRAW renderer=opengl_es draw_seq=13 revision=11 generation=1
10-08 15:48:25.233 30147 30204 I SpinonBootstrap: SPINON_R05_PRESENT_FLUSH requested=true renderer=opengl_es generation=1
10-08 15:48:25.233 30147 30147 I SpinonBootstrap: SPINON_R08_TOUCH count=11
10-08 15:48:25.233 30147 30204 I SpinonBootstrap: SPINON_R05_PRESENT_BATCH renderer=opengl_es generation=1 batch_seq=11 record_count=1 callback_tid=57 queue_depth=0 rejected_callback_batches=0 rejected_flush_tasks=0 callback_uptime_ns=2259841118619 attribution=unmatched
10-08 15:48:25.233 30147 30204 I SpinonBootstrap: SPINON_R05_PRESENT renderer=opengl_es signal=SurfaceView_JankData generation=1 current_generation=1 current_surface=true batch_seq=11 record_index=0 callback_tid=57 queue_depth=0 vsync_id=-1 present_time_ns=-1 present_state=unknown jank_type=0 actual_app_frame_ns=0 scheduled_app_frame_ns=0 callback_uptime_ns=2259841118619 frame_id=unmatched revision=unmatched attribution=unmatched
10-08 15:48:25.615 30147 30147 I SpinonBootstrap: SPINON_R05_INPUT renderer=opengl_es input_seq=12 phase=ACTION_UP timestamp_precision=nanosecond_representation input_source=unknown event_time_ns=2260221000000 handler_uptime_ns=2260222492077 generation=1
10-08 15:48:25.615 30147 30147 I SpinonBootstrap: SPINON_R05_SUBMIT renderer=opengl_es input_seq=12 revision=12 generation=1 event_time_ns=2260221000000 handler_uptime_ns=2260222692869 draw_requested=true draw_completed=false present_signal=unavailable attribution=input
10-08 15:48:25.615 30147 30147 I SpinonBootstrap: SPINON_R05_PRESENT_FLUSH renderer=opengl_es queued=true generation=1
10-08 15:48:25.615 30147 30147 I SpinonBootstrap: SPINON_R08_TOUCH count=12
10-08 15:48:25.615 30147 30167 I SpinonBootstrap: SPINON_R05_DRAW renderer=opengl_es draw_seq=14 revision=12 generation=1
10-08 15:48:25.616 30147 30204 I SpinonBootstrap: SPINON_R05_PRESENT_FLUSH requested=true renderer=opengl_es generation=1
10-08 15:48:25.616 30147 30204 I SpinonBootstrap: SPINON_R05_PRESENT_BATCH renderer=opengl_es generation=1 batch_seq=12 record_count=1 callback_tid=57 queue_depth=0 rejected_callback_batches=0 rejected_flush_tasks=0 callback_uptime_ns=2260223706619 attribution=unmatched
10-08 15:48:25.616 30147 30204 I SpinonBootstrap: SPINON_R05_PRESENT renderer=opengl_es signal=SurfaceView_JankData generation=1 current_generation=1 current_surface=true batch_seq=12 record_index=0 callback_tid=57 queue_depth=0 vsync_id=-1 present_time_ns=-1 present_state=unknown jank_type=0 actual_app_frame_ns=0 scheduled_app_frame_ns=0 callback_uptime_ns=2260223706619 frame_id=unmatched revision=unmatched attribution=unmatched
10-08 15:48:25.995 30147 30147 I SpinonBootstrap: SPINON_R05_INPUT renderer=opengl_es input_seq=13 phase=ACTION_UP timestamp_precision=nanosecond_representation input_source=unknown event_time_ns=2260601000000 handler_uptime_ns=2260602525994 generation=1
10-08 15:48:25.995 30147 30147 I SpinonBootstrap: SPINON_R05_SUBMIT renderer=opengl_es input_seq=13 revision=13 generation=1 event_time_ns=2260601000000 handler_uptime_ns=2260602596452 draw_requested=true draw_completed=false present_signal=unavailable attribution=input
10-08 15:48:25.995 30147 30147 I SpinonBootstrap: SPINON_R05_PRESENT_FLUSH renderer=opengl_es queued=true generation=1
10-08 15:48:25.995 30147 30204 I SpinonBootstrap: SPINON_R05_PRESENT_FLUSH requested=true renderer=opengl_es generation=1
10-08 15:48:25.995 30147 30147 I SpinonBootstrap: SPINON_R08_TOUCH count=13
10-08 15:48:25.995 30147 30167 I SpinonBootstrap: SPINON_R05_DRAW renderer=opengl_es draw_seq=15 revision=13 generation=1
10-08 15:48:26.367 30147 30147 I SpinonBootstrap: SPINON_R05_INPUT renderer=opengl_es input_seq=14 phase=ACTION_UP timestamp_precision=nanosecond_representation input_source=unknown event_time_ns=2260974000000 handler_uptime_ns=2260975055286 generation=1
10-08 15:48:26.367 30147 30147 I SpinonBootstrap: SPINON_R05_SUBMIT renderer=opengl_es input_seq=14 revision=14 generation=1 event_time_ns=2260974000000 handler_uptime_ns=2260975120203 draw_requested=true draw_completed=false present_signal=unavailable attribution=input
10-08 15:48:26.367 30147 30147 I SpinonBootstrap: SPINON_R05_PRESENT_FLUSH renderer=opengl_es queued=true generation=1
10-08 15:48:26.367 30147 30204 I SpinonBootstrap: SPINON_R05_PRESENT_FLUSH requested=true renderer=opengl_es generation=1
10-08 15:48:26.367 30147 30147 I SpinonBootstrap: SPINON_R08_TOUCH count=14
10-08 15:48:26.368 30147 30167 I SpinonBootstrap: SPINON_R05_DRAW renderer=opengl_es draw_seq=16 revision=14 generation=1
10-08 15:48:26.368 30147 30204 I SpinonBootstrap: SPINON_R05_PRESENT_BATCH renderer=opengl_es generation=1 batch_seq=13 record_count=2 callback_tid=57 queue_depth=0 rejected_callback_batches=0 rejected_flush_tasks=0 callback_uptime_ns=2260975700869 attribution=unmatched
10-08 15:48:26.368 30147 30204 I SpinonBootstrap: SPINON_R05_PRESENT renderer=opengl_es signal=SurfaceView_JankData generation=1 current_generation=1 current_surface=true batch_seq=13 record_index=0 callback_tid=57 queue_depth=0 vsync_id=-1 present_time_ns=-1 present_state=unknown jank_type=0 actual_app_frame_ns=0 scheduled_app_frame_ns=0 callback_uptime_ns=2260975700869 frame_id=unmatched revision=unmatched attribution=unmatched
10-08 15:48:26.368 30147 30204 I SpinonBootstrap: SPINON_R05_PRESENT renderer=opengl_es signal=SurfaceView_JankData generation=1 current_generation=1 current_surface=true batch_seq=13 record_index=1 callback_tid=57 queue_depth=0 vsync_id=-1 present_time_ns=-1 present_state=unknown jank_type=0 actual_app_frame_ns=0 scheduled_app_frame_ns=0 callback_uptime_ns=2260975700869 frame_id=unmatched revision=unmatched attribution=unmatched
10-08 15:48:26.740 30147 30147 I SpinonBootstrap: SPINON_R05_INPUT renderer=opengl_es input_seq=15 phase=ACTION_UP timestamp_precision=nanosecond_representation input_source=unknown event_time_ns=2261346000000 handler_uptime_ns=2261347800369 generation=1
10-08 15:48:26.740 30147 30147 I SpinonBootstrap: SPINON_R05_SUBMIT renderer=opengl_es input_seq=15 revision=15 generation=1 event_time_ns=2261346000000 handler_uptime_ns=2261347865744 draw_requested=true draw_completed=false present_signal=unavailable attribution=input
10-08 15:48:26.740 30147 30147 I SpinonBootstrap: SPINON_R05_PRESENT_FLUSH renderer=opengl_es queued=true generation=1
10-08 15:48:26.740 30147 30204 I SpinonBootstrap: SPINON_R05_PRESENT_FLUSH requested=true renderer=opengl_es generation=1
10-08 15:48:26.740 30147 30167 I SpinonBootstrap: SPINON_R05_DRAW renderer=opengl_es draw_seq=17 revision=15 generation=1
10-08 15:48:26.740 30147 30204 I SpinonBootstrap: SPINON_R05_PRESENT_BATCH renderer=opengl_es generation=1 batch_seq=14 record_count=1 callback_tid=57 queue_depth=0 rejected_callback_batches=0 rejected_flush_tasks=0 callback_uptime_ns=2261348295369 attribution=unmatched
10-08 15:48:26.740 30147 30204 I SpinonBootstrap: SPINON_R05_PRESENT renderer=opengl_es signal=SurfaceView_JankData generation=1 current_generation=1 current_surface=true batch_seq=14 record_index=0 callback_tid=57 queue_depth=0 vsync_id=-1 present_time_ns=-1 present_state=unknown jank_type=0 actual_app_frame_ns=0 scheduled_app_frame_ns=0 callback_uptime_ns=2261348295369 frame_id=unmatched revision=unmatched attribution=unmatched
10-08 15:48:26.741 30147 30147 I SpinonBootstrap: SPINON_R08_TOUCH count=15
10-08 15:48:27.113 30147 30147 I SpinonBootstrap: SPINON_R05_INPUT renderer=opengl_es input_seq=16 phase=ACTION_UP timestamp_precision=nanosecond_representation input_source=unknown event_time_ns=2261719000000 handler_uptime_ns=2261720891620 generation=1
10-08 15:48:27.113 30147 30147 I SpinonBootstrap: SPINON_R05_SUBMIT renderer=opengl_es input_seq=16 revision=16 generation=1 event_time_ns=2261719000000 handler_uptime_ns=2261721042370 draw_requested=true draw_completed=false present_signal=unavailable attribution=input
10-08 15:48:27.113 30147 30147 I SpinonBootstrap: SPINON_R05_PRESENT_FLUSH renderer=opengl_es queued=true generation=1
10-08 15:48:27.113 30147 30167 I SpinonBootstrap: SPINON_R05_DRAW renderer=opengl_es draw_seq=18 revision=16 generation=1
10-08 15:48:27.113 30147 30147 I SpinonBootstrap: SPINON_R08_TOUCH count=16
10-08 15:48:27.114 30147 30204 I SpinonBootstrap: SPINON_R05_PRESENT_FLUSH requested=true renderer=opengl_es generation=1
10-08 15:48:27.114 30147 30204 I SpinonBootstrap: SPINON_R05_PRESENT_BATCH renderer=opengl_es generation=1 batch_seq=15 record_count=1 callback_tid=57 queue_depth=0 rejected_callback_batches=0 rejected_flush_tasks=0 callback_uptime_ns=2261722287245 attribution=unmatched
10-08 15:48:27.114 30147 30204 I SpinonBootstrap: SPINON_R05_PRESENT renderer=opengl_es signal=SurfaceView_JankData generation=1 current_generation=1 current_surface=true batch_seq=15 record_index=0 callback_tid=57 queue_depth=0 vsync_id=-1 present_time_ns=-1 present_state=unknown jank_type=0 actual_app_frame_ns=0 scheduled_app_frame_ns=0 callback_uptime_ns=2261722287245 frame_id=unmatched revision=unmatched attribution=unmatched
10-08 15:48:27.487 30147 30147 I SpinonBootstrap: SPINON_R05_INPUT renderer=opengl_es input_seq=17 phase=ACTION_UP timestamp_precision=nanosecond_representation input_source=unknown event_time_ns=2262094000000 handler_uptime_ns=2262094991786 generation=1
10-08 15:48:27.487 30147 30147 I SpinonBootstrap: SPINON_R05_SUBMIT renderer=opengl_es input_seq=17 revision=17 generation=1 event_time_ns=2262094000000 handler_uptime_ns=2262095086870 draw_requested=true draw_completed=false present_signal=unavailable attribution=input
10-08 15:48:27.487 30147 30204 I SpinonBootstrap: SPINON_R05_PRESENT_FLUSH requested=true renderer=opengl_es generation=1
10-08 15:48:27.487 30147 30147 I SpinonBootstrap: SPINON_R05_PRESENT_FLUSH renderer=opengl_es queued=true generation=1
10-08 15:48:27.487 30147 30167 I SpinonBootstrap: SPINON_R05_DRAW renderer=opengl_es draw_seq=19 revision=17 generation=1
10-08 15:48:27.487 30147 30147 I SpinonBootstrap: SPINON_R08_TOUCH count=17
10-08 15:48:27.487 30147 30204 I SpinonBootstrap: SPINON_R05_PRESENT_BATCH renderer=opengl_es generation=1 batch_seq=16 record_count=1 callback_tid=57 queue_depth=0 rejected_callback_batches=0 rejected_flush_tasks=0 callback_uptime_ns=2262095374911 attribution=unmatched
10-08 15:48:27.487 30147 30204 I SpinonBootstrap: SPINON_R05_PRESENT renderer=opengl_es signal=SurfaceView_JankData generation=1 current_generation=1 current_surface=true batch_seq=16 record_index=0 callback_tid=57 queue_depth=0 vsync_id=-1 present_time_ns=-1 present_state=unknown jank_type=0 actual_app_frame_ns=0 scheduled_app_frame_ns=0 callback_uptime_ns=2262095374911 frame_id=unmatched revision=unmatched attribution=unmatched
10-08 15:48:27.864 30147 30147 I SpinonBootstrap: SPINON_R05_INPUT renderer=opengl_es input_seq=18 phase=ACTION_UP timestamp_precision=nanosecond_representation input_source=unknown event_time_ns=2262470000000 handler_uptime_ns=2262471651287 generation=1
10-08 15:48:27.864 30147 30147 I SpinonBootstrap: SPINON_R05_SUBMIT renderer=opengl_es input_seq=18 revision=18 generation=1 event_time_ns=2262470000000 handler_uptime_ns=2262471737412 draw_requested=true draw_completed=false present_signal=unavailable attribution=input
10-08 15:48:27.864 30147 30147 I SpinonBootstrap: SPINON_R05_PRESENT_FLUSH renderer=opengl_es queued=true generation=1
10-08 15:48:27.864 30147 30204 I SpinonBootstrap: SPINON_R05_PRESENT_FLUSH requested=true renderer=opengl_es generation=1
10-08 15:48:27.864 30147 30204 I SpinonBootstrap: SPINON_R05_PRESENT_BATCH renderer=opengl_es generation=1 batch_seq=17 record_count=1 callback_tid=57 queue_depth=0 rejected_callback_batches=0 rejected_flush_tasks=0 callback_uptime_ns=2262472164870 attribution=unmatched
10-08 15:48:27.864 30147 30204 I SpinonBootstrap: SPINON_R05_PRESENT renderer=opengl_es signal=SurfaceView_JankData generation=1 current_generation=1 current_surface=true batch_seq=17 record_index=0 callback_tid=57 queue_depth=0 vsync_id=-1 present_time_ns=-1 present_state=unknown jank_type=0 actual_app_frame_ns=0 scheduled_app_frame_ns=0 callback_uptime_ns=2262472164870 frame_id=unmatched revision=unmatched attribution=unmatched
10-08 15:48:27.865 30147 30167 I SpinonBootstrap: SPINON_R05_DRAW renderer=opengl_es draw_seq=20 revision=18 generation=1
10-08 15:48:27.865 30147 30147 I SpinonBootstrap: SPINON_R08_TOUCH count=18
10-08 15:48:28.243 30147 30147 I SpinonBootstrap: SPINON_R05_INPUT renderer=opengl_es input_seq=19 phase=ACTION_UP timestamp_precision=nanosecond_representation input_source=unknown event_time_ns=2262850000000 handler_uptime_ns=2262851459078 generation=1
10-08 15:48:28.244 30147 30147 I SpinonBootstrap: SPINON_R05_SUBMIT renderer=opengl_es input_seq=19 revision=19 generation=1 event_time_ns=2262850000000 handler_uptime_ns=2262851528537 draw_requested=true draw_completed=false present_signal=unavailable attribution=input
10-08 15:48:28.244 30147 30147 I SpinonBootstrap: SPINON_R05_PRESENT_FLUSH renderer=opengl_es queued=true generation=1
10-08 15:48:28.244 30147 30204 I SpinonBootstrap: SPINON_R05_PRESENT_FLUSH requested=true renderer=opengl_es generation=1
10-08 15:48:28.244 30147 30147 I SpinonBootstrap: SPINON_R08_TOUCH count=19
10-08 15:48:28.244 30147 30204 I SpinonBootstrap: SPINON_R05_PRESENT_BATCH renderer=opengl_es generation=1 batch_seq=18 record_count=1 callback_tid=57 queue_depth=0 rejected_callback_batches=0 rejected_flush_tasks=0 callback_uptime_ns=2262851998662 attribution=unmatched
10-08 15:48:28.244 30147 30204 I SpinonBootstrap: SPINON_R05_PRESENT renderer=opengl_es signal=SurfaceView_JankData generation=1 current_generation=1 current_surface=true batch_seq=18 record_index=0 callback_tid=57 queue_depth=0 vsync_id=-1 present_time_ns=-1 present_state=unknown jank_type=0 actual_app_frame_ns=0 scheduled_app_frame_ns=0 callback_uptime_ns=2262851998662 frame_id=unmatched revision=unmatched attribution=unmatched
10-08 15:48:28.245 30147 30167 I SpinonBootstrap: SPINON_R05_DRAW renderer=opengl_es draw_seq=21 revision=19 generation=1
10-08 15:48:28.619 30147 30147 I SpinonBootstrap: SPINON_R05_INPUT renderer=opengl_es input_seq=20 phase=ACTION_UP timestamp_precision=nanosecond_representation input_source=unknown event_time_ns=2263225000000 handler_uptime_ns=2263226900954 generation=1
10-08 15:48:28.619 30147 30147 I SpinonBootstrap: SPINON_R05_SUBMIT renderer=opengl_es input_seq=20 revision=20 generation=1 event_time_ns=2263225000000 handler_uptime_ns=2263227267412 draw_requested=true draw_completed=false present_signal=unavailable attribution=input
10-08 15:48:28.619 30147 30147 I SpinonBootstrap: SPINON_R05_PRESENT_FLUSH renderer=opengl_es queued=true generation=1
10-08 15:48:28.620 30147 30167 I SpinonBootstrap: SPINON_R05_DRAW renderer=opengl_es draw_seq=22 revision=20 generation=1
10-08 15:48:28.620 30147 30147 I SpinonBootstrap: SPINON_R08_TOUCH count=20
10-08 15:48:28.620 30147 30204 I SpinonBootstrap: SPINON_R05_PRESENT_FLUSH requested=true renderer=opengl_es generation=1
10-08 15:48:28.621 30147 30204 I SpinonBootstrap: SPINON_R05_PRESENT_BATCH renderer=opengl_es generation=1 batch_seq=19 record_count=1 callback_tid=57 queue_depth=0 rejected_callback_batches=0 rejected_flush_tasks=0 callback_uptime_ns=2263229120870 attribution=unmatched
10-08 15:48:28.621 30147 30204 I SpinonBootstrap: SPINON_R05_PRESENT renderer=opengl_es signal=SurfaceView_JankData generation=1 current_generation=1 current_surface=true batch_seq=19 record_index=0 callback_tid=57 queue_depth=0 vsync_id=-1 present_time_ns=-1 present_state=unknown jank_type=0 actual_app_frame_ns=0 scheduled_app_frame_ns=0 callback_uptime_ns=2263229120870 frame_id=unmatched revision=unmatched attribution=unmatched
10-08 15:48:29.000 30147 30147 I SpinonBootstrap: SPINON_R05_INPUT renderer=opengl_es input_seq=21 phase=ACTION_UP timestamp_precision=nanosecond_representation input_source=unknown event_time_ns=2263606000000 handler_uptime_ns=2263607487495 generation=1
10-08 15:48:29.000 30147 30147 I SpinonBootstrap: SPINON_R05_SUBMIT renderer=opengl_es input_seq=21 revision=21 generation=1 event_time_ns=2263606000000 handler_uptime_ns=2263607548579 draw_requested=true draw_completed=false present_signal=unavailable attribution=input
10-08 15:48:29.000 30147 30147 I SpinonBootstrap: SPINON_R05_PRESENT_FLUSH renderer=opengl_es queued=true generation=1
10-08 15:48:29.000 30147 30204 I SpinonBootstrap: SPINON_R05_PRESENT_FLUSH requested=true renderer=opengl_es generation=1
10-08 15:48:29.000 30147 30167 I SpinonBootstrap: SPINON_R05_DRAW renderer=opengl_es draw_seq=23 revision=21 generation=1
10-08 15:48:29.000 30147 30147 I SpinonBootstrap: SPINON_R08_TOUCH count=21
10-08 15:48:29.001 30147 30204 I SpinonBootstrap: SPINON_R05_PRESENT_BATCH renderer=opengl_es generation=1 batch_seq=20 record_count=1 callback_tid=57 queue_depth=0 rejected_callback_batches=0 rejected_flush_tasks=0 callback_uptime_ns=2263608492912 attribution=unmatched
10-08 15:48:29.001 30147 30204 I SpinonBootstrap: SPINON_R05_PRESENT renderer=opengl_es signal=SurfaceView_JankData generation=1 current_generation=1 current_surface=true batch_seq=20 record_index=0 callback_tid=57 queue_depth=0 vsync_id=-1 present_time_ns=-1 present_state=unknown jank_type=0 actual_app_frame_ns=0 scheduled_app_frame_ns=0 callback_uptime_ns=2263608492912 frame_id=unmatched revision=unmatched attribution=unmatched
10-08 15:48:29.381 30147 30147 I SpinonBootstrap: SPINON_R05_INPUT renderer=opengl_es input_seq=22 phase=ACTION_UP timestamp_precision=nanosecond_representation input_source=unknown event_time_ns=2263987000000 handler_uptime_ns=2263988623204 generation=1
10-08 15:48:29.381 30147 30147 I SpinonBootstrap: SPINON_R05_SUBMIT renderer=opengl_es input_seq=22 revision=22 generation=1 event_time_ns=2263987000000 handler_uptime_ns=2263988695246 draw_requested=true draw_completed=false present_signal=unavailable attribution=input
10-08 15:48:29.381 30147 30147 I SpinonBootstrap: SPINON_R05_PRESENT_FLUSH renderer=opengl_es queued=true generation=1
10-08 15:48:29.381 30147 30167 I SpinonBootstrap: SPINON_R05_DRAW renderer=opengl_es draw_seq=24 revision=22 generation=1
10-08 15:48:29.381 30147 30204 I SpinonBootstrap: SPINON_R05_PRESENT_FLUSH requested=true renderer=opengl_es generation=1
10-08 15:48:29.381 30147 30147 I SpinonBootstrap: SPINON_R08_TOUCH count=22
10-08 15:48:29.382 30147 30204 I SpinonBootstrap: SPINON_R05_PRESENT_BATCH renderer=opengl_es generation=1 batch_seq=21 record_count=1 callback_tid=57 queue_depth=0 rejected_callback_batches=0 rejected_flush_tasks=0 callback_uptime_ns=2263989612704 attribution=unmatched
10-08 15:48:29.382 30147 30204 I SpinonBootstrap: SPINON_R05_PRESENT renderer=opengl_es signal=SurfaceView_JankData generation=1 current_generation=1 current_surface=true batch_seq=21 record_index=0 callback_tid=57 queue_depth=0 vsync_id=-1 present_time_ns=-1 present_state=unknown jank_type=0 actual_app_frame_ns=0 scheduled_app_frame_ns=0 callback_uptime_ns=2263989612704 frame_id=unmatched revision=unmatched attribution=unmatched
10-08 15:48:29.761 30147 30147 I SpinonBootstrap: SPINON_R05_INPUT renderer=opengl_es input_seq=23 phase=ACTION_UP timestamp_precision=nanosecond_representation input_source=unknown event_time_ns=2264368000000 handler_uptime_ns=2264368986288 generation=1
10-08 15:48:29.761 30147 30147 I SpinonBootstrap: SPINON_R05_SUBMIT renderer=opengl_es input_seq=23 revision=23 generation=1 event_time_ns=2264368000000 handler_uptime_ns=2264369070621 draw_requested=true draw_completed=false present_signal=unavailable attribution=input
10-08 15:48:29.761 30147 30147 I SpinonBootstrap: SPINON_R05_PRESENT_FLUSH renderer=opengl_es queued=true generation=1
10-08 15:48:29.761 30147 30167 I SpinonBootstrap: SPINON_R05_DRAW renderer=opengl_es draw_seq=25 revision=23 generation=1
10-08 15:48:29.761 30147 30204 I SpinonBootstrap: SPINON_R05_PRESENT_FLUSH requested=true renderer=opengl_es generation=1
10-08 15:48:29.762 30147 30147 I SpinonBootstrap: SPINON_R08_TOUCH count=23
10-08 15:48:29.762 30147 30204 I SpinonBootstrap: SPINON_R05_PRESENT_BATCH renderer=opengl_es generation=1 batch_seq=22 record_count=1 callback_tid=57 queue_depth=0 rejected_callback_batches=0 rejected_flush_tasks=0 callback_uptime_ns=2264369899538 attribution=unmatched
10-08 15:48:29.762 30147 30204 I SpinonBootstrap: SPINON_R05_PRESENT renderer=opengl_es signal=SurfaceView_JankData generation=1 current_generation=1 current_surface=true batch_seq=22 record_index=0 callback_tid=57 queue_depth=0 vsync_id=-1 present_time_ns=-1 present_state=unknown jank_type=0 actual_app_frame_ns=0 scheduled_app_frame_ns=0 callback_uptime_ns=2264369899538 frame_id=unmatched revision=unmatched attribution=unmatched
10-08 15:48:30.138 30147 30147 I SpinonBootstrap: SPINON_R05_INPUT renderer=opengl_es input_seq=24 phase=ACTION_UP timestamp_precision=nanosecond_representation input_source=unknown event_time_ns=2264745000000 handler_uptime_ns=2264746127996 generation=1
10-08 15:48:30.138 30147 30147 I SpinonBootstrap: SPINON_R05_SUBMIT renderer=opengl_es input_seq=24 revision=24 generation=1 event_time_ns=2264745000000 handler_uptime_ns=2264746237288 draw_requested=true draw_completed=false present_signal=unavailable attribution=input
10-08 15:48:30.138 30147 30147 I SpinonBootstrap: SPINON_R05_PRESENT_FLUSH renderer=opengl_es queued=true generation=1
10-08 15:48:30.138 30147 30167 I SpinonBootstrap: SPINON_R05_DRAW renderer=opengl_es draw_seq=26 revision=24 generation=1
10-08 15:48:30.139 30147 30147 I SpinonBootstrap: SPINON_R08_TOUCH count=24
10-08 15:48:30.139 30147 30204 I SpinonBootstrap: SPINON_R05_PRESENT_FLUSH requested=true renderer=opengl_es generation=1
10-08 15:48:30.139 30147 30204 I SpinonBootstrap: SPINON_R05_PRESENT_BATCH renderer=opengl_es generation=1 batch_seq=23 record_count=1 callback_tid=57 queue_depth=0 rejected_callback_batches=0 rejected_flush_tasks=0 callback_uptime_ns=2264747223121 attribution=unmatched
10-08 15:48:30.139 30147 30204 I SpinonBootstrap: SPINON_R05_PRESENT renderer=opengl_es signal=SurfaceView_JankData generation=1 current_generation=1 current_surface=true batch_seq=23 record_index=0 callback_tid=57 queue_depth=0 vsync_id=-1 present_time_ns=-1 present_state=unknown jank_type=0 actual_app_frame_ns=0 scheduled_app_frame_ns=0 callback_uptime_ns=2264747223121 frame_id=unmatched revision=unmatched attribution=unmatched
10-08 15:48:30.518 30147 30147 I SpinonBootstrap: SPINON_R05_INPUT renderer=opengl_es input_seq=25 phase=ACTION_UP timestamp_precision=nanosecond_representation input_source=unknown event_time_ns=2265125000000 handler_uptime_ns=2265126165663 generation=1
10-08 15:48:30.518 30147 30147 I SpinonBootstrap: SPINON_R05_SUBMIT renderer=opengl_es input_seq=25 revision=25 generation=1 event_time_ns=2265125000000 handler_uptime_ns=2265126239621 draw_requested=true draw_completed=false present_signal=unavailable attribution=input
10-08 15:48:30.518 30147 30147 I SpinonBootstrap: SPINON_R05_PRESENT_FLUSH renderer=opengl_es queued=true generation=1
10-08 15:48:30.518 30147 30204 I SpinonBootstrap: SPINON_R05_PRESENT_FLUSH requested=true renderer=opengl_es generation=1
10-08 15:48:30.519 30147 30147 I SpinonBootstrap: SPINON_R08_TOUCH count=25
10-08 15:48:30.519 30147 30167 I SpinonBootstrap: SPINON_R05_DRAW renderer=opengl_es draw_seq=27 revision=25 generation=1
10-08 15:48:30.519 30147 30204 I SpinonBootstrap: SPINON_R05_PRESENT_BATCH renderer=opengl_es generation=1 batch_seq=24 record_count=1 callback_tid=57 queue_depth=0 rejected_callback_batches=0 rejected_flush_tasks=0 callback_uptime_ns=2265127040163 attribution=unmatched
10-08 15:48:30.519 30147 30204 I SpinonBootstrap: SPINON_R05_PRESENT renderer=opengl_es signal=SurfaceView_JankData generation=1 current_generation=1 current_surface=true batch_seq=24 record_index=0 callback_tid=57 queue_depth=0 vsync_id=-1 present_time_ns=-1 present_state=unknown jank_type=0 actual_app_frame_ns=0 scheduled_app_frame_ns=0 callback_uptime_ns=2265127040163 frame_id=unmatched revision=unmatched attribution=unmatched
10-08 15:48:30.892 30147 30147 I SpinonBootstrap: SPINON_R05_INPUT renderer=opengl_es input_seq=26 phase=ACTION_UP timestamp_precision=nanosecond_representation input_source=unknown event_time_ns=2265498000000 handler_uptime_ns=2265499690621 generation=1
10-08 15:48:30.892 30147 30147 I SpinonBootstrap: SPINON_R05_SUBMIT renderer=opengl_es input_seq=26 revision=26 generation=1 event_time_ns=2265498000000 handler_uptime_ns=2265499863663 draw_requested=true draw_completed=false present_signal=unavailable attribution=input
10-08 15:48:30.892 30147 30147 I SpinonBootstrap: SPINON_R05_PRESENT_FLUSH renderer=opengl_es queued=true generation=1
10-08 15:48:30.892 30147 30204 I SpinonBootstrap: SPINON_R05_PRESENT_FLUSH requested=true renderer=opengl_es generation=1
10-08 15:48:30.892 30147 30167 I SpinonBootstrap: SPINON_R05_DRAW renderer=opengl_es draw_seq=28 revision=26 generation=1
10-08 15:48:30.892 30147 30204 I SpinonBootstrap: SPINON_R05_PRESENT_BATCH renderer=opengl_es generation=1 batch_seq=25 record_count=1 callback_tid=57 queue_depth=0 rejected_callback_batches=0 rejected_flush_tasks=0 callback_uptime_ns=2265500335163 attribution=unmatched
10-08 15:48:30.892 30147 30204 I SpinonBootstrap: SPINON_R05_PRESENT renderer=opengl_es signal=SurfaceView_JankData generation=1 current_generation=1 current_surface=true batch_seq=25 record_index=0 callback_tid=57 queue_depth=0 vsync_id=-1 present_time_ns=-1 present_state=unknown jank_type=0 actual_app_frame_ns=0 scheduled_app_frame_ns=0 callback_uptime_ns=2265500335163 frame_id=unmatched revision=unmatched attribution=unmatched
10-08 15:48:30.893 30147 30147 I SpinonBootstrap: SPINON_R08_TOUCH count=26
10-08 15:48:31.274 30147 30147 I SpinonBootstrap: SPINON_R05_INPUT renderer=opengl_es input_seq=27 phase=ACTION_UP timestamp_precision=nanosecond_representation input_source=unknown event_time_ns=2265880000000 handler_uptime_ns=2265881653288 generation=1
10-08 15:48:31.274 30147 30147 I SpinonBootstrap: SPINON_R05_SUBMIT renderer=opengl_es input_seq=27 revision=27 generation=1 event_time_ns=2265880000000 handler_uptime_ns=2265881720830 draw_requested=true draw_completed=false present_signal=unavailable attribution=input
10-08 15:48:31.274 30147 30147 I SpinonBootstrap: SPINON_R05_PRESENT_FLUSH renderer=opengl_es queued=true generation=1
10-08 15:48:31.274 30147 30167 I SpinonBootstrap: SPINON_R05_DRAW renderer=opengl_es draw_seq=29 revision=27 generation=1
10-08 15:48:31.274 30147 30204 I SpinonBootstrap: SPINON_R05_PRESENT_FLUSH requested=true renderer=opengl_es generation=1
10-08 15:48:31.274 30147 30147 I SpinonBootstrap: SPINON_R08_TOUCH count=27
10-08 15:48:31.274 30147 30204 I SpinonBootstrap: SPINON_R05_PRESENT_BATCH renderer=opengl_es generation=1 batch_seq=26 record_count=1 callback_tid=57 queue_depth=0 rejected_callback_batches=0 rejected_flush_tasks=0 callback_uptime_ns=2265882042788 attribution=unmatched
10-08 15:48:31.274 30147 30204 I SpinonBootstrap: SPINON_R05_PRESENT renderer=opengl_es signal=SurfaceView_JankData generation=1 current_generation=1 current_surface=true batch_seq=26 record_index=0 callback_tid=57 queue_depth=0 vsync_id=-1 present_time_ns=-1 present_state=unknown jank_type=0 actual_app_frame_ns=0 scheduled_app_frame_ns=0 callback_uptime_ns=2265882042788 frame_id=unmatched revision=unmatched attribution=unmatched
10-08 15:48:31.655 30147 30147 I SpinonBootstrap: SPINON_R05_INPUT renderer=opengl_es input_seq=28 phase=ACTION_UP timestamp_precision=nanosecond_representation input_source=unknown event_time_ns=2266262000000 handler_uptime_ns=2266262975622 generation=1
10-08 15:48:31.655 30147 30147 I SpinonBootstrap: SPINON_R05_SUBMIT renderer=opengl_es input_seq=28 revision=28 generation=1 event_time_ns=2266262000000 handler_uptime_ns=2266263039247 draw_requested=true draw_completed=false present_signal=unavailable attribution=input
10-08 15:48:31.655 30147 30167 I SpinonBootstrap: SPINON_R05_DRAW renderer=opengl_es draw_seq=30 revision=28 generation=1
10-08 15:48:31.655 30147 30147 I SpinonBootstrap: SPINON_R05_PRESENT_FLUSH renderer=opengl_es queued=true generation=1
10-08 15:48:31.655 30147 30204 I SpinonBootstrap: SPINON_R05_PRESENT_FLUSH requested=true renderer=opengl_es generation=1
10-08 15:48:31.656 30147 30147 I SpinonBootstrap: SPINON_R08_TOUCH count=28
10-08 15:48:31.656 30147 30204 I SpinonBootstrap: SPINON_R05_PRESENT_BATCH renderer=opengl_es generation=1 batch_seq=27 record_count=1 callback_tid=57 queue_depth=0 rejected_callback_batches=0 rejected_flush_tasks=0 callback_uptime_ns=2266263659830 attribution=unmatched
10-08 15:48:31.656 30147 30204 I SpinonBootstrap: SPINON_R05_PRESENT renderer=opengl_es signal=SurfaceView_JankData generation=1 current_generation=1 current_surface=true batch_seq=27 record_index=0 callback_tid=57 queue_depth=0 vsync_id=-1 present_time_ns=-1 present_state=unknown jank_type=0 actual_app_frame_ns=0 scheduled_app_frame_ns=0 callback_uptime_ns=2266263659830 frame_id=unmatched revision=unmatched attribution=unmatched
10-08 15:48:32.033 30147 30147 I SpinonBootstrap: SPINON_R05_INPUT renderer=opengl_es input_seq=29 phase=ACTION_UP timestamp_precision=nanosecond_representation input_source=unknown event_time_ns=2266640000000 handler_uptime_ns=2266640871580 generation=1
10-08 15:48:32.033 30147 30147 I SpinonBootstrap: SPINON_R05_SUBMIT renderer=opengl_es input_seq=29 revision=29 generation=1 event_time_ns=2266640000000 handler_uptime_ns=2266641014955 draw_requested=true draw_completed=false present_signal=unavailable attribution=input
10-08 15:48:32.033 30147 30147 I SpinonBootstrap: SPINON_R05_PRESENT_FLUSH renderer=opengl_es queued=true generation=1
10-08 15:48:32.033 30147 30204 I SpinonBootstrap: SPINON_R05_PRESENT_FLUSH requested=true renderer=opengl_es generation=1
10-08 15:48:32.033 30147 30147 I SpinonBootstrap: SPINON_R08_TOUCH count=29
10-08 15:48:32.033 30147 30204 I SpinonBootstrap: SPINON_R05_PRESENT_BATCH renderer=opengl_es generation=1 batch_seq=28 record_count=1 callback_tid=57 queue_depth=0 rejected_callback_batches=0 rejected_flush_tasks=0 callback_uptime_ns=2266641396289 attribution=unmatched
10-08 15:48:32.033 30147 30204 I SpinonBootstrap: SPINON_R05_PRESENT renderer=opengl_es signal=SurfaceView_JankData generation=1 current_generation=1 current_surface=true batch_seq=28 record_index=0 callback_tid=57 queue_depth=0 vsync_id=-1 present_time_ns=-1 present_state=unknown jank_type=0 actual_app_frame_ns=0 scheduled_app_frame_ns=0 callback_uptime_ns=2266641396289 frame_id=unmatched revision=unmatched attribution=unmatched
10-08 15:48:32.034 30147 30167 I SpinonBootstrap: SPINON_R05_DRAW renderer=opengl_es draw_seq=31 revision=29 generation=1
10-08 15:48:32.415 30147 30147 I SpinonBootstrap: SPINON_R05_INPUT renderer=opengl_es input_seq=30 phase=ACTION_UP timestamp_precision=nanosecond_representation input_source=unknown event_time_ns=2267021000000 handler_uptime_ns=2267022975372 generation=1
10-08 15:48:32.415 30147 30147 I SpinonBootstrap: SPINON_R05_SUBMIT renderer=opengl_es input_seq=30 revision=30 generation=1 event_time_ns=2267021000000 handler_uptime_ns=2267023093664 draw_requested=true draw_completed=false present_signal=unavailable attribution=input
10-08 15:48:32.415 30147 30147 I SpinonBootstrap: SPINON_R05_PRESENT_FLUSH renderer=opengl_es queued=true generation=1
10-08 15:48:32.415 30147 30167 I SpinonBootstrap: SPINON_R05_DRAW renderer=opengl_es draw_seq=32 revision=30 generation=1
10-08 15:48:32.415 30147 30204 I SpinonBootstrap: SPINON_R05_PRESENT_FLUSH requested=true renderer=opengl_es generation=1
10-08 15:48:32.415 30147 30147 I SpinonBootstrap: SPINON_R08_TOUCH count=30
10-08 15:48:32.416 30147 30204 I SpinonBootstrap: SPINON_R05_PRESENT_BATCH renderer=opengl_es generation=1 batch_seq=29 record_count=1 callback_tid=57 queue_depth=0 rejected_callback_batches=0 rejected_flush_tasks=0 callback_uptime_ns=2267023643039 attribution=unmatched
10-08 15:48:32.416 30147 30204 I SpinonBootstrap: SPINON_R05_PRESENT renderer=opengl_es signal=SurfaceView_JankData generation=1 current_generation=1 current_surface=true batch_seq=29 record_index=0 callback_tid=57 queue_depth=0 vsync_id=-1 present_time_ns=-1 present_state=unknown jank_type=0 actual_app_frame_ns=0 scheduled_app_frame_ns=0 callback_uptime_ns=2267023643039 frame_id=unmatched revision=unmatched attribution=unmatched
