--------- beginning of main
10-08 15:48:04.465 29798 29798 I SpinonBootstrap: SPINON_R08_UI=ready text-input=EditText accessibility=button+EditText
10-08 15:48:04.582 29798 29798 I SpinonBootstrap: SPINON_R05_SURFACE renderer=opengl_es type=GLSurfaceView generation=1
10-08 15:48:04.585 29798 29798 I SpinonBootstrap: SPINON_R05_SIGNAL_CAPABILITY renderer=opengl_es signal=SurfaceView_JankData available=true reason=registered api=37 api_full=3700002
10-08 15:48:04.585 29798 29798 I SpinonBootstrap: SPINON_R05_SURFACE_SIZE renderer=opengl_es generation=1 size=1080x1920
10-08 15:48:04.630 29798 29818 I SpinonBootstrap: SPINON_R08_SURFACE=created api=OpenGL_ES_2 renderer=Android Emulator OpenGL ES Translator (ANGLE (Google, Vulkan 1.3.0 (SwiftShader Device (LLVM 10.0.0) (0x0000C0DE)), SwiftShader driver-5.0.0)) version=OpenGL ES 3.1 (OpenGL ES 3.1.0 (ANGLE 2.1.1 git hash: fbf66f49c7cc))
10-08 15:48:04.632 29798 29818 I SpinonBootstrap: SPINON_R08_SHADER=ready
10-08 15:48:04.632 29798 29818 I SpinonBootstrap: SPINON_R08_SURFACE=size 1080x1920
10-08 15:48:04.632 29798 29818 I SpinonBootstrap: SPINON_R05_DRAW renderer=opengl_es draw_seq=1 revision=0 generation=1
10-08 15:48:04.632 29798 29818 I SpinonBootstrap: SPINON_R08_FRAME=first_draw_submitted
10-08 15:48:06.387 29798 29798 I SpinonBootstrap: SPINON_R05_INPUT renderer=opengl_es input_seq=1 phase=ACTION_UP timestamp_precision=nanosecond_representation input_source=unknown event_time_ns=2240993000000 handler_uptime_ns=2240994510193 generation=1
10-08 15:48:06.388 29798 29798 I SpinonBootstrap: SPINON_R05_SUBMIT renderer=opengl_es input_seq=1 revision=1 generation=1 event_time_ns=2240993000000 handler_uptime_ns=2240995566276 draw_requested=true draw_completed=false present_signal=unavailable attribution=input
10-08 15:48:06.388 29798 29818 I SpinonBootstrap: SPINON_R05_DRAW renderer=opengl_es draw_seq=2 revision=1 generation=1
10-08 15:48:06.388 29798 29857 I SpinonBootstrap: SPINON_R05_PRESENT_FLUSH requested=true renderer=opengl_es generation=1
10-08 15:48:06.388 29798 29798 I SpinonBootstrap: SPINON_R05_PRESENT_FLUSH renderer=opengl_es queued=true generation=1
10-08 15:48:06.389 29798 29798 I SpinonBootstrap: SPINON_R08_TOUCH count=1
10-08 15:48:06.389 29798 29857 I SpinonBootstrap: SPINON_R05_PRESENT_BATCH renderer=opengl_es generation=1 batch_seq=1 record_count=2 callback_tid=55 queue_depth=0 rejected_callback_batches=0 rejected_flush_tasks=0 callback_uptime_ns=2240997164318 attribution=unmatched
10-08 15:48:06.389 29798 29857 I SpinonBootstrap: SPINON_R05_PRESENT renderer=opengl_es signal=SurfaceView_JankData generation=1 current_generation=1 current_surface=true batch_seq=1 record_index=0 callback_tid=55 queue_depth=0 vsync_id=64705 present_time_ns=-1 present_state=unknown jank_type=2 actual_app_frame_ns=127267726 scheduled_app_frame_ns=16666666 callback_uptime_ns=2240997164318 frame_id=unmatched revision=unmatched attribution=unmatched
10-08 15:48:06.389 29798 29857 I SpinonBootstrap: SPINON_R05_PRESENT renderer=opengl_es signal=SurfaceView_JankData generation=1 current_generation=1 current_surface=true batch_seq=1 record_index=1 callback_tid=55 queue_depth=0 vsync_id=-1 present_time_ns=-1 present_state=unknown jank_type=0 actual_app_frame_ns=0 scheduled_app_frame_ns=0 callback_uptime_ns=2240997164318 frame_id=unmatched revision=unmatched attribution=unmatched
10-08 15:48:06.772 29798 29798 I SpinonBootstrap: SPINON_R05_INPUT renderer=opengl_es input_seq=2 phase=ACTION_UP timestamp_precision=nanosecond_representation input_source=unknown event_time_ns=2241379000000 handler_uptime_ns=2241380451818 generation=1
10-08 15:48:06.773 29798 29798 I SpinonBootstrap: SPINON_R05_SUBMIT renderer=opengl_es input_seq=2 revision=2 generation=1 event_time_ns=2241379000000 handler_uptime_ns=2241380607485 draw_requested=true draw_completed=false present_signal=unavailable attribution=input
10-08 15:48:06.773 29798 29798 I SpinonBootstrap: SPINON_R05_PRESENT_FLUSH renderer=opengl_es queued=true generation=1
10-08 15:48:06.773 29798 29857 I SpinonBootstrap: SPINON_R05_PRESENT_FLUSH requested=true renderer=opengl_es generation=1
10-08 15:48:06.773 29798 29818 I SpinonBootstrap: SPINON_R05_DRAW renderer=opengl_es draw_seq=3 revision=2 generation=1
10-08 15:48:06.773 29798 29798 I SpinonBootstrap: SPINON_R08_TOUCH count=2
10-08 15:48:06.774 29798 29857 I SpinonBootstrap: SPINON_R05_PRESENT_BATCH renderer=opengl_es generation=1 batch_seq=2 record_count=1 callback_tid=55 queue_depth=0 rejected_callback_batches=0 rejected_flush_tasks=0 callback_uptime_ns=2241381501818 attribution=unmatched
10-08 15:48:06.774 29798 29857 I SpinonBootstrap: SPINON_R05_PRESENT renderer=opengl_es signal=SurfaceView_JankData generation=1 current_generation=1 current_surface=true batch_seq=2 record_index=0 callback_tid=55 queue_depth=0 vsync_id=-1 present_time_ns=-1 present_state=unknown jank_type=0 actual_app_frame_ns=0 scheduled_app_frame_ns=0 callback_uptime_ns=2241381501818 frame_id=unmatched revision=unmatched attribution=unmatched
10-08 15:48:07.151 29798 29798 I SpinonBootstrap: SPINON_R05_INPUT renderer=opengl_es input_seq=3 phase=ACTION_UP timestamp_precision=nanosecond_representation input_source=unknown event_time_ns=2241757000000 handler_uptime_ns=2241758497277 generation=1
10-08 15:48:07.151 29798 29798 I SpinonBootstrap: SPINON_R05_SUBMIT renderer=opengl_es input_seq=3 revision=3 generation=1 event_time_ns=2241757000000 handler_uptime_ns=2241758585485 draw_requested=true draw_completed=false present_signal=unavailable attribution=input
10-08 15:48:07.151 29798 29798 I SpinonBootstrap: SPINON_R05_PRESENT_FLUSH renderer=opengl_es queued=true generation=1
10-08 15:48:07.151 29798 29857 I SpinonBootstrap: SPINON_R05_PRESENT_FLUSH requested=true renderer=opengl_es generation=1
10-08 15:48:07.151 29798 29818 I SpinonBootstrap: SPINON_R05_DRAW renderer=opengl_es draw_seq=4 revision=3 generation=1
10-08 15:48:07.151 29798 29798 I SpinonBootstrap: SPINON_R08_TOUCH count=3
10-08 15:48:07.151 29798 29857 I SpinonBootstrap: SPINON_R05_PRESENT_BATCH renderer=opengl_es generation=1 batch_seq=3 record_count=1 callback_tid=55 queue_depth=0 rejected_callback_batches=0 rejected_flush_tasks=0 callback_uptime_ns=2241759004235 attribution=unmatched
10-08 15:48:07.151 29798 29857 I SpinonBootstrap: SPINON_R05_PRESENT renderer=opengl_es signal=SurfaceView_JankData generation=1 current_generation=1 current_surface=true batch_seq=3 record_index=0 callback_tid=55 queue_depth=0 vsync_id=-1 present_time_ns=-1 present_state=unknown jank_type=0 actual_app_frame_ns=0 scheduled_app_frame_ns=0 callback_uptime_ns=2241759004235 frame_id=unmatched revision=unmatched attribution=unmatched
10-08 15:48:07.530 29798 29798 I SpinonBootstrap: SPINON_R05_INPUT renderer=opengl_es input_seq=4 phase=ACTION_UP timestamp_precision=nanosecond_representation input_source=unknown event_time_ns=2242137000000 handler_uptime_ns=2242138031610 generation=1
10-08 15:48:07.530 29798 29798 I SpinonBootstrap: SPINON_R05_SUBMIT renderer=opengl_es input_seq=4 revision=4 generation=1 event_time_ns=2242137000000 handler_uptime_ns=2242138105527 draw_requested=true draw_completed=false present_signal=unavailable attribution=input
10-08 15:48:07.530 29798 29798 I SpinonBootstrap: SPINON_R05_PRESENT_FLUSH renderer=opengl_es queued=true generation=1
10-08 15:48:07.530 29798 29857 I SpinonBootstrap: SPINON_R05_PRESENT_FLUSH requested=true renderer=opengl_es generation=1
10-08 15:48:07.530 29798 29818 I SpinonBootstrap: SPINON_R05_DRAW renderer=opengl_es draw_seq=5 revision=4 generation=1
10-08 15:48:07.531 29798 29798 I SpinonBootstrap: SPINON_R08_TOUCH count=4
10-08 15:48:07.531 29798 29857 I SpinonBootstrap: SPINON_R05_PRESENT_BATCH renderer=opengl_es generation=1 batch_seq=4 record_count=1 callback_tid=55 queue_depth=0 rejected_callback_batches=0 rejected_flush_tasks=0 callback_uptime_ns=2242138688402 attribution=unmatched
10-08 15:48:07.531 29798 29857 I SpinonBootstrap: SPINON_R05_PRESENT renderer=opengl_es signal=SurfaceView_JankData generation=1 current_generation=1 current_surface=true batch_seq=4 record_index=0 callback_tid=55 queue_depth=0 vsync_id=-1 present_time_ns=-1 present_state=unknown jank_type=0 actual_app_frame_ns=0 scheduled_app_frame_ns=0 callback_uptime_ns=2242138688402 frame_id=unmatched revision=unmatched attribution=unmatched
10-08 15:48:07.910 29798 29798 I SpinonBootstrap: SPINON_R05_INPUT renderer=opengl_es input_seq=5 phase=ACTION_UP timestamp_precision=nanosecond_representation input_source=unknown event_time_ns=2242517000000 handler_uptime_ns=2242518233527 generation=1
10-08 15:48:07.910 29798 29798 I SpinonBootstrap: SPINON_R05_SUBMIT renderer=opengl_es input_seq=5 revision=5 generation=1 event_time_ns=2242517000000 handler_uptime_ns=2242518305527 draw_requested=true draw_completed=false present_signal=unavailable attribution=input
10-08 15:48:07.910 29798 29798 I SpinonBootstrap: SPINON_R05_PRESENT_FLUSH renderer=opengl_es queued=true generation=1
10-08 15:48:07.911 29798 29818 I SpinonBootstrap: SPINON_R05_DRAW renderer=opengl_es draw_seq=6 revision=5 generation=1
10-08 15:48:07.911 29798 29798 I SpinonBootstrap: SPINON_R08_TOUCH count=5
10-08 15:48:07.911 29798 29857 I SpinonBootstrap: SPINON_R05_PRESENT_FLUSH requested=true renderer=opengl_es generation=1
10-08 15:48:07.911 29798 29857 I SpinonBootstrap: SPINON_R05_PRESENT_BATCH renderer=opengl_es generation=1 batch_seq=5 record_count=1 callback_tid=55 queue_depth=0 rejected_callback_batches=0 rejected_flush_tasks=0 callback_uptime_ns=2242519187902 attribution=unmatched
10-08 15:48:07.911 29798 29857 I SpinonBootstrap: SPINON_R05_PRESENT renderer=opengl_es signal=SurfaceView_JankData generation=1 current_generation=1 current_surface=true batch_seq=5 record_index=0 callback_tid=55 queue_depth=0 vsync_id=-1 present_time_ns=-1 present_state=unknown jank_type=0 actual_app_frame_ns=0 scheduled_app_frame_ns=0 callback_uptime_ns=2242519187902 frame_id=unmatched revision=unmatched attribution=unmatched
10-08 15:48:08.289 29798 29798 I SpinonBootstrap: SPINON_R05_INPUT renderer=opengl_es input_seq=6 phase=ACTION_UP timestamp_precision=nanosecond_representation input_source=unknown event_time_ns=2242895000000 handler_uptime_ns=2242896656944 generation=1
10-08 15:48:08.289 29798 29798 I SpinonBootstrap: SPINON_R05_SUBMIT renderer=opengl_es input_seq=6 revision=6 generation=1 event_time_ns=2242895000000 handler_uptime_ns=2242896767694 draw_requested=true draw_completed=false present_signal=unavailable attribution=input
10-08 15:48:08.289 29798 29818 I SpinonBootstrap: SPINON_R05_DRAW renderer=opengl_es draw_seq=7 revision=6 generation=1
10-08 15:48:08.289 29798 29798 I SpinonBootstrap: SPINON_R05_PRESENT_FLUSH renderer=opengl_es queued=true generation=1
10-08 15:48:08.289 29798 29857 I SpinonBootstrap: SPINON_R05_PRESENT_FLUSH requested=true renderer=opengl_es generation=1
10-08 15:48:08.289 29798 29798 I SpinonBootstrap: SPINON_R08_TOUCH count=6
10-08 15:48:08.290 29798 29857 I SpinonBootstrap: SPINON_R05_PRESENT_BATCH renderer=opengl_es generation=1 batch_seq=6 record_count=1 callback_tid=55 queue_depth=0 rejected_callback_batches=0 rejected_flush_tasks=0 callback_uptime_ns=2242897669361 attribution=unmatched
10-08 15:48:08.290 29798 29857 I SpinonBootstrap: SPINON_R05_PRESENT renderer=opengl_es signal=SurfaceView_JankData generation=1 current_generation=1 current_surface=true batch_seq=6 record_index=0 callback_tid=55 queue_depth=0 vsync_id=-1 present_time_ns=-1 present_state=unknown jank_type=0 actual_app_frame_ns=0 scheduled_app_frame_ns=0 callback_uptime_ns=2242897669361 frame_id=unmatched revision=unmatched attribution=unmatched
10-08 15:48:08.670 29798 29798 I SpinonBootstrap: SPINON_R05_INPUT renderer=opengl_es input_seq=7 phase=ACTION_UP timestamp_precision=nanosecond_representation input_source=unknown event_time_ns=2243277000000 handler_uptime_ns=2243278286277 generation=1
10-08 15:48:08.671 29798 29798 I SpinonBootstrap: SPINON_R05_SUBMIT renderer=opengl_es input_seq=7 revision=7 generation=1 event_time_ns=2243277000000 handler_uptime_ns=2243278516319 draw_requested=true draw_completed=false present_signal=unavailable attribution=input
10-08 15:48:08.671 29798 29798 I SpinonBootstrap: SPINON_R05_PRESENT_FLUSH renderer=opengl_es queued=true generation=1
10-08 15:48:08.671 29798 29857 I SpinonBootstrap: SPINON_R05_PRESENT_FLUSH requested=true renderer=opengl_es generation=1
10-08 15:48:08.671 29798 29818 I SpinonBootstrap: SPINON_R05_DRAW renderer=opengl_es draw_seq=8 revision=7 generation=1
10-08 15:48:08.671 29798 29798 I SpinonBootstrap: SPINON_R08_TOUCH count=7
10-08 15:48:08.671 29798 29857 I SpinonBootstrap: SPINON_R05_PRESENT_BATCH renderer=opengl_es generation=1 batch_seq=7 record_count=1 callback_tid=55 queue_depth=0 rejected_callback_batches=0 rejected_flush_tasks=0 callback_uptime_ns=2243279465819 attribution=unmatched
10-08 15:48:08.672 29798 29857 I SpinonBootstrap: SPINON_R05_PRESENT renderer=opengl_es signal=SurfaceView_JankData generation=1 current_generation=1 current_surface=true batch_seq=7 record_index=0 callback_tid=55 queue_depth=0 vsync_id=-1 present_time_ns=-1 present_state=unknown jank_type=0 actual_app_frame_ns=0 scheduled_app_frame_ns=0 callback_uptime_ns=2243279465819 frame_id=unmatched revision=unmatched attribution=unmatched
10-08 15:48:09.053 29798 29798 I SpinonBootstrap: SPINON_R05_INPUT renderer=opengl_es input_seq=8 phase=ACTION_UP timestamp_precision=nanosecond_representation input_source=unknown event_time_ns=2243660000000 handler_uptime_ns=2243661010736 generation=1
10-08 15:48:09.053 29798 29798 I SpinonBootstrap: SPINON_R05_SUBMIT renderer=opengl_es input_seq=8 revision=8 generation=1 event_time_ns=2243660000000 handler_uptime_ns=2243661200069 draw_requested=true draw_completed=false present_signal=unavailable attribution=input
10-08 15:48:09.053 29798 29798 I SpinonBootstrap: SPINON_R05_PRESENT_FLUSH renderer=opengl_es queued=true generation=1
10-08 15:48:09.053 29798 29818 I SpinonBootstrap: SPINON_R05_DRAW renderer=opengl_es draw_seq=9 revision=8 generation=1
10-08 15:48:09.054 29798 29857 I SpinonBootstrap: SPINON_R05_PRESENT_FLUSH requested=true renderer=opengl_es generation=1
10-08 15:48:09.054 29798 29857 I SpinonBootstrap: SPINON_R05_PRESENT_BATCH renderer=opengl_es generation=1 batch_seq=8 record_count=1 callback_tid=55 queue_depth=0 rejected_callback_batches=0 rejected_flush_tasks=0 callback_uptime_ns=2243661917444 attribution=unmatched
10-08 15:48:09.054 29798 29857 I SpinonBootstrap: SPINON_R05_PRESENT renderer=opengl_es signal=SurfaceView_JankData generation=1 current_generation=1 current_surface=true batch_seq=8 record_index=0 callback_tid=55 queue_depth=0 vsync_id=-1 present_time_ns=-1 present_state=unknown jank_type=0 actual_app_frame_ns=0 scheduled_app_frame_ns=0 callback_uptime_ns=2243661917444 frame_id=unmatched revision=unmatched attribution=unmatched
10-08 15:48:09.054 29798 29798 I SpinonBootstrap: SPINON_R08_TOUCH count=8
10-08 15:48:09.436 29798 29798 I SpinonBootstrap: SPINON_R05_INPUT renderer=opengl_es input_seq=9 phase=ACTION_UP timestamp_precision=nanosecond_representation input_source=unknown event_time_ns=2244043000000 handler_uptime_ns=2244043965944 generation=1
10-08 15:48:09.436 29798 29798 I SpinonBootstrap: SPINON_R05_SUBMIT renderer=opengl_es input_seq=9 revision=9 generation=1 event_time_ns=2244043000000 handler_uptime_ns=2244044260819 draw_requested=true draw_completed=false present_signal=unavailable attribution=input
10-08 15:48:09.436 29798 29798 I SpinonBootstrap: SPINON_R05_PRESENT_FLUSH renderer=opengl_es queued=true generation=1
10-08 15:48:09.436 29798 29857 I SpinonBootstrap: SPINON_R05_PRESENT_FLUSH requested=true renderer=opengl_es generation=1
10-08 15:48:09.436 29798 29818 I SpinonBootstrap: SPINON_R05_DRAW renderer=opengl_es draw_seq=10 revision=9 generation=1
10-08 15:48:09.437 29798 29798 I SpinonBootstrap: SPINON_R08_TOUCH count=9
10-08 15:48:09.437 29798 29857 I SpinonBootstrap: SPINON_R05_PRESENT_BATCH renderer=opengl_es generation=1 batch_seq=9 record_count=1 callback_tid=55 queue_depth=0 rejected_callback_batches=0 rejected_flush_tasks=0 callback_uptime_ns=2244044662194 attribution=unmatched
10-08 15:48:09.437 29798 29857 I SpinonBootstrap: SPINON_R05_PRESENT renderer=opengl_es signal=SurfaceView_JankData generation=1 current_generation=1 current_surface=true batch_seq=9 record_index=0 callback_tid=55 queue_depth=0 vsync_id=-1 present_time_ns=-1 present_state=unknown jank_type=0 actual_app_frame_ns=0 scheduled_app_frame_ns=0 callback_uptime_ns=2244044662194 frame_id=unmatched revision=unmatched attribution=unmatched
10-08 15:48:09.814 29798 29798 I SpinonBootstrap: SPINON_R05_INPUT renderer=opengl_es input_seq=10 phase=ACTION_UP timestamp_precision=nanosecond_representation input_source=unknown event_time_ns=2244420000000 handler_uptime_ns=2244421734153 generation=1
10-08 15:48:09.814 29798 29798 I SpinonBootstrap: SPINON_R05_SUBMIT renderer=opengl_es input_seq=10 revision=10 generation=1 event_time_ns=2244420000000 handler_uptime_ns=2244421819653 draw_requested=true draw_completed=false present_signal=unavailable attribution=input
10-08 15:48:09.814 29798 29798 I SpinonBootstrap: SPINON_R05_PRESENT_FLUSH renderer=opengl_es queued=true generation=1
10-08 15:48:09.814 29798 29857 I SpinonBootstrap: SPINON_R05_PRESENT_FLUSH requested=true renderer=opengl_es generation=1
10-08 15:48:09.814 29798 29798 I SpinonBootstrap: SPINON_R08_TOUCH count=10
10-08 15:48:09.814 29798 29818 I SpinonBootstrap: SPINON_R05_DRAW renderer=opengl_es draw_seq=11 revision=10 generation=1
10-08 15:48:09.818 29798 29857 I SpinonBootstrap: SPINON_R05_PRESENT_BATCH renderer=opengl_es generation=1 batch_seq=10 record_count=1 callback_tid=55 queue_depth=0 rejected_callback_batches=0 rejected_flush_tasks=0 callback_uptime_ns=2244422796361 attribution=unmatched
10-08 15:48:09.818 29798 29857 I SpinonBootstrap: SPINON_R05_PRESENT renderer=opengl_es signal=SurfaceView_JankData generation=1 current_generation=1 current_surface=true batch_seq=10 record_index=0 callback_tid=55 queue_depth=0 vsync_id=-1 present_time_ns=-1 present_state=unknown jank_type=0 actual_app_frame_ns=0 scheduled_app_frame_ns=0 callback_uptime_ns=2244422796361 frame_id=unmatched revision=unmatched attribution=unmatched
10-08 15:48:10.196 29798 29798 I SpinonBootstrap: SPINON_R05_INPUT renderer=opengl_es input_seq=11 phase=ACTION_UP timestamp_precision=nanosecond_representation input_source=unknown event_time_ns=2244803000000 handler_uptime_ns=2244804384112 generation=1
10-08 15:48:10.197 29798 29798 I SpinonBootstrap: SPINON_R05_SUBMIT renderer=opengl_es input_seq=11 revision=11 generation=1 event_time_ns=2244803000000 handler_uptime_ns=2244804593820 draw_requested=true draw_completed=false present_signal=unavailable attribution=input
10-08 15:48:10.197 29798 29798 I SpinonBootstrap: SPINON_R05_PRESENT_FLUSH renderer=opengl_es queued=true generation=1
10-08 15:48:10.197 29798 29857 I SpinonBootstrap: SPINON_R05_PRESENT_FLUSH requested=true renderer=opengl_es generation=1
10-08 15:48:10.197 29798 29818 I SpinonBootstrap: SPINON_R05_DRAW renderer=opengl_es draw_seq=12 revision=11 generation=1
10-08 15:48:10.197 29798 29798 I SpinonBootstrap: SPINON_R08_TOUCH count=11
10-08 15:48:10.197 29798 29857 I SpinonBootstrap: SPINON_R05_PRESENT_BATCH renderer=opengl_es generation=1 batch_seq=11 record_count=1 callback_tid=55 queue_depth=0 rejected_callback_batches=0 rejected_flush_tasks=0 callback_uptime_ns=2244805216153 attribution=unmatched
10-08 15:48:10.197 29798 29857 I SpinonBootstrap: SPINON_R05_PRESENT renderer=opengl_es signal=SurfaceView_JankData generation=1 current_generation=1 current_surface=true batch_seq=11 record_index=0 callback_tid=55 queue_depth=0 vsync_id=-1 present_time_ns=-1 present_state=unknown jank_type=0 actual_app_frame_ns=0 scheduled_app_frame_ns=0 callback_uptime_ns=2244805216153 frame_id=unmatched revision=unmatched attribution=unmatched
10-08 15:48:10.580 29798 29798 I SpinonBootstrap: SPINON_R05_INPUT renderer=opengl_es input_seq=12 phase=ACTION_UP timestamp_precision=nanosecond_representation input_source=unknown event_time_ns=2245186000000 handler_uptime_ns=2245187535528 generation=1
10-08 15:48:10.580 29798 29798 I SpinonBootstrap: SPINON_R05_SUBMIT renderer=opengl_es input_seq=12 revision=12 generation=1 event_time_ns=2245186000000 handler_uptime_ns=2245187627570 draw_requested=true draw_completed=false present_signal=unavailable attribution=input
10-08 15:48:10.580 29798 29798 I SpinonBootstrap: SPINON_R05_PRESENT_FLUSH renderer=opengl_es queued=true generation=1
10-08 15:48:10.580 29798 29798 I SpinonBootstrap: SPINON_R08_TOUCH count=12
10-08 15:48:10.580 29798 29857 I SpinonBootstrap: SPINON_R05_PRESENT_FLUSH requested=true renderer=opengl_es generation=1
10-08 15:48:10.580 29798 29818 I SpinonBootstrap: SPINON_R05_DRAW renderer=opengl_es draw_seq=13 revision=12 generation=1
10-08 15:48:10.581 29798 29857 I SpinonBootstrap: SPINON_R05_PRESENT_BATCH renderer=opengl_es generation=1 batch_seq=12 record_count=1 callback_tid=55 queue_depth=0 rejected_callback_batches=0 rejected_flush_tasks=0 callback_uptime_ns=2245188780070 attribution=unmatched
10-08 15:48:10.581 29798 29857 I SpinonBootstrap: SPINON_R05_PRESENT renderer=opengl_es signal=SurfaceView_JankData generation=1 current_generation=1 current_surface=true batch_seq=12 record_index=0 callback_tid=55 queue_depth=0 vsync_id=-1 present_time_ns=-1 present_state=unknown jank_type=0 actual_app_frame_ns=0 scheduled_app_frame_ns=0 callback_uptime_ns=2245188780070 frame_id=unmatched revision=unmatched attribution=unmatched
10-08 15:48:10.962 29798 29798 I SpinonBootstrap: SPINON_R05_INPUT renderer=opengl_es input_seq=13 phase=ACTION_UP timestamp_precision=nanosecond_representation input_source=unknown event_time_ns=2245568000000 handler_uptime_ns=2245569725945 generation=1
10-08 15:48:10.962 29798 29798 I SpinonBootstrap: SPINON_R05_SUBMIT renderer=opengl_es input_seq=13 revision=13 generation=1 event_time_ns=2245568000000 handler_uptime_ns=2245569840862 draw_requested=true draw_completed=false present_signal=unavailable attribution=input
10-08 15:48:10.962 29798 29818 I SpinonBootstrap: SPINON_R05_DRAW renderer=opengl_es draw_seq=14 revision=13 generation=1
10-08 15:48:10.962 29798 29857 I SpinonBootstrap: SPINON_R05_PRESENT_FLUSH requested=true renderer=opengl_es generation=1
10-08 15:48:10.962 29798 29798 I SpinonBootstrap: SPINON_R05_PRESENT_FLUSH renderer=opengl_es queued=true generation=1
10-08 15:48:10.962 29798 29798 I SpinonBootstrap: SPINON_R08_TOUCH count=13
10-08 15:48:10.962 29798 29857 I SpinonBootstrap: SPINON_R05_PRESENT_BATCH renderer=opengl_es generation=1 batch_seq=13 record_count=1 callback_tid=55 queue_depth=0 rejected_callback_batches=0 rejected_flush_tasks=0 callback_uptime_ns=2245570419779 attribution=unmatched
10-08 15:48:10.963 29798 29857 I SpinonBootstrap: SPINON_R05_PRESENT renderer=opengl_es signal=SurfaceView_JankData generation=1 current_generation=1 current_surface=true batch_seq=13 record_index=0 callback_tid=55 queue_depth=0 vsync_id=-1 present_time_ns=-1 present_state=unknown jank_type=0 actual_app_frame_ns=0 scheduled_app_frame_ns=0 callback_uptime_ns=2245570419779 frame_id=unmatched revision=unmatched attribution=unmatched
10-08 15:48:11.340 29798 29798 I SpinonBootstrap: SPINON_R05_INPUT renderer=opengl_es input_seq=14 phase=ACTION_UP timestamp_precision=nanosecond_representation input_source=unknown event_time_ns=2245947000000 handler_uptime_ns=2245948280904 generation=1
10-08 15:48:11.340 29798 29798 I SpinonBootstrap: SPINON_R05_SUBMIT renderer=opengl_es input_seq=14 revision=14 generation=1 event_time_ns=2245947000000 handler_uptime_ns=2245948371029 draw_requested=true draw_completed=false present_signal=unavailable attribution=input
10-08 15:48:11.340 29798 29798 I SpinonBootstrap: SPINON_R05_PRESENT_FLUSH renderer=opengl_es queued=true generation=1
10-08 15:48:11.341 29798 29818 I SpinonBootstrap: SPINON_R05_DRAW renderer=opengl_es draw_seq=15 revision=14 generation=1
10-08 15:48:11.341 29798 29798 I SpinonBootstrap: SPINON_R08_TOUCH count=14
10-08 15:48:11.341 29798 29857 I SpinonBootstrap: SPINON_R05_PRESENT_FLUSH requested=true renderer=opengl_es generation=1
10-08 15:48:11.341 29798 29857 I SpinonBootstrap: SPINON_R05_PRESENT_BATCH renderer=opengl_es generation=1 batch_seq=14 record_count=1 callback_tid=55 queue_depth=0 rejected_callback_batches=0 rejected_flush_tasks=0 callback_uptime_ns=2245949011904 attribution=unmatched
10-08 15:48:11.341 29798 29857 I SpinonBootstrap: SPINON_R05_PRESENT renderer=opengl_es signal=SurfaceView_JankData generation=1 current_generation=1 current_surface=true batch_seq=14 record_index=0 callback_tid=55 queue_depth=0 vsync_id=-1 present_time_ns=-1 present_state=unknown jank_type=0 actual_app_frame_ns=0 scheduled_app_frame_ns=0 callback_uptime_ns=2245949011904 frame_id=unmatched revision=unmatched attribution=unmatched
10-08 15:48:11.721 29798 29798 I SpinonBootstrap: SPINON_R05_INPUT renderer=opengl_es input_seq=15 phase=ACTION_UP timestamp_precision=nanosecond_representation input_source=unknown event_time_ns=2246327000000 handler_uptime_ns=2246328755529 generation=1
10-08 15:48:11.721 29798 29798 I SpinonBootstrap: SPINON_R05_SUBMIT renderer=opengl_es input_seq=15 revision=15 generation=1 event_time_ns=2246327000000 handler_uptime_ns=2246329017487 draw_requested=true draw_completed=false present_signal=unavailable attribution=input
10-08 15:48:11.721 29798 29798 I SpinonBootstrap: SPINON_R05_PRESENT_FLUSH renderer=opengl_es queued=true generation=1
10-08 15:48:11.721 29798 29818 I SpinonBootstrap: SPINON_R05_DRAW renderer=opengl_es draw_seq=16 revision=15 generation=1
10-08 15:48:11.721 29798 29798 I SpinonBootstrap: SPINON_R08_TOUCH count=15
10-08 15:48:11.722 29798 29857 I SpinonBootstrap: SPINON_R05_PRESENT_FLUSH requested=true renderer=opengl_es generation=1
10-08 15:48:11.722 29798 29857 I SpinonBootstrap: SPINON_R05_PRESENT_BATCH renderer=opengl_es generation=1 batch_seq=15 record_count=1 callback_tid=55 queue_depth=0 rejected_callback_batches=0 rejected_flush_tasks=0 callback_uptime_ns=2246329934071 attribution=unmatched
10-08 15:48:11.722 29798 29857 I SpinonBootstrap: SPINON_R05_PRESENT renderer=opengl_es signal=SurfaceView_JankData generation=1 current_generation=1 current_surface=true batch_seq=15 record_index=0 callback_tid=55 queue_depth=0 vsync_id=-1 present_time_ns=-1 present_state=unknown jank_type=0 actual_app_frame_ns=0 scheduled_app_frame_ns=0 callback_uptime_ns=2246329934071 frame_id=unmatched revision=unmatched attribution=unmatched
10-08 15:48:12.099 29798 29798 I SpinonBootstrap: SPINON_R05_INPUT renderer=opengl_es input_seq=16 phase=ACTION_UP timestamp_precision=nanosecond_representation input_source=unknown event_time_ns=2246705000000 handler_uptime_ns=2246706514946 generation=1
10-08 15:48:12.099 29798 29798 I SpinonBootstrap: SPINON_R05_SUBMIT renderer=opengl_es input_seq=16 revision=16 generation=1 event_time_ns=2246705000000 handler_uptime_ns=2246706630529 draw_requested=true draw_completed=false present_signal=unavailable attribution=input
10-08 15:48:12.099 29798 29798 I SpinonBootstrap: SPINON_R05_PRESENT_FLUSH renderer=opengl_es queued=true generation=1
10-08 15:48:12.099 29798 29857 I SpinonBootstrap: SPINON_R05_PRESENT_FLUSH requested=true renderer=opengl_es generation=1
10-08 15:48:12.099 29798 29798 I SpinonBootstrap: SPINON_R08_TOUCH count=16
10-08 15:48:12.099 29798 29818 I SpinonBootstrap: SPINON_R05_DRAW renderer=opengl_es draw_seq=17 revision=16 generation=1
10-08 15:48:12.099 29798 29857 I SpinonBootstrap: SPINON_R05_PRESENT_BATCH renderer=opengl_es generation=1 batch_seq=16 record_count=1 callback_tid=55 queue_depth=0 rejected_callback_batches=0 rejected_flush_tasks=0 callback_uptime_ns=2246707420404 attribution=unmatched
10-08 15:48:12.099 29798 29857 I SpinonBootstrap: SPINON_R05_PRESENT renderer=opengl_es signal=SurfaceView_JankData generation=1 current_generation=1 current_surface=true batch_seq=16 record_index=0 callback_tid=55 queue_depth=0 vsync_id=-1 present_time_ns=-1 present_state=unknown jank_type=0 actual_app_frame_ns=0 scheduled_app_frame_ns=0 callback_uptime_ns=2246707420404 frame_id=unmatched revision=unmatched attribution=unmatched
10-08 15:48:12.480 29798 29798 I SpinonBootstrap: SPINON_R05_INPUT renderer=opengl_es input_seq=17 phase=ACTION_UP timestamp_precision=nanosecond_representation input_source=unknown event_time_ns=2247086000000 handler_uptime_ns=2247087761988 generation=1
10-08 15:48:12.480 29798 29798 I SpinonBootstrap: SPINON_R05_SUBMIT renderer=opengl_es input_seq=17 revision=17 generation=1 event_time_ns=2247086000000 handler_uptime_ns=2247087820946 draw_requested=true draw_completed=false present_signal=unavailable attribution=input
10-08 15:48:12.480 29798 29857 I SpinonBootstrap: SPINON_R05_PRESENT_FLUSH requested=true renderer=opengl_es generation=1
10-08 15:48:12.480 29798 29818 I SpinonBootstrap: SPINON_R05_DRAW renderer=opengl_es draw_seq=18 revision=17 generation=1
10-08 15:48:12.480 29798 29798 I SpinonBootstrap: SPINON_R05_PRESENT_FLUSH renderer=opengl_es queued=true generation=1
10-08 15:48:12.481 29798 29798 I SpinonBootstrap: SPINON_R08_TOUCH count=17
10-08 15:48:12.481 29798 29857 I SpinonBootstrap: SPINON_R05_PRESENT_BATCH renderer=opengl_es generation=1 batch_seq=17 record_count=1 callback_tid=55 queue_depth=0 rejected_callback_batches=0 rejected_flush_tasks=0 callback_uptime_ns=2247089056113 attribution=unmatched
10-08 15:48:12.481 29798 29857 I SpinonBootstrap: SPINON_R05_PRESENT renderer=opengl_es signal=SurfaceView_JankData generation=1 current_generation=1 current_surface=true batch_seq=17 record_index=0 callback_tid=55 queue_depth=0 vsync_id=-1 present_time_ns=-1 present_state=unknown jank_type=0 actual_app_frame_ns=0 scheduled_app_frame_ns=0 callback_uptime_ns=2247089056113 frame_id=unmatched revision=unmatched attribution=unmatched
10-08 15:48:12.854 29798 29798 I SpinonBootstrap: SPINON_R05_INPUT renderer=opengl_es input_seq=18 phase=ACTION_UP timestamp_precision=nanosecond_representation input_source=unknown event_time_ns=2247461000000 handler_uptime_ns=2247462447404 generation=1
10-08 15:48:12.855 29798 29798 I SpinonBootstrap: SPINON_R05_SUBMIT renderer=opengl_es input_seq=18 revision=18 generation=1 event_time_ns=2247461000000 handler_uptime_ns=2247462549529 draw_requested=true draw_completed=false present_signal=unavailable attribution=input
10-08 15:48:12.855 29798 29798 I SpinonBootstrap: SPINON_R05_PRESENT_FLUSH renderer=opengl_es queued=true generation=1
10-08 15:48:12.855 29798 29818 I SpinonBootstrap: SPINON_R05_DRAW renderer=opengl_es draw_seq=19 revision=18 generation=1
10-08 15:48:12.855 29798 29857 I SpinonBootstrap: SPINON_R05_PRESENT_FLUSH requested=true renderer=opengl_es generation=1
10-08 15:48:12.855 29798 29798 I SpinonBootstrap: SPINON_R08_TOUCH count=18
10-08 15:48:12.855 29798 29857 I SpinonBootstrap: SPINON_R05_PRESENT_BATCH renderer=opengl_es generation=1 batch_seq=18 record_count=1 callback_tid=55 queue_depth=0 rejected_callback_batches=0 rejected_flush_tasks=0 callback_uptime_ns=2247463353196 attribution=unmatched
10-08 15:48:12.855 29798 29857 I SpinonBootstrap: SPINON_R05_PRESENT renderer=opengl_es signal=SurfaceView_JankData generation=1 current_generation=1 current_surface=true batch_seq=18 record_index=0 callback_tid=55 queue_depth=0 vsync_id=-1 present_time_ns=-1 present_state=unknown jank_type=0 actual_app_frame_ns=0 scheduled_app_frame_ns=0 callback_uptime_ns=2247463353196 frame_id=unmatched revision=unmatched attribution=unmatched
10-08 15:48:13.227 29798 29798 I SpinonBootstrap: SPINON_R05_INPUT renderer=opengl_es input_seq=19 phase=ACTION_UP timestamp_precision=nanosecond_representation input_source=unknown event_time_ns=2247834000000 handler_uptime_ns=2247835255946 generation=1
10-08 15:48:13.227 29798 29798 I SpinonBootstrap: SPINON_R05_SUBMIT renderer=opengl_es input_seq=19 revision=19 generation=1 event_time_ns=2247834000000 handler_uptime_ns=2247835321030 draw_requested=true draw_completed=false present_signal=unavailable attribution=input
10-08 15:48:13.227 29798 29798 I SpinonBootstrap: SPINON_R05_PRESENT_FLUSH renderer=opengl_es queued=true generation=1
10-08 15:48:13.227 29798 29818 I SpinonBootstrap: SPINON_R05_DRAW renderer=opengl_es draw_seq=20 revision=19 generation=1
10-08 15:48:13.227 29798 29857 I SpinonBootstrap: SPINON_R05_PRESENT_FLUSH requested=true renderer=opengl_es generation=1
10-08 15:48:13.228 29798 29857 I SpinonBootstrap: SPINON_R05_PRESENT_BATCH renderer=opengl_es generation=1 batch_seq=19 record_count=1 callback_tid=55 queue_depth=0 rejected_callback_batches=0 rejected_flush_tasks=0 callback_uptime_ns=2247835526280 attribution=unmatched
10-08 15:48:13.228 29798 29857 I SpinonBootstrap: SPINON_R05_PRESENT renderer=opengl_es signal=SurfaceView_JankData generation=1 current_generation=1 current_surface=true batch_seq=19 record_index=0 callback_tid=55 queue_depth=0 vsync_id=-1 present_time_ns=-1 present_state=unknown jank_type=0 actual_app_frame_ns=0 scheduled_app_frame_ns=0 callback_uptime_ns=2247835526280 frame_id=unmatched revision=unmatched attribution=unmatched
10-08 15:48:13.228 29798 29798 I SpinonBootstrap: SPINON_R08_TOUCH count=19
10-08 15:48:13.612 29798 29798 I SpinonBootstrap: SPINON_R05_INPUT renderer=opengl_es input_seq=20 phase=ACTION_UP timestamp_precision=nanosecond_representation input_source=unknown event_time_ns=2248218000000 handler_uptime_ns=2248219622821 generation=1
10-08 15:48:13.612 29798 29798 I SpinonBootstrap: SPINON_R05_SUBMIT renderer=opengl_es input_seq=20 revision=20 generation=1 event_time_ns=2248218000000 handler_uptime_ns=2248219763155 draw_requested=true draw_completed=false present_signal=unavailable attribution=input
10-08 15:48:13.612 29798 29798 I SpinonBootstrap: SPINON_R05_PRESENT_FLUSH renderer=opengl_es queued=true generation=1
10-08 15:48:13.612 29798 29818 I SpinonBootstrap: SPINON_R05_DRAW renderer=opengl_es draw_seq=21 revision=20 generation=1
10-08 15:48:13.612 29798 29857 I SpinonBootstrap: SPINON_R05_PRESENT_FLUSH requested=true renderer=opengl_es generation=1
10-08 15:48:13.612 29798 29857 I SpinonBootstrap: SPINON_R05_PRESENT_BATCH renderer=opengl_es generation=1 batch_seq=20 record_count=1 callback_tid=55 queue_depth=0 rejected_callback_batches=0 rejected_flush_tasks=0 callback_uptime_ns=2248219968988 attribution=unmatched
10-08 15:48:13.612 29798 29798 I SpinonBootstrap: SPINON_R08_TOUCH count=20
10-08 15:48:13.613 29798 29857 I SpinonBootstrap: SPINON_R05_PRESENT renderer=opengl_es signal=SurfaceView_JankData generation=1 current_generation=1 current_surface=true batch_seq=20 record_index=0 callback_tid=55 queue_depth=0 vsync_id=-1 present_time_ns=-1 present_state=unknown jank_type=0 actual_app_frame_ns=0 scheduled_app_frame_ns=0 callback_uptime_ns=2248219968988 frame_id=unmatched revision=unmatched attribution=unmatched
10-08 15:48:13.985 29798 29798 I SpinonBootstrap: SPINON_R05_INPUT renderer=opengl_es input_seq=21 phase=ACTION_UP timestamp_precision=nanosecond_representation input_source=unknown event_time_ns=2248591000000 handler_uptime_ns=2248592707113 generation=1
10-08 15:48:13.985 29798 29798 I SpinonBootstrap: SPINON_R05_SUBMIT renderer=opengl_es input_seq=21 revision=21 generation=1 event_time_ns=2248591000000 handler_uptime_ns=2248592834072 draw_requested=true draw_completed=false present_signal=unavailable attribution=input
10-08 15:48:13.985 29798 29798 I SpinonBootstrap: SPINON_R05_PRESENT_FLUSH renderer=opengl_es queued=true generation=1
10-08 15:48:13.985 29798 29818 I SpinonBootstrap: SPINON_R05_DRAW renderer=opengl_es draw_seq=22 revision=21 generation=1
10-08 15:48:13.986 29798 29798 I SpinonBootstrap: SPINON_R08_TOUCH count=21
10-08 15:48:13.985 29798 29857 I SpinonBootstrap: SPINON_R05_PRESENT_FLUSH requested=true renderer=opengl_es generation=1
10-08 15:48:13.986 29798 29857 I SpinonBootstrap: SPINON_R05_PRESENT_BATCH renderer=opengl_es generation=1 batch_seq=21 record_count=1 callback_tid=55 queue_depth=0 rejected_callback_batches=0 rejected_flush_tasks=0 callback_uptime_ns=2248593596322 attribution=unmatched
10-08 15:48:13.986 29798 29857 I SpinonBootstrap: SPINON_R05_PRESENT renderer=opengl_es signal=SurfaceView_JankData generation=1 current_generation=1 current_surface=true batch_seq=21 record_index=0 callback_tid=55 queue_depth=0 vsync_id=-1 present_time_ns=-1 present_state=unknown jank_type=0 actual_app_frame_ns=0 scheduled_app_frame_ns=0 callback_uptime_ns=2248593596322 frame_id=unmatched revision=unmatched attribution=unmatched
10-08 15:48:14.367 29798 29798 I SpinonBootstrap: SPINON_R05_INPUT renderer=opengl_es input_seq=22 phase=ACTION_UP timestamp_precision=nanosecond_representation input_source=unknown event_time_ns=2248974000000 handler_uptime_ns=2248975372155 generation=1
10-08 15:48:14.368 29798 29798 I SpinonBootstrap: SPINON_R05_SUBMIT renderer=opengl_es input_seq=22 revision=22 generation=1 event_time_ns=2248974000000 handler_uptime_ns=2248975540405 draw_requested=true draw_completed=false present_signal=unavailable attribution=input
10-08 15:48:14.368 29798 29798 I SpinonBootstrap: SPINON_R05_PRESENT_FLUSH renderer=opengl_es queued=true generation=1
10-08 15:48:14.368 29798 29818 I SpinonBootstrap: SPINON_R05_DRAW renderer=opengl_es draw_seq=23 revision=22 generation=1
10-08 15:48:14.368 29798 29798 I SpinonBootstrap: SPINON_R08_TOUCH count=22
10-08 15:48:14.368 29798 29857 I SpinonBootstrap: SPINON_R05_PRESENT_FLUSH requested=true renderer=opengl_es generation=1
10-08 15:48:14.369 29798 29857 I SpinonBootstrap: SPINON_R05_PRESENT_BATCH renderer=opengl_es generation=1 batch_seq=22 record_count=1 callback_tid=55 queue_depth=0 rejected_callback_batches=0 rejected_flush_tasks=0 callback_uptime_ns=2248976877780 attribution=unmatched
10-08 15:48:14.369 29798 29857 I SpinonBootstrap: SPINON_R05_PRESENT renderer=opengl_es signal=SurfaceView_JankData generation=1 current_generation=1 current_surface=true batch_seq=22 record_index=0 callback_tid=55 queue_depth=0 vsync_id=-1 present_time_ns=-1 present_state=unknown jank_type=0 actual_app_frame_ns=0 scheduled_app_frame_ns=0 callback_uptime_ns=2248976877780 frame_id=unmatched revision=unmatched attribution=unmatched
10-08 15:48:14.742 29798 29798 I SpinonBootstrap: SPINON_R05_INPUT renderer=opengl_es input_seq=23 phase=ACTION_UP timestamp_precision=nanosecond_representation input_source=unknown event_time_ns=2249349000000 handler_uptime_ns=2249350163280 generation=1
10-08 15:48:14.742 29798 29798 I SpinonBootstrap: SPINON_R05_SUBMIT renderer=opengl_es input_seq=23 revision=23 generation=1 event_time_ns=2249349000000 handler_uptime_ns=2249350216572 draw_requested=true draw_completed=false present_signal=unavailable attribution=input
10-08 15:48:14.742 29798 29798 I SpinonBootstrap: SPINON_R05_PRESENT_FLUSH renderer=opengl_es queued=true generation=1
10-08 15:48:14.743 29798 29857 I SpinonBootstrap: SPINON_R05_PRESENT_FLUSH requested=true renderer=opengl_es generation=1
10-08 15:48:14.743 29798 29857 I SpinonBootstrap: SPINON_R05_PRESENT_BATCH renderer=opengl_es generation=1 batch_seq=23 record_count=1 callback_tid=55 queue_depth=0 rejected_callback_batches=0 rejected_flush_tasks=0 callback_uptime_ns=2249350661197 attribution=unmatched
10-08 15:48:14.743 29798 29857 I SpinonBootstrap: SPINON_R05_PRESENT renderer=opengl_es signal=SurfaceView_JankData generation=1 current_generation=1 current_surface=true batch_seq=23 record_index=0 callback_tid=55 queue_depth=0 vsync_id=-1 present_time_ns=-1 present_state=unknown jank_type=0 actual_app_frame_ns=0 scheduled_app_frame_ns=0 callback_uptime_ns=2249350661197 frame_id=unmatched revision=unmatched attribution=unmatched
10-08 15:48:14.743 29798 29818 I SpinonBootstrap: SPINON_R05_DRAW renderer=opengl_es draw_seq=24 revision=23 generation=1
10-08 15:48:14.743 29798 29798 I SpinonBootstrap: SPINON_R08_TOUCH count=23
10-08 15:48:15.118 29798 29798 I SpinonBootstrap: SPINON_R05_INPUT renderer=opengl_es input_seq=24 phase=ACTION_UP timestamp_precision=nanosecond_representation input_source=unknown event_time_ns=2249724000000 handler_uptime_ns=2249725817114 generation=1
10-08 15:48:15.118 29798 29798 I SpinonBootstrap: SPINON_R05_SUBMIT renderer=opengl_es input_seq=24 revision=24 generation=1 event_time_ns=2249724000000 handler_uptime_ns=2249725979072 draw_requested=true draw_completed=false present_signal=unavailable attribution=input
10-08 15:48:15.118 29798 29818 I SpinonBootstrap: SPINON_R05_DRAW renderer=opengl_es draw_seq=25 revision=24 generation=1
10-08 15:48:15.118 29798 29798 I SpinonBootstrap: SPINON_R05_PRESENT_FLUSH renderer=opengl_es queued=true generation=1
10-08 15:48:15.118 29798 29798 I SpinonBootstrap: SPINON_R08_TOUCH count=24
10-08 15:48:15.119 29798 29857 I SpinonBootstrap: SPINON_R05_PRESENT_FLUSH requested=true renderer=opengl_es generation=1
10-08 15:48:15.119 29798 29857 I SpinonBootstrap: SPINON_R05_PRESENT_BATCH renderer=opengl_es generation=1 batch_seq=24 record_count=1 callback_tid=55 queue_depth=0 rejected_callback_batches=0 rejected_flush_tasks=0 callback_uptime_ns=2249726685364 attribution=unmatched
10-08 15:48:15.119 29798 29857 I SpinonBootstrap: SPINON_R05_PRESENT renderer=opengl_es signal=SurfaceView_JankData generation=1 current_generation=1 current_surface=true batch_seq=24 record_index=0 callback_tid=55 queue_depth=0 vsync_id=-1 present_time_ns=-1 present_state=unknown jank_type=0 actual_app_frame_ns=0 scheduled_app_frame_ns=0 callback_uptime_ns=2249726685364 frame_id=unmatched revision=unmatched attribution=unmatched
10-08 15:48:15.490 29798 29798 I SpinonBootstrap: SPINON_R05_INPUT renderer=opengl_es input_seq=25 phase=ACTION_UP timestamp_precision=nanosecond_representation input_source=unknown event_time_ns=2250097000000 handler_uptime_ns=2250098394281 generation=1
10-08 15:48:15.491 29798 29798 I SpinonBootstrap: SPINON_R05_SUBMIT renderer=opengl_es input_seq=25 revision=25 generation=1 event_time_ns=2250097000000 handler_uptime_ns=2250098532656 draw_requested=true draw_completed=false present_signal=unavailable attribution=input
10-08 15:48:15.491 29798 29818 I SpinonBootstrap: SPINON_R05_DRAW renderer=opengl_es draw_seq=26 revision=25 generation=1
10-08 15:48:15.491 29798 29798 I SpinonBootstrap: SPINON_R05_PRESENT_FLUSH renderer=opengl_es queued=true generation=1
10-08 15:48:15.491 29798 29857 I SpinonBootstrap: SPINON_R05_PRESENT_FLUSH requested=true renderer=opengl_es generation=1
10-08 15:48:15.491 29798 29857 I SpinonBootstrap: SPINON_R05_PRESENT_BATCH renderer=opengl_es generation=1 batch_seq=25 record_count=1 callback_tid=55 queue_depth=0 rejected_callback_batches=0 rejected_flush_tasks=0 callback_uptime_ns=2250099164822 attribution=unmatched
10-08 15:48:15.491 29798 29857 I SpinonBootstrap: SPINON_R05_PRESENT renderer=opengl_es signal=SurfaceView_JankData generation=1 current_generation=1 current_surface=true batch_seq=25 record_index=0 callback_tid=55 queue_depth=0 vsync_id=-1 present_time_ns=-1 present_state=unknown jank_type=0 actual_app_frame_ns=0 scheduled_app_frame_ns=0 callback_uptime_ns=2250099164822 frame_id=unmatched revision=unmatched attribution=unmatched
10-08 15:48:15.491 29798 29798 I SpinonBootstrap: SPINON_R08_TOUCH count=25
10-08 15:48:15.873 29798 29798 I SpinonBootstrap: SPINON_R05_INPUT renderer=opengl_es input_seq=26 phase=ACTION_UP timestamp_precision=nanosecond_representation input_source=unknown event_time_ns=2250480000000 handler_uptime_ns=2250481188614 generation=1
10-08 15:48:15.873 29798 29798 I SpinonBootstrap: SPINON_R05_SUBMIT renderer=opengl_es input_seq=26 revision=26 generation=1 event_time_ns=2250480000000 handler_uptime_ns=2250481265489 draw_requested=true draw_completed=false present_signal=unavailable attribution=input
10-08 15:48:15.873 29798 29798 I SpinonBootstrap: SPINON_R05_PRESENT_FLUSH renderer=opengl_es queued=true generation=1
10-08 15:48:15.873 29798 29818 I SpinonBootstrap: SPINON_R05_DRAW renderer=opengl_es draw_seq=27 revision=26 generation=1
10-08 15:48:15.874 29798 29798 I SpinonBootstrap: SPINON_R08_TOUCH count=26
10-08 15:48:15.874 29798 29857 I SpinonBootstrap: SPINON_R05_PRESENT_FLUSH requested=true renderer=opengl_es generation=1
10-08 15:48:15.877 29798 29857 I SpinonBootstrap: SPINON_R05_PRESENT_BATCH renderer=opengl_es generation=1 batch_seq=26 record_count=1 callback_tid=55 queue_depth=0 rejected_callback_batches=0 rejected_flush_tasks=0 callback_uptime_ns=2250485125073 attribution=unmatched
10-08 15:48:15.877 29798 29857 I SpinonBootstrap: SPINON_R05_PRESENT renderer=opengl_es signal=SurfaceView_JankData generation=1 current_generation=1 current_surface=true batch_seq=26 record_index=0 callback_tid=55 queue_depth=0 vsync_id=-1 present_time_ns=-1 present_state=unknown jank_type=0 actual_app_frame_ns=0 scheduled_app_frame_ns=0 callback_uptime_ns=2250485125073 frame_id=unmatched revision=unmatched attribution=unmatched
10-08 15:48:16.249 29798 29798 I SpinonBootstrap: SPINON_R05_INPUT renderer=opengl_es input_seq=27 phase=ACTION_UP timestamp_precision=nanosecond_representation input_source=unknown event_time_ns=2250855000000 handler_uptime_ns=2250856815406 generation=1
10-08 15:48:16.249 29798 29798 I SpinonBootstrap: SPINON_R05_SUBMIT renderer=opengl_es input_seq=27 revision=27 generation=1 event_time_ns=2250855000000 handler_uptime_ns=2250856990239 draw_requested=true draw_completed=false present_signal=unavailable attribution=input
10-08 15:48:16.249 29798 29798 I SpinonBootstrap: SPINON_R05_PRESENT_FLUSH renderer=opengl_es queued=true generation=1
10-08 15:48:16.249 29798 29857 I SpinonBootstrap: SPINON_R05_PRESENT_FLUSH requested=true renderer=opengl_es generation=1
10-08 15:48:16.249 29798 29798 I SpinonBootstrap: SPINON_R08_TOUCH count=27
10-08 15:48:16.249 29798 29818 I SpinonBootstrap: SPINON_R05_DRAW renderer=opengl_es draw_seq=28 revision=27 generation=1
10-08 15:48:16.249 29798 29857 I SpinonBootstrap: SPINON_R05_PRESENT_BATCH renderer=opengl_es generation=1 batch_seq=27 record_count=1 callback_tid=55 queue_depth=0 rejected_callback_batches=0 rejected_flush_tasks=0 callback_uptime_ns=2250857396823 attribution=unmatched
10-08 15:48:16.249 29798 29857 I SpinonBootstrap: SPINON_R05_PRESENT renderer=opengl_es signal=SurfaceView_JankData generation=1 current_generation=1 current_surface=true batch_seq=27 record_index=0 callback_tid=55 queue_depth=0 vsync_id=-1 present_time_ns=-1 present_state=unknown jank_type=0 actual_app_frame_ns=0 scheduled_app_frame_ns=0 callback_uptime_ns=2250857396823 frame_id=unmatched revision=unmatched attribution=unmatched
10-08 15:48:16.631 29798 29798 I SpinonBootstrap: SPINON_R05_INPUT renderer=opengl_es input_seq=28 phase=ACTION_UP timestamp_precision=nanosecond_representation input_source=unknown event_time_ns=2251237000000 handler_uptime_ns=2251238771031 generation=1
10-08 15:48:16.631 29798 29798 I SpinonBootstrap: SPINON_R05_SUBMIT renderer=opengl_es input_seq=28 revision=28 generation=1 event_time_ns=2251237000000 handler_uptime_ns=2251238835990 draw_requested=true draw_completed=false present_signal=unavailable attribution=input
10-08 15:48:16.631 29798 29798 I SpinonBootstrap: SPINON_R05_PRESENT_FLUSH renderer=opengl_es queued=true generation=1
10-08 15:48:16.631 29798 29818 I SpinonBootstrap: SPINON_R05_DRAW renderer=opengl_es draw_seq=29 revision=28 generation=1
10-08 15:48:16.631 29798 29857 I SpinonBootstrap: SPINON_R05_PRESENT_FLUSH requested=true renderer=opengl_es generation=1
10-08 15:48:16.631 29798 29798 I SpinonBootstrap: SPINON_R08_TOUCH count=28
10-08 15:48:16.632 29798 29857 I SpinonBootstrap: SPINON_R05_PRESENT_BATCH renderer=opengl_es generation=1 batch_seq=28 record_count=1 callback_tid=55 queue_depth=0 rejected_callback_batches=0 rejected_flush_tasks=0 callback_uptime_ns=2251239730656 attribution=unmatched
10-08 15:48:16.632 29798 29857 I SpinonBootstrap: SPINON_R05_PRESENT renderer=opengl_es signal=SurfaceView_JankData generation=1 current_generation=1 current_surface=true batch_seq=28 record_index=0 callback_tid=55 queue_depth=0 vsync_id=-1 present_time_ns=-1 present_state=unknown jank_type=0 actual_app_frame_ns=0 scheduled_app_frame_ns=0 callback_uptime_ns=2251239730656 frame_id=unmatched revision=unmatched attribution=unmatched
10-08 15:48:17.008 29798 29798 I SpinonBootstrap: SPINON_R05_INPUT renderer=opengl_es input_seq=29 phase=ACTION_UP timestamp_precision=nanosecond_representation input_source=unknown event_time_ns=2251615000000 handler_uptime_ns=2251615855615 generation=1
10-08 15:48:17.008 29798 29798 I SpinonBootstrap: SPINON_R05_SUBMIT renderer=opengl_es input_seq=29 revision=29 generation=1 event_time_ns=2251615000000 handler_uptime_ns=2251616312573 draw_requested=true draw_completed=false present_signal=unavailable attribution=input
10-08 15:48:17.008 29798 29818 I SpinonBootstrap: SPINON_R05_DRAW renderer=opengl_es draw_seq=30 revision=29 generation=1
10-08 15:48:17.009 29798 29798 I SpinonBootstrap: SPINON_R05_PRESENT_FLUSH renderer=opengl_es queued=true generation=1
10-08 15:48:17.009 29798 29857 I SpinonBootstrap: SPINON_R05_PRESENT_FLUSH requested=true renderer=opengl_es generation=1
10-08 15:48:17.009 29798 29857 I SpinonBootstrap: SPINON_R05_PRESENT_BATCH renderer=opengl_es generation=1 batch_seq=29 record_count=1 callback_tid=55 queue_depth=0 rejected_callback_batches=0 rejected_flush_tasks=0 callback_uptime_ns=2251617265490 attribution=unmatched
10-08 15:48:17.009 29798 29857 I SpinonBootstrap: SPINON_R05_PRESENT renderer=opengl_es signal=SurfaceView_JankData generation=1 current_generation=1 current_surface=true batch_seq=29 record_index=0 callback_tid=55 queue_depth=0 vsync_id=-1 present_time_ns=-1 present_state=unknown jank_type=0 actual_app_frame_ns=0 scheduled_app_frame_ns=0 callback_uptime_ns=2251617265490 frame_id=unmatched revision=unmatched attribution=unmatched
10-08 15:48:17.009 29798 29798 I SpinonBootstrap: SPINON_R08_TOUCH count=29
10-08 15:48:17.384 29798 29798 I SpinonBootstrap: SPINON_R05_INPUT renderer=opengl_es input_seq=30 phase=ACTION_UP timestamp_precision=nanosecond_representation input_source=unknown event_time_ns=2251990000000 handler_uptime_ns=2251991544782 generation=1
10-08 15:48:17.384 29798 29798 I SpinonBootstrap: SPINON_R05_SUBMIT renderer=opengl_es input_seq=30 revision=30 generation=1 event_time_ns=2251990000000 handler_uptime_ns=2251991672907 draw_requested=true draw_completed=false present_signal=unavailable attribution=input
10-08 15:48:17.384 29798 29798 I SpinonBootstrap: SPINON_R05_PRESENT_FLUSH renderer=opengl_es queued=true generation=1
10-08 15:48:17.384 29798 29818 I SpinonBootstrap: SPINON_R05_DRAW renderer=opengl_es draw_seq=31 revision=30 generation=1
10-08 15:48:17.384 29798 29798 I SpinonBootstrap: SPINON_R08_TOUCH count=30
10-08 15:48:17.384 29798 29857 I SpinonBootstrap: SPINON_R05_PRESENT_FLUSH requested=true renderer=opengl_es generation=1
10-08 15:48:17.385 29798 29857 I SpinonBootstrap: SPINON_R05_PRESENT_BATCH renderer=opengl_es generation=1 batch_seq=30 record_count=1 callback_tid=55 queue_depth=0 rejected_callback_batches=0 rejected_flush_tasks=0 callback_uptime_ns=2251992831115 attribution=unmatched
10-08 15:48:17.385 29798 29857 I SpinonBootstrap: SPINON_R05_PRESENT renderer=opengl_es signal=SurfaceView_JankData generation=1 current_generation=1 current_surface=true batch_seq=30 record_index=0 callback_tid=55 queue_depth=0 vsync_id=-1 present_time_ns=-1 present_state=unknown jank_type=0 actual_app_frame_ns=0 scheduled_app_frame_ns=0 callback_uptime_ns=2251992831115 frame_id=unmatched revision=unmatched attribution=unmatched
