--------- beginning of main
10-08 15:53:15.975  4441  4441 I SpinonBootstrap: SPINON_R08_UI=ready text-input=EditText accessibility=button+EditText
10-08 15:53:16.346  4441  4441 I SpinonBootstrap: SPINON_R05_SURFACE renderer=wgpu type=SurfaceView generation=1
10-08 15:53:16.355  4441  4441 I SpinonBootstrap: SPINON_R05_SIGNAL_CAPABILITY renderer=wgpu signal=SurfaceView_JankData available=true reason=registered api=37 api_full=3700002
10-08 15:53:16.474  4441  4441 I SpinonBootstrap: SPINON_R08_WGPU=ready backend=Vulkan device=VirtualGpu name=Goldfish GFXStream (llvmpipe (LLVM 21.1.4, 128 bits)) google_display_timing_supported=false format=Rgba8Unorm color_space=Auto supported_formats=[Rgba8UnormSrgb, Rgba8Unorm, Rgba16Float, Rgb10a2Unorm]
10-08 15:53:16.474  4441  4441 I SpinonBootstrap: SPINON_R08_WGPU_SURFACE=size 1080x1920
10-08 15:53:18.449  4441  4441 I SpinonBootstrap: SPINON_R05_INPUT renderer=wgpu input_seq=1 phase=ACTION_UP timestamp_precision=nanosecond_representation input_source=unknown handler_clock_resolution=nanosecond_api event_time_ns=2553054000000 handler_uptime_ns=2553057077092 generation=1
10-08 15:53:18.490  4441  4441 I SpinonBootstrap: SPINON_R05_SUBMIT renderer=wgpu input_seq=1 revision=1 generation=1 event_time_ns=2553054000000 handler_uptime_ns=2553058856259 queue_present_return_uptime_ns=2553097489884 draw_accepted=true present_signal=unavailable attribution=input
10-08 15:53:18.490  4441  4441 I SpinonBootstrap: SPINON_R05_PRESENT_FLUSH renderer=wgpu queued=true generation=1
10-08 15:53:18.490  4441  4508 I SpinonBootstrap: SPINON_R05_PRESENT_FLUSH requested=true renderer=wgpu generation=1
10-08 15:53:18.490  4441  4441 I SpinonBootstrap: SPINON_R08_TOUCH count=1
10-08 15:53:18.492  4441  4508 I SpinonBootstrap: SPINON_R05_PRESENT_BATCH renderer=wgpu generation=1 batch_seq=1 record_count=2 callback_os_tid=4508 callback_thread_id=55 registering_thread_os_tid=4441 queue_depth=0 rejected_callback_batches=0 rejected_flush_tasks=0 callback_uptime_ns=2553099480259 attribution=unmatched
10-08 15:53:18.492  4441  4508 I SpinonBootstrap: SPINON_R05_PRESENT renderer=wgpu signal=SurfaceView_JankData generation=1 current_generation=1 current_surface=true batch_seq=1 record_index=0 callback_os_tid=4508 callback_thread_id=55 registering_thread_os_tid=4441 queue_depth=0 vsync_id=-1 present_time_ns=-1 present_state=unknown jank_type=0 actual_app_frame_ns=0 scheduled_app_frame_ns=0 callback_uptime_ns=2553099480259 frame_id=unmatched revision=unmatched attribution=unmatched
10-08 15:53:18.492  4441  4508 I SpinonBootstrap: SPINON_R05_PRESENT renderer=wgpu signal=SurfaceView_JankData generation=1 current_generation=1 current_surface=true batch_seq=1 record_index=1 callback_os_tid=4508 callback_thread_id=55 registering_thread_os_tid=4441 queue_depth=0 vsync_id=88417 present_time_ns=-1 present_state=unknown jank_type=2 actual_app_frame_ns=356586841 scheduled_app_frame_ns=16666666 callback_uptime_ns=2553099480259 frame_id=unmatched revision=unmatched attribution=unmatched
10-08 15:53:18.884  4441  4441 I SpinonBootstrap: SPINON_R05_INPUT renderer=wgpu input_seq=2 phase=ACTION_UP timestamp_precision=nanosecond_representation input_source=unknown handler_clock_resolution=nanosecond_api event_time_ns=2553490000000 handler_uptime_ns=2553491680759 generation=1
10-08 15:53:18.896  4441  4441 I SpinonBootstrap: SPINON_R05_SUBMIT renderer=wgpu input_seq=2 revision=2 generation=1 event_time_ns=2553490000000 handler_uptime_ns=2553492302384 queue_present_return_uptime_ns=2553503971550 draw_accepted=true present_signal=unavailable attribution=input
10-08 15:53:18.897  4441  4441 I SpinonBootstrap: SPINON_R05_PRESENT_FLUSH renderer=wgpu queued=true generation=1
10-08 15:53:18.898  4441  4441 I SpinonBootstrap: SPINON_R08_TOUCH count=2
10-08 15:53:18.898  4441  4508 I SpinonBootstrap: SPINON_R05_PRESENT_FLUSH requested=true renderer=wgpu generation=1
10-08 15:53:18.898  4441  4508 I SpinonBootstrap: SPINON_R05_PRESENT_BATCH renderer=wgpu generation=1 batch_seq=2 record_count=1 callback_os_tid=4508 callback_thread_id=55 registering_thread_os_tid=4441 queue_depth=0 rejected_callback_batches=0 rejected_flush_tasks=0 callback_uptime_ns=2553505985800 attribution=unmatched
10-08 15:53:18.898  4441  4508 I SpinonBootstrap: SPINON_R05_PRESENT renderer=wgpu signal=SurfaceView_JankData generation=1 current_generation=1 current_surface=true batch_seq=2 record_index=0 callback_os_tid=4508 callback_thread_id=55 registering_thread_os_tid=4441 queue_depth=0 vsync_id=-1 present_time_ns=-1 present_state=unknown jank_type=0 actual_app_frame_ns=0 scheduled_app_frame_ns=0 callback_uptime_ns=2553505985800 frame_id=unmatched revision=unmatched attribution=unmatched
10-08 15:53:19.307  4441  4441 I SpinonBootstrap: SPINON_R05_INPUT renderer=wgpu input_seq=3 phase=ACTION_UP timestamp_precision=nanosecond_representation input_source=unknown handler_clock_resolution=nanosecond_api event_time_ns=2553912000000 handler_uptime_ns=2553914971509 generation=1
10-08 15:53:19.315  4441  4441 I SpinonBootstrap: SPINON_R05_SUBMIT renderer=wgpu input_seq=3 revision=3 generation=1 event_time_ns=2553912000000 handler_uptime_ns=2553915067259 queue_present_return_uptime_ns=2553922555676 draw_accepted=true present_signal=unavailable attribution=input
10-08 15:53:19.315  4441  4441 I SpinonBootstrap: SPINON_R05_PRESENT_FLUSH renderer=wgpu queued=true generation=1
10-08 15:53:19.315  4441  4508 I SpinonBootstrap: SPINON_R05_PRESENT_FLUSH requested=true renderer=wgpu generation=1
10-08 15:53:19.316  4441  4441 I SpinonBootstrap: SPINON_R08_TOUCH count=3
10-08 15:53:19.317  4441  4508 I SpinonBootstrap: SPINON_R05_PRESENT_BATCH renderer=wgpu generation=1 batch_seq=3 record_count=1 callback_os_tid=4508 callback_thread_id=55 registering_thread_os_tid=4441 queue_depth=0 rejected_callback_batches=0 rejected_flush_tasks=0 callback_uptime_ns=2553924875801 attribution=unmatched
10-08 15:53:19.317  4441  4508 I SpinonBootstrap: SPINON_R05_PRESENT renderer=wgpu signal=SurfaceView_JankData generation=1 current_generation=1 current_surface=true batch_seq=3 record_index=0 callback_os_tid=4508 callback_thread_id=55 registering_thread_os_tid=4441 queue_depth=0 vsync_id=-1 present_time_ns=-1 present_state=unknown jank_type=0 actual_app_frame_ns=0 scheduled_app_frame_ns=0 callback_uptime_ns=2553924875801 frame_id=unmatched revision=unmatched attribution=unmatched
10-08 15:53:19.745  4441  4441 I SpinonBootstrap: SPINON_R05_INPUT renderer=wgpu input_seq=4 phase=ACTION_UP timestamp_precision=nanosecond_representation input_source=unknown handler_clock_resolution=nanosecond_api event_time_ns=2554350000000 handler_uptime_ns=2554353182634 generation=1
10-08 15:53:19.765  4441  4441 I SpinonBootstrap: SPINON_R05_SUBMIT renderer=wgpu input_seq=4 revision=4 generation=1 event_time_ns=2554350000000 handler_uptime_ns=2554353340467 queue_present_return_uptime_ns=2554372800551 draw_accepted=true present_signal=unavailable attribution=input
10-08 15:53:19.765  4441  4441 I SpinonBootstrap: SPINON_R05_PRESENT_FLUSH renderer=wgpu queued=true generation=1
10-08 15:53:19.765  4441  4441 I SpinonBootstrap: SPINON_R08_TOUCH count=4
10-08 15:53:19.767  4441  4508 I SpinonBootstrap: SPINON_R05_PRESENT_FLUSH requested=true renderer=wgpu generation=1
10-08 15:53:19.769  4441  4508 I SpinonBootstrap: SPINON_R05_PRESENT_BATCH renderer=wgpu generation=1 batch_seq=4 record_count=1 callback_os_tid=4508 callback_thread_id=55 registering_thread_os_tid=4441 queue_depth=0 rejected_callback_batches=0 rejected_flush_tasks=0 callback_uptime_ns=2554376971176 attribution=unmatched
10-08 15:53:19.769  4441  4508 I SpinonBootstrap: SPINON_R05_PRESENT renderer=wgpu signal=SurfaceView_JankData generation=1 current_generation=1 current_surface=true batch_seq=4 record_index=0 callback_os_tid=4508 callback_thread_id=55 registering_thread_os_tid=4441 queue_depth=0 vsync_id=-1 present_time_ns=-1 present_state=unknown jank_type=0 actual_app_frame_ns=0 scheduled_app_frame_ns=0 callback_uptime_ns=2554376971176 frame_id=unmatched revision=unmatched attribution=unmatched
10-08 15:53:20.177  4441  4441 I SpinonBootstrap: SPINON_R05_INPUT renderer=wgpu input_seq=5 phase=ACTION_UP timestamp_precision=nanosecond_representation input_source=unknown handler_clock_resolution=nanosecond_api event_time_ns=2554779000000 handler_uptime_ns=2554784981968 generation=1
10-08 15:53:20.184  4441  4441 I SpinonBootstrap: SPINON_R05_SUBMIT renderer=wgpu input_seq=5 revision=5 generation=1 event_time_ns=2554779000000 handler_uptime_ns=2554785116134 queue_present_return_uptime_ns=2554791732259 draw_accepted=true present_signal=unavailable attribution=input
10-08 15:53:20.184  4441  4441 I SpinonBootstrap: SPINON_R05_PRESENT_FLUSH renderer=wgpu queued=true generation=1
10-08 15:53:20.185  4441  4441 I SpinonBootstrap: SPINON_R08_TOUCH count=5
10-08 15:53:20.185  4441  4508 I SpinonBootstrap: SPINON_R05_PRESENT_FLUSH requested=true renderer=wgpu generation=1
10-08 15:53:20.189  4441  4508 I SpinonBootstrap: SPINON_R05_PRESENT_BATCH renderer=wgpu generation=1 batch_seq=5 record_count=1 callback_os_tid=4508 callback_thread_id=55 registering_thread_os_tid=4441 queue_depth=0 rejected_callback_batches=0 rejected_flush_tasks=0 callback_uptime_ns=2554797256134 attribution=unmatched
10-08 15:53:20.189  4441  4508 I SpinonBootstrap: SPINON_R05_PRESENT renderer=wgpu signal=SurfaceView_JankData generation=1 current_generation=1 current_surface=true batch_seq=5 record_index=0 callback_os_tid=4508 callback_thread_id=55 registering_thread_os_tid=4441 queue_depth=0 vsync_id=-1 present_time_ns=-1 present_state=unknown jank_type=0 actual_app_frame_ns=0 scheduled_app_frame_ns=0 callback_uptime_ns=2554797256134 frame_id=unmatched revision=unmatched attribution=unmatched
10-08 15:53:20.578  4441  4441 I SpinonBootstrap: SPINON_R05_INPUT renderer=wgpu input_seq=6 phase=ACTION_UP timestamp_precision=nanosecond_representation input_source=unknown handler_clock_resolution=nanosecond_api event_time_ns=2555184000000 handler_uptime_ns=2555186368760 generation=1
10-08 15:53:20.582  4441  4441 I SpinonBootstrap: SPINON_R05_SUBMIT renderer=wgpu input_seq=6 revision=6 generation=1 event_time_ns=2555184000000 handler_uptime_ns=2555186576885 queue_present_return_uptime_ns=2555190112468 draw_accepted=true present_signal=unavailable attribution=input
10-08 15:53:20.582  4441  4441 I SpinonBootstrap: SPINON_R05_PRESENT_FLUSH renderer=wgpu queued=true generation=1
10-08 15:53:20.582  4441  4441 I SpinonBootstrap: SPINON_R08_TOUCH count=6
10-08 15:53:20.584  4441  4508 I SpinonBootstrap: SPINON_R05_PRESENT_FLUSH requested=true renderer=wgpu generation=1
10-08 15:53:20.584  4441  4508 I SpinonBootstrap: SPINON_R05_PRESENT_BATCH renderer=wgpu generation=1 batch_seq=6 record_count=1 callback_os_tid=4508 callback_thread_id=55 registering_thread_os_tid=4441 queue_depth=0 rejected_callback_batches=0 rejected_flush_tasks=0 callback_uptime_ns=2555191609301 attribution=unmatched
10-08 15:53:20.584  4441  4508 I SpinonBootstrap: SPINON_R05_PRESENT renderer=wgpu signal=SurfaceView_JankData generation=1 current_generation=1 current_surface=true batch_seq=6 record_index=0 callback_os_tid=4508 callback_thread_id=55 registering_thread_os_tid=4441 queue_depth=0 vsync_id=-1 present_time_ns=-1 present_state=unknown jank_type=0 actual_app_frame_ns=0 scheduled_app_frame_ns=0 callback_uptime_ns=2555191609301 frame_id=unmatched revision=unmatched attribution=unmatched
10-08 15:53:20.971  4441  4441 I SpinonBootstrap: SPINON_R05_INPUT renderer=wgpu input_seq=7 phase=ACTION_UP timestamp_precision=nanosecond_representation input_source=unknown handler_clock_resolution=nanosecond_api event_time_ns=2555577000000 handler_uptime_ns=2555578678843 generation=1
10-08 15:53:20.974  4441  4441 I SpinonBootstrap: SPINON_R05_SUBMIT renderer=wgpu input_seq=7 revision=7 generation=1 event_time_ns=2555577000000 handler_uptime_ns=2555578762343 queue_present_return_uptime_ns=2555582291426 draw_accepted=true present_signal=unavailable attribution=input
10-08 15:53:20.974  4441  4441 I SpinonBootstrap: SPINON_R05_PRESENT_FLUSH renderer=wgpu queued=true generation=1
10-08 15:53:20.975  4441  4508 I SpinonBootstrap: SPINON_R05_PRESENT_FLUSH requested=true renderer=wgpu generation=1
10-08 15:53:20.975  4441  4441 I SpinonBootstrap: SPINON_R08_TOUCH count=7
10-08 15:53:20.976  4441  4508 I SpinonBootstrap: SPINON_R05_PRESENT_BATCH renderer=wgpu generation=1 batch_seq=7 record_count=1 callback_os_tid=4508 callback_thread_id=55 registering_thread_os_tid=4441 queue_depth=0 rejected_callback_batches=0 rejected_flush_tasks=0 callback_uptime_ns=2555583842593 attribution=unmatched
10-08 15:53:20.976  4441  4508 I SpinonBootstrap: SPINON_R05_PRESENT renderer=wgpu signal=SurfaceView_JankData generation=1 current_generation=1 current_surface=true batch_seq=7 record_index=0 callback_os_tid=4508 callback_thread_id=55 registering_thread_os_tid=4441 queue_depth=0 vsync_id=-1 present_time_ns=-1 present_state=unknown jank_type=0 actual_app_frame_ns=0 scheduled_app_frame_ns=0 callback_uptime_ns=2555583842593 frame_id=unmatched revision=unmatched attribution=unmatched
10-08 15:53:21.369  4441  4441 I SpinonBootstrap: SPINON_R05_INPUT renderer=wgpu input_seq=8 phase=ACTION_UP timestamp_precision=nanosecond_representation input_source=unknown handler_clock_resolution=nanosecond_api event_time_ns=2555974000000 handler_uptime_ns=2555976679010 generation=1
10-08 15:53:21.376  4441  4441 I SpinonBootstrap: SPINON_R05_SUBMIT renderer=wgpu input_seq=8 revision=8 generation=1 event_time_ns=2555974000000 handler_uptime_ns=2555977108052 queue_present_return_uptime_ns=2555984357760 draw_accepted=true present_signal=unavailable attribution=input
10-08 15:53:21.377  4441  4441 I SpinonBootstrap: SPINON_R05_PRESENT_FLUSH renderer=wgpu queued=true generation=1
10-08 15:53:21.377  4441  4441 I SpinonBootstrap: SPINON_R08_TOUCH count=8
10-08 15:53:21.377  4441  4508 I SpinonBootstrap: SPINON_R05_PRESENT_FLUSH requested=true renderer=wgpu generation=1
10-08 15:53:21.378  4441  4508 I SpinonBootstrap: SPINON_R05_PRESENT_BATCH renderer=wgpu generation=1 batch_seq=8 record_count=1 callback_os_tid=4508 callback_thread_id=55 registering_thread_os_tid=4441 queue_depth=0 rejected_callback_batches=0 rejected_flush_tasks=0 callback_uptime_ns=2555985890260 attribution=unmatched
10-08 15:53:21.378  4441  4508 I SpinonBootstrap: SPINON_R05_PRESENT renderer=wgpu signal=SurfaceView_JankData generation=1 current_generation=1 current_surface=true batch_seq=8 record_index=0 callback_os_tid=4508 callback_thread_id=55 registering_thread_os_tid=4441 queue_depth=0 vsync_id=-1 present_time_ns=-1 present_state=unknown jank_type=0 actual_app_frame_ns=0 scheduled_app_frame_ns=0 callback_uptime_ns=2555985890260 frame_id=unmatched revision=unmatched attribution=unmatched
10-08 15:53:21.766  4441  4441 I SpinonBootstrap: SPINON_R05_INPUT renderer=wgpu input_seq=9 phase=ACTION_UP timestamp_precision=nanosecond_representation input_source=unknown handler_clock_resolution=nanosecond_api event_time_ns=2556372000000 handler_uptime_ns=2556373925135 generation=1
10-08 15:53:21.772  4441  4441 I SpinonBootstrap: SPINON_R05_SUBMIT renderer=wgpu input_seq=9 revision=9 generation=1 event_time_ns=2556372000000 handler_uptime_ns=2556374585177 queue_present_return_uptime_ns=2556380353760 draw_accepted=true present_signal=unavailable attribution=input
10-08 15:53:21.773  4441  4441 I SpinonBootstrap: SPINON_R05_PRESENT_FLUSH renderer=wgpu queued=true generation=1
10-08 15:53:21.773  4441  4508 I SpinonBootstrap: SPINON_R05_PRESENT_FLUSH requested=true renderer=wgpu generation=1
10-08 15:53:21.775  4441  4441 I SpinonBootstrap: SPINON_R08_TOUCH count=9
10-08 15:53:21.777  4441  4508 I SpinonBootstrap: SPINON_R05_PRESENT_BATCH renderer=wgpu generation=1 batch_seq=9 record_count=1 callback_os_tid=4508 callback_thread_id=55 registering_thread_os_tid=4441 queue_depth=0 rejected_callback_batches=0 rejected_flush_tasks=0 callback_uptime_ns=2556385457927 attribution=unmatched
10-08 15:53:21.778  4441  4508 I SpinonBootstrap: SPINON_R05_PRESENT renderer=wgpu signal=SurfaceView_JankData generation=1 current_generation=1 current_surface=true batch_seq=9 record_index=0 callback_os_tid=4508 callback_thread_id=55 registering_thread_os_tid=4441 queue_depth=0 vsync_id=-1 present_time_ns=-1 present_state=unknown jank_type=0 actual_app_frame_ns=0 scheduled_app_frame_ns=0 callback_uptime_ns=2556385457927 frame_id=unmatched revision=unmatched attribution=unmatched
10-08 15:53:22.213  4441  4441 I SpinonBootstrap: SPINON_R05_INPUT renderer=wgpu input_seq=10 phase=ACTION_UP timestamp_precision=nanosecond_representation input_source=unknown handler_clock_resolution=nanosecond_api event_time_ns=2556818000000 handler_uptime_ns=2556821211094 generation=1
10-08 15:53:22.218  4441  4441 I SpinonBootstrap: SPINON_R05_SUBMIT renderer=wgpu input_seq=10 revision=10 generation=1 event_time_ns=2556818000000 handler_uptime_ns=2556821385135 queue_present_return_uptime_ns=2556825974469 draw_accepted=true present_signal=unavailable attribution=input
10-08 15:53:22.218  4441  4441 I SpinonBootstrap: SPINON_R05_PRESENT_FLUSH renderer=wgpu queued=true generation=1
10-08 15:53:22.218  4441  4441 I SpinonBootstrap: SPINON_R08_TOUCH count=10
10-08 15:53:22.219  4441  4508 I SpinonBootstrap: SPINON_R05_PRESENT_FLUSH requested=true renderer=wgpu generation=1
10-08 15:53:22.219  4441  4508 I SpinonBootstrap: SPINON_R05_PRESENT_BATCH renderer=wgpu generation=1 batch_seq=10 record_count=1 callback_os_tid=4508 callback_thread_id=55 registering_thread_os_tid=4441 queue_depth=0 rejected_callback_batches=0 rejected_flush_tasks=0 callback_uptime_ns=2556827175469 attribution=unmatched
10-08 15:53:22.219  4441  4508 I SpinonBootstrap: SPINON_R05_PRESENT renderer=wgpu signal=SurfaceView_JankData generation=1 current_generation=1 current_surface=true batch_seq=10 record_index=0 callback_os_tid=4508 callback_thread_id=55 registering_thread_os_tid=4441 queue_depth=0 vsync_id=-1 present_time_ns=-1 present_state=unknown jank_type=0 actual_app_frame_ns=0 scheduled_app_frame_ns=0 callback_uptime_ns=2556827175469 frame_id=unmatched revision=unmatched attribution=unmatched
10-08 15:53:22.610  4441  4441 I SpinonBootstrap: SPINON_R05_INPUT renderer=wgpu input_seq=11 phase=ACTION_UP timestamp_precision=nanosecond_representation input_source=unknown handler_clock_resolution=nanosecond_api event_time_ns=2557215000000 handler_uptime_ns=2557217669010 generation=1
10-08 15:53:22.618  4441  4441 I SpinonBootstrap: SPINON_R05_SUBMIT renderer=wgpu input_seq=11 revision=11 generation=1 event_time_ns=2557215000000 handler_uptime_ns=2557218884094 queue_present_return_uptime_ns=2557226337510 draw_accepted=true present_signal=unavailable attribution=input
10-08 15:53:22.619  4441  4441 I SpinonBootstrap: SPINON_R05_PRESENT_FLUSH renderer=wgpu queued=true generation=1
10-08 15:53:22.620  4441  4508 I SpinonBootstrap: SPINON_R05_PRESENT_FLUSH requested=true renderer=wgpu generation=1
10-08 15:53:22.620  4441  4508 I SpinonBootstrap: SPINON_R05_PRESENT_BATCH renderer=wgpu generation=1 batch_seq=11 record_count=1 callback_os_tid=4508 callback_thread_id=55 registering_thread_os_tid=4441 queue_depth=0 rejected_callback_batches=0 rejected_flush_tasks=0 callback_uptime_ns=2557227642594 attribution=unmatched
10-08 15:53:22.620  4441  4441 I SpinonBootstrap: SPINON_R08_TOUCH count=11
10-08 15:53:22.621  4441  4508 I SpinonBootstrap: SPINON_R05_PRESENT renderer=wgpu signal=SurfaceView_JankData generation=1 current_generation=1 current_surface=true batch_seq=11 record_index=0 callback_os_tid=4508 callback_thread_id=55 registering_thread_os_tid=4441 queue_depth=0 vsync_id=-1 present_time_ns=-1 present_state=unknown jank_type=0 actual_app_frame_ns=0 scheduled_app_frame_ns=0 callback_uptime_ns=2557227642594 frame_id=unmatched revision=unmatched attribution=unmatched
10-08 15:53:23.013  4441  4441 I SpinonBootstrap: SPINON_R05_INPUT renderer=wgpu input_seq=12 phase=ACTION_UP timestamp_precision=nanosecond_representation input_source=unknown handler_clock_resolution=nanosecond_api event_time_ns=2557619000000 handler_uptime_ns=2557621363344 generation=1
10-08 15:53:23.024  4441  4441 I SpinonBootstrap: SPINON_R05_SUBMIT renderer=wgpu input_seq=12 revision=12 generation=1 event_time_ns=2557619000000 handler_uptime_ns=2557621507761 queue_present_return_uptime_ns=2557631449844 draw_accepted=true present_signal=unavailable attribution=input
10-08 15:53:23.024  4441  4441 I SpinonBootstrap: SPINON_R05_PRESENT_FLUSH renderer=wgpu queued=true generation=1
10-08 15:53:23.025  4441  4508 I SpinonBootstrap: SPINON_R05_PRESENT_FLUSH requested=true renderer=wgpu generation=1
10-08 15:53:23.025  4441  4441 I SpinonBootstrap: SPINON_R08_TOUCH count=12
10-08 15:53:23.025  4441  4508 I SpinonBootstrap: SPINON_R05_PRESENT_BATCH renderer=wgpu generation=1 batch_seq=12 record_count=1 callback_os_tid=4508 callback_thread_id=55 registering_thread_os_tid=4441 queue_depth=0 rejected_callback_batches=0 rejected_flush_tasks=0 callback_uptime_ns=2557632956052 attribution=unmatched
10-08 15:53:23.025  4441  4508 I SpinonBootstrap: SPINON_R05_PRESENT renderer=wgpu signal=SurfaceView_JankData generation=1 current_generation=1 current_surface=true batch_seq=12 record_index=0 callback_os_tid=4508 callback_thread_id=55 registering_thread_os_tid=4441 queue_depth=0 vsync_id=-1 present_time_ns=-1 present_state=unknown jank_type=0 actual_app_frame_ns=0 scheduled_app_frame_ns=0 callback_uptime_ns=2557632956052 frame_id=unmatched revision=unmatched attribution=unmatched
10-08 15:53:23.411  4441  4441 I SpinonBootstrap: SPINON_R05_INPUT renderer=wgpu input_seq=13 phase=ACTION_UP timestamp_precision=nanosecond_representation input_source=unknown handler_clock_resolution=nanosecond_api event_time_ns=2558017000000 handler_uptime_ns=2558018763136 generation=1
10-08 15:53:23.417  4441  4441 I SpinonBootstrap: SPINON_R05_SUBMIT renderer=wgpu input_seq=13 revision=13 generation=1 event_time_ns=2558017000000 handler_uptime_ns=2558018977928 queue_present_return_uptime_ns=2558024808011 draw_accepted=true present_signal=unavailable attribution=input
10-08 15:53:23.417  4441  4441 I SpinonBootstrap: SPINON_R05_PRESENT_FLUSH renderer=wgpu queued=true generation=1
10-08 15:53:23.417  4441  4508 I SpinonBootstrap: SPINON_R05_PRESENT_FLUSH requested=true renderer=wgpu generation=1
10-08 15:53:23.417  4441  4441 I SpinonBootstrap: SPINON_R08_TOUCH count=13
10-08 15:53:23.418  4441  4508 I SpinonBootstrap: SPINON_R05_PRESENT_BATCH renderer=wgpu generation=1 batch_seq=13 record_count=1 callback_os_tid=4508 callback_thread_id=55 registering_thread_os_tid=4441 queue_depth=0 rejected_callback_batches=0 rejected_flush_tasks=0 callback_uptime_ns=2558026118261 attribution=unmatched
10-08 15:53:23.418  4441  4508 I SpinonBootstrap: SPINON_R05_PRESENT renderer=wgpu signal=SurfaceView_JankData generation=1 current_generation=1 current_surface=true batch_seq=13 record_index=0 callback_os_tid=4508 callback_thread_id=55 registering_thread_os_tid=4441 queue_depth=0 vsync_id=-1 present_time_ns=-1 present_state=unknown jank_type=0 actual_app_frame_ns=0 scheduled_app_frame_ns=0 callback_uptime_ns=2558026118261 frame_id=unmatched revision=unmatched attribution=unmatched
10-08 15:53:23.814  4441  4441 I SpinonBootstrap: SPINON_R05_INPUT renderer=wgpu input_seq=14 phase=ACTION_UP timestamp_precision=nanosecond_representation input_source=unknown handler_clock_resolution=nanosecond_api event_time_ns=2558418000000 handler_uptime_ns=2558421843594 generation=1
10-08 15:53:23.821  4441  4441 I SpinonBootstrap: SPINON_R05_SUBMIT renderer=wgpu input_seq=14 revision=14 generation=1 event_time_ns=2558418000000 handler_uptime_ns=2558421945636 queue_present_return_uptime_ns=2558428580719 draw_accepted=true present_signal=unavailable attribution=input
10-08 15:53:23.821  4441  4441 I SpinonBootstrap: SPINON_R05_PRESENT_FLUSH renderer=wgpu queued=true generation=1
10-08 15:53:23.822  4441  4508 I SpinonBootstrap: SPINON_R05_PRESENT_FLUSH requested=true renderer=wgpu generation=1
10-08 15:53:23.822  4441  4441 I SpinonBootstrap: SPINON_R08_TOUCH count=14
10-08 15:53:23.822  4441  4508 I SpinonBootstrap: SPINON_R05_PRESENT_BATCH renderer=wgpu generation=1 batch_seq=14 record_count=1 callback_os_tid=4508 callback_thread_id=55 registering_thread_os_tid=4441 queue_depth=0 rejected_callback_batches=0 rejected_flush_tasks=0 callback_uptime_ns=2558430322969 attribution=unmatched
10-08 15:53:23.822  4441  4508 I SpinonBootstrap: SPINON_R05_PRESENT renderer=wgpu signal=SurfaceView_JankData generation=1 current_generation=1 current_surface=true batch_seq=14 record_index=0 callback_os_tid=4508 callback_thread_id=55 registering_thread_os_tid=4441 queue_depth=0 vsync_id=-1 present_time_ns=-1 present_state=unknown jank_type=0 actual_app_frame_ns=0 scheduled_app_frame_ns=0 callback_uptime_ns=2558430322969 frame_id=unmatched revision=unmatched attribution=unmatched
10-08 15:53:24.213  4441  4441 I SpinonBootstrap: SPINON_R05_INPUT renderer=wgpu input_seq=15 phase=ACTION_UP timestamp_precision=nanosecond_representation input_source=unknown handler_clock_resolution=nanosecond_api event_time_ns=2558819000000 handler_uptime_ns=2558821321220 generation=1
10-08 15:53:24.217  4441  4441 I SpinonBootstrap: SPINON_R05_SUBMIT renderer=wgpu input_seq=15 revision=15 generation=1 event_time_ns=2558819000000 handler_uptime_ns=2558821659220 queue_present_return_uptime_ns=2558825137886 draw_accepted=true present_signal=unavailable attribution=input
10-08 15:53:24.217  4441  4441 I SpinonBootstrap: SPINON_R05_PRESENT_FLUSH renderer=wgpu queued=true generation=1
10-08 15:53:24.218  4441  4508 I SpinonBootstrap: SPINON_R05_PRESENT_FLUSH requested=true renderer=wgpu generation=1
10-08 15:53:24.218  4441  4441 I SpinonBootstrap: SPINON_R08_TOUCH count=15
10-08 15:53:24.219  4441  4508 I SpinonBootstrap: SPINON_R05_PRESENT_BATCH renderer=wgpu generation=1 batch_seq=15 record_count=1 callback_os_tid=4508 callback_thread_id=55 registering_thread_os_tid=4441 queue_depth=0 rejected_callback_batches=0 rejected_flush_tasks=0 callback_uptime_ns=2558826897845 attribution=unmatched
10-08 15:53:24.219  4441  4508 I SpinonBootstrap: SPINON_R05_PRESENT renderer=wgpu signal=SurfaceView_JankData generation=1 current_generation=1 current_surface=true batch_seq=15 record_index=0 callback_os_tid=4508 callback_thread_id=55 registering_thread_os_tid=4441 queue_depth=0 vsync_id=-1 present_time_ns=-1 present_state=unknown jank_type=0 actual_app_frame_ns=0 scheduled_app_frame_ns=0 callback_uptime_ns=2558826897845 frame_id=unmatched revision=unmatched attribution=unmatched
10-08 15:53:24.611  4441  4441 I SpinonBootstrap: SPINON_R05_INPUT renderer=wgpu input_seq=16 phase=ACTION_UP timestamp_precision=nanosecond_representation input_source=unknown handler_clock_resolution=nanosecond_api event_time_ns=2559216000000 handler_uptime_ns=2559218597261 generation=1
10-08 15:53:24.615  4441  4441 I SpinonBootstrap: SPINON_R05_SUBMIT renderer=wgpu input_seq=16 revision=16 generation=1 event_time_ns=2559216000000 handler_uptime_ns=2559218722803 queue_present_return_uptime_ns=2559222860595 draw_accepted=true present_signal=unavailable attribution=input
10-08 15:53:24.615  4441  4441 I SpinonBootstrap: SPINON_R05_PRESENT_FLUSH renderer=wgpu queued=true generation=1
10-08 15:53:24.615  4441  4441 I SpinonBootstrap: SPINON_R08_TOUCH count=16
10-08 15:53:24.616  4441  4508 I SpinonBootstrap: SPINON_R05_PRESENT_FLUSH requested=true renderer=wgpu generation=1
10-08 15:53:24.617  4441  4508 I SpinonBootstrap: SPINON_R05_PRESENT_BATCH renderer=wgpu generation=1 batch_seq=16 record_count=1 callback_os_tid=4508 callback_thread_id=55 registering_thread_os_tid=4441 queue_depth=0 rejected_callback_batches=0 rejected_flush_tasks=0 callback_uptime_ns=2559224666595 attribution=unmatched
10-08 15:53:24.617  4441  4508 I SpinonBootstrap: SPINON_R05_PRESENT renderer=wgpu signal=SurfaceView_JankData generation=1 current_generation=1 current_surface=true batch_seq=16 record_index=0 callback_os_tid=4508 callback_thread_id=55 registering_thread_os_tid=4441 queue_depth=0 vsync_id=-1 present_time_ns=-1 present_state=unknown jank_type=0 actual_app_frame_ns=0 scheduled_app_frame_ns=0 callback_uptime_ns=2559224666595 frame_id=unmatched revision=unmatched attribution=unmatched
10-08 15:53:25.049  4441  4441 I SpinonBootstrap: SPINON_R05_INPUT renderer=wgpu input_seq=17 phase=ACTION_UP timestamp_precision=nanosecond_representation input_source=unknown handler_clock_resolution=nanosecond_api event_time_ns=2559650000000 handler_uptime_ns=2559656810595 generation=1
10-08 15:53:25.055  4441  4441 I SpinonBootstrap: SPINON_R05_SUBMIT renderer=wgpu input_seq=17 revision=17 generation=1 event_time_ns=2559650000000 handler_uptime_ns=2559656978345 queue_present_return_uptime_ns=2559662808470 draw_accepted=true present_signal=unavailable attribution=input
10-08 15:53:25.055  4441  4441 I SpinonBootstrap: SPINON_R05_PRESENT_FLUSH renderer=wgpu queued=true generation=1
10-08 15:53:25.055  4441  4441 I SpinonBootstrap: SPINON_R08_TOUCH count=17
10-08 15:53:25.055  4441  4508 I SpinonBootstrap: SPINON_R05_PRESENT_FLUSH requested=true renderer=wgpu generation=1
10-08 15:53:25.056  4441  4508 I SpinonBootstrap: SPINON_R05_PRESENT_BATCH renderer=wgpu generation=1 batch_seq=17 record_count=1 callback_os_tid=4508 callback_thread_id=55 registering_thread_os_tid=4441 queue_depth=0 rejected_callback_batches=0 rejected_flush_tasks=0 callback_uptime_ns=2559663974928 attribution=unmatched
10-08 15:53:25.056  4441  4508 I SpinonBootstrap: SPINON_R05_PRESENT renderer=wgpu signal=SurfaceView_JankData generation=1 current_generation=1 current_surface=true batch_seq=17 record_index=0 callback_os_tid=4508 callback_thread_id=55 registering_thread_os_tid=4441 queue_depth=0 vsync_id=-1 present_time_ns=-1 present_state=unknown jank_type=0 actual_app_frame_ns=0 scheduled_app_frame_ns=0 callback_uptime_ns=2559663974928 frame_id=unmatched revision=unmatched attribution=unmatched
10-08 15:53:25.453  4441  4441 I SpinonBootstrap: SPINON_R05_INPUT renderer=wgpu input_seq=18 phase=ACTION_UP timestamp_precision=nanosecond_representation input_source=unknown handler_clock_resolution=nanosecond_api event_time_ns=2560058000000 handler_uptime_ns=2560060485387 generation=1
10-08 15:53:25.456  4441  4441 I SpinonBootstrap: SPINON_R05_SUBMIT renderer=wgpu input_seq=18 revision=18 generation=1 event_time_ns=2560058000000 handler_uptime_ns=2560060687512 queue_present_return_uptime_ns=2560063799845 draw_accepted=true present_signal=unavailable attribution=input
10-08 15:53:25.456  4441  4441 I SpinonBootstrap: SPINON_R05_PRESENT_FLUSH renderer=wgpu queued=true generation=1
10-08 15:53:25.456  4441  4441 I SpinonBootstrap: SPINON_R08_TOUCH count=18
10-08 15:53:25.457  4441  4508 I SpinonBootstrap: SPINON_R05_PRESENT_FLUSH requested=true renderer=wgpu generation=1
10-08 15:53:25.457  4441  4508 I SpinonBootstrap: SPINON_R05_PRESENT_BATCH renderer=wgpu generation=1 batch_seq=18 record_count=1 callback_os_tid=4508 callback_thread_id=55 registering_thread_os_tid=4441 queue_depth=0 rejected_callback_batches=0 rejected_flush_tasks=0 callback_uptime_ns=2560065359262 attribution=unmatched
10-08 15:53:25.457  4441  4508 I SpinonBootstrap: SPINON_R05_PRESENT renderer=wgpu signal=SurfaceView_JankData generation=1 current_generation=1 current_surface=true batch_seq=18 record_index=0 callback_os_tid=4508 callback_thread_id=55 registering_thread_os_tid=4441 queue_depth=0 vsync_id=-1 present_time_ns=-1 present_state=unknown jank_type=0 actual_app_frame_ns=0 scheduled_app_frame_ns=0 callback_uptime_ns=2560065359262 frame_id=unmatched revision=unmatched attribution=unmatched
10-08 15:53:25.863  4441  4441 I SpinonBootstrap: SPINON_R05_INPUT renderer=wgpu input_seq=19 phase=ACTION_UP timestamp_precision=nanosecond_representation input_source=unknown handler_clock_resolution=nanosecond_api event_time_ns=2560467000000 handler_uptime_ns=2560470480887 generation=1
10-08 15:53:25.871  4441  4441 I SpinonBootstrap: SPINON_R05_SUBMIT renderer=wgpu input_seq=19 revision=19 generation=1 event_time_ns=2560467000000 handler_uptime_ns=2560470604512 queue_present_return_uptime_ns=2560479214720 draw_accepted=true present_signal=unavailable attribution=input
10-08 15:53:25.871  4441  4441 I SpinonBootstrap: SPINON_R05_PRESENT_FLUSH renderer=wgpu queued=true generation=1
10-08 15:53:25.872  4441  4441 I SpinonBootstrap: SPINON_R08_TOUCH count=19
10-08 15:53:25.872  4441  4508 I SpinonBootstrap: SPINON_R05_PRESENT_FLUSH requested=true renderer=wgpu generation=1
10-08 15:53:25.872  4441  4508 I SpinonBootstrap: SPINON_R05_PRESENT_BATCH renderer=wgpu generation=1 batch_seq=19 record_count=1 callback_os_tid=4508 callback_thread_id=55 registering_thread_os_tid=4441 queue_depth=0 rejected_callback_batches=0 rejected_flush_tasks=0 callback_uptime_ns=2560479792679 attribution=unmatched
10-08 15:53:25.872  4441  4508 I SpinonBootstrap: SPINON_R05_PRESENT renderer=wgpu signal=SurfaceView_JankData generation=1 current_generation=1 current_surface=true batch_seq=19 record_index=0 callback_os_tid=4508 callback_thread_id=55 registering_thread_os_tid=4441 queue_depth=0 vsync_id=-1 present_time_ns=-1 present_state=unknown jank_type=0 actual_app_frame_ns=0 scheduled_app_frame_ns=0 callback_uptime_ns=2560479792679 frame_id=unmatched revision=unmatched attribution=unmatched
10-08 15:53:26.279  4441  4441 I SpinonBootstrap: SPINON_R05_INPUT renderer=wgpu input_seq=20 phase=ACTION_UP timestamp_precision=nanosecond_representation input_source=unknown handler_clock_resolution=nanosecond_api event_time_ns=2560883000000 handler_uptime_ns=2560886488679 generation=1
10-08 15:53:26.291  4441  4441 I SpinonBootstrap: SPINON_R05_SUBMIT renderer=wgpu input_seq=20 revision=20 generation=1 event_time_ns=2560883000000 handler_uptime_ns=2560886619179 queue_present_return_uptime_ns=2560898743471 draw_accepted=true present_signal=unavailable attribution=input
10-08 15:53:26.291  4441  4441 I SpinonBootstrap: SPINON_R05_PRESENT_FLUSH renderer=wgpu queued=true generation=1
10-08 15:53:26.313  4441  4441 I SpinonBootstrap: SPINON_R08_TOUCH count=20
10-08 15:53:26.318  4441  4508 I SpinonBootstrap: SPINON_R05_PRESENT_FLUSH requested=true renderer=wgpu generation=1
10-08 15:53:26.320  4441  4508 I SpinonBootstrap: SPINON_R05_PRESENT_BATCH renderer=wgpu generation=1 batch_seq=20 record_count=1 callback_os_tid=4508 callback_thread_id=55 registering_thread_os_tid=4441 queue_depth=0 rejected_callback_batches=0 rejected_flush_tasks=0 callback_uptime_ns=2560928379679 attribution=unmatched
10-08 15:53:26.321  4441  4508 I SpinonBootstrap: SPINON_R05_PRESENT renderer=wgpu signal=SurfaceView_JankData generation=1 current_generation=1 current_surface=true batch_seq=20 record_index=0 callback_os_tid=4508 callback_thread_id=55 registering_thread_os_tid=4441 queue_depth=0 vsync_id=-1 present_time_ns=-1 present_state=unknown jank_type=0 actual_app_frame_ns=0 scheduled_app_frame_ns=0 callback_uptime_ns=2560928379679 frame_id=unmatched revision=unmatched attribution=unmatched
10-08 15:53:26.713  4441  4441 I SpinonBootstrap: SPINON_R05_INPUT renderer=wgpu input_seq=21 phase=ACTION_UP timestamp_precision=nanosecond_representation input_source=unknown handler_clock_resolution=nanosecond_api event_time_ns=2561317000000 handler_uptime_ns=2561321258971 generation=1
10-08 15:53:26.720  4441  4441 I SpinonBootstrap: SPINON_R05_SUBMIT renderer=wgpu input_seq=21 revision=21 generation=1 event_time_ns=2561317000000 handler_uptime_ns=2561321339721 queue_present_return_uptime_ns=2561327842179 draw_accepted=true present_signal=unavailable attribution=input
10-08 15:53:26.720  4441  4508 I SpinonBootstrap: SPINON_R05_PRESENT_FLUSH requested=true renderer=wgpu generation=1
10-08 15:53:26.721  4441  4441 I SpinonBootstrap: SPINON_R05_PRESENT_FLUSH renderer=wgpu queued=true generation=1
10-08 15:53:26.721  4441  4508 I SpinonBootstrap: SPINON_R05_PRESENT_BATCH renderer=wgpu generation=1 batch_seq=21 record_count=1 callback_os_tid=4508 callback_thread_id=55 registering_thread_os_tid=4441 queue_depth=0 rejected_callback_batches=0 rejected_flush_tasks=0 callback_uptime_ns=2561328944721 attribution=unmatched
10-08 15:53:26.721  4441  4508 I SpinonBootstrap: SPINON_R05_PRESENT renderer=wgpu signal=SurfaceView_JankData generation=1 current_generation=1 current_surface=true batch_seq=21 record_index=0 callback_os_tid=4508 callback_thread_id=55 registering_thread_os_tid=4441 queue_depth=0 vsync_id=-1 present_time_ns=-1 present_state=unknown jank_type=0 actual_app_frame_ns=0 scheduled_app_frame_ns=0 callback_uptime_ns=2561328944721 frame_id=unmatched revision=unmatched attribution=unmatched
10-08 15:53:26.722  4441  4441 I SpinonBootstrap: SPINON_R08_TOUCH count=21
10-08 15:53:27.111  4441  4441 I SpinonBootstrap: SPINON_R05_INPUT renderer=wgpu input_seq=22 phase=ACTION_UP timestamp_precision=nanosecond_representation input_source=unknown handler_clock_resolution=nanosecond_api event_time_ns=2561717000000 handler_uptime_ns=2561719003763 generation=1
10-08 15:53:27.119  4441  4441 I SpinonBootstrap: SPINON_R05_SUBMIT renderer=wgpu input_seq=22 revision=22 generation=1 event_time_ns=2561717000000 handler_uptime_ns=2561719131888 queue_present_return_uptime_ns=2561726608929 draw_accepted=true present_signal=unavailable attribution=input
10-08 15:53:27.119  4441  4441 I SpinonBootstrap: SPINON_R05_PRESENT_FLUSH renderer=wgpu queued=true generation=1
10-08 15:53:27.119  4441  4441 I SpinonBootstrap: SPINON_R08_TOUCH count=22
10-08 15:53:27.121  4441  4508 I SpinonBootstrap: SPINON_R05_PRESENT_FLUSH requested=true renderer=wgpu generation=1
10-08 15:53:27.121  4441  4508 I SpinonBootstrap: SPINON_R05_PRESENT_BATCH renderer=wgpu generation=1 batch_seq=22 record_count=1 callback_os_tid=4508 callback_thread_id=55 registering_thread_os_tid=4441 queue_depth=0 rejected_callback_batches=0 rejected_flush_tasks=0 callback_uptime_ns=2561728878638 attribution=unmatched
10-08 15:53:27.121  4441  4508 I SpinonBootstrap: SPINON_R05_PRESENT renderer=wgpu signal=SurfaceView_JankData generation=1 current_generation=1 current_surface=true batch_seq=22 record_index=0 callback_os_tid=4508 callback_thread_id=55 registering_thread_os_tid=4441 queue_depth=0 vsync_id=-1 present_time_ns=-1 present_state=unknown jank_type=0 actual_app_frame_ns=0 scheduled_app_frame_ns=0 callback_uptime_ns=2561728878638 frame_id=unmatched revision=unmatched attribution=unmatched
10-08 15:53:27.505  4441  4441 I SpinonBootstrap: SPINON_R05_INPUT renderer=wgpu input_seq=23 phase=ACTION_UP timestamp_precision=nanosecond_representation input_source=unknown handler_clock_resolution=nanosecond_api event_time_ns=2562109000000 handler_uptime_ns=2562113287388 generation=1
10-08 15:53:27.510  4441  4441 I SpinonBootstrap: SPINON_R05_SUBMIT renderer=wgpu input_seq=23 revision=23 generation=1 event_time_ns=2562109000000 handler_uptime_ns=2562113568846 queue_present_return_uptime_ns=2562117689388 draw_accepted=true present_signal=unavailable attribution=input
10-08 15:53:27.510  4441  4441 I SpinonBootstrap: SPINON_R05_PRESENT_FLUSH renderer=wgpu queued=true generation=1
10-08 15:53:27.510  4441  4441 I SpinonBootstrap: SPINON_R08_TOUCH count=23
10-08 15:53:27.513  4441  4508 I SpinonBootstrap: SPINON_R05_PRESENT_FLUSH requested=true renderer=wgpu generation=1
10-08 15:53:27.514  4441  4508 I SpinonBootstrap: SPINON_R05_PRESENT_BATCH renderer=wgpu generation=1 batch_seq=23 record_count=1 callback_os_tid=4508 callback_thread_id=55 registering_thread_os_tid=4441 queue_depth=0 rejected_callback_batches=0 rejected_flush_tasks=0 callback_uptime_ns=2562122049513 attribution=unmatched
10-08 15:53:27.514  4441  4508 I SpinonBootstrap: SPINON_R05_PRESENT renderer=wgpu signal=SurfaceView_JankData generation=1 current_generation=1 current_surface=true batch_seq=23 record_index=0 callback_os_tid=4508 callback_thread_id=55 registering_thread_os_tid=4441 queue_depth=0 vsync_id=-1 present_time_ns=-1 present_state=unknown jank_type=0 actual_app_frame_ns=0 scheduled_app_frame_ns=0 callback_uptime_ns=2562122049513 frame_id=unmatched revision=unmatched attribution=unmatched
10-08 15:53:27.908  4441  4441 I SpinonBootstrap: SPINON_R05_INPUT renderer=wgpu input_seq=24 phase=ACTION_UP timestamp_precision=nanosecond_representation input_source=unknown handler_clock_resolution=nanosecond_api event_time_ns=2562514000000 handler_uptime_ns=2562516183430 generation=1
10-08 15:53:27.914  4441  4441 I SpinonBootstrap: SPINON_R05_SUBMIT renderer=wgpu input_seq=24 revision=24 generation=1 event_time_ns=2562514000000 handler_uptime_ns=2562516263221 queue_present_return_uptime_ns=2562521563555 draw_accepted=true present_signal=unavailable attribution=input
10-08 15:53:27.914  4441  4441 I SpinonBootstrap: SPINON_R05_PRESENT_FLUSH renderer=wgpu queued=true generation=1
10-08 15:53:27.914  4441  4441 I SpinonBootstrap: SPINON_R08_TOUCH count=24
10-08 15:53:27.914  4441  4508 I SpinonBootstrap: SPINON_R05_PRESENT_FLUSH requested=true renderer=wgpu generation=1
10-08 15:53:27.915  4441  4508 I SpinonBootstrap: SPINON_R05_PRESENT_BATCH renderer=wgpu generation=1 batch_seq=24 record_count=1 callback_os_tid=4508 callback_thread_id=55 registering_thread_os_tid=4441 queue_depth=0 rejected_callback_batches=0 rejected_flush_tasks=0 callback_uptime_ns=2562522882555 attribution=unmatched
10-08 15:53:27.915  4441  4508 I SpinonBootstrap: SPINON_R05_PRESENT renderer=wgpu signal=SurfaceView_JankData generation=1 current_generation=1 current_surface=true batch_seq=24 record_index=0 callback_os_tid=4508 callback_thread_id=55 registering_thread_os_tid=4441 queue_depth=0 vsync_id=-1 present_time_ns=-1 present_state=unknown jank_type=0 actual_app_frame_ns=0 scheduled_app_frame_ns=0 callback_uptime_ns=2562522882555 frame_id=unmatched revision=unmatched attribution=unmatched
10-08 15:53:28.312  4441  4441 I SpinonBootstrap: SPINON_R05_INPUT renderer=wgpu input_seq=25 phase=ACTION_UP timestamp_precision=nanosecond_representation input_source=unknown handler_clock_resolution=nanosecond_api event_time_ns=2562918000000 handler_uptime_ns=2562919757597 generation=1
10-08 15:53:28.319  4441  4441 I SpinonBootstrap: SPINON_R05_SUBMIT renderer=wgpu input_seq=25 revision=25 generation=1 event_time_ns=2562918000000 handler_uptime_ns=2562919931722 queue_present_return_uptime_ns=2562926472472 draw_accepted=true present_signal=unavailable attribution=input
10-08 15:53:28.319  4441  4441 I SpinonBootstrap: SPINON_R05_PRESENT_FLUSH renderer=wgpu queued=true generation=1
10-08 15:53:28.319  4441  4441 I SpinonBootstrap: SPINON_R08_TOUCH count=25
10-08 15:53:28.320  4441  4508 I SpinonBootstrap: SPINON_R05_PRESENT_FLUSH requested=true renderer=wgpu generation=1
10-08 15:53:28.320  4441  4508 I SpinonBootstrap: SPINON_R05_PRESENT_BATCH renderer=wgpu generation=1 batch_seq=25 record_count=1 callback_os_tid=4508 callback_thread_id=55 registering_thread_os_tid=4441 queue_depth=0 rejected_callback_batches=0 rejected_flush_tasks=0 callback_uptime_ns=2562927807638 attribution=unmatched
10-08 15:53:28.320  4441  4508 I SpinonBootstrap: SPINON_R05_PRESENT renderer=wgpu signal=SurfaceView_JankData generation=1 current_generation=1 current_surface=true batch_seq=25 record_index=0 callback_os_tid=4508 callback_thread_id=55 registering_thread_os_tid=4441 queue_depth=0 vsync_id=-1 present_time_ns=-1 present_state=unknown jank_type=0 actual_app_frame_ns=0 scheduled_app_frame_ns=0 callback_uptime_ns=2562927807638 frame_id=unmatched revision=unmatched attribution=unmatched
10-08 15:53:28.717  4441  4441 I SpinonBootstrap: SPINON_R05_INPUT renderer=wgpu input_seq=26 phase=ACTION_UP timestamp_precision=nanosecond_representation input_source=unknown handler_clock_resolution=nanosecond_api event_time_ns=2563322000000 handler_uptime_ns=2563324695763 generation=1
10-08 15:53:28.721  4441  4441 I SpinonBootstrap: SPINON_R05_SUBMIT renderer=wgpu input_seq=26 revision=26 generation=1 event_time_ns=2563322000000 handler_uptime_ns=2563324876930 queue_present_return_uptime_ns=2563329155930 draw_accepted=true present_signal=unavailable attribution=input
10-08 15:53:28.721  4441  4441 I SpinonBootstrap: SPINON_R05_PRESENT_FLUSH renderer=wgpu queued=true generation=1
10-08 15:53:28.722  4441  4508 I SpinonBootstrap: SPINON_R05_PRESENT_FLUSH requested=true renderer=wgpu generation=1
10-08 15:53:28.722  4441  4441 I SpinonBootstrap: SPINON_R08_TOUCH count=26
10-08 15:53:28.723  4441  4508 I SpinonBootstrap: SPINON_R05_PRESENT_BATCH renderer=wgpu generation=1 batch_seq=26 record_count=1 callback_os_tid=4508 callback_thread_id=55 registering_thread_os_tid=4441 queue_depth=0 rejected_callback_batches=0 rejected_flush_tasks=0 callback_uptime_ns=2563330631263 attribution=unmatched
10-08 15:53:28.723  4441  4508 I SpinonBootstrap: SPINON_R05_PRESENT renderer=wgpu signal=SurfaceView_JankData generation=1 current_generation=1 current_surface=true batch_seq=26 record_index=0 callback_os_tid=4508 callback_thread_id=55 registering_thread_os_tid=4441 queue_depth=0 vsync_id=-1 present_time_ns=-1 present_state=unknown jank_type=0 actual_app_frame_ns=0 scheduled_app_frame_ns=0 callback_uptime_ns=2563330631263 frame_id=unmatched revision=unmatched attribution=unmatched
10-08 15:53:29.108  4441  4441 I SpinonBootstrap: SPINON_R05_INPUT renderer=wgpu input_seq=27 phase=ACTION_UP timestamp_precision=nanosecond_representation input_source=unknown handler_clock_resolution=nanosecond_api event_time_ns=2563715000000 handler_uptime_ns=2563716418555 generation=1
10-08 15:53:29.112  4441  4441 I SpinonBootstrap: SPINON_R05_SUBMIT renderer=wgpu input_seq=27 revision=27 generation=1 event_time_ns=2563715000000 handler_uptime_ns=2563716568055 queue_present_return_uptime_ns=2563720293972 draw_accepted=true present_signal=unavailable attribution=input
10-08 15:53:29.112  4441  4441 I SpinonBootstrap: SPINON_R05_PRESENT_FLUSH renderer=wgpu queued=true generation=1
10-08 15:53:29.113  4441  4508 I SpinonBootstrap: SPINON_R05_PRESENT_FLUSH requested=true renderer=wgpu generation=1
10-08 15:53:29.113  4441  4441 I SpinonBootstrap: SPINON_R08_TOUCH count=27
10-08 15:53:29.113  4441  4508 I SpinonBootstrap: SPINON_R05_PRESENT_BATCH renderer=wgpu generation=1 batch_seq=27 record_count=1 callback_os_tid=4508 callback_thread_id=55 registering_thread_os_tid=4441 queue_depth=0 rejected_callback_batches=0 rejected_flush_tasks=0 callback_uptime_ns=2563721458014 attribution=unmatched
10-08 15:53:29.114  4441  4508 I SpinonBootstrap: SPINON_R05_PRESENT renderer=wgpu signal=SurfaceView_JankData generation=1 current_generation=1 current_surface=true batch_seq=27 record_index=0 callback_os_tid=4508 callback_thread_id=55 registering_thread_os_tid=4441 queue_depth=0 vsync_id=-1 present_time_ns=-1 present_state=unknown jank_type=0 actual_app_frame_ns=0 scheduled_app_frame_ns=0 callback_uptime_ns=2563721458014 frame_id=unmatched revision=unmatched attribution=unmatched
10-08 15:53:29.502  4441  4441 I SpinonBootstrap: SPINON_R05_INPUT renderer=wgpu input_seq=28 phase=ACTION_UP timestamp_precision=nanosecond_representation input_source=unknown handler_clock_resolution=nanosecond_api event_time_ns=2564108000000 handler_uptime_ns=2564109686680 generation=1
10-08 15:53:29.508  4441  4441 I SpinonBootstrap: SPINON_R05_SUBMIT renderer=wgpu input_seq=28 revision=28 generation=1 event_time_ns=2564108000000 handler_uptime_ns=2564110049264 queue_present_return_uptime_ns=2564115991847 draw_accepted=true present_signal=unavailable attribution=input
10-08 15:53:29.508  4441  4441 I SpinonBootstrap: SPINON_R05_PRESENT_FLUSH renderer=wgpu queued=true generation=1
10-08 15:53:29.510  4441  4441 I SpinonBootstrap: SPINON_R08_TOUCH count=28
10-08 15:53:29.510  4441  4508 I SpinonBootstrap: SPINON_R05_PRESENT_FLUSH requested=true renderer=wgpu generation=1
10-08 15:53:29.510  4441  4508 I SpinonBootstrap: SPINON_R05_PRESENT_BATCH renderer=wgpu generation=1 batch_seq=28 record_count=1 callback_os_tid=4508 callback_thread_id=55 registering_thread_os_tid=4441 queue_depth=0 rejected_callback_batches=0 rejected_flush_tasks=0 callback_uptime_ns=2564118071514 attribution=unmatched
10-08 15:53:29.510  4441  4508 I SpinonBootstrap: SPINON_R05_PRESENT renderer=wgpu signal=SurfaceView_JankData generation=1 current_generation=1 current_surface=true batch_seq=28 record_index=0 callback_os_tid=4508 callback_thread_id=55 registering_thread_os_tid=4441 queue_depth=0 vsync_id=-1 present_time_ns=-1 present_state=unknown jank_type=0 actual_app_frame_ns=0 scheduled_app_frame_ns=0 callback_uptime_ns=2564118071514 frame_id=unmatched revision=unmatched attribution=unmatched
10-08 15:53:29.895  4441  4441 I SpinonBootstrap: SPINON_R05_INPUT renderer=wgpu input_seq=29 phase=ACTION_UP timestamp_precision=nanosecond_representation input_source=unknown handler_clock_resolution=nanosecond_api event_time_ns=2564501000000 handler_uptime_ns=2564503354389 generation=1
10-08 15:53:29.904  4441  4441 I SpinonBootstrap: SPINON_R05_SUBMIT renderer=wgpu input_seq=29 revision=29 generation=1 event_time_ns=2564501000000 handler_uptime_ns=2564503499472 queue_present_return_uptime_ns=2564511906181 draw_accepted=true present_signal=unavailable attribution=input
10-08 15:53:29.904  4441  4441 I SpinonBootstrap: SPINON_R05_PRESENT_FLUSH renderer=wgpu queued=true generation=1
10-08 15:53:29.905  4441  4441 I SpinonBootstrap: SPINON_R08_TOUCH count=29
10-08 15:53:29.905  4441  4508 I SpinonBootstrap: SPINON_R05_PRESENT_FLUSH requested=true renderer=wgpu generation=1
10-08 15:53:29.906  4441  4508 I SpinonBootstrap: SPINON_R05_PRESENT_BATCH renderer=wgpu generation=1 batch_seq=29 record_count=1 callback_os_tid=4508 callback_thread_id=55 registering_thread_os_tid=4441 queue_depth=0 rejected_callback_batches=0 rejected_flush_tasks=0 callback_uptime_ns=2564513651764 attribution=unmatched
10-08 15:53:29.906  4441  4508 I SpinonBootstrap: SPINON_R05_PRESENT renderer=wgpu signal=SurfaceView_JankData generation=1 current_generation=1 current_surface=true batch_seq=29 record_index=0 callback_os_tid=4508 callback_thread_id=55 registering_thread_os_tid=4441 queue_depth=0 vsync_id=-1 present_time_ns=-1 present_state=unknown jank_type=0 actual_app_frame_ns=0 scheduled_app_frame_ns=0 callback_uptime_ns=2564513651764 frame_id=unmatched revision=unmatched attribution=unmatched
10-08 15:53:30.293  4441  4441 I SpinonBootstrap: SPINON_R05_INPUT renderer=wgpu input_seq=30 phase=ACTION_UP timestamp_precision=nanosecond_representation input_source=unknown handler_clock_resolution=nanosecond_api event_time_ns=2564898000000 handler_uptime_ns=2564901092222 generation=1
10-08 15:53:30.302  4441  4441 I SpinonBootstrap: SPINON_R05_SUBMIT renderer=wgpu input_seq=30 revision=30 generation=1 event_time_ns=2564898000000 handler_uptime_ns=2564901241056 queue_present_return_uptime_ns=2564909642556 draw_accepted=true present_signal=unavailable attribution=input
10-08 15:53:30.302  4441  4441 I SpinonBootstrap: SPINON_R05_PRESENT_FLUSH renderer=wgpu queued=true generation=1
10-08 15:53:30.302  4441  4441 I SpinonBootstrap: SPINON_R08_TOUCH count=30
10-08 15:53:30.302  4441  4508 I SpinonBootstrap: SPINON_R05_PRESENT_FLUSH requested=true renderer=wgpu generation=1
10-08 15:53:30.303  4441  4508 I SpinonBootstrap: SPINON_R05_PRESENT_BATCH renderer=wgpu generation=1 batch_seq=30 record_count=1 callback_os_tid=4508 callback_thread_id=55 registering_thread_os_tid=4441 queue_depth=0 rejected_callback_batches=0 rejected_flush_tasks=0 callback_uptime_ns=2564911443931 attribution=unmatched
10-08 15:53:30.304  4441  4508 I SpinonBootstrap: SPINON_R05_PRESENT renderer=wgpu signal=SurfaceView_JankData generation=1 current_generation=1 current_surface=true batch_seq=30 record_index=0 callback_os_tid=4508 callback_thread_id=55 registering_thread_os_tid=4441 queue_depth=0 vsync_id=-1 present_time_ns=-1 present_state=unknown jank_type=0 actual_app_frame_ns=0 scheduled_app_frame_ns=0 callback_uptime_ns=2564911443931 frame_id=unmatched revision=unmatched attribution=unmatched
