--------- beginning of main
10-08 15:47:49.282 29448 29448 I SpinonBootstrap: SPINON_R08_UI=ready text-input=EditText accessibility=button+EditText
10-08 15:47:49.375 29448 29448 I SpinonBootstrap: SPINON_R05_SURFACE renderer=wgpu type=SurfaceView generation=1
10-08 15:47:49.380 29448 29448 I SpinonBootstrap: SPINON_R05_SIGNAL_CAPABILITY renderer=wgpu signal=SurfaceView_JankData available=true reason=registered api=37 api_full=3700002
10-08 15:47:49.509 29448 29448 I SpinonBootstrap: SPINON_R08_WGPU=ready backend=Vulkan device=VirtualGpu name=Goldfish GFXStream (llvmpipe (LLVM 21.1.4, 128 bits)) google_display_timing_supported=false format=Rgba8Unorm color_space=Auto supported_formats=[Rgba8UnormSrgb, Rgba8Unorm, Rgba16Float, Rgb10a2Unorm]
10-08 15:47:49.509 29448 29448 I SpinonBootstrap: SPINON_R08_WGPU_SURFACE=size 1080x1920
10-08 15:47:51.164 29448 29448 I SpinonBootstrap: SPINON_R05_INPUT renderer=wgpu input_seq=1 phase=ACTION_UP timestamp_precision=nanosecond_representation input_source=unknown handler_clock_resolution=nanosecond_api event_time_ns=2225770000000 handler_uptime_ns=2225771850644 generation=1
10-08 15:47:51.203 29448 29448 I SpinonBootstrap: SPINON_R05_SUBMIT renderer=wgpu input_seq=1 revision=1 generation=1 event_time_ns=2225770000000 handler_uptime_ns=2225773200769 queue_present_return_uptime_ns=2225811095519 draw_accepted=true present_signal=unavailable attribution=input
10-08 15:47:51.203 29448 29448 I SpinonBootstrap: SPINON_R05_PRESENT_FLUSH renderer=wgpu queued=true generation=1
10-08 15:47:51.204 29448 29511 I SpinonBootstrap: SPINON_R05_PRESENT_FLUSH requested=true renderer=wgpu generation=1
10-08 15:47:51.204 29448 29511 I SpinonBootstrap: SPINON_R05_PRESENT_BATCH renderer=wgpu generation=1 batch_seq=1 record_count=2 callback_tid=56 queue_depth=0 rejected_callback_batches=0 rejected_flush_tasks=0 callback_uptime_ns=2225812156102 attribution=unmatched
10-08 15:47:51.204 29448 29448 I SpinonBootstrap: SPINON_R08_TOUCH count=1
10-08 15:47:51.204 29448 29511 I SpinonBootstrap: SPINON_R05_PRESENT renderer=wgpu signal=SurfaceView_JankData generation=1 current_generation=1 current_surface=true batch_seq=1 record_index=0 callback_tid=56 queue_depth=0 vsync_id=-1 present_time_ns=-1 present_state=unknown jank_type=0 actual_app_frame_ns=0 scheduled_app_frame_ns=0 callback_uptime_ns=2225812156102 frame_id=unmatched revision=unmatched attribution=unmatched
10-08 15:47:51.205 29448 29511 I SpinonBootstrap: SPINON_R05_PRESENT renderer=wgpu signal=SurfaceView_JankData generation=1 current_generation=1 current_surface=true batch_seq=1 record_index=1 callback_tid=56 queue_depth=0 vsync_id=62815 present_time_ns=-1 present_state=unknown jank_type=2 actual_app_frame_ns=210096438 scheduled_app_frame_ns=16666666 callback_uptime_ns=2225812156102 frame_id=unmatched revision=unmatched attribution=unmatched
10-08 15:47:51.574 29448 29448 I SpinonBootstrap: SPINON_R05_INPUT renderer=wgpu input_seq=2 phase=ACTION_UP timestamp_precision=nanosecond_representation input_source=unknown handler_clock_resolution=nanosecond_api event_time_ns=2226181000000 handler_uptime_ns=2226182424394 generation=1
10-08 15:47:51.584 29448 29448 I SpinonBootstrap: SPINON_R05_SUBMIT renderer=wgpu input_seq=2 revision=2 generation=1 event_time_ns=2226181000000 handler_uptime_ns=2226182645644 queue_present_return_uptime_ns=2226191620061 draw_accepted=true present_signal=unavailable attribution=input
10-08 15:47:51.584 29448 29511 I SpinonBootstrap: SPINON_R05_PRESENT_FLUSH requested=true renderer=wgpu generation=1
10-08 15:47:51.584 29448 29448 I SpinonBootstrap: SPINON_R05_PRESENT_FLUSH renderer=wgpu queued=true generation=1
10-08 15:47:51.584 29448 29448 I SpinonBootstrap: SPINON_R08_TOUCH count=2
10-08 15:47:51.585 29448 29511 I SpinonBootstrap: SPINON_R05_PRESENT_BATCH renderer=wgpu generation=1 batch_seq=2 record_count=1 callback_tid=56 queue_depth=0 rejected_callback_batches=0 rejected_flush_tasks=0 callback_uptime_ns=2226192614728 attribution=unmatched
10-08 15:47:51.585 29448 29511 I SpinonBootstrap: SPINON_R05_PRESENT renderer=wgpu signal=SurfaceView_JankData generation=1 current_generation=1 current_surface=true batch_seq=2 record_index=0 callback_tid=56 queue_depth=0 vsync_id=-1 present_time_ns=-1 present_state=unknown jank_type=0 actual_app_frame_ns=0 scheduled_app_frame_ns=0 callback_uptime_ns=2226192614728 frame_id=unmatched revision=unmatched attribution=unmatched
10-08 15:47:51.958 29448 29448 I SpinonBootstrap: SPINON_R05_INPUT renderer=wgpu input_seq=3 phase=ACTION_UP timestamp_precision=nanosecond_representation input_source=unknown handler_clock_resolution=nanosecond_api event_time_ns=2226565000000 handler_uptime_ns=2226566031436 generation=1
10-08 15:47:51.961 29448 29448 I SpinonBootstrap: SPINON_R05_SUBMIT renderer=wgpu input_seq=3 revision=3 generation=1 event_time_ns=2226565000000 handler_uptime_ns=2226566093144 queue_present_return_uptime_ns=2226568562769 draw_accepted=true present_signal=unavailable attribution=input
10-08 15:47:51.961 29448 29448 I SpinonBootstrap: SPINON_R05_PRESENT_FLUSH renderer=wgpu queued=true generation=1
10-08 15:47:51.961 29448 29448 I SpinonBootstrap: SPINON_R08_TOUCH count=3
10-08 15:47:51.961 29448 29511 I SpinonBootstrap: SPINON_R05_PRESENT_FLUSH requested=true renderer=wgpu generation=1
10-08 15:47:51.962 29448 29511 I SpinonBootstrap: SPINON_R05_PRESENT_BATCH renderer=wgpu generation=1 batch_seq=3 record_count=1 callback_tid=56 queue_depth=0 rejected_callback_batches=0 rejected_flush_tasks=0 callback_uptime_ns=2226569887603 attribution=unmatched
10-08 15:47:51.962 29448 29511 I SpinonBootstrap: SPINON_R05_PRESENT renderer=wgpu signal=SurfaceView_JankData generation=1 current_generation=1 current_surface=true batch_seq=3 record_index=0 callback_tid=56 queue_depth=0 vsync_id=-1 present_time_ns=-1 present_state=unknown jank_type=0 actual_app_frame_ns=0 scheduled_app_frame_ns=0 callback_uptime_ns=2226569887603 frame_id=unmatched revision=unmatched attribution=unmatched
10-08 15:47:52.339 29448 29448 I SpinonBootstrap: SPINON_R05_INPUT renderer=wgpu input_seq=4 phase=ACTION_UP timestamp_precision=nanosecond_representation input_source=unknown handler_clock_resolution=nanosecond_api event_time_ns=2226946000000 handler_uptime_ns=2226946930645 generation=1
10-08 15:47:52.341 29448 29448 I SpinonBootstrap: SPINON_R05_SUBMIT renderer=wgpu input_seq=4 revision=4 generation=1 event_time_ns=2226946000000 handler_uptime_ns=2226947049103 queue_present_return_uptime_ns=2226948949478 draw_accepted=true present_signal=unavailable attribution=input
10-08 15:47:52.341 29448 29448 I SpinonBootstrap: SPINON_R05_PRESENT_FLUSH renderer=wgpu queued=true generation=1
10-08 15:47:52.341 29448 29511 I SpinonBootstrap: SPINON_R05_PRESENT_FLUSH requested=true renderer=wgpu generation=1
10-08 15:47:52.342 29448 29448 I SpinonBootstrap: SPINON_R08_TOUCH count=4
10-08 15:47:52.342 29448 29511 I SpinonBootstrap: SPINON_R05_PRESENT_BATCH renderer=wgpu generation=1 batch_seq=4 record_count=1 callback_tid=56 queue_depth=0 rejected_callback_batches=0 rejected_flush_tasks=0 callback_uptime_ns=2226949714561 attribution=unmatched
10-08 15:47:52.342 29448 29511 I SpinonBootstrap: SPINON_R05_PRESENT renderer=wgpu signal=SurfaceView_JankData generation=1 current_generation=1 current_surface=true batch_seq=4 record_index=0 callback_tid=56 queue_depth=0 vsync_id=-1 present_time_ns=-1 present_state=unknown jank_type=0 actual_app_frame_ns=0 scheduled_app_frame_ns=0 callback_uptime_ns=2226949714561 frame_id=unmatched revision=unmatched attribution=unmatched
10-08 15:47:52.719 29448 29448 I SpinonBootstrap: SPINON_R05_INPUT renderer=wgpu input_seq=5 phase=ACTION_UP timestamp_precision=nanosecond_representation input_source=unknown handler_clock_resolution=nanosecond_api event_time_ns=2227326000000 handler_uptime_ns=2227327121645 generation=1
10-08 15:47:52.721 29448 29448 I SpinonBootstrap: SPINON_R05_SUBMIT renderer=wgpu input_seq=5 revision=5 generation=1 event_time_ns=2227326000000 handler_uptime_ns=2227327174520 queue_present_return_uptime_ns=2227329249270 draw_accepted=true present_signal=unavailable attribution=input
10-08 15:47:52.721 29448 29448 I SpinonBootstrap: SPINON_R05_PRESENT_FLUSH renderer=wgpu queued=true generation=1
10-08 15:47:52.722 29448 29448 I SpinonBootstrap: SPINON_R08_TOUCH count=5
10-08 15:47:52.722 29448 29511 I SpinonBootstrap: SPINON_R05_PRESENT_FLUSH requested=true renderer=wgpu generation=1
10-08 15:47:52.722 29448 29511 I SpinonBootstrap: SPINON_R05_PRESENT_BATCH renderer=wgpu generation=1 batch_seq=5 record_count=1 callback_tid=56 queue_depth=0 rejected_callback_batches=0 rejected_flush_tasks=0 callback_uptime_ns=2227329930895 attribution=unmatched
10-08 15:47:52.722 29448 29511 I SpinonBootstrap: SPINON_R05_PRESENT renderer=wgpu signal=SurfaceView_JankData generation=1 current_generation=1 current_surface=true batch_seq=5 record_index=0 callback_tid=56 queue_depth=0 vsync_id=-1 present_time_ns=-1 present_state=unknown jank_type=0 actual_app_frame_ns=0 scheduled_app_frame_ns=0 callback_uptime_ns=2227329930895 frame_id=unmatched revision=unmatched attribution=unmatched
10-08 15:47:53.101 29448 29448 I SpinonBootstrap: SPINON_R05_INPUT renderer=wgpu input_seq=6 phase=ACTION_UP timestamp_precision=nanosecond_representation input_source=unknown handler_clock_resolution=nanosecond_api event_time_ns=2227707000000 handler_uptime_ns=2227708638020 generation=1
10-08 15:47:53.103 29448 29448 I SpinonBootstrap: SPINON_R05_SUBMIT renderer=wgpu input_seq=6 revision=6 generation=1 event_time_ns=2227707000000 handler_uptime_ns=2227708798228 queue_present_return_uptime_ns=2227711111562 draw_accepted=true present_signal=unavailable attribution=input
10-08 15:47:53.103 29448 29448 I SpinonBootstrap: SPINON_R05_PRESENT_FLUSH renderer=wgpu queued=true generation=1
10-08 15:47:53.103 29448 29511 I SpinonBootstrap: SPINON_R05_PRESENT_FLUSH requested=true renderer=wgpu generation=1
10-08 15:47:53.103 29448 29448 I SpinonBootstrap: SPINON_R08_TOUCH count=6
10-08 15:47:53.104 29448 29511 I SpinonBootstrap: SPINON_R05_PRESENT_BATCH renderer=wgpu generation=1 batch_seq=6 record_count=1 callback_tid=56 queue_depth=0 rejected_callback_batches=0 rejected_flush_tasks=0 callback_uptime_ns=2227711813478 attribution=unmatched
10-08 15:47:53.104 29448 29511 I SpinonBootstrap: SPINON_R05_PRESENT renderer=wgpu signal=SurfaceView_JankData generation=1 current_generation=1 current_surface=true batch_seq=6 record_index=0 callback_tid=56 queue_depth=0 vsync_id=-1 present_time_ns=-1 present_state=unknown jank_type=0 actual_app_frame_ns=0 scheduled_app_frame_ns=0 callback_uptime_ns=2227711813478 frame_id=unmatched revision=unmatched attribution=unmatched
10-08 15:47:53.481 29448 29448 I SpinonBootstrap: SPINON_R05_INPUT renderer=wgpu input_seq=7 phase=ACTION_UP timestamp_precision=nanosecond_representation input_source=unknown handler_clock_resolution=nanosecond_api event_time_ns=2228087000000 handler_uptime_ns=2228088796729 generation=1
10-08 15:47:53.483 29448 29448 I SpinonBootstrap: SPINON_R05_SUBMIT renderer=wgpu input_seq=7 revision=7 generation=1 event_time_ns=2228087000000 handler_uptime_ns=2228089108062 queue_present_return_uptime_ns=2228091156770 draw_accepted=true present_signal=unavailable attribution=input
10-08 15:47:53.483 29448 29448 I SpinonBootstrap: SPINON_R05_PRESENT_FLUSH renderer=wgpu queued=true generation=1
10-08 15:47:53.483 29448 29511 I SpinonBootstrap: SPINON_R05_PRESENT_FLUSH requested=true renderer=wgpu generation=1
10-08 15:47:53.484 29448 29511 I SpinonBootstrap: SPINON_R05_PRESENT_BATCH renderer=wgpu generation=1 batch_seq=7 record_count=1 callback_tid=56 queue_depth=0 rejected_callback_batches=0 rejected_flush_tasks=0 callback_uptime_ns=2228091707354 attribution=unmatched
10-08 15:47:53.484 29448 29511 I SpinonBootstrap: SPINON_R05_PRESENT renderer=wgpu signal=SurfaceView_JankData generation=1 current_generation=1 current_surface=true batch_seq=7 record_index=0 callback_tid=56 queue_depth=0 vsync_id=-1 present_time_ns=-1 present_state=unknown jank_type=0 actual_app_frame_ns=0 scheduled_app_frame_ns=0 callback_uptime_ns=2228091707354 frame_id=unmatched revision=unmatched attribution=unmatched
10-08 15:47:53.484 29448 29448 I SpinonBootstrap: SPINON_R08_TOUCH count=7
10-08 15:47:53.861 29448 29448 I SpinonBootstrap: SPINON_R05_INPUT renderer=wgpu input_seq=8 phase=ACTION_UP timestamp_precision=nanosecond_representation input_source=unknown handler_clock_resolution=nanosecond_api event_time_ns=2228468000000 handler_uptime_ns=2228469260645 generation=1
10-08 15:47:53.863 29448 29448 I SpinonBootstrap: SPINON_R05_SUBMIT renderer=wgpu input_seq=8 revision=8 generation=1 event_time_ns=2228468000000 handler_uptime_ns=2228469471479 queue_present_return_uptime_ns=2228471438687 draw_accepted=true present_signal=unavailable attribution=input
10-08 15:47:53.864 29448 29448 I SpinonBootstrap: SPINON_R05_PRESENT_FLUSH renderer=wgpu queued=true generation=1
10-08 15:47:53.864 29448 29511 I SpinonBootstrap: SPINON_R05_PRESENT_FLUSH requested=true renderer=wgpu generation=1
10-08 15:47:53.864 29448 29448 I SpinonBootstrap: SPINON_R08_TOUCH count=8
10-08 15:47:53.864 29448 29511 I SpinonBootstrap: SPINON_R05_PRESENT_BATCH renderer=wgpu generation=1 batch_seq=8 record_count=1 callback_tid=56 queue_depth=0 rejected_callback_batches=0 rejected_flush_tasks=0 callback_uptime_ns=2228472082104 attribution=unmatched
10-08 15:47:53.864 29448 29511 I SpinonBootstrap: SPINON_R05_PRESENT renderer=wgpu signal=SurfaceView_JankData generation=1 current_generation=1 current_surface=true batch_seq=8 record_index=0 callback_tid=56 queue_depth=0 vsync_id=-1 present_time_ns=-1 present_state=unknown jank_type=0 actual_app_frame_ns=0 scheduled_app_frame_ns=0 callback_uptime_ns=2228472082104 frame_id=unmatched revision=unmatched attribution=unmatched
10-08 15:47:54.239 29448 29448 I SpinonBootstrap: SPINON_R05_INPUT renderer=wgpu input_seq=9 phase=ACTION_UP timestamp_precision=nanosecond_representation input_source=unknown handler_clock_resolution=nanosecond_api event_time_ns=2228846000000 handler_uptime_ns=2228846984604 generation=1
10-08 15:47:54.241 29448 29448 I SpinonBootstrap: SPINON_R05_SUBMIT renderer=wgpu input_seq=9 revision=9 generation=1 event_time_ns=2228846000000 handler_uptime_ns=2228847055271 queue_present_return_uptime_ns=2228848982479 draw_accepted=true present_signal=unavailable attribution=input
10-08 15:47:54.241 29448 29448 I SpinonBootstrap: SPINON_R05_PRESENT_FLUSH renderer=wgpu queued=true generation=1
10-08 15:47:54.241 29448 29511 I SpinonBootstrap: SPINON_R05_PRESENT_FLUSH requested=true renderer=wgpu generation=1
10-08 15:47:54.241 29448 29448 I SpinonBootstrap: SPINON_R08_TOUCH count=9
10-08 15:47:54.242 29448 29511 I SpinonBootstrap: SPINON_R05_PRESENT_BATCH renderer=wgpu generation=1 batch_seq=9 record_count=1 callback_tid=56 queue_depth=0 rejected_callback_batches=0 rejected_flush_tasks=0 callback_uptime_ns=2228849687937 attribution=unmatched
10-08 15:47:54.242 29448 29511 I SpinonBootstrap: SPINON_R05_PRESENT renderer=wgpu signal=SurfaceView_JankData generation=1 current_generation=1 current_surface=true batch_seq=9 record_index=0 callback_tid=56 queue_depth=0 vsync_id=-1 present_time_ns=-1 present_state=unknown jank_type=0 actual_app_frame_ns=0 scheduled_app_frame_ns=0 callback_uptime_ns=2228849687937 frame_id=unmatched revision=unmatched attribution=unmatched
10-08 15:47:54.620 29448 29448 I SpinonBootstrap: SPINON_R05_INPUT renderer=wgpu input_seq=10 phase=ACTION_UP timestamp_precision=nanosecond_representation input_source=unknown handler_clock_resolution=nanosecond_api event_time_ns=2229227000000 handler_uptime_ns=2229228329562 generation=1
10-08 15:47:54.622 29448 29448 I SpinonBootstrap: SPINON_R05_SUBMIT renderer=wgpu input_seq=10 revision=10 generation=1 event_time_ns=2229227000000 handler_uptime_ns=2229228398062 queue_present_return_uptime_ns=2229230107604 draw_accepted=true present_signal=unavailable attribution=input
10-08 15:47:54.622 29448 29448 I SpinonBootstrap: SPINON_R05_PRESENT_FLUSH renderer=wgpu queued=true generation=1
10-08 15:47:54.622 29448 29511 I SpinonBootstrap: SPINON_R05_PRESENT_FLUSH requested=true renderer=wgpu generation=1
10-08 15:47:54.622 29448 29448 I SpinonBootstrap: SPINON_R08_TOUCH count=10
10-08 15:47:54.623 29448 29511 I SpinonBootstrap: SPINON_R05_PRESENT_BATCH renderer=wgpu generation=1 batch_seq=10 record_count=1 callback_tid=56 queue_depth=0 rejected_callback_batches=0 rejected_flush_tasks=0 callback_uptime_ns=2229230829146 attribution=unmatched
10-08 15:47:54.623 29448 29511 I SpinonBootstrap: SPINON_R05_PRESENT renderer=wgpu signal=SurfaceView_JankData generation=1 current_generation=1 current_surface=true batch_seq=10 record_index=0 callback_tid=56 queue_depth=0 vsync_id=-1 present_time_ns=-1 present_state=unknown jank_type=0 actual_app_frame_ns=0 scheduled_app_frame_ns=0 callback_uptime_ns=2229230829146 frame_id=unmatched revision=unmatched attribution=unmatched
10-08 15:47:55.000 29448 29448 I SpinonBootstrap: SPINON_R05_INPUT renderer=wgpu input_seq=11 phase=ACTION_UP timestamp_precision=nanosecond_representation input_source=unknown handler_clock_resolution=nanosecond_api event_time_ns=2229607000000 handler_uptime_ns=2229607976938 generation=1
10-08 15:47:55.003 29448 29448 I SpinonBootstrap: SPINON_R05_SUBMIT renderer=wgpu input_seq=11 revision=11 generation=1 event_time_ns=2229607000000 handler_uptime_ns=2229608286229 queue_present_return_uptime_ns=2229610717438 draw_accepted=true present_signal=unavailable attribution=input
10-08 15:47:55.003 29448 29448 I SpinonBootstrap: SPINON_R05_PRESENT_FLUSH renderer=wgpu queued=true generation=1
10-08 15:47:55.003 29448 29511 I SpinonBootstrap: SPINON_R05_PRESENT_FLUSH requested=true renderer=wgpu generation=1
10-08 15:47:55.003 29448 29448 I SpinonBootstrap: SPINON_R08_TOUCH count=11
10-08 15:47:55.004 29448 29511 I SpinonBootstrap: SPINON_R05_PRESENT_BATCH renderer=wgpu generation=1 batch_seq=11 record_count=1 callback_tid=56 queue_depth=0 rejected_callback_batches=0 rejected_flush_tasks=0 callback_uptime_ns=2229611505104 attribution=unmatched
10-08 15:47:55.004 29448 29511 I SpinonBootstrap: SPINON_R05_PRESENT renderer=wgpu signal=SurfaceView_JankData generation=1 current_generation=1 current_surface=true batch_seq=11 record_index=0 callback_tid=56 queue_depth=0 vsync_id=-1 present_time_ns=-1 present_state=unknown jank_type=0 actual_app_frame_ns=0 scheduled_app_frame_ns=0 callback_uptime_ns=2229611505104 frame_id=unmatched revision=unmatched attribution=unmatched
10-08 15:47:55.380 29448 29448 I SpinonBootstrap: SPINON_R05_INPUT renderer=wgpu input_seq=12 phase=ACTION_UP timestamp_precision=nanosecond_representation input_source=unknown handler_clock_resolution=nanosecond_api event_time_ns=2229987000000 handler_uptime_ns=2229988454188 generation=1
10-08 15:47:55.383 29448 29448 I SpinonBootstrap: SPINON_R05_SUBMIT renderer=wgpu input_seq=12 revision=12 generation=1 event_time_ns=2229987000000 handler_uptime_ns=2229988565063 queue_present_return_uptime_ns=2229990656938 draw_accepted=true present_signal=unavailable attribution=input
10-08 15:47:55.383 29448 29448 I SpinonBootstrap: SPINON_R05_PRESENT_FLUSH renderer=wgpu queued=true generation=1
10-08 15:47:55.383 29448 29511 I SpinonBootstrap: SPINON_R05_PRESENT_FLUSH requested=true renderer=wgpu generation=1
10-08 15:47:55.383 29448 29448 I SpinonBootstrap: SPINON_R08_TOUCH count=12
10-08 15:47:55.383 29448 29511 I SpinonBootstrap: SPINON_R05_PRESENT_BATCH renderer=wgpu generation=1 batch_seq=12 record_count=1 callback_tid=56 queue_depth=0 rejected_callback_batches=0 rejected_flush_tasks=0 callback_uptime_ns=2229991399438 attribution=unmatched
10-08 15:47:55.383 29448 29511 I SpinonBootstrap: SPINON_R05_PRESENT renderer=wgpu signal=SurfaceView_JankData generation=1 current_generation=1 current_surface=true batch_seq=12 record_index=0 callback_tid=56 queue_depth=0 vsync_id=-1 present_time_ns=-1 present_state=unknown jank_type=0 actual_app_frame_ns=0 scheduled_app_frame_ns=0 callback_uptime_ns=2229991399438 frame_id=unmatched revision=unmatched attribution=unmatched
10-08 15:47:55.762 29448 29448 I SpinonBootstrap: SPINON_R05_INPUT renderer=wgpu input_seq=13 phase=ACTION_UP timestamp_precision=nanosecond_representation input_source=unknown handler_clock_resolution=nanosecond_api event_time_ns=2230369000000 handler_uptime_ns=2230370231396 generation=1
10-08 15:47:55.765 29448 29448 I SpinonBootstrap: SPINON_R05_SUBMIT renderer=wgpu input_seq=13 revision=13 generation=1 event_time_ns=2230369000000 handler_uptime_ns=2230370346646 queue_present_return_uptime_ns=2230372845813 draw_accepted=true present_signal=unavailable attribution=input
10-08 15:47:55.765 29448 29448 I SpinonBootstrap: SPINON_R05_PRESENT_FLUSH renderer=wgpu queued=true generation=1
10-08 15:47:55.765 29448 29511 I SpinonBootstrap: SPINON_R05_PRESENT_FLUSH requested=true renderer=wgpu generation=1
10-08 15:47:55.766 29448 29448 I SpinonBootstrap: SPINON_R08_TOUCH count=13
10-08 15:47:55.766 29448 29511 I SpinonBootstrap: SPINON_R05_PRESENT_BATCH renderer=wgpu generation=1 batch_seq=13 record_count=1 callback_tid=56 queue_depth=0 rejected_callback_batches=0 rejected_flush_tasks=0 callback_uptime_ns=2230373776980 attribution=unmatched
10-08 15:47:55.766 29448 29511 I SpinonBootstrap: SPINON_R05_PRESENT renderer=wgpu signal=SurfaceView_JankData generation=1 current_generation=1 current_surface=true batch_seq=13 record_index=0 callback_tid=56 queue_depth=0 vsync_id=-1 present_time_ns=-1 present_state=unknown jank_type=0 actual_app_frame_ns=0 scheduled_app_frame_ns=0 callback_uptime_ns=2230373776980 frame_id=unmatched revision=unmatched attribution=unmatched
10-08 15:47:56.149 29448 29448 I SpinonBootstrap: SPINON_R05_INPUT renderer=wgpu input_seq=14 phase=ACTION_UP timestamp_precision=nanosecond_representation input_source=unknown handler_clock_resolution=nanosecond_api event_time_ns=2230756000000 handler_uptime_ns=2230757459896 generation=1
10-08 15:47:56.152 29448 29448 I SpinonBootstrap: SPINON_R05_SUBMIT renderer=wgpu input_seq=14 revision=14 generation=1 event_time_ns=2230756000000 handler_uptime_ns=2230757556480 queue_present_return_uptime_ns=2230759611813 draw_accepted=true present_signal=unavailable attribution=input
10-08 15:47:56.152 29448 29448 I SpinonBootstrap: SPINON_R05_PRESENT_FLUSH renderer=wgpu queued=true generation=1
10-08 15:47:56.152 29448 29511 I SpinonBootstrap: SPINON_R05_PRESENT_FLUSH requested=true renderer=wgpu generation=1
10-08 15:47:56.152 29448 29448 I SpinonBootstrap: SPINON_R08_TOUCH count=14
10-08 15:47:56.153 29448 29511 I SpinonBootstrap: SPINON_R05_PRESENT_BATCH renderer=wgpu generation=1 batch_seq=14 record_count=1 callback_tid=56 queue_depth=0 rejected_callback_batches=0 rejected_flush_tasks=0 callback_uptime_ns=2230760556688 attribution=unmatched
10-08 15:47:56.153 29448 29511 I SpinonBootstrap: SPINON_R05_PRESENT renderer=wgpu signal=SurfaceView_JankData generation=1 current_generation=1 current_surface=true batch_seq=14 record_index=0 callback_tid=56 queue_depth=0 vsync_id=-1 present_time_ns=-1 present_state=unknown jank_type=0 actual_app_frame_ns=0 scheduled_app_frame_ns=0 callback_uptime_ns=2230760556688 frame_id=unmatched revision=unmatched attribution=unmatched
10-08 15:47:56.533 29448 29448 I SpinonBootstrap: SPINON_R05_INPUT renderer=wgpu input_seq=15 phase=ACTION_UP timestamp_precision=nanosecond_representation input_source=unknown handler_clock_resolution=nanosecond_api event_time_ns=2231139000000 handler_uptime_ns=2231140737397 generation=1
10-08 15:47:56.535 29448 29448 I SpinonBootstrap: SPINON_R05_SUBMIT renderer=wgpu input_seq=15 revision=15 generation=1 event_time_ns=2231139000000 handler_uptime_ns=2231140842522 queue_present_return_uptime_ns=2231143115772 draw_accepted=true present_signal=unavailable attribution=input
10-08 15:47:56.535 29448 29448 I SpinonBootstrap: SPINON_R05_PRESENT_FLUSH renderer=wgpu queued=true generation=1
10-08 15:47:56.535 29448 29511 I SpinonBootstrap: SPINON_R05_PRESENT_FLUSH requested=true renderer=wgpu generation=1
10-08 15:47:56.536 29448 29448 I SpinonBootstrap: SPINON_R08_TOUCH count=15
10-08 15:47:56.536 29448 29511 I SpinonBootstrap: SPINON_R05_PRESENT_BATCH renderer=wgpu generation=1 batch_seq=15 record_count=1 callback_tid=56 queue_depth=0 rejected_callback_batches=0 rejected_flush_tasks=0 callback_uptime_ns=2231143739897 attribution=unmatched
10-08 15:47:56.536 29448 29511 I SpinonBootstrap: SPINON_R05_PRESENT renderer=wgpu signal=SurfaceView_JankData generation=1 current_generation=1 current_surface=true batch_seq=15 record_index=0 callback_tid=56 queue_depth=0 vsync_id=-1 present_time_ns=-1 present_state=unknown jank_type=0 actual_app_frame_ns=0 scheduled_app_frame_ns=0 callback_uptime_ns=2231143739897 frame_id=unmatched revision=unmatched attribution=unmatched
10-08 15:47:56.908 29448 29448 I SpinonBootstrap: SPINON_R05_INPUT renderer=wgpu input_seq=16 phase=ACTION_UP timestamp_precision=nanosecond_representation input_source=unknown handler_clock_resolution=nanosecond_api event_time_ns=2231515000000 handler_uptime_ns=2231516308522 generation=1
10-08 15:47:56.911 29448 29448 I SpinonBootstrap: SPINON_R05_SUBMIT renderer=wgpu input_seq=16 revision=16 generation=1 event_time_ns=2231515000000 handler_uptime_ns=2231516377230 queue_present_return_uptime_ns=2231518690772 draw_accepted=true present_signal=unavailable attribution=input
10-08 15:47:56.911 29448 29448 I SpinonBootstrap: SPINON_R05_PRESENT_FLUSH renderer=wgpu queued=true generation=1
10-08 15:47:56.911 29448 29511 I SpinonBootstrap: SPINON_R05_PRESENT_FLUSH requested=true renderer=wgpu generation=1
10-08 15:47:56.911 29448 29448 I SpinonBootstrap: SPINON_R08_TOUCH count=16
10-08 15:47:56.911 29448 29511 I SpinonBootstrap: SPINON_R05_PRESENT_BATCH renderer=wgpu generation=1 batch_seq=16 record_count=1 callback_tid=56 queue_depth=0 rejected_callback_batches=0 rejected_flush_tasks=0 callback_uptime_ns=2231519317939 attribution=unmatched
10-08 15:47:56.911 29448 29511 I SpinonBootstrap: SPINON_R05_PRESENT renderer=wgpu signal=SurfaceView_JankData generation=1 current_generation=1 current_surface=true batch_seq=16 record_index=0 callback_tid=56 queue_depth=0 vsync_id=-1 present_time_ns=-1 present_state=unknown jank_type=0 actual_app_frame_ns=0 scheduled_app_frame_ns=0 callback_uptime_ns=2231519317939 frame_id=unmatched revision=unmatched attribution=unmatched
10-08 15:47:57.283 29448 29448 I SpinonBootstrap: SPINON_R05_INPUT renderer=wgpu input_seq=17 phase=ACTION_UP timestamp_precision=nanosecond_representation input_source=unknown handler_clock_resolution=nanosecond_api event_time_ns=2231890000000 handler_uptime_ns=2231890854772 generation=1
10-08 15:47:57.285 29448 29448 I SpinonBootstrap: SPINON_R05_SUBMIT renderer=wgpu input_seq=17 revision=17 generation=1 event_time_ns=2231890000000 handler_uptime_ns=2231890913897 queue_present_return_uptime_ns=2231893195647 draw_accepted=true present_signal=unavailable attribution=input
10-08 15:47:57.285 29448 29448 I SpinonBootstrap: SPINON_R05_PRESENT_FLUSH renderer=wgpu queued=true generation=1
10-08 15:47:57.285 29448 29511 I SpinonBootstrap: SPINON_R05_PRESENT_FLUSH requested=true renderer=wgpu generation=1
10-08 15:47:57.286 29448 29448 I SpinonBootstrap: SPINON_R08_TOUCH count=17
10-08 15:47:57.286 29448 29511 I SpinonBootstrap: SPINON_R05_PRESENT_BATCH renderer=wgpu generation=1 batch_seq=17 record_count=1 callback_tid=56 queue_depth=0 rejected_callback_batches=0 rejected_flush_tasks=0 callback_uptime_ns=2231894096147 attribution=unmatched
10-08 15:47:57.286 29448 29511 I SpinonBootstrap: SPINON_R05_PRESENT renderer=wgpu signal=SurfaceView_JankData generation=1 current_generation=1 current_surface=true batch_seq=17 record_index=0 callback_tid=56 queue_depth=0 vsync_id=-1 present_time_ns=-1 present_state=unknown jank_type=0 actual_app_frame_ns=0 scheduled_app_frame_ns=0 callback_uptime_ns=2231894096147 frame_id=unmatched revision=unmatched attribution=unmatched
10-08 15:47:57.666 29448 29448 I SpinonBootstrap: SPINON_R05_INPUT renderer=wgpu input_seq=18 phase=ACTION_UP timestamp_precision=nanosecond_representation input_source=unknown handler_clock_resolution=nanosecond_api event_time_ns=2232273000000 handler_uptime_ns=2232273967606 generation=1
10-08 15:47:57.668 29448 29448 I SpinonBootstrap: SPINON_R05_SUBMIT renderer=wgpu input_seq=18 revision=18 generation=1 event_time_ns=2232273000000 handler_uptime_ns=2232274121689 queue_present_return_uptime_ns=2232276321064 draw_accepted=true present_signal=unavailable attribution=input
10-08 15:47:57.668 29448 29448 I SpinonBootstrap: SPINON_R05_PRESENT_FLUSH renderer=wgpu queued=true generation=1
10-08 15:47:57.669 29448 29448 I SpinonBootstrap: SPINON_R08_TOUCH count=18
10-08 15:47:57.669 29448 29511 I SpinonBootstrap: SPINON_R05_PRESENT_FLUSH requested=true renderer=wgpu generation=1
10-08 15:47:57.669 29448 29511 I SpinonBootstrap: SPINON_R05_PRESENT_BATCH renderer=wgpu generation=1 batch_seq=18 record_count=1 callback_tid=56 queue_depth=0 rejected_callback_batches=0 rejected_flush_tasks=0 callback_uptime_ns=2232277449189 attribution=unmatched
10-08 15:47:57.670 29448 29511 I SpinonBootstrap: SPINON_R05_PRESENT renderer=wgpu signal=SurfaceView_JankData generation=1 current_generation=1 current_surface=true batch_seq=18 record_index=0 callback_tid=56 queue_depth=0 vsync_id=-1 present_time_ns=-1 present_state=unknown jank_type=0 actual_app_frame_ns=0 scheduled_app_frame_ns=0 callback_uptime_ns=2232277449189 frame_id=unmatched revision=unmatched attribution=unmatched
10-08 15:47:58.047 29448 29448 I SpinonBootstrap: SPINON_R05_INPUT renderer=wgpu input_seq=19 phase=ACTION_UP timestamp_precision=nanosecond_representation input_source=unknown handler_clock_resolution=nanosecond_api event_time_ns=2232654000000 handler_uptime_ns=2232654918314 generation=1
10-08 15:47:58.049 29448 29448 I SpinonBootstrap: SPINON_R05_SUBMIT renderer=wgpu input_seq=19 revision=19 generation=1 event_time_ns=2232654000000 handler_uptime_ns=2232655046814 queue_present_return_uptime_ns=2232656828439 draw_accepted=true present_signal=unavailable attribution=input
10-08 15:47:58.049 29448 29448 I SpinonBootstrap: SPINON_R05_PRESENT_FLUSH renderer=wgpu queued=true generation=1
10-08 15:47:58.049 29448 29511 I SpinonBootstrap: SPINON_R05_PRESENT_FLUSH requested=true renderer=wgpu generation=1
10-08 15:47:58.049 29448 29511 I SpinonBootstrap: SPINON_R05_PRESENT_BATCH renderer=wgpu generation=1 batch_seq=19 record_count=1 callback_tid=56 queue_depth=0 rejected_callback_batches=0 rejected_flush_tasks=0 callback_uptime_ns=2232657338231 attribution=unmatched
10-08 15:47:58.049 29448 29511 I SpinonBootstrap: SPINON_R05_PRESENT renderer=wgpu signal=SurfaceView_JankData generation=1 current_generation=1 current_surface=true batch_seq=19 record_index=0 callback_tid=56 queue_depth=0 vsync_id=-1 present_time_ns=-1 present_state=unknown jank_type=0 actual_app_frame_ns=0 scheduled_app_frame_ns=0 callback_uptime_ns=2232657338231 frame_id=unmatched revision=unmatched attribution=unmatched
10-08 15:47:58.049 29448 29448 I SpinonBootstrap: SPINON_R08_TOUCH count=19
10-08 15:47:58.429 29448 29448 I SpinonBootstrap: SPINON_R05_INPUT renderer=wgpu input_seq=20 phase=ACTION_UP timestamp_precision=nanosecond_representation input_source=unknown handler_clock_resolution=nanosecond_api event_time_ns=2233035000000 handler_uptime_ns=2233036755564 generation=1
10-08 15:47:58.431 29448 29448 I SpinonBootstrap: SPINON_R05_SUBMIT renderer=wgpu input_seq=20 revision=20 generation=1 event_time_ns=2233035000000 handler_uptime_ns=2233036833148 queue_present_return_uptime_ns=2233038944439 draw_accepted=true present_signal=unavailable attribution=input
10-08 15:47:58.431 29448 29448 I SpinonBootstrap: SPINON_R05_PRESENT_FLUSH renderer=wgpu queued=true generation=1
10-08 15:47:58.431 29448 29448 I SpinonBootstrap: SPINON_R08_TOUCH count=20
10-08 15:47:58.432 29448 29511 I SpinonBootstrap: SPINON_R05_PRESENT_FLUSH requested=true renderer=wgpu generation=1
10-08 15:47:58.432 29448 29511 I SpinonBootstrap: SPINON_R05_PRESENT_BATCH renderer=wgpu generation=1 batch_seq=20 record_count=1 callback_tid=56 queue_depth=0 rejected_callback_batches=0 rejected_flush_tasks=0 callback_uptime_ns=2233039911898 attribution=unmatched
10-08 15:47:58.432 29448 29511 I SpinonBootstrap: SPINON_R05_PRESENT renderer=wgpu signal=SurfaceView_JankData generation=1 current_generation=1 current_surface=true batch_seq=20 record_index=0 callback_tid=56 queue_depth=0 vsync_id=-1 present_time_ns=-1 present_state=unknown jank_type=0 actual_app_frame_ns=0 scheduled_app_frame_ns=0 callback_uptime_ns=2233039911898 frame_id=unmatched revision=unmatched attribution=unmatched
10-08 15:47:58.817 29448 29448 I SpinonBootstrap: SPINON_R05_INPUT renderer=wgpu input_seq=21 phase=ACTION_UP timestamp_precision=nanosecond_representation input_source=unknown handler_clock_resolution=nanosecond_api event_time_ns=2233424000000 handler_uptime_ns=2233424986439 generation=1
10-08 15:47:58.819 29448 29448 I SpinonBootstrap: SPINON_R05_SUBMIT renderer=wgpu input_seq=21 revision=21 generation=1 event_time_ns=2233424000000 handler_uptime_ns=2233425081398 queue_present_return_uptime_ns=2233427227523 draw_accepted=true present_signal=unavailable attribution=input
10-08 15:47:58.819 29448 29448 I SpinonBootstrap: SPINON_R05_PRESENT_FLUSH renderer=wgpu queued=true generation=1
10-08 15:47:58.820 29448 29511 I SpinonBootstrap: SPINON_R05_PRESENT_FLUSH requested=true renderer=wgpu generation=1
10-08 15:47:58.820 29448 29448 I SpinonBootstrap: SPINON_R08_TOUCH count=21
10-08 15:47:58.820 29448 29511 I SpinonBootstrap: SPINON_R05_PRESENT_BATCH renderer=wgpu generation=1 batch_seq=21 record_count=1 callback_tid=56 queue_depth=0 rejected_callback_batches=0 rejected_flush_tasks=0 callback_uptime_ns=2233427842356 attribution=unmatched
10-08 15:47:58.820 29448 29511 I SpinonBootstrap: SPINON_R05_PRESENT renderer=wgpu signal=SurfaceView_JankData generation=1 current_generation=1 current_surface=true batch_seq=21 record_index=0 callback_tid=56 queue_depth=0 vsync_id=-1 present_time_ns=-1 present_state=unknown jank_type=0 actual_app_frame_ns=0 scheduled_app_frame_ns=0 callback_uptime_ns=2233427842356 frame_id=unmatched revision=unmatched attribution=unmatched
10-08 15:47:59.199 29448 29448 I SpinonBootstrap: SPINON_R05_INPUT renderer=wgpu input_seq=22 phase=ACTION_UP timestamp_precision=nanosecond_representation input_source=unknown handler_clock_resolution=nanosecond_api event_time_ns=2233806000000 handler_uptime_ns=2233806986523 generation=1
10-08 15:47:59.202 29448 29448 I SpinonBootstrap: SPINON_R05_SUBMIT renderer=wgpu input_seq=22 revision=22 generation=1 event_time_ns=2233806000000 handler_uptime_ns=2233807283523 queue_present_return_uptime_ns=2233809615023 draw_accepted=true present_signal=unavailable attribution=input
10-08 15:47:59.202 29448 29448 I SpinonBootstrap: SPINON_R05_PRESENT_FLUSH renderer=wgpu queued=true generation=1
10-08 15:47:59.202 29448 29511 I SpinonBootstrap: SPINON_R05_PRESENT_FLUSH requested=true renderer=wgpu generation=1
10-08 15:47:59.202 29448 29448 I SpinonBootstrap: SPINON_R08_TOUCH count=22
10-08 15:47:59.202 29448 29511 I SpinonBootstrap: SPINON_R05_PRESENT_BATCH renderer=wgpu generation=1 batch_seq=22 record_count=1 callback_tid=56 queue_depth=0 rejected_callback_batches=0 rejected_flush_tasks=0 callback_uptime_ns=2233810283023 attribution=unmatched
10-08 15:47:59.202 29448 29511 I SpinonBootstrap: SPINON_R05_PRESENT renderer=wgpu signal=SurfaceView_JankData generation=1 current_generation=1 current_surface=true batch_seq=22 record_index=0 callback_tid=56 queue_depth=0 vsync_id=-1 present_time_ns=-1 present_state=unknown jank_type=0 actual_app_frame_ns=0 scheduled_app_frame_ns=0 callback_uptime_ns=2233810283023 frame_id=unmatched revision=unmatched attribution=unmatched
10-08 15:47:59.582 29448 29448 I SpinonBootstrap: SPINON_R05_INPUT renderer=wgpu input_seq=23 phase=ACTION_UP timestamp_precision=nanosecond_representation input_source=unknown handler_clock_resolution=nanosecond_api event_time_ns=2234189000000 handler_uptime_ns=2234190146356 generation=1
10-08 15:47:59.584 29448 29448 I SpinonBootstrap: SPINON_R05_SUBMIT renderer=wgpu input_seq=23 revision=23 generation=1 event_time_ns=2234189000000 handler_uptime_ns=2234190228565 queue_present_return_uptime_ns=2234192131065 draw_accepted=true present_signal=unavailable attribution=input
10-08 15:47:59.584 29448 29448 I SpinonBootstrap: SPINON_R05_PRESENT_FLUSH renderer=wgpu queued=true generation=1
10-08 15:47:59.584 29448 29511 I SpinonBootstrap: SPINON_R05_PRESENT_FLUSH requested=true renderer=wgpu generation=1
10-08 15:47:59.585 29448 29448 I SpinonBootstrap: SPINON_R08_TOUCH count=23
10-08 15:47:59.585 29448 29511 I SpinonBootstrap: SPINON_R05_PRESENT_BATCH renderer=wgpu generation=1 batch_seq=23 record_count=1 callback_tid=56 queue_depth=0 rejected_callback_batches=0 rejected_flush_tasks=0 callback_uptime_ns=2234193061231 attribution=unmatched
10-08 15:47:59.585 29448 29511 I SpinonBootstrap: SPINON_R05_PRESENT renderer=wgpu signal=SurfaceView_JankData generation=1 current_generation=1 current_surface=true batch_seq=23 record_index=0 callback_tid=56 queue_depth=0 vsync_id=-1 present_time_ns=-1 present_state=unknown jank_type=0 actual_app_frame_ns=0 scheduled_app_frame_ns=0 callback_uptime_ns=2234193061231 frame_id=unmatched revision=unmatched attribution=unmatched
10-08 15:47:59.964 29448 29448 I SpinonBootstrap: SPINON_R05_INPUT renderer=wgpu input_seq=24 phase=ACTION_UP timestamp_precision=nanosecond_representation input_source=unknown handler_clock_resolution=nanosecond_api event_time_ns=2234571000000 handler_uptime_ns=2234572399398 generation=1
10-08 15:47:59.967 29448 29448 I SpinonBootstrap: SPINON_R05_SUBMIT renderer=wgpu input_seq=24 revision=24 generation=1 event_time_ns=2234571000000 handler_uptime_ns=2234572538607 queue_present_return_uptime_ns=2234574960023 draw_accepted=true present_signal=unavailable attribution=input
10-08 15:47:59.968 29448 29448 I SpinonBootstrap: SPINON_R05_PRESENT_FLUSH renderer=wgpu queued=true generation=1
10-08 15:47:59.968 29448 29511 I SpinonBootstrap: SPINON_R05_PRESENT_FLUSH requested=true renderer=wgpu generation=1
10-08 15:47:59.968 29448 29448 I SpinonBootstrap: SPINON_R08_TOUCH count=24
10-08 15:47:59.968 29448 29511 I SpinonBootstrap: SPINON_R05_PRESENT_BATCH renderer=wgpu generation=1 batch_seq=24 record_count=1 callback_tid=56 queue_depth=0 rejected_callback_batches=0 rejected_flush_tasks=0 callback_uptime_ns=2234576323982 attribution=unmatched
10-08 15:47:59.968 29448 29511 I SpinonBootstrap: SPINON_R05_PRESENT renderer=wgpu signal=SurfaceView_JankData generation=1 current_generation=1 current_surface=true batch_seq=24 record_index=0 callback_tid=56 queue_depth=0 vsync_id=-1 present_time_ns=-1 present_state=unknown jank_type=0 actual_app_frame_ns=0 scheduled_app_frame_ns=0 callback_uptime_ns=2234576323982 frame_id=unmatched revision=unmatched attribution=unmatched
10-08 15:48:00.348 29448 29448 I SpinonBootstrap: SPINON_R05_INPUT renderer=wgpu input_seq=25 phase=ACTION_UP timestamp_precision=nanosecond_representation input_source=unknown handler_clock_resolution=nanosecond_api event_time_ns=2234954000000 handler_uptime_ns=2234955786315 generation=1
10-08 15:48:00.350 29448 29448 I SpinonBootstrap: SPINON_R05_SUBMIT renderer=wgpu input_seq=25 revision=25 generation=1 event_time_ns=2234954000000 handler_uptime_ns=2234955894982 queue_present_return_uptime_ns=2234958111982 draw_accepted=true present_signal=unavailable attribution=input
10-08 15:48:00.350 29448 29448 I SpinonBootstrap: SPINON_R05_PRESENT_FLUSH renderer=wgpu queued=true generation=1
10-08 15:48:00.350 29448 29511 I SpinonBootstrap: SPINON_R05_PRESENT_FLUSH requested=true renderer=wgpu generation=1
10-08 15:48:00.351 29448 29448 I SpinonBootstrap: SPINON_R08_TOUCH count=25
10-08 15:48:00.351 29448 29511 I SpinonBootstrap: SPINON_R05_PRESENT_BATCH renderer=wgpu generation=1 batch_seq=25 record_count=1 callback_tid=56 queue_depth=0 rejected_callback_batches=0 rejected_flush_tasks=0 callback_uptime_ns=2234958622607 attribution=unmatched
10-08 15:48:00.351 29448 29511 I SpinonBootstrap: SPINON_R05_PRESENT renderer=wgpu signal=SurfaceView_JankData generation=1 current_generation=1 current_surface=true batch_seq=25 record_index=0 callback_tid=56 queue_depth=0 vsync_id=-1 present_time_ns=-1 present_state=unknown jank_type=0 actual_app_frame_ns=0 scheduled_app_frame_ns=0 callback_uptime_ns=2234958622607 frame_id=unmatched revision=unmatched attribution=unmatched
10-08 15:48:00.729 29448 29448 I SpinonBootstrap: SPINON_R05_INPUT renderer=wgpu input_seq=26 phase=ACTION_UP timestamp_precision=nanosecond_representation input_source=unknown handler_clock_resolution=nanosecond_api event_time_ns=2235335000000 handler_uptime_ns=2235336618274 generation=1
10-08 15:48:00.731 29448 29448 I SpinonBootstrap: SPINON_R05_SUBMIT renderer=wgpu input_seq=26 revision=26 generation=1 event_time_ns=2235335000000 handler_uptime_ns=2235336748482 queue_present_return_uptime_ns=2235338973482 draw_accepted=true present_signal=unavailable attribution=input
10-08 15:48:00.732 29448 29448 I SpinonBootstrap: SPINON_R05_PRESENT_FLUSH renderer=wgpu queued=true generation=1
10-08 15:48:00.732 29448 29511 I SpinonBootstrap: SPINON_R05_PRESENT_FLUSH requested=true renderer=wgpu generation=1
10-08 15:48:00.732 29448 29448 I SpinonBootstrap: SPINON_R08_TOUCH count=26
10-08 15:48:00.732 29448 29511 I SpinonBootstrap: SPINON_R05_PRESENT_BATCH renderer=wgpu generation=1 batch_seq=26 record_count=1 callback_tid=56 queue_depth=0 rejected_callback_batches=0 rejected_flush_tasks=0 callback_uptime_ns=2235340375399 attribution=unmatched
10-08 15:48:00.732 29448 29511 I SpinonBootstrap: SPINON_R05_PRESENT renderer=wgpu signal=SurfaceView_JankData generation=1 current_generation=1 current_surface=true batch_seq=26 record_index=0 callback_tid=56 queue_depth=0 vsync_id=-1 present_time_ns=-1 present_state=unknown jank_type=0 actual_app_frame_ns=0 scheduled_app_frame_ns=0 callback_uptime_ns=2235340375399 frame_id=unmatched revision=unmatched attribution=unmatched
10-08 15:48:01.118 29448 29448 I SpinonBootstrap: SPINON_R05_INPUT renderer=wgpu input_seq=27 phase=ACTION_UP timestamp_precision=nanosecond_representation input_source=unknown handler_clock_resolution=nanosecond_api event_time_ns=2235725000000 handler_uptime_ns=2235725899649 generation=1
10-08 15:48:01.120 29448 29448 I SpinonBootstrap: SPINON_R05_SUBMIT renderer=wgpu input_seq=27 revision=27 generation=1 event_time_ns=2235725000000 handler_uptime_ns=2235726262482 queue_present_return_uptime_ns=2235728129107 draw_accepted=true present_signal=unavailable attribution=input
10-08 15:48:01.120 29448 29448 I SpinonBootstrap: SPINON_R05_PRESENT_FLUSH renderer=wgpu queued=true generation=1
10-08 15:48:01.120 29448 29511 I SpinonBootstrap: SPINON_R05_PRESENT_FLUSH requested=true renderer=wgpu generation=1
10-08 15:48:01.121 29448 29511 I SpinonBootstrap: SPINON_R05_PRESENT_BATCH renderer=wgpu generation=1 batch_seq=27 record_count=1 callback_tid=56 queue_depth=0 rejected_callback_batches=0 rejected_flush_tasks=0 callback_uptime_ns=2235728798191 attribution=unmatched
10-08 15:48:01.121 29448 29511 I SpinonBootstrap: SPINON_R05_PRESENT renderer=wgpu signal=SurfaceView_JankData generation=1 current_generation=1 current_surface=true batch_seq=27 record_index=0 callback_tid=56 queue_depth=0 vsync_id=-1 present_time_ns=-1 present_state=unknown jank_type=0 actual_app_frame_ns=0 scheduled_app_frame_ns=0 callback_uptime_ns=2235728798191 frame_id=unmatched revision=unmatched attribution=unmatched
10-08 15:48:01.121 29448 29448 I SpinonBootstrap: SPINON_R08_TOUCH count=27
10-08 15:48:01.492 29448 29448 I SpinonBootstrap: SPINON_R05_INPUT renderer=wgpu input_seq=28 phase=ACTION_UP timestamp_precision=nanosecond_representation input_source=unknown handler_clock_resolution=nanosecond_api event_time_ns=2236099000000 handler_uptime_ns=2236100443649 generation=1
10-08 15:48:01.494 29448 29448 I SpinonBootstrap: SPINON_R05_SUBMIT renderer=wgpu input_seq=28 revision=28 generation=1 event_time_ns=2236099000000 handler_uptime_ns=2236100498232 queue_present_return_uptime_ns=2236102264691 draw_accepted=true present_signal=unavailable attribution=input
10-08 15:48:01.494 29448 29448 I SpinonBootstrap: SPINON_R05_PRESENT_FLUSH renderer=wgpu queued=true generation=1
10-08 15:48:01.495 29448 29511 I SpinonBootstrap: SPINON_R05_PRESENT_FLUSH requested=true renderer=wgpu generation=1
10-08 15:48:01.495 29448 29511 I SpinonBootstrap: SPINON_R05_PRESENT_BATCH renderer=wgpu generation=1 batch_seq=28 record_count=1 callback_tid=56 queue_depth=0 rejected_callback_batches=0 rejected_flush_tasks=0 callback_uptime_ns=2236102958066 attribution=unmatched
10-08 15:48:01.495 29448 29511 I SpinonBootstrap: SPINON_R05_PRESENT renderer=wgpu signal=SurfaceView_JankData generation=1 current_generation=1 current_surface=true batch_seq=28 record_index=0 callback_tid=56 queue_depth=0 vsync_id=-1 present_time_ns=-1 present_state=unknown jank_type=0 actual_app_frame_ns=0 scheduled_app_frame_ns=0 callback_uptime_ns=2236102958066 frame_id=unmatched revision=unmatched attribution=unmatched
10-08 15:48:01.495 29448 29448 I SpinonBootstrap: SPINON_R08_TOUCH count=28
10-08 15:48:01.866 29448 29448 I SpinonBootstrap: SPINON_R05_INPUT renderer=wgpu input_seq=29 phase=ACTION_UP timestamp_precision=nanosecond_representation input_source=unknown handler_clock_resolution=nanosecond_api event_time_ns=2236472000000 handler_uptime_ns=2236473732941 generation=1
10-08 15:48:01.868 29448 29448 I SpinonBootstrap: SPINON_R05_SUBMIT renderer=wgpu input_seq=29 revision=29 generation=1 event_time_ns=2236472000000 handler_uptime_ns=2236473804649 queue_present_return_uptime_ns=2236476362733 draw_accepted=true present_signal=unavailable attribution=input
10-08 15:48:01.868 29448 29448 I SpinonBootstrap: SPINON_R05_PRESENT_FLUSH renderer=wgpu queued=true generation=1
10-08 15:48:01.869 29448 29511 I SpinonBootstrap: SPINON_R05_PRESENT_FLUSH requested=true renderer=wgpu generation=1
10-08 15:48:01.869 29448 29511 I SpinonBootstrap: SPINON_R05_PRESENT_BATCH renderer=wgpu generation=1 batch_seq=29 record_count=1 callback_tid=56 queue_depth=0 rejected_callback_batches=0 rejected_flush_tasks=0 callback_uptime_ns=2236476740108 attribution=unmatched
10-08 15:48:01.869 29448 29511 I SpinonBootstrap: SPINON_R05_PRESENT renderer=wgpu signal=SurfaceView_JankData generation=1 current_generation=1 current_surface=true batch_seq=29 record_index=0 callback_tid=56 queue_depth=0 vsync_id=-1 present_time_ns=-1 present_state=unknown jank_type=0 actual_app_frame_ns=0 scheduled_app_frame_ns=0 callback_uptime_ns=2236476740108 frame_id=unmatched revision=unmatched attribution=unmatched
10-08 15:48:01.869 29448 29448 I SpinonBootstrap: SPINON_R08_TOUCH count=29
10-08 15:48:02.241 29448 29448 I SpinonBootstrap: SPINON_R05_INPUT renderer=wgpu input_seq=30 phase=ACTION_UP timestamp_precision=nanosecond_representation input_source=unknown handler_clock_resolution=nanosecond_api event_time_ns=2236848000000 handler_uptime_ns=2236848719483 generation=1
10-08 15:48:02.243 29448 29448 I SpinonBootstrap: SPINON_R05_SUBMIT renderer=wgpu input_seq=30 revision=30 generation=1 event_time_ns=2236848000000 handler_uptime_ns=2236848777608 queue_present_return_uptime_ns=2236850910399 draw_accepted=true present_signal=unavailable attribution=input
10-08 15:48:02.243 29448 29448 I SpinonBootstrap: SPINON_R05_PRESENT_FLUSH renderer=wgpu queued=true generation=1
10-08 15:48:02.243 29448 29511 I SpinonBootstrap: SPINON_R05_PRESENT_FLUSH requested=true renderer=wgpu generation=1
10-08 15:48:02.243 29448 29511 I SpinonBootstrap: SPINON_R05_PRESENT_BATCH renderer=wgpu generation=1 batch_seq=30 record_count=1 callback_tid=56 queue_depth=0 rejected_callback_batches=0 rejected_flush_tasks=0 callback_uptime_ns=2236851360191 attribution=unmatched
10-08 15:48:02.244 29448 29511 I SpinonBootstrap: SPINON_R05_PRESENT renderer=wgpu signal=SurfaceView_JankData generation=1 current_generation=1 current_surface=true batch_seq=30 record_index=0 callback_tid=56 queue_depth=0 vsync_id=-1 present_time_ns=-1 present_state=unknown jank_type=0 actual_app_frame_ns=0 scheduled_app_frame_ns=0 callback_uptime_ns=2236851360191 frame_id=unmatched revision=unmatched attribution=unmatched
10-08 15:48:02.244 29448 29448 I SpinonBootstrap: SPINON_R08_TOUCH count=30
