--------- beginning of main
10-08 15:48:49.880 30836 30836 I SpinonBootstrap: SPINON_R08_UI=ready text-input=EditText accessibility=button+EditText
10-08 15:48:50.013 30836 30836 I SpinonBootstrap: SPINON_R05_SURFACE renderer=wgpu type=SurfaceView generation=1
10-08 15:48:50.015 30836 30836 I SpinonBootstrap: SPINON_R05_SIGNAL_CAPABILITY renderer=wgpu signal=SurfaceView_JankData available=true reason=registered api=37 api_full=3700002
10-08 15:48:50.158 30836 30836 I SpinonBootstrap: SPINON_R08_WGPU=ready backend=Vulkan device=VirtualGpu name=Goldfish GFXStream (llvmpipe (LLVM 21.1.4, 128 bits)) google_display_timing_supported=false format=Rgba8Unorm color_space=Auto supported_formats=[Rgba8UnormSrgb, Rgba8Unorm, Rgba16Float, Rgb10a2Unorm]
10-08 15:48:50.159 30836 30836 I SpinonBootstrap: SPINON_R08_WGPU_SURFACE=size 1080x1920
10-08 15:48:52.090 30836 30836 I SpinonBootstrap: SPINON_R05_INPUT renderer=wgpu input_seq=1 phase=ACTION_UP timestamp_precision=nanosecond_representation input_source=unknown handler_clock_resolution=nanosecond_api event_time_ns=2286697000000 handler_uptime_ns=2286698442840 generation=1
10-08 15:48:52.101 30836 30836 I SpinonBootstrap: SPINON_R05_SUBMIT renderer=wgpu input_seq=1 revision=1 generation=1 event_time_ns=2286697000000 handler_uptime_ns=2286699545673 queue_present_return_uptime_ns=2286709062632 draw_accepted=true present_signal=unavailable attribution=input
10-08 15:48:52.128 30836 30896 I SpinonBootstrap: SPINON_R05_PRESENT_FLUSH requested=true renderer=wgpu generation=1
10-08 15:48:52.128 30836 30836 I SpinonBootstrap: SPINON_R05_PRESENT_FLUSH renderer=wgpu queued=true generation=1
10-08 15:48:52.128 30836 30896 I SpinonBootstrap: SPINON_R05_PRESENT_BATCH renderer=wgpu generation=1 batch_seq=1 record_count=2 callback_tid=56 queue_depth=0 rejected_callback_batches=0 rejected_flush_tasks=0 callback_uptime_ns=2286736355923 attribution=unmatched
10-08 15:48:52.129 30836 30896 I SpinonBootstrap: SPINON_R05_PRESENT renderer=wgpu signal=SurfaceView_JankData generation=1 current_generation=1 current_surface=true batch_seq=1 record_index=0 callback_tid=56 queue_depth=0 vsync_id=-1 present_time_ns=-1 present_state=unknown jank_type=0 actual_app_frame_ns=0 scheduled_app_frame_ns=0 callback_uptime_ns=2286736355923 frame_id=unmatched revision=unmatched attribution=unmatched
10-08 15:48:52.129 30836 30896 I SpinonBootstrap: SPINON_R05_PRESENT renderer=wgpu signal=SurfaceView_JankData generation=1 current_generation=1 current_surface=true batch_seq=1 record_index=1 callback_tid=56 queue_depth=0 vsync_id=70745 present_time_ns=-1 present_state=unknown jank_type=2 actual_app_frame_ns=246343523 scheduled_app_frame_ns=16666666 callback_uptime_ns=2286736355923 frame_id=unmatched revision=unmatched attribution=unmatched
10-08 15:48:52.129 30836 30836 I SpinonBootstrap: SPINON_R08_TOUCH count=1
10-08 15:48:52.517 30836 30836 I SpinonBootstrap: SPINON_R05_INPUT renderer=wgpu input_seq=2 phase=ACTION_UP timestamp_precision=nanosecond_representation input_source=unknown handler_clock_resolution=nanosecond_api event_time_ns=2287123000000 handler_uptime_ns=2287124477673 generation=1
10-08 15:48:52.523 30836 30836 I SpinonBootstrap: SPINON_R05_SUBMIT renderer=wgpu input_seq=2 revision=2 generation=1 event_time_ns=2287123000000 handler_uptime_ns=2287124548673 queue_present_return_uptime_ns=2287130704923 draw_accepted=true present_signal=unavailable attribution=input
10-08 15:48:52.523 30836 30836 I SpinonBootstrap: SPINON_R05_PRESENT_FLUSH renderer=wgpu queued=true generation=1
10-08 15:48:52.523 30836 30896 I SpinonBootstrap: SPINON_R05_PRESENT_FLUSH requested=true renderer=wgpu generation=1
10-08 15:48:52.523 30836 30896 I SpinonBootstrap: SPINON_R05_PRESENT_BATCH renderer=wgpu generation=1 batch_seq=2 record_count=1 callback_tid=56 queue_depth=0 rejected_callback_batches=0 rejected_flush_tasks=0 callback_uptime_ns=2287131165298 attribution=unmatched
10-08 15:48:52.523 30836 30896 I SpinonBootstrap: SPINON_R05_PRESENT renderer=wgpu signal=SurfaceView_JankData generation=1 current_generation=1 current_surface=true batch_seq=2 record_index=0 callback_tid=56 queue_depth=0 vsync_id=-1 present_time_ns=-1 present_state=unknown jank_type=0 actual_app_frame_ns=0 scheduled_app_frame_ns=0 callback_uptime_ns=2287131165298 frame_id=unmatched revision=unmatched attribution=unmatched
10-08 15:48:52.523 30836 30836 I SpinonBootstrap: SPINON_R08_TOUCH count=2
10-08 15:48:52.903 30836 30836 I SpinonBootstrap: SPINON_R05_INPUT renderer=wgpu input_seq=3 phase=ACTION_UP timestamp_precision=nanosecond_representation input_source=unknown handler_clock_resolution=nanosecond_api event_time_ns=2287509000000 handler_uptime_ns=2287510506424 generation=1
10-08 15:48:52.905 30836 30836 I SpinonBootstrap: SPINON_R05_SUBMIT renderer=wgpu input_seq=3 revision=3 generation=1 event_time_ns=2287509000000 handler_uptime_ns=2287510583965 queue_present_return_uptime_ns=2287512986549 draw_accepted=true present_signal=unavailable attribution=input
10-08 15:48:52.905 30836 30836 I SpinonBootstrap: SPINON_R05_PRESENT_FLUSH renderer=wgpu queued=true generation=1
10-08 15:48:52.905 30836 30836 I SpinonBootstrap: SPINON_R08_TOUCH count=3
10-08 15:48:52.906 30836 30896 I SpinonBootstrap: SPINON_R05_PRESENT_FLUSH requested=true renderer=wgpu generation=1
10-08 15:48:52.906 30836 30896 I SpinonBootstrap: SPINON_R05_PRESENT_BATCH renderer=wgpu generation=1 batch_seq=3 record_count=1 callback_tid=56 queue_depth=0 rejected_callback_batches=0 rejected_flush_tasks=0 callback_uptime_ns=2287513721132 attribution=unmatched
10-08 15:48:52.906 30836 30896 I SpinonBootstrap: SPINON_R05_PRESENT renderer=wgpu signal=SurfaceView_JankData generation=1 current_generation=1 current_surface=true batch_seq=3 record_index=0 callback_tid=56 queue_depth=0 vsync_id=-1 present_time_ns=-1 present_state=unknown jank_type=0 actual_app_frame_ns=0 scheduled_app_frame_ns=0 callback_uptime_ns=2287513721132 frame_id=unmatched revision=unmatched attribution=unmatched
10-08 15:48:53.283 30836 30836 I SpinonBootstrap: SPINON_R05_INPUT renderer=wgpu input_seq=4 phase=ACTION_UP timestamp_precision=nanosecond_representation input_source=unknown handler_clock_resolution=nanosecond_api event_time_ns=2287890000000 handler_uptime_ns=2287891330132 generation=1
10-08 15:48:53.286 30836 30836 I SpinonBootstrap: SPINON_R05_SUBMIT renderer=wgpu input_seq=4 revision=4 generation=1 event_time_ns=2287890000000 handler_uptime_ns=2287891389049 queue_present_return_uptime_ns=2287894243299 draw_accepted=true present_signal=unavailable attribution=input
10-08 15:48:53.286 30836 30836 I SpinonBootstrap: SPINON_R05_PRESENT_FLUSH renderer=wgpu queued=true generation=1
10-08 15:48:53.286 30836 30896 I SpinonBootstrap: SPINON_R05_PRESENT_FLUSH requested=true renderer=wgpu generation=1
10-08 15:48:53.287 30836 30836 I SpinonBootstrap: SPINON_R08_TOUCH count=4
10-08 15:48:53.287 30836 30896 I SpinonBootstrap: SPINON_R05_PRESENT_BATCH renderer=wgpu generation=1 batch_seq=4 record_count=1 callback_tid=56 queue_depth=0 rejected_callback_batches=0 rejected_flush_tasks=0 callback_uptime_ns=2287895051549 attribution=unmatched
10-08 15:48:53.287 30836 30896 I SpinonBootstrap: SPINON_R05_PRESENT renderer=wgpu signal=SurfaceView_JankData generation=1 current_generation=1 current_surface=true batch_seq=4 record_index=0 callback_tid=56 queue_depth=0 vsync_id=-1 present_time_ns=-1 present_state=unknown jank_type=0 actual_app_frame_ns=0 scheduled_app_frame_ns=0 callback_uptime_ns=2287895051549 frame_id=unmatched revision=unmatched attribution=unmatched
10-08 15:48:53.663 30836 30836 I SpinonBootstrap: SPINON_R05_INPUT renderer=wgpu input_seq=5 phase=ACTION_UP timestamp_precision=nanosecond_representation input_source=unknown handler_clock_resolution=nanosecond_api event_time_ns=2288270000000 handler_uptime_ns=2288271234257 generation=1
10-08 15:48:53.666 30836 30836 I SpinonBootstrap: SPINON_R05_SUBMIT renderer=wgpu input_seq=5 revision=5 generation=1 event_time_ns=2288270000000 handler_uptime_ns=2288271289591 queue_present_return_uptime_ns=2288273783716 draw_accepted=true present_signal=unavailable attribution=input
10-08 15:48:53.666 30836 30836 I SpinonBootstrap: SPINON_R05_PRESENT_FLUSH renderer=wgpu queued=true generation=1
10-08 15:48:53.666 30836 30896 I SpinonBootstrap: SPINON_R05_PRESENT_FLUSH requested=true renderer=wgpu generation=1
10-08 15:48:53.666 30836 30836 I SpinonBootstrap: SPINON_R08_TOUCH count=5
10-08 15:48:53.667 30836 30896 I SpinonBootstrap: SPINON_R05_PRESENT_BATCH renderer=wgpu generation=1 batch_seq=5 record_count=1 callback_tid=56 queue_depth=0 rejected_callback_batches=0 rejected_flush_tasks=0 callback_uptime_ns=2288274715716 attribution=unmatched
10-08 15:48:53.667 30836 30896 I SpinonBootstrap: SPINON_R05_PRESENT renderer=wgpu signal=SurfaceView_JankData generation=1 current_generation=1 current_surface=true batch_seq=5 record_index=0 callback_tid=56 queue_depth=0 vsync_id=-1 present_time_ns=-1 present_state=unknown jank_type=0 actual_app_frame_ns=0 scheduled_app_frame_ns=0 callback_uptime_ns=2288274715716 frame_id=unmatched revision=unmatched attribution=unmatched
10-08 15:48:54.042 30836 30836 I SpinonBootstrap: SPINON_R05_INPUT renderer=wgpu input_seq=6 phase=ACTION_UP timestamp_precision=nanosecond_representation input_source=unknown handler_clock_resolution=nanosecond_api event_time_ns=2288649000000 handler_uptime_ns=2288650084341 generation=1
10-08 15:48:54.045 30836 30836 I SpinonBootstrap: SPINON_R05_SUBMIT renderer=wgpu input_seq=6 revision=6 generation=1 event_time_ns=2288649000000 handler_uptime_ns=2288650192132 queue_present_return_uptime_ns=2288652513841 draw_accepted=true present_signal=unavailable attribution=input
10-08 15:48:54.045 30836 30836 I SpinonBootstrap: SPINON_R05_PRESENT_FLUSH renderer=wgpu queued=true generation=1
10-08 15:48:54.045 30836 30896 I SpinonBootstrap: SPINON_R05_PRESENT_FLUSH requested=true renderer=wgpu generation=1
10-08 15:48:54.045 30836 30896 I SpinonBootstrap: SPINON_R05_PRESENT_BATCH renderer=wgpu generation=1 batch_seq=6 record_count=1 callback_tid=56 queue_depth=0 rejected_callback_batches=0 rejected_flush_tasks=0 callback_uptime_ns=2288652755341 attribution=unmatched
10-08 15:48:54.045 30836 30896 I SpinonBootstrap: SPINON_R05_PRESENT renderer=wgpu signal=SurfaceView_JankData generation=1 current_generation=1 current_surface=true batch_seq=6 record_index=0 callback_tid=56 queue_depth=0 vsync_id=-1 present_time_ns=-1 present_state=unknown jank_type=0 actual_app_frame_ns=0 scheduled_app_frame_ns=0 callback_uptime_ns=2288652755341 frame_id=unmatched revision=unmatched attribution=unmatched
10-08 15:48:54.045 30836 30836 I SpinonBootstrap: SPINON_R08_TOUCH count=6
10-08 15:48:54.487 30836 30836 I SpinonBootstrap: SPINON_R05_INPUT renderer=wgpu input_seq=7 phase=ACTION_UP timestamp_precision=nanosecond_representation input_source=unknown handler_clock_resolution=nanosecond_api event_time_ns=2289091000000 handler_uptime_ns=2289094580133 generation=1
10-08 15:48:54.493 30836 30836 I SpinonBootstrap: SPINON_R05_SUBMIT renderer=wgpu input_seq=7 revision=7 generation=1 event_time_ns=2289091000000 handler_uptime_ns=2289094745174 queue_present_return_uptime_ns=2289100646674 draw_accepted=true present_signal=unavailable attribution=input
10-08 15:48:54.493 30836 30836 I SpinonBootstrap: SPINON_R05_PRESENT_FLUSH renderer=wgpu queued=true generation=1
10-08 15:48:54.493 30836 30896 I SpinonBootstrap: SPINON_R05_PRESENT_FLUSH requested=true renderer=wgpu generation=1
10-08 15:48:54.493 30836 30896 I SpinonBootstrap: SPINON_R05_PRESENT_BATCH renderer=wgpu generation=1 batch_seq=7 record_count=1 callback_tid=56 queue_depth=0 rejected_callback_batches=0 rejected_flush_tasks=0 callback_uptime_ns=2289101176674 attribution=unmatched
10-08 15:48:54.493 30836 30896 I SpinonBootstrap: SPINON_R05_PRESENT renderer=wgpu signal=SurfaceView_JankData generation=1 current_generation=1 current_surface=true batch_seq=7 record_index=0 callback_tid=56 queue_depth=0 vsync_id=-1 present_time_ns=-1 present_state=unknown jank_type=0 actual_app_frame_ns=0 scheduled_app_frame_ns=0 callback_uptime_ns=2289101176674 frame_id=unmatched revision=unmatched attribution=unmatched
10-08 15:48:54.494 30836 30836 I SpinonBootstrap: SPINON_R08_TOUCH count=7
10-08 15:48:54.874 30836 30836 I SpinonBootstrap: SPINON_R05_INPUT renderer=wgpu input_seq=8 phase=ACTION_UP timestamp_precision=nanosecond_representation input_source=unknown handler_clock_resolution=nanosecond_api event_time_ns=2289480000000 handler_uptime_ns=2289481775799 generation=1
10-08 15:48:54.876 30836 30836 I SpinonBootstrap: SPINON_R05_SUBMIT renderer=wgpu input_seq=8 revision=8 generation=1 event_time_ns=2289480000000 handler_uptime_ns=2289481869091 queue_present_return_uptime_ns=2289484197174 draw_accepted=true present_signal=unavailable attribution=input
10-08 15:48:54.876 30836 30836 I SpinonBootstrap: SPINON_R05_PRESENT_FLUSH renderer=wgpu queued=true generation=1
10-08 15:48:54.876 30836 30836 I SpinonBootstrap: SPINON_R08_TOUCH count=8
10-08 15:48:54.877 30836 30896 I SpinonBootstrap: SPINON_R05_PRESENT_FLUSH requested=true renderer=wgpu generation=1
10-08 15:48:54.877 30836 30896 I SpinonBootstrap: SPINON_R05_PRESENT_BATCH renderer=wgpu generation=1 batch_seq=8 record_count=1 callback_tid=56 queue_depth=0 rejected_callback_batches=0 rejected_flush_tasks=0 callback_uptime_ns=2289485120883 attribution=unmatched
10-08 15:48:54.877 30836 30896 I SpinonBootstrap: SPINON_R05_PRESENT renderer=wgpu signal=SurfaceView_JankData generation=1 current_generation=1 current_surface=true batch_seq=8 record_index=0 callback_tid=56 queue_depth=0 vsync_id=-1 present_time_ns=-1 present_state=unknown jank_type=0 actual_app_frame_ns=0 scheduled_app_frame_ns=0 callback_uptime_ns=2289485120883 frame_id=unmatched revision=unmatched attribution=unmatched
10-08 15:48:55.248 30836 30836 I SpinonBootstrap: SPINON_R05_INPUT renderer=wgpu input_seq=9 phase=ACTION_UP timestamp_precision=nanosecond_representation input_source=unknown handler_clock_resolution=nanosecond_api event_time_ns=2289854000000 handler_uptime_ns=2289855471925 generation=1
10-08 15:48:55.250 30836 30836 I SpinonBootstrap: SPINON_R05_SUBMIT renderer=wgpu input_seq=9 revision=9 generation=1 event_time_ns=2289854000000 handler_uptime_ns=2289855553383 queue_present_return_uptime_ns=2289858045466 draw_accepted=true present_signal=unavailable attribution=input
10-08 15:48:55.250 30836 30836 I SpinonBootstrap: SPINON_R05_PRESENT_FLUSH renderer=wgpu queued=true generation=1
10-08 15:48:55.250 30836 30896 I SpinonBootstrap: SPINON_R05_PRESENT_FLUSH requested=true renderer=wgpu generation=1
10-08 15:48:55.251 30836 30836 I SpinonBootstrap: SPINON_R08_TOUCH count=9
10-08 15:48:55.251 30836 30896 I SpinonBootstrap: SPINON_R05_PRESENT_BATCH renderer=wgpu generation=1 batch_seq=9 record_count=1 callback_tid=56 queue_depth=0 rejected_callback_batches=0 rejected_flush_tasks=0 callback_uptime_ns=2289858585841 attribution=unmatched
10-08 15:48:55.251 30836 30896 I SpinonBootstrap: SPINON_R05_PRESENT renderer=wgpu signal=SurfaceView_JankData generation=1 current_generation=1 current_surface=true batch_seq=9 record_index=0 callback_tid=56 queue_depth=0 vsync_id=-1 present_time_ns=-1 present_state=unknown jank_type=0 actual_app_frame_ns=0 scheduled_app_frame_ns=0 callback_uptime_ns=2289858585841 frame_id=unmatched revision=unmatched attribution=unmatched
10-08 15:48:55.640 30836 30836 I SpinonBootstrap: SPINON_R05_INPUT renderer=wgpu input_seq=10 phase=ACTION_UP timestamp_precision=nanosecond_representation input_source=unknown handler_clock_resolution=nanosecond_api event_time_ns=2290246000000 handler_uptime_ns=2290248246008 generation=1
10-08 15:48:55.643 30836 30836 I SpinonBootstrap: SPINON_R05_SUBMIT renderer=wgpu input_seq=10 revision=10 generation=1 event_time_ns=2290246000000 handler_uptime_ns=2290248317675 queue_present_return_uptime_ns=2290250573508 draw_accepted=true present_signal=unavailable attribution=input
10-08 15:48:55.643 30836 30836 I SpinonBootstrap: SPINON_R05_PRESENT_FLUSH renderer=wgpu queued=true generation=1
10-08 15:48:55.643 30836 30836 I SpinonBootstrap: SPINON_R08_TOUCH count=10
10-08 15:48:55.643 30836 30896 I SpinonBootstrap: SPINON_R05_PRESENT_FLUSH requested=true renderer=wgpu generation=1
10-08 15:48:55.643 30836 30896 I SpinonBootstrap: SPINON_R05_PRESENT_BATCH renderer=wgpu generation=1 batch_seq=10 record_count=1 callback_tid=56 queue_depth=0 rejected_callback_batches=0 rejected_flush_tasks=0 callback_uptime_ns=2290251161467 attribution=unmatched
10-08 15:48:55.643 30836 30896 I SpinonBootstrap: SPINON_R05_PRESENT renderer=wgpu signal=SurfaceView_JankData generation=1 current_generation=1 current_surface=true batch_seq=10 record_index=0 callback_tid=56 queue_depth=0 vsync_id=-1 present_time_ns=-1 present_state=unknown jank_type=0 actual_app_frame_ns=0 scheduled_app_frame_ns=0 callback_uptime_ns=2290251161467 frame_id=unmatched revision=unmatched attribution=unmatched
10-08 15:48:56.018 30836 30836 I SpinonBootstrap: SPINON_R05_INPUT renderer=wgpu input_seq=11 phase=ACTION_UP timestamp_precision=nanosecond_representation input_source=unknown handler_clock_resolution=nanosecond_api event_time_ns=2290625000000 handler_uptime_ns=2290625859092 generation=1
10-08 15:48:56.020 30836 30836 I SpinonBootstrap: SPINON_R05_SUBMIT renderer=wgpu input_seq=11 revision=11 generation=1 event_time_ns=2290625000000 handler_uptime_ns=2290625924133 queue_present_return_uptime_ns=2290627838383 draw_accepted=true present_signal=unavailable attribution=input
10-08 15:48:56.020 30836 30836 I SpinonBootstrap: SPINON_R05_PRESENT_FLUSH renderer=wgpu queued=true generation=1
10-08 15:48:56.020 30836 30896 I SpinonBootstrap: SPINON_R05_PRESENT_FLUSH requested=true renderer=wgpu generation=1
10-08 15:48:56.020 30836 30896 I SpinonBootstrap: SPINON_R05_PRESENT_BATCH renderer=wgpu generation=1 batch_seq=11 record_count=1 callback_tid=56 queue_depth=0 rejected_callback_batches=0 rejected_flush_tasks=0 callback_uptime_ns=2290628217633 attribution=unmatched
10-08 15:48:56.020 30836 30896 I SpinonBootstrap: SPINON_R05_PRESENT renderer=wgpu signal=SurfaceView_JankData generation=1 current_generation=1 current_surface=true batch_seq=11 record_index=0 callback_tid=56 queue_depth=0 vsync_id=-1 present_time_ns=-1 present_state=unknown jank_type=0 actual_app_frame_ns=0 scheduled_app_frame_ns=0 callback_uptime_ns=2290628217633 frame_id=unmatched revision=unmatched attribution=unmatched
10-08 15:48:56.020 30836 30836 I SpinonBootstrap: SPINON_R08_TOUCH count=11
10-08 15:48:56.399 30836 30836 I SpinonBootstrap: SPINON_R05_INPUT renderer=wgpu input_seq=12 phase=ACTION_UP timestamp_precision=nanosecond_representation input_source=unknown handler_clock_resolution=nanosecond_api event_time_ns=2291006000000 handler_uptime_ns=2291006841259 generation=1
10-08 15:48:56.401 30836 30836 I SpinonBootstrap: SPINON_R05_SUBMIT renderer=wgpu input_seq=12 revision=12 generation=1 event_time_ns=2291006000000 handler_uptime_ns=2291006893675 queue_present_return_uptime_ns=2291009324009 draw_accepted=true present_signal=unavailable attribution=input
10-08 15:48:56.401 30836 30836 I SpinonBootstrap: SPINON_R05_PRESENT_FLUSH renderer=wgpu queued=true generation=1
10-08 15:48:56.402 30836 30896 I SpinonBootstrap: SPINON_R05_PRESENT_FLUSH requested=true renderer=wgpu generation=1
10-08 15:48:56.402 30836 30836 I SpinonBootstrap: SPINON_R08_TOUCH count=12
10-08 15:48:56.402 30836 30896 I SpinonBootstrap: SPINON_R05_PRESENT_BATCH renderer=wgpu generation=1 batch_seq=12 record_count=1 callback_tid=56 queue_depth=0 rejected_callback_batches=0 rejected_flush_tasks=0 callback_uptime_ns=2291009723800 attribution=unmatched
10-08 15:48:56.402 30836 30896 I SpinonBootstrap: SPINON_R05_PRESENT renderer=wgpu signal=SurfaceView_JankData generation=1 current_generation=1 current_surface=true batch_seq=12 record_index=0 callback_tid=56 queue_depth=0 vsync_id=-1 present_time_ns=-1 present_state=unknown jank_type=0 actual_app_frame_ns=0 scheduled_app_frame_ns=0 callback_uptime_ns=2291009723800 frame_id=unmatched revision=unmatched attribution=unmatched
10-08 15:48:56.781 30836 30836 I SpinonBootstrap: SPINON_R05_INPUT renderer=wgpu input_seq=13 phase=ACTION_UP timestamp_precision=nanosecond_representation input_source=unknown handler_clock_resolution=nanosecond_api event_time_ns=2291387000000 handler_uptime_ns=2291388551759 generation=1
10-08 15:48:56.782 30836 30836 I SpinonBootstrap: SPINON_R05_SUBMIT renderer=wgpu input_seq=13 revision=13 generation=1 event_time_ns=2291387000000 handler_uptime_ns=2291388605509 queue_present_return_uptime_ns=2291390360884 draw_accepted=true present_signal=unavailable attribution=input
10-08 15:48:56.782 30836 30836 I SpinonBootstrap: SPINON_R05_PRESENT_FLUSH renderer=wgpu queued=true generation=1
10-08 15:48:56.783 30836 30896 I SpinonBootstrap: SPINON_R05_PRESENT_FLUSH requested=true renderer=wgpu generation=1
10-08 15:48:56.783 30836 30836 I SpinonBootstrap: SPINON_R08_TOUCH count=13
10-08 15:48:56.783 30836 30896 I SpinonBootstrap: SPINON_R05_PRESENT_BATCH renderer=wgpu generation=1 batch_seq=13 record_count=1 callback_tid=56 queue_depth=0 rejected_callback_batches=0 rejected_flush_tasks=0 callback_uptime_ns=2291390705425 attribution=unmatched
10-08 15:48:56.783 30836 30896 I SpinonBootstrap: SPINON_R05_PRESENT renderer=wgpu signal=SurfaceView_JankData generation=1 current_generation=1 current_surface=true batch_seq=13 record_index=0 callback_tid=56 queue_depth=0 vsync_id=-1 present_time_ns=-1 present_state=unknown jank_type=0 actual_app_frame_ns=0 scheduled_app_frame_ns=0 callback_uptime_ns=2291390705425 frame_id=unmatched revision=unmatched attribution=unmatched
10-08 15:48:57.163 30836 30836 I SpinonBootstrap: SPINON_R05_INPUT renderer=wgpu input_seq=14 phase=ACTION_UP timestamp_precision=nanosecond_representation input_source=unknown handler_clock_resolution=nanosecond_api event_time_ns=2291770000000 handler_uptime_ns=2291770911592 generation=1
10-08 15:48:57.166 30836 30836 I SpinonBootstrap: SPINON_R05_SUBMIT renderer=wgpu input_seq=14 revision=14 generation=1 event_time_ns=2291770000000 handler_uptime_ns=2291771101967 queue_present_return_uptime_ns=2291774194717 draw_accepted=true present_signal=unavailable attribution=input
10-08 15:48:57.167 30836 30836 I SpinonBootstrap: SPINON_R05_PRESENT_FLUSH renderer=wgpu queued=true generation=1
10-08 15:48:57.167 30836 30896 I SpinonBootstrap: SPINON_R05_PRESENT_FLUSH requested=true renderer=wgpu generation=1
10-08 15:48:57.167 30836 30836 I SpinonBootstrap: SPINON_R08_TOUCH count=14
10-08 15:48:57.168 30836 30896 I SpinonBootstrap: SPINON_R05_PRESENT_BATCH renderer=wgpu generation=1 batch_seq=14 record_count=1 callback_tid=56 queue_depth=0 rejected_callback_batches=0 rejected_flush_tasks=0 callback_uptime_ns=2291775535342 attribution=unmatched
10-08 15:48:57.168 30836 30896 I SpinonBootstrap: SPINON_R05_PRESENT renderer=wgpu signal=SurfaceView_JankData generation=1 current_generation=1 current_surface=true batch_seq=14 record_index=0 callback_tid=56 queue_depth=0 vsync_id=-1 present_time_ns=-1 present_state=unknown jank_type=0 actual_app_frame_ns=0 scheduled_app_frame_ns=0 callback_uptime_ns=2291775535342 frame_id=unmatched revision=unmatched attribution=unmatched
10-08 15:48:57.548 30836 30836 I SpinonBootstrap: SPINON_R05_INPUT renderer=wgpu input_seq=15 phase=ACTION_UP timestamp_precision=nanosecond_representation input_source=unknown handler_clock_resolution=nanosecond_api event_time_ns=2292154000000 handler_uptime_ns=2292156256467 generation=1
10-08 15:48:57.553 30836 30836 I SpinonBootstrap: SPINON_R05_SUBMIT renderer=wgpu input_seq=15 revision=15 generation=1 event_time_ns=2292154000000 handler_uptime_ns=2292156455592 queue_present_return_uptime_ns=2292160515176 draw_accepted=true present_signal=unavailable attribution=input
10-08 15:48:57.553 30836 30836 I SpinonBootstrap: SPINON_R05_PRESENT_FLUSH renderer=wgpu queued=true generation=1
10-08 15:48:57.553 30836 30836 I SpinonBootstrap: SPINON_R08_TOUCH count=15
10-08 15:48:57.554 30836 30896 I SpinonBootstrap: SPINON_R05_PRESENT_FLUSH requested=true renderer=wgpu generation=1
10-08 15:48:57.554 30836 30896 I SpinonBootstrap: SPINON_R05_PRESENT_BATCH renderer=wgpu generation=1 batch_seq=15 record_count=1 callback_tid=56 queue_depth=0 rejected_callback_batches=0 rejected_flush_tasks=0 callback_uptime_ns=2292162193801 attribution=unmatched
10-08 15:48:57.554 30836 30896 I SpinonBootstrap: SPINON_R05_PRESENT renderer=wgpu signal=SurfaceView_JankData generation=1 current_generation=1 current_surface=true batch_seq=15 record_index=0 callback_tid=56 queue_depth=0 vsync_id=-1 present_time_ns=-1 present_state=unknown jank_type=0 actual_app_frame_ns=0 scheduled_app_frame_ns=0 callback_uptime_ns=2292162193801 frame_id=unmatched revision=unmatched attribution=unmatched
10-08 15:48:57.928 30836 30836 I SpinonBootstrap: SPINON_R05_INPUT renderer=wgpu input_seq=16 phase=ACTION_UP timestamp_precision=nanosecond_representation input_source=unknown handler_clock_resolution=nanosecond_api event_time_ns=2292535000000 handler_uptime_ns=2292536169634 generation=1
10-08 15:48:57.931 30836 30836 I SpinonBootstrap: SPINON_R05_SUBMIT renderer=wgpu input_seq=16 revision=16 generation=1 event_time_ns=2292535000000 handler_uptime_ns=2292536318426 queue_present_return_uptime_ns=2292539042676 draw_accepted=true present_signal=unavailable attribution=input
10-08 15:48:57.931 30836 30836 I SpinonBootstrap: SPINON_R05_PRESENT_FLUSH renderer=wgpu queued=true generation=1
10-08 15:48:57.932 30836 30836 I SpinonBootstrap: SPINON_R08_TOUCH count=16
10-08 15:48:57.932 30836 30896 I SpinonBootstrap: SPINON_R05_PRESENT_FLUSH requested=true renderer=wgpu generation=1
10-08 15:48:57.941 30836 30896 I SpinonBootstrap: SPINON_R05_PRESENT_BATCH renderer=wgpu generation=1 batch_seq=16 record_count=1 callback_tid=56 queue_depth=0 rejected_callback_batches=0 rejected_flush_tasks=0 callback_uptime_ns=2292549174301 attribution=unmatched
10-08 15:48:57.941 30836 30896 I SpinonBootstrap: SPINON_R05_PRESENT renderer=wgpu signal=SurfaceView_JankData generation=1 current_generation=1 current_surface=true batch_seq=16 record_index=0 callback_tid=56 queue_depth=0 vsync_id=-1 present_time_ns=-1 present_state=unknown jank_type=0 actual_app_frame_ns=0 scheduled_app_frame_ns=0 callback_uptime_ns=2292549174301 frame_id=unmatched revision=unmatched attribution=unmatched
10-08 15:48:58.318 30836 30836 I SpinonBootstrap: SPINON_R05_INPUT renderer=wgpu input_seq=17 phase=ACTION_UP timestamp_precision=nanosecond_representation input_source=unknown handler_clock_resolution=nanosecond_api event_time_ns=2292925000000 handler_uptime_ns=2292926162426 generation=1
10-08 15:48:58.320 30836 30836 I SpinonBootstrap: SPINON_R05_SUBMIT renderer=wgpu input_seq=17 revision=17 generation=1 event_time_ns=2292925000000 handler_uptime_ns=2292926229218 queue_present_return_uptime_ns=2292928220259 draw_accepted=true present_signal=unavailable attribution=input
10-08 15:48:58.320 30836 30836 I SpinonBootstrap: SPINON_R05_PRESENT_FLUSH renderer=wgpu queued=true generation=1
10-08 15:48:58.321 30836 30896 I SpinonBootstrap: SPINON_R05_PRESENT_FLUSH requested=true renderer=wgpu generation=1
10-08 15:48:58.321 30836 30836 I SpinonBootstrap: SPINON_R08_TOUCH count=17
10-08 15:48:58.321 30836 30896 I SpinonBootstrap: SPINON_R05_PRESENT_BATCH renderer=wgpu generation=1 batch_seq=17 record_count=1 callback_tid=56 queue_depth=0 rejected_callback_batches=0 rejected_flush_tasks=0 callback_uptime_ns=2292929247134 attribution=unmatched
10-08 15:48:58.321 30836 30896 I SpinonBootstrap: SPINON_R05_PRESENT renderer=wgpu signal=SurfaceView_JankData generation=1 current_generation=1 current_surface=true batch_seq=17 record_index=0 callback_tid=56 queue_depth=0 vsync_id=-1 present_time_ns=-1 present_state=unknown jank_type=0 actual_app_frame_ns=0 scheduled_app_frame_ns=0 callback_uptime_ns=2292929247134 frame_id=unmatched revision=unmatched attribution=unmatched
10-08 15:48:58.699 30836 30836 I SpinonBootstrap: SPINON_R05_INPUT renderer=wgpu input_seq=18 phase=ACTION_UP timestamp_precision=nanosecond_representation input_source=unknown handler_clock_resolution=nanosecond_api event_time_ns=2293305000000 handler_uptime_ns=2293306542926 generation=1
10-08 15:48:58.701 30836 30836 I SpinonBootstrap: SPINON_R05_SUBMIT renderer=wgpu input_seq=18 revision=18 generation=1 event_time_ns=2293305000000 handler_uptime_ns=2293306664885 queue_present_return_uptime_ns=2293309228426 draw_accepted=true present_signal=unavailable attribution=input
10-08 15:48:58.701 30836 30836 I SpinonBootstrap: SPINON_R05_PRESENT_FLUSH renderer=wgpu queued=true generation=1
10-08 15:48:58.702 30836 30836 I SpinonBootstrap: SPINON_R08_TOUCH count=18
10-08 15:48:58.702 30836 30896 I SpinonBootstrap: SPINON_R05_PRESENT_FLUSH requested=true renderer=wgpu generation=1
10-08 15:48:58.702 30836 30896 I SpinonBootstrap: SPINON_R05_PRESENT_BATCH renderer=wgpu generation=1 batch_seq=18 record_count=1 callback_tid=56 queue_depth=0 rejected_callback_batches=0 rejected_flush_tasks=0 callback_uptime_ns=2293309756968 attribution=unmatched
10-08 15:48:58.702 30836 30896 I SpinonBootstrap: SPINON_R05_PRESENT renderer=wgpu signal=SurfaceView_JankData generation=1 current_generation=1 current_surface=true batch_seq=18 record_index=0 callback_tid=56 queue_depth=0 vsync_id=-1 present_time_ns=-1 present_state=unknown jank_type=0 actual_app_frame_ns=0 scheduled_app_frame_ns=0 callback_uptime_ns=2293309756968 frame_id=unmatched revision=unmatched attribution=unmatched
10-08 15:48:59.080 30836 30836 I SpinonBootstrap: SPINON_R05_INPUT renderer=wgpu input_seq=19 phase=ACTION_UP timestamp_precision=nanosecond_representation input_source=unknown handler_clock_resolution=nanosecond_api event_time_ns=2293687000000 handler_uptime_ns=2293687968843 generation=1
10-08 15:48:59.082 30836 30836 I SpinonBootstrap: SPINON_R05_SUBMIT renderer=wgpu input_seq=19 revision=19 generation=1 event_time_ns=2293687000000 handler_uptime_ns=2293688152676 queue_present_return_uptime_ns=2293690355760 draw_accepted=true present_signal=unavailable attribution=input
10-08 15:48:59.082 30836 30836 I SpinonBootstrap: SPINON_R05_PRESENT_FLUSH renderer=wgpu queued=true generation=1
10-08 15:48:59.083 30836 30896 I SpinonBootstrap: SPINON_R05_PRESENT_FLUSH requested=true renderer=wgpu generation=1
10-08 15:48:59.083 30836 30836 I SpinonBootstrap: SPINON_R08_TOUCH count=19
10-08 15:48:59.083 30836 30896 I SpinonBootstrap: SPINON_R05_PRESENT_BATCH renderer=wgpu generation=1 batch_seq=19 record_count=1 callback_tid=56 queue_depth=0 rejected_callback_batches=0 rejected_flush_tasks=0 callback_uptime_ns=2293690847593 attribution=unmatched
10-08 15:48:59.083 30836 30896 I SpinonBootstrap: SPINON_R05_PRESENT renderer=wgpu signal=SurfaceView_JankData generation=1 current_generation=1 current_surface=true batch_seq=19 record_index=0 callback_tid=56 queue_depth=0 vsync_id=-1 present_time_ns=-1 present_state=unknown jank_type=0 actual_app_frame_ns=0 scheduled_app_frame_ns=0 callback_uptime_ns=2293690847593 frame_id=unmatched revision=unmatched attribution=unmatched
10-08 15:48:59.456 30836 30836 I SpinonBootstrap: SPINON_R05_INPUT renderer=wgpu input_seq=20 phase=ACTION_UP timestamp_precision=nanosecond_representation input_source=unknown handler_clock_resolution=nanosecond_api event_time_ns=2294062000000 handler_uptime_ns=2294063736427 generation=1
10-08 15:48:59.458 30836 30836 I SpinonBootstrap: SPINON_R05_SUBMIT renderer=wgpu input_seq=20 revision=20 generation=1 event_time_ns=2294062000000 handler_uptime_ns=2294063890302 queue_present_return_uptime_ns=2294066288552 draw_accepted=true present_signal=unavailable attribution=input
10-08 15:48:59.458 30836 30836 I SpinonBootstrap: SPINON_R05_PRESENT_FLUSH renderer=wgpu queued=true generation=1
10-08 15:48:59.459 30836 30896 I SpinonBootstrap: SPINON_R05_PRESENT_FLUSH requested=true renderer=wgpu generation=1
10-08 15:48:59.459 30836 30836 I SpinonBootstrap: SPINON_R08_TOUCH count=20
10-08 15:48:59.459 30836 30896 I SpinonBootstrap: SPINON_R05_PRESENT_BATCH renderer=wgpu generation=1 batch_seq=20 record_count=1 callback_tid=56 queue_depth=0 rejected_callback_batches=0 rejected_flush_tasks=0 callback_uptime_ns=2294066880135 attribution=unmatched
10-08 15:48:59.459 30836 30896 I SpinonBootstrap: SPINON_R05_PRESENT renderer=wgpu signal=SurfaceView_JankData generation=1 current_generation=1 current_surface=true batch_seq=20 record_index=0 callback_tid=56 queue_depth=0 vsync_id=-1 present_time_ns=-1 present_state=unknown jank_type=0 actual_app_frame_ns=0 scheduled_app_frame_ns=0 callback_uptime_ns=2294066880135 frame_id=unmatched revision=unmatched attribution=unmatched
10-08 15:48:59.838 30836 30836 I SpinonBootstrap: SPINON_R05_INPUT renderer=wgpu input_seq=21 phase=ACTION_UP timestamp_precision=nanosecond_representation input_source=unknown handler_clock_resolution=nanosecond_api event_time_ns=2294445000000 handler_uptime_ns=2294446261135 generation=1
10-08 15:48:59.841 30836 30836 I SpinonBootstrap: SPINON_R05_SUBMIT renderer=wgpu input_seq=21 revision=21 generation=1 event_time_ns=2294445000000 handler_uptime_ns=2294446510844 queue_present_return_uptime_ns=2294448982719 draw_accepted=true present_signal=unavailable attribution=input
10-08 15:48:59.841 30836 30836 I SpinonBootstrap: SPINON_R05_PRESENT_FLUSH renderer=wgpu queued=true generation=1
10-08 15:48:59.841 30836 30836 I SpinonBootstrap: SPINON_R08_TOUCH count=21
10-08 15:48:59.841 30836 30896 I SpinonBootstrap: SPINON_R05_PRESENT_FLUSH requested=true renderer=wgpu generation=1
10-08 15:48:59.842 30836 30896 I SpinonBootstrap: SPINON_R05_PRESENT_BATCH renderer=wgpu generation=1 batch_seq=21 record_count=1 callback_tid=56 queue_depth=0 rejected_callback_batches=0 rejected_flush_tasks=0 callback_uptime_ns=2294449995302 attribution=unmatched
10-08 15:48:59.842 30836 30896 I SpinonBootstrap: SPINON_R05_PRESENT renderer=wgpu signal=SurfaceView_JankData generation=1 current_generation=1 current_surface=true batch_seq=21 record_index=0 callback_tid=56 queue_depth=0 vsync_id=-1 present_time_ns=-1 present_state=unknown jank_type=0 actual_app_frame_ns=0 scheduled_app_frame_ns=0 callback_uptime_ns=2294449995302 frame_id=unmatched revision=unmatched attribution=unmatched
10-08 15:49:00.220 30836 30836 I SpinonBootstrap: SPINON_R05_INPUT renderer=wgpu input_seq=22 phase=ACTION_UP timestamp_precision=nanosecond_representation input_source=unknown handler_clock_resolution=nanosecond_api event_time_ns=2294826000000 handler_uptime_ns=2294827880344 generation=1
10-08 15:49:00.223 30836 30836 I SpinonBootstrap: SPINON_R05_SUBMIT renderer=wgpu input_seq=22 revision=22 generation=1 event_time_ns=2294826000000 handler_uptime_ns=2294828689594 queue_present_return_uptime_ns=2294830785469 draw_accepted=true present_signal=unavailable attribution=input
10-08 15:49:00.223 30836 30836 I SpinonBootstrap: SPINON_R05_PRESENT_FLUSH renderer=wgpu queued=true generation=1
10-08 15:49:00.223 30836 30896 I SpinonBootstrap: SPINON_R05_PRESENT_FLUSH requested=true renderer=wgpu generation=1
10-08 15:49:00.224 30836 30896 I SpinonBootstrap: SPINON_R05_PRESENT_BATCH renderer=wgpu generation=1 batch_seq=22 record_count=1 callback_tid=56 queue_depth=0 rejected_callback_batches=0 rejected_flush_tasks=0 callback_uptime_ns=2294831759719 attribution=unmatched
10-08 15:49:00.224 30836 30896 I SpinonBootstrap: SPINON_R05_PRESENT renderer=wgpu signal=SurfaceView_JankData generation=1 current_generation=1 current_surface=true batch_seq=22 record_index=0 callback_tid=56 queue_depth=0 vsync_id=-1 present_time_ns=-1 present_state=unknown jank_type=0 actual_app_frame_ns=0 scheduled_app_frame_ns=0 callback_uptime_ns=2294831759719 frame_id=unmatched revision=unmatched attribution=unmatched
10-08 15:49:00.224 30836 30836 I SpinonBootstrap: SPINON_R08_TOUCH count=22
10-08 15:49:00.604 30836 30836 I SpinonBootstrap: SPINON_R05_INPUT renderer=wgpu input_seq=23 phase=ACTION_UP timestamp_precision=nanosecond_representation input_source=unknown handler_clock_resolution=nanosecond_api event_time_ns=2295211000000 handler_uptime_ns=2295211868177 generation=1
10-08 15:49:00.606 30836 30836 I SpinonBootstrap: SPINON_R05_SUBMIT renderer=wgpu input_seq=23 revision=23 generation=1 event_time_ns=2295211000000 handler_uptime_ns=2295211953969 queue_present_return_uptime_ns=2295214148719 draw_accepted=true present_signal=unavailable attribution=input
10-08 15:49:00.606 30836 30836 I SpinonBootstrap: SPINON_R05_PRESENT_FLUSH renderer=wgpu queued=true generation=1
10-08 15:49:00.606 30836 30896 I SpinonBootstrap: SPINON_R05_PRESENT_FLUSH requested=true renderer=wgpu generation=1
10-08 15:49:00.606 30836 30836 I SpinonBootstrap: SPINON_R08_TOUCH count=23
10-08 15:49:00.607 30836 30896 I SpinonBootstrap: SPINON_R05_PRESENT_BATCH renderer=wgpu generation=1 batch_seq=23 record_count=1 callback_tid=56 queue_depth=0 rejected_callback_batches=0 rejected_flush_tasks=0 callback_uptime_ns=2295214658386 attribution=unmatched
10-08 15:49:00.607 30836 30896 I SpinonBootstrap: SPINON_R05_PRESENT renderer=wgpu signal=SurfaceView_JankData generation=1 current_generation=1 current_surface=true batch_seq=23 record_index=0 callback_tid=56 queue_depth=0 vsync_id=-1 present_time_ns=-1 present_state=unknown jank_type=0 actual_app_frame_ns=0 scheduled_app_frame_ns=0 callback_uptime_ns=2295214658386 frame_id=unmatched revision=unmatched attribution=unmatched
10-08 15:49:00.983 30836 30836 I SpinonBootstrap: SPINON_R05_INPUT renderer=wgpu input_seq=24 phase=ACTION_UP timestamp_precision=nanosecond_representation input_source=unknown handler_clock_resolution=nanosecond_api event_time_ns=2295589000000 handler_uptime_ns=2295590631052 generation=1
10-08 15:49:00.985 30836 30836 I SpinonBootstrap: SPINON_R05_SUBMIT renderer=wgpu input_seq=24 revision=24 generation=1 event_time_ns=2295589000000 handler_uptime_ns=2295590702969 queue_present_return_uptime_ns=2295592841594 draw_accepted=true present_signal=unavailable attribution=input
10-08 15:49:00.985 30836 30896 I SpinonBootstrap: SPINON_R05_PRESENT_FLUSH requested=true renderer=wgpu generation=1
10-08 15:49:00.985 30836 30836 I SpinonBootstrap: SPINON_R05_PRESENT_FLUSH renderer=wgpu queued=true generation=1
10-08 15:49:00.985 30836 30836 I SpinonBootstrap: SPINON_R08_TOUCH count=24
10-08 15:49:00.985 30836 30896 I SpinonBootstrap: SPINON_R05_PRESENT_BATCH renderer=wgpu generation=1 batch_seq=24 record_count=1 callback_tid=56 queue_depth=0 rejected_callback_batches=0 rejected_flush_tasks=0 callback_uptime_ns=2295593378177 attribution=unmatched
10-08 15:49:00.985 30836 30896 I SpinonBootstrap: SPINON_R05_PRESENT renderer=wgpu signal=SurfaceView_JankData generation=1 current_generation=1 current_surface=true batch_seq=24 record_index=0 callback_tid=56 queue_depth=0 vsync_id=-1 present_time_ns=-1 present_state=unknown jank_type=0 actual_app_frame_ns=0 scheduled_app_frame_ns=0 callback_uptime_ns=2295593378177 frame_id=unmatched revision=unmatched attribution=unmatched
10-08 15:49:01.359 30836 30836 I SpinonBootstrap: SPINON_R05_INPUT renderer=wgpu input_seq=25 phase=ACTION_UP timestamp_precision=nanosecond_representation input_source=unknown handler_clock_resolution=nanosecond_api event_time_ns=2295965000000 handler_uptime_ns=2295966713428 generation=1
10-08 15:49:01.361 30836 30836 I SpinonBootstrap: SPINON_R05_SUBMIT renderer=wgpu input_seq=25 revision=25 generation=1 event_time_ns=2295965000000 handler_uptime_ns=2295966815469 queue_present_return_uptime_ns=2295968715511 draw_accepted=true present_signal=unavailable attribution=input
10-08 15:49:01.361 30836 30836 I SpinonBootstrap: SPINON_R05_PRESENT_FLUSH renderer=wgpu queued=true generation=1
10-08 15:49:01.361 30836 30896 I SpinonBootstrap: SPINON_R05_PRESENT_FLUSH requested=true renderer=wgpu generation=1
10-08 15:49:01.361 30836 30836 I SpinonBootstrap: SPINON_R08_TOUCH count=25
10-08 15:49:01.362 30836 30896 I SpinonBootstrap: SPINON_R05_PRESENT_BATCH renderer=wgpu generation=1 batch_seq=25 record_count=1 callback_tid=56 queue_depth=0 rejected_callback_batches=0 rejected_flush_tasks=0 callback_uptime_ns=2295969645344 attribution=unmatched
10-08 15:49:01.362 30836 30896 I SpinonBootstrap: SPINON_R05_PRESENT renderer=wgpu signal=SurfaceView_JankData generation=1 current_generation=1 current_surface=true batch_seq=25 record_index=0 callback_tid=56 queue_depth=0 vsync_id=-1 present_time_ns=-1 present_state=unknown jank_type=0 actual_app_frame_ns=0 scheduled_app_frame_ns=0 callback_uptime_ns=2295969645344 frame_id=unmatched revision=unmatched attribution=unmatched
10-08 15:49:01.734 30836 30836 I SpinonBootstrap: SPINON_R05_INPUT renderer=wgpu input_seq=26 phase=ACTION_UP timestamp_precision=nanosecond_representation input_source=unknown handler_clock_resolution=nanosecond_api event_time_ns=2296340000000 handler_uptime_ns=2296341537094 generation=1
10-08 15:49:01.736 30836 30836 I SpinonBootstrap: SPINON_R05_SUBMIT renderer=wgpu input_seq=26 revision=26 generation=1 event_time_ns=2296340000000 handler_uptime_ns=2296341612344 queue_present_return_uptime_ns=2296343689428 draw_accepted=true present_signal=unavailable attribution=input
10-08 15:49:01.736 30836 30836 I SpinonBootstrap: SPINON_R05_PRESENT_FLUSH renderer=wgpu queued=true generation=1
10-08 15:49:01.736 30836 30896 I SpinonBootstrap: SPINON_R05_PRESENT_FLUSH requested=true renderer=wgpu generation=1
10-08 15:49:01.736 30836 30836 I SpinonBootstrap: SPINON_R08_TOUCH count=26
10-08 15:49:01.736 30836 30896 I SpinonBootstrap: SPINON_R05_PRESENT_BATCH renderer=wgpu generation=1 batch_seq=26 record_count=1 callback_tid=56 queue_depth=0 rejected_callback_batches=0 rejected_flush_tasks=0 callback_uptime_ns=2296344408594 attribution=unmatched
10-08 15:49:01.736 30836 30896 I SpinonBootstrap: SPINON_R05_PRESENT renderer=wgpu signal=SurfaceView_JankData generation=1 current_generation=1 current_surface=true batch_seq=26 record_index=0 callback_tid=56 queue_depth=0 vsync_id=-1 present_time_ns=-1 present_state=unknown jank_type=0 actual_app_frame_ns=0 scheduled_app_frame_ns=0 callback_uptime_ns=2296344408594 frame_id=unmatched revision=unmatched attribution=unmatched
10-08 15:49:02.114 30836 30836 I SpinonBootstrap: SPINON_R05_INPUT renderer=wgpu input_seq=27 phase=ACTION_UP timestamp_precision=nanosecond_representation input_source=unknown handler_clock_resolution=nanosecond_api event_time_ns=2296720000000 handler_uptime_ns=2296721679011 generation=1
10-08 15:49:02.116 30836 30836 I SpinonBootstrap: SPINON_R05_SUBMIT renderer=wgpu input_seq=27 revision=27 generation=1 event_time_ns=2296720000000 handler_uptime_ns=2296721764136 queue_present_return_uptime_ns=2296724290970 draw_accepted=true present_signal=unavailable attribution=input
10-08 15:49:02.116 30836 30836 I SpinonBootstrap: SPINON_R05_PRESENT_FLUSH renderer=wgpu queued=true generation=1
10-08 15:49:02.117 30836 30836 I SpinonBootstrap: SPINON_R08_TOUCH count=27
10-08 15:49:02.117 30836 30896 I SpinonBootstrap: SPINON_R05_PRESENT_FLUSH requested=true renderer=wgpu generation=1
10-08 15:49:02.117 30836 30896 I SpinonBootstrap: SPINON_R05_PRESENT_BATCH renderer=wgpu generation=1 batch_seq=27 record_count=1 callback_tid=56 queue_depth=0 rejected_callback_batches=0 rejected_flush_tasks=0 callback_uptime_ns=2296724998136 attribution=unmatched
10-08 15:49:02.117 30836 30896 I SpinonBootstrap: SPINON_R05_PRESENT renderer=wgpu signal=SurfaceView_JankData generation=1 current_generation=1 current_surface=true batch_seq=27 record_index=0 callback_tid=56 queue_depth=0 vsync_id=-1 present_time_ns=-1 present_state=unknown jank_type=0 actual_app_frame_ns=0 scheduled_app_frame_ns=0 callback_uptime_ns=2296724998136 frame_id=unmatched revision=unmatched attribution=unmatched
10-08 15:49:02.494 30836 30836 I SpinonBootstrap: SPINON_R05_INPUT renderer=wgpu input_seq=28 phase=ACTION_UP timestamp_precision=nanosecond_representation input_source=unknown handler_clock_resolution=nanosecond_api event_time_ns=2297100000000 handler_uptime_ns=2297101733095 generation=1
10-08 15:49:02.496 30836 30836 I SpinonBootstrap: SPINON_R05_SUBMIT renderer=wgpu input_seq=28 revision=28 generation=1 event_time_ns=2297100000000 handler_uptime_ns=2297102061928 queue_present_return_uptime_ns=2297104426386 draw_accepted=true present_signal=unavailable attribution=input
10-08 15:49:02.497 30836 30896 I SpinonBootstrap: SPINON_R05_PRESENT_FLUSH requested=true renderer=wgpu generation=1
10-08 15:49:02.497 30836 30836 I SpinonBootstrap: SPINON_R05_PRESENT_FLUSH renderer=wgpu queued=true generation=1
10-08 15:49:02.497 30836 30896 I SpinonBootstrap: SPINON_R05_PRESENT_BATCH renderer=wgpu generation=1 batch_seq=28 record_count=1 callback_tid=56 queue_depth=0 rejected_callback_batches=0 rejected_flush_tasks=0 callback_uptime_ns=2297105097720 attribution=unmatched
10-08 15:49:02.497 30836 30896 I SpinonBootstrap: SPINON_R05_PRESENT renderer=wgpu signal=SurfaceView_JankData generation=1 current_generation=1 current_surface=true batch_seq=28 record_index=0 callback_tid=56 queue_depth=0 vsync_id=-1 present_time_ns=-1 present_state=unknown jank_type=0 actual_app_frame_ns=0 scheduled_app_frame_ns=0 callback_uptime_ns=2297105097720 frame_id=unmatched revision=unmatched attribution=unmatched
10-08 15:49:02.497 30836 30836 I SpinonBootstrap: SPINON_R08_TOUCH count=28
10-08 15:49:02.868 30836 30836 I SpinonBootstrap: SPINON_R05_INPUT renderer=wgpu input_seq=29 phase=ACTION_UP timestamp_precision=nanosecond_representation input_source=unknown handler_clock_resolution=nanosecond_api event_time_ns=2297475000000 handler_uptime_ns=2297475959762 generation=1
10-08 15:49:02.870 30836 30836 I SpinonBootstrap: SPINON_R05_SUBMIT renderer=wgpu input_seq=29 revision=29 generation=1 event_time_ns=2297475000000 handler_uptime_ns=2297476084720 queue_present_return_uptime_ns=2297477999762 draw_accepted=true present_signal=unavailable attribution=input
10-08 15:49:02.870 30836 30836 I SpinonBootstrap: SPINON_R05_PRESENT_FLUSH renderer=wgpu queued=true generation=1
10-08 15:49:02.870 30836 30896 I SpinonBootstrap: SPINON_R05_PRESENT_FLUSH requested=true renderer=wgpu generation=1
10-08 15:49:02.870 30836 30836 I SpinonBootstrap: SPINON_R08_TOUCH count=29
10-08 15:49:02.870 30836 30896 I SpinonBootstrap: SPINON_R05_PRESENT_BATCH renderer=wgpu generation=1 batch_seq=29 record_count=1 callback_tid=56 queue_depth=0 rejected_callback_batches=0 rejected_flush_tasks=0 callback_uptime_ns=2297478378720 attribution=unmatched
10-08 15:49:02.870 30836 30896 I SpinonBootstrap: SPINON_R05_PRESENT renderer=wgpu signal=SurfaceView_JankData generation=1 current_generation=1 current_surface=true batch_seq=29 record_index=0 callback_tid=56 queue_depth=0 vsync_id=-1 present_time_ns=-1 present_state=unknown jank_type=0 actual_app_frame_ns=0 scheduled_app_frame_ns=0 callback_uptime_ns=2297478378720 frame_id=unmatched revision=unmatched attribution=unmatched
10-08 15:49:03.246 30836 30836 I SpinonBootstrap: SPINON_R05_INPUT renderer=wgpu input_seq=30 phase=ACTION_UP timestamp_precision=nanosecond_representation input_source=unknown handler_clock_resolution=nanosecond_api event_time_ns=2297852000000 handler_uptime_ns=2297854038303 generation=1
10-08 15:49:03.249 30836 30836 I SpinonBootstrap: SPINON_R05_SUBMIT renderer=wgpu input_seq=30 revision=30 generation=1 event_time_ns=2297852000000 handler_uptime_ns=2297854129178 queue_present_return_uptime_ns=2297856759053 draw_accepted=true present_signal=unavailable attribution=input
10-08 15:49:03.249 30836 30836 I SpinonBootstrap: SPINON_R05_PRESENT_FLUSH renderer=wgpu queued=true generation=1
10-08 15:49:03.249 30836 30896 I SpinonBootstrap: SPINON_R05_PRESENT_FLUSH requested=true renderer=wgpu generation=1
10-08 15:49:03.250 30836 30836 I SpinonBootstrap: SPINON_R08_TOUCH count=30
10-08 15:49:03.250 30836 30896 I SpinonBootstrap: SPINON_R05_PRESENT_BATCH renderer=wgpu generation=1 batch_seq=30 record_count=1 callback_tid=56 queue_depth=0 rejected_callback_batches=0 rejected_flush_tasks=0 callback_uptime_ns=2297857651053 attribution=unmatched
10-08 15:49:03.250 30836 30896 I SpinonBootstrap: SPINON_R05_PRESENT renderer=wgpu signal=SurfaceView_JankData generation=1 current_generation=1 current_surface=true batch_seq=30 record_index=0 callback_tid=56 queue_depth=0 vsync_id=-1 present_time_ns=-1 present_state=unknown jank_type=0 actual_app_frame_ns=0 scheduled_app_frame_ns=0 callback_uptime_ns=2297857651053 frame_id=unmatched revision=unmatched attribution=unmatched
