--------- beginning of main
10-08 15:49:05.645 31185 31185 I SpinonBootstrap: SPINON_R08_UI=ready text-input=EditText accessibility=button+EditText
10-08 15:49:05.747 31185 31185 I SpinonBootstrap: SPINON_R05_SURFACE renderer=opengl_es type=GLSurfaceView generation=1
10-08 15:49:05.747 31185 31185 I SpinonBootstrap: SPINON_R05_SIGNAL_CAPABILITY renderer=opengl_es signal=SurfaceView_JankData available=true reason=registered api=37 api_full=3700002
10-08 15:49:05.748 31185 31185 I SpinonBootstrap: SPINON_R05_SURFACE_SIZE renderer=opengl_es generation=1 size=1080x1920
10-08 15:49:05.762 31185 31207 I SpinonBootstrap: SPINON_R08_SURFACE=created api=OpenGL_ES_2 renderer=Android Emulator OpenGL ES Translator (ANGLE (Google, Vulkan 1.3.0 (SwiftShader Device (LLVM 10.0.0) (0x0000C0DE)), SwiftShader driver-5.0.0)) version=OpenGL ES 3.1 (OpenGL ES 3.1.0 (ANGLE 2.1.1 git hash: fbf66f49c7cc))
10-08 15:49:05.765 31185 31207 I SpinonBootstrap: SPINON_R08_SHADER=ready
10-08 15:49:05.765 31185 31207 I SpinonBootstrap: SPINON_R08_SURFACE=size 1080x1920
10-08 15:49:05.765 31185 31207 I SpinonBootstrap: SPINON_R05_DRAW renderer=opengl_es draw_seq=1 revision=0 generation=1
10-08 15:49:05.765 31185 31207 I SpinonBootstrap: SPINON_R08_FRAME=first_draw_submitted
10-08 15:49:05.789 31185 31207 I SpinonBootstrap: SPINON_R05_DRAW renderer=opengl_es draw_seq=2 revision=0 generation=1
10-08 15:49:07.473 31185 31185 I SpinonBootstrap: SPINON_R05_INPUT renderer=opengl_es input_seq=1 phase=ACTION_UP timestamp_precision=nanosecond_representation input_source=unknown event_time_ns=2302080000000 handler_uptime_ns=2302081443556 generation=1
10-08 15:49:07.474 31185 31185 I SpinonBootstrap: SPINON_R05_SUBMIT renderer=opengl_es input_seq=1 revision=1 generation=1 event_time_ns=2302080000000 handler_uptime_ns=2302081956347 draw_requested=true draw_completed=false present_signal=unavailable attribution=input
10-08 15:49:07.474 31185 31207 I SpinonBootstrap: SPINON_R05_DRAW renderer=opengl_es draw_seq=3 revision=1 generation=1
10-08 15:49:07.474 31185 31185 I SpinonBootstrap: SPINON_R05_PRESENT_FLUSH renderer=opengl_es queued=true generation=1
10-08 15:49:07.477 31185 31242 I SpinonBootstrap: SPINON_R05_PRESENT_FLUSH requested=true renderer=opengl_es generation=1
10-08 15:49:07.477 31185 31185 I SpinonBootstrap: SPINON_R08_TOUCH count=1
10-08 15:49:07.478 31185 31242 I SpinonBootstrap: SPINON_R05_PRESENT_BATCH renderer=opengl_es generation=1 batch_seq=1 record_count=3 callback_tid=56 queue_depth=0 rejected_callback_batches=0 rejected_flush_tasks=0 callback_uptime_ns=2302085576556 attribution=unmatched
10-08 15:49:07.478 31185 31242 I SpinonBootstrap: SPINON_R05_PRESENT renderer=opengl_es signal=SurfaceView_JankData generation=1 current_generation=1 current_surface=true batch_seq=1 record_index=0 callback_tid=56 queue_depth=0 vsync_id=-1 present_time_ns=-1 present_state=unknown jank_type=0 actual_app_frame_ns=0 scheduled_app_frame_ns=0 callback_uptime_ns=2302085576556 frame_id=unmatched revision=unmatched attribution=unmatched
10-08 15:49:07.478 31185 31242 I SpinonBootstrap: SPINON_R05_PRESENT renderer=opengl_es signal=SurfaceView_JankData generation=1 current_generation=1 current_surface=true batch_seq=1 record_index=1 callback_tid=56 queue_depth=0 vsync_id=-1 present_time_ns=-1 present_state=unknown jank_type=0 actual_app_frame_ns=0 scheduled_app_frame_ns=0 callback_uptime_ns=2302085576556 frame_id=unmatched revision=unmatched attribution=unmatched
10-08 15:49:07.478 31185 31242 I SpinonBootstrap: SPINON_R05_PRESENT renderer=opengl_es signal=SurfaceView_JankData generation=1 current_generation=1 current_surface=true batch_seq=1 record_index=2 callback_tid=56 queue_depth=0 vsync_id=72790 present_time_ns=-1 present_state=unknown jank_type=2 actual_app_frame_ns=258628660 scheduled_app_frame_ns=16666666 callback_uptime_ns=2302085576556 frame_id=unmatched revision=unmatched attribution=unmatched
10-08 15:49:07.859 31185 31185 I SpinonBootstrap: SPINON_R05_INPUT renderer=opengl_es input_seq=2 phase=ACTION_UP timestamp_precision=nanosecond_representation input_source=unknown event_time_ns=2302466000000 handler_uptime_ns=2302466974681 generation=1
10-08 15:49:07.859 31185 31185 I SpinonBootstrap: SPINON_R05_SUBMIT renderer=opengl_es input_seq=2 revision=2 generation=1 event_time_ns=2302466000000 handler_uptime_ns=2302467088806 draw_requested=true draw_completed=false present_signal=unavailable attribution=input
10-08 15:49:07.859 31185 31185 I SpinonBootstrap: SPINON_R05_PRESENT_FLUSH renderer=opengl_es queued=true generation=1
10-08 15:49:07.859 31185 31242 I SpinonBootstrap: SPINON_R05_PRESENT_FLUSH requested=true renderer=opengl_es generation=1
10-08 15:49:07.859 31185 31207 I SpinonBootstrap: SPINON_R05_DRAW renderer=opengl_es draw_seq=4 revision=2 generation=1
10-08 15:49:07.860 31185 31242 I SpinonBootstrap: SPINON_R05_PRESENT_BATCH renderer=opengl_es generation=1 batch_seq=2 record_count=1 callback_tid=56 queue_depth=0 rejected_callback_batches=0 rejected_flush_tasks=0 callback_uptime_ns=2302467569181 attribution=unmatched
10-08 15:49:07.860 31185 31242 I SpinonBootstrap: SPINON_R05_PRESENT renderer=opengl_es signal=SurfaceView_JankData generation=1 current_generation=1 current_surface=true batch_seq=2 record_index=0 callback_tid=56 queue_depth=0 vsync_id=-1 present_time_ns=-1 present_state=unknown jank_type=0 actual_app_frame_ns=0 scheduled_app_frame_ns=0 callback_uptime_ns=2302467569181 frame_id=unmatched revision=unmatched attribution=unmatched
10-08 15:49:07.860 31185 31185 I SpinonBootstrap: SPINON_R08_TOUCH count=2
10-08 15:49:08.234 31185 31185 I SpinonBootstrap: SPINON_R05_INPUT renderer=opengl_es input_seq=3 phase=ACTION_UP timestamp_precision=nanosecond_representation input_source=unknown event_time_ns=2302841000000 handler_uptime_ns=2302842363973 generation=1
10-08 15:49:08.234 31185 31185 I SpinonBootstrap: SPINON_R05_SUBMIT renderer=opengl_es input_seq=3 revision=3 generation=1 event_time_ns=2302841000000 handler_uptime_ns=2302842440889 draw_requested=true draw_completed=false present_signal=unavailable attribution=input
10-08 15:49:08.234 31185 31185 I SpinonBootstrap: SPINON_R05_PRESENT_FLUSH renderer=opengl_es queued=true generation=1
10-08 15:49:08.235 31185 31242 I SpinonBootstrap: SPINON_R05_PRESENT_FLUSH requested=true renderer=opengl_es generation=1
10-08 15:49:08.235 31185 31185 I SpinonBootstrap: SPINON_R08_TOUCH count=3
10-08 15:49:08.235 31185 31242 I SpinonBootstrap: SPINON_R05_PRESENT_BATCH renderer=opengl_es generation=1 batch_seq=3 record_count=1 callback_tid=56 queue_depth=0 rejected_callback_batches=0 rejected_flush_tasks=0 callback_uptime_ns=2302843242848 attribution=unmatched
10-08 15:49:08.235 31185 31242 I SpinonBootstrap: SPINON_R05_PRESENT renderer=opengl_es signal=SurfaceView_JankData generation=1 current_generation=1 current_surface=true batch_seq=3 record_index=0 callback_tid=56 queue_depth=0 vsync_id=-1 present_time_ns=-1 present_state=unknown jank_type=0 actual_app_frame_ns=0 scheduled_app_frame_ns=0 callback_uptime_ns=2302843242848 frame_id=unmatched revision=unmatched attribution=unmatched
10-08 15:49:08.235 31185 31207 I SpinonBootstrap: SPINON_R05_DRAW renderer=opengl_es draw_seq=5 revision=3 generation=1
10-08 15:49:08.615 31185 31185 I SpinonBootstrap: SPINON_R05_INPUT renderer=opengl_es input_seq=4 phase=ACTION_UP timestamp_precision=nanosecond_representation input_source=unknown event_time_ns=2303221000000 handler_uptime_ns=2303222578848 generation=1
10-08 15:49:08.615 31185 31185 I SpinonBootstrap: SPINON_R05_SUBMIT renderer=opengl_es input_seq=4 revision=4 generation=1 event_time_ns=2303221000000 handler_uptime_ns=2303222651514 draw_requested=true draw_completed=false present_signal=unavailable attribution=input
10-08 15:49:08.615 31185 31185 I SpinonBootstrap: SPINON_R05_PRESENT_FLUSH renderer=opengl_es queued=true generation=1
10-08 15:49:08.615 31185 31207 I SpinonBootstrap: SPINON_R05_DRAW renderer=opengl_es draw_seq=6 revision=4 generation=1
10-08 15:49:08.615 31185 31242 I SpinonBootstrap: SPINON_R05_PRESENT_FLUSH requested=true renderer=opengl_es generation=1
10-08 15:49:08.615 31185 31185 I SpinonBootstrap: SPINON_R08_TOUCH count=4
10-08 15:49:08.618 31185 31242 I SpinonBootstrap: SPINON_R05_PRESENT_BATCH renderer=opengl_es generation=1 batch_seq=4 record_count=1 callback_tid=56 queue_depth=0 rejected_callback_batches=0 rejected_flush_tasks=0 callback_uptime_ns=2303226099556 attribution=unmatched
10-08 15:49:08.618 31185 31242 I SpinonBootstrap: SPINON_R05_PRESENT renderer=opengl_es signal=SurfaceView_JankData generation=1 current_generation=1 current_surface=true batch_seq=4 record_index=0 callback_tid=56 queue_depth=0 vsync_id=-1 present_time_ns=-1 present_state=unknown jank_type=0 actual_app_frame_ns=0 scheduled_app_frame_ns=0 callback_uptime_ns=2303226099556 frame_id=unmatched revision=unmatched attribution=unmatched
10-08 15:49:08.998 31185 31185 I SpinonBootstrap: SPINON_R05_INPUT renderer=opengl_es input_seq=5 phase=ACTION_UP timestamp_precision=nanosecond_representation input_source=unknown event_time_ns=2303605000000 handler_uptime_ns=2303606399973 generation=1
10-08 15:49:08.999 31185 31185 I SpinonBootstrap: SPINON_R05_SUBMIT renderer=opengl_es input_seq=5 revision=5 generation=1 event_time_ns=2303605000000 handler_uptime_ns=2303606803931 draw_requested=true draw_completed=false present_signal=unavailable attribution=input
10-08 15:49:08.999 31185 31207 I SpinonBootstrap: SPINON_R05_DRAW renderer=opengl_es draw_seq=7 revision=5 generation=1
10-08 15:49:08.999 31185 31242 I SpinonBootstrap: SPINON_R05_PRESENT_FLUSH requested=true renderer=opengl_es generation=1
10-08 15:49:09.000 31185 31242 I SpinonBootstrap: SPINON_R05_PRESENT_BATCH renderer=opengl_es generation=1 batch_seq=5 record_count=1 callback_tid=56 queue_depth=0 rejected_callback_batches=0 rejected_flush_tasks=0 callback_uptime_ns=2303607478931 attribution=unmatched
10-08 15:49:09.000 31185 31242 I SpinonBootstrap: SPINON_R05_PRESENT renderer=opengl_es signal=SurfaceView_JankData generation=1 current_generation=1 current_surface=true batch_seq=5 record_index=0 callback_tid=56 queue_depth=0 vsync_id=-1 present_time_ns=-1 present_state=unknown jank_type=0 actual_app_frame_ns=0 scheduled_app_frame_ns=0 callback_uptime_ns=2303607478931 frame_id=unmatched revision=unmatched attribution=unmatched
10-08 15:49:09.000 31185 31185 I SpinonBootstrap: SPINON_R05_PRESENT_FLUSH renderer=opengl_es queued=true generation=1
10-08 15:49:09.000 31185 31185 I SpinonBootstrap: SPINON_R08_TOUCH count=5
10-08 15:49:09.380 31185 31185 I SpinonBootstrap: SPINON_R05_INPUT renderer=opengl_es input_seq=6 phase=ACTION_UP timestamp_precision=nanosecond_representation input_source=unknown event_time_ns=2303987000000 handler_uptime_ns=2303988296223 generation=1
10-08 15:49:09.381 31185 31185 I SpinonBootstrap: SPINON_R05_SUBMIT renderer=opengl_es input_seq=6 revision=6 generation=1 event_time_ns=2303987000000 handler_uptime_ns=2303988530931 draw_requested=true draw_completed=false present_signal=unavailable attribution=input
10-08 15:49:09.381 31185 31185 I SpinonBootstrap: SPINON_R05_PRESENT_FLUSH renderer=opengl_es queued=true generation=1
10-08 15:49:09.381 31185 31207 I SpinonBootstrap: SPINON_R05_DRAW renderer=opengl_es draw_seq=8 revision=6 generation=1
10-08 15:49:09.381 31185 31185 I SpinonBootstrap: SPINON_R08_TOUCH count=6
10-08 15:49:09.381 31185 31242 I SpinonBootstrap: SPINON_R05_PRESENT_FLUSH requested=true renderer=opengl_es generation=1
10-08 15:49:09.382 31185 31242 I SpinonBootstrap: SPINON_R05_PRESENT_BATCH renderer=opengl_es generation=1 batch_seq=6 record_count=1 callback_tid=56 queue_depth=0 rejected_callback_batches=0 rejected_flush_tasks=0 callback_uptime_ns=2303989786806 attribution=unmatched
10-08 15:49:09.382 31185 31242 I SpinonBootstrap: SPINON_R05_PRESENT renderer=opengl_es signal=SurfaceView_JankData generation=1 current_generation=1 current_surface=true batch_seq=6 record_index=0 callback_tid=56 queue_depth=0 vsync_id=-1 present_time_ns=-1 present_state=unknown jank_type=0 actual_app_frame_ns=0 scheduled_app_frame_ns=0 callback_uptime_ns=2303989786806 frame_id=unmatched revision=unmatched attribution=unmatched
10-08 15:49:09.753 31185 31185 I SpinonBootstrap: SPINON_R05_INPUT renderer=opengl_es input_seq=7 phase=ACTION_UP timestamp_precision=nanosecond_representation input_source=unknown event_time_ns=2304359000000 handler_uptime_ns=2304360615307 generation=1
10-08 15:49:09.753 31185 31185 I SpinonBootstrap: SPINON_R05_SUBMIT renderer=opengl_es input_seq=7 revision=7 generation=1 event_time_ns=2304359000000 handler_uptime_ns=2304360867973 draw_requested=true draw_completed=false present_signal=unavailable attribution=input
10-08 15:49:09.753 31185 31207 I SpinonBootstrap: SPINON_R05_DRAW renderer=opengl_es draw_seq=9 revision=7 generation=1
10-08 15:49:09.753 31185 31185 I SpinonBootstrap: SPINON_R05_PRESENT_FLUSH renderer=opengl_es queued=true generation=1
10-08 15:49:09.754 31185 31185 I SpinonBootstrap: SPINON_R08_TOUCH count=7
10-08 15:49:09.754 31185 31242 I SpinonBootstrap: SPINON_R05_PRESENT_FLUSH requested=true renderer=opengl_es generation=1
10-08 15:49:09.756 31185 31242 I SpinonBootstrap: SPINON_R05_PRESENT_BATCH renderer=opengl_es generation=1 batch_seq=7 record_count=1 callback_tid=56 queue_depth=0 rejected_callback_batches=0 rejected_flush_tasks=0 callback_uptime_ns=2304363561015 attribution=unmatched
10-08 15:49:09.756 31185 31242 I SpinonBootstrap: SPINON_R05_PRESENT renderer=opengl_es signal=SurfaceView_JankData generation=1 current_generation=1 current_surface=true batch_seq=7 record_index=0 callback_tid=56 queue_depth=0 vsync_id=-1 present_time_ns=-1 present_state=unknown jank_type=0 actual_app_frame_ns=0 scheduled_app_frame_ns=0 callback_uptime_ns=2304363561015 frame_id=unmatched revision=unmatched attribution=unmatched
10-08 15:49:10.178 31185 31185 I SpinonBootstrap: SPINON_R05_INPUT renderer=opengl_es input_seq=8 phase=ACTION_UP timestamp_precision=nanosecond_representation input_source=unknown event_time_ns=2304784000000 handler_uptime_ns=2304785758765 generation=1
10-08 15:49:10.178 31185 31185 I SpinonBootstrap: SPINON_R05_SUBMIT renderer=opengl_es input_seq=8 revision=8 generation=1 event_time_ns=2304784000000 handler_uptime_ns=2304785841973 draw_requested=true draw_completed=false present_signal=unavailable attribution=input
10-08 15:49:10.178 31185 31207 I SpinonBootstrap: SPINON_R05_DRAW renderer=opengl_es draw_seq=10 revision=8 generation=1
10-08 15:49:10.179 31185 31185 I SpinonBootstrap: SPINON_R05_PRESENT_FLUSH renderer=opengl_es queued=true generation=1
10-08 15:49:10.179 31185 31185 I SpinonBootstrap: SPINON_R08_TOUCH count=8
10-08 15:49:10.179 31185 31242 I SpinonBootstrap: SPINON_R05_PRESENT_FLUSH requested=true renderer=opengl_es generation=1
10-08 15:49:10.181 31185 31242 I SpinonBootstrap: SPINON_R05_PRESENT_BATCH renderer=opengl_es generation=1 batch_seq=8 record_count=1 callback_tid=56 queue_depth=0 rejected_callback_batches=0 rejected_flush_tasks=0 callback_uptime_ns=2304788882557 attribution=unmatched
10-08 15:49:10.181 31185 31242 I SpinonBootstrap: SPINON_R05_PRESENT renderer=opengl_es signal=SurfaceView_JankData generation=1 current_generation=1 current_surface=true batch_seq=8 record_index=0 callback_tid=56 queue_depth=0 vsync_id=-1 present_time_ns=-1 present_state=unknown jank_type=0 actual_app_frame_ns=0 scheduled_app_frame_ns=0 callback_uptime_ns=2304788882557 frame_id=unmatched revision=unmatched attribution=unmatched
10-08 15:49:10.560 31185 31185 I SpinonBootstrap: SPINON_R05_INPUT renderer=opengl_es input_seq=9 phase=ACTION_UP timestamp_precision=nanosecond_representation input_source=unknown event_time_ns=2305166000000 handler_uptime_ns=2305167690390 generation=1
10-08 15:49:10.560 31185 31185 I SpinonBootstrap: SPINON_R05_SUBMIT renderer=opengl_es input_seq=9 revision=9 generation=1 event_time_ns=2305166000000 handler_uptime_ns=2305167760515 draw_requested=true draw_completed=false present_signal=unavailable attribution=input
10-08 15:49:10.560 31185 31185 I SpinonBootstrap: SPINON_R05_PRESENT_FLUSH renderer=opengl_es queued=true generation=1
10-08 15:49:10.560 31185 31207 I SpinonBootstrap: SPINON_R05_DRAW renderer=opengl_es draw_seq=11 revision=9 generation=1
10-08 15:49:10.560 31185 31185 I SpinonBootstrap: SPINON_R08_TOUCH count=9
10-08 15:49:10.563 31185 31242 I SpinonBootstrap: SPINON_R05_PRESENT_FLUSH requested=true renderer=opengl_es generation=1
10-08 15:49:10.564 31185 31242 I SpinonBootstrap: SPINON_R05_PRESENT_BATCH renderer=opengl_es generation=1 batch_seq=9 record_count=1 callback_tid=56 queue_depth=0 rejected_callback_batches=0 rejected_flush_tasks=0 callback_uptime_ns=2305172208557 attribution=unmatched
10-08 15:49:10.564 31185 31242 I SpinonBootstrap: SPINON_R05_PRESENT renderer=opengl_es signal=SurfaceView_JankData generation=1 current_generation=1 current_surface=true batch_seq=9 record_index=0 callback_tid=56 queue_depth=0 vsync_id=-1 present_time_ns=-1 present_state=unknown jank_type=0 actual_app_frame_ns=0 scheduled_app_frame_ns=0 callback_uptime_ns=2305172208557 frame_id=unmatched revision=unmatched attribution=unmatched
10-08 15:49:10.938 31185 31185 I SpinonBootstrap: SPINON_R05_INPUT renderer=opengl_es input_seq=10 phase=ACTION_UP timestamp_precision=nanosecond_representation input_source=unknown event_time_ns=2305545000000 handler_uptime_ns=2305546105057 generation=1
10-08 15:49:10.938 31185 31185 I SpinonBootstrap: SPINON_R05_SUBMIT renderer=opengl_es input_seq=10 revision=10 generation=1 event_time_ns=2305545000000 handler_uptime_ns=2305546200890 draw_requested=true draw_completed=false present_signal=unavailable attribution=input
10-08 15:49:10.938 31185 31185 I SpinonBootstrap: SPINON_R05_PRESENT_FLUSH renderer=opengl_es queued=true generation=1
10-08 15:49:10.938 31185 31207 I SpinonBootstrap: SPINON_R05_DRAW renderer=opengl_es draw_seq=12 revision=10 generation=1
10-08 15:49:10.938 31185 31242 I SpinonBootstrap: SPINON_R05_PRESENT_FLUSH requested=true renderer=opengl_es generation=1
10-08 15:49:10.939 31185 31185 I SpinonBootstrap: SPINON_R08_TOUCH count=10
10-08 15:49:10.939 31185 31242 I SpinonBootstrap: SPINON_R05_PRESENT_BATCH renderer=opengl_es generation=1 batch_seq=10 record_count=1 callback_tid=56 queue_depth=0 rejected_callback_batches=0 rejected_flush_tasks=0 callback_uptime_ns=2305546878474 attribution=unmatched
10-08 15:49:10.939 31185 31242 I SpinonBootstrap: SPINON_R05_PRESENT renderer=opengl_es signal=SurfaceView_JankData generation=1 current_generation=1 current_surface=true batch_seq=10 record_index=0 callback_tid=56 queue_depth=0 vsync_id=-1 present_time_ns=-1 present_state=unknown jank_type=0 actual_app_frame_ns=0 scheduled_app_frame_ns=0 callback_uptime_ns=2305546878474 frame_id=unmatched revision=unmatched attribution=unmatched
10-08 15:49:11.311 31185 31185 I SpinonBootstrap: SPINON_R05_INPUT renderer=opengl_es input_seq=11 phase=ACTION_UP timestamp_precision=nanosecond_representation input_source=unknown event_time_ns=2305917000000 handler_uptime_ns=2305918774307 generation=1
10-08 15:49:11.311 31185 31185 I SpinonBootstrap: SPINON_R05_SUBMIT renderer=opengl_es input_seq=11 revision=11 generation=1 event_time_ns=2305917000000 handler_uptime_ns=2305918899349 draw_requested=true draw_completed=false present_signal=unavailable attribution=input
10-08 15:49:11.311 31185 31185 I SpinonBootstrap: SPINON_R05_PRESENT_FLUSH renderer=opengl_es queued=true generation=1
10-08 15:49:11.311 31185 31207 I SpinonBootstrap: SPINON_R05_DRAW renderer=opengl_es draw_seq=13 revision=11 generation=1
10-08 15:49:11.311 31185 31242 I SpinonBootstrap: SPINON_R05_PRESENT_FLUSH requested=true renderer=opengl_es generation=1
10-08 15:49:11.311 31185 31185 I SpinonBootstrap: SPINON_R08_TOUCH count=11
10-08 15:49:11.312 31185 31242 I SpinonBootstrap: SPINON_R05_PRESENT_BATCH renderer=opengl_es generation=1 batch_seq=11 record_count=1 callback_tid=56 queue_depth=0 rejected_callback_batches=0 rejected_flush_tasks=0 callback_uptime_ns=2305919653807 attribution=unmatched
10-08 15:49:11.312 31185 31242 I SpinonBootstrap: SPINON_R05_PRESENT renderer=opengl_es signal=SurfaceView_JankData generation=1 current_generation=1 current_surface=true batch_seq=11 record_index=0 callback_tid=56 queue_depth=0 vsync_id=-1 present_time_ns=-1 present_state=unknown jank_type=0 actual_app_frame_ns=0 scheduled_app_frame_ns=0 callback_uptime_ns=2305919653807 frame_id=unmatched revision=unmatched attribution=unmatched
10-08 15:49:11.683 31185 31185 I SpinonBootstrap: SPINON_R05_INPUT renderer=opengl_es input_seq=12 phase=ACTION_UP timestamp_precision=nanosecond_representation input_source=unknown event_time_ns=2306289000000 handler_uptime_ns=2306290768516 generation=1
10-08 15:49:11.683 31185 31185 I SpinonBootstrap: SPINON_R05_SUBMIT renderer=opengl_es input_seq=12 revision=12 generation=1 event_time_ns=2306289000000 handler_uptime_ns=2306291116349 draw_requested=true draw_completed=false present_signal=unavailable attribution=input
10-08 15:49:11.683 31185 31185 I SpinonBootstrap: SPINON_R05_PRESENT_FLUSH renderer=opengl_es queued=true generation=1
10-08 15:49:11.683 31185 31242 I SpinonBootstrap: SPINON_R05_PRESENT_FLUSH requested=true renderer=opengl_es generation=1
10-08 15:49:11.684 31185 31185 I SpinonBootstrap: SPINON_R08_TOUCH count=12
10-08 15:49:11.684 31185 31207 I SpinonBootstrap: SPINON_R05_DRAW renderer=opengl_es draw_seq=14 revision=12 generation=1
10-08 15:49:11.684 31185 31242 I SpinonBootstrap: SPINON_R05_PRESENT_BATCH renderer=opengl_es generation=1 batch_seq=12 record_count=1 callback_tid=56 queue_depth=0 rejected_callback_batches=0 rejected_flush_tasks=0 callback_uptime_ns=2306291780391 attribution=unmatched
10-08 15:49:11.684 31185 31242 I SpinonBootstrap: SPINON_R05_PRESENT renderer=opengl_es signal=SurfaceView_JankData generation=1 current_generation=1 current_surface=true batch_seq=12 record_index=0 callback_tid=56 queue_depth=0 vsync_id=-1 present_time_ns=-1 present_state=unknown jank_type=0 actual_app_frame_ns=0 scheduled_app_frame_ns=0 callback_uptime_ns=2306291780391 frame_id=unmatched revision=unmatched attribution=unmatched
10-08 15:49:12.065 31185 31185 I SpinonBootstrap: SPINON_R05_INPUT renderer=opengl_es input_seq=13 phase=ACTION_UP timestamp_precision=nanosecond_representation input_source=unknown event_time_ns=2306672000000 handler_uptime_ns=2306673467058 generation=1
10-08 15:49:12.066 31185 31185 I SpinonBootstrap: SPINON_R05_SUBMIT renderer=opengl_es input_seq=13 revision=13 generation=1 event_time_ns=2306672000000 handler_uptime_ns=2306673572058 draw_requested=true draw_completed=false present_signal=unavailable attribution=input
10-08 15:49:12.066 31185 31185 I SpinonBootstrap: SPINON_R05_PRESENT_FLUSH renderer=opengl_es queued=true generation=1
10-08 15:49:12.066 31185 31185 I SpinonBootstrap: SPINON_R08_TOUCH count=13
10-08 15:49:12.066 31185 31207 I SpinonBootstrap: SPINON_R05_DRAW renderer=opengl_es draw_seq=15 revision=13 generation=1
10-08 15:49:12.066 31185 31242 I SpinonBootstrap: SPINON_R05_PRESENT_FLUSH requested=true renderer=opengl_es generation=1
10-08 15:49:12.066 31185 31242 I SpinonBootstrap: SPINON_R05_PRESENT_BATCH renderer=opengl_es generation=1 batch_seq=13 record_count=1 callback_tid=56 queue_depth=0 rejected_callback_batches=0 rejected_flush_tasks=0 callback_uptime_ns=2306674458308 attribution=unmatched
10-08 15:49:12.067 31185 31242 I SpinonBootstrap: SPINON_R05_PRESENT renderer=opengl_es signal=SurfaceView_JankData generation=1 current_generation=1 current_surface=true batch_seq=13 record_index=0 callback_tid=56 queue_depth=0 vsync_id=-1 present_time_ns=-1 present_state=unknown jank_type=0 actual_app_frame_ns=0 scheduled_app_frame_ns=0 callback_uptime_ns=2306674458308 frame_id=unmatched revision=unmatched attribution=unmatched
10-08 15:49:12.442 31185 31185 I SpinonBootstrap: SPINON_R05_INPUT renderer=opengl_es input_seq=14 phase=ACTION_UP timestamp_precision=nanosecond_representation input_source=unknown event_time_ns=2307049000000 handler_uptime_ns=2307050242100 generation=1
10-08 15:49:12.442 31185 31185 I SpinonBootstrap: SPINON_R05_SUBMIT renderer=opengl_es input_seq=14 revision=14 generation=1 event_time_ns=2307049000000 handler_uptime_ns=2307050421391 draw_requested=true draw_completed=false present_signal=unavailable attribution=input
10-08 15:49:12.442 31185 31185 I SpinonBootstrap: SPINON_R05_PRESENT_FLUSH renderer=opengl_es queued=true generation=1
10-08 15:49:12.442 31185 31242 I SpinonBootstrap: SPINON_R05_PRESENT_FLUSH requested=true renderer=opengl_es generation=1
10-08 15:49:12.443 31185 31185 I SpinonBootstrap: SPINON_R08_TOUCH count=14
10-08 15:49:12.443 31185 31207 I SpinonBootstrap: SPINON_R05_DRAW renderer=opengl_es draw_seq=16 revision=14 generation=1
10-08 15:49:12.443 31185 31242 I SpinonBootstrap: SPINON_R05_PRESENT_BATCH renderer=opengl_es generation=1 batch_seq=14 record_count=1 callback_tid=56 queue_depth=0 rejected_callback_batches=0 rejected_flush_tasks=0 callback_uptime_ns=2307051172391 attribution=unmatched
10-08 15:49:12.443 31185 31242 I SpinonBootstrap: SPINON_R05_PRESENT renderer=opengl_es signal=SurfaceView_JankData generation=1 current_generation=1 current_surface=true batch_seq=14 record_index=0 callback_tid=56 queue_depth=0 vsync_id=-1 present_time_ns=-1 present_state=unknown jank_type=0 actual_app_frame_ns=0 scheduled_app_frame_ns=0 callback_uptime_ns=2307051172391 frame_id=unmatched revision=unmatched attribution=unmatched
10-08 15:49:12.823 31185 31185 I SpinonBootstrap: SPINON_R05_INPUT renderer=opengl_es input_seq=15 phase=ACTION_UP timestamp_precision=nanosecond_representation input_source=unknown event_time_ns=2307429000000 handler_uptime_ns=2307430679850 generation=1
10-08 15:49:12.823 31185 31185 I SpinonBootstrap: SPINON_R05_SUBMIT renderer=opengl_es input_seq=15 revision=15 generation=1 event_time_ns=2307429000000 handler_uptime_ns=2307430827308 draw_requested=true draw_completed=false present_signal=unavailable attribution=input
10-08 15:49:12.823 31185 31207 I SpinonBootstrap: SPINON_R05_DRAW renderer=opengl_es draw_seq=17 revision=15 generation=1
10-08 15:49:12.823 31185 31185 I SpinonBootstrap: SPINON_R05_PRESENT_FLUSH renderer=opengl_es queued=true generation=1
10-08 15:49:12.823 31185 31242 I SpinonBootstrap: SPINON_R05_PRESENT_FLUSH requested=true renderer=opengl_es generation=1
10-08 15:49:12.823 31185 31185 I SpinonBootstrap: SPINON_R08_TOUCH count=15
10-08 15:49:12.823 31185 31242 I SpinonBootstrap: SPINON_R05_PRESENT_BATCH renderer=opengl_es generation=1 batch_seq=15 record_count=1 callback_tid=56 queue_depth=0 rejected_callback_batches=0 rejected_flush_tasks=0 callback_uptime_ns=2307431417058 attribution=unmatched
10-08 15:49:12.824 31185 31242 I SpinonBootstrap: SPINON_R05_PRESENT renderer=opengl_es signal=SurfaceView_JankData generation=1 current_generation=1 current_surface=true batch_seq=15 record_index=0 callback_tid=56 queue_depth=0 vsync_id=-1 present_time_ns=-1 present_state=unknown jank_type=0 actual_app_frame_ns=0 scheduled_app_frame_ns=0 callback_uptime_ns=2307431417058 frame_id=unmatched revision=unmatched attribution=unmatched
10-08 15:49:13.204 31185 31185 I SpinonBootstrap: SPINON_R05_INPUT renderer=opengl_es input_seq=16 phase=ACTION_UP timestamp_precision=nanosecond_representation input_source=unknown event_time_ns=2307810000000 handler_uptime_ns=2307812454683 generation=1
10-08 15:49:13.205 31185 31185 I SpinonBootstrap: SPINON_R05_SUBMIT renderer=opengl_es input_seq=16 revision=16 generation=1 event_time_ns=2307810000000 handler_uptime_ns=2307812591642 draw_requested=true draw_completed=false present_signal=unavailable attribution=input
10-08 15:49:13.205 31185 31207 I SpinonBootstrap: SPINON_R05_DRAW renderer=opengl_es draw_seq=18 revision=16 generation=1
10-08 15:49:13.205 31185 31185 I SpinonBootstrap: SPINON_R05_PRESENT_FLUSH renderer=opengl_es queued=true generation=1
10-08 15:49:13.205 31185 31242 I SpinonBootstrap: SPINON_R05_PRESENT_FLUSH requested=true renderer=opengl_es generation=1
10-08 15:49:13.205 31185 31185 I SpinonBootstrap: SPINON_R08_TOUCH count=16
10-08 15:49:13.206 31185 31242 I SpinonBootstrap: SPINON_R05_PRESENT_BATCH renderer=opengl_es generation=1 batch_seq=16 record_count=1 callback_tid=56 queue_depth=0 rejected_callback_batches=0 rejected_flush_tasks=0 callback_uptime_ns=2307813661850 attribution=unmatched
10-08 15:49:13.206 31185 31242 I SpinonBootstrap: SPINON_R05_PRESENT renderer=opengl_es signal=SurfaceView_JankData generation=1 current_generation=1 current_surface=true batch_seq=16 record_index=0 callback_tid=56 queue_depth=0 vsync_id=-1 present_time_ns=-1 present_state=unknown jank_type=0 actual_app_frame_ns=0 scheduled_app_frame_ns=0 callback_uptime_ns=2307813661850 frame_id=unmatched revision=unmatched attribution=unmatched
10-08 15:49:13.586 31185 31185 I SpinonBootstrap: SPINON_R05_INPUT renderer=opengl_es input_seq=17 phase=ACTION_UP timestamp_precision=nanosecond_representation input_source=unknown event_time_ns=2308193000000 handler_uptime_ns=2308194200058 generation=1
10-08 15:49:13.586 31185 31185 I SpinonBootstrap: SPINON_R05_SUBMIT renderer=opengl_es input_seq=17 revision=17 generation=1 event_time_ns=2308193000000 handler_uptime_ns=2308194284683 draw_requested=true draw_completed=false present_signal=unavailable attribution=input
10-08 15:49:13.586 31185 31185 I SpinonBootstrap: SPINON_R05_PRESENT_FLUSH renderer=opengl_es queued=true generation=1
10-08 15:49:13.587 31185 31185 I SpinonBootstrap: SPINON_R08_TOUCH count=17
10-08 15:49:13.587 31185 31207 I SpinonBootstrap: SPINON_R05_DRAW renderer=opengl_es draw_seq=19 revision=17 generation=1
10-08 15:49:13.588 31185 31242 I SpinonBootstrap: SPINON_R05_PRESENT_FLUSH requested=true renderer=opengl_es generation=1
10-08 15:49:13.590 31185 31242 I SpinonBootstrap: SPINON_R05_PRESENT_BATCH renderer=opengl_es generation=1 batch_seq=17 record_count=1 callback_tid=56 queue_depth=0 rejected_callback_batches=0 rejected_flush_tasks=0 callback_uptime_ns=2308198341267 attribution=unmatched
10-08 15:49:13.590 31185 31242 I SpinonBootstrap: SPINON_R05_PRESENT renderer=opengl_es signal=SurfaceView_JankData generation=1 current_generation=1 current_surface=true batch_seq=17 record_index=0 callback_tid=56 queue_depth=0 vsync_id=-1 present_time_ns=-1 present_state=unknown jank_type=0 actual_app_frame_ns=0 scheduled_app_frame_ns=0 callback_uptime_ns=2308198341267 frame_id=unmatched revision=unmatched attribution=unmatched
10-08 15:49:13.963 31185 31185 I SpinonBootstrap: SPINON_R05_INPUT renderer=opengl_es input_seq=18 phase=ACTION_UP timestamp_precision=nanosecond_representation input_source=unknown event_time_ns=2308570000000 handler_uptime_ns=2308571183184 generation=1
10-08 15:49:13.963 31185 31185 I SpinonBootstrap: SPINON_R05_SUBMIT renderer=opengl_es input_seq=18 revision=18 generation=1 event_time_ns=2308570000000 handler_uptime_ns=2308571263892 draw_requested=true draw_completed=false present_signal=unavailable attribution=input
10-08 15:49:13.963 31185 31185 I SpinonBootstrap: SPINON_R05_PRESENT_FLUSH renderer=opengl_es queued=true generation=1
10-08 15:49:13.963 31185 31207 I SpinonBootstrap: SPINON_R05_DRAW renderer=opengl_es draw_seq=20 revision=18 generation=1
10-08 15:49:13.963 31185 31185 I SpinonBootstrap: SPINON_R08_TOUCH count=18
10-08 15:49:13.964 31185 31242 I SpinonBootstrap: SPINON_R05_PRESENT_FLUSH requested=true renderer=opengl_es generation=1
10-08 15:49:13.964 31185 31242 I SpinonBootstrap: SPINON_R05_PRESENT_BATCH renderer=opengl_es generation=1 batch_seq=18 record_count=1 callback_tid=56 queue_depth=0 rejected_callback_batches=0 rejected_flush_tasks=0 callback_uptime_ns=2308571979892 attribution=unmatched
10-08 15:49:13.965 31185 31242 I SpinonBootstrap: SPINON_R05_PRESENT renderer=opengl_es signal=SurfaceView_JankData generation=1 current_generation=1 current_surface=true batch_seq=18 record_index=0 callback_tid=56 queue_depth=0 vsync_id=-1 present_time_ns=-1 present_state=unknown jank_type=0 actual_app_frame_ns=0 scheduled_app_frame_ns=0 callback_uptime_ns=2308571979892 frame_id=unmatched revision=unmatched attribution=unmatched
10-08 15:49:14.346 31185 31185 I SpinonBootstrap: SPINON_R05_INPUT renderer=opengl_es input_seq=19 phase=ACTION_UP timestamp_precision=nanosecond_representation input_source=unknown event_time_ns=2308953000000 handler_uptime_ns=2308954378267 generation=1
10-08 15:49:14.347 31185 31185 I SpinonBootstrap: SPINON_R05_SUBMIT renderer=opengl_es input_seq=19 revision=19 generation=1 event_time_ns=2308953000000 handler_uptime_ns=2308954504100 draw_requested=true draw_completed=false present_signal=unavailable attribution=input
10-08 15:49:14.347 31185 31185 I SpinonBootstrap: SPINON_R05_PRESENT_FLUSH renderer=opengl_es queued=true generation=1
10-08 15:49:14.347 31185 31207 I SpinonBootstrap: SPINON_R05_DRAW renderer=opengl_es draw_seq=21 revision=19 generation=1
10-08 15:49:14.347 31185 31185 I SpinonBootstrap: SPINON_R08_TOUCH count=19
10-08 15:49:14.347 31185 31242 I SpinonBootstrap: SPINON_R05_PRESENT_FLUSH requested=true renderer=opengl_es generation=1
10-08 15:49:14.349 31185 31242 I SpinonBootstrap: SPINON_R05_PRESENT_BATCH renderer=opengl_es generation=1 batch_seq=19 record_count=1 callback_tid=56 queue_depth=0 rejected_callback_batches=0 rejected_flush_tasks=0 callback_uptime_ns=2308956686225 attribution=unmatched
10-08 15:49:14.349 31185 31242 I SpinonBootstrap: SPINON_R05_PRESENT renderer=opengl_es signal=SurfaceView_JankData generation=1 current_generation=1 current_surface=true batch_seq=19 record_index=0 callback_tid=56 queue_depth=0 vsync_id=-1 present_time_ns=-1 present_state=unknown jank_type=0 actual_app_frame_ns=0 scheduled_app_frame_ns=0 callback_uptime_ns=2308956686225 frame_id=unmatched revision=unmatched attribution=unmatched
10-08 15:49:14.746 31185 31185 I SpinonBootstrap: SPINON_R05_INPUT renderer=opengl_es input_seq=20 phase=ACTION_UP timestamp_precision=nanosecond_representation input_source=unknown event_time_ns=2309353000000 handler_uptime_ns=2309354324976 generation=1
10-08 15:49:14.746 31185 31185 I SpinonBootstrap: SPINON_R05_SUBMIT renderer=opengl_es input_seq=20 revision=20 generation=1 event_time_ns=2309353000000 handler_uptime_ns=2309354377642 draw_requested=true draw_completed=false present_signal=unavailable attribution=input
10-08 15:49:14.746 31185 31185 I SpinonBootstrap: SPINON_R05_PRESENT_FLUSH renderer=opengl_es queued=true generation=1
10-08 15:49:14.747 31185 31207 I SpinonBootstrap: SPINON_R05_DRAW renderer=opengl_es draw_seq=22 revision=20 generation=1
10-08 15:49:14.747 31185 31185 I SpinonBootstrap: SPINON_R08_TOUCH count=20
10-08 15:49:14.748 31185 31242 I SpinonBootstrap: SPINON_R05_PRESENT_FLUSH requested=true renderer=opengl_es generation=1
10-08 15:49:14.749 31185 31242 I SpinonBootstrap: SPINON_R05_PRESENT_BATCH renderer=opengl_es generation=1 batch_seq=20 record_count=1 callback_tid=56 queue_depth=0 rejected_callback_batches=0 rejected_flush_tasks=0 callback_uptime_ns=2309357107392 attribution=unmatched
10-08 15:49:14.749 31185 31242 I SpinonBootstrap: SPINON_R05_PRESENT renderer=opengl_es signal=SurfaceView_JankData generation=1 current_generation=1 current_surface=true batch_seq=20 record_index=0 callback_tid=56 queue_depth=0 vsync_id=-1 present_time_ns=-1 present_state=unknown jank_type=0 actual_app_frame_ns=0 scheduled_app_frame_ns=0 callback_uptime_ns=2309357107392 frame_id=unmatched revision=unmatched attribution=unmatched
10-08 15:49:15.142 31185 31185 I SpinonBootstrap: SPINON_R05_INPUT renderer=opengl_es input_seq=21 phase=ACTION_UP timestamp_precision=nanosecond_representation input_source=unknown event_time_ns=2309749000000 handler_uptime_ns=2309749961767 generation=1
10-08 15:49:15.142 31185 31185 I SpinonBootstrap: SPINON_R05_SUBMIT renderer=opengl_es input_seq=21 revision=21 generation=1 event_time_ns=2309749000000 handler_uptime_ns=2309750065809 draw_requested=true draw_completed=false present_signal=unavailable attribution=input
10-08 15:49:15.142 31185 31185 I SpinonBootstrap: SPINON_R05_PRESENT_FLUSH renderer=opengl_es queued=true generation=1
10-08 15:49:15.142 31185 31207 I SpinonBootstrap: SPINON_R05_DRAW renderer=opengl_es draw_seq=23 revision=21 generation=1
10-08 15:49:15.144 31185 31185 I SpinonBootstrap: SPINON_R08_TOUCH count=21
10-08 15:49:15.144 31185 31242 I SpinonBootstrap: SPINON_R05_PRESENT_FLUSH requested=true renderer=opengl_es generation=1
10-08 15:49:15.146 31185 31242 I SpinonBootstrap: SPINON_R05_PRESENT_BATCH renderer=opengl_es generation=1 batch_seq=21 record_count=1 callback_tid=56 queue_depth=0 rejected_callback_batches=0 rejected_flush_tasks=0 callback_uptime_ns=2309753771392 attribution=unmatched
10-08 15:49:15.146 31185 31242 I SpinonBootstrap: SPINON_R05_PRESENT renderer=opengl_es signal=SurfaceView_JankData generation=1 current_generation=1 current_surface=true batch_seq=21 record_index=0 callback_tid=56 queue_depth=0 vsync_id=-1 present_time_ns=-1 present_state=unknown jank_type=0 actual_app_frame_ns=0 scheduled_app_frame_ns=0 callback_uptime_ns=2309753771392 frame_id=unmatched revision=unmatched attribution=unmatched
10-08 15:49:15.519 31185 31185 I SpinonBootstrap: SPINON_R05_INPUT renderer=opengl_es input_seq=22 phase=ACTION_UP timestamp_precision=nanosecond_representation input_source=unknown event_time_ns=2310126000000 handler_uptime_ns=2310126949518 generation=1
10-08 15:49:15.519 31185 31185 I SpinonBootstrap: SPINON_R05_SUBMIT renderer=opengl_es input_seq=22 revision=22 generation=1 event_time_ns=2310126000000 handler_uptime_ns=2310127018143 draw_requested=true draw_completed=false present_signal=unavailable attribution=input
10-08 15:49:15.519 31185 31185 I SpinonBootstrap: SPINON_R05_PRESENT_FLUSH renderer=opengl_es queued=true generation=1
10-08 15:49:15.519 31185 31207 I SpinonBootstrap: SPINON_R05_DRAW renderer=opengl_es draw_seq=24 revision=22 generation=1
10-08 15:49:15.520 31185 31185 I SpinonBootstrap: SPINON_R08_TOUCH count=22
10-08 15:49:15.520 31185 31242 I SpinonBootstrap: SPINON_R05_PRESENT_FLUSH requested=true renderer=opengl_es generation=1
10-08 15:49:15.522 31185 31242 I SpinonBootstrap: SPINON_R05_PRESENT_BATCH renderer=opengl_es generation=1 batch_seq=22 record_count=1 callback_tid=56 queue_depth=0 rejected_callback_batches=0 rejected_flush_tasks=0 callback_uptime_ns=2310130354268 attribution=unmatched
10-08 15:49:15.522 31185 31242 I SpinonBootstrap: SPINON_R05_PRESENT renderer=opengl_es signal=SurfaceView_JankData generation=1 current_generation=1 current_surface=true batch_seq=22 record_index=0 callback_tid=56 queue_depth=0 vsync_id=-1 present_time_ns=-1 present_state=unknown jank_type=0 actual_app_frame_ns=0 scheduled_app_frame_ns=0 callback_uptime_ns=2310130354268 frame_id=unmatched revision=unmatched attribution=unmatched
10-08 15:49:15.900 31185 31185 I SpinonBootstrap: SPINON_R05_INPUT renderer=opengl_es input_seq=23 phase=ACTION_UP timestamp_precision=nanosecond_representation input_source=unknown event_time_ns=2310506000000 handler_uptime_ns=2310507890726 generation=1
10-08 15:49:15.900 31185 31185 I SpinonBootstrap: SPINON_R05_SUBMIT renderer=opengl_es input_seq=23 revision=23 generation=1 event_time_ns=2310506000000 handler_uptime_ns=2310508293101 draw_requested=true draw_completed=false present_signal=unavailable attribution=input
10-08 15:49:15.900 31185 31185 I SpinonBootstrap: SPINON_R05_PRESENT_FLUSH renderer=opengl_es queued=true generation=1
10-08 15:49:15.901 31185 31185 I SpinonBootstrap: SPINON_R08_TOUCH count=23
10-08 15:49:15.901 31185 31207 I SpinonBootstrap: SPINON_R05_DRAW renderer=opengl_es draw_seq=25 revision=23 generation=1
10-08 15:49:15.901 31185 31242 I SpinonBootstrap: SPINON_R05_PRESENT_FLUSH requested=true renderer=opengl_es generation=1
10-08 15:49:15.902 31185 31242 I SpinonBootstrap: SPINON_R05_PRESENT_BATCH renderer=opengl_es generation=1 batch_seq=23 record_count=1 callback_tid=56 queue_depth=0 rejected_callback_batches=0 rejected_flush_tasks=0 callback_uptime_ns=2310509751685 attribution=unmatched
10-08 15:49:15.902 31185 31242 I SpinonBootstrap: SPINON_R05_PRESENT renderer=opengl_es signal=SurfaceView_JankData generation=1 current_generation=1 current_surface=true batch_seq=23 record_index=0 callback_tid=56 queue_depth=0 vsync_id=-1 present_time_ns=-1 present_state=unknown jank_type=0 actual_app_frame_ns=0 scheduled_app_frame_ns=0 callback_uptime_ns=2310509751685 frame_id=unmatched revision=unmatched attribution=unmatched
10-08 15:49:16.280 31185 31185 I SpinonBootstrap: SPINON_R05_INPUT renderer=opengl_es input_seq=24 phase=ACTION_UP timestamp_precision=nanosecond_representation input_source=unknown event_time_ns=2310886000000 handler_uptime_ns=2310887598185 generation=1
10-08 15:49:16.280 31185 31185 I SpinonBootstrap: SPINON_R05_SUBMIT renderer=opengl_es input_seq=24 revision=24 generation=1 event_time_ns=2310886000000 handler_uptime_ns=2310887674726 draw_requested=true draw_completed=false present_signal=unavailable attribution=input
10-08 15:49:16.280 31185 31185 I SpinonBootstrap: SPINON_R05_PRESENT_FLUSH renderer=opengl_es queued=true generation=1
10-08 15:49:16.280 31185 31207 I SpinonBootstrap: SPINON_R05_DRAW renderer=opengl_es draw_seq=26 revision=24 generation=1
10-08 15:49:16.280 31185 31242 I SpinonBootstrap: SPINON_R05_PRESENT_FLUSH requested=true renderer=opengl_es generation=1
10-08 15:49:16.281 31185 31242 I SpinonBootstrap: SPINON_R05_PRESENT_BATCH renderer=opengl_es generation=1 batch_seq=24 record_count=1 callback_tid=56 queue_depth=0 rejected_callback_batches=0 rejected_flush_tasks=0 callback_uptime_ns=2310888542560 attribution=unmatched
10-08 15:49:16.281 31185 31242 I SpinonBootstrap: SPINON_R05_PRESENT renderer=opengl_es signal=SurfaceView_JankData generation=1 current_generation=1 current_surface=true batch_seq=24 record_index=0 callback_tid=56 queue_depth=0 vsync_id=-1 present_time_ns=-1 present_state=unknown jank_type=0 actual_app_frame_ns=0 scheduled_app_frame_ns=0 callback_uptime_ns=2310888542560 frame_id=unmatched revision=unmatched attribution=unmatched
10-08 15:49:16.281 31185 31185 I SpinonBootstrap: SPINON_R08_TOUCH count=24
10-08 15:49:16.669 31185 31185 I SpinonBootstrap: SPINON_R05_INPUT renderer=opengl_es input_seq=25 phase=ACTION_UP timestamp_precision=nanosecond_representation input_source=unknown event_time_ns=2311275000000 handler_uptime_ns=2311276957893 generation=1
10-08 15:49:16.669 31185 31185 I SpinonBootstrap: SPINON_R05_SUBMIT renderer=opengl_es input_seq=25 revision=25 generation=1 event_time_ns=2311275000000 handler_uptime_ns=2311277069477 draw_requested=true draw_completed=false present_signal=unavailable attribution=input
10-08 15:49:16.669 31185 31185 I SpinonBootstrap: SPINON_R05_PRESENT_FLUSH renderer=opengl_es queued=true generation=1
10-08 15:49:16.669 31185 31207 I SpinonBootstrap: SPINON_R05_DRAW renderer=opengl_es draw_seq=27 revision=25 generation=1
10-08 15:49:16.669 31185 31242 I SpinonBootstrap: SPINON_R05_PRESENT_FLUSH requested=true renderer=opengl_es generation=1
10-08 15:49:16.670 31185 31185 I SpinonBootstrap: SPINON_R08_TOUCH count=25
10-08 15:49:16.670 31185 31242 I SpinonBootstrap: SPINON_R05_PRESENT_BATCH renderer=opengl_es generation=1 batch_seq=25 record_count=1 callback_tid=56 queue_depth=0 rejected_callback_batches=0 rejected_flush_tasks=0 callback_uptime_ns=2311278193435 attribution=unmatched
10-08 15:49:16.670 31185 31242 I SpinonBootstrap: SPINON_R05_PRESENT renderer=opengl_es signal=SurfaceView_JankData generation=1 current_generation=1 current_surface=true batch_seq=25 record_index=0 callback_tid=56 queue_depth=0 vsync_id=-1 present_time_ns=-1 present_state=unknown jank_type=0 actual_app_frame_ns=0 scheduled_app_frame_ns=0 callback_uptime_ns=2311278193435 frame_id=unmatched revision=unmatched attribution=unmatched
10-08 15:49:17.052 31185 31185 I SpinonBootstrap: SPINON_R05_INPUT renderer=opengl_es input_seq=26 phase=ACTION_UP timestamp_precision=nanosecond_representation input_source=unknown event_time_ns=2311658000000 handler_uptime_ns=2311659802102 generation=1
10-08 15:49:17.052 31185 31185 I SpinonBootstrap: SPINON_R05_SUBMIT renderer=opengl_es input_seq=26 revision=26 generation=1 event_time_ns=2311658000000 handler_uptime_ns=2311659944518 draw_requested=true draw_completed=false present_signal=unavailable attribution=input
10-08 15:49:17.052 31185 31185 I SpinonBootstrap: SPINON_R05_PRESENT_FLUSH renderer=opengl_es queued=true generation=1
10-08 15:49:17.052 31185 31207 I SpinonBootstrap: SPINON_R05_DRAW renderer=opengl_es draw_seq=28 revision=26 generation=1
10-08 15:49:17.052 31185 31185 I SpinonBootstrap: SPINON_R08_TOUCH count=26
10-08 15:49:17.052 31185 31242 I SpinonBootstrap: SPINON_R05_PRESENT_FLUSH requested=true renderer=opengl_es generation=1
10-08 15:49:17.053 31185 31242 I SpinonBootstrap: SPINON_R05_PRESENT_BATCH renderer=opengl_es generation=1 batch_seq=26 record_count=1 callback_tid=56 queue_depth=0 rejected_callback_batches=0 rejected_flush_tasks=0 callback_uptime_ns=2311660612268 attribution=unmatched
10-08 15:49:17.053 31185 31242 I SpinonBootstrap: SPINON_R05_PRESENT renderer=opengl_es signal=SurfaceView_JankData generation=1 current_generation=1 current_surface=true batch_seq=26 record_index=0 callback_tid=56 queue_depth=0 vsync_id=-1 present_time_ns=-1 present_state=unknown jank_type=0 actual_app_frame_ns=0 scheduled_app_frame_ns=0 callback_uptime_ns=2311660612268 frame_id=unmatched revision=unmatched attribution=unmatched
10-08 15:49:17.434 31185 31185 I SpinonBootstrap: SPINON_R05_INPUT renderer=opengl_es input_seq=27 phase=ACTION_UP timestamp_precision=nanosecond_representation input_source=unknown event_time_ns=2312040000000 handler_uptime_ns=2312041790977 generation=1
10-08 15:49:17.434 31185 31185 I SpinonBootstrap: SPINON_R05_SUBMIT renderer=opengl_es input_seq=27 revision=27 generation=1 event_time_ns=2312040000000 handler_uptime_ns=2312041912519 draw_requested=true draw_completed=false present_signal=unavailable attribution=input
10-08 15:49:17.434 31185 31185 I SpinonBootstrap: SPINON_R05_PRESENT_FLUSH renderer=opengl_es queued=true generation=1
10-08 15:49:17.434 31185 31207 I SpinonBootstrap: SPINON_R05_DRAW renderer=opengl_es draw_seq=29 revision=27 generation=1
10-08 15:49:17.434 31185 31185 I SpinonBootstrap: SPINON_R08_TOUCH count=27
10-08 15:49:17.435 31185 31242 I SpinonBootstrap: SPINON_R05_PRESENT_FLUSH requested=true renderer=opengl_es generation=1
10-08 15:49:17.438 31185 31242 I SpinonBootstrap: SPINON_R05_PRESENT_BATCH renderer=opengl_es generation=1 batch_seq=27 record_count=1 callback_tid=56 queue_depth=0 rejected_callback_batches=0 rejected_flush_tasks=0 callback_uptime_ns=2312045549352 attribution=unmatched
10-08 15:49:17.438 31185 31242 I SpinonBootstrap: SPINON_R05_PRESENT renderer=opengl_es signal=SurfaceView_JankData generation=1 current_generation=1 current_surface=true batch_seq=27 record_index=0 callback_tid=56 queue_depth=0 vsync_id=-1 present_time_ns=-1 present_state=unknown jank_type=0 actual_app_frame_ns=0 scheduled_app_frame_ns=0 callback_uptime_ns=2312045549352 frame_id=unmatched revision=unmatched attribution=unmatched
10-08 15:49:17.822 31185 31185 I SpinonBootstrap: SPINON_R05_INPUT renderer=opengl_es input_seq=28 phase=ACTION_UP timestamp_precision=nanosecond_representation input_source=unknown event_time_ns=2312427000000 handler_uptime_ns=2312429785977 generation=1
10-08 15:49:17.822 31185 31185 I SpinonBootstrap: SPINON_R05_SUBMIT renderer=opengl_es input_seq=28 revision=28 generation=1 event_time_ns=2312427000000 handler_uptime_ns=2312430106394 draw_requested=true draw_completed=false present_signal=unavailable attribution=input
10-08 15:49:17.822 31185 31207 I SpinonBootstrap: SPINON_R05_DRAW renderer=opengl_es draw_seq=30 revision=28 generation=1
10-08 15:49:17.822 31185 31185 I SpinonBootstrap: SPINON_R05_PRESENT_FLUSH renderer=opengl_es queued=true generation=1
10-08 15:49:17.823 31185 31185 I SpinonBootstrap: SPINON_R08_TOUCH count=28
10-08 15:49:17.824 31185 31242 I SpinonBootstrap: SPINON_R05_PRESENT_FLUSH requested=true renderer=opengl_es generation=1
10-08 15:49:17.825 31185 31242 I SpinonBootstrap: SPINON_R05_PRESENT_BATCH renderer=opengl_es generation=1 batch_seq=28 record_count=1 callback_tid=56 queue_depth=0 rejected_callback_batches=0 rejected_flush_tasks=0 callback_uptime_ns=2312432478185 attribution=unmatched
10-08 15:49:17.825 31185 31242 I SpinonBootstrap: SPINON_R05_PRESENT renderer=opengl_es signal=SurfaceView_JankData generation=1 current_generation=1 current_surface=true batch_seq=28 record_index=0 callback_tid=56 queue_depth=0 vsync_id=-1 present_time_ns=-1 present_state=unknown jank_type=0 actual_app_frame_ns=0 scheduled_app_frame_ns=0 callback_uptime_ns=2312432478185 frame_id=unmatched revision=unmatched attribution=unmatched
10-08 15:49:18.208 31185 31185 I SpinonBootstrap: SPINON_R05_INPUT renderer=opengl_es input_seq=29 phase=ACTION_UP timestamp_precision=nanosecond_representation input_source=unknown event_time_ns=2312814000000 handler_uptime_ns=2312815590644 generation=1
10-08 15:49:18.208 31185 31185 I SpinonBootstrap: SPINON_R05_SUBMIT renderer=opengl_es input_seq=29 revision=29 generation=1 event_time_ns=2312814000000 handler_uptime_ns=2312815662936 draw_requested=true draw_completed=false present_signal=unavailable attribution=input
10-08 15:49:18.208 31185 31185 I SpinonBootstrap: SPINON_R05_PRESENT_FLUSH renderer=opengl_es queued=true generation=1
10-08 15:49:18.208 31185 31242 I SpinonBootstrap: SPINON_R05_PRESENT_FLUSH requested=true renderer=opengl_es generation=1
10-08 15:49:18.209 31185 31242 I SpinonBootstrap: SPINON_R05_PRESENT_BATCH renderer=opengl_es generation=1 batch_seq=29 record_count=1 callback_tid=56 queue_depth=0 rejected_callback_batches=0 rejected_flush_tasks=0 callback_uptime_ns=2312816790061 attribution=unmatched
10-08 15:49:18.209 31185 31242 I SpinonBootstrap: SPINON_R05_PRESENT renderer=opengl_es signal=SurfaceView_JankData generation=1 current_generation=1 current_surface=true batch_seq=29 record_index=0 callback_tid=56 queue_depth=0 vsync_id=-1 present_time_ns=-1 present_state=unknown jank_type=0 actual_app_frame_ns=0 scheduled_app_frame_ns=0 callback_uptime_ns=2312816790061 frame_id=unmatched revision=unmatched attribution=unmatched
10-08 15:49:18.209 31185 31185 I SpinonBootstrap: SPINON_R08_TOUCH count=29
10-08 15:49:18.209 31185 31207 I SpinonBootstrap: SPINON_R05_DRAW renderer=opengl_es draw_seq=31 revision=29 generation=1
10-08 15:49:18.584 31185 31185 I SpinonBootstrap: SPINON_R05_INPUT renderer=opengl_es input_seq=30 phase=ACTION_UP timestamp_precision=nanosecond_representation input_source=unknown event_time_ns=2313191000000 handler_uptime_ns=2313191959936 generation=1
10-08 15:49:18.584 31185 31185 I SpinonBootstrap: SPINON_R05_SUBMIT renderer=opengl_es input_seq=30 revision=30 generation=1 event_time_ns=2313191000000 handler_uptime_ns=2313192118227 draw_requested=true draw_completed=false present_signal=unavailable attribution=input
10-08 15:49:18.584 31185 31207 I SpinonBootstrap: SPINON_R05_DRAW renderer=opengl_es draw_seq=32 revision=30 generation=1
10-08 15:49:18.584 31185 31185 I SpinonBootstrap: SPINON_R05_PRESENT_FLUSH renderer=opengl_es queued=true generation=1
10-08 15:49:18.584 31185 31185 I SpinonBootstrap: SPINON_R08_TOUCH count=30
10-08 15:49:18.584 31185 31242 I SpinonBootstrap: SPINON_R05_PRESENT_FLUSH requested=true renderer=opengl_es generation=1
10-08 15:49:18.585 31185 31242 I SpinonBootstrap: SPINON_R05_PRESENT_BATCH renderer=opengl_es generation=1 batch_seq=30 record_count=1 callback_tid=56 queue_depth=0 rejected_callback_batches=0 rejected_flush_tasks=0 callback_uptime_ns=2313192772352 attribution=unmatched
10-08 15:49:18.585 31185 31242 I SpinonBootstrap: SPINON_R05_PRESENT renderer=opengl_es signal=SurfaceView_JankData generation=1 current_generation=1 current_surface=true batch_seq=30 record_index=0 callback_tid=56 queue_depth=0 vsync_id=-1 present_time_ns=-1 present_state=unknown jank_type=0 actual_app_frame_ns=0 scheduled_app_frame_ns=0 callback_uptime_ns=2313192772352 frame_id=unmatched revision=unmatched attribution=unmatched
