--------- beginning of main
10-08 15:53:33.158  4853  4853 I SpinonBootstrap: SPINON_R08_UI=ready text-input=EditText accessibility=button+EditText
10-08 15:53:33.493  4853  4853 I SpinonBootstrap: SPINON_R05_SURFACE renderer=opengl_es type=GLSurfaceView generation=1
10-08 15:53:33.497  4853  4853 I SpinonBootstrap: SPINON_R05_SIGNAL_CAPABILITY renderer=opengl_es signal=SurfaceView_JankData available=true reason=registered api=37 api_full=3700002
10-08 15:53:33.499  4853  4853 I SpinonBootstrap: SPINON_R05_SURFACE_SIZE renderer=opengl_es generation=1 size=1080x1920
10-08 15:53:33.513  4853  4871 I SpinonBootstrap: SPINON_R08_SURFACE=created api=OpenGL_ES_2 renderer=Android Emulator OpenGL ES Translator (ANGLE (Google, Vulkan 1.3.0 (SwiftShader Device (LLVM 10.0.0) (0x0000C0DE)), SwiftShader driver-5.0.0)) version=OpenGL ES 3.1 (OpenGL ES 3.1.0 (ANGLE 2.1.1 git hash: fbf66f49c7cc))
10-08 15:53:33.525  4853  4871 I SpinonBootstrap: SPINON_R08_SHADER=ready
10-08 15:53:33.525  4853  4871 I SpinonBootstrap: SPINON_R08_SURFACE=size 1080x1920
10-08 15:53:33.525  4853  4871 I SpinonBootstrap: SPINON_R05_DRAW renderer=opengl_es draw_seq=1 revision=0 generation=1
10-08 15:53:33.525  4853  4871 I SpinonBootstrap: SPINON_R08_FRAME=first_draw_submitted
10-08 15:53:33.542  4853  4871 I SpinonBootstrap: SPINON_R05_DRAW renderer=opengl_es draw_seq=2 revision=0 generation=1
10-08 15:53:35.198  4853  4853 I SpinonBootstrap: SPINON_R05_INPUT renderer=opengl_es input_seq=1 phase=ACTION_UP timestamp_precision=nanosecond_representation input_source=unknown event_time_ns=2569802000000 handler_uptime_ns=2569805599016 generation=1
10-08 15:53:35.200  4853  4853 I SpinonBootstrap: SPINON_R05_SUBMIT renderer=opengl_es input_seq=1 revision=1 generation=1 event_time_ns=2569802000000 handler_uptime_ns=2569807564183 draw_requested=true draw_completed=false present_signal=unavailable attribution=input
10-08 15:53:35.200  4853  4871 I SpinonBootstrap: SPINON_R05_DRAW renderer=opengl_es draw_seq=3 revision=1 generation=1
10-08 15:53:35.201  4853  4853 I SpinonBootstrap: SPINON_R05_PRESENT_FLUSH renderer=opengl_es queued=true generation=1
10-08 15:53:35.201  4853  4853 I SpinonBootstrap: SPINON_R08_TOUCH count=1
10-08 15:53:35.201  4853  4924 I SpinonBootstrap: SPINON_R05_PRESENT_FLUSH requested=true renderer=opengl_es generation=1
10-08 15:53:35.202  4853  4924 I SpinonBootstrap: SPINON_R05_PRESENT_BATCH renderer=opengl_es generation=1 batch_seq=1 record_count=3 callback_os_tid=4924 callback_thread_id=56 registering_thread_os_tid=4853 queue_depth=0 rejected_callback_batches=0 rejected_flush_tasks=0 callback_uptime_ns=2569809834641 attribution=unmatched
10-08 15:53:35.202  4853  4924 I SpinonBootstrap: SPINON_R05_PRESENT renderer=opengl_es signal=SurfaceView_JankData generation=1 current_generation=1 current_surface=true batch_seq=1 record_index=0 callback_os_tid=4924 callback_thread_id=56 registering_thread_os_tid=4853 queue_depth=0 vsync_id=-1 present_time_ns=-1 present_state=unknown jank_type=0 actual_app_frame_ns=0 scheduled_app_frame_ns=0 callback_uptime_ns=2569809834641 frame_id=unmatched revision=unmatched attribution=unmatched
10-08 15:53:35.202  4853  4924 I SpinonBootstrap: SPINON_R05_PRESENT renderer=opengl_es signal=SurfaceView_JankData generation=1 current_generation=1 current_surface=true batch_seq=1 record_index=1 callback_os_tid=4924 callback_thread_id=56 registering_thread_os_tid=4853 queue_depth=0 vsync_id=-1 present_time_ns=-1 present_state=unknown jank_type=0 actual_app_frame_ns=0 scheduled_app_frame_ns=0 callback_uptime_ns=2569809834641 frame_id=unmatched revision=unmatched attribution=unmatched
10-08 15:53:35.202  4853  4924 I SpinonBootstrap: SPINON_R05_PRESENT renderer=opengl_es signal=SurfaceView_JankData generation=1 current_generation=1 current_surface=true batch_seq=1 record_index=2 callback_os_tid=4924 callback_thread_id=56 registering_thread_os_tid=4853 queue_depth=0 vsync_id=90249 present_time_ns=-1 present_state=unknown jank_type=2 actual_app_frame_ns=202813435 scheduled_app_frame_ns=16666666 callback_uptime_ns=2569809834641 frame_id=unmatched revision=unmatched attribution=unmatched
10-08 15:53:35.591  4853  4853 I SpinonBootstrap: SPINON_R05_INPUT renderer=opengl_es input_seq=2 phase=ACTION_UP timestamp_precision=nanosecond_representation input_source=unknown event_time_ns=2570197000000 handler_uptime_ns=2570199082392 generation=1
10-08 15:53:35.591  4853  4853 I SpinonBootstrap: SPINON_R05_SUBMIT renderer=opengl_es input_seq=2 revision=2 generation=1 event_time_ns=2570197000000 handler_uptime_ns=2570199194683 draw_requested=true draw_completed=false present_signal=unavailable attribution=input
10-08 15:53:35.591  4853  4853 I SpinonBootstrap: SPINON_R05_PRESENT_FLUSH renderer=opengl_es queued=true generation=1
10-08 15:53:35.591  4853  4924 I SpinonBootstrap: SPINON_R05_PRESENT_FLUSH requested=true renderer=opengl_es generation=1
10-08 15:53:35.591  4853  4853 I SpinonBootstrap: SPINON_R08_TOUCH count=2
10-08 15:53:35.591  4853  4871 I SpinonBootstrap: SPINON_R05_DRAW renderer=opengl_es draw_seq=4 revision=2 generation=1
10-08 15:53:35.592  4853  4924 I SpinonBootstrap: SPINON_R05_PRESENT_BATCH renderer=opengl_es generation=1 batch_seq=2 record_count=1 callback_os_tid=4924 callback_thread_id=56 registering_thread_os_tid=4853 queue_depth=0 rejected_callback_batches=0 rejected_flush_tasks=0 callback_uptime_ns=2570199727767 attribution=unmatched
10-08 15:53:35.592  4853  4924 I SpinonBootstrap: SPINON_R05_PRESENT renderer=opengl_es signal=SurfaceView_JankData generation=1 current_generation=1 current_surface=true batch_seq=2 record_index=0 callback_os_tid=4924 callback_thread_id=56 registering_thread_os_tid=4853 queue_depth=0 vsync_id=-1 present_time_ns=-1 present_state=unknown jank_type=0 actual_app_frame_ns=0 scheduled_app_frame_ns=0 callback_uptime_ns=2570199727767 frame_id=unmatched revision=unmatched attribution=unmatched
10-08 15:53:35.996  4853  4853 I SpinonBootstrap: SPINON_R05_INPUT renderer=opengl_es input_seq=3 phase=ACTION_UP timestamp_precision=nanosecond_representation input_source=unknown event_time_ns=2570602000000 handler_uptime_ns=2570604425767 generation=1
10-08 15:53:35.997  4853  4853 I SpinonBootstrap: SPINON_R05_SUBMIT renderer=opengl_es input_seq=3 revision=3 generation=1 event_time_ns=2570602000000 handler_uptime_ns=2570604587350 draw_requested=true draw_completed=false present_signal=unavailable attribution=input
10-08 15:53:35.997  4853  4853 I SpinonBootstrap: SPINON_R05_PRESENT_FLUSH renderer=opengl_es queued=true generation=1
10-08 15:53:35.997  4853  4871 I SpinonBootstrap: SPINON_R05_DRAW renderer=opengl_es draw_seq=5 revision=3 generation=1
10-08 15:53:35.997  4853  4924 I SpinonBootstrap: SPINON_R05_PRESENT_FLUSH requested=true renderer=opengl_es generation=1
10-08 15:53:35.997  4853  4853 I SpinonBootstrap: SPINON_R08_TOUCH count=3
10-08 15:53:35.997  4853  4924 I SpinonBootstrap: SPINON_R05_PRESENT_BATCH renderer=opengl_es generation=1 batch_seq=3 record_count=1 callback_os_tid=4924 callback_thread_id=56 registering_thread_os_tid=4853 queue_depth=0 rejected_callback_batches=0 rejected_flush_tasks=0 callback_uptime_ns=2570604942142 attribution=unmatched
10-08 15:53:35.997  4853  4924 I SpinonBootstrap: SPINON_R05_PRESENT renderer=opengl_es signal=SurfaceView_JankData generation=1 current_generation=1 current_surface=true batch_seq=3 record_index=0 callback_os_tid=4924 callback_thread_id=56 registering_thread_os_tid=4853 queue_depth=0 vsync_id=-1 present_time_ns=-1 present_state=unknown jank_type=0 actual_app_frame_ns=0 scheduled_app_frame_ns=0 callback_uptime_ns=2570604942142 frame_id=unmatched revision=unmatched attribution=unmatched
10-08 15:53:36.397  4853  4853 I SpinonBootstrap: SPINON_R05_INPUT renderer=opengl_es input_seq=4 phase=ACTION_UP timestamp_precision=nanosecond_representation input_source=unknown event_time_ns=2571004000000 handler_uptime_ns=2571005456892 generation=1
10-08 15:53:36.398  4853  4853 I SpinonBootstrap: SPINON_R05_SUBMIT renderer=opengl_es input_seq=4 revision=4 generation=1 event_time_ns=2571004000000 handler_uptime_ns=2571005593892 draw_requested=true draw_completed=false present_signal=unavailable attribution=input
10-08 15:53:36.398  4853  4853 I SpinonBootstrap: SPINON_R05_PRESENT_FLUSH renderer=opengl_es queued=true generation=1
10-08 15:53:36.398  4853  4924 I SpinonBootstrap: SPINON_R05_PRESENT_FLUSH requested=true renderer=opengl_es generation=1
10-08 15:53:36.398  4853  4853 I SpinonBootstrap: SPINON_R08_TOUCH count=4
10-08 15:53:36.398  4853  4871 I SpinonBootstrap: SPINON_R05_DRAW renderer=opengl_es draw_seq=6 revision=4 generation=1
10-08 15:53:36.399  4853  4924 I SpinonBootstrap: SPINON_R05_PRESENT_BATCH renderer=opengl_es generation=1 batch_seq=4 record_count=1 callback_os_tid=4924 callback_thread_id=56 registering_thread_os_tid=4853 queue_depth=0 rejected_callback_batches=0 rejected_flush_tasks=0 callback_uptime_ns=2571007116642 attribution=unmatched
10-08 15:53:36.400  4853  4924 I SpinonBootstrap: SPINON_R05_PRESENT renderer=opengl_es signal=SurfaceView_JankData generation=1 current_generation=1 current_surface=true batch_seq=4 record_index=0 callback_os_tid=4924 callback_thread_id=56 registering_thread_os_tid=4853 queue_depth=0 vsync_id=-1 present_time_ns=-1 present_state=unknown jank_type=0 actual_app_frame_ns=0 scheduled_app_frame_ns=0 callback_uptime_ns=2571007116642 frame_id=unmatched revision=unmatched attribution=unmatched
10-08 15:53:36.785  4853  4853 I SpinonBootstrap: SPINON_R05_INPUT renderer=opengl_es input_seq=5 phase=ACTION_UP timestamp_precision=nanosecond_representation input_source=unknown event_time_ns=2571388000000 handler_uptime_ns=2571393241934 generation=1
10-08 15:53:36.785  4853  4853 I SpinonBootstrap: SPINON_R05_SUBMIT renderer=opengl_es input_seq=5 revision=5 generation=1 event_time_ns=2571388000000 handler_uptime_ns=2571393339351 draw_requested=true draw_completed=false present_signal=unavailable attribution=input
10-08 15:53:36.785  4853  4853 I SpinonBootstrap: SPINON_R05_PRESENT_FLUSH renderer=opengl_es queued=true generation=1
10-08 15:53:36.786  4853  4853 I SpinonBootstrap: SPINON_R08_TOUCH count=5
10-08 15:53:36.786  4853  4924 I SpinonBootstrap: SPINON_R05_PRESENT_FLUSH requested=true renderer=opengl_es generation=1
10-08 15:53:36.786  4853  4871 I SpinonBootstrap: SPINON_R05_DRAW renderer=opengl_es draw_seq=7 revision=5 generation=1
10-08 15:53:37.167  4853  4853 I SpinonBootstrap: SPINON_R05_INPUT renderer=opengl_es input_seq=6 phase=ACTION_UP timestamp_precision=nanosecond_representation input_source=unknown event_time_ns=2571773000000 handler_uptime_ns=2571775182309 generation=1
10-08 15:53:37.167  4853  4853 I SpinonBootstrap: SPINON_R05_SUBMIT renderer=opengl_es input_seq=6 revision=6 generation=1 event_time_ns=2571773000000 handler_uptime_ns=2571775374142 draw_requested=true draw_completed=false present_signal=unavailable attribution=input
10-08 15:53:37.168  4853  4871 I SpinonBootstrap: SPINON_R05_DRAW renderer=opengl_es draw_seq=8 revision=6 generation=1
10-08 15:53:37.168  4853  4853 I SpinonBootstrap: SPINON_R05_PRESENT_FLUSH renderer=opengl_es queued=true generation=1
10-08 15:53:37.168  4853  4853 I SpinonBootstrap: SPINON_R08_TOUCH count=6
10-08 15:53:37.169  4853  4924 I SpinonBootstrap: SPINON_R05_PRESENT_FLUSH requested=true renderer=opengl_es generation=1
10-08 15:53:37.169  4853  4924 I SpinonBootstrap: SPINON_R05_PRESENT_BATCH renderer=opengl_es generation=1 batch_seq=5 record_count=2 callback_os_tid=4924 callback_thread_id=56 registering_thread_os_tid=4853 queue_depth=0 rejected_callback_batches=0 rejected_flush_tasks=0 callback_uptime_ns=2571776616767 attribution=unmatched
10-08 15:53:37.169  4853  4924 I SpinonBootstrap: SPINON_R05_PRESENT renderer=opengl_es signal=SurfaceView_JankData generation=1 current_generation=1 current_surface=true batch_seq=5 record_index=0 callback_os_tid=4924 callback_thread_id=56 registering_thread_os_tid=4853 queue_depth=0 vsync_id=-1 present_time_ns=-1 present_state=unknown jank_type=0 actual_app_frame_ns=0 scheduled_app_frame_ns=0 callback_uptime_ns=2571776616767 frame_id=unmatched revision=unmatched attribution=unmatched
10-08 15:53:37.169  4853  4924 I SpinonBootstrap: SPINON_R05_PRESENT renderer=opengl_es signal=SurfaceView_JankData generation=1 current_generation=1 current_surface=true batch_seq=5 record_index=1 callback_os_tid=4924 callback_thread_id=56 registering_thread_os_tid=4853 queue_depth=0 vsync_id=-1 present_time_ns=-1 present_state=unknown jank_type=0 actual_app_frame_ns=0 scheduled_app_frame_ns=0 callback_uptime_ns=2571776616767 frame_id=unmatched revision=unmatched attribution=unmatched
10-08 15:53:37.550  4853  4853 I SpinonBootstrap: SPINON_R05_INPUT renderer=opengl_es input_seq=7 phase=ACTION_UP timestamp_precision=nanosecond_representation input_source=unknown event_time_ns=2572156000000 handler_uptime_ns=2572158132226 generation=1
10-08 15:53:37.550  4853  4853 I SpinonBootstrap: SPINON_R05_SUBMIT renderer=opengl_es input_seq=7 revision=7 generation=1 event_time_ns=2572156000000 handler_uptime_ns=2572158322518 draw_requested=true draw_completed=false present_signal=unavailable attribution=input
10-08 15:53:37.551  4853  4853 I SpinonBootstrap: SPINON_R05_PRESENT_FLUSH renderer=opengl_es queued=true generation=1
10-08 15:53:37.551  4853  4853 I SpinonBootstrap: SPINON_R08_TOUCH count=7
10-08 15:53:37.551  4853  4924 I SpinonBootstrap: SPINON_R05_PRESENT_FLUSH requested=true renderer=opengl_es generation=1
10-08 15:53:37.551  4853  4871 I SpinonBootstrap: SPINON_R05_DRAW renderer=opengl_es draw_seq=9 revision=7 generation=1
10-08 15:53:37.553  4853  4924 I SpinonBootstrap: SPINON_R05_PRESENT_BATCH renderer=opengl_es generation=1 batch_seq=6 record_count=1 callback_os_tid=4924 callback_thread_id=56 registering_thread_os_tid=4853 queue_depth=0 rejected_callback_batches=0 rejected_flush_tasks=0 callback_uptime_ns=2572160500893 attribution=unmatched
10-08 15:53:37.553  4853  4924 I SpinonBootstrap: SPINON_R05_PRESENT renderer=opengl_es signal=SurfaceView_JankData generation=1 current_generation=1 current_surface=true batch_seq=6 record_index=0 callback_os_tid=4924 callback_thread_id=56 registering_thread_os_tid=4853 queue_depth=0 vsync_id=-1 present_time_ns=-1 present_state=unknown jank_type=0 actual_app_frame_ns=0 scheduled_app_frame_ns=0 callback_uptime_ns=2572160500893 frame_id=unmatched revision=unmatched attribution=unmatched
10-08 15:53:37.935  4853  4853 I SpinonBootstrap: SPINON_R05_INPUT renderer=opengl_es input_seq=8 phase=ACTION_UP timestamp_precision=nanosecond_representation input_source=unknown event_time_ns=2572541000000 handler_uptime_ns=2572543118809 generation=1
10-08 15:53:37.935  4853  4853 I SpinonBootstrap: SPINON_R05_SUBMIT renderer=opengl_es input_seq=8 revision=8 generation=1 event_time_ns=2572541000000 handler_uptime_ns=2572543224018 draw_requested=true draw_completed=false present_signal=unavailable attribution=input
10-08 15:53:37.935  4853  4853 I SpinonBootstrap: SPINON_R05_PRESENT_FLUSH renderer=opengl_es queued=true generation=1
10-08 15:53:37.935  4853  4871 I SpinonBootstrap: SPINON_R05_DRAW renderer=opengl_es draw_seq=10 revision=8 generation=1
10-08 15:53:37.936  4853  4853 I SpinonBootstrap: SPINON_R08_TOUCH count=8
10-08 15:53:37.937  4853  4924 I SpinonBootstrap: SPINON_R05_PRESENT_FLUSH requested=true renderer=opengl_es generation=1
10-08 15:53:37.939  4853  4924 I SpinonBootstrap: SPINON_R05_PRESENT_BATCH renderer=opengl_es generation=1 batch_seq=7 record_count=1 callback_os_tid=4924 callback_thread_id=56 registering_thread_os_tid=4853 queue_depth=0 rejected_callback_batches=0 rejected_flush_tasks=0 callback_uptime_ns=2572546596518 attribution=unmatched
10-08 15:53:37.939  4853  4924 I SpinonBootstrap: SPINON_R05_PRESENT renderer=opengl_es signal=SurfaceView_JankData generation=1 current_generation=1 current_surface=true batch_seq=7 record_index=0 callback_os_tid=4924 callback_thread_id=56 registering_thread_os_tid=4853 queue_depth=0 vsync_id=-1 present_time_ns=-1 present_state=unknown jank_type=0 actual_app_frame_ns=0 scheduled_app_frame_ns=0 callback_uptime_ns=2572546596518 frame_id=unmatched revision=unmatched attribution=unmatched
10-08 15:53:38.318  4853  4853 I SpinonBootstrap: SPINON_R05_INPUT renderer=opengl_es input_seq=9 phase=ACTION_UP timestamp_precision=nanosecond_representation input_source=unknown event_time_ns=2572925000000 handler_uptime_ns=2572926455935 generation=1
10-08 15:53:38.319  4853  4853 I SpinonBootstrap: SPINON_R05_SUBMIT renderer=opengl_es input_seq=9 revision=9 generation=1 event_time_ns=2572925000000 handler_uptime_ns=2572926569851 draw_requested=true draw_completed=false present_signal=unavailable attribution=input
10-08 15:53:38.319  4853  4853 I SpinonBootstrap: SPINON_R05_PRESENT_FLUSH renderer=opengl_es queued=true generation=1
10-08 15:53:38.319  4853  4924 I SpinonBootstrap: SPINON_R05_PRESENT_FLUSH requested=true renderer=opengl_es generation=1
10-08 15:53:38.319  4853  4924 I SpinonBootstrap: SPINON_R05_PRESENT_BATCH renderer=opengl_es generation=1 batch_seq=8 record_count=1 callback_os_tid=4924 callback_thread_id=56 registering_thread_os_tid=4853 queue_depth=0 rejected_callback_batches=0 rejected_flush_tasks=0 callback_uptime_ns=2572927202768 attribution=unmatched
10-08 15:53:38.319  4853  4924 I SpinonBootstrap: SPINON_R05_PRESENT renderer=opengl_es signal=SurfaceView_JankData generation=1 current_generation=1 current_surface=true batch_seq=8 record_index=0 callback_os_tid=4924 callback_thread_id=56 registering_thread_os_tid=4853 queue_depth=0 vsync_id=-1 present_time_ns=-1 present_state=unknown jank_type=0 actual_app_frame_ns=0 scheduled_app_frame_ns=0 callback_uptime_ns=2572927202768 frame_id=unmatched revision=unmatched attribution=unmatched
10-08 15:53:38.320  4853  4871 I SpinonBootstrap: SPINON_R05_DRAW renderer=opengl_es draw_seq=11 revision=9 generation=1
10-08 15:53:38.320  4853  4853 I SpinonBootstrap: SPINON_R08_TOUCH count=9
10-08 15:53:38.701  4853  4853 I SpinonBootstrap: SPINON_R05_INPUT renderer=opengl_es input_seq=10 phase=ACTION_UP timestamp_precision=nanosecond_representation input_source=unknown event_time_ns=2573307000000 handler_uptime_ns=2573309042393 generation=1
10-08 15:53:38.701  4853  4853 I SpinonBootstrap: SPINON_R05_SUBMIT renderer=opengl_es input_seq=10 revision=10 generation=1 event_time_ns=2573307000000 handler_uptime_ns=2573309433060 draw_requested=true draw_completed=false present_signal=unavailable attribution=input
10-08 15:53:38.702  4853  4871 I SpinonBootstrap: SPINON_R05_DRAW renderer=opengl_es draw_seq=12 revision=10 generation=1
10-08 15:53:38.702  4853  4924 I SpinonBootstrap: SPINON_R05_PRESENT_FLUSH requested=true renderer=opengl_es generation=1
10-08 15:53:38.702  4853  4853 I SpinonBootstrap: SPINON_R05_PRESENT_FLUSH renderer=opengl_es queued=true generation=1
10-08 15:53:38.703  4853  4853 I SpinonBootstrap: SPINON_R08_TOUCH count=10
10-08 15:53:38.703  4853  4924 I SpinonBootstrap: SPINON_R05_PRESENT_BATCH renderer=opengl_es generation=1 batch_seq=9 record_count=1 callback_os_tid=4924 callback_thread_id=56 registering_thread_os_tid=4853 queue_depth=0 rejected_callback_batches=0 rejected_flush_tasks=0 callback_uptime_ns=2573310925310 attribution=unmatched
10-08 15:53:38.703  4853  4924 I SpinonBootstrap: SPINON_R05_PRESENT renderer=opengl_es signal=SurfaceView_JankData generation=1 current_generation=1 current_surface=true batch_seq=9 record_index=0 callback_os_tid=4924 callback_thread_id=56 registering_thread_os_tid=4853 queue_depth=0 vsync_id=-1 present_time_ns=-1 present_state=unknown jank_type=0 actual_app_frame_ns=0 scheduled_app_frame_ns=0 callback_uptime_ns=2573310925310 frame_id=unmatched revision=unmatched attribution=unmatched
10-08 15:53:39.090  4853  4853 I SpinonBootstrap: SPINON_R05_INPUT renderer=opengl_es input_seq=11 phase=ACTION_UP timestamp_precision=nanosecond_representation input_source=unknown event_time_ns=2573695000000 handler_uptime_ns=2573698025352 generation=1
10-08 15:53:39.090  4853  4853 I SpinonBootstrap: SPINON_R05_SUBMIT renderer=opengl_es input_seq=11 revision=11 generation=1 event_time_ns=2573695000000 handler_uptime_ns=2573698134435 draw_requested=true draw_completed=false present_signal=unavailable attribution=input
10-08 15:53:39.090  4853  4853 I SpinonBootstrap: SPINON_R05_PRESENT_FLUSH renderer=opengl_es queued=true generation=1
10-08 15:53:39.090  4853  4853 I SpinonBootstrap: SPINON_R08_TOUCH count=11
10-08 15:53:39.090  4853  4871 I SpinonBootstrap: SPINON_R05_DRAW renderer=opengl_es draw_seq=13 revision=11 generation=1
10-08 15:53:39.091  4853  4924 I SpinonBootstrap: SPINON_R05_PRESENT_FLUSH requested=true renderer=opengl_es generation=1
10-08 15:53:39.092  4853  4924 I SpinonBootstrap: SPINON_R05_PRESENT_BATCH renderer=opengl_es generation=1 batch_seq=10 record_count=1 callback_os_tid=4924 callback_thread_id=56 registering_thread_os_tid=4853 queue_depth=0 rejected_callback_batches=0 rejected_flush_tasks=0 callback_uptime_ns=2573700225935 attribution=unmatched
10-08 15:53:39.092  4853  4924 I SpinonBootstrap: SPINON_R05_PRESENT renderer=opengl_es signal=SurfaceView_JankData generation=1 current_generation=1 current_surface=true batch_seq=10 record_index=0 callback_os_tid=4924 callback_thread_id=56 registering_thread_os_tid=4853 queue_depth=0 vsync_id=-1 present_time_ns=-1 present_state=unknown jank_type=0 actual_app_frame_ns=0 scheduled_app_frame_ns=0 callback_uptime_ns=2573700225935 frame_id=unmatched revision=unmatched attribution=unmatched
10-08 15:53:39.472  4853  4853 I SpinonBootstrap: SPINON_R05_INPUT renderer=opengl_es input_seq=12 phase=ACTION_UP timestamp_precision=nanosecond_representation input_source=unknown event_time_ns=2574078000000 handler_uptime_ns=2574079772227 generation=1
10-08 15:53:39.472  4853  4853 I SpinonBootstrap: SPINON_R05_SUBMIT renderer=opengl_es input_seq=12 revision=12 generation=1 event_time_ns=2574078000000 handler_uptime_ns=2574079944310 draw_requested=true draw_completed=false present_signal=unavailable attribution=input
10-08 15:53:39.472  4853  4871 I SpinonBootstrap: SPINON_R05_DRAW renderer=opengl_es draw_seq=14 revision=12 generation=1
10-08 15:53:39.473  4853  4853 I SpinonBootstrap: SPINON_R05_PRESENT_FLUSH renderer=opengl_es queued=true generation=1
10-08 15:53:39.473  4853  4853 I SpinonBootstrap: SPINON_R08_TOUCH count=12
10-08 15:53:39.474  4853  4924 I SpinonBootstrap: SPINON_R05_PRESENT_FLUSH requested=true renderer=opengl_es generation=1
10-08 15:53:39.474  4853  4924 I SpinonBootstrap: SPINON_R05_PRESENT_BATCH renderer=opengl_es generation=1 batch_seq=11 record_count=1 callback_os_tid=4924 callback_thread_id=56 registering_thread_os_tid=4853 queue_depth=0 rejected_callback_batches=0 rejected_flush_tasks=0 callback_uptime_ns=2574081766435 attribution=unmatched
10-08 15:53:39.474  4853  4924 I SpinonBootstrap: SPINON_R05_PRESENT renderer=opengl_es signal=SurfaceView_JankData generation=1 current_generation=1 current_surface=true batch_seq=11 record_index=0 callback_os_tid=4924 callback_thread_id=56 registering_thread_os_tid=4853 queue_depth=0 vsync_id=-1 present_time_ns=-1 present_state=unknown jank_type=0 actual_app_frame_ns=0 scheduled_app_frame_ns=0 callback_uptime_ns=2574081766435 frame_id=unmatched revision=unmatched attribution=unmatched
10-08 15:53:39.863  4853  4853 I SpinonBootstrap: SPINON_R05_INPUT renderer=opengl_es input_seq=13 phase=ACTION_UP timestamp_precision=nanosecond_representation input_source=unknown event_time_ns=2574469000000 handler_uptime_ns=2574470605935 generation=1
10-08 15:53:39.863  4853  4853 I SpinonBootstrap: SPINON_R05_SUBMIT renderer=opengl_es input_seq=13 revision=13 generation=1 event_time_ns=2574469000000 handler_uptime_ns=2574470732102 draw_requested=true draw_completed=false present_signal=unavailable attribution=input
10-08 15:53:39.863  4853  4871 I SpinonBootstrap: SPINON_R05_DRAW renderer=opengl_es draw_seq=15 revision=13 generation=1
10-08 15:53:39.863  4853  4853 I SpinonBootstrap: SPINON_R05_PRESENT_FLUSH renderer=opengl_es queued=true generation=1
10-08 15:53:39.866  4853  4853 I SpinonBootstrap: SPINON_R08_TOUCH count=13
10-08 15:53:39.867  4853  4924 I SpinonBootstrap: SPINON_R05_PRESENT_FLUSH requested=true renderer=opengl_es generation=1
10-08 15:53:39.868  4853  4924 I SpinonBootstrap: SPINON_R05_PRESENT_BATCH renderer=opengl_es generation=1 batch_seq=12 record_count=1 callback_os_tid=4924 callback_thread_id=56 registering_thread_os_tid=4853 queue_depth=0 rejected_callback_batches=0 rejected_flush_tasks=0 callback_uptime_ns=2574475471227 attribution=unmatched
10-08 15:53:39.868  4853  4924 I SpinonBootstrap: SPINON_R05_PRESENT renderer=opengl_es signal=SurfaceView_JankData generation=1 current_generation=1 current_surface=true batch_seq=12 record_index=0 callback_os_tid=4924 callback_thread_id=56 registering_thread_os_tid=4853 queue_depth=0 vsync_id=-1 present_time_ns=-1 present_state=unknown jank_type=0 actual_app_frame_ns=0 scheduled_app_frame_ns=0 callback_uptime_ns=2574475471227 frame_id=unmatched revision=unmatched attribution=unmatched
10-08 15:53:40.242  4853  4853 I SpinonBootstrap: SPINON_R05_INPUT renderer=opengl_es input_seq=14 phase=ACTION_UP timestamp_precision=nanosecond_representation input_source=unknown event_time_ns=2574848000000 handler_uptime_ns=2574850233394 generation=1
10-08 15:53:40.243  4853  4853 I SpinonBootstrap: SPINON_R05_SUBMIT renderer=opengl_es input_seq=14 revision=14 generation=1 event_time_ns=2574848000000 handler_uptime_ns=2574850718019 draw_requested=true draw_completed=false present_signal=unavailable attribution=input
10-08 15:53:40.243  4853  4853 I SpinonBootstrap: SPINON_R05_PRESENT_FLUSH renderer=opengl_es queued=true generation=1
10-08 15:53:40.243  4853  4871 I SpinonBootstrap: SPINON_R05_DRAW renderer=opengl_es draw_seq=16 revision=14 generation=1
10-08 15:53:40.243  4853  4853 I SpinonBootstrap: SPINON_R08_TOUCH count=14
10-08 15:53:40.244  4853  4924 I SpinonBootstrap: SPINON_R05_PRESENT_FLUSH requested=true renderer=opengl_es generation=1
10-08 15:53:40.246  4853  4924 I SpinonBootstrap: SPINON_R05_PRESENT_BATCH renderer=opengl_es generation=1 batch_seq=13 record_count=1 callback_os_tid=4924 callback_thread_id=56 registering_thread_os_tid=4853 queue_depth=0 rejected_callback_batches=0 rejected_flush_tasks=0 callback_uptime_ns=2574853557061 attribution=unmatched
10-08 15:53:40.246  4853  4924 I SpinonBootstrap: SPINON_R05_PRESENT renderer=opengl_es signal=SurfaceView_JankData generation=1 current_generation=1 current_surface=true batch_seq=13 record_index=0 callback_os_tid=4924 callback_thread_id=56 registering_thread_os_tid=4853 queue_depth=0 vsync_id=-1 present_time_ns=-1 present_state=unknown jank_type=0 actual_app_frame_ns=0 scheduled_app_frame_ns=0 callback_uptime_ns=2574853557061 frame_id=unmatched revision=unmatched attribution=unmatched
10-08 15:53:40.632  4853  4853 I SpinonBootstrap: SPINON_R05_INPUT renderer=opengl_es input_seq=15 phase=ACTION_UP timestamp_precision=nanosecond_representation input_source=unknown event_time_ns=2575238000000 handler_uptime_ns=2575240378311 generation=1
10-08 15:53:40.633  4853  4853 I SpinonBootstrap: SPINON_R05_SUBMIT renderer=opengl_es input_seq=15 revision=15 generation=1 event_time_ns=2575238000000 handler_uptime_ns=2575240498102 draw_requested=true draw_completed=false present_signal=unavailable attribution=input
10-08 15:53:40.633  4853  4853 I SpinonBootstrap: SPINON_R05_PRESENT_FLUSH renderer=opengl_es queued=true generation=1
10-08 15:53:40.633  4853  4853 I SpinonBootstrap: SPINON_R08_TOUCH count=15
10-08 15:53:40.637  4853  4871 I SpinonBootstrap: SPINON_R05_DRAW renderer=opengl_es draw_seq=17 revision=15 generation=1
10-08 15:53:40.637  4853  4924 I SpinonBootstrap: SPINON_R05_PRESENT_FLUSH requested=true renderer=opengl_es generation=1
10-08 15:53:40.638  4853  4924 I SpinonBootstrap: SPINON_R05_PRESENT_BATCH renderer=opengl_es generation=1 batch_seq=14 record_count=1 callback_os_tid=4924 callback_thread_id=56 registering_thread_os_tid=4853 queue_depth=0 rejected_callback_batches=0 rejected_flush_tasks=0 callback_uptime_ns=2575245543561 attribution=unmatched
10-08 15:53:40.638  4853  4924 I SpinonBootstrap: SPINON_R05_PRESENT renderer=opengl_es signal=SurfaceView_JankData generation=1 current_generation=1 current_surface=true batch_seq=14 record_index=0 callback_os_tid=4924 callback_thread_id=56 registering_thread_os_tid=4853 queue_depth=0 vsync_id=-1 present_time_ns=-1 present_state=unknown jank_type=0 actual_app_frame_ns=0 scheduled_app_frame_ns=0 callback_uptime_ns=2575245543561 frame_id=unmatched revision=unmatched attribution=unmatched
10-08 15:53:41.027  4853  4853 I SpinonBootstrap: SPINON_R05_INPUT renderer=opengl_es input_seq=16 phase=ACTION_UP timestamp_precision=nanosecond_representation input_source=unknown event_time_ns=2575632000000 handler_uptime_ns=2575635414478 generation=1
10-08 15:53:41.028  4853  4853 I SpinonBootstrap: SPINON_R05_SUBMIT renderer=opengl_es input_seq=16 revision=16 generation=1 event_time_ns=2575632000000 handler_uptime_ns=2575635826853 draw_requested=true draw_completed=false present_signal=unavailable attribution=input
10-08 15:53:41.028  4853  4853 I SpinonBootstrap: SPINON_R05_PRESENT_FLUSH renderer=opengl_es queued=true generation=1
10-08 15:53:41.028  4853  4853 I SpinonBootstrap: SPINON_R08_TOUCH count=16
10-08 15:53:41.029  4853  4871 I SpinonBootstrap: SPINON_R05_DRAW renderer=opengl_es draw_seq=18 revision=16 generation=1
10-08 15:53:41.030  4853  4924 I SpinonBootstrap: SPINON_R05_PRESENT_FLUSH requested=true renderer=opengl_es generation=1
10-08 15:53:41.039  4853  4924 I SpinonBootstrap: SPINON_R05_PRESENT_BATCH renderer=opengl_es generation=1 batch_seq=15 record_count=1 callback_os_tid=4924 callback_thread_id=56 registering_thread_os_tid=4853 queue_depth=0 rejected_callback_batches=0 rejected_flush_tasks=0 callback_uptime_ns=2575646463103 attribution=unmatched
10-08 15:53:41.039  4853  4924 I SpinonBootstrap: SPINON_R05_PRESENT renderer=opengl_es signal=SurfaceView_JankData generation=1 current_generation=1 current_surface=true batch_seq=15 record_index=0 callback_os_tid=4924 callback_thread_id=56 registering_thread_os_tid=4853 queue_depth=0 vsync_id=-1 present_time_ns=-1 present_state=unknown jank_type=0 actual_app_frame_ns=0 scheduled_app_frame_ns=0 callback_uptime_ns=2575646463103 frame_id=unmatched revision=unmatched attribution=unmatched
10-08 15:53:41.430  4853  4853 I SpinonBootstrap: SPINON_R05_INPUT renderer=opengl_es input_seq=17 phase=ACTION_UP timestamp_precision=nanosecond_representation input_source=unknown event_time_ns=2576035000000 handler_uptime_ns=2576037786561 generation=1
10-08 15:53:41.430  4853  4853 I SpinonBootstrap: SPINON_R05_SUBMIT renderer=opengl_es input_seq=17 revision=17 generation=1 event_time_ns=2576035000000 handler_uptime_ns=2576038133186 draw_requested=true draw_completed=false present_signal=unavailable attribution=input
10-08 15:53:41.430  4853  4871 I SpinonBootstrap: SPINON_R05_DRAW renderer=opengl_es draw_seq=19 revision=17 generation=1
10-08 15:53:41.433  4853  4853 I SpinonBootstrap: SPINON_R05_PRESENT_FLUSH renderer=opengl_es queued=true generation=1
10-08 15:53:41.433  4853  4853 I SpinonBootstrap: SPINON_R08_TOUCH count=17
10-08 15:53:41.434  4853  4924 I SpinonBootstrap: SPINON_R05_PRESENT_FLUSH requested=true renderer=opengl_es generation=1
10-08 15:53:41.438  4853  4924 I SpinonBootstrap: SPINON_R05_PRESENT_BATCH renderer=opengl_es generation=1 batch_seq=16 record_count=1 callback_os_tid=4924 callback_thread_id=56 registering_thread_os_tid=4853 queue_depth=0 rejected_callback_batches=0 rejected_flush_tasks=0 callback_uptime_ns=2576046438936 attribution=unmatched
10-08 15:53:41.438  4853  4924 I SpinonBootstrap: SPINON_R05_PRESENT renderer=opengl_es signal=SurfaceView_JankData generation=1 current_generation=1 current_surface=true batch_seq=16 record_index=0 callback_os_tid=4924 callback_thread_id=56 registering_thread_os_tid=4853 queue_depth=0 vsync_id=-1 present_time_ns=-1 present_state=unknown jank_type=0 actual_app_frame_ns=0 scheduled_app_frame_ns=0 callback_uptime_ns=2576046438936 frame_id=unmatched revision=unmatched attribution=unmatched
10-08 15:53:41.826  4853  4853 I SpinonBootstrap: SPINON_R05_INPUT renderer=opengl_es input_seq=18 phase=ACTION_UP timestamp_precision=nanosecond_representation input_source=unknown event_time_ns=2576430000000 handler_uptime_ns=2576433858103 generation=1
10-08 15:53:41.826  4853  4853 I SpinonBootstrap: SPINON_R05_SUBMIT renderer=opengl_es input_seq=18 revision=18 generation=1 event_time_ns=2576430000000 handler_uptime_ns=2576434137853 draw_requested=true draw_completed=false present_signal=unavailable attribution=input
10-08 15:53:41.826  4853  4924 I SpinonBootstrap: SPINON_R05_PRESENT_FLUSH requested=true renderer=opengl_es generation=1
10-08 15:53:41.826  4853  4871 I SpinonBootstrap: SPINON_R05_DRAW renderer=opengl_es draw_seq=20 revision=18 generation=1
10-08 15:53:41.826  4853  4853 I SpinonBootstrap: SPINON_R05_PRESENT_FLUSH renderer=opengl_es queued=true generation=1
10-08 15:53:41.827  4853  4853 I SpinonBootstrap: SPINON_R08_TOUCH count=18
10-08 15:53:41.829  4853  4924 I SpinonBootstrap: SPINON_R05_PRESENT_BATCH renderer=opengl_es generation=1 batch_seq=17 record_count=1 callback_os_tid=4924 callback_thread_id=56 registering_thread_os_tid=4853 queue_depth=0 rejected_callback_batches=0 rejected_flush_tasks=0 callback_uptime_ns=2576436770353 attribution=unmatched
10-08 15:53:41.831  4853  4924 I SpinonBootstrap: SPINON_R05_PRESENT renderer=opengl_es signal=SurfaceView_JankData generation=1 current_generation=1 current_surface=true batch_seq=17 record_index=0 callback_os_tid=4924 callback_thread_id=56 registering_thread_os_tid=4853 queue_depth=0 vsync_id=-1 present_time_ns=-1 present_state=unknown jank_type=0 actual_app_frame_ns=0 scheduled_app_frame_ns=0 callback_uptime_ns=2576436770353 frame_id=unmatched revision=unmatched attribution=unmatched
10-08 15:53:42.216  4853  4853 I SpinonBootstrap: SPINON_R05_INPUT renderer=opengl_es input_seq=19 phase=ACTION_UP timestamp_precision=nanosecond_representation input_source=unknown event_time_ns=2576821000000 handler_uptime_ns=2576824341812 generation=1
10-08 15:53:42.217  4853  4853 I SpinonBootstrap: SPINON_R05_SUBMIT renderer=opengl_es input_seq=19 revision=19 generation=1 event_time_ns=2576821000000 handler_uptime_ns=2576824603312 draw_requested=true draw_completed=false present_signal=unavailable attribution=input
10-08 15:53:42.217  4853  4853 I SpinonBootstrap: SPINON_R05_PRESENT_FLUSH renderer=opengl_es queued=true generation=1
10-08 15:53:42.217  4853  4871 I SpinonBootstrap: SPINON_R05_DRAW renderer=opengl_es draw_seq=21 revision=19 generation=1
10-08 15:53:42.218  4853  4924 I SpinonBootstrap: SPINON_R05_PRESENT_FLUSH requested=true renderer=opengl_es generation=1
10-08 15:53:42.218  4853  4853 I SpinonBootstrap: SPINON_R08_TOUCH count=19
10-08 15:53:42.218  4853  4924 I SpinonBootstrap: SPINON_R05_PRESENT_BATCH renderer=opengl_es generation=1 batch_seq=18 record_count=1 callback_os_tid=4924 callback_thread_id=56 registering_thread_os_tid=4853 queue_depth=0 rejected_callback_batches=0 rejected_flush_tasks=0 callback_uptime_ns=2576826207187 attribution=unmatched
10-08 15:53:42.218  4853  4924 I SpinonBootstrap: SPINON_R05_PRESENT renderer=opengl_es signal=SurfaceView_JankData generation=1 current_generation=1 current_surface=true batch_seq=18 record_index=0 callback_os_tid=4924 callback_thread_id=56 registering_thread_os_tid=4853 queue_depth=0 vsync_id=-1 present_time_ns=-1 present_state=unknown jank_type=0 actual_app_frame_ns=0 scheduled_app_frame_ns=0 callback_uptime_ns=2576826207187 frame_id=unmatched revision=unmatched attribution=unmatched
10-08 15:53:42.606  4853  4853 I SpinonBootstrap: SPINON_R05_INPUT renderer=opengl_es input_seq=20 phase=ACTION_UP timestamp_precision=nanosecond_representation input_source=unknown event_time_ns=2577212000000 handler_uptime_ns=2577214015645 generation=1
10-08 15:53:42.606  4853  4853 I SpinonBootstrap: SPINON_R05_SUBMIT renderer=opengl_es input_seq=20 revision=20 generation=1 event_time_ns=2577212000000 handler_uptime_ns=2577214220812 draw_requested=true draw_completed=false present_signal=unavailable attribution=input
10-08 15:53:42.606  4853  4924 I SpinonBootstrap: SPINON_R05_PRESENT_FLUSH requested=true renderer=opengl_es generation=1
10-08 15:53:42.606  4853  4853 I SpinonBootstrap: SPINON_R05_PRESENT_FLUSH renderer=opengl_es queued=true generation=1
10-08 15:53:42.607  4853  4853 I SpinonBootstrap: SPINON_R08_TOUCH count=20
10-08 15:53:42.607  4853  4871 I SpinonBootstrap: SPINON_R05_DRAW renderer=opengl_es draw_seq=22 revision=20 generation=1
10-08 15:53:42.608  4853  4924 I SpinonBootstrap: SPINON_R05_PRESENT_BATCH renderer=opengl_es generation=1 batch_seq=19 record_count=1 callback_os_tid=4924 callback_thread_id=56 registering_thread_os_tid=4853 queue_depth=0 rejected_callback_batches=0 rejected_flush_tasks=0 callback_uptime_ns=2577215605395 attribution=unmatched
10-08 15:53:42.608  4853  4924 I SpinonBootstrap: SPINON_R05_PRESENT renderer=opengl_es signal=SurfaceView_JankData generation=1 current_generation=1 current_surface=true batch_seq=19 record_index=0 callback_os_tid=4924 callback_thread_id=56 registering_thread_os_tid=4853 queue_depth=0 vsync_id=-1 present_time_ns=-1 present_state=unknown jank_type=0 actual_app_frame_ns=0 scheduled_app_frame_ns=0 callback_uptime_ns=2577215605395 frame_id=unmatched revision=unmatched attribution=unmatched
10-08 15:53:43.007  4853  4853 I SpinonBootstrap: SPINON_R05_INPUT renderer=opengl_es input_seq=21 phase=ACTION_UP timestamp_precision=nanosecond_representation input_source=unknown event_time_ns=2577612000000 handler_uptime_ns=2577614488604 generation=1
10-08 15:53:43.007  4853  4853 I SpinonBootstrap: SPINON_R05_SUBMIT renderer=opengl_es input_seq=21 revision=21 generation=1 event_time_ns=2577612000000 handler_uptime_ns=2577614618729 draw_requested=true draw_completed=false present_signal=unavailable attribution=input
10-08 15:53:43.007  4853  4853 I SpinonBootstrap: SPINON_R05_PRESENT_FLUSH renderer=opengl_es queued=true generation=1
10-08 15:53:43.007  4853  4853 I SpinonBootstrap: SPINON_R08_TOUCH count=21
10-08 15:53:43.007  4853  4871 I SpinonBootstrap: SPINON_R05_DRAW renderer=opengl_es draw_seq=23 revision=21 generation=1
10-08 15:53:43.008  4853  4924 I SpinonBootstrap: SPINON_R05_PRESENT_FLUSH requested=true renderer=opengl_es generation=1
10-08 15:53:43.009  4853  4924 I SpinonBootstrap: SPINON_R05_PRESENT_BATCH renderer=opengl_es generation=1 batch_seq=20 record_count=1 callback_os_tid=4924 callback_thread_id=56 registering_thread_os_tid=4853 queue_depth=0 rejected_callback_batches=0 rejected_flush_tasks=0 callback_uptime_ns=2577616663729 attribution=unmatched
10-08 15:53:43.009  4853  4924 I SpinonBootstrap: SPINON_R05_PRESENT renderer=opengl_es signal=SurfaceView_JankData generation=1 current_generation=1 current_surface=true batch_seq=20 record_index=0 callback_os_tid=4924 callback_thread_id=56 registering_thread_os_tid=4853 queue_depth=0 vsync_id=-1 present_time_ns=-1 present_state=unknown jank_type=0 actual_app_frame_ns=0 scheduled_app_frame_ns=0 callback_uptime_ns=2577616663729 frame_id=unmatched revision=unmatched attribution=unmatched
10-08 15:53:43.396  4853  4853 I SpinonBootstrap: SPINON_R05_INPUT renderer=opengl_es input_seq=22 phase=ACTION_UP timestamp_precision=nanosecond_representation input_source=unknown event_time_ns=2578003000000 handler_uptime_ns=2578004457479 generation=1
10-08 15:53:43.397  4853  4853 I SpinonBootstrap: SPINON_R05_SUBMIT renderer=opengl_es input_seq=22 revision=22 generation=1 event_time_ns=2578003000000 handler_uptime_ns=2578004634687 draw_requested=true draw_completed=false present_signal=unavailable attribution=input
10-08 15:53:43.397  4853  4871 I SpinonBootstrap: SPINON_R05_DRAW renderer=opengl_es draw_seq=24 revision=22 generation=1
10-08 15:53:43.397  4853  4853 I SpinonBootstrap: SPINON_R05_PRESENT_FLUSH renderer=opengl_es queued=true generation=1
10-08 15:53:43.398  4853  4853 I SpinonBootstrap: SPINON_R08_TOUCH count=22
10-08 15:53:43.398  4853  4924 I SpinonBootstrap: SPINON_R05_PRESENT_FLUSH requested=true renderer=opengl_es generation=1
10-08 15:53:43.399  4853  4924 I SpinonBootstrap: SPINON_R05_PRESENT_BATCH renderer=opengl_es generation=1 batch_seq=21 record_count=1 callback_os_tid=4924 callback_thread_id=56 registering_thread_os_tid=4853 queue_depth=0 rejected_callback_batches=0 rejected_flush_tasks=0 callback_uptime_ns=2578006959604 attribution=unmatched
10-08 15:53:43.400  4853  4924 I SpinonBootstrap: SPINON_R05_PRESENT renderer=opengl_es signal=SurfaceView_JankData generation=1 current_generation=1 current_surface=true batch_seq=21 record_index=0 callback_os_tid=4924 callback_thread_id=56 registering_thread_os_tid=4853 queue_depth=0 vsync_id=-1 present_time_ns=-1 present_state=unknown jank_type=0 actual_app_frame_ns=0 scheduled_app_frame_ns=0 callback_uptime_ns=2578006959604 frame_id=unmatched revision=unmatched attribution=unmatched
10-08 15:53:43.802  4853  4853 I SpinonBootstrap: SPINON_R05_INPUT renderer=opengl_es input_seq=23 phase=ACTION_UP timestamp_precision=nanosecond_representation input_source=unknown event_time_ns=2578403000000 handler_uptime_ns=2578409709604 generation=1
10-08 15:53:43.802  4853  4853 I SpinonBootstrap: SPINON_R05_SUBMIT renderer=opengl_es input_seq=23 revision=23 generation=1 event_time_ns=2578403000000 handler_uptime_ns=2578409778521 draw_requested=true draw_completed=false present_signal=unavailable attribution=input
10-08 15:53:43.802  4853  4853 I SpinonBootstrap: SPINON_R05_PRESENT_FLUSH renderer=opengl_es queued=true generation=1
10-08 15:53:43.802  4853  4853 I SpinonBootstrap: SPINON_R08_TOUCH count=23
10-08 15:53:43.803  4853  4871 I SpinonBootstrap: SPINON_R05_DRAW renderer=opengl_es draw_seq=25 revision=23 generation=1
10-08 15:53:43.803  4853  4924 I SpinonBootstrap: SPINON_R05_PRESENT_FLUSH requested=true renderer=opengl_es generation=1
10-08 15:53:44.201  4853  4853 I SpinonBootstrap: SPINON_R05_INPUT renderer=opengl_es input_seq=24 phase=ACTION_UP timestamp_precision=nanosecond_representation input_source=unknown event_time_ns=2578803000000 handler_uptime_ns=2578808480187 generation=1
10-08 15:53:44.202  4853  4853 I SpinonBootstrap: SPINON_R05_SUBMIT renderer=opengl_es input_seq=24 revision=24 generation=1 event_time_ns=2578803000000 handler_uptime_ns=2578810322812 draw_requested=true draw_completed=false present_signal=unavailable attribution=input
10-08 15:53:44.202  4853  4853 I SpinonBootstrap: SPINON_R05_PRESENT_FLUSH renderer=opengl_es queued=true generation=1
10-08 15:53:44.203  4853  4871 I SpinonBootstrap: SPINON_R05_DRAW renderer=opengl_es draw_seq=26 revision=24 generation=1
10-08 15:53:44.203  4853  4924 I SpinonBootstrap: SPINON_R05_PRESENT_FLUSH requested=true renderer=opengl_es generation=1
10-08 15:53:44.203  4853  4853 I SpinonBootstrap: SPINON_R08_TOUCH count=24
10-08 15:53:44.211  4853  4924 I SpinonBootstrap: SPINON_R05_PRESENT_BATCH renderer=opengl_es generation=1 batch_seq=22 record_count=2 callback_os_tid=4924 callback_thread_id=56 registering_thread_os_tid=4853 queue_depth=0 rejected_callback_batches=0 rejected_flush_tasks=0 callback_uptime_ns=2578818579521 attribution=unmatched
10-08 15:53:44.211  4853  4924 I SpinonBootstrap: SPINON_R05_PRESENT renderer=opengl_es signal=SurfaceView_JankData generation=1 current_generation=1 current_surface=true batch_seq=22 record_index=0 callback_os_tid=4924 callback_thread_id=56 registering_thread_os_tid=4853 queue_depth=0 vsync_id=-1 present_time_ns=-1 present_state=unknown jank_type=0 actual_app_frame_ns=0 scheduled_app_frame_ns=0 callback_uptime_ns=2578818579521 frame_id=unmatched revision=unmatched attribution=unmatched
10-08 15:53:44.211  4853  4924 I SpinonBootstrap: SPINON_R05_PRESENT renderer=opengl_es signal=SurfaceView_JankData generation=1 current_generation=1 current_surface=true batch_seq=22 record_index=1 callback_os_tid=4924 callback_thread_id=56 registering_thread_os_tid=4853 queue_depth=0 vsync_id=-1 present_time_ns=-1 present_state=unknown jank_type=0 actual_app_frame_ns=0 scheduled_app_frame_ns=0 callback_uptime_ns=2578818579521 frame_id=unmatched revision=unmatched attribution=unmatched
10-08 15:53:44.594  4853  4853 I SpinonBootstrap: SPINON_R05_INPUT renderer=opengl_es input_seq=25 phase=ACTION_UP timestamp_precision=nanosecond_representation input_source=unknown event_time_ns=2579201000000 handler_uptime_ns=2579202285938 generation=1
10-08 15:53:44.594  4853  4853 I SpinonBootstrap: SPINON_R05_SUBMIT renderer=opengl_es input_seq=25 revision=25 generation=1 event_time_ns=2579201000000 handler_uptime_ns=2579202470354 draw_requested=true draw_completed=false present_signal=unavailable attribution=input
10-08 15:53:44.595  4853  4871 I SpinonBootstrap: SPINON_R05_DRAW renderer=opengl_es draw_seq=27 revision=25 generation=1
10-08 15:53:44.596  4853  4924 I SpinonBootstrap: SPINON_R05_PRESENT_FLUSH requested=true renderer=opengl_es generation=1
10-08 15:53:44.596  4853  4853 I SpinonBootstrap: SPINON_R05_PRESENT_FLUSH renderer=opengl_es queued=true generation=1
10-08 15:53:44.596  4853  4924 I SpinonBootstrap: SPINON_R05_PRESENT_BATCH renderer=opengl_es generation=1 batch_seq=23 record_count=1 callback_os_tid=4924 callback_thread_id=56 registering_thread_os_tid=4853 queue_depth=0 rejected_callback_batches=0 rejected_flush_tasks=0 callback_uptime_ns=2579204322313 attribution=unmatched
10-08 15:53:44.596  4853  4924 I SpinonBootstrap: SPINON_R05_PRESENT renderer=opengl_es signal=SurfaceView_JankData generation=1 current_generation=1 current_surface=true batch_seq=23 record_index=0 callback_os_tid=4924 callback_thread_id=56 registering_thread_os_tid=4853 queue_depth=0 vsync_id=-1 present_time_ns=-1 present_state=unknown jank_type=0 actual_app_frame_ns=0 scheduled_app_frame_ns=0 callback_uptime_ns=2579204322313 frame_id=unmatched revision=unmatched attribution=unmatched
10-08 15:53:44.597  4853  4853 I SpinonBootstrap: SPINON_R08_TOUCH count=25
10-08 15:53:45.003  4853  4853 I SpinonBootstrap: SPINON_R05_INPUT renderer=opengl_es input_seq=26 phase=ACTION_UP timestamp_precision=nanosecond_representation input_source=unknown event_time_ns=2579608000000 handler_uptime_ns=2579610715855 generation=1
10-08 15:53:45.003  4853  4853 I SpinonBootstrap: SPINON_R05_SUBMIT renderer=opengl_es input_seq=26 revision=26 generation=1 event_time_ns=2579608000000 handler_uptime_ns=2579611096771 draw_requested=true draw_completed=false present_signal=unavailable attribution=input
10-08 15:53:45.003  4853  4853 I SpinonBootstrap: SPINON_R05_PRESENT_FLUSH renderer=opengl_es queued=true generation=1
10-08 15:53:45.003  4853  4853 I SpinonBootstrap: SPINON_R08_TOUCH count=26
10-08 15:53:45.003  4853  4924 I SpinonBootstrap: SPINON_R05_PRESENT_FLUSH requested=true renderer=opengl_es generation=1
10-08 15:53:45.003  4853  4871 I SpinonBootstrap: SPINON_R05_DRAW renderer=opengl_es draw_seq=28 revision=26 generation=1
10-08 15:53:45.005  4853  4924 I SpinonBootstrap: SPINON_R05_PRESENT_BATCH renderer=opengl_es generation=1 batch_seq=24 record_count=1 callback_os_tid=4924 callback_thread_id=56 registering_thread_os_tid=4853 queue_depth=0 rejected_callback_batches=0 rejected_flush_tasks=0 callback_uptime_ns=2579612497521 attribution=unmatched
10-08 15:53:45.005  4853  4924 I SpinonBootstrap: SPINON_R05_PRESENT renderer=opengl_es signal=SurfaceView_JankData generation=1 current_generation=1 current_surface=true batch_seq=24 record_index=0 callback_os_tid=4924 callback_thread_id=56 registering_thread_os_tid=4853 queue_depth=0 vsync_id=-1 present_time_ns=-1 present_state=unknown jank_type=0 actual_app_frame_ns=0 scheduled_app_frame_ns=0 callback_uptime_ns=2579612497521 frame_id=unmatched revision=unmatched attribution=unmatched
10-08 15:53:45.393  4853  4853 I SpinonBootstrap: SPINON_R05_INPUT renderer=opengl_es input_seq=27 phase=ACTION_UP timestamp_precision=nanosecond_representation input_source=unknown event_time_ns=2579997000000 handler_uptime_ns=2580001408605 generation=1
10-08 15:53:45.394  4853  4853 I SpinonBootstrap: SPINON_R05_SUBMIT renderer=opengl_es input_seq=27 revision=27 generation=1 event_time_ns=2579997000000 handler_uptime_ns=2580001887396 draw_requested=true draw_completed=false present_signal=unavailable attribution=input
10-08 15:53:45.394  4853  4853 I SpinonBootstrap: SPINON_R05_PRESENT_FLUSH renderer=opengl_es queued=true generation=1
10-08 15:53:45.394  4853  4853 I SpinonBootstrap: SPINON_R08_TOUCH count=27
10-08 15:53:45.394  4853  4871 I SpinonBootstrap: SPINON_R05_DRAW renderer=opengl_es draw_seq=29 revision=27 generation=1
10-08 15:53:45.395  4853  4924 I SpinonBootstrap: SPINON_R05_PRESENT_FLUSH requested=true renderer=opengl_es generation=1
10-08 15:53:45.395  4853  4924 I SpinonBootstrap: SPINON_R05_PRESENT_BATCH renderer=opengl_es generation=1 batch_seq=25 record_count=1 callback_os_tid=4924 callback_thread_id=56 registering_thread_os_tid=4853 queue_depth=0 rejected_callback_batches=0 rejected_flush_tasks=0 callback_uptime_ns=2580002560063 attribution=unmatched
10-08 15:53:45.395  4853  4924 I SpinonBootstrap: SPINON_R05_PRESENT renderer=opengl_es signal=SurfaceView_JankData generation=1 current_generation=1 current_surface=true batch_seq=25 record_index=0 callback_os_tid=4924 callback_thread_id=56 registering_thread_os_tid=4853 queue_depth=0 vsync_id=-1 present_time_ns=-1 present_state=unknown jank_type=0 actual_app_frame_ns=0 scheduled_app_frame_ns=0 callback_uptime_ns=2580002560063 frame_id=unmatched revision=unmatched attribution=unmatched
10-08 15:53:45.799  4853  4853 I SpinonBootstrap: SPINON_R05_INPUT renderer=opengl_es input_seq=28 phase=ACTION_UP timestamp_precision=nanosecond_representation input_source=unknown event_time_ns=2580401000000 handler_uptime_ns=2580407115897 generation=1
10-08 15:53:45.800  4853  4853 I SpinonBootstrap: SPINON_R05_SUBMIT renderer=opengl_es input_seq=28 revision=28 generation=1 event_time_ns=2580401000000 handler_uptime_ns=2580407673855 draw_requested=true draw_completed=false present_signal=unavailable attribution=input
10-08 15:53:45.800  4853  4853 I SpinonBootstrap: SPINON_R05_PRESENT_FLUSH renderer=opengl_es queued=true generation=1
10-08 15:53:45.801  4853  4853 I SpinonBootstrap: SPINON_R08_TOUCH count=28
10-08 15:53:45.801  4853  4924 I SpinonBootstrap: SPINON_R05_PRESENT_FLUSH requested=true renderer=opengl_es generation=1
10-08 15:53:45.801  4853  4924 I SpinonBootstrap: SPINON_R05_PRESENT_BATCH renderer=opengl_es generation=1 batch_seq=26 record_count=1 callback_os_tid=4924 callback_thread_id=56 registering_thread_os_tid=4853 queue_depth=0 rejected_callback_batches=0 rejected_flush_tasks=0 callback_uptime_ns=2580409272730 attribution=unmatched
10-08 15:53:45.801  4853  4924 I SpinonBootstrap: SPINON_R05_PRESENT renderer=opengl_es signal=SurfaceView_JankData generation=1 current_generation=1 current_surface=true batch_seq=26 record_index=0 callback_os_tid=4924 callback_thread_id=56 registering_thread_os_tid=4853 queue_depth=0 vsync_id=-1 present_time_ns=-1 present_state=unknown jank_type=0 actual_app_frame_ns=0 scheduled_app_frame_ns=0 callback_uptime_ns=2580409272730 frame_id=unmatched revision=unmatched attribution=unmatched
10-08 15:53:45.803  4853  4871 I SpinonBootstrap: SPINON_R05_DRAW renderer=opengl_es draw_seq=30 revision=28 generation=1
10-08 15:53:46.195  4853  4853 I SpinonBootstrap: SPINON_R05_INPUT renderer=opengl_es input_seq=29 phase=ACTION_UP timestamp_precision=nanosecond_representation input_source=unknown event_time_ns=2580801000000 handler_uptime_ns=2580803437730 generation=1
10-08 15:53:46.196  4853  4853 I SpinonBootstrap: SPINON_R05_SUBMIT renderer=opengl_es input_seq=29 revision=29 generation=1 event_time_ns=2580801000000 handler_uptime_ns=2580803908313 draw_requested=true draw_completed=false present_signal=unavailable attribution=input
10-08 15:53:46.196  4853  4871 I SpinonBootstrap: SPINON_R05_DRAW renderer=opengl_es draw_seq=31 revision=29 generation=1
10-08 15:53:46.197  4853  4853 I SpinonBootstrap: SPINON_R05_PRESENT_FLUSH renderer=opengl_es queued=true generation=1
10-08 15:53:46.198  4853  4853 I SpinonBootstrap: SPINON_R08_TOUCH count=29
10-08 15:53:46.198  4853  4924 I SpinonBootstrap: SPINON_R05_PRESENT_FLUSH requested=true renderer=opengl_es generation=1
10-08 15:53:46.198  4853  4924 I SpinonBootstrap: SPINON_R05_PRESENT_BATCH renderer=opengl_es generation=1 batch_seq=27 record_count=1 callback_os_tid=4924 callback_thread_id=56 registering_thread_os_tid=4853 queue_depth=0 rejected_callback_batches=0 rejected_flush_tasks=0 callback_uptime_ns=2580805983355 attribution=unmatched
10-08 15:53:46.198  4853  4924 I SpinonBootstrap: SPINON_R05_PRESENT renderer=opengl_es signal=SurfaceView_JankData generation=1 current_generation=1 current_surface=true batch_seq=27 record_index=0 callback_os_tid=4924 callback_thread_id=56 registering_thread_os_tid=4853 queue_depth=0 vsync_id=-1 present_time_ns=-1 present_state=unknown jank_type=0 actual_app_frame_ns=0 scheduled_app_frame_ns=0 callback_uptime_ns=2580805983355 frame_id=unmatched revision=unmatched attribution=unmatched
10-08 15:53:46.595  4853  4853 I SpinonBootstrap: SPINON_R05_INPUT renderer=opengl_es input_seq=30 phase=ACTION_UP timestamp_precision=nanosecond_representation input_source=unknown event_time_ns=2581201000000 handler_uptime_ns=2581202852230 generation=1
10-08 15:53:46.595  4853  4853 I SpinonBootstrap: SPINON_R05_SUBMIT renderer=opengl_es input_seq=30 revision=30 generation=1 event_time_ns=2581201000000 handler_uptime_ns=2581202922105 draw_requested=true draw_completed=false present_signal=unavailable attribution=input
10-08 15:53:46.595  4853  4871 I SpinonBootstrap: SPINON_R05_DRAW renderer=opengl_es draw_seq=32 revision=30 generation=1
10-08 15:53:46.595  4853  4853 I SpinonBootstrap: SPINON_R05_PRESENT_FLUSH renderer=opengl_es queued=true generation=1
10-08 15:53:46.595  4853  4924 I SpinonBootstrap: SPINON_R05_PRESENT_FLUSH requested=true renderer=opengl_es generation=1
10-08 15:53:46.595  4853  4853 I SpinonBootstrap: SPINON_R08_TOUCH count=30
10-08 15:53:46.596  4853  4924 I SpinonBootstrap: SPINON_R05_PRESENT_BATCH renderer=opengl_es generation=1 batch_seq=28 record_count=1 callback_os_tid=4924 callback_thread_id=56 registering_thread_os_tid=4853 queue_depth=0 rejected_callback_batches=0 rejected_flush_tasks=0 callback_uptime_ns=2581203422105 attribution=unmatched
10-08 15:53:46.596  4853  4924 I SpinonBootstrap: SPINON_R05_PRESENT renderer=opengl_es signal=SurfaceView_JankData generation=1 current_generation=1 current_surface=true batch_seq=28 record_index=0 callback_os_tid=4924 callback_thread_id=56 registering_thread_os_tid=4853 queue_depth=0 vsync_id=-1 present_time_ns=-1 present_state=unknown jank_type=0 actual_app_frame_ns=0 scheduled_app_frame_ns=0 callback_uptime_ns=2581203422105 frame_id=unmatched revision=unmatched attribution=unmatched
