--------- beginning of main
10-08 15:52:09.397  1682  1682 I SpinonBootstrap: SPINON_R08_UI=ready text-input=EditText accessibility=button+EditText
10-08 15:52:09.467  1682  1682 I SpinonBootstrap: SPINON_R05_SURFACE renderer=wgpu type=SurfaceView generation=1
10-08 15:52:09.475  1682  1682 I SpinonBootstrap: SPINON_R05_SIGNAL_CAPABILITY renderer=wgpu signal=SurfaceView_JankData available=true reason=registered api=37 api_full=3700002
10-08 15:52:09.578  1682  1682 I SpinonBootstrap: SPINON_R08_WGPU=ready backend=Vulkan device=VirtualGpu name=Goldfish GFXStream (llvmpipe (LLVM 21.1.4, 128 bits)) google_display_timing_supported=false format=Rgba8Unorm color_space=Auto supported_formats=[Rgba8UnormSrgb, Rgba8Unorm, Rgba16Float, Rgb10a2Unorm]
10-08 15:52:09.578  1682  1682 I SpinonBootstrap: SPINON_R08_WGPU_SURFACE=size 1080x1920
10-08 15:52:11.570  1682  1682 I SpinonBootstrap: SPINON_R05_INPUT renderer=wgpu input_seq=1 phase=ACTION_UP timestamp_precision=nanosecond_representation input_source=unknown handler_clock_resolution=nanosecond_api event_time_ns=2486174000000 handler_uptime_ns=2486178052435 generation=1
10-08 15:52:11.586  1682  1682 I SpinonBootstrap: SPINON_R05_SUBMIT renderer=wgpu input_seq=1 revision=1 generation=1 event_time_ns=2486174000000 handler_uptime_ns=2486181950310 queue_present_return_uptime_ns=2486193866893 draw_accepted=true present_signal=unavailable attribution=input
10-08 15:52:11.587  1682  1682 I SpinonBootstrap: SPINON_R05_PRESENT_FLUSH renderer=wgpu queued=true generation=1
10-08 15:52:11.588  1682  1804 I SpinonBootstrap: SPINON_R05_PRESENT_FLUSH requested=true renderer=wgpu generation=1
10-08 15:52:11.589  1682  1682 I SpinonBootstrap: SPINON_R08_TOUCH count=1
10-08 15:52:11.590  1682  1804 I SpinonBootstrap: SPINON_R05_PRESENT_BATCH renderer=wgpu generation=1 batch_seq=1 record_count=2 callback_os_tid=1804 callback_thread_id=55 registering_thread_os_tid=1682 queue_depth=0 rejected_callback_batches=0 rejected_flush_tasks=0 callback_uptime_ns=2486197855268 attribution=unmatched
10-08 15:52:11.590  1682  1804 I SpinonBootstrap: SPINON_R05_PRESENT renderer=wgpu signal=SurfaceView_JankData generation=1 current_generation=1 current_surface=true batch_seq=1 record_index=0 callback_os_tid=1804 callback_thread_id=55 registering_thread_os_tid=1682 queue_depth=0 vsync_id=-1 present_time_ns=-1 present_state=unknown jank_type=0 actual_app_frame_ns=0 scheduled_app_frame_ns=0 callback_uptime_ns=2486197855268 frame_id=unmatched revision=unmatched attribution=unmatched
10-08 15:52:11.590  1682  1804 I SpinonBootstrap: SPINON_R05_PRESENT renderer=wgpu signal=SurfaceView_JankData generation=1 current_generation=1 current_surface=true batch_seq=1 record_index=1 callback_os_tid=1804 callback_thread_id=55 registering_thread_os_tid=1682 queue_depth=0 vsync_id=80822 present_time_ns=-1 present_state=unknown jank_type=2 actual_app_frame_ns=218883555 scheduled_app_frame_ns=16666666 callback_uptime_ns=2486197855268 frame_id=unmatched revision=unmatched attribution=unmatched
10-08 15:52:12.029  1682  1682 I SpinonBootstrap: SPINON_R05_INPUT renderer=wgpu input_seq=2 phase=ACTION_UP timestamp_precision=nanosecond_representation input_source=unknown handler_clock_resolution=nanosecond_api event_time_ns=2486634000000 handler_uptime_ns=2486636741102 generation=1
10-08 15:52:12.048  1682  1682 I SpinonBootstrap: SPINON_R05_SUBMIT renderer=wgpu input_seq=2 revision=2 generation=1 event_time_ns=2486634000000 handler_uptime_ns=2486637836269 queue_present_return_uptime_ns=2486655912977 draw_accepted=true present_signal=unavailable attribution=input
10-08 15:52:12.048  1682  1682 I SpinonBootstrap: SPINON_R05_PRESENT_FLUSH renderer=wgpu queued=true generation=1
10-08 15:52:12.048  1682  1682 I SpinonBootstrap: SPINON_R08_TOUCH count=2
10-08 15:52:12.057  1682  1804 I SpinonBootstrap: SPINON_R05_PRESENT_FLUSH requested=true renderer=wgpu generation=1
10-08 15:52:12.057  1682  1804 I SpinonBootstrap: SPINON_R05_PRESENT_BATCH renderer=wgpu generation=1 batch_seq=2 record_count=1 callback_os_tid=1804 callback_thread_id=55 registering_thread_os_tid=1682 queue_depth=0 rejected_callback_batches=0 rejected_flush_tasks=0 callback_uptime_ns=2486664773560 attribution=unmatched
10-08 15:52:12.057  1682  1804 I SpinonBootstrap: SPINON_R05_PRESENT renderer=wgpu signal=SurfaceView_JankData generation=1 current_generation=1 current_surface=true batch_seq=2 record_index=0 callback_os_tid=1804 callback_thread_id=55 registering_thread_os_tid=1682 queue_depth=0 vsync_id=-1 present_time_ns=-1 present_state=unknown jank_type=0 actual_app_frame_ns=0 scheduled_app_frame_ns=0 callback_uptime_ns=2486664773560 frame_id=unmatched revision=unmatched attribution=unmatched
10-08 15:52:12.434  1682  1682 I SpinonBootstrap: SPINON_R05_INPUT renderer=wgpu input_seq=3 phase=ACTION_UP timestamp_precision=nanosecond_representation input_source=unknown handler_clock_resolution=nanosecond_api event_time_ns=2487040000000 handler_uptime_ns=2487041847060 generation=1
10-08 15:52:12.438  1682  1682 I SpinonBootstrap: SPINON_R05_SUBMIT renderer=wgpu input_seq=3 revision=3 generation=1 event_time_ns=2487040000000 handler_uptime_ns=2487041982894 queue_present_return_uptime_ns=2487046090935 draw_accepted=true present_signal=unavailable attribution=input
10-08 15:52:12.438  1682  1682 I SpinonBootstrap: SPINON_R05_PRESENT_FLUSH renderer=wgpu queued=true generation=1
10-08 15:52:12.438  1682  1682 I SpinonBootstrap: SPINON_R08_TOUCH count=3
10-08 15:52:12.439  1682  1804 I SpinonBootstrap: SPINON_R05_PRESENT_FLUSH requested=true renderer=wgpu generation=1
10-08 15:52:12.440  1682  1804 I SpinonBootstrap: SPINON_R05_PRESENT_BATCH renderer=wgpu generation=1 batch_seq=3 record_count=1 callback_os_tid=1804 callback_thread_id=55 registering_thread_os_tid=1682 queue_depth=0 rejected_callback_batches=0 rejected_flush_tasks=0 callback_uptime_ns=2487048215310 attribution=unmatched
10-08 15:52:12.440  1682  1804 I SpinonBootstrap: SPINON_R05_PRESENT renderer=wgpu signal=SurfaceView_JankData generation=1 current_generation=1 current_surface=true batch_seq=3 record_index=0 callback_os_tid=1804 callback_thread_id=55 registering_thread_os_tid=1682 queue_depth=0 vsync_id=-1 present_time_ns=-1 present_state=unknown jank_type=0 actual_app_frame_ns=0 scheduled_app_frame_ns=0 callback_uptime_ns=2487048215310 frame_id=unmatched revision=unmatched attribution=unmatched
10-08 15:52:12.823  1682  1682 I SpinonBootstrap: SPINON_R05_INPUT renderer=wgpu input_seq=4 phase=ACTION_UP timestamp_precision=nanosecond_representation input_source=unknown handler_clock_resolution=nanosecond_api event_time_ns=2487428000000 handler_uptime_ns=2487430796686 generation=1
10-08 15:52:12.826  1682  1682 I SpinonBootstrap: SPINON_R05_SUBMIT renderer=wgpu input_seq=4 revision=4 generation=1 event_time_ns=2487428000000 handler_uptime_ns=2487430885769 queue_present_return_uptime_ns=2487434101894 draw_accepted=true present_signal=unavailable attribution=input
10-08 15:52:12.826  1682  1682 I SpinonBootstrap: SPINON_R05_PRESENT_FLUSH renderer=wgpu queued=true generation=1
10-08 15:52:12.827  1682  1804 I SpinonBootstrap: SPINON_R05_PRESENT_FLUSH requested=true renderer=wgpu generation=1
10-08 15:52:12.827  1682  1804 I SpinonBootstrap: SPINON_R05_PRESENT_BATCH renderer=wgpu generation=1 batch_seq=4 record_count=1 callback_os_tid=1804 callback_thread_id=55 registering_thread_os_tid=1682 queue_depth=0 rejected_callback_batches=0 rejected_flush_tasks=0 callback_uptime_ns=2487434509394 attribution=unmatched
10-08 15:52:12.827  1682  1804 I SpinonBootstrap: SPINON_R05_PRESENT renderer=wgpu signal=SurfaceView_JankData generation=1 current_generation=1 current_surface=true batch_seq=4 record_index=0 callback_os_tid=1804 callback_thread_id=55 registering_thread_os_tid=1682 queue_depth=0 vsync_id=-1 present_time_ns=-1 present_state=unknown jank_type=0 actual_app_frame_ns=0 scheduled_app_frame_ns=0 callback_uptime_ns=2487434509394 frame_id=unmatched revision=unmatched attribution=unmatched
10-08 15:52:12.827  1682  1682 I SpinonBootstrap: SPINON_R08_TOUCH count=4
10-08 15:52:13.205  1682  1682 I SpinonBootstrap: SPINON_R05_INPUT renderer=wgpu input_seq=5 phase=ACTION_UP timestamp_precision=nanosecond_representation input_source=unknown handler_clock_resolution=nanosecond_api event_time_ns=2487812000000 handler_uptime_ns=2487813391727 generation=1
10-08 15:52:13.208  1682  1682 I SpinonBootstrap: SPINON_R05_SUBMIT renderer=wgpu input_seq=5 revision=5 generation=1 event_time_ns=2487812000000 handler_uptime_ns=2487813478727 queue_present_return_uptime_ns=2487815593936 draw_accepted=true present_signal=unavailable attribution=input
10-08 15:52:13.208  1682  1682 I SpinonBootstrap: SPINON_R05_PRESENT_FLUSH renderer=wgpu queued=true generation=1
10-08 15:52:13.208  1682  1804 I SpinonBootstrap: SPINON_R05_PRESENT_FLUSH requested=true renderer=wgpu generation=1
10-08 15:52:13.208  1682  1682 I SpinonBootstrap: SPINON_R08_TOUCH count=5
10-08 15:52:13.209  1682  1804 I SpinonBootstrap: SPINON_R05_PRESENT_BATCH renderer=wgpu generation=1 batch_seq=5 record_count=1 callback_os_tid=1804 callback_thread_id=55 registering_thread_os_tid=1682 queue_depth=0 rejected_callback_batches=0 rejected_flush_tasks=0 callback_uptime_ns=2487816909894 attribution=unmatched
10-08 15:52:13.209  1682  1804 I SpinonBootstrap: SPINON_R05_PRESENT renderer=wgpu signal=SurfaceView_JankData generation=1 current_generation=1 current_surface=true batch_seq=5 record_index=0 callback_os_tid=1804 callback_thread_id=55 registering_thread_os_tid=1682 queue_depth=0 vsync_id=-1 present_time_ns=-1 present_state=unknown jank_type=0 actual_app_frame_ns=0 scheduled_app_frame_ns=0 callback_uptime_ns=2487816909894 frame_id=unmatched revision=unmatched attribution=unmatched
10-08 15:52:13.611  1682  1682 I SpinonBootstrap: SPINON_R05_INPUT renderer=wgpu input_seq=6 phase=ACTION_UP timestamp_precision=nanosecond_representation input_source=unknown handler_clock_resolution=nanosecond_api event_time_ns=2488215000000 handler_uptime_ns=2488218671811 generation=1
10-08 15:52:13.617  1682  1682 I SpinonBootstrap: SPINON_R05_SUBMIT renderer=wgpu input_seq=6 revision=6 generation=1 event_time_ns=2488215000000 handler_uptime_ns=2488219137394 queue_present_return_uptime_ns=2488224738978 draw_accepted=true present_signal=unavailable attribution=input
10-08 15:52:13.617  1682  1682 I SpinonBootstrap: SPINON_R05_PRESENT_FLUSH renderer=wgpu queued=true generation=1
10-08 15:52:13.617  1682  1804 I SpinonBootstrap: SPINON_R05_PRESENT_FLUSH requested=true renderer=wgpu generation=1
10-08 15:52:13.617  1682  1682 I SpinonBootstrap: SPINON_R08_TOUCH count=6
10-08 15:52:13.618  1682  1804 I SpinonBootstrap: SPINON_R05_PRESENT_BATCH renderer=wgpu generation=1 batch_seq=6 record_count=1 callback_os_tid=1804 callback_thread_id=55 registering_thread_os_tid=1682 queue_depth=0 rejected_callback_batches=0 rejected_flush_tasks=0 callback_uptime_ns=2488226201603 attribution=unmatched
10-08 15:52:13.618  1682  1804 I SpinonBootstrap: SPINON_R05_PRESENT renderer=wgpu signal=SurfaceView_JankData generation=1 current_generation=1 current_surface=true batch_seq=6 record_index=0 callback_os_tid=1804 callback_thread_id=55 registering_thread_os_tid=1682 queue_depth=0 vsync_id=-1 present_time_ns=-1 present_state=unknown jank_type=0 actual_app_frame_ns=0 scheduled_app_frame_ns=0 callback_uptime_ns=2488226201603 frame_id=unmatched revision=unmatched attribution=unmatched
10-08 15:52:14.000  1682  1682 I SpinonBootstrap: SPINON_R05_INPUT renderer=wgpu input_seq=7 phase=ACTION_UP timestamp_precision=nanosecond_representation input_source=unknown handler_clock_resolution=nanosecond_api event_time_ns=2488605000000 handler_uptime_ns=2488607538353 generation=1
10-08 15:52:14.004  1682  1682 I SpinonBootstrap: SPINON_R05_SUBMIT renderer=wgpu input_seq=7 revision=7 generation=1 event_time_ns=2488605000000 handler_uptime_ns=2488607791228 queue_present_return_uptime_ns=2488612315519 draw_accepted=true present_signal=unavailable attribution=input
10-08 15:52:14.004  1682  1682 I SpinonBootstrap: SPINON_R05_PRESENT_FLUSH renderer=wgpu queued=true generation=1
10-08 15:52:14.005  1682  1682 I SpinonBootstrap: SPINON_R08_TOUCH count=7
10-08 15:52:14.006  1682  1804 I SpinonBootstrap: SPINON_R05_PRESENT_FLUSH requested=true renderer=wgpu generation=1
10-08 15:52:14.007  1682  1804 I SpinonBootstrap: SPINON_R05_PRESENT_BATCH renderer=wgpu generation=1 batch_seq=7 record_count=1 callback_os_tid=1804 callback_thread_id=55 registering_thread_os_tid=1682 queue_depth=0 rejected_callback_batches=0 rejected_flush_tasks=0 callback_uptime_ns=2488615338644 attribution=unmatched
10-08 15:52:14.008  1682  1804 I SpinonBootstrap: SPINON_R05_PRESENT renderer=wgpu signal=SurfaceView_JankData generation=1 current_generation=1 current_surface=true batch_seq=7 record_index=0 callback_os_tid=1804 callback_thread_id=55 registering_thread_os_tid=1682 queue_depth=0 vsync_id=-1 present_time_ns=-1 present_state=unknown jank_type=0 actual_app_frame_ns=0 scheduled_app_frame_ns=0 callback_uptime_ns=2488615338644 frame_id=unmatched revision=unmatched attribution=unmatched
10-08 15:52:14.389  1682  1682 I SpinonBootstrap: SPINON_R05_INPUT renderer=wgpu input_seq=8 phase=ACTION_UP timestamp_precision=nanosecond_representation input_source=unknown handler_clock_resolution=nanosecond_api event_time_ns=2488995000000 handler_uptime_ns=2488997038061 generation=1
10-08 15:52:14.394  1682  1682 I SpinonBootstrap: SPINON_R05_SUBMIT renderer=wgpu input_seq=8 revision=8 generation=1 event_time_ns=2488995000000 handler_uptime_ns=2488997155686 queue_present_return_uptime_ns=2489001538270 draw_accepted=true present_signal=unavailable attribution=input
10-08 15:52:14.394  1682  1682 I SpinonBootstrap: SPINON_R05_PRESENT_FLUSH renderer=wgpu queued=true generation=1
10-08 15:52:14.394  1682  1804 I SpinonBootstrap: SPINON_R05_PRESENT_FLUSH requested=true renderer=wgpu generation=1
10-08 15:52:14.394  1682  1682 I SpinonBootstrap: SPINON_R08_TOUCH count=8
10-08 15:52:14.396  1682  1804 I SpinonBootstrap: SPINON_R05_PRESENT_BATCH renderer=wgpu generation=1 batch_seq=8 record_count=1 callback_os_tid=1804 callback_thread_id=55 registering_thread_os_tid=1682 queue_depth=0 rejected_callback_batches=0 rejected_flush_tasks=0 callback_uptime_ns=2489003633228 attribution=unmatched
10-08 15:52:14.397  1682  1804 I SpinonBootstrap: SPINON_R05_PRESENT renderer=wgpu signal=SurfaceView_JankData generation=1 current_generation=1 current_surface=true batch_seq=8 record_index=0 callback_os_tid=1804 callback_thread_id=55 registering_thread_os_tid=1682 queue_depth=0 vsync_id=-1 present_time_ns=-1 present_state=unknown jank_type=0 actual_app_frame_ns=0 scheduled_app_frame_ns=0 callback_uptime_ns=2489003633228 frame_id=unmatched revision=unmatched attribution=unmatched
10-08 15:52:14.783  1682  1682 I SpinonBootstrap: SPINON_R05_INPUT renderer=wgpu input_seq=9 phase=ACTION_UP timestamp_precision=nanosecond_representation input_source=unknown handler_clock_resolution=nanosecond_api event_time_ns=2489389000000 handler_uptime_ns=2489391377520 generation=1
10-08 15:52:14.787  1682  1682 I SpinonBootstrap: SPINON_R05_SUBMIT renderer=wgpu input_seq=9 revision=9 generation=1 event_time_ns=2489389000000 handler_uptime_ns=2489391551686 queue_present_return_uptime_ns=2489395376353 draw_accepted=true present_signal=unavailable attribution=input
10-08 15:52:14.787  1682  1682 I SpinonBootstrap: SPINON_R05_PRESENT_FLUSH renderer=wgpu queued=true generation=1
10-08 15:52:14.788  1682  1804 I SpinonBootstrap: SPINON_R05_PRESENT_FLUSH requested=true renderer=wgpu generation=1
10-08 15:52:14.788  1682  1682 I SpinonBootstrap: SPINON_R08_TOUCH count=9
10-08 15:52:14.789  1682  1804 I SpinonBootstrap: SPINON_R05_PRESENT_BATCH renderer=wgpu generation=1 batch_seq=9 record_count=1 callback_os_tid=1804 callback_thread_id=55 registering_thread_os_tid=1682 queue_depth=0 rejected_callback_batches=0 rejected_flush_tasks=0 callback_uptime_ns=2489397225728 attribution=unmatched
10-08 15:52:14.789  1682  1804 I SpinonBootstrap: SPINON_R05_PRESENT renderer=wgpu signal=SurfaceView_JankData generation=1 current_generation=1 current_surface=true batch_seq=9 record_index=0 callback_os_tid=1804 callback_thread_id=55 registering_thread_os_tid=1682 queue_depth=0 vsync_id=-1 present_time_ns=-1 present_state=unknown jank_type=0 actual_app_frame_ns=0 scheduled_app_frame_ns=0 callback_uptime_ns=2489397225728 frame_id=unmatched revision=unmatched attribution=unmatched
10-08 15:52:15.174  1682  1682 I SpinonBootstrap: SPINON_R05_INPUT renderer=wgpu input_seq=10 phase=ACTION_UP timestamp_precision=nanosecond_representation input_source=unknown handler_clock_resolution=nanosecond_api event_time_ns=2489779000000 handler_uptime_ns=2489782057353 generation=1
10-08 15:52:15.178  1682  1682 I SpinonBootstrap: SPINON_R05_SUBMIT renderer=wgpu input_seq=10 revision=10 generation=1 event_time_ns=2489779000000 handler_uptime_ns=2489782647645 queue_present_return_uptime_ns=2489785841687 draw_accepted=true present_signal=unavailable attribution=input
10-08 15:52:15.178  1682  1682 I SpinonBootstrap: SPINON_R05_PRESENT_FLUSH renderer=wgpu queued=true generation=1
10-08 15:52:15.178  1682  1682 I SpinonBootstrap: SPINON_R08_TOUCH count=10
10-08 15:52:15.179  1682  1804 I SpinonBootstrap: SPINON_R05_PRESENT_FLUSH requested=true renderer=wgpu generation=1
10-08 15:52:15.180  1682  1804 I SpinonBootstrap: SPINON_R05_PRESENT_BATCH renderer=wgpu generation=1 batch_seq=10 record_count=1 callback_os_tid=1804 callback_thread_id=55 registering_thread_os_tid=1682 queue_depth=0 rejected_callback_batches=0 rejected_flush_tasks=0 callback_uptime_ns=2489787887937 attribution=unmatched
10-08 15:52:15.180  1682  1804 I SpinonBootstrap: SPINON_R05_PRESENT renderer=wgpu signal=SurfaceView_JankData generation=1 current_generation=1 current_surface=true batch_seq=10 record_index=0 callback_os_tid=1804 callback_thread_id=55 registering_thread_os_tid=1682 queue_depth=0 vsync_id=-1 present_time_ns=-1 present_state=unknown jank_type=0 actual_app_frame_ns=0 scheduled_app_frame_ns=0 callback_uptime_ns=2489787887937 frame_id=unmatched revision=unmatched attribution=unmatched
10-08 15:52:15.572  1682  1682 I SpinonBootstrap: SPINON_R05_INPUT renderer=wgpu input_seq=11 phase=ACTION_UP timestamp_precision=nanosecond_representation input_source=unknown handler_clock_resolution=nanosecond_api event_time_ns=2490178000000 handler_uptime_ns=2490180159354 generation=1
10-08 15:52:15.576  1682  1682 I SpinonBootstrap: SPINON_R05_SUBMIT renderer=wgpu input_seq=11 revision=11 generation=1 event_time_ns=2490178000000 handler_uptime_ns=2490180217104 queue_present_return_uptime_ns=2490184177645 draw_accepted=true present_signal=unavailable attribution=input
10-08 15:52:15.576  1682  1682 I SpinonBootstrap: SPINON_R05_PRESENT_FLUSH renderer=wgpu queued=true generation=1
10-08 15:52:15.577  1682  1804 I SpinonBootstrap: SPINON_R05_PRESENT_FLUSH requested=true renderer=wgpu generation=1
10-08 15:52:15.577  1682  1682 I SpinonBootstrap: SPINON_R08_TOUCH count=11
10-08 15:52:15.577  1682  1804 I SpinonBootstrap: SPINON_R05_PRESENT_BATCH renderer=wgpu generation=1 batch_seq=11 record_count=1 callback_os_tid=1804 callback_thread_id=55 registering_thread_os_tid=1682 queue_depth=0 rejected_callback_batches=0 rejected_flush_tasks=0 callback_uptime_ns=2490184838687 attribution=unmatched
10-08 15:52:15.577  1682  1804 I SpinonBootstrap: SPINON_R05_PRESENT renderer=wgpu signal=SurfaceView_JankData generation=1 current_generation=1 current_surface=true batch_seq=11 record_index=0 callback_os_tid=1804 callback_thread_id=55 registering_thread_os_tid=1682 queue_depth=0 vsync_id=-1 present_time_ns=-1 present_state=unknown jank_type=0 actual_app_frame_ns=0 scheduled_app_frame_ns=0 callback_uptime_ns=2490184838687 frame_id=unmatched revision=unmatched attribution=unmatched
10-08 15:52:15.966  1682  1682 I SpinonBootstrap: SPINON_R05_INPUT renderer=wgpu input_seq=12 phase=ACTION_UP timestamp_precision=nanosecond_representation input_source=unknown handler_clock_resolution=nanosecond_api event_time_ns=2490571000000 handler_uptime_ns=2490573629604 generation=1
10-08 15:52:15.973  1682  1682 I SpinonBootstrap: SPINON_R05_SUBMIT renderer=wgpu input_seq=12 revision=12 generation=1 event_time_ns=2490571000000 handler_uptime_ns=2490573817687 queue_present_return_uptime_ns=2490580427312 draw_accepted=true present_signal=unavailable attribution=input
10-08 15:52:15.973  1682  1682 I SpinonBootstrap: SPINON_R05_PRESENT_FLUSH renderer=wgpu queued=true generation=1
10-08 15:52:15.973  1682  1682 I SpinonBootstrap: SPINON_R08_TOUCH count=12
10-08 15:52:15.974  1682  1804 I SpinonBootstrap: SPINON_R05_PRESENT_FLUSH requested=true renderer=wgpu generation=1
10-08 15:52:15.975  1682  1804 I SpinonBootstrap: SPINON_R05_PRESENT_BATCH renderer=wgpu generation=1 batch_seq=12 record_count=1 callback_os_tid=1804 callback_thread_id=55 registering_thread_os_tid=1682 queue_depth=0 rejected_callback_batches=0 rejected_flush_tasks=0 callback_uptime_ns=2490582692062 attribution=unmatched
10-08 15:52:15.975  1682  1804 I SpinonBootstrap: SPINON_R05_PRESENT renderer=wgpu signal=SurfaceView_JankData generation=1 current_generation=1 current_surface=true batch_seq=12 record_index=0 callback_os_tid=1804 callback_thread_id=55 registering_thread_os_tid=1682 queue_depth=0 vsync_id=-1 present_time_ns=-1 present_state=unknown jank_type=0 actual_app_frame_ns=0 scheduled_app_frame_ns=0 callback_uptime_ns=2490582692062 frame_id=unmatched revision=unmatched attribution=unmatched
10-08 15:52:16.355  1682  1682 I SpinonBootstrap: SPINON_R05_INPUT renderer=wgpu input_seq=13 phase=ACTION_UP timestamp_precision=nanosecond_representation input_source=unknown handler_clock_resolution=nanosecond_api event_time_ns=2490962000000 handler_uptime_ns=2490963348562 generation=1
10-08 15:52:16.359  1682  1682 I SpinonBootstrap: SPINON_R05_SUBMIT renderer=wgpu input_seq=13 revision=13 generation=1 event_time_ns=2490962000000 handler_uptime_ns=2490963479271 queue_present_return_uptime_ns=2490967314687 draw_accepted=true present_signal=unavailable attribution=input
10-08 15:52:16.360  1682  1682 I SpinonBootstrap: SPINON_R05_PRESENT_FLUSH renderer=wgpu queued=true generation=1
10-08 15:52:16.361  1682  1804 I SpinonBootstrap: SPINON_R05_PRESENT_FLUSH requested=true renderer=wgpu generation=1
10-08 15:52:16.361  1682  1682 I SpinonBootstrap: SPINON_R08_TOUCH count=13
10-08 15:52:16.361  1682  1804 I SpinonBootstrap: SPINON_R05_PRESENT_BATCH renderer=wgpu generation=1 batch_seq=13 record_count=1 callback_os_tid=1804 callback_thread_id=55 registering_thread_os_tid=1682 queue_depth=0 rejected_callback_batches=0 rejected_flush_tasks=0 callback_uptime_ns=2490969126437 attribution=unmatched
10-08 15:52:16.361  1682  1804 I SpinonBootstrap: SPINON_R05_PRESENT renderer=wgpu signal=SurfaceView_JankData generation=1 current_generation=1 current_surface=true batch_seq=13 record_index=0 callback_os_tid=1804 callback_thread_id=55 registering_thread_os_tid=1682 queue_depth=0 vsync_id=-1 present_time_ns=-1 present_state=unknown jank_type=0 actual_app_frame_ns=0 scheduled_app_frame_ns=0 callback_uptime_ns=2490969126437 frame_id=unmatched revision=unmatched attribution=unmatched
10-08 15:52:16.741  1682  1682 I SpinonBootstrap: SPINON_R05_INPUT renderer=wgpu input_seq=14 phase=ACTION_UP timestamp_precision=nanosecond_representation input_source=unknown handler_clock_resolution=nanosecond_api event_time_ns=2491347000000 handler_uptime_ns=2491349201187 generation=1
10-08 15:52:16.745  1682  1682 I SpinonBootstrap: SPINON_R05_SUBMIT renderer=wgpu input_seq=14 revision=14 generation=1 event_time_ns=2491347000000 handler_uptime_ns=2491349489354 queue_present_return_uptime_ns=2491352687854 draw_accepted=true present_signal=unavailable attribution=input
10-08 15:52:16.745  1682  1682 I SpinonBootstrap: SPINON_R05_PRESENT_FLUSH renderer=wgpu queued=true generation=1
10-08 15:52:16.745  1682  1804 I SpinonBootstrap: SPINON_R05_PRESENT_FLUSH requested=true renderer=wgpu generation=1
10-08 15:52:16.745  1682  1682 I SpinonBootstrap: SPINON_R08_TOUCH count=14
10-08 15:52:16.745  1682  1804 I SpinonBootstrap: SPINON_R05_PRESENT_BATCH renderer=wgpu generation=1 batch_seq=14 record_count=1 callback_os_tid=1804 callback_thread_id=55 registering_thread_os_tid=1682 queue_depth=0 rejected_callback_batches=0 rejected_flush_tasks=0 callback_uptime_ns=2491353251562 attribution=unmatched
10-08 15:52:16.745  1682  1804 I SpinonBootstrap: SPINON_R05_PRESENT renderer=wgpu signal=SurfaceView_JankData generation=1 current_generation=1 current_surface=true batch_seq=14 record_index=0 callback_os_tid=1804 callback_thread_id=55 registering_thread_os_tid=1682 queue_depth=0 vsync_id=-1 present_time_ns=-1 present_state=unknown jank_type=0 actual_app_frame_ns=0 scheduled_app_frame_ns=0 callback_uptime_ns=2491353251562 frame_id=unmatched revision=unmatched attribution=unmatched
10-08 15:52:17.128  1682  1682 I SpinonBootstrap: SPINON_R05_INPUT renderer=wgpu input_seq=15 phase=ACTION_UP timestamp_precision=nanosecond_representation input_source=unknown handler_clock_resolution=nanosecond_api event_time_ns=2491734000000 handler_uptime_ns=2491736210354 generation=1
10-08 15:52:17.133  1682  1682 I SpinonBootstrap: SPINON_R05_SUBMIT renderer=wgpu input_seq=15 revision=15 generation=1 event_time_ns=2491734000000 handler_uptime_ns=2491736415688 queue_present_return_uptime_ns=2491740735188 draw_accepted=true present_signal=unavailable attribution=input
10-08 15:52:17.133  1682  1682 I SpinonBootstrap: SPINON_R05_PRESENT_FLUSH renderer=wgpu queued=true generation=1
10-08 15:52:17.133  1682  1804 I SpinonBootstrap: SPINON_R05_PRESENT_FLUSH requested=true renderer=wgpu generation=1
10-08 15:52:17.134  1682  1682 I SpinonBootstrap: SPINON_R08_TOUCH count=15
10-08 15:52:17.134  1682  1804 I SpinonBootstrap: SPINON_R05_PRESENT_BATCH renderer=wgpu generation=1 batch_seq=15 record_count=1 callback_os_tid=1804 callback_thread_id=55 registering_thread_os_tid=1682 queue_depth=0 rejected_callback_batches=0 rejected_flush_tasks=0 callback_uptime_ns=2491742269729 attribution=unmatched
10-08 15:52:17.134  1682  1804 I SpinonBootstrap: SPINON_R05_PRESENT renderer=wgpu signal=SurfaceView_JankData generation=1 current_generation=1 current_surface=true batch_seq=15 record_index=0 callback_os_tid=1804 callback_thread_id=55 registering_thread_os_tid=1682 queue_depth=0 vsync_id=-1 present_time_ns=-1 present_state=unknown jank_type=0 actual_app_frame_ns=0 scheduled_app_frame_ns=0 callback_uptime_ns=2491742269729 frame_id=unmatched revision=unmatched attribution=unmatched
10-08 15:52:17.509  1682  1682 I SpinonBootstrap: SPINON_R05_INPUT renderer=wgpu input_seq=16 phase=ACTION_UP timestamp_precision=nanosecond_representation input_source=unknown handler_clock_resolution=nanosecond_api event_time_ns=2492114000000 handler_uptime_ns=2492116809563 generation=1
10-08 15:52:17.513  1682  1682 I SpinonBootstrap: SPINON_R05_SUBMIT renderer=wgpu input_seq=16 revision=16 generation=1 event_time_ns=2492114000000 handler_uptime_ns=2492116954271 queue_present_return_uptime_ns=2492120529563 draw_accepted=true present_signal=unavailable attribution=input
10-08 15:52:17.513  1682  1682 I SpinonBootstrap: SPINON_R05_PRESENT_FLUSH renderer=wgpu queued=true generation=1
10-08 15:52:17.513  1682  1682 I SpinonBootstrap: SPINON_R08_TOUCH count=16
10-08 15:52:17.513  1682  1804 I SpinonBootstrap: SPINON_R05_PRESENT_FLUSH requested=true renderer=wgpu generation=1
10-08 15:52:17.514  1682  1804 I SpinonBootstrap: SPINON_R05_PRESENT_BATCH renderer=wgpu generation=1 batch_seq=16 record_count=1 callback_os_tid=1804 callback_thread_id=55 registering_thread_os_tid=1682 queue_depth=0 rejected_callback_batches=0 rejected_flush_tasks=0 callback_uptime_ns=2492121751563 attribution=unmatched
10-08 15:52:17.514  1682  1804 I SpinonBootstrap: SPINON_R05_PRESENT renderer=wgpu signal=SurfaceView_JankData generation=1 current_generation=1 current_surface=true batch_seq=16 record_index=0 callback_os_tid=1804 callback_thread_id=55 registering_thread_os_tid=1682 queue_depth=0 vsync_id=-1 present_time_ns=-1 present_state=unknown jank_type=0 actual_app_frame_ns=0 scheduled_app_frame_ns=0 callback_uptime_ns=2492121751563 frame_id=unmatched revision=unmatched attribution=unmatched
10-08 15:52:17.901  1682  1682 I SpinonBootstrap: SPINON_R05_INPUT renderer=wgpu input_seq=17 phase=ACTION_UP timestamp_precision=nanosecond_representation input_source=unknown handler_clock_resolution=nanosecond_api event_time_ns=2492506000000 handler_uptime_ns=2492508394563 generation=1
10-08 15:52:17.909  1682  1682 I SpinonBootstrap: SPINON_R05_SUBMIT renderer=wgpu input_seq=17 revision=17 generation=1 event_time_ns=2492506000000 handler_uptime_ns=2492508894980 queue_present_return_uptime_ns=2492517364480 draw_accepted=true present_signal=unavailable attribution=input
10-08 15:52:17.910  1682  1682 I SpinonBootstrap: SPINON_R05_PRESENT_FLUSH renderer=wgpu queued=true generation=1
10-08 15:52:17.910  1682  1804 I SpinonBootstrap: SPINON_R05_PRESENT_FLUSH requested=true renderer=wgpu generation=1
10-08 15:52:17.911  1682  1682 I SpinonBootstrap: SPINON_R08_TOUCH count=17
10-08 15:52:17.912  1682  1804 I SpinonBootstrap: SPINON_R05_PRESENT_BATCH renderer=wgpu generation=1 batch_seq=17 record_count=1 callback_os_tid=1804 callback_thread_id=55 registering_thread_os_tid=1682 queue_depth=0 rejected_callback_batches=0 rejected_flush_tasks=0 callback_uptime_ns=2492519707105 attribution=unmatched
10-08 15:52:17.912  1682  1804 I SpinonBootstrap: SPINON_R05_PRESENT renderer=wgpu signal=SurfaceView_JankData generation=1 current_generation=1 current_surface=true batch_seq=17 record_index=0 callback_os_tid=1804 callback_thread_id=55 registering_thread_os_tid=1682 queue_depth=0 vsync_id=-1 present_time_ns=-1 present_state=unknown jank_type=0 actual_app_frame_ns=0 scheduled_app_frame_ns=0 callback_uptime_ns=2492519707105 frame_id=unmatched revision=unmatched attribution=unmatched
10-08 15:52:18.293  1682  1682 I SpinonBootstrap: SPINON_R05_INPUT renderer=wgpu input_seq=18 phase=ACTION_UP timestamp_precision=nanosecond_representation input_source=unknown handler_clock_resolution=nanosecond_api event_time_ns=2492899000000 handler_uptime_ns=2492901450563 generation=1
10-08 15:52:18.296  1682  1682 I SpinonBootstrap: SPINON_R05_SUBMIT renderer=wgpu input_seq=18 revision=18 generation=1 event_time_ns=2492899000000 handler_uptime_ns=2492901694313 queue_present_return_uptime_ns=2492904088646 draw_accepted=true present_signal=unavailable attribution=input
10-08 15:52:18.296  1682  1682 I SpinonBootstrap: SPINON_R05_PRESENT_FLUSH renderer=wgpu queued=true generation=1
10-08 15:52:18.296  1682  1804 I SpinonBootstrap: SPINON_R05_PRESENT_FLUSH requested=true renderer=wgpu generation=1
10-08 15:52:18.297  1682  1682 I SpinonBootstrap: SPINON_R08_TOUCH count=18
10-08 15:52:18.297  1682  1804 I SpinonBootstrap: SPINON_R05_PRESENT_BATCH renderer=wgpu generation=1 batch_seq=18 record_count=1 callback_os_tid=1804 callback_thread_id=55 registering_thread_os_tid=1682 queue_depth=0 rejected_callback_batches=0 rejected_flush_tasks=0 callback_uptime_ns=2492904861188 attribution=unmatched
10-08 15:52:18.297  1682  1804 I SpinonBootstrap: SPINON_R05_PRESENT renderer=wgpu signal=SurfaceView_JankData generation=1 current_generation=1 current_surface=true batch_seq=18 record_index=0 callback_os_tid=1804 callback_thread_id=55 registering_thread_os_tid=1682 queue_depth=0 vsync_id=-1 present_time_ns=-1 present_state=unknown jank_type=0 actual_app_frame_ns=0 scheduled_app_frame_ns=0 callback_uptime_ns=2492904861188 frame_id=unmatched revision=unmatched attribution=unmatched
10-08 15:52:18.675  1682  1682 I SpinonBootstrap: SPINON_R05_INPUT renderer=wgpu input_seq=19 phase=ACTION_UP timestamp_precision=nanosecond_representation input_source=unknown handler_clock_resolution=nanosecond_api event_time_ns=2493281000000 handler_uptime_ns=2493282903188 generation=1
10-08 15:52:18.681  1682  1682 I SpinonBootstrap: SPINON_R05_SUBMIT renderer=wgpu input_seq=19 revision=19 generation=1 event_time_ns=2493281000000 handler_uptime_ns=2493282968563 queue_present_return_uptime_ns=2493289064313 draw_accepted=true present_signal=unavailable attribution=input
10-08 15:52:18.681  1682  1682 I SpinonBootstrap: SPINON_R05_PRESENT_FLUSH renderer=wgpu queued=true generation=1
10-08 15:52:18.681  1682  1682 I SpinonBootstrap: SPINON_R08_TOUCH count=19
10-08 15:52:18.683  1682  1804 I SpinonBootstrap: SPINON_R05_PRESENT_FLUSH requested=true renderer=wgpu generation=1
10-08 15:52:18.683  1682  1804 I SpinonBootstrap: SPINON_R05_PRESENT_BATCH renderer=wgpu generation=1 batch_seq=19 record_count=1 callback_os_tid=1804 callback_thread_id=55 registering_thread_os_tid=1682 queue_depth=0 rejected_callback_batches=0 rejected_flush_tasks=0 callback_uptime_ns=2493291262063 attribution=unmatched
10-08 15:52:18.683  1682  1804 I SpinonBootstrap: SPINON_R05_PRESENT renderer=wgpu signal=SurfaceView_JankData generation=1 current_generation=1 current_surface=true batch_seq=19 record_index=0 callback_os_tid=1804 callback_thread_id=55 registering_thread_os_tid=1682 queue_depth=0 vsync_id=-1 present_time_ns=-1 present_state=unknown jank_type=0 actual_app_frame_ns=0 scheduled_app_frame_ns=0 callback_uptime_ns=2493291262063 frame_id=unmatched revision=unmatched attribution=unmatched
10-08 15:52:19.068  1682  1682 I SpinonBootstrap: SPINON_R05_INPUT renderer=wgpu input_seq=20 phase=ACTION_UP timestamp_precision=nanosecond_representation input_source=unknown handler_clock_resolution=nanosecond_api event_time_ns=2493675000000 handler_uptime_ns=2493676391189 generation=1
10-08 15:52:19.072  1682  1682 I SpinonBootstrap: SPINON_R05_SUBMIT renderer=wgpu input_seq=20 revision=20 generation=1 event_time_ns=2493675000000 handler_uptime_ns=2493676488814 queue_present_return_uptime_ns=2493679541730 draw_accepted=true present_signal=unavailable attribution=input
10-08 15:52:19.072  1682  1682 I SpinonBootstrap: SPINON_R05_PRESENT_FLUSH renderer=wgpu queued=true generation=1
10-08 15:52:19.072  1682  1682 I SpinonBootstrap: SPINON_R08_TOUCH count=20
10-08 15:52:19.073  1682  1804 I SpinonBootstrap: SPINON_R05_PRESENT_FLUSH requested=true renderer=wgpu generation=1
10-08 15:52:19.074  1682  1804 I SpinonBootstrap: SPINON_R05_PRESENT_BATCH renderer=wgpu generation=1 batch_seq=20 record_count=1 callback_os_tid=1804 callback_thread_id=55 registering_thread_os_tid=1682 queue_depth=0 rejected_callback_batches=0 rejected_flush_tasks=0 callback_uptime_ns=2493681465397 attribution=unmatched
10-08 15:52:19.074  1682  1804 I SpinonBootstrap: SPINON_R05_PRESENT renderer=wgpu signal=SurfaceView_JankData generation=1 current_generation=1 current_surface=true batch_seq=20 record_index=0 callback_os_tid=1804 callback_thread_id=55 registering_thread_os_tid=1682 queue_depth=0 vsync_id=-1 present_time_ns=-1 present_state=unknown jank_type=0 actual_app_frame_ns=0 scheduled_app_frame_ns=0 callback_uptime_ns=2493681465397 frame_id=unmatched revision=unmatched attribution=unmatched
10-08 15:52:19.457  1682  1682 I SpinonBootstrap: SPINON_R05_INPUT renderer=wgpu input_seq=21 phase=ACTION_UP timestamp_precision=nanosecond_representation input_source=unknown handler_clock_resolution=nanosecond_api event_time_ns=2494063000000 handler_uptime_ns=2494065216814 generation=1
10-08 15:52:19.462  1682  1682 I SpinonBootstrap: SPINON_R05_SUBMIT renderer=wgpu input_seq=21 revision=21 generation=1 event_time_ns=2494063000000 handler_uptime_ns=2494065444105 queue_present_return_uptime_ns=2494070383522 draw_accepted=true present_signal=unavailable attribution=input
10-08 15:52:19.462  1682  1682 I SpinonBootstrap: SPINON_R05_PRESENT_FLUSH renderer=wgpu queued=true generation=1
10-08 15:52:19.463  1682  1804 I SpinonBootstrap: SPINON_R05_PRESENT_FLUSH requested=true renderer=wgpu generation=1
10-08 15:52:19.463  1682  1682 I SpinonBootstrap: SPINON_R08_TOUCH count=21
10-08 15:52:19.464  1682  1804 I SpinonBootstrap: SPINON_R05_PRESENT_BATCH renderer=wgpu generation=1 batch_seq=21 record_count=1 callback_os_tid=1804 callback_thread_id=55 registering_thread_os_tid=1682 queue_depth=0 rejected_callback_batches=0 rejected_flush_tasks=0 callback_uptime_ns=2494072185480 attribution=unmatched
10-08 15:52:19.464  1682  1804 I SpinonBootstrap: SPINON_R05_PRESENT renderer=wgpu signal=SurfaceView_JankData generation=1 current_generation=1 current_surface=true batch_seq=21 record_index=0 callback_os_tid=1804 callback_thread_id=55 registering_thread_os_tid=1682 queue_depth=0 vsync_id=-1 present_time_ns=-1 present_state=unknown jank_type=0 actual_app_frame_ns=0 scheduled_app_frame_ns=0 callback_uptime_ns=2494072185480 frame_id=unmatched revision=unmatched attribution=unmatched
10-08 15:52:19.903  1682  1682 I SpinonBootstrap: SPINON_R05_INPUT renderer=wgpu input_seq=22 phase=ACTION_UP timestamp_precision=nanosecond_representation input_source=unknown handler_clock_resolution=nanosecond_api event_time_ns=2494509000000 handler_uptime_ns=2494511132189 generation=1
10-08 15:52:19.908  1682  1682 I SpinonBootstrap: SPINON_R05_SUBMIT renderer=wgpu input_seq=22 revision=22 generation=1 event_time_ns=2494509000000 handler_uptime_ns=2494511515064 queue_present_return_uptime_ns=2494515982439 draw_accepted=true present_signal=unavailable attribution=input
10-08 15:52:19.908  1682  1682 I SpinonBootstrap: SPINON_R05_PRESENT_FLUSH renderer=wgpu queued=true generation=1
10-08 15:52:19.908  1682  1682 I SpinonBootstrap: SPINON_R08_TOUCH count=22
10-08 15:52:19.909  1682  1804 I SpinonBootstrap: SPINON_R05_PRESENT_FLUSH requested=true renderer=wgpu generation=1
10-08 15:52:19.910  1682  1804 I SpinonBootstrap: SPINON_R05_PRESENT_BATCH renderer=wgpu generation=1 batch_seq=22 record_count=1 callback_os_tid=1804 callback_thread_id=55 registering_thread_os_tid=1682 queue_depth=0 rejected_callback_batches=0 rejected_flush_tasks=0 callback_uptime_ns=2494517489022 attribution=unmatched
10-08 15:52:19.910  1682  1804 I SpinonBootstrap: SPINON_R05_PRESENT renderer=wgpu signal=SurfaceView_JankData generation=1 current_generation=1 current_surface=true batch_seq=22 record_index=0 callback_os_tid=1804 callback_thread_id=55 registering_thread_os_tid=1682 queue_depth=0 vsync_id=-1 present_time_ns=-1 present_state=unknown jank_type=0 actual_app_frame_ns=0 scheduled_app_frame_ns=0 callback_uptime_ns=2494517489022 frame_id=unmatched revision=unmatched attribution=unmatched
10-08 15:52:20.291  1682  1682 I SpinonBootstrap: SPINON_R05_INPUT renderer=wgpu input_seq=23 phase=ACTION_UP timestamp_precision=nanosecond_representation input_source=unknown handler_clock_resolution=nanosecond_api event_time_ns=2494897000000 handler_uptime_ns=2494898570814 generation=1
10-08 15:52:20.295  1682  1682 I SpinonBootstrap: SPINON_R05_SUBMIT renderer=wgpu input_seq=23 revision=23 generation=1 event_time_ns=2494897000000 handler_uptime_ns=2494898713939 queue_present_return_uptime_ns=2494902639689 draw_accepted=true present_signal=unavailable attribution=input
10-08 15:52:20.295  1682  1682 I SpinonBootstrap: SPINON_R05_PRESENT_FLUSH renderer=wgpu queued=true generation=1
10-08 15:52:20.295  1682  1804 I SpinonBootstrap: SPINON_R05_PRESENT_FLUSH requested=true renderer=wgpu generation=1
10-08 15:52:20.296  1682  1804 I SpinonBootstrap: SPINON_R05_PRESENT_BATCH renderer=wgpu generation=1 batch_seq=23 record_count=1 callback_os_tid=1804 callback_thread_id=55 registering_thread_os_tid=1682 queue_depth=0 rejected_callback_batches=0 rejected_flush_tasks=0 callback_uptime_ns=2494903556189 attribution=unmatched
10-08 15:52:20.296  1682  1804 I SpinonBootstrap: SPINON_R05_PRESENT renderer=wgpu signal=SurfaceView_JankData generation=1 current_generation=1 current_surface=true batch_seq=23 record_index=0 callback_os_tid=1804 callback_thread_id=55 registering_thread_os_tid=1682 queue_depth=0 vsync_id=-1 present_time_ns=-1 present_state=unknown jank_type=0 actual_app_frame_ns=0 scheduled_app_frame_ns=0 callback_uptime_ns=2494903556189 frame_id=unmatched revision=unmatched attribution=unmatched
10-08 15:52:20.296  1682  1682 I SpinonBootstrap: SPINON_R08_TOUCH count=23
10-08 15:52:20.680  1682  1682 I SpinonBootstrap: SPINON_R05_INPUT renderer=wgpu input_seq=24 phase=ACTION_UP timestamp_precision=nanosecond_representation input_source=unknown handler_clock_resolution=nanosecond_api event_time_ns=2495286000000 handler_uptime_ns=2495288297314 generation=1
10-08 15:52:20.687  1682  1682 I SpinonBootstrap: SPINON_R05_SUBMIT renderer=wgpu input_seq=24 revision=24 generation=1 event_time_ns=2495286000000 handler_uptime_ns=2495288370731 queue_present_return_uptime_ns=2495294487481 draw_accepted=true present_signal=unavailable attribution=input
10-08 15:52:20.687  1682  1682 I SpinonBootstrap: SPINON_R05_PRESENT_FLUSH renderer=wgpu queued=true generation=1
10-08 15:52:20.687  1682  1804 I SpinonBootstrap: SPINON_R05_PRESENT_FLUSH requested=true renderer=wgpu generation=1
10-08 15:52:20.687  1682  1682 I SpinonBootstrap: SPINON_R08_TOUCH count=24
10-08 15:52:20.687  1682  1804 I SpinonBootstrap: SPINON_R05_PRESENT_BATCH renderer=wgpu generation=1 batch_seq=24 record_count=1 callback_os_tid=1804 callback_thread_id=55 registering_thread_os_tid=1682 queue_depth=0 rejected_callback_batches=0 rejected_flush_tasks=0 callback_uptime_ns=2495295353106 attribution=unmatched
10-08 15:52:20.687  1682  1804 I SpinonBootstrap: SPINON_R05_PRESENT renderer=wgpu signal=SurfaceView_JankData generation=1 current_generation=1 current_surface=true batch_seq=24 record_index=0 callback_os_tid=1804 callback_thread_id=55 registering_thread_os_tid=1682 queue_depth=0 vsync_id=-1 present_time_ns=-1 present_state=unknown jank_type=0 actual_app_frame_ns=0 scheduled_app_frame_ns=0 callback_uptime_ns=2495295353106 frame_id=unmatched revision=unmatched attribution=unmatched
10-08 15:52:21.083  1682  1682 I SpinonBootstrap: SPINON_R05_INPUT renderer=wgpu input_seq=25 phase=ACTION_UP timestamp_precision=nanosecond_representation input_source=unknown handler_clock_resolution=nanosecond_api event_time_ns=2495687000000 handler_uptime_ns=2495690786898 generation=1
10-08 15:52:21.090  1682  1682 I SpinonBootstrap: SPINON_R05_SUBMIT renderer=wgpu input_seq=25 revision=25 generation=1 event_time_ns=2495687000000 handler_uptime_ns=2495690919314 queue_present_return_uptime_ns=2495697502773 draw_accepted=true present_signal=unavailable attribution=input
10-08 15:52:21.090  1682  1682 I SpinonBootstrap: SPINON_R05_PRESENT_FLUSH renderer=wgpu queued=true generation=1
10-08 15:52:21.090  1682  1682 I SpinonBootstrap: SPINON_R08_TOUCH count=25
10-08 15:52:21.091  1682  1804 I SpinonBootstrap: SPINON_R05_PRESENT_FLUSH requested=true renderer=wgpu generation=1
10-08 15:52:21.093  1682  1804 I SpinonBootstrap: SPINON_R05_PRESENT_BATCH renderer=wgpu generation=1 batch_seq=25 record_count=1 callback_os_tid=1804 callback_thread_id=55 registering_thread_os_tid=1682 queue_depth=0 rejected_callback_batches=0 rejected_flush_tasks=0 callback_uptime_ns=2495700840106 attribution=unmatched
10-08 15:52:21.093  1682  1804 I SpinonBootstrap: SPINON_R05_PRESENT renderer=wgpu signal=SurfaceView_JankData generation=1 current_generation=1 current_surface=true batch_seq=25 record_index=0 callback_os_tid=1804 callback_thread_id=55 registering_thread_os_tid=1682 queue_depth=0 vsync_id=-1 present_time_ns=-1 present_state=unknown jank_type=0 actual_app_frame_ns=0 scheduled_app_frame_ns=0 callback_uptime_ns=2495700840106 frame_id=unmatched revision=unmatched attribution=unmatched
10-08 15:52:21.484  1682  1682 I SpinonBootstrap: SPINON_R05_INPUT renderer=wgpu input_seq=26 phase=ACTION_UP timestamp_precision=nanosecond_representation input_source=unknown handler_clock_resolution=nanosecond_api event_time_ns=2496089000000 handler_uptime_ns=2496091873898 generation=1
10-08 15:52:21.500  1682  1682 I SpinonBootstrap: SPINON_R05_SUBMIT renderer=wgpu input_seq=26 revision=26 generation=1 event_time_ns=2496089000000 handler_uptime_ns=2496091962773 queue_present_return_uptime_ns=2496107772148 draw_accepted=true present_signal=unavailable attribution=input
10-08 15:52:21.500  1682  1682 I SpinonBootstrap: SPINON_R05_PRESENT_FLUSH renderer=wgpu queued=true generation=1
10-08 15:52:21.500  1682  1682 I SpinonBootstrap: SPINON_R08_TOUCH count=26
10-08 15:52:21.500  1682  1804 I SpinonBootstrap: SPINON_R05_PRESENT_FLUSH requested=true renderer=wgpu generation=1
10-08 15:52:21.501  1682  1804 I SpinonBootstrap: SPINON_R05_PRESENT_BATCH renderer=wgpu generation=1 batch_seq=26 record_count=1 callback_os_tid=1804 callback_thread_id=55 registering_thread_os_tid=1682 queue_depth=0 rejected_callback_batches=0 rejected_flush_tasks=0 callback_uptime_ns=2496109030690 attribution=unmatched
10-08 15:52:21.501  1682  1804 I SpinonBootstrap: SPINON_R05_PRESENT renderer=wgpu signal=SurfaceView_JankData generation=1 current_generation=1 current_surface=true batch_seq=26 record_index=0 callback_os_tid=1804 callback_thread_id=55 registering_thread_os_tid=1682 queue_depth=0 vsync_id=-1 present_time_ns=-1 present_state=unknown jank_type=0 actual_app_frame_ns=0 scheduled_app_frame_ns=0 callback_uptime_ns=2496109030690 frame_id=unmatched revision=unmatched attribution=unmatched
10-08 15:52:21.904  1682  1682 I SpinonBootstrap: SPINON_R05_INPUT renderer=wgpu input_seq=27 phase=ACTION_UP timestamp_precision=nanosecond_representation input_source=unknown handler_clock_resolution=nanosecond_api event_time_ns=2496510000000 handler_uptime_ns=2496512213940 generation=1
10-08 15:52:21.908  1682  1682 I SpinonBootstrap: SPINON_R05_SUBMIT renderer=wgpu input_seq=27 revision=27 generation=1 event_time_ns=2496510000000 handler_uptime_ns=2496512488690 queue_present_return_uptime_ns=2496515832023 draw_accepted=true present_signal=unavailable attribution=input
10-08 15:52:21.908  1682  1682 I SpinonBootstrap: SPINON_R05_PRESENT_FLUSH renderer=wgpu queued=true generation=1
10-08 15:52:21.908  1682  1682 I SpinonBootstrap: SPINON_R08_TOUCH count=27
10-08 15:52:21.909  1682  1804 I SpinonBootstrap: SPINON_R05_PRESENT_FLUSH requested=true renderer=wgpu generation=1
10-08 15:52:21.910  1682  1804 I SpinonBootstrap: SPINON_R05_PRESENT_BATCH renderer=wgpu generation=1 batch_seq=27 record_count=1 callback_os_tid=1804 callback_thread_id=55 registering_thread_os_tid=1682 queue_depth=0 rejected_callback_batches=0 rejected_flush_tasks=0 callback_uptime_ns=2496517831815 attribution=unmatched
10-08 15:52:21.910  1682  1804 I SpinonBootstrap: SPINON_R05_PRESENT renderer=wgpu signal=SurfaceView_JankData generation=1 current_generation=1 current_surface=true batch_seq=27 record_index=0 callback_os_tid=1804 callback_thread_id=55 registering_thread_os_tid=1682 queue_depth=0 vsync_id=-1 present_time_ns=-1 present_state=unknown jank_type=0 actual_app_frame_ns=0 scheduled_app_frame_ns=0 callback_uptime_ns=2496517831815 frame_id=unmatched revision=unmatched attribution=unmatched
10-08 15:52:22.294  1682  1682 I SpinonBootstrap: SPINON_R05_INPUT renderer=wgpu input_seq=28 phase=ACTION_UP timestamp_precision=nanosecond_representation input_source=unknown handler_clock_resolution=nanosecond_api event_time_ns=2496900000000 handler_uptime_ns=2496902402315 generation=1
10-08 15:52:22.298  1682  1682 I SpinonBootstrap: SPINON_R05_SUBMIT renderer=wgpu input_seq=28 revision=28 generation=1 event_time_ns=2496900000000 handler_uptime_ns=2496902469523 queue_present_return_uptime_ns=2496905757065 draw_accepted=true present_signal=unavailable attribution=input
10-08 15:52:22.298  1682  1682 I SpinonBootstrap: SPINON_R05_PRESENT_FLUSH renderer=wgpu queued=true generation=1
10-08 15:52:22.298  1682  1804 I SpinonBootstrap: SPINON_R05_PRESENT_FLUSH requested=true renderer=wgpu generation=1
10-08 15:52:22.298  1682  1682 I SpinonBootstrap: SPINON_R08_TOUCH count=28
10-08 15:52:22.299  1682  1804 I SpinonBootstrap: SPINON_R05_PRESENT_BATCH renderer=wgpu generation=1 batch_seq=28 record_count=1 callback_os_tid=1804 callback_thread_id=55 registering_thread_os_tid=1682 queue_depth=0 rejected_callback_batches=0 rejected_flush_tasks=0 callback_uptime_ns=2496906996357 attribution=unmatched
10-08 15:52:22.299  1682  1804 I SpinonBootstrap: SPINON_R05_PRESENT renderer=wgpu signal=SurfaceView_JankData generation=1 current_generation=1 current_surface=true batch_seq=28 record_index=0 callback_os_tid=1804 callback_thread_id=55 registering_thread_os_tid=1682 queue_depth=0 vsync_id=-1 present_time_ns=-1 present_state=unknown jank_type=0 actual_app_frame_ns=0 scheduled_app_frame_ns=0 callback_uptime_ns=2496906996357 frame_id=unmatched revision=unmatched attribution=unmatched
10-08 15:52:22.685  1682  1682 I SpinonBootstrap: SPINON_R05_INPUT renderer=wgpu input_seq=29 phase=ACTION_UP timestamp_precision=nanosecond_representation input_source=unknown handler_clock_resolution=nanosecond_api event_time_ns=2497291000000 handler_uptime_ns=2497292477357 generation=1
10-08 15:52:22.688  1682  1682 I SpinonBootstrap: SPINON_R05_SUBMIT renderer=wgpu input_seq=29 revision=29 generation=1 event_time_ns=2497291000000 handler_uptime_ns=2497292553565 queue_present_return_uptime_ns=2497295946399 draw_accepted=true present_signal=unavailable attribution=input
10-08 15:52:22.689  1682  1682 I SpinonBootstrap: SPINON_R05_PRESENT_FLUSH renderer=wgpu queued=true generation=1
10-08 15:52:22.689  1682  1804 I SpinonBootstrap: SPINON_R05_PRESENT_FLUSH requested=true renderer=wgpu generation=1
10-08 15:52:22.689  1682  1682 I SpinonBootstrap: SPINON_R08_TOUCH count=29
10-08 15:52:22.691  1682  1804 I SpinonBootstrap: SPINON_R05_PRESENT_BATCH renderer=wgpu generation=1 batch_seq=29 record_count=1 callback_os_tid=1804 callback_thread_id=55 registering_thread_os_tid=1682 queue_depth=0 rejected_callback_batches=0 rejected_flush_tasks=0 callback_uptime_ns=2497298561149 attribution=unmatched
10-08 15:52:22.691  1682  1804 I SpinonBootstrap: SPINON_R05_PRESENT renderer=wgpu signal=SurfaceView_JankData generation=1 current_generation=1 current_surface=true batch_seq=29 record_index=0 callback_os_tid=1804 callback_thread_id=55 registering_thread_os_tid=1682 queue_depth=0 vsync_id=-1 present_time_ns=-1 present_state=unknown jank_type=0 actual_app_frame_ns=0 scheduled_app_frame_ns=0 callback_uptime_ns=2497298561149 frame_id=unmatched revision=unmatched attribution=unmatched
10-08 15:52:23.075  1682  1682 I SpinonBootstrap: SPINON_R05_INPUT renderer=wgpu input_seq=30 phase=ACTION_UP timestamp_precision=nanosecond_representation input_source=unknown handler_clock_resolution=nanosecond_api event_time_ns=2497680000000 handler_uptime_ns=2497683069107 generation=1
10-08 15:52:23.082  1682  1682 I SpinonBootstrap: SPINON_R05_SUBMIT renderer=wgpu input_seq=30 revision=30 generation=1 event_time_ns=2497680000000 handler_uptime_ns=2497683189315 queue_present_return_uptime_ns=2497689862274 draw_accepted=true present_signal=unavailable attribution=input
10-08 15:52:23.082  1682  1682 I SpinonBootstrap: SPINON_R05_PRESENT_FLUSH renderer=wgpu queued=true generation=1
10-08 15:52:23.082  1682  1804 I SpinonBootstrap: SPINON_R05_PRESENT_FLUSH requested=true renderer=wgpu generation=1
10-08 15:52:23.085  1682  1804 I SpinonBootstrap: SPINON_R05_PRESENT_BATCH renderer=wgpu generation=1 batch_seq=30 record_count=1 callback_os_tid=1804 callback_thread_id=55 registering_thread_os_tid=1682 queue_depth=0 rejected_callback_batches=0 rejected_flush_tasks=0 callback_uptime_ns=2497692904649 attribution=unmatched
10-08 15:52:23.085  1682  1804 I SpinonBootstrap: SPINON_R05_PRESENT renderer=wgpu signal=SurfaceView_JankData generation=1 current_generation=1 current_surface=true batch_seq=30 record_index=0 callback_os_tid=1804 callback_thread_id=55 registering_thread_os_tid=1682 queue_depth=0 vsync_id=-1 present_time_ns=-1 present_state=unknown jank_type=0 actual_app_frame_ns=0 scheduled_app_frame_ns=0 callback_uptime_ns=2497692904649 frame_id=unmatched revision=unmatched attribution=unmatched
10-08 15:52:23.085  1682  1682 I SpinonBootstrap: SPINON_R08_TOUCH count=30
