--------- beginning of main
10-08 15:48:34.676 30493 30493 I SpinonBootstrap: SPINON_R08_UI=ready text-input=EditText accessibility=button+EditText
10-08 15:48:34.819 30493 30493 I SpinonBootstrap: SPINON_R05_SURFACE renderer=wgpu type=SurfaceView generation=1
10-08 15:48:34.827 30493 30493 I SpinonBootstrap: SPINON_R05_SIGNAL_CAPABILITY renderer=wgpu signal=SurfaceView_JankData available=true reason=registered api=37 api_full=3700002
10-08 15:48:34.962 30493 30493 I SpinonBootstrap: SPINON_R08_WGPU=ready backend=Vulkan device=VirtualGpu name=Goldfish GFXStream (llvmpipe (LLVM 21.1.4, 128 bits)) google_display_timing_supported=false format=Rgba8Unorm color_space=Auto supported_formats=[Rgba8UnormSrgb, Rgba8Unorm, Rgba16Float, Rgb10a2Unorm]
10-08 15:48:34.962 30493 30493 I SpinonBootstrap: SPINON_R08_WGPU_SURFACE=size 1080x1920
10-08 15:48:36.491 30493 30493 I SpinonBootstrap: SPINON_R05_INPUT renderer=wgpu input_seq=1 phase=ACTION_UP timestamp_precision=nanosecond_representation input_source=unknown handler_clock_resolution=nanosecond_api event_time_ns=2271097000000 handler_uptime_ns=2271098446874 generation=1
10-08 15:48:36.530 30493 30493 I SpinonBootstrap: SPINON_R05_SUBMIT renderer=wgpu input_seq=1 revision=1 generation=1 event_time_ns=2271097000000 handler_uptime_ns=2271099372499 queue_present_return_uptime_ns=2271137519416 draw_accepted=true present_signal=unavailable attribution=input
10-08 15:48:36.530 30493 30493 I SpinonBootstrap: SPINON_R05_PRESENT_FLUSH renderer=wgpu queued=true generation=1
10-08 15:48:36.530 30493 30549 I SpinonBootstrap: SPINON_R05_PRESENT_FLUSH requested=true renderer=wgpu generation=1
10-08 15:48:36.530 30493 30493 I SpinonBootstrap: SPINON_R08_TOUCH count=1
10-08 15:48:36.530 30493 30549 I SpinonBootstrap: SPINON_R05_PRESENT_BATCH renderer=wgpu generation=1 batch_seq=1 record_count=2 callback_tid=55 queue_depth=0 rejected_callback_batches=0 rejected_flush_tasks=0 callback_uptime_ns=2271138276082 attribution=unmatched
10-08 15:48:36.530 30493 30549 I SpinonBootstrap: SPINON_R05_PRESENT renderer=wgpu signal=SurfaceView_JankData generation=1 current_generation=1 current_surface=true batch_seq=1 record_index=0 callback_tid=55 queue_depth=0 vsync_id=-1 present_time_ns=-1 present_state=unknown jank_type=0 actual_app_frame_ns=0 scheduled_app_frame_ns=0 callback_uptime_ns=2271138276082 frame_id=unmatched revision=unmatched attribution=unmatched
10-08 15:48:36.530 30493 30549 I SpinonBootstrap: SPINON_R05_PRESENT renderer=wgpu signal=SurfaceView_JankData generation=1 current_generation=1 current_surface=true batch_seq=1 record_index=1 callback_tid=55 queue_depth=0 vsync_id=68712 present_time_ns=-1 present_state=unknown jank_type=2 actual_app_frame_ns=232767188 scheduled_app_frame_ns=16666666 callback_uptime_ns=2271138276082 frame_id=unmatched revision=unmatched attribution=unmatched
10-08 15:48:36.904 30493 30493 I SpinonBootstrap: SPINON_R05_INPUT renderer=wgpu input_seq=2 phase=ACTION_UP timestamp_precision=nanosecond_representation input_source=unknown handler_clock_resolution=nanosecond_api event_time_ns=2271510000000 handler_uptime_ns=2271511642958 generation=1
10-08 15:48:36.915 30493 30493 I SpinonBootstrap: SPINON_R05_SUBMIT renderer=wgpu input_seq=2 revision=2 generation=1 event_time_ns=2271510000000 handler_uptime_ns=2271511766874 queue_present_return_uptime_ns=2271522609124 draw_accepted=true present_signal=unavailable attribution=input
10-08 15:48:36.915 30493 30493 I SpinonBootstrap: SPINON_R05_PRESENT_FLUSH renderer=wgpu queued=true generation=1
10-08 15:48:36.915 30493 30549 I SpinonBootstrap: SPINON_R05_PRESENT_FLUSH requested=true renderer=wgpu generation=1
10-08 15:48:36.916 30493 30493 I SpinonBootstrap: SPINON_R08_TOUCH count=2
10-08 15:48:36.917 30493 30549 I SpinonBootstrap: SPINON_R05_PRESENT_BATCH renderer=wgpu generation=1 batch_seq=2 record_count=1 callback_tid=55 queue_depth=0 rejected_callback_batches=0 rejected_flush_tasks=0 callback_uptime_ns=2271524167083 attribution=unmatched
10-08 15:48:36.917 30493 30549 I SpinonBootstrap: SPINON_R05_PRESENT renderer=wgpu signal=SurfaceView_JankData generation=1 current_generation=1 current_surface=true batch_seq=2 record_index=0 callback_tid=55 queue_depth=0 vsync_id=-1 present_time_ns=-1 present_state=unknown jank_type=0 actual_app_frame_ns=0 scheduled_app_frame_ns=0 callback_uptime_ns=2271524167083 frame_id=unmatched revision=unmatched attribution=unmatched
10-08 15:48:37.304 30493 30493 I SpinonBootstrap: SPINON_R05_INPUT renderer=wgpu input_seq=3 phase=ACTION_UP timestamp_precision=nanosecond_representation input_source=unknown handler_clock_resolution=nanosecond_api event_time_ns=2271910000000 handler_uptime_ns=2271911481874 generation=1
10-08 15:48:37.309 30493 30493 I SpinonBootstrap: SPINON_R05_SUBMIT renderer=wgpu input_seq=3 revision=3 generation=1 event_time_ns=2271910000000 handler_uptime_ns=2271911591791 queue_present_return_uptime_ns=2271917237041 draw_accepted=true present_signal=unavailable attribution=input
10-08 15:48:37.309 30493 30493 I SpinonBootstrap: SPINON_R05_PRESENT_FLUSH renderer=wgpu queued=true generation=1
10-08 15:48:37.309 30493 30549 I SpinonBootstrap: SPINON_R05_PRESENT_FLUSH requested=true renderer=wgpu generation=1
10-08 15:48:37.310 30493 30493 I SpinonBootstrap: SPINON_R08_TOUCH count=3
10-08 15:48:37.310 30493 30549 I SpinonBootstrap: SPINON_R05_PRESENT_BATCH renderer=wgpu generation=1 batch_seq=3 record_count=1 callback_tid=55 queue_depth=0 rejected_callback_batches=0 rejected_flush_tasks=0 callback_uptime_ns=2271917875749 attribution=unmatched
10-08 15:48:37.310 30493 30549 I SpinonBootstrap: SPINON_R05_PRESENT renderer=wgpu signal=SurfaceView_JankData generation=1 current_generation=1 current_surface=true batch_seq=3 record_index=0 callback_tid=55 queue_depth=0 vsync_id=-1 present_time_ns=-1 present_state=unknown jank_type=0 actual_app_frame_ns=0 scheduled_app_frame_ns=0 callback_uptime_ns=2271917875749 frame_id=unmatched revision=unmatched attribution=unmatched
10-08 15:48:37.683 30493 30493 I SpinonBootstrap: SPINON_R05_INPUT renderer=wgpu input_seq=4 phase=ACTION_UP timestamp_precision=nanosecond_representation input_source=unknown handler_clock_resolution=nanosecond_api event_time_ns=2272290000000 handler_uptime_ns=2272291432375 generation=1
10-08 15:48:37.686 30493 30493 I SpinonBootstrap: SPINON_R05_SUBMIT renderer=wgpu input_seq=4 revision=4 generation=1 event_time_ns=2272290000000 handler_uptime_ns=2272291547791 queue_present_return_uptime_ns=2272293718791 draw_accepted=true present_signal=unavailable attribution=input
10-08 15:48:37.686 30493 30493 I SpinonBootstrap: SPINON_R05_PRESENT_FLUSH renderer=wgpu queued=true generation=1
10-08 15:48:37.686 30493 30549 I SpinonBootstrap: SPINON_R05_PRESENT_FLUSH requested=true renderer=wgpu generation=1
10-08 15:48:37.686 30493 30493 I SpinonBootstrap: SPINON_R08_TOUCH count=4
10-08 15:48:37.686 30493 30549 I SpinonBootstrap: SPINON_R05_PRESENT_BATCH renderer=wgpu generation=1 batch_seq=4 record_count=1 callback_tid=55 queue_depth=0 rejected_callback_batches=0 rejected_flush_tasks=0 callback_uptime_ns=2272294426250 attribution=unmatched
10-08 15:48:37.686 30493 30549 I SpinonBootstrap: SPINON_R05_PRESENT renderer=wgpu signal=SurfaceView_JankData generation=1 current_generation=1 current_surface=true batch_seq=4 record_index=0 callback_tid=55 queue_depth=0 vsync_id=-1 present_time_ns=-1 present_state=unknown jank_type=0 actual_app_frame_ns=0 scheduled_app_frame_ns=0 callback_uptime_ns=2272294426250 frame_id=unmatched revision=unmatched attribution=unmatched
10-08 15:48:38.066 30493 30493 I SpinonBootstrap: SPINON_R05_INPUT renderer=wgpu input_seq=5 phase=ACTION_UP timestamp_precision=nanosecond_representation input_source=unknown handler_clock_resolution=nanosecond_api event_time_ns=2272672000000 handler_uptime_ns=2272673644083 generation=1
10-08 15:48:38.068 30493 30493 I SpinonBootstrap: SPINON_R05_SUBMIT renderer=wgpu input_seq=5 revision=5 generation=1 event_time_ns=2272672000000 handler_uptime_ns=2272673701291 queue_present_return_uptime_ns=2272675679708 draw_accepted=true present_signal=unavailable attribution=input
10-08 15:48:38.068 30493 30493 I SpinonBootstrap: SPINON_R05_PRESENT_FLUSH renderer=wgpu queued=true generation=1
10-08 15:48:38.068 30493 30549 I SpinonBootstrap: SPINON_R05_PRESENT_FLUSH requested=true renderer=wgpu generation=1
10-08 15:48:38.068 30493 30493 I SpinonBootstrap: SPINON_R08_TOUCH count=5
10-08 15:48:38.069 30493 30549 I SpinonBootstrap: SPINON_R05_PRESENT_BATCH renderer=wgpu generation=1 batch_seq=5 record_count=1 callback_tid=55 queue_depth=0 rejected_callback_batches=0 rejected_flush_tasks=0 callback_uptime_ns=2272676495708 attribution=unmatched
10-08 15:48:38.069 30493 30549 I SpinonBootstrap: SPINON_R05_PRESENT renderer=wgpu signal=SurfaceView_JankData generation=1 current_generation=1 current_surface=true batch_seq=5 record_index=0 callback_tid=55 queue_depth=0 vsync_id=-1 present_time_ns=-1 present_state=unknown jank_type=0 actual_app_frame_ns=0 scheduled_app_frame_ns=0 callback_uptime_ns=2272676495708 frame_id=unmatched revision=unmatched attribution=unmatched
10-08 15:48:38.442 30493 30493 I SpinonBootstrap: SPINON_R05_INPUT renderer=wgpu input_seq=6 phase=ACTION_UP timestamp_precision=nanosecond_representation input_source=unknown handler_clock_resolution=nanosecond_api event_time_ns=2273049000000 handler_uptime_ns=2273049963792 generation=1
10-08 15:48:38.445 30493 30493 I SpinonBootstrap: SPINON_R05_SUBMIT renderer=wgpu input_seq=6 revision=6 generation=1 event_time_ns=2273049000000 handler_uptime_ns=2273050100250 queue_present_return_uptime_ns=2273052812250 draw_accepted=true present_signal=unavailable attribution=input
10-08 15:48:38.445 30493 30493 I SpinonBootstrap: SPINON_R05_PRESENT_FLUSH renderer=wgpu queued=true generation=1
10-08 15:48:38.445 30493 30549 I SpinonBootstrap: SPINON_R05_PRESENT_FLUSH requested=true renderer=wgpu generation=1
10-08 15:48:38.446 30493 30493 I SpinonBootstrap: SPINON_R08_TOUCH count=6
10-08 15:48:38.446 30493 30549 I SpinonBootstrap: SPINON_R05_PRESENT_BATCH renderer=wgpu generation=1 batch_seq=6 record_count=1 callback_tid=55 queue_depth=0 rejected_callback_batches=0 rejected_flush_tasks=0 callback_uptime_ns=2273053850667 attribution=unmatched
10-08 15:48:38.446 30493 30549 I SpinonBootstrap: SPINON_R05_PRESENT renderer=wgpu signal=SurfaceView_JankData generation=1 current_generation=1 current_surface=true batch_seq=6 record_index=0 callback_tid=55 queue_depth=0 vsync_id=-1 present_time_ns=-1 present_state=unknown jank_type=0 actual_app_frame_ns=0 scheduled_app_frame_ns=0 callback_uptime_ns=2273053850667 frame_id=unmatched revision=unmatched attribution=unmatched
10-08 15:48:38.823 30493 30493 I SpinonBootstrap: SPINON_R05_INPUT renderer=wgpu input_seq=7 phase=ACTION_UP timestamp_precision=nanosecond_representation input_source=unknown handler_clock_resolution=nanosecond_api event_time_ns=2273430000000 handler_uptime_ns=2273431074209 generation=1
10-08 15:48:38.825 30493 30493 I SpinonBootstrap: SPINON_R05_SUBMIT renderer=wgpu input_seq=7 revision=7 generation=1 event_time_ns=2273430000000 handler_uptime_ns=2273431151625 queue_present_return_uptime_ns=2273433394584 draw_accepted=true present_signal=unavailable attribution=input
10-08 15:48:38.825 30493 30493 I SpinonBootstrap: SPINON_R05_PRESENT_FLUSH renderer=wgpu queued=true generation=1
10-08 15:48:38.826 30493 30493 I SpinonBootstrap: SPINON_R08_TOUCH count=7
10-08 15:48:38.826 30493 30549 I SpinonBootstrap: SPINON_R05_PRESENT_FLUSH requested=true renderer=wgpu generation=1
10-08 15:48:38.826 30493 30549 I SpinonBootstrap: SPINON_R05_PRESENT_BATCH renderer=wgpu generation=1 batch_seq=7 record_count=1 callback_tid=55 queue_depth=0 rejected_callback_batches=0 rejected_flush_tasks=0 callback_uptime_ns=2273434339625 attribution=unmatched
10-08 15:48:38.826 30493 30549 I SpinonBootstrap: SPINON_R05_PRESENT renderer=wgpu signal=SurfaceView_JankData generation=1 current_generation=1 current_surface=true batch_seq=7 record_index=0 callback_tid=55 queue_depth=0 vsync_id=-1 present_time_ns=-1 present_state=unknown jank_type=0 actual_app_frame_ns=0 scheduled_app_frame_ns=0 callback_uptime_ns=2273434339625 frame_id=unmatched revision=unmatched attribution=unmatched
10-08 15:48:39.203 30493 30493 I SpinonBootstrap: SPINON_R05_INPUT renderer=wgpu input_seq=8 phase=ACTION_UP timestamp_precision=nanosecond_representation input_source=unknown handler_clock_resolution=nanosecond_api event_time_ns=2273810000000 handler_uptime_ns=2273811131709 generation=1
10-08 15:48:39.205 30493 30493 I SpinonBootstrap: SPINON_R05_SUBMIT renderer=wgpu input_seq=8 revision=8 generation=1 event_time_ns=2273810000000 handler_uptime_ns=2273811273709 queue_present_return_uptime_ns=2273813352625 draw_accepted=true present_signal=unavailable attribution=input
10-08 15:48:39.205 30493 30493 I SpinonBootstrap: SPINON_R05_PRESENT_FLUSH renderer=wgpu queued=true generation=1
10-08 15:48:39.206 30493 30549 I SpinonBootstrap: SPINON_R05_PRESENT_FLUSH requested=true renderer=wgpu generation=1
10-08 15:48:39.206 30493 30549 I SpinonBootstrap: SPINON_R05_PRESENT_BATCH renderer=wgpu generation=1 batch_seq=8 record_count=1 callback_tid=55 queue_depth=0 rejected_callback_batches=0 rejected_flush_tasks=0 callback_uptime_ns=2273813651167 attribution=unmatched
10-08 15:48:39.206 30493 30549 I SpinonBootstrap: SPINON_R05_PRESENT renderer=wgpu signal=SurfaceView_JankData generation=1 current_generation=1 current_surface=true batch_seq=8 record_index=0 callback_tid=55 queue_depth=0 vsync_id=-1 present_time_ns=-1 present_state=unknown jank_type=0 actual_app_frame_ns=0 scheduled_app_frame_ns=0 callback_uptime_ns=2273813651167 frame_id=unmatched revision=unmatched attribution=unmatched
10-08 15:48:39.206 30493 30493 I SpinonBootstrap: SPINON_R08_TOUCH count=8
10-08 15:48:39.583 30493 30493 I SpinonBootstrap: SPINON_R05_INPUT renderer=wgpu input_seq=9 phase=ACTION_UP timestamp_precision=nanosecond_representation input_source=unknown handler_clock_resolution=nanosecond_api event_time_ns=2274190000000 handler_uptime_ns=2274191396626 generation=1
10-08 15:48:39.586 30493 30493 I SpinonBootstrap: SPINON_R05_SUBMIT renderer=wgpu input_seq=9 revision=9 generation=1 event_time_ns=2274190000000 handler_uptime_ns=2274191465667 queue_present_return_uptime_ns=2274193571876 draw_accepted=true present_signal=unavailable attribution=input
10-08 15:48:39.586 30493 30493 I SpinonBootstrap: SPINON_R05_PRESENT_FLUSH renderer=wgpu queued=true generation=1
10-08 15:48:39.586 30493 30549 I SpinonBootstrap: SPINON_R05_PRESENT_FLUSH requested=true renderer=wgpu generation=1
10-08 15:48:39.586 30493 30493 I SpinonBootstrap: SPINON_R08_TOUCH count=9
10-08 15:48:39.586 30493 30549 I SpinonBootstrap: SPINON_R05_PRESENT_BATCH renderer=wgpu generation=1 batch_seq=9 record_count=1 callback_tid=55 queue_depth=0 rejected_callback_batches=0 rejected_flush_tasks=0 callback_uptime_ns=2274194041709 attribution=unmatched
10-08 15:48:39.586 30493 30549 I SpinonBootstrap: SPINON_R05_PRESENT renderer=wgpu signal=SurfaceView_JankData generation=1 current_generation=1 current_surface=true batch_seq=9 record_index=0 callback_tid=55 queue_depth=0 vsync_id=-1 present_time_ns=-1 present_state=unknown jank_type=0 actual_app_frame_ns=0 scheduled_app_frame_ns=0 callback_uptime_ns=2274194041709 frame_id=unmatched revision=unmatched attribution=unmatched
10-08 15:48:39.966 30493 30493 I SpinonBootstrap: SPINON_R05_INPUT renderer=wgpu input_seq=10 phase=ACTION_UP timestamp_precision=nanosecond_representation input_source=unknown handler_clock_resolution=nanosecond_api event_time_ns=2274573000000 handler_uptime_ns=2274574022334 generation=1
10-08 15:48:39.969 30493 30493 I SpinonBootstrap: SPINON_R05_SUBMIT renderer=wgpu input_seq=10 revision=10 generation=1 event_time_ns=2274573000000 handler_uptime_ns=2274574237834 queue_present_return_uptime_ns=2274576748751 draw_accepted=true present_signal=unavailable attribution=input
10-08 15:48:39.969 30493 30493 I SpinonBootstrap: SPINON_R05_PRESENT_FLUSH renderer=wgpu queued=true generation=1
10-08 15:48:39.969 30493 30549 I SpinonBootstrap: SPINON_R05_PRESENT_FLUSH requested=true renderer=wgpu generation=1
10-08 15:48:39.969 30493 30493 I SpinonBootstrap: SPINON_R08_TOUCH count=10
10-08 15:48:39.970 30493 30549 I SpinonBootstrap: SPINON_R05_PRESENT_BATCH renderer=wgpu generation=1 batch_seq=10 record_count=1 callback_tid=55 queue_depth=0 rejected_callback_batches=0 rejected_flush_tasks=0 callback_uptime_ns=2274577540626 attribution=unmatched
10-08 15:48:39.970 30493 30549 I SpinonBootstrap: SPINON_R05_PRESENT renderer=wgpu signal=SurfaceView_JankData generation=1 current_generation=1 current_surface=true batch_seq=10 record_index=0 callback_tid=55 queue_depth=0 vsync_id=-1 present_time_ns=-1 present_state=unknown jank_type=0 actual_app_frame_ns=0 scheduled_app_frame_ns=0 callback_uptime_ns=2274577540626 frame_id=unmatched revision=unmatched attribution=unmatched
10-08 15:48:40.347 30493 30493 I SpinonBootstrap: SPINON_R05_INPUT renderer=wgpu input_seq=11 phase=ACTION_UP timestamp_precision=nanosecond_representation input_source=unknown handler_clock_resolution=nanosecond_api event_time_ns=2274954000000 handler_uptime_ns=2274955456709 generation=1
10-08 15:48:40.350 30493 30493 I SpinonBootstrap: SPINON_R05_SUBMIT renderer=wgpu input_seq=11 revision=11 generation=1 event_time_ns=2274954000000 handler_uptime_ns=2274955523293 queue_present_return_uptime_ns=2274957688501 draw_accepted=true present_signal=unavailable attribution=input
10-08 15:48:40.350 30493 30493 I SpinonBootstrap: SPINON_R05_PRESENT_FLUSH renderer=wgpu queued=true generation=1
10-08 15:48:40.350 30493 30549 I SpinonBootstrap: SPINON_R05_PRESENT_FLUSH requested=true renderer=wgpu generation=1
10-08 15:48:40.350 30493 30493 I SpinonBootstrap: SPINON_R08_TOUCH count=11
10-08 15:48:40.350 30493 30549 I SpinonBootstrap: SPINON_R05_PRESENT_BATCH renderer=wgpu generation=1 batch_seq=11 record_count=1 callback_tid=55 queue_depth=0 rejected_callback_batches=0 rejected_flush_tasks=0 callback_uptime_ns=2274958462043 attribution=unmatched
10-08 15:48:40.351 30493 30549 I SpinonBootstrap: SPINON_R05_PRESENT renderer=wgpu signal=SurfaceView_JankData generation=1 current_generation=1 current_surface=true batch_seq=11 record_index=0 callback_tid=55 queue_depth=0 vsync_id=-1 present_time_ns=-1 present_state=unknown jank_type=0 actual_app_frame_ns=0 scheduled_app_frame_ns=0 callback_uptime_ns=2274958462043 frame_id=unmatched revision=unmatched attribution=unmatched
10-08 15:48:40.725 30493 30493 I SpinonBootstrap: SPINON_R05_INPUT renderer=wgpu input_seq=12 phase=ACTION_UP timestamp_precision=nanosecond_representation input_source=unknown handler_clock_resolution=nanosecond_api event_time_ns=2275332000000 handler_uptime_ns=2275332946459 generation=1
10-08 15:48:40.727 30493 30493 I SpinonBootstrap: SPINON_R05_SUBMIT renderer=wgpu input_seq=12 revision=12 generation=1 event_time_ns=2275332000000 handler_uptime_ns=2275333012668 queue_present_return_uptime_ns=2275335360668 draw_accepted=true present_signal=unavailable attribution=input
10-08 15:48:40.727 30493 30493 I SpinonBootstrap: SPINON_R05_PRESENT_FLUSH renderer=wgpu queued=true generation=1
10-08 15:48:40.728 30493 30549 I SpinonBootstrap: SPINON_R05_PRESENT_FLUSH requested=true renderer=wgpu generation=1
10-08 15:48:40.728 30493 30549 I SpinonBootstrap: SPINON_R05_PRESENT_BATCH renderer=wgpu generation=1 batch_seq=12 record_count=1 callback_tid=55 queue_depth=0 rejected_callback_batches=0 rejected_flush_tasks=0 callback_uptime_ns=2275336302668 attribution=unmatched
10-08 15:48:40.728 30493 30549 I SpinonBootstrap: SPINON_R05_PRESENT renderer=wgpu signal=SurfaceView_JankData generation=1 current_generation=1 current_surface=true batch_seq=12 record_index=0 callback_tid=55 queue_depth=0 vsync_id=-1 present_time_ns=-1 present_state=unknown jank_type=0 actual_app_frame_ns=0 scheduled_app_frame_ns=0 callback_uptime_ns=2275336302668 frame_id=unmatched revision=unmatched attribution=unmatched
10-08 15:48:40.728 30493 30493 I SpinonBootstrap: SPINON_R08_TOUCH count=12
10-08 15:48:41.106 30493 30493 I SpinonBootstrap: SPINON_R05_INPUT renderer=wgpu input_seq=13 phase=ACTION_UP timestamp_precision=nanosecond_representation input_source=unknown handler_clock_resolution=nanosecond_api event_time_ns=2275712000000 handler_uptime_ns=2275713673210 generation=1
10-08 15:48:41.108 30493 30493 I SpinonBootstrap: SPINON_R05_SUBMIT renderer=wgpu input_seq=13 revision=13 generation=1 event_time_ns=2275712000000 handler_uptime_ns=2275713772376 queue_present_return_uptime_ns=2275715800543 draw_accepted=true present_signal=unavailable attribution=input
10-08 15:48:41.108 30493 30493 I SpinonBootstrap: SPINON_R05_PRESENT_FLUSH renderer=wgpu queued=true generation=1
10-08 15:48:41.108 30493 30549 I SpinonBootstrap: SPINON_R05_PRESENT_FLUSH requested=true renderer=wgpu generation=1
10-08 15:48:41.108 30493 30549 I SpinonBootstrap: SPINON_R05_PRESENT_BATCH renderer=wgpu generation=1 batch_seq=13 record_count=1 callback_tid=55 queue_depth=0 rejected_callback_batches=0 rejected_flush_tasks=0 callback_uptime_ns=2275716412585 attribution=unmatched
10-08 15:48:41.108 30493 30549 I SpinonBootstrap: SPINON_R05_PRESENT renderer=wgpu signal=SurfaceView_JankData generation=1 current_generation=1 current_surface=true batch_seq=13 record_index=0 callback_tid=55 queue_depth=0 vsync_id=-1 present_time_ns=-1 present_state=unknown jank_type=0 actual_app_frame_ns=0 scheduled_app_frame_ns=0 callback_uptime_ns=2275716412585 frame_id=unmatched revision=unmatched attribution=unmatched
10-08 15:48:41.108 30493 30493 I SpinonBootstrap: SPINON_R08_TOUCH count=13
10-08 15:48:41.478 30493 30493 I SpinonBootstrap: SPINON_R05_INPUT renderer=wgpu input_seq=14 phase=ACTION_UP timestamp_precision=nanosecond_representation input_source=unknown handler_clock_resolution=nanosecond_api event_time_ns=2276085000000 handler_uptime_ns=2276086419376 generation=1
10-08 15:48:41.481 30493 30493 I SpinonBootstrap: SPINON_R05_SUBMIT renderer=wgpu input_seq=14 revision=14 generation=1 event_time_ns=2276085000000 handler_uptime_ns=2276086514793 queue_present_return_uptime_ns=2276088693168 draw_accepted=true present_signal=unavailable attribution=input
10-08 15:48:41.481 30493 30493 I SpinonBootstrap: SPINON_R05_PRESENT_FLUSH renderer=wgpu queued=true generation=1
10-08 15:48:41.481 30493 30549 I SpinonBootstrap: SPINON_R05_PRESENT_FLUSH requested=true renderer=wgpu generation=1
10-08 15:48:41.481 30493 30493 I SpinonBootstrap: SPINON_R08_TOUCH count=14
10-08 15:48:41.482 30493 30549 I SpinonBootstrap: SPINON_R05_PRESENT_BATCH renderer=wgpu generation=1 batch_seq=14 record_count=1 callback_tid=55 queue_depth=0 rejected_callback_batches=0 rejected_flush_tasks=0 callback_uptime_ns=2276089512376 attribution=unmatched
10-08 15:48:41.482 30493 30549 I SpinonBootstrap: SPINON_R05_PRESENT renderer=wgpu signal=SurfaceView_JankData generation=1 current_generation=1 current_surface=true batch_seq=14 record_index=0 callback_tid=55 queue_depth=0 vsync_id=-1 present_time_ns=-1 present_state=unknown jank_type=0 actual_app_frame_ns=0 scheduled_app_frame_ns=0 callback_uptime_ns=2276089512376 frame_id=unmatched revision=unmatched attribution=unmatched
10-08 15:48:41.865 30493 30493 I SpinonBootstrap: SPINON_R05_INPUT renderer=wgpu input_seq=15 phase=ACTION_UP timestamp_precision=nanosecond_representation input_source=unknown handler_clock_resolution=nanosecond_api event_time_ns=2276471000000 handler_uptime_ns=2276473064668 generation=1
10-08 15:48:41.868 30493 30493 I SpinonBootstrap: SPINON_R05_SUBMIT renderer=wgpu input_seq=15 revision=15 generation=1 event_time_ns=2276471000000 handler_uptime_ns=2276473230918 queue_present_return_uptime_ns=2276475859543 draw_accepted=true present_signal=unavailable attribution=input
10-08 15:48:41.868 30493 30493 I SpinonBootstrap: SPINON_R05_PRESENT_FLUSH renderer=wgpu queued=true generation=1
10-08 15:48:41.868 30493 30549 I SpinonBootstrap: SPINON_R05_PRESENT_FLUSH requested=true renderer=wgpu generation=1
10-08 15:48:41.868 30493 30493 I SpinonBootstrap: SPINON_R08_TOUCH count=15
10-08 15:48:41.869 30493 30549 I SpinonBootstrap: SPINON_R05_PRESENT_BATCH renderer=wgpu generation=1 batch_seq=15 record_count=1 callback_tid=55 queue_depth=0 rejected_callback_batches=0 rejected_flush_tasks=0 callback_uptime_ns=2276476948918 attribution=unmatched
10-08 15:48:41.869 30493 30549 I SpinonBootstrap: SPINON_R05_PRESENT renderer=wgpu signal=SurfaceView_JankData generation=1 current_generation=1 current_surface=true batch_seq=15 record_index=0 callback_tid=55 queue_depth=0 vsync_id=-1 present_time_ns=-1 present_state=unknown jank_type=0 actual_app_frame_ns=0 scheduled_app_frame_ns=0 callback_uptime_ns=2276476948918 frame_id=unmatched revision=unmatched attribution=unmatched
10-08 15:48:42.249 30493 30493 I SpinonBootstrap: SPINON_R05_INPUT renderer=wgpu input_seq=16 phase=ACTION_UP timestamp_precision=nanosecond_representation input_source=unknown handler_clock_resolution=nanosecond_api event_time_ns=2276855000000 handler_uptime_ns=2276856789627 generation=1
10-08 15:48:42.252 30493 30493 I SpinonBootstrap: SPINON_R05_SUBMIT renderer=wgpu input_seq=16 revision=16 generation=1 event_time_ns=2276855000000 handler_uptime_ns=2276856908793 queue_present_return_uptime_ns=2276859667377 draw_accepted=true present_signal=unavailable attribution=input
10-08 15:48:42.252 30493 30493 I SpinonBootstrap: SPINON_R05_PRESENT_FLUSH renderer=wgpu queued=true generation=1
10-08 15:48:42.252 30493 30549 I SpinonBootstrap: SPINON_R05_PRESENT_FLUSH requested=true renderer=wgpu generation=1
10-08 15:48:42.252 30493 30493 I SpinonBootstrap: SPINON_R08_TOUCH count=16
10-08 15:48:42.253 30493 30549 I SpinonBootstrap: SPINON_R05_PRESENT_BATCH renderer=wgpu generation=1 batch_seq=16 record_count=1 callback_tid=55 queue_depth=0 rejected_callback_batches=0 rejected_flush_tasks=0 callback_uptime_ns=2276860835377 attribution=unmatched
10-08 15:48:42.253 30493 30549 I SpinonBootstrap: SPINON_R05_PRESENT renderer=wgpu signal=SurfaceView_JankData generation=1 current_generation=1 current_surface=true batch_seq=16 record_index=0 callback_tid=55 queue_depth=0 vsync_id=-1 present_time_ns=-1 present_state=unknown jank_type=0 actual_app_frame_ns=0 scheduled_app_frame_ns=0 callback_uptime_ns=2276860835377 frame_id=unmatched revision=unmatched attribution=unmatched
10-08 15:48:42.630 30493 30493 I SpinonBootstrap: SPINON_R05_INPUT renderer=wgpu input_seq=17 phase=ACTION_UP timestamp_precision=nanosecond_representation input_source=unknown handler_clock_resolution=nanosecond_api event_time_ns=2277237000000 handler_uptime_ns=2277237912419 generation=1
10-08 15:48:42.633 30493 30493 I SpinonBootstrap: SPINON_R05_SUBMIT renderer=wgpu input_seq=17 revision=17 generation=1 event_time_ns=2277237000000 handler_uptime_ns=2277238088960 queue_present_return_uptime_ns=2277240466044 draw_accepted=true present_signal=unavailable attribution=input
10-08 15:48:42.633 30493 30493 I SpinonBootstrap: SPINON_R05_PRESENT_FLUSH renderer=wgpu queued=true generation=1
10-08 15:48:42.633 30493 30549 I SpinonBootstrap: SPINON_R05_PRESENT_FLUSH requested=true renderer=wgpu generation=1
10-08 15:48:42.633 30493 30493 I SpinonBootstrap: SPINON_R08_TOUCH count=17
10-08 15:48:42.633 30493 30549 I SpinonBootstrap: SPINON_R05_PRESENT_BATCH renderer=wgpu generation=1 batch_seq=17 record_count=1 callback_tid=55 queue_depth=0 rejected_callback_batches=0 rejected_flush_tasks=0 callback_uptime_ns=2277241058585 attribution=unmatched
10-08 15:48:42.633 30493 30549 I SpinonBootstrap: SPINON_R05_PRESENT renderer=wgpu signal=SurfaceView_JankData generation=1 current_generation=1 current_surface=true batch_seq=17 record_index=0 callback_tid=55 queue_depth=0 vsync_id=-1 present_time_ns=-1 present_state=unknown jank_type=0 actual_app_frame_ns=0 scheduled_app_frame_ns=0 callback_uptime_ns=2277241058585 frame_id=unmatched revision=unmatched attribution=unmatched
10-08 15:48:43.013 30493 30493 I SpinonBootstrap: SPINON_R05_INPUT renderer=wgpu input_seq=18 phase=ACTION_UP timestamp_precision=nanosecond_representation input_source=unknown handler_clock_resolution=nanosecond_api event_time_ns=2277620000000 handler_uptime_ns=2277621024502 generation=1
10-08 15:48:43.015 30493 30493 I SpinonBootstrap: SPINON_R05_SUBMIT renderer=wgpu input_seq=18 revision=18 generation=1 event_time_ns=2277620000000 handler_uptime_ns=2277621100919 queue_present_return_uptime_ns=2277623209836 draw_accepted=true present_signal=unavailable attribution=input
10-08 15:48:43.015 30493 30549 I SpinonBootstrap: SPINON_R05_PRESENT_FLUSH requested=true renderer=wgpu generation=1
10-08 15:48:43.015 30493 30493 I SpinonBootstrap: SPINON_R05_PRESENT_FLUSH renderer=wgpu queued=true generation=1
10-08 15:48:43.016 30493 30549 I SpinonBootstrap: SPINON_R05_PRESENT_BATCH renderer=wgpu generation=1 batch_seq=18 record_count=1 callback_tid=55 queue_depth=0 rejected_callback_batches=0 rejected_flush_tasks=0 callback_uptime_ns=2277623703044 attribution=unmatched
10-08 15:48:43.016 30493 30549 I SpinonBootstrap: SPINON_R05_PRESENT renderer=wgpu signal=SurfaceView_JankData generation=1 current_generation=1 current_surface=true batch_seq=18 record_index=0 callback_tid=55 queue_depth=0 vsync_id=-1 present_time_ns=-1 present_state=unknown jank_type=0 actual_app_frame_ns=0 scheduled_app_frame_ns=0 callback_uptime_ns=2277623703044 frame_id=unmatched revision=unmatched attribution=unmatched
10-08 15:48:43.016 30493 30493 I SpinonBootstrap: SPINON_R08_TOUCH count=18
10-08 15:48:43.395 30493 30493 I SpinonBootstrap: SPINON_R05_INPUT renderer=wgpu input_seq=19 phase=ACTION_UP timestamp_precision=nanosecond_representation input_source=unknown handler_clock_resolution=nanosecond_api event_time_ns=2278002000000 handler_uptime_ns=2278003406669 generation=1
10-08 15:48:43.398 30493 30493 I SpinonBootstrap: SPINON_R05_SUBMIT renderer=wgpu input_seq=19 revision=19 generation=1 event_time_ns=2278002000000 handler_uptime_ns=2278003474586 queue_present_return_uptime_ns=2278005691044 draw_accepted=true present_signal=unavailable attribution=input
10-08 15:48:43.398 30493 30493 I SpinonBootstrap: SPINON_R05_PRESENT_FLUSH renderer=wgpu queued=true generation=1
10-08 15:48:43.398 30493 30549 I SpinonBootstrap: SPINON_R05_PRESENT_FLUSH requested=true renderer=wgpu generation=1
10-08 15:48:43.398 30493 30493 I SpinonBootstrap: SPINON_R08_TOUCH count=19
10-08 15:48:43.398 30493 30549 I SpinonBootstrap: SPINON_R05_PRESENT_BATCH renderer=wgpu generation=1 batch_seq=19 record_count=1 callback_tid=55 queue_depth=0 rejected_callback_batches=0 rejected_flush_tasks=0 callback_uptime_ns=2278006138086 attribution=unmatched
10-08 15:48:43.398 30493 30549 I SpinonBootstrap: SPINON_R05_PRESENT renderer=wgpu signal=SurfaceView_JankData generation=1 current_generation=1 current_surface=true batch_seq=19 record_index=0 callback_tid=55 queue_depth=0 vsync_id=-1 present_time_ns=-1 present_state=unknown jank_type=0 actual_app_frame_ns=0 scheduled_app_frame_ns=0 callback_uptime_ns=2278006138086 frame_id=unmatched revision=unmatched attribution=unmatched
10-08 15:48:43.786 30493 30493 I SpinonBootstrap: SPINON_R05_INPUT renderer=wgpu input_seq=20 phase=ACTION_UP timestamp_precision=nanosecond_representation input_source=unknown handler_clock_resolution=nanosecond_api event_time_ns=2278393000000 handler_uptime_ns=2278394117294 generation=1
10-08 15:48:43.789 30493 30493 I SpinonBootstrap: SPINON_R05_SUBMIT renderer=wgpu input_seq=20 revision=20 generation=1 event_time_ns=2278393000000 handler_uptime_ns=2278394198378 queue_present_return_uptime_ns=2278396663003 draw_accepted=true present_signal=unavailable attribution=input
10-08 15:48:43.789 30493 30493 I SpinonBootstrap: SPINON_R05_PRESENT_FLUSH renderer=wgpu queued=true generation=1
10-08 15:48:43.789 30493 30549 I SpinonBootstrap: SPINON_R05_PRESENT_FLUSH requested=true renderer=wgpu generation=1
10-08 15:48:43.789 30493 30549 I SpinonBootstrap: SPINON_R05_PRESENT_BATCH renderer=wgpu generation=1 batch_seq=20 record_count=1 callback_tid=55 queue_depth=0 rejected_callback_batches=0 rejected_flush_tasks=0 callback_uptime_ns=2278397086294 attribution=unmatched
10-08 15:48:43.789 30493 30549 I SpinonBootstrap: SPINON_R05_PRESENT renderer=wgpu signal=SurfaceView_JankData generation=1 current_generation=1 current_surface=true batch_seq=20 record_index=0 callback_tid=55 queue_depth=0 vsync_id=-1 present_time_ns=-1 present_state=unknown jank_type=0 actual_app_frame_ns=0 scheduled_app_frame_ns=0 callback_uptime_ns=2278397086294 frame_id=unmatched revision=unmatched attribution=unmatched
10-08 15:48:43.789 30493 30493 I SpinonBootstrap: SPINON_R08_TOUCH count=20
10-08 15:48:44.160 30493 30493 I SpinonBootstrap: SPINON_R05_INPUT renderer=wgpu input_seq=21 phase=ACTION_UP timestamp_precision=nanosecond_representation input_source=unknown handler_clock_resolution=nanosecond_api event_time_ns=2278767000000 handler_uptime_ns=2278767770878 generation=1
10-08 15:48:44.162 30493 30493 I SpinonBootstrap: SPINON_R05_SUBMIT renderer=wgpu input_seq=21 revision=21 generation=1 event_time_ns=2278767000000 handler_uptime_ns=2278767836003 queue_present_return_uptime_ns=2278769876544 draw_accepted=true present_signal=unavailable attribution=input
10-08 15:48:44.162 30493 30493 I SpinonBootstrap: SPINON_R05_PRESENT_FLUSH renderer=wgpu queued=true generation=1
10-08 15:48:44.162 30493 30549 I SpinonBootstrap: SPINON_R05_PRESENT_FLUSH requested=true renderer=wgpu generation=1
10-08 15:48:44.162 30493 30493 I SpinonBootstrap: SPINON_R08_TOUCH count=21
10-08 15:48:44.163 30493 30549 I SpinonBootstrap: SPINON_R05_PRESENT_BATCH renderer=wgpu generation=1 batch_seq=21 record_count=1 callback_tid=55 queue_depth=0 rejected_callback_batches=0 rejected_flush_tasks=0 callback_uptime_ns=2278770770794 attribution=unmatched
10-08 15:48:44.163 30493 30549 I SpinonBootstrap: SPINON_R05_PRESENT renderer=wgpu signal=SurfaceView_JankData generation=1 current_generation=1 current_surface=true batch_seq=21 record_index=0 callback_tid=55 queue_depth=0 vsync_id=-1 present_time_ns=-1 present_state=unknown jank_type=0 actual_app_frame_ns=0 scheduled_app_frame_ns=0 callback_uptime_ns=2278770770794 frame_id=unmatched revision=unmatched attribution=unmatched
10-08 15:48:44.537 30493 30493 I SpinonBootstrap: SPINON_R05_INPUT renderer=wgpu input_seq=22 phase=ACTION_UP timestamp_precision=nanosecond_representation input_source=unknown handler_clock_resolution=nanosecond_api event_time_ns=2279143000000 handler_uptime_ns=2279144527170 generation=1
10-08 15:48:44.539 30493 30493 I SpinonBootstrap: SPINON_R05_SUBMIT renderer=wgpu input_seq=22 revision=22 generation=1 event_time_ns=2279143000000 handler_uptime_ns=2279144652086 queue_present_return_uptime_ns=2279146587253 draw_accepted=true present_signal=unavailable attribution=input
10-08 15:48:44.539 30493 30493 I SpinonBootstrap: SPINON_R05_PRESENT_FLUSH renderer=wgpu queued=true generation=1
10-08 15:48:44.539 30493 30549 I SpinonBootstrap: SPINON_R05_PRESENT_FLUSH requested=true renderer=wgpu generation=1
10-08 15:48:44.539 30493 30549 I SpinonBootstrap: SPINON_R05_PRESENT_BATCH renderer=wgpu generation=1 batch_seq=22 record_count=1 callback_tid=55 queue_depth=0 rejected_callback_batches=0 rejected_flush_tasks=0 callback_uptime_ns=2279147286461 attribution=unmatched
10-08 15:48:44.539 30493 30549 I SpinonBootstrap: SPINON_R05_PRESENT renderer=wgpu signal=SurfaceView_JankData generation=1 current_generation=1 current_surface=true batch_seq=22 record_index=0 callback_tid=55 queue_depth=0 vsync_id=-1 present_time_ns=-1 present_state=unknown jank_type=0 actual_app_frame_ns=0 scheduled_app_frame_ns=0 callback_uptime_ns=2279147286461 frame_id=unmatched revision=unmatched attribution=unmatched
10-08 15:48:44.539 30493 30493 I SpinonBootstrap: SPINON_R08_TOUCH count=22
10-08 15:48:44.914 30493 30493 I SpinonBootstrap: SPINON_R05_INPUT renderer=wgpu input_seq=23 phase=ACTION_UP timestamp_precision=nanosecond_representation input_source=unknown handler_clock_resolution=nanosecond_api event_time_ns=2279521000000 handler_uptime_ns=2279522094753 generation=1
10-08 15:48:44.917 30493 30493 I SpinonBootstrap: SPINON_R05_SUBMIT renderer=wgpu input_seq=23 revision=23 generation=1 event_time_ns=2279521000000 handler_uptime_ns=2279522154461 queue_present_return_uptime_ns=2279524500295 draw_accepted=true present_signal=unavailable attribution=input
10-08 15:48:44.917 30493 30493 I SpinonBootstrap: SPINON_R05_PRESENT_FLUSH renderer=wgpu queued=true generation=1
10-08 15:48:44.917 30493 30549 I SpinonBootstrap: SPINON_R05_PRESENT_FLUSH requested=true renderer=wgpu generation=1
10-08 15:48:44.917 30493 30549 I SpinonBootstrap: SPINON_R05_PRESENT_BATCH renderer=wgpu generation=1 batch_seq=23 record_count=1 callback_tid=55 queue_depth=0 rejected_callback_batches=0 rejected_flush_tasks=0 callback_uptime_ns=2279525129253 attribution=unmatched
10-08 15:48:44.917 30493 30549 I SpinonBootstrap: SPINON_R05_PRESENT renderer=wgpu signal=SurfaceView_JankData generation=1 current_generation=1 current_surface=true batch_seq=23 record_index=0 callback_tid=55 queue_depth=0 vsync_id=-1 present_time_ns=-1 present_state=unknown jank_type=0 actual_app_frame_ns=0 scheduled_app_frame_ns=0 callback_uptime_ns=2279525129253 frame_id=unmatched revision=unmatched attribution=unmatched
10-08 15:48:44.918 30493 30493 I SpinonBootstrap: SPINON_R08_TOUCH count=23
10-08 15:48:45.290 30493 30493 I SpinonBootstrap: SPINON_R05_INPUT renderer=wgpu input_seq=24 phase=ACTION_UP timestamp_precision=nanosecond_representation input_source=unknown handler_clock_resolution=nanosecond_api event_time_ns=2279896000000 handler_uptime_ns=2279898096837 generation=1
10-08 15:48:45.293 30493 30493 I SpinonBootstrap: SPINON_R05_SUBMIT renderer=wgpu input_seq=24 revision=24 generation=1 event_time_ns=2279896000000 handler_uptime_ns=2279898195212 queue_present_return_uptime_ns=2279900660003 draw_accepted=true present_signal=unavailable attribution=input
10-08 15:48:45.293 30493 30493 I SpinonBootstrap: SPINON_R05_PRESENT_FLUSH renderer=wgpu queued=true generation=1
10-08 15:48:45.293 30493 30549 I SpinonBootstrap: SPINON_R05_PRESENT_FLUSH requested=true renderer=wgpu generation=1
10-08 15:48:45.293 30493 30549 I SpinonBootstrap: SPINON_R05_PRESENT_BATCH renderer=wgpu generation=1 batch_seq=24 record_count=1 callback_tid=55 queue_depth=0 rejected_callback_batches=0 rejected_flush_tasks=0 callback_uptime_ns=2279901284920 attribution=unmatched
10-08 15:48:45.293 30493 30549 I SpinonBootstrap: SPINON_R05_PRESENT renderer=wgpu signal=SurfaceView_JankData generation=1 current_generation=1 current_surface=true batch_seq=24 record_index=0 callback_tid=55 queue_depth=0 vsync_id=-1 present_time_ns=-1 present_state=unknown jank_type=0 actual_app_frame_ns=0 scheduled_app_frame_ns=0 callback_uptime_ns=2279901284920 frame_id=unmatched revision=unmatched attribution=unmatched
10-08 15:48:45.293 30493 30493 I SpinonBootstrap: SPINON_R08_TOUCH count=24
10-08 15:48:45.670 30493 30493 I SpinonBootstrap: SPINON_R05_INPUT renderer=wgpu input_seq=25 phase=ACTION_UP timestamp_precision=nanosecond_representation input_source=unknown handler_clock_resolution=nanosecond_api event_time_ns=2280276000000 handler_uptime_ns=2280277780045 generation=1
10-08 15:48:45.672 30493 30493 I SpinonBootstrap: SPINON_R05_SUBMIT renderer=wgpu input_seq=25 revision=25 generation=1 event_time_ns=2280276000000 handler_uptime_ns=2280277871295 queue_present_return_uptime_ns=2280280445295 draw_accepted=true present_signal=unavailable attribution=input
10-08 15:48:45.673 30493 30493 I SpinonBootstrap: SPINON_R05_PRESENT_FLUSH renderer=wgpu queued=true generation=1
10-08 15:48:45.673 30493 30549 I SpinonBootstrap: SPINON_R05_PRESENT_FLUSH requested=true renderer=wgpu generation=1
10-08 15:48:45.673 30493 30549 I SpinonBootstrap: SPINON_R05_PRESENT_BATCH renderer=wgpu generation=1 batch_seq=25 record_count=1 callback_tid=55 queue_depth=0 rejected_callback_batches=0 rejected_flush_tasks=0 callback_uptime_ns=2280280832795 attribution=unmatched
10-08 15:48:45.673 30493 30549 I SpinonBootstrap: SPINON_R05_PRESENT renderer=wgpu signal=SurfaceView_JankData generation=1 current_generation=1 current_surface=true batch_seq=25 record_index=0 callback_tid=55 queue_depth=0 vsync_id=-1 present_time_ns=-1 present_state=unknown jank_type=0 actual_app_frame_ns=0 scheduled_app_frame_ns=0 callback_uptime_ns=2280280832795 frame_id=unmatched revision=unmatched attribution=unmatched
10-08 15:48:45.673 30493 30493 I SpinonBootstrap: SPINON_R08_TOUCH count=25
10-08 15:48:46.048 30493 30493 I SpinonBootstrap: SPINON_R05_INPUT renderer=wgpu input_seq=26 phase=ACTION_UP timestamp_precision=nanosecond_representation input_source=unknown handler_clock_resolution=nanosecond_api event_time_ns=2280654000000 handler_uptime_ns=2280655508379 generation=1
10-08 15:48:46.050 30493 30493 I SpinonBootstrap: SPINON_R05_SUBMIT renderer=wgpu input_seq=26 revision=26 generation=1 event_time_ns=2280654000000 handler_uptime_ns=2280655728837 queue_present_return_uptime_ns=2280658224879 draw_accepted=true present_signal=unavailable attribution=input
10-08 15:48:46.050 30493 30493 I SpinonBootstrap: SPINON_R05_PRESENT_FLUSH renderer=wgpu queued=true generation=1
10-08 15:48:46.050 30493 30549 I SpinonBootstrap: SPINON_R05_PRESENT_FLUSH requested=true renderer=wgpu generation=1
10-08 15:48:46.051 30493 30493 I SpinonBootstrap: SPINON_R08_TOUCH count=26
10-08 15:48:46.051 30493 30549 I SpinonBootstrap: SPINON_R05_PRESENT_BATCH renderer=wgpu generation=1 batch_seq=26 record_count=1 callback_tid=55 queue_depth=0 rejected_callback_batches=0 rejected_flush_tasks=0 callback_uptime_ns=2280658866629 attribution=unmatched
10-08 15:48:46.051 30493 30549 I SpinonBootstrap: SPINON_R05_PRESENT renderer=wgpu signal=SurfaceView_JankData generation=1 current_generation=1 current_surface=true batch_seq=26 record_index=0 callback_tid=55 queue_depth=0 vsync_id=-1 present_time_ns=-1 present_state=unknown jank_type=0 actual_app_frame_ns=0 scheduled_app_frame_ns=0 callback_uptime_ns=2280658866629 frame_id=unmatched revision=unmatched attribution=unmatched
10-08 15:48:46.426 30493 30493 I SpinonBootstrap: SPINON_R05_INPUT renderer=wgpu input_seq=27 phase=ACTION_UP timestamp_precision=nanosecond_representation input_source=unknown handler_clock_resolution=nanosecond_api event_time_ns=2281032000000 handler_uptime_ns=2281033537670 generation=1
10-08 15:48:46.428 30493 30493 I SpinonBootstrap: SPINON_R05_SUBMIT renderer=wgpu input_seq=27 revision=27 generation=1 event_time_ns=2281032000000 handler_uptime_ns=2281033628837 queue_present_return_uptime_ns=2281035838670 draw_accepted=true present_signal=unavailable attribution=input
10-08 15:48:46.428 30493 30493 I SpinonBootstrap: SPINON_R05_PRESENT_FLUSH renderer=wgpu queued=true generation=1
10-08 15:48:46.428 30493 30549 I SpinonBootstrap: SPINON_R05_PRESENT_FLUSH requested=true renderer=wgpu generation=1
10-08 15:48:46.428 30493 30493 I SpinonBootstrap: SPINON_R08_TOUCH count=27
10-08 15:48:46.428 30493 30549 I SpinonBootstrap: SPINON_R05_PRESENT_BATCH renderer=wgpu generation=1 batch_seq=27 record_count=1 callback_tid=55 queue_depth=0 rejected_callback_batches=0 rejected_flush_tasks=0 callback_uptime_ns=2281036370504 attribution=unmatched
10-08 15:48:46.428 30493 30549 I SpinonBootstrap: SPINON_R05_PRESENT renderer=wgpu signal=SurfaceView_JankData generation=1 current_generation=1 current_surface=true batch_seq=27 record_index=0 callback_tid=55 queue_depth=0 vsync_id=-1 present_time_ns=-1 present_state=unknown jank_type=0 actual_app_frame_ns=0 scheduled_app_frame_ns=0 callback_uptime_ns=2281036370504 frame_id=unmatched revision=unmatched attribution=unmatched
10-08 15:48:46.802 30493 30493 I SpinonBootstrap: SPINON_R05_INPUT renderer=wgpu input_seq=28 phase=ACTION_UP timestamp_precision=nanosecond_representation input_source=unknown handler_clock_resolution=nanosecond_api event_time_ns=2281408000000 handler_uptime_ns=2281409740421 generation=1
10-08 15:48:46.804 30493 30493 I SpinonBootstrap: SPINON_R05_SUBMIT renderer=wgpu input_seq=28 revision=28 generation=1 event_time_ns=2281408000000 handler_uptime_ns=2281409807504 queue_present_return_uptime_ns=2281412173504 draw_accepted=true present_signal=unavailable attribution=input
10-08 15:48:46.804 30493 30493 I SpinonBootstrap: SPINON_R05_PRESENT_FLUSH renderer=wgpu queued=true generation=1
10-08 15:48:46.805 30493 30493 I SpinonBootstrap: SPINON_R08_TOUCH count=28
10-08 15:48:46.805 30493 30549 I SpinonBootstrap: SPINON_R05_PRESENT_FLUSH requested=true renderer=wgpu generation=1
10-08 15:48:46.805 30493 30549 I SpinonBootstrap: SPINON_R05_PRESENT_BATCH renderer=wgpu generation=1 batch_seq=28 record_count=1 callback_tid=55 queue_depth=0 rejected_callback_batches=0 rejected_flush_tasks=0 callback_uptime_ns=2281413000421 attribution=unmatched
10-08 15:48:46.805 30493 30549 I SpinonBootstrap: SPINON_R05_PRESENT renderer=wgpu signal=SurfaceView_JankData generation=1 current_generation=1 current_surface=true batch_seq=28 record_index=0 callback_tid=55 queue_depth=0 vsync_id=-1 present_time_ns=-1 present_state=unknown jank_type=0 actual_app_frame_ns=0 scheduled_app_frame_ns=0 callback_uptime_ns=2281413000421 frame_id=unmatched revision=unmatched attribution=unmatched
10-08 15:48:47.180 30493 30493 I SpinonBootstrap: SPINON_R05_INPUT renderer=wgpu input_seq=29 phase=ACTION_UP timestamp_precision=nanosecond_representation input_source=unknown handler_clock_resolution=nanosecond_api event_time_ns=2281786000000 handler_uptime_ns=2281787569046 generation=1
10-08 15:48:47.182 30493 30493 I SpinonBootstrap: SPINON_R05_SUBMIT renderer=wgpu input_seq=29 revision=29 generation=1 event_time_ns=2281786000000 handler_uptime_ns=2281787659671 queue_present_return_uptime_ns=2281790234004 draw_accepted=true present_signal=unavailable attribution=input
10-08 15:48:47.182 30493 30493 I SpinonBootstrap: SPINON_R05_PRESENT_FLUSH renderer=wgpu queued=true generation=1
10-08 15:48:47.183 30493 30493 I SpinonBootstrap: SPINON_R08_TOUCH count=29
10-08 15:48:47.183 30493 30549 I SpinonBootstrap: SPINON_R05_PRESENT_FLUSH requested=true renderer=wgpu generation=1
10-08 15:48:47.183 30493 30549 I SpinonBootstrap: SPINON_R05_PRESENT_BATCH renderer=wgpu generation=1 batch_seq=29 record_count=1 callback_tid=55 queue_depth=0 rejected_callback_batches=0 rejected_flush_tasks=0 callback_uptime_ns=2281790952337 attribution=unmatched
10-08 15:48:47.183 30493 30549 I SpinonBootstrap: SPINON_R05_PRESENT renderer=wgpu signal=SurfaceView_JankData generation=1 current_generation=1 current_surface=true batch_seq=29 record_index=0 callback_tid=55 queue_depth=0 vsync_id=-1 present_time_ns=-1 present_state=unknown jank_type=0 actual_app_frame_ns=0 scheduled_app_frame_ns=0 callback_uptime_ns=2281790952337 frame_id=unmatched revision=unmatched attribution=unmatched
10-08 15:48:47.563 30493 30493 I SpinonBootstrap: SPINON_R05_INPUT renderer=wgpu input_seq=30 phase=ACTION_UP timestamp_precision=nanosecond_representation input_source=unknown handler_clock_resolution=nanosecond_api event_time_ns=2282170000000 handler_uptime_ns=2282171137796 generation=1
10-08 15:48:47.567 30493 30493 I SpinonBootstrap: SPINON_R05_SUBMIT renderer=wgpu input_seq=30 revision=30 generation=1 event_time_ns=2282170000000 handler_uptime_ns=2282171465838 queue_present_return_uptime_ns=2282174543129 draw_accepted=true present_signal=unavailable attribution=input
10-08 15:48:47.567 30493 30493 I SpinonBootstrap: SPINON_R05_PRESENT_FLUSH renderer=wgpu queued=true generation=1
10-08 15:48:47.567 30493 30493 I SpinonBootstrap: SPINON_R08_TOUCH count=30
10-08 15:48:47.567 30493 30549 I SpinonBootstrap: SPINON_R05_PRESENT_FLUSH requested=true renderer=wgpu generation=1
10-08 15:48:47.568 30493 30549 I SpinonBootstrap: SPINON_R05_PRESENT_BATCH renderer=wgpu generation=1 batch_seq=30 record_count=1 callback_tid=55 queue_depth=0 rejected_callback_batches=0 rejected_flush_tasks=0 callback_uptime_ns=2282175500754 attribution=unmatched
10-08 15:48:47.568 30493 30549 I SpinonBootstrap: SPINON_R05_PRESENT renderer=wgpu signal=SurfaceView_JankData generation=1 current_generation=1 current_surface=true batch_seq=30 record_index=0 callback_tid=55 queue_depth=0 vsync_id=-1 present_time_ns=-1 present_state=unknown jank_type=0 actual_app_frame_ns=0 scheduled_app_frame_ns=0 callback_uptime_ns=2282175500754 frame_id=unmatched revision=unmatched attribution=unmatched
