--------- beginning of main
10-08 15:52:58.962  3929  3929 I SpinonBootstrap: SPINON_R08_UI=ready text-input=EditText accessibility=button+EditText
10-08 15:52:59.207  3929  3929 I SpinonBootstrap: SPINON_R05_SURFACE renderer=wgpu type=SurfaceView generation=1
10-08 15:52:59.211  3929  3929 I SpinonBootstrap: SPINON_R05_SIGNAL_CAPABILITY renderer=wgpu signal=SurfaceView_JankData available=true reason=registered api=37 api_full=3700002
10-08 15:52:59.398  3929  3929 I SpinonBootstrap: SPINON_R08_WGPU=ready backend=Vulkan device=VirtualGpu name=Goldfish GFXStream (llvmpipe (LLVM 21.1.4, 128 bits)) google_display_timing_supported=false format=Rgba8Unorm color_space=Auto supported_formats=[Rgba8UnormSrgb, Rgba8Unorm, Rgba16Float, Rgb10a2Unorm]
10-08 15:52:59.399  3929  3929 I SpinonBootstrap: SPINON_R08_WGPU_SURFACE=size 1080x1920
10-08 15:53:01.251  3929  3929 I SpinonBootstrap: SPINON_R05_INPUT renderer=wgpu input_seq=1 phase=ACTION_UP timestamp_precision=nanosecond_representation input_source=unknown handler_clock_resolution=nanosecond_api event_time_ns=2535853000000 handler_uptime_ns=2535859332917 generation=1
10-08 15:53:01.301  3929  3929 I SpinonBootstrap: SPINON_R05_SUBMIT renderer=wgpu input_seq=1 revision=1 generation=1 event_time_ns=2535853000000 handler_uptime_ns=2535863143792 queue_present_return_uptime_ns=2535909276875 draw_accepted=true present_signal=unavailable attribution=input
10-08 15:53:01.302  3929  3929 I SpinonBootstrap: SPINON_R05_PRESENT_FLUSH renderer=wgpu queued=true generation=1
10-08 15:53:01.303  3929  3929 I SpinonBootstrap: SPINON_R08_TOUCH count=1
10-08 15:53:01.303  3929  4022 I SpinonBootstrap: SPINON_R05_PRESENT_FLUSH requested=true renderer=wgpu generation=1
10-08 15:53:01.307  3929  4022 I SpinonBootstrap: SPINON_R05_PRESENT_BATCH renderer=wgpu generation=1 batch_seq=1 record_count=2 callback_os_tid=4022 callback_thread_id=55 registering_thread_os_tid=3929 queue_depth=0 rejected_callback_batches=0 rejected_flush_tasks=0 callback_uptime_ns=2535914733000 attribution=unmatched
10-08 15:53:01.309  3929  4022 I SpinonBootstrap: SPINON_R05_PRESENT renderer=wgpu signal=SurfaceView_JankData generation=1 current_generation=1 current_surface=true batch_seq=1 record_index=0 callback_os_tid=4022 callback_thread_id=55 registering_thread_os_tid=3929 queue_depth=0 vsync_id=-1 present_time_ns=-1 present_state=unknown jank_type=0 actual_app_frame_ns=0 scheduled_app_frame_ns=0 callback_uptime_ns=2535914733000 frame_id=unmatched revision=unmatched attribution=unmatched
10-08 15:53:01.309  3929  4022 I SpinonBootstrap: SPINON_R05_PRESENT renderer=wgpu signal=SurfaceView_JankData generation=1 current_generation=1 current_surface=true batch_seq=1 record_index=1 callback_os_tid=4022 callback_thread_id=55 registering_thread_os_tid=3929 queue_depth=0 vsync_id=86290 present_time_ns=-1 present_state=unknown jank_type=2 actual_app_frame_ns=495291730 scheduled_app_frame_ns=16666666 callback_uptime_ns=2535914733000 frame_id=unmatched revision=unmatched attribution=unmatched
10-08 15:53:01.686  3929  3929 I SpinonBootstrap: SPINON_R05_INPUT renderer=wgpu input_seq=2 phase=ACTION_UP timestamp_precision=nanosecond_representation input_source=unknown handler_clock_resolution=nanosecond_api event_time_ns=2536292000000 handler_uptime_ns=2536293772417 generation=1
10-08 15:53:01.693  3929  3929 I SpinonBootstrap: SPINON_R05_SUBMIT renderer=wgpu input_seq=2 revision=2 generation=1 event_time_ns=2536292000000 handler_uptime_ns=2536293941334 queue_present_return_uptime_ns=2536300817834 draw_accepted=true present_signal=unavailable attribution=input
10-08 15:53:01.693  3929  3929 I SpinonBootstrap: SPINON_R05_PRESENT_FLUSH renderer=wgpu queued=true generation=1
10-08 15:53:01.694  3929  3929 I SpinonBootstrap: SPINON_R08_TOUCH count=2
10-08 15:53:01.695  3929  4022 I SpinonBootstrap: SPINON_R05_PRESENT_FLUSH requested=true renderer=wgpu generation=1
10-08 15:53:01.696  3929  4022 I SpinonBootstrap: SPINON_R05_PRESENT_BATCH renderer=wgpu generation=1 batch_seq=2 record_count=1 callback_os_tid=4022 callback_thread_id=55 registering_thread_os_tid=3929 queue_depth=0 rejected_callback_batches=0 rejected_flush_tasks=0 callback_uptime_ns=2536302787167 attribution=unmatched
10-08 15:53:01.696  3929  4022 I SpinonBootstrap: SPINON_R05_PRESENT renderer=wgpu signal=SurfaceView_JankData generation=1 current_generation=1 current_surface=true batch_seq=2 record_index=0 callback_os_tid=4022 callback_thread_id=55 registering_thread_os_tid=3929 queue_depth=0 vsync_id=-1 present_time_ns=-1 present_state=unknown jank_type=0 actual_app_frame_ns=0 scheduled_app_frame_ns=0 callback_uptime_ns=2536302787167 frame_id=unmatched revision=unmatched attribution=unmatched
10-08 15:53:02.081  3929  3929 I SpinonBootstrap: SPINON_R05_INPUT renderer=wgpu input_seq=3 phase=ACTION_UP timestamp_precision=nanosecond_representation input_source=unknown handler_clock_resolution=nanosecond_api event_time_ns=2536686000000 handler_uptime_ns=2536689011667 generation=1
10-08 15:53:02.085  3929  3929 I SpinonBootstrap: SPINON_R05_SUBMIT renderer=wgpu input_seq=3 revision=3 generation=1 event_time_ns=2536686000000 handler_uptime_ns=2536689268751 queue_present_return_uptime_ns=2536693359126 draw_accepted=true present_signal=unavailable attribution=input
10-08 15:53:02.086  3929  3929 I SpinonBootstrap: SPINON_R05_PRESENT_FLUSH renderer=wgpu queued=true generation=1
10-08 15:53:02.086  3929  4022 I SpinonBootstrap: SPINON_R05_PRESENT_FLUSH requested=true renderer=wgpu generation=1
10-08 15:53:02.086  3929  4022 I SpinonBootstrap: SPINON_R05_PRESENT_BATCH renderer=wgpu generation=1 batch_seq=3 record_count=1 callback_os_tid=4022 callback_thread_id=55 registering_thread_os_tid=3929 queue_depth=0 rejected_callback_batches=0 rejected_flush_tasks=0 callback_uptime_ns=2536694103376 attribution=unmatched
10-08 15:53:02.086  3929  4022 I SpinonBootstrap: SPINON_R05_PRESENT renderer=wgpu signal=SurfaceView_JankData generation=1 current_generation=1 current_surface=true batch_seq=3 record_index=0 callback_os_tid=4022 callback_thread_id=55 registering_thread_os_tid=3929 queue_depth=0 vsync_id=-1 present_time_ns=-1 present_state=unknown jank_type=0 actual_app_frame_ns=0 scheduled_app_frame_ns=0 callback_uptime_ns=2536694103376 frame_id=unmatched revision=unmatched attribution=unmatched
10-08 15:53:02.087  3929  3929 I SpinonBootstrap: SPINON_R08_TOUCH count=3
10-08 15:53:02.474  3929  3929 I SpinonBootstrap: SPINON_R05_INPUT renderer=wgpu input_seq=4 phase=ACTION_UP timestamp_precision=nanosecond_representation input_source=unknown handler_clock_resolution=nanosecond_api event_time_ns=2537077000000 handler_uptime_ns=2537082426084 generation=1
10-08 15:53:02.488  3929  3929 I SpinonBootstrap: SPINON_R05_SUBMIT renderer=wgpu input_seq=4 revision=4 generation=1 event_time_ns=2537077000000 handler_uptime_ns=2537082622584 queue_present_return_uptime_ns=2537095544709 draw_accepted=true present_signal=unavailable attribution=input
10-08 15:53:02.488  3929  3929 I SpinonBootstrap: SPINON_R05_PRESENT_FLUSH renderer=wgpu queued=true generation=1
10-08 15:53:02.488  3929  3929 I SpinonBootstrap: SPINON_R08_TOUCH count=4
10-08 15:53:02.488  3929  4022 I SpinonBootstrap: SPINON_R05_PRESENT_FLUSH requested=true renderer=wgpu generation=1
10-08 15:53:02.490  3929  4022 I SpinonBootstrap: SPINON_R05_PRESENT_BATCH renderer=wgpu generation=1 batch_seq=4 record_count=1 callback_os_tid=4022 callback_thread_id=55 registering_thread_os_tid=3929 queue_depth=0 rejected_callback_batches=0 rejected_flush_tasks=0 callback_uptime_ns=2537098342001 attribution=unmatched
10-08 15:53:02.491  3929  4022 I SpinonBootstrap: SPINON_R05_PRESENT renderer=wgpu signal=SurfaceView_JankData generation=1 current_generation=1 current_surface=true batch_seq=4 record_index=0 callback_os_tid=4022 callback_thread_id=55 registering_thread_os_tid=3929 queue_depth=0 vsync_id=-1 present_time_ns=-1 present_state=unknown jank_type=0 actual_app_frame_ns=0 scheduled_app_frame_ns=0 callback_uptime_ns=2537098342001 frame_id=unmatched revision=unmatched attribution=unmatched
10-08 15:53:02.873  3929  3929 I SpinonBootstrap: SPINON_R05_INPUT renderer=wgpu input_seq=5 phase=ACTION_UP timestamp_precision=nanosecond_representation input_source=unknown handler_clock_resolution=nanosecond_api event_time_ns=2537478000000 handler_uptime_ns=2537480711334 generation=1
10-08 15:53:02.877  3929  3929 I SpinonBootstrap: SPINON_R05_SUBMIT renderer=wgpu input_seq=5 revision=5 generation=1 event_time_ns=2537478000000 handler_uptime_ns=2537480876918 queue_present_return_uptime_ns=2537484877459 draw_accepted=true present_signal=unavailable attribution=input
10-08 15:53:02.877  3929  3929 I SpinonBootstrap: SPINON_R05_PRESENT_FLUSH renderer=wgpu queued=true generation=1
10-08 15:53:02.877  3929  3929 I SpinonBootstrap: SPINON_R08_TOUCH count=5
10-08 15:53:02.878  3929  4022 I SpinonBootstrap: SPINON_R05_PRESENT_FLUSH requested=true renderer=wgpu generation=1
10-08 15:53:02.878  3929  4022 I SpinonBootstrap: SPINON_R05_PRESENT_BATCH renderer=wgpu generation=1 batch_seq=5 record_count=1 callback_os_tid=4022 callback_thread_id=55 registering_thread_os_tid=3929 queue_depth=0 rejected_callback_batches=0 rejected_flush_tasks=0 callback_uptime_ns=2537485675501 attribution=unmatched
10-08 15:53:02.878  3929  4022 I SpinonBootstrap: SPINON_R05_PRESENT renderer=wgpu signal=SurfaceView_JankData generation=1 current_generation=1 current_surface=true batch_seq=5 record_index=0 callback_os_tid=4022 callback_thread_id=55 registering_thread_os_tid=3929 queue_depth=0 vsync_id=-1 present_time_ns=-1 present_state=unknown jank_type=0 actual_app_frame_ns=0 scheduled_app_frame_ns=0 callback_uptime_ns=2537485675501 frame_id=unmatched revision=unmatched attribution=unmatched
10-08 15:53:03.267  3929  3929 I SpinonBootstrap: SPINON_R05_INPUT renderer=wgpu input_seq=6 phase=ACTION_UP timestamp_precision=nanosecond_representation input_source=unknown handler_clock_resolution=nanosecond_api event_time_ns=2537873000000 handler_uptime_ns=2537875178126 generation=1
10-08 15:53:03.276  3929  3929 I SpinonBootstrap: SPINON_R05_SUBMIT renderer=wgpu input_seq=6 revision=6 generation=1 event_time_ns=2537873000000 handler_uptime_ns=2537875326376 queue_present_return_uptime_ns=2537883805710 draw_accepted=true present_signal=unavailable attribution=input
10-08 15:53:03.278  3929  3929 I SpinonBootstrap: SPINON_R05_PRESENT_FLUSH renderer=wgpu queued=true generation=1
10-08 15:53:03.278  3929  3929 I SpinonBootstrap: SPINON_R08_TOUCH count=6
10-08 15:53:03.280  3929  4022 I SpinonBootstrap: SPINON_R05_PRESENT_FLUSH requested=true renderer=wgpu generation=1
10-08 15:53:03.280  3929  4022 I SpinonBootstrap: SPINON_R05_PRESENT_BATCH renderer=wgpu generation=1 batch_seq=6 record_count=1 callback_os_tid=4022 callback_thread_id=55 registering_thread_os_tid=3929 queue_depth=0 rejected_callback_batches=0 rejected_flush_tasks=0 callback_uptime_ns=2537887806626 attribution=unmatched
10-08 15:53:03.280  3929  4022 I SpinonBootstrap: SPINON_R05_PRESENT renderer=wgpu signal=SurfaceView_JankData generation=1 current_generation=1 current_surface=true batch_seq=6 record_index=0 callback_os_tid=4022 callback_thread_id=55 registering_thread_os_tid=3929 queue_depth=0 vsync_id=-1 present_time_ns=-1 present_state=unknown jank_type=0 actual_app_frame_ns=0 scheduled_app_frame_ns=0 callback_uptime_ns=2537887806626 frame_id=unmatched revision=unmatched attribution=unmatched
10-08 15:53:03.676  3929  3929 I SpinonBootstrap: SPINON_R05_INPUT renderer=wgpu input_seq=7 phase=ACTION_UP timestamp_precision=nanosecond_representation input_source=unknown handler_clock_resolution=nanosecond_api event_time_ns=2538280000000 handler_uptime_ns=2538283964126 generation=1
10-08 15:53:03.681  3929  3929 I SpinonBootstrap: SPINON_R05_SUBMIT renderer=wgpu input_seq=7 revision=7 generation=1 event_time_ns=2538280000000 handler_uptime_ns=2538284238126 queue_present_return_uptime_ns=2538289155751 draw_accepted=true present_signal=unavailable attribution=input
10-08 15:53:03.681  3929  3929 I SpinonBootstrap: SPINON_R05_PRESENT_FLUSH renderer=wgpu queued=true generation=1
10-08 15:53:03.682  3929  3929 I SpinonBootstrap: SPINON_R08_TOUCH count=7
10-08 15:53:03.683  3929  4022 I SpinonBootstrap: SPINON_R05_PRESENT_FLUSH requested=true renderer=wgpu generation=1
10-08 15:53:03.683  3929  4022 I SpinonBootstrap: SPINON_R05_PRESENT_BATCH renderer=wgpu generation=1 batch_seq=7 record_count=1 callback_os_tid=4022 callback_thread_id=55 registering_thread_os_tid=3929 queue_depth=0 rejected_callback_batches=0 rejected_flush_tasks=0 callback_uptime_ns=2538290806585 attribution=unmatched
10-08 15:53:03.683  3929  4022 I SpinonBootstrap: SPINON_R05_PRESENT renderer=wgpu signal=SurfaceView_JankData generation=1 current_generation=1 current_surface=true batch_seq=7 record_index=0 callback_os_tid=4022 callback_thread_id=55 registering_thread_os_tid=3929 queue_depth=0 vsync_id=-1 present_time_ns=-1 present_state=unknown jank_type=0 actual_app_frame_ns=0 scheduled_app_frame_ns=0 callback_uptime_ns=2538290806585 frame_id=unmatched revision=unmatched attribution=unmatched
10-08 15:53:04.094  3929  3929 I SpinonBootstrap: SPINON_R05_INPUT renderer=wgpu input_seq=8 phase=ACTION_UP timestamp_precision=nanosecond_representation input_source=unknown handler_clock_resolution=nanosecond_api event_time_ns=2538692000000 handler_uptime_ns=2538701504210 generation=1
10-08 15:53:04.131  3929  3929 I SpinonBootstrap: SPINON_R05_SUBMIT renderer=wgpu input_seq=8 revision=8 generation=1 event_time_ns=2538692000000 handler_uptime_ns=2538701679043 queue_present_return_uptime_ns=2538738465127 draw_accepted=true present_signal=unavailable attribution=input
10-08 15:53:04.131  3929  3929 I SpinonBootstrap: SPINON_R05_PRESENT_FLUSH renderer=wgpu queued=true generation=1
10-08 15:53:04.132  3929  3929 I SpinonBootstrap: SPINON_R08_TOUCH count=8
10-08 15:53:04.132  3929  4022 I SpinonBootstrap: SPINON_R05_PRESENT_FLUSH requested=true renderer=wgpu generation=1
10-08 15:53:04.137  3929  4022 I SpinonBootstrap: SPINON_R05_PRESENT_BATCH renderer=wgpu generation=1 batch_seq=8 record_count=1 callback_os_tid=4022 callback_thread_id=55 registering_thread_os_tid=3929 queue_depth=0 rejected_callback_batches=0 rejected_flush_tasks=0 callback_uptime_ns=2538745271460 attribution=unmatched
10-08 15:53:04.137  3929  4022 I SpinonBootstrap: SPINON_R05_PRESENT renderer=wgpu signal=SurfaceView_JankData generation=1 current_generation=1 current_surface=true batch_seq=8 record_index=0 callback_os_tid=4022 callback_thread_id=55 registering_thread_os_tid=3929 queue_depth=0 vsync_id=-1 present_time_ns=-1 present_state=unknown jank_type=0 actual_app_frame_ns=0 scheduled_app_frame_ns=0 callback_uptime_ns=2538745271460 frame_id=unmatched revision=unmatched attribution=unmatched
10-08 15:53:04.577  3929  3929 I SpinonBootstrap: SPINON_R05_INPUT renderer=wgpu input_seq=9 phase=ACTION_UP timestamp_precision=nanosecond_representation input_source=unknown handler_clock_resolution=nanosecond_api event_time_ns=2539182000000 handler_uptime_ns=2539184796794 generation=1
10-08 15:53:04.584  3929  3929 I SpinonBootstrap: SPINON_R05_SUBMIT renderer=wgpu input_seq=9 revision=9 generation=1 event_time_ns=2539182000000 handler_uptime_ns=2539185017460 queue_present_return_uptime_ns=2539191524002 draw_accepted=true present_signal=unavailable attribution=input
10-08 15:53:04.584  3929  3929 I SpinonBootstrap: SPINON_R05_PRESENT_FLUSH renderer=wgpu queued=true generation=1
10-08 15:53:04.584  3929  3929 I SpinonBootstrap: SPINON_R08_TOUCH count=9
10-08 15:53:04.584  3929  4022 I SpinonBootstrap: SPINON_R05_PRESENT_FLUSH requested=true renderer=wgpu generation=1
10-08 15:53:04.585  3929  4022 I SpinonBootstrap: SPINON_R05_PRESENT_BATCH renderer=wgpu generation=1 batch_seq=9 record_count=1 callback_os_tid=4022 callback_thread_id=55 registering_thread_os_tid=3929 queue_depth=0 rejected_callback_batches=0 rejected_flush_tasks=0 callback_uptime_ns=2539193285460 attribution=unmatched
10-08 15:53:04.585  3929  4022 I SpinonBootstrap: SPINON_R05_PRESENT renderer=wgpu signal=SurfaceView_JankData generation=1 current_generation=1 current_surface=true batch_seq=9 record_index=0 callback_os_tid=4022 callback_thread_id=55 registering_thread_os_tid=3929 queue_depth=0 vsync_id=-1 present_time_ns=-1 present_state=unknown jank_type=0 actual_app_frame_ns=0 scheduled_app_frame_ns=0 callback_uptime_ns=2539193285460 frame_id=unmatched revision=unmatched attribution=unmatched
10-08 15:53:04.980  3929  3929 I SpinonBootstrap: SPINON_R05_INPUT renderer=wgpu input_seq=10 phase=ACTION_UP timestamp_precision=nanosecond_representation input_source=unknown handler_clock_resolution=nanosecond_api event_time_ns=2539585000000 handler_uptime_ns=2539587593460 generation=1
10-08 15:53:04.989  3929  3929 I SpinonBootstrap: SPINON_R05_SUBMIT renderer=wgpu input_seq=10 revision=10 generation=1 event_time_ns=2539585000000 handler_uptime_ns=2539587732585 queue_present_return_uptime_ns=2539597415794 draw_accepted=true present_signal=unavailable attribution=input
10-08 15:53:04.990  3929  3929 I SpinonBootstrap: SPINON_R05_PRESENT_FLUSH renderer=wgpu queued=true generation=1
10-08 15:53:04.990  3929  4022 I SpinonBootstrap: SPINON_R05_PRESENT_FLUSH requested=true renderer=wgpu generation=1
10-08 15:53:04.990  3929  3929 I SpinonBootstrap: SPINON_R08_TOUCH count=10
10-08 15:53:04.991  3929  4022 I SpinonBootstrap: SPINON_R05_PRESENT_BATCH renderer=wgpu generation=1 batch_seq=10 record_count=1 callback_os_tid=4022 callback_thread_id=55 registering_thread_os_tid=3929 queue_depth=0 rejected_callback_batches=0 rejected_flush_tasks=0 callback_uptime_ns=2539598739585 attribution=unmatched
10-08 15:53:04.991  3929  4022 I SpinonBootstrap: SPINON_R05_PRESENT renderer=wgpu signal=SurfaceView_JankData generation=1 current_generation=1 current_surface=true batch_seq=10 record_index=0 callback_os_tid=4022 callback_thread_id=55 registering_thread_os_tid=3929 queue_depth=0 vsync_id=-1 present_time_ns=-1 present_state=unknown jank_type=0 actual_app_frame_ns=0 scheduled_app_frame_ns=0 callback_uptime_ns=2539598739585 frame_id=unmatched revision=unmatched attribution=unmatched
10-08 15:53:05.383  3929  3929 I SpinonBootstrap: SPINON_R05_INPUT renderer=wgpu input_seq=11 phase=ACTION_UP timestamp_precision=nanosecond_representation input_source=unknown handler_clock_resolution=nanosecond_api event_time_ns=2539988000000 handler_uptime_ns=2539991131711 generation=1
10-08 15:53:05.394  3929  3929 I SpinonBootstrap: SPINON_R05_SUBMIT renderer=wgpu input_seq=11 revision=11 generation=1 event_time_ns=2539988000000 handler_uptime_ns=2539991287294 queue_present_return_uptime_ns=2540001635752 draw_accepted=true present_signal=unavailable attribution=input
10-08 15:53:05.395  3929  3929 I SpinonBootstrap: SPINON_R05_PRESENT_FLUSH renderer=wgpu queued=true generation=1
10-08 15:53:05.395  3929  4022 I SpinonBootstrap: SPINON_R05_PRESENT_FLUSH requested=true renderer=wgpu generation=1
10-08 15:53:05.395  3929  3929 I SpinonBootstrap: SPINON_R08_TOUCH count=11
10-08 15:53:05.397  3929  4022 I SpinonBootstrap: SPINON_R05_PRESENT_BATCH renderer=wgpu generation=1 batch_seq=11 record_count=1 callback_os_tid=4022 callback_thread_id=55 registering_thread_os_tid=3929 queue_depth=0 rejected_callback_batches=0 rejected_flush_tasks=0 callback_uptime_ns=2540004529336 attribution=unmatched
10-08 15:53:05.397  3929  4022 I SpinonBootstrap: SPINON_R05_PRESENT renderer=wgpu signal=SurfaceView_JankData generation=1 current_generation=1 current_surface=true batch_seq=11 record_index=0 callback_os_tid=4022 callback_thread_id=55 registering_thread_os_tid=3929 queue_depth=0 vsync_id=-1 present_time_ns=-1 present_state=unknown jank_type=0 actual_app_frame_ns=0 scheduled_app_frame_ns=0 callback_uptime_ns=2540004529336 frame_id=unmatched revision=unmatched attribution=unmatched
10-08 15:53:05.818  3929  3929 I SpinonBootstrap: SPINON_R05_INPUT renderer=wgpu input_seq=12 phase=ACTION_UP timestamp_precision=nanosecond_representation input_source=unknown handler_clock_resolution=nanosecond_api event_time_ns=2540421000000 handler_uptime_ns=2540425473461 generation=1
10-08 15:53:05.823  3929  3929 I SpinonBootstrap: SPINON_R05_SUBMIT renderer=wgpu input_seq=12 revision=12 generation=1 event_time_ns=2540421000000 handler_uptime_ns=2540425617044 queue_present_return_uptime_ns=2540430826044 draw_accepted=true present_signal=unavailable attribution=input
10-08 15:53:05.823  3929  3929 I SpinonBootstrap: SPINON_R05_PRESENT_FLUSH renderer=wgpu queued=true generation=1
10-08 15:53:05.823  3929  4022 I SpinonBootstrap: SPINON_R05_PRESENT_FLUSH requested=true renderer=wgpu generation=1
10-08 15:53:05.824  3929  3929 I SpinonBootstrap: SPINON_R08_TOUCH count=12
10-08 15:53:05.824  3929  4022 I SpinonBootstrap: SPINON_R05_PRESENT_BATCH renderer=wgpu generation=1 batch_seq=12 record_count=1 callback_os_tid=4022 callback_thread_id=55 registering_thread_os_tid=3929 queue_depth=0 rejected_callback_batches=0 rejected_flush_tasks=0 callback_uptime_ns=2540432216961 attribution=unmatched
10-08 15:53:05.824  3929  4022 I SpinonBootstrap: SPINON_R05_PRESENT renderer=wgpu signal=SurfaceView_JankData generation=1 current_generation=1 current_surface=true batch_seq=12 record_index=0 callback_os_tid=4022 callback_thread_id=55 registering_thread_os_tid=3929 queue_depth=0 vsync_id=-1 present_time_ns=-1 present_state=unknown jank_type=0 actual_app_frame_ns=0 scheduled_app_frame_ns=0 callback_uptime_ns=2540432216961 frame_id=unmatched revision=unmatched attribution=unmatched
10-08 15:53:06.210  3929  3929 I SpinonBootstrap: SPINON_R05_INPUT renderer=wgpu input_seq=13 phase=ACTION_UP timestamp_precision=nanosecond_representation input_source=unknown handler_clock_resolution=nanosecond_api event_time_ns=2540816000000 handler_uptime_ns=2540817942044 generation=1
10-08 15:53:06.214  3929  3929 I SpinonBootstrap: SPINON_R05_SUBMIT renderer=wgpu input_seq=13 revision=13 generation=1 event_time_ns=2540816000000 handler_uptime_ns=2540818061544 queue_present_return_uptime_ns=2540821848919 draw_accepted=true present_signal=unavailable attribution=input
10-08 15:53:06.214  3929  3929 I SpinonBootstrap: SPINON_R05_PRESENT_FLUSH renderer=wgpu queued=true generation=1
10-08 15:53:06.214  3929  4022 I SpinonBootstrap: SPINON_R05_PRESENT_FLUSH requested=true renderer=wgpu generation=1
10-08 15:53:06.215  3929  3929 I SpinonBootstrap: SPINON_R08_TOUCH count=13
10-08 15:53:06.215  3929  4022 I SpinonBootstrap: SPINON_R05_PRESENT_BATCH renderer=wgpu generation=1 batch_seq=13 record_count=1 callback_os_tid=4022 callback_thread_id=55 registering_thread_os_tid=3929 queue_depth=0 rejected_callback_batches=0 rejected_flush_tasks=0 callback_uptime_ns=2540822798461 attribution=unmatched
10-08 15:53:06.215  3929  4022 I SpinonBootstrap: SPINON_R05_PRESENT renderer=wgpu signal=SurfaceView_JankData generation=1 current_generation=1 current_surface=true batch_seq=13 record_index=0 callback_os_tid=4022 callback_thread_id=55 registering_thread_os_tid=3929 queue_depth=0 vsync_id=-1 present_time_ns=-1 present_state=unknown jank_type=0 actual_app_frame_ns=0 scheduled_app_frame_ns=0 callback_uptime_ns=2540822798461 frame_id=unmatched revision=unmatched attribution=unmatched
10-08 15:53:06.635  3929  3929 I SpinonBootstrap: SPINON_R05_INPUT renderer=wgpu input_seq=14 phase=ACTION_UP timestamp_precision=nanosecond_representation input_source=unknown handler_clock_resolution=nanosecond_api event_time_ns=2541240000000 handler_uptime_ns=2541242708003 generation=1
10-08 15:53:06.645  3929  3929 I SpinonBootstrap: SPINON_R05_SUBMIT renderer=wgpu input_seq=14 revision=14 generation=1 event_time_ns=2541240000000 handler_uptime_ns=2541242806295 queue_present_return_uptime_ns=2541252581003 draw_accepted=true present_signal=unavailable attribution=input
10-08 15:53:06.645  3929  3929 I SpinonBootstrap: SPINON_R05_PRESENT_FLUSH renderer=wgpu queued=true generation=1
10-08 15:53:06.645  3929  3929 I SpinonBootstrap: SPINON_R08_TOUCH count=14
10-08 15:53:06.645  3929  4022 I SpinonBootstrap: SPINON_R05_PRESENT_FLUSH requested=true renderer=wgpu generation=1
10-08 15:53:06.646  3929  4022 I SpinonBootstrap: SPINON_R05_PRESENT_BATCH renderer=wgpu generation=1 batch_seq=14 record_count=1 callback_os_tid=4022 callback_thread_id=55 registering_thread_os_tid=3929 queue_depth=0 rejected_callback_batches=0 rejected_flush_tasks=0 callback_uptime_ns=2541253888753 attribution=unmatched
10-08 15:53:06.646  3929  4022 I SpinonBootstrap: SPINON_R05_PRESENT renderer=wgpu signal=SurfaceView_JankData generation=1 current_generation=1 current_surface=true batch_seq=14 record_index=0 callback_os_tid=4022 callback_thread_id=55 registering_thread_os_tid=3929 queue_depth=0 vsync_id=-1 present_time_ns=-1 present_state=unknown jank_type=0 actual_app_frame_ns=0 scheduled_app_frame_ns=0 callback_uptime_ns=2541253888753 frame_id=unmatched revision=unmatched attribution=unmatched
10-08 15:53:07.053  3929  3929 I SpinonBootstrap: SPINON_R05_INPUT renderer=wgpu input_seq=15 phase=ACTION_UP timestamp_precision=nanosecond_representation input_source=unknown handler_clock_resolution=nanosecond_api event_time_ns=2541659000000 handler_uptime_ns=2541660775628 generation=1
10-08 15:53:07.059  3929  3929 I SpinonBootstrap: SPINON_R05_SUBMIT renderer=wgpu input_seq=15 revision=15 generation=1 event_time_ns=2541659000000 handler_uptime_ns=2541660938795 queue_present_return_uptime_ns=2541666645670 draw_accepted=true present_signal=unavailable attribution=input
10-08 15:53:07.059  3929  3929 I SpinonBootstrap: SPINON_R05_PRESENT_FLUSH renderer=wgpu queued=true generation=1
10-08 15:53:07.059  3929  3929 I SpinonBootstrap: SPINON_R08_TOUCH count=15
10-08 15:53:07.059  3929  4022 I SpinonBootstrap: SPINON_R05_PRESENT_FLUSH requested=true renderer=wgpu generation=1
10-08 15:53:07.061  3929  4022 I SpinonBootstrap: SPINON_R05_PRESENT_BATCH renderer=wgpu generation=1 batch_seq=15 record_count=1 callback_os_tid=4022 callback_thread_id=55 registering_thread_os_tid=3929 queue_depth=0 rejected_callback_batches=0 rejected_flush_tasks=0 callback_uptime_ns=2541668911253 attribution=unmatched
10-08 15:53:07.061  3929  4022 I SpinonBootstrap: SPINON_R05_PRESENT renderer=wgpu signal=SurfaceView_JankData generation=1 current_generation=1 current_surface=true batch_seq=15 record_index=0 callback_os_tid=4022 callback_thread_id=55 registering_thread_os_tid=3929 queue_depth=0 vsync_id=-1 present_time_ns=-1 present_state=unknown jank_type=0 actual_app_frame_ns=0 scheduled_app_frame_ns=0 callback_uptime_ns=2541668911253 frame_id=unmatched revision=unmatched attribution=unmatched
10-08 15:53:07.446  3929  3929 I SpinonBootstrap: SPINON_R05_INPUT renderer=wgpu input_seq=16 phase=ACTION_UP timestamp_precision=nanosecond_representation input_source=unknown handler_clock_resolution=nanosecond_api event_time_ns=2542051000000 handler_uptime_ns=2542053785128 generation=1
10-08 15:53:07.453  3929  3929 I SpinonBootstrap: SPINON_R05_SUBMIT renderer=wgpu input_seq=16 revision=16 generation=1 event_time_ns=2542051000000 handler_uptime_ns=2542053949878 queue_present_return_uptime_ns=2542060652420 draw_accepted=true present_signal=unavailable attribution=input
10-08 15:53:07.453  3929  3929 I SpinonBootstrap: SPINON_R05_PRESENT_FLUSH renderer=wgpu queued=true generation=1
10-08 15:53:07.454  3929  4022 I SpinonBootstrap: SPINON_R05_PRESENT_FLUSH requested=true renderer=wgpu generation=1
10-08 15:53:07.454  3929  3929 I SpinonBootstrap: SPINON_R08_TOUCH count=16
10-08 15:53:07.454  3929  4022 I SpinonBootstrap: SPINON_R05_PRESENT_BATCH renderer=wgpu generation=1 batch_seq=16 record_count=1 callback_os_tid=4022 callback_thread_id=55 registering_thread_os_tid=3929 queue_depth=0 rejected_callback_batches=0 rejected_flush_tasks=0 callback_uptime_ns=2542062165837 attribution=unmatched
10-08 15:53:07.454  3929  4022 I SpinonBootstrap: SPINON_R05_PRESENT renderer=wgpu signal=SurfaceView_JankData generation=1 current_generation=1 current_surface=true batch_seq=16 record_index=0 callback_os_tid=4022 callback_thread_id=55 registering_thread_os_tid=3929 queue_depth=0 vsync_id=-1 present_time_ns=-1 present_state=unknown jank_type=0 actual_app_frame_ns=0 scheduled_app_frame_ns=0 callback_uptime_ns=2542062165837 frame_id=unmatched revision=unmatched attribution=unmatched
10-08 15:53:07.843  3929  3929 I SpinonBootstrap: SPINON_R05_INPUT renderer=wgpu input_seq=17 phase=ACTION_UP timestamp_precision=nanosecond_representation input_source=unknown handler_clock_resolution=nanosecond_api event_time_ns=2542449000000 handler_uptime_ns=2542450896753 generation=1
10-08 15:53:07.850  3929  3929 I SpinonBootstrap: SPINON_R05_SUBMIT renderer=wgpu input_seq=17 revision=17 generation=1 event_time_ns=2542449000000 handler_uptime_ns=2542451791837 queue_present_return_uptime_ns=2542457472503 draw_accepted=true present_signal=unavailable attribution=input
10-08 15:53:07.850  3929  3929 I SpinonBootstrap: SPINON_R05_PRESENT_FLUSH renderer=wgpu queued=true generation=1
10-08 15:53:07.850  3929  3929 I SpinonBootstrap: SPINON_R08_TOUCH count=17
10-08 15:53:07.850  3929  4022 I SpinonBootstrap: SPINON_R05_PRESENT_FLUSH requested=true renderer=wgpu generation=1
10-08 15:53:07.852  3929  4022 I SpinonBootstrap: SPINON_R05_PRESENT_BATCH renderer=wgpu generation=1 batch_seq=17 record_count=1 callback_os_tid=4022 callback_thread_id=55 registering_thread_os_tid=3929 queue_depth=0 rejected_callback_batches=0 rejected_flush_tasks=0 callback_uptime_ns=2542460448920 attribution=unmatched
10-08 15:53:07.853  3929  4022 I SpinonBootstrap: SPINON_R05_PRESENT renderer=wgpu signal=SurfaceView_JankData generation=1 current_generation=1 current_surface=true batch_seq=17 record_index=0 callback_os_tid=4022 callback_thread_id=55 registering_thread_os_tid=3929 queue_depth=0 vsync_id=-1 present_time_ns=-1 present_state=unknown jank_type=0 actual_app_frame_ns=0 scheduled_app_frame_ns=0 callback_uptime_ns=2542460448920 frame_id=unmatched revision=unmatched attribution=unmatched
10-08 15:53:08.247  3929  3929 I SpinonBootstrap: SPINON_R05_INPUT renderer=wgpu input_seq=18 phase=ACTION_UP timestamp_precision=nanosecond_representation input_source=unknown handler_clock_resolution=nanosecond_api event_time_ns=2542852000000 handler_uptime_ns=2542855101587 generation=1
10-08 15:53:08.274  3929  3929 I SpinonBootstrap: SPINON_R05_SUBMIT renderer=wgpu input_seq=18 revision=18 generation=1 event_time_ns=2542852000000 handler_uptime_ns=2542855231962 queue_present_return_uptime_ns=2542881698087 draw_accepted=true present_signal=unavailable attribution=input
10-08 15:53:08.274  3929  3929 I SpinonBootstrap: SPINON_R05_PRESENT_FLUSH renderer=wgpu queued=true generation=1
10-08 15:53:08.275  3929  3929 I SpinonBootstrap: SPINON_R08_TOUCH count=18
10-08 15:53:08.275  3929  4022 I SpinonBootstrap: SPINON_R05_PRESENT_FLUSH requested=true renderer=wgpu generation=1
10-08 15:53:08.277  3929  4022 I SpinonBootstrap: SPINON_R05_PRESENT_BATCH renderer=wgpu generation=1 batch_seq=18 record_count=1 callback_os_tid=4022 callback_thread_id=55 registering_thread_os_tid=3929 queue_depth=0 rejected_callback_batches=0 rejected_flush_tasks=0 callback_uptime_ns=2542884515170 attribution=unmatched
10-08 15:53:08.277  3929  4022 I SpinonBootstrap: SPINON_R05_PRESENT renderer=wgpu signal=SurfaceView_JankData generation=1 current_generation=1 current_surface=true batch_seq=18 record_index=0 callback_os_tid=4022 callback_thread_id=55 registering_thread_os_tid=3929 queue_depth=0 vsync_id=-1 present_time_ns=-1 present_state=unknown jank_type=0 actual_app_frame_ns=0 scheduled_app_frame_ns=0 callback_uptime_ns=2542884515170 frame_id=unmatched revision=unmatched attribution=unmatched
10-08 15:53:08.702  3929  3929 I SpinonBootstrap: SPINON_R05_INPUT renderer=wgpu input_seq=19 phase=ACTION_UP timestamp_precision=nanosecond_representation input_source=unknown handler_clock_resolution=nanosecond_api event_time_ns=2543306000000 handler_uptime_ns=2543309899212 generation=1
10-08 15:53:08.707  3929  3929 I SpinonBootstrap: SPINON_R05_SUBMIT renderer=wgpu input_seq=19 revision=19 generation=1 event_time_ns=2543306000000 handler_uptime_ns=2543310126296 queue_present_return_uptime_ns=2543314919046 draw_accepted=true present_signal=unavailable attribution=input
10-08 15:53:08.707  3929  3929 I SpinonBootstrap: SPINON_R05_PRESENT_FLUSH renderer=wgpu queued=true generation=1
10-08 15:53:08.707  3929  4022 I SpinonBootstrap: SPINON_R05_PRESENT_FLUSH requested=true renderer=wgpu generation=1
10-08 15:53:08.708  3929  3929 I SpinonBootstrap: SPINON_R08_TOUCH count=19
10-08 15:53:08.708  3929  4022 I SpinonBootstrap: SPINON_R05_PRESENT_BATCH renderer=wgpu generation=1 batch_seq=19 record_count=1 callback_os_tid=4022 callback_thread_id=55 registering_thread_os_tid=3929 queue_depth=0 rejected_callback_batches=0 rejected_flush_tasks=0 callback_uptime_ns=2543316063962 attribution=unmatched
10-08 15:53:08.708  3929  4022 I SpinonBootstrap: SPINON_R05_PRESENT renderer=wgpu signal=SurfaceView_JankData generation=1 current_generation=1 current_surface=true batch_seq=19 record_index=0 callback_os_tid=4022 callback_thread_id=55 registering_thread_os_tid=3929 queue_depth=0 vsync_id=-1 present_time_ns=-1 present_state=unknown jank_type=0 actual_app_frame_ns=0 scheduled_app_frame_ns=0 callback_uptime_ns=2543316063962 frame_id=unmatched revision=unmatched attribution=unmatched
10-08 15:53:09.099  3929  3929 I SpinonBootstrap: SPINON_R05_INPUT renderer=wgpu input_seq=20 phase=ACTION_UP timestamp_precision=nanosecond_representation input_source=unknown handler_clock_resolution=nanosecond_api event_time_ns=2543703000000 handler_uptime_ns=2543707013462 generation=1
10-08 15:53:09.126  3929  3929 I SpinonBootstrap: SPINON_R05_SUBMIT renderer=wgpu input_seq=20 revision=20 generation=1 event_time_ns=2543703000000 handler_uptime_ns=2543707434754 queue_present_return_uptime_ns=2543733440629 draw_accepted=true present_signal=unavailable attribution=input
10-08 15:53:09.126  3929  3929 I SpinonBootstrap: SPINON_R05_PRESENT_FLUSH renderer=wgpu queued=true generation=1
10-08 15:53:09.126  3929  3929 I SpinonBootstrap: SPINON_R08_TOUCH count=20
10-08 15:53:09.128  3929  4022 I SpinonBootstrap: SPINON_R05_PRESENT_FLUSH requested=true renderer=wgpu generation=1
10-08 15:53:09.133  3929  4022 I SpinonBootstrap: SPINON_R05_PRESENT_BATCH renderer=wgpu generation=1 batch_seq=20 record_count=1 callback_os_tid=4022 callback_thread_id=55 registering_thread_os_tid=3929 queue_depth=0 rejected_callback_batches=0 rejected_flush_tasks=0 callback_uptime_ns=2543741252587 attribution=unmatched
10-08 15:53:09.133  3929  4022 I SpinonBootstrap: SPINON_R05_PRESENT renderer=wgpu signal=SurfaceView_JankData generation=1 current_generation=1 current_surface=true batch_seq=20 record_index=0 callback_os_tid=4022 callback_thread_id=55 registering_thread_os_tid=3929 queue_depth=0 vsync_id=-1 present_time_ns=-1 present_state=unknown jank_type=0 actual_app_frame_ns=0 scheduled_app_frame_ns=0 callback_uptime_ns=2543741252587 frame_id=unmatched revision=unmatched attribution=unmatched
10-08 15:53:09.531  3929  3929 I SpinonBootstrap: SPINON_R05_INPUT renderer=wgpu input_seq=21 phase=ACTION_UP timestamp_precision=nanosecond_representation input_source=unknown handler_clock_resolution=nanosecond_api event_time_ns=2544135000000 handler_uptime_ns=2544138969213 generation=1
10-08 15:53:09.539  3929  3929 I SpinonBootstrap: SPINON_R05_SUBMIT renderer=wgpu input_seq=21 revision=21 generation=1 event_time_ns=2544135000000 handler_uptime_ns=2544139059129 queue_present_return_uptime_ns=2544147398754 draw_accepted=true present_signal=unavailable attribution=input
10-08 15:53:09.540  3929  3929 I SpinonBootstrap: SPINON_R05_PRESENT_FLUSH renderer=wgpu queued=true generation=1
10-08 15:53:09.540  3929  4022 I SpinonBootstrap: SPINON_R05_PRESENT_FLUSH requested=true renderer=wgpu generation=1
10-08 15:53:09.541  3929  3929 I SpinonBootstrap: SPINON_R08_TOUCH count=21
10-08 15:53:09.542  3929  4022 I SpinonBootstrap: SPINON_R05_PRESENT_BATCH renderer=wgpu generation=1 batch_seq=21 record_count=1 callback_os_tid=4022 callback_thread_id=55 registering_thread_os_tid=3929 queue_depth=0 rejected_callback_batches=0 rejected_flush_tasks=0 callback_uptime_ns=2544149434796 attribution=unmatched
10-08 15:53:09.542  3929  4022 I SpinonBootstrap: SPINON_R05_PRESENT renderer=wgpu signal=SurfaceView_JankData generation=1 current_generation=1 current_surface=true batch_seq=21 record_index=0 callback_os_tid=4022 callback_thread_id=55 registering_thread_os_tid=3929 queue_depth=0 vsync_id=-1 present_time_ns=-1 present_state=unknown jank_type=0 actual_app_frame_ns=0 scheduled_app_frame_ns=0 callback_uptime_ns=2544149434796 frame_id=unmatched revision=unmatched attribution=unmatched
10-08 15:53:09.930  3929  3929 I SpinonBootstrap: SPINON_R05_INPUT renderer=wgpu input_seq=22 phase=ACTION_UP timestamp_precision=nanosecond_representation input_source=unknown handler_clock_resolution=nanosecond_api event_time_ns=2544535000000 handler_uptime_ns=2544538017213 generation=1
10-08 15:53:09.945  3929  3929 I SpinonBootstrap: SPINON_R05_SUBMIT renderer=wgpu input_seq=22 revision=22 generation=1 event_time_ns=2544535000000 handler_uptime_ns=2544538181213 queue_present_return_uptime_ns=2544553015754 draw_accepted=true present_signal=unavailable attribution=input
10-08 15:53:09.945  3929  3929 I SpinonBootstrap: SPINON_R05_PRESENT_FLUSH renderer=wgpu queued=true generation=1
10-08 15:53:09.946  3929  4022 I SpinonBootstrap: SPINON_R05_PRESENT_FLUSH requested=true renderer=wgpu generation=1
10-08 15:53:09.946  3929  3929 I SpinonBootstrap: SPINON_R08_TOUCH count=22
10-08 15:53:09.948  3929  4022 I SpinonBootstrap: SPINON_R05_PRESENT_BATCH renderer=wgpu generation=1 batch_seq=22 record_count=1 callback_os_tid=4022 callback_thread_id=55 registering_thread_os_tid=3929 queue_depth=0 rejected_callback_batches=0 rejected_flush_tasks=0 callback_uptime_ns=2544555462796 attribution=unmatched
10-08 15:53:09.948  3929  4022 I SpinonBootstrap: SPINON_R05_PRESENT renderer=wgpu signal=SurfaceView_JankData generation=1 current_generation=1 current_surface=true batch_seq=22 record_index=0 callback_os_tid=4022 callback_thread_id=55 registering_thread_os_tid=3929 queue_depth=0 vsync_id=-1 present_time_ns=-1 present_state=unknown jank_type=0 actual_app_frame_ns=0 scheduled_app_frame_ns=0 callback_uptime_ns=2544555462796 frame_id=unmatched revision=unmatched attribution=unmatched
10-08 15:53:10.342  3929  3929 I SpinonBootstrap: SPINON_R05_INPUT renderer=wgpu input_seq=23 phase=ACTION_UP timestamp_precision=nanosecond_representation input_source=unknown handler_clock_resolution=nanosecond_api event_time_ns=2544948000000 handler_uptime_ns=2544950153546 generation=1
10-08 15:53:10.347  3929  3929 I SpinonBootstrap: SPINON_R05_SUBMIT renderer=wgpu input_seq=23 revision=23 generation=1 event_time_ns=2544948000000 handler_uptime_ns=2544950320296 queue_present_return_uptime_ns=2544954877130 draw_accepted=true present_signal=unavailable attribution=input
10-08 15:53:10.347  3929  3929 I SpinonBootstrap: SPINON_R05_PRESENT_FLUSH renderer=wgpu queued=true generation=1
10-08 15:53:10.347  3929  3929 I SpinonBootstrap: SPINON_R08_TOUCH count=23
10-08 15:53:10.348  3929  4022 I SpinonBootstrap: SPINON_R05_PRESENT_FLUSH requested=true renderer=wgpu generation=1
10-08 15:53:10.349  3929  4022 I SpinonBootstrap: SPINON_R05_PRESENT_BATCH renderer=wgpu generation=1 batch_seq=23 record_count=1 callback_os_tid=4022 callback_thread_id=55 registering_thread_os_tid=3929 queue_depth=0 rejected_callback_batches=0 rejected_flush_tasks=0 callback_uptime_ns=2544956524755 attribution=unmatched
10-08 15:53:10.349  3929  4022 I SpinonBootstrap: SPINON_R05_PRESENT renderer=wgpu signal=SurfaceView_JankData generation=1 current_generation=1 current_surface=true batch_seq=23 record_index=0 callback_os_tid=4022 callback_thread_id=55 registering_thread_os_tid=3929 queue_depth=0 vsync_id=-1 present_time_ns=-1 present_state=unknown jank_type=0 actual_app_frame_ns=0 scheduled_app_frame_ns=0 callback_uptime_ns=2544956524755 frame_id=unmatched revision=unmatched attribution=unmatched
10-08 15:53:10.740  3929  3929 I SpinonBootstrap: SPINON_R05_INPUT renderer=wgpu input_seq=24 phase=ACTION_UP timestamp_precision=nanosecond_representation input_source=unknown handler_clock_resolution=nanosecond_api event_time_ns=2545346000000 handler_uptime_ns=2545347515088 generation=1
10-08 15:53:10.744  3929  3929 I SpinonBootstrap: SPINON_R05_SUBMIT renderer=wgpu input_seq=24 revision=24 generation=1 event_time_ns=2545346000000 handler_uptime_ns=2545347637130 queue_present_return_uptime_ns=2545351995255 draw_accepted=true present_signal=unavailable attribution=input
10-08 15:53:10.744  3929  3929 I SpinonBootstrap: SPINON_R05_PRESENT_FLUSH renderer=wgpu queued=true generation=1
10-08 15:53:10.745  3929  3929 I SpinonBootstrap: SPINON_R08_TOUCH count=24
10-08 15:53:10.745  3929  4022 I SpinonBootstrap: SPINON_R05_PRESENT_FLUSH requested=true renderer=wgpu generation=1
10-08 15:53:10.746  3929  4022 I SpinonBootstrap: SPINON_R05_PRESENT_BATCH renderer=wgpu generation=1 batch_seq=24 record_count=1 callback_os_tid=4022 callback_thread_id=55 registering_thread_os_tid=3929 queue_depth=0 rejected_callback_batches=0 rejected_flush_tasks=0 callback_uptime_ns=2545353572963 attribution=unmatched
10-08 15:53:10.746  3929  4022 I SpinonBootstrap: SPINON_R05_PRESENT renderer=wgpu signal=SurfaceView_JankData generation=1 current_generation=1 current_surface=true batch_seq=24 record_index=0 callback_os_tid=4022 callback_thread_id=55 registering_thread_os_tid=3929 queue_depth=0 vsync_id=-1 present_time_ns=-1 present_state=unknown jank_type=0 actual_app_frame_ns=0 scheduled_app_frame_ns=0 callback_uptime_ns=2545353572963 frame_id=unmatched revision=unmatched attribution=unmatched
10-08 15:53:11.136  3929  3929 I SpinonBootstrap: SPINON_R05_INPUT renderer=wgpu input_seq=25 phase=ACTION_UP timestamp_precision=nanosecond_representation input_source=unknown handler_clock_resolution=nanosecond_api event_time_ns=2545739000000 handler_uptime_ns=2545743498172 generation=1
10-08 15:53:11.144  3929  3929 I SpinonBootstrap: SPINON_R05_SUBMIT renderer=wgpu input_seq=25 revision=25 generation=1 event_time_ns=2545739000000 handler_uptime_ns=2545743771088 queue_present_return_uptime_ns=2545752372047 draw_accepted=true present_signal=unavailable attribution=input
10-08 15:53:11.144  3929  3929 I SpinonBootstrap: SPINON_R05_PRESENT_FLUSH renderer=wgpu queued=true generation=1
10-08 15:53:11.145  3929  3929 I SpinonBootstrap: SPINON_R08_TOUCH count=25
10-08 15:53:11.146  3929  4022 I SpinonBootstrap: SPINON_R05_PRESENT_FLUSH requested=true renderer=wgpu generation=1
10-08 15:53:11.148  3929  4022 I SpinonBootstrap: SPINON_R05_PRESENT_BATCH renderer=wgpu generation=1 batch_seq=25 record_count=1 callback_os_tid=4022 callback_thread_id=55 registering_thread_os_tid=3929 queue_depth=0 rejected_callback_batches=0 rejected_flush_tasks=0 callback_uptime_ns=2545755933755 attribution=unmatched
10-08 15:53:11.148  3929  4022 I SpinonBootstrap: SPINON_R05_PRESENT renderer=wgpu signal=SurfaceView_JankData generation=1 current_generation=1 current_surface=true batch_seq=25 record_index=0 callback_os_tid=4022 callback_thread_id=55 registering_thread_os_tid=3929 queue_depth=0 vsync_id=-1 present_time_ns=-1 present_state=unknown jank_type=0 actual_app_frame_ns=0 scheduled_app_frame_ns=0 callback_uptime_ns=2545755933755 frame_id=unmatched revision=unmatched attribution=unmatched
10-08 15:53:11.546  3929  3929 I SpinonBootstrap: SPINON_R05_INPUT renderer=wgpu input_seq=26 phase=ACTION_UP timestamp_precision=nanosecond_representation input_source=unknown handler_clock_resolution=nanosecond_api event_time_ns=2546151000000 handler_uptime_ns=2546153857630 generation=1
10-08 15:53:11.551  3929  3929 I SpinonBootstrap: SPINON_R05_SUBMIT renderer=wgpu input_seq=26 revision=26 generation=1 event_time_ns=2546151000000 handler_uptime_ns=2546154029797 queue_present_return_uptime_ns=2546158731047 draw_accepted=true present_signal=unavailable attribution=input
10-08 15:53:11.551  3929  3929 I SpinonBootstrap: SPINON_R05_PRESENT_FLUSH renderer=wgpu queued=true generation=1
10-08 15:53:11.551  3929  3929 I SpinonBootstrap: SPINON_R08_TOUCH count=26
10-08 15:53:11.552  3929  4022 I SpinonBootstrap: SPINON_R05_PRESENT_FLUSH requested=true renderer=wgpu generation=1
10-08 15:53:11.552  3929  4022 I SpinonBootstrap: SPINON_R05_PRESENT_BATCH renderer=wgpu generation=1 batch_seq=26 record_count=1 callback_os_tid=4022 callback_thread_id=55 registering_thread_os_tid=3929 queue_depth=0 rejected_callback_batches=0 rejected_flush_tasks=0 callback_uptime_ns=2546159517255 attribution=unmatched
10-08 15:53:11.552  3929  4022 I SpinonBootstrap: SPINON_R05_PRESENT renderer=wgpu signal=SurfaceView_JankData generation=1 current_generation=1 current_surface=true batch_seq=26 record_index=0 callback_os_tid=4022 callback_thread_id=55 registering_thread_os_tid=3929 queue_depth=0 vsync_id=-1 present_time_ns=-1 present_state=unknown jank_type=0 actual_app_frame_ns=0 scheduled_app_frame_ns=0 callback_uptime_ns=2546159517255 frame_id=unmatched revision=unmatched attribution=unmatched
10-08 15:53:11.957  3929  3929 I SpinonBootstrap: SPINON_R05_INPUT renderer=wgpu input_seq=27 phase=ACTION_UP timestamp_precision=nanosecond_representation input_source=unknown handler_clock_resolution=nanosecond_api event_time_ns=2546562000000 handler_uptime_ns=2546564467089 generation=1
10-08 15:53:11.961  3929  3929 I SpinonBootstrap: SPINON_R05_SUBMIT renderer=wgpu input_seq=27 revision=27 generation=1 event_time_ns=2546562000000 handler_uptime_ns=2546564609964 queue_present_return_uptime_ns=2546568869839 draw_accepted=true present_signal=unavailable attribution=input
10-08 15:53:11.961  3929  3929 I SpinonBootstrap: SPINON_R05_PRESENT_FLUSH renderer=wgpu queued=true generation=1
10-08 15:53:11.961  3929  3929 I SpinonBootstrap: SPINON_R08_TOUCH count=27
10-08 15:53:11.962  3929  4022 I SpinonBootstrap: SPINON_R05_PRESENT_FLUSH requested=true renderer=wgpu generation=1
10-08 15:53:11.983  3929  4022 I SpinonBootstrap: SPINON_R05_PRESENT_BATCH renderer=wgpu generation=1 batch_seq=27 record_count=1 callback_os_tid=4022 callback_thread_id=55 registering_thread_os_tid=3929 queue_depth=0 rejected_callback_batches=0 rejected_flush_tasks=0 callback_uptime_ns=2546590937505 attribution=unmatched
10-08 15:53:11.983  3929  4022 I SpinonBootstrap: SPINON_R05_PRESENT renderer=wgpu signal=SurfaceView_JankData generation=1 current_generation=1 current_surface=true batch_seq=27 record_index=0 callback_os_tid=4022 callback_thread_id=55 registering_thread_os_tid=3929 queue_depth=0 vsync_id=-1 present_time_ns=-1 present_state=unknown jank_type=0 actual_app_frame_ns=0 scheduled_app_frame_ns=0 callback_uptime_ns=2546590937505 frame_id=unmatched revision=unmatched attribution=unmatched
10-08 15:53:12.367  3929  3929 I SpinonBootstrap: SPINON_R05_INPUT renderer=wgpu input_seq=28 phase=ACTION_UP timestamp_precision=nanosecond_representation input_source=unknown handler_clock_resolution=nanosecond_api event_time_ns=2546971000000 handler_uptime_ns=2546974935131 generation=1
10-08 15:53:12.375  3929  3929 I SpinonBootstrap: SPINON_R05_SUBMIT renderer=wgpu input_seq=28 revision=28 generation=1 event_time_ns=2546971000000 handler_uptime_ns=2546975108881 queue_present_return_uptime_ns=2546982603672 draw_accepted=true present_signal=unavailable attribution=input
10-08 15:53:12.375  3929  3929 I SpinonBootstrap: SPINON_R05_PRESENT_FLUSH renderer=wgpu queued=true generation=1
10-08 15:53:12.375  3929  3929 I SpinonBootstrap: SPINON_R08_TOUCH count=28
10-08 15:53:12.376  3929  4022 I SpinonBootstrap: SPINON_R05_PRESENT_FLUSH requested=true renderer=wgpu generation=1
10-08 15:53:12.376  3929  4022 I SpinonBootstrap: SPINON_R05_PRESENT_BATCH renderer=wgpu generation=1 batch_seq=28 record_count=1 callback_os_tid=4022 callback_thread_id=55 registering_thread_os_tid=3929 queue_depth=0 rejected_callback_batches=0 rejected_flush_tasks=0 callback_uptime_ns=2546984152047 attribution=unmatched
10-08 15:53:12.376  3929  4022 I SpinonBootstrap: SPINON_R05_PRESENT renderer=wgpu signal=SurfaceView_JankData generation=1 current_generation=1 current_surface=true batch_seq=28 record_index=0 callback_os_tid=4022 callback_thread_id=55 registering_thread_os_tid=3929 queue_depth=0 vsync_id=-1 present_time_ns=-1 present_state=unknown jank_type=0 actual_app_frame_ns=0 scheduled_app_frame_ns=0 callback_uptime_ns=2546984152047 frame_id=unmatched revision=unmatched attribution=unmatched
10-08 15:53:12.764  3929  3929 I SpinonBootstrap: SPINON_R05_INPUT renderer=wgpu input_seq=29 phase=ACTION_UP timestamp_precision=nanosecond_representation input_source=unknown handler_clock_resolution=nanosecond_api event_time_ns=2547370000000 handler_uptime_ns=2547371459047 generation=1
10-08 15:53:12.768  3929  3929 I SpinonBootstrap: SPINON_R05_SUBMIT renderer=wgpu input_seq=29 revision=29 generation=1 event_time_ns=2547370000000 handler_uptime_ns=2547371703214 queue_present_return_uptime_ns=2547375938756 draw_accepted=true present_signal=unavailable attribution=input
10-08 15:53:12.768  3929  3929 I SpinonBootstrap: SPINON_R05_PRESENT_FLUSH renderer=wgpu queued=true generation=1
10-08 15:53:12.768  3929  4022 I SpinonBootstrap: SPINON_R05_PRESENT_FLUSH requested=true renderer=wgpu generation=1
10-08 15:53:12.769  3929  3929 I SpinonBootstrap: SPINON_R08_TOUCH count=29
10-08 15:53:12.769  3929  4022 I SpinonBootstrap: SPINON_R05_PRESENT_BATCH renderer=wgpu generation=1 batch_seq=29 record_count=1 callback_os_tid=4022 callback_thread_id=55 registering_thread_os_tid=3929 queue_depth=0 rejected_callback_batches=0 rejected_flush_tasks=0 callback_uptime_ns=2547376650089 attribution=unmatched
10-08 15:53:12.769  3929  4022 I SpinonBootstrap: SPINON_R05_PRESENT renderer=wgpu signal=SurfaceView_JankData generation=1 current_generation=1 current_surface=true batch_seq=29 record_index=0 callback_os_tid=4022 callback_thread_id=55 registering_thread_os_tid=3929 queue_depth=0 vsync_id=-1 present_time_ns=-1 present_state=unknown jank_type=0 actual_app_frame_ns=0 scheduled_app_frame_ns=0 callback_uptime_ns=2547376650089 frame_id=unmatched revision=unmatched attribution=unmatched
10-08 15:53:13.158  3929  3929 I SpinonBootstrap: SPINON_R05_INPUT renderer=wgpu input_seq=30 phase=ACTION_UP timestamp_precision=nanosecond_representation input_source=unknown handler_clock_resolution=nanosecond_api event_time_ns=2547764000000 handler_uptime_ns=2547766163589 generation=1
10-08 15:53:13.161  3929  3929 I SpinonBootstrap: SPINON_R05_SUBMIT renderer=wgpu input_seq=30 revision=30 generation=1 event_time_ns=2547764000000 handler_uptime_ns=2547766236298 queue_present_return_uptime_ns=2547768633839 draw_accepted=true present_signal=unavailable attribution=input
10-08 15:53:13.161  3929  3929 I SpinonBootstrap: SPINON_R05_PRESENT_FLUSH renderer=wgpu queued=true generation=1
10-08 15:53:13.161  3929  4022 I SpinonBootstrap: SPINON_R05_PRESENT_FLUSH requested=true renderer=wgpu generation=1
10-08 15:53:13.161  3929  3929 I SpinonBootstrap: SPINON_R08_TOUCH count=30
10-08 15:53:13.162  3929  4022 I SpinonBootstrap: SPINON_R05_PRESENT_BATCH renderer=wgpu generation=1 batch_seq=30 record_count=1 callback_os_tid=4022 callback_thread_id=55 registering_thread_os_tid=3929 queue_depth=0 rejected_callback_batches=0 rejected_flush_tasks=0 callback_uptime_ns=2547769827881 attribution=unmatched
10-08 15:53:13.162  3929  4022 I SpinonBootstrap: SPINON_R05_PRESENT renderer=wgpu signal=SurfaceView_JankData generation=1 current_generation=1 current_surface=true batch_seq=30 record_index=0 callback_os_tid=4022 callback_thread_id=55 registering_thread_os_tid=3929 queue_depth=0 vsync_id=-1 present_time_ns=-1 present_state=unknown jank_type=0 actual_app_frame_ns=0 scheduled_app_frame_ns=0 callback_uptime_ns=2547769827881 frame_id=unmatched revision=unmatched attribution=unmatched
