--------- beginning of main
10-08 15:40:30.865 23626 23626 I SpinonBootstrap: SPINON_R08_UI=ready text-input=EditText accessibility=button+EditText
10-08 15:40:30.922 23626 23626 I SpinonBootstrap: SPINON_R05_SURFACE renderer=opengl_es type=GLSurfaceView generation=1
10-08 15:40:30.929 23626 23626 I SpinonBootstrap: SPINON_R05_SIGNAL_CAPABILITY renderer=opengl_es signal=SurfaceView_JankData available=true reason=registered api=37 api_full=3700002
10-08 15:40:30.929 23626 23626 I SpinonBootstrap: SPINON_R05_SURFACE_SIZE renderer=opengl_es generation=1 size=1080x1920
10-08 15:40:32.602 23626 23626 I SpinonBootstrap: SPINON_R05_INPUT renderer=opengl_es input_seq=1 phase=ACTION_UP timestamp_precision=nanosecond_representation input_source=unknown event_time_ns=1787208000000 handler_uptime_ns=1787210096893 generation=1
10-08 15:40:32.603 23626 23626 I SpinonBootstrap: SPINON_R05_SUBMIT renderer=opengl_es input_seq=1 revision=1 generation=1 event_time_ns=1787208000000 handler_uptime_ns=1787211212435 draw_requested=true draw_completed=false present_signal=unavailable attribution=input
10-08 15:40:32.603 23626 23626 I SpinonBootstrap: SPINON_R05_PRESENT_FLUSH renderer=opengl_es queued=true generation=1
10-08 15:40:32.604 23626 23684 I SpinonBootstrap: SPINON_R05_PRESENT_FLUSH requested=true renderer=opengl_es generation=1
10-08 15:40:32.604 23626 23684 I SpinonBootstrap: SPINON_R05_PRESENT_BATCH renderer=opengl_es generation=1 batch_seq=1 record_count=1 callback_tid=57 queue_depth=0 rejected_callback_batches=0 rejected_flush_tasks=0 callback_uptime_ns=1787212398185 attribution=unmatched
10-08 15:40:32.604 23626 23684 I SpinonBootstrap: SPINON_R05_PRESENT renderer=opengl_es signal=SurfaceView_JankData generation=1 current_generation=1 current_surface=true batch_seq=1 record_index=0 callback_tid=57 queue_depth=0 vsync_id=41153 present_time_ns=-1 present_state=unknown jank_type=2 actual_app_frame_ns=111949655 scheduled_app_frame_ns=16666666 callback_uptime_ns=1787212398185 frame_id=unmatched revision=unmatched attribution=unmatched
10-08 15:40:32.605 23626 23626 I SpinonBootstrap: SPINON_R08_TOUCH count=1
10-08 15:40:32.977 23626 23626 I SpinonBootstrap: SPINON_R05_INPUT renderer=opengl_es input_seq=2 phase=ACTION_UP timestamp_precision=nanosecond_representation input_source=unknown event_time_ns=1787584000000 handler_uptime_ns=1787584945060 generation=1
10-08 15:40:32.977 23626 23626 I SpinonBootstrap: SPINON_R05_SUBMIT renderer=opengl_es input_seq=2 revision=2 generation=1 event_time_ns=1787584000000 handler_uptime_ns=1787585131310 draw_requested=true draw_completed=false present_signal=unavailable attribution=input
10-08 15:40:32.977 23626 23626 I SpinonBootstrap: SPINON_R05_PRESENT_FLUSH renderer=opengl_es queued=true generation=1
10-08 15:40:32.977 23626 23626 I SpinonBootstrap: SPINON_R08_TOUCH count=2
10-08 15:40:32.978 23626 23684 I SpinonBootstrap: SPINON_R05_PRESENT_FLUSH requested=true renderer=opengl_es generation=1
10-08 15:40:33.355 23626 23626 I SpinonBootstrap: SPINON_R05_INPUT renderer=opengl_es input_seq=3 phase=ACTION_UP timestamp_precision=nanosecond_representation input_source=unknown event_time_ns=1787962000000 handler_uptime_ns=1787963044560 generation=1
10-08 15:40:33.355 23626 23626 I SpinonBootstrap: SPINON_R05_SUBMIT renderer=opengl_es input_seq=3 revision=3 generation=1 event_time_ns=1787962000000 handler_uptime_ns=1787963106935 draw_requested=true draw_completed=false present_signal=unavailable attribution=input
10-08 15:40:33.355 23626 23626 I SpinonBootstrap: SPINON_R05_PRESENT_FLUSH renderer=opengl_es queued=true generation=1
10-08 15:40:33.355 23626 23626 I SpinonBootstrap: SPINON_R08_TOUCH count=3
10-08 15:40:33.356 23626 23684 I SpinonBootstrap: SPINON_R05_PRESENT_FLUSH requested=true renderer=opengl_es generation=1
10-08 15:40:33.733 23626 23626 I SpinonBootstrap: SPINON_R05_INPUT renderer=opengl_es input_seq=4 phase=ACTION_UP timestamp_precision=nanosecond_representation input_source=unknown event_time_ns=1788340000000 handler_uptime_ns=1788340951352 generation=1
10-08 15:40:33.733 23626 23626 I SpinonBootstrap: SPINON_R05_SUBMIT renderer=opengl_es input_seq=4 revision=4 generation=1 event_time_ns=1788340000000 handler_uptime_ns=1788341087936 draw_requested=true draw_completed=false present_signal=unavailable attribution=input
10-08 15:40:33.733 23626 23626 I SpinonBootstrap: SPINON_R05_PRESENT_FLUSH renderer=opengl_es queued=true generation=1
10-08 15:40:33.733 23626 23626 I SpinonBootstrap: SPINON_R08_TOUCH count=4
10-08 15:40:33.734 23626 23684 I SpinonBootstrap: SPINON_R05_PRESENT_FLUSH requested=true renderer=opengl_es generation=1
10-08 15:40:34.110 23626 23626 I SpinonBootstrap: SPINON_R05_INPUT renderer=opengl_es input_seq=5 phase=ACTION_UP timestamp_precision=nanosecond_representation input_source=unknown event_time_ns=1788717000000 handler_uptime_ns=1788718236977 generation=1
10-08 15:40:34.110 23626 23626 I SpinonBootstrap: SPINON_R05_SUBMIT renderer=opengl_es input_seq=5 revision=5 generation=1 event_time_ns=1788717000000 handler_uptime_ns=1788718410561 draw_requested=true draw_completed=false present_signal=unavailable attribution=input
10-08 15:40:34.111 23626 23626 I SpinonBootstrap: SPINON_R05_PRESENT_FLUSH renderer=opengl_es queued=true generation=1
10-08 15:40:34.111 23626 23626 I SpinonBootstrap: SPINON_R08_TOUCH count=5
10-08 15:40:34.111 23626 23684 I SpinonBootstrap: SPINON_R05_PRESENT_FLUSH requested=true renderer=opengl_es generation=1
10-08 15:40:34.485 23626 23626 I SpinonBootstrap: SPINON_R05_INPUT renderer=opengl_es input_seq=6 phase=ACTION_UP timestamp_precision=nanosecond_representation input_source=unknown event_time_ns=1789092000000 handler_uptime_ns=1789093032353 generation=1
10-08 15:40:34.485 23626 23626 I SpinonBootstrap: SPINON_R05_SUBMIT renderer=opengl_es input_seq=6 revision=6 generation=1 event_time_ns=1789092000000 handler_uptime_ns=1789093101311 draw_requested=true draw_completed=false present_signal=unavailable attribution=input
10-08 15:40:34.485 23626 23626 I SpinonBootstrap: SPINON_R05_PRESENT_FLUSH renderer=opengl_es queued=true generation=1
10-08 15:40:34.485 23626 23626 I SpinonBootstrap: SPINON_R08_TOUCH count=6
10-08 15:40:34.486 23626 23684 I SpinonBootstrap: SPINON_R05_PRESENT_FLUSH requested=true renderer=opengl_es generation=1
10-08 15:40:34.860 23626 23626 I SpinonBootstrap: SPINON_R05_INPUT renderer=opengl_es input_seq=7 phase=ACTION_UP timestamp_precision=nanosecond_representation input_source=unknown event_time_ns=1789467000000 handler_uptime_ns=1789468132394 generation=1
10-08 15:40:34.860 23626 23626 I SpinonBootstrap: SPINON_R05_SUBMIT renderer=opengl_es input_seq=7 revision=7 generation=1 event_time_ns=1789467000000 handler_uptime_ns=1789468308603 draw_requested=true draw_completed=false present_signal=unavailable attribution=input
10-08 15:40:34.860 23626 23626 I SpinonBootstrap: SPINON_R05_PRESENT_FLUSH renderer=opengl_es queued=true generation=1
10-08 15:40:34.861 23626 23684 I SpinonBootstrap: SPINON_R05_PRESENT_FLUSH requested=true renderer=opengl_es generation=1
10-08 15:40:34.861 23626 23626 I SpinonBootstrap: SPINON_R08_TOUCH count=7
10-08 15:40:35.231 23626 23626 I SpinonBootstrap: SPINON_R05_INPUT renderer=opengl_es input_seq=8 phase=ACTION_UP timestamp_precision=nanosecond_representation input_source=unknown event_time_ns=1789838000000 handler_uptime_ns=1789839248020 generation=1
10-08 15:40:35.231 23626 23626 I SpinonBootstrap: SPINON_R05_SUBMIT renderer=opengl_es input_seq=8 revision=8 generation=1 event_time_ns=1789838000000 handler_uptime_ns=1789839383436 draw_requested=true draw_completed=false present_signal=unavailable attribution=input
10-08 15:40:35.231 23626 23626 I SpinonBootstrap: SPINON_R05_PRESENT_FLUSH renderer=opengl_es queued=true generation=1
10-08 15:40:35.232 23626 23684 I SpinonBootstrap: SPINON_R05_PRESENT_FLUSH requested=true renderer=opengl_es generation=1
10-08 15:40:35.232 23626 23626 I SpinonBootstrap: SPINON_R08_TOUCH count=8
10-08 15:40:35.603 23626 23626 I SpinonBootstrap: SPINON_R05_INPUT renderer=opengl_es input_seq=9 phase=ACTION_UP timestamp_precision=nanosecond_representation input_source=unknown event_time_ns=1790210000000 handler_uptime_ns=1790211015478 generation=1
10-08 15:40:35.603 23626 23626 I SpinonBootstrap: SPINON_R05_SUBMIT renderer=opengl_es input_seq=9 revision=9 generation=1 event_time_ns=1790210000000 handler_uptime_ns=1790211245436 draw_requested=true draw_completed=false present_signal=unavailable attribution=input
10-08 15:40:35.603 23626 23626 I SpinonBootstrap: SPINON_R05_PRESENT_FLUSH renderer=opengl_es queued=true generation=1
10-08 15:40:35.604 23626 23626 I SpinonBootstrap: SPINON_R08_TOUCH count=9
10-08 15:40:35.604 23626 23684 I SpinonBootstrap: SPINON_R05_PRESENT_FLUSH requested=true renderer=opengl_es generation=1
10-08 15:40:35.980 23626 23626 I SpinonBootstrap: SPINON_R05_INPUT renderer=opengl_es input_seq=10 phase=ACTION_UP timestamp_precision=nanosecond_representation input_source=unknown event_time_ns=1790587000000 handler_uptime_ns=1790587882395 generation=1
10-08 15:40:35.980 23626 23626 I SpinonBootstrap: SPINON_R05_SUBMIT renderer=opengl_es input_seq=10 revision=10 generation=1 event_time_ns=1790587000000 handler_uptime_ns=1790588128187 draw_requested=true draw_completed=false present_signal=unavailable attribution=input
10-08 15:40:35.980 23626 23626 I SpinonBootstrap: SPINON_R05_PRESENT_FLUSH renderer=opengl_es queued=true generation=1
10-08 15:40:35.980 23626 23684 I SpinonBootstrap: SPINON_R05_PRESENT_FLUSH requested=true renderer=opengl_es generation=1
10-08 15:40:35.981 23626 23626 I SpinonBootstrap: SPINON_R08_TOUCH count=10
10-08 15:40:36.359 23626 23626 I SpinonBootstrap: SPINON_R05_INPUT renderer=opengl_es input_seq=11 phase=ACTION_UP timestamp_precision=nanosecond_representation input_source=unknown event_time_ns=1790966000000 handler_uptime_ns=1790967237020 generation=1
10-08 15:40:36.359 23626 23626 I SpinonBootstrap: SPINON_R05_SUBMIT renderer=opengl_es input_seq=11 revision=11 generation=1 event_time_ns=1790966000000 handler_uptime_ns=1790967395103 draw_requested=true draw_completed=false present_signal=unavailable attribution=input
10-08 15:40:36.359 23626 23626 I SpinonBootstrap: SPINON_R05_PRESENT_FLUSH renderer=opengl_es queued=true generation=1
10-08 15:40:36.360 23626 23626 I SpinonBootstrap: SPINON_R08_TOUCH count=11
10-08 15:40:36.360 23626 23684 I SpinonBootstrap: SPINON_R05_PRESENT_FLUSH requested=true renderer=opengl_es generation=1
10-08 15:40:36.740 23626 23626 I SpinonBootstrap: SPINON_R05_INPUT renderer=opengl_es input_seq=12 phase=ACTION_UP timestamp_precision=nanosecond_representation input_source=unknown event_time_ns=1791346000000 handler_uptime_ns=1791347657229 generation=1
10-08 15:40:36.740 23626 23626 I SpinonBootstrap: SPINON_R05_SUBMIT renderer=opengl_es input_seq=12 revision=12 generation=1 event_time_ns=1791346000000 handler_uptime_ns=1791347834604 draw_requested=true draw_completed=false present_signal=unavailable attribution=input
10-08 15:40:36.740 23626 23626 I SpinonBootstrap: SPINON_R05_PRESENT_FLUSH renderer=opengl_es queued=true generation=1
10-08 15:40:36.740 23626 23626 I SpinonBootstrap: SPINON_R08_TOUCH count=12
10-08 15:40:36.741 23626 23684 I SpinonBootstrap: SPINON_R05_PRESENT_FLUSH requested=true renderer=opengl_es generation=1
10-08 15:40:37.117 23626 23626 I SpinonBootstrap: SPINON_R05_INPUT renderer=opengl_es input_seq=13 phase=ACTION_UP timestamp_precision=nanosecond_representation input_source=unknown event_time_ns=1791723000000 handler_uptime_ns=1791724509395 generation=1
10-08 15:40:37.117 23626 23626 I SpinonBootstrap: SPINON_R05_SUBMIT renderer=opengl_es input_seq=13 revision=13 generation=1 event_time_ns=1791723000000 handler_uptime_ns=1791724669437 draw_requested=true draw_completed=false present_signal=unavailable attribution=input
10-08 15:40:37.117 23626 23626 I SpinonBootstrap: SPINON_R05_PRESENT_FLUSH renderer=opengl_es queued=true generation=1
10-08 15:40:37.117 23626 23684 I SpinonBootstrap: SPINON_R05_PRESENT_FLUSH requested=true renderer=opengl_es generation=1
10-08 15:40:37.117 23626 23626 I SpinonBootstrap: SPINON_R08_TOUCH count=13
10-08 15:40:37.495 23626 23626 I SpinonBootstrap: SPINON_R05_INPUT renderer=opengl_es input_seq=14 phase=ACTION_UP timestamp_precision=nanosecond_representation input_source=unknown event_time_ns=1792101000000 handler_uptime_ns=1792102850646 generation=1
10-08 15:40:37.495 23626 23626 I SpinonBootstrap: SPINON_R05_SUBMIT renderer=opengl_es input_seq=14 revision=14 generation=1 event_time_ns=1792101000000 handler_uptime_ns=1792102982729 draw_requested=true draw_completed=false present_signal=unavailable attribution=input
10-08 15:40:37.495 23626 23626 I SpinonBootstrap: SPINON_R05_PRESENT_FLUSH renderer=opengl_es queued=true generation=1
10-08 15:40:37.495 23626 23684 I SpinonBootstrap: SPINON_R05_PRESENT_FLUSH requested=true renderer=opengl_es generation=1
10-08 15:40:37.495 23626 23626 I SpinonBootstrap: SPINON_R08_TOUCH count=14
10-08 15:40:37.872 23626 23626 I SpinonBootstrap: SPINON_R05_INPUT renderer=opengl_es input_seq=15 phase=ACTION_UP timestamp_precision=nanosecond_representation input_source=unknown event_time_ns=1792479000000 handler_uptime_ns=1792479897854 generation=1
10-08 15:40:37.872 23626 23626 I SpinonBootstrap: SPINON_R05_SUBMIT renderer=opengl_es input_seq=15 revision=15 generation=1 event_time_ns=1792479000000 handler_uptime_ns=1792480092396 draw_requested=true draw_completed=false present_signal=unavailable attribution=input
10-08 15:40:37.872 23626 23626 I SpinonBootstrap: SPINON_R05_PRESENT_FLUSH renderer=opengl_es queued=true generation=1
10-08 15:40:37.872 23626 23684 I SpinonBootstrap: SPINON_R05_PRESENT_FLUSH requested=true renderer=opengl_es generation=1
10-08 15:40:37.872 23626 23626 I SpinonBootstrap: SPINON_R08_TOUCH count=15
10-08 15:40:38.251 23626 23626 I SpinonBootstrap: SPINON_R05_INPUT renderer=opengl_es input_seq=16 phase=ACTION_UP timestamp_precision=nanosecond_representation input_source=unknown event_time_ns=1792858000000 handler_uptime_ns=1792859101604 generation=1
10-08 15:40:38.251 23626 23626 I SpinonBootstrap: SPINON_R05_SUBMIT renderer=opengl_es input_seq=16 revision=16 generation=1 event_time_ns=1792858000000 handler_uptime_ns=1792859284438 draw_requested=true draw_completed=false present_signal=unavailable attribution=input
10-08 15:40:38.251 23626 23626 I SpinonBootstrap: SPINON_R05_PRESENT_FLUSH renderer=opengl_es queued=true generation=1
10-08 15:40:38.251 23626 23684 I SpinonBootstrap: SPINON_R05_PRESENT_FLUSH requested=true renderer=opengl_es generation=1
10-08 15:40:38.252 23626 23626 I SpinonBootstrap: SPINON_R08_TOUCH count=16
10-08 15:40:38.622 23626 23626 I SpinonBootstrap: SPINON_R05_INPUT renderer=opengl_es input_seq=17 phase=ACTION_UP timestamp_precision=nanosecond_representation input_source=unknown event_time_ns=1793229000000 handler_uptime_ns=1793229968396 generation=1
10-08 15:40:38.622 23626 23626 I SpinonBootstrap: SPINON_R05_SUBMIT renderer=opengl_es input_seq=17 revision=17 generation=1 event_time_ns=1793229000000 handler_uptime_ns=1793230202105 draw_requested=true draw_completed=false present_signal=unavailable attribution=input
10-08 15:40:38.622 23626 23626 I SpinonBootstrap: SPINON_R05_PRESENT_FLUSH renderer=opengl_es queued=true generation=1
10-08 15:40:38.622 23626 23684 I SpinonBootstrap: SPINON_R05_PRESENT_FLUSH requested=true renderer=opengl_es generation=1
10-08 15:40:38.623 23626 23626 I SpinonBootstrap: SPINON_R08_TOUCH count=17
10-08 15:40:38.996 23626 23626 I SpinonBootstrap: SPINON_R05_INPUT renderer=opengl_es input_seq=18 phase=ACTION_UP timestamp_precision=nanosecond_representation input_source=unknown event_time_ns=1793603000000 handler_uptime_ns=1793604392688 generation=1
10-08 15:40:38.996 23626 23626 I SpinonBootstrap: SPINON_R05_SUBMIT renderer=opengl_es input_seq=18 revision=18 generation=1 event_time_ns=1793603000000 handler_uptime_ns=1793604463855 draw_requested=true draw_completed=false present_signal=unavailable attribution=input
10-08 15:40:38.997 23626 23626 I SpinonBootstrap: SPINON_R05_PRESENT_FLUSH renderer=opengl_es queued=true generation=1
10-08 15:40:38.997 23626 23626 I SpinonBootstrap: SPINON_R08_TOUCH count=18
10-08 15:40:38.997 23626 23684 I SpinonBootstrap: SPINON_R05_PRESENT_FLUSH requested=true renderer=opengl_es generation=1
10-08 15:40:39.368 23626 23626 I SpinonBootstrap: SPINON_R05_INPUT renderer=opengl_es input_seq=19 phase=ACTION_UP timestamp_precision=nanosecond_representation input_source=unknown event_time_ns=1793975000000 handler_uptime_ns=1793976176438 generation=1
10-08 15:40:39.368 23626 23626 I SpinonBootstrap: SPINON_R05_SUBMIT renderer=opengl_es input_seq=19 revision=19 generation=1 event_time_ns=1793975000000 handler_uptime_ns=1793976276938 draw_requested=true draw_completed=false present_signal=unavailable attribution=input
10-08 15:40:39.368 23626 23626 I SpinonBootstrap: SPINON_R05_PRESENT_FLUSH renderer=opengl_es queued=true generation=1
10-08 15:40:39.368 23626 23684 I SpinonBootstrap: SPINON_R05_PRESENT_FLUSH requested=true renderer=opengl_es generation=1
10-08 15:40:39.369 23626 23626 I SpinonBootstrap: SPINON_R08_TOUCH count=19
10-08 15:40:39.747 23626 23626 I SpinonBootstrap: SPINON_R05_INPUT renderer=opengl_es input_seq=20 phase=ACTION_UP timestamp_precision=nanosecond_representation input_source=unknown event_time_ns=1794354000000 handler_uptime_ns=1794355220355 generation=1
10-08 15:40:39.747 23626 23626 I SpinonBootstrap: SPINON_R05_SUBMIT renderer=opengl_es input_seq=20 revision=20 generation=1 event_time_ns=1794354000000 handler_uptime_ns=1794355371855 draw_requested=true draw_completed=false present_signal=unavailable attribution=input
10-08 15:40:39.747 23626 23626 I SpinonBootstrap: SPINON_R05_PRESENT_FLUSH renderer=opengl_es queued=true generation=1
10-08 15:40:39.748 23626 23626 I SpinonBootstrap: SPINON_R08_TOUCH count=20
10-08 15:40:39.748 23626 23684 I SpinonBootstrap: SPINON_R05_PRESENT_FLUSH requested=true renderer=opengl_es generation=1
10-08 15:40:40.121 23626 23626 I SpinonBootstrap: SPINON_R05_INPUT renderer=opengl_es input_seq=21 phase=ACTION_UP timestamp_precision=nanosecond_representation input_source=unknown event_time_ns=1794728000000 handler_uptime_ns=1794729232355 generation=1
10-08 15:40:40.121 23626 23626 I SpinonBootstrap: SPINON_R05_SUBMIT renderer=opengl_es input_seq=21 revision=21 generation=1 event_time_ns=1794728000000 handler_uptime_ns=1794729295814 draw_requested=true draw_completed=false present_signal=unavailable attribution=input
10-08 15:40:40.121 23626 23626 I SpinonBootstrap: SPINON_R05_PRESENT_FLUSH renderer=opengl_es queued=true generation=1
10-08 15:40:40.121 23626 23684 I SpinonBootstrap: SPINON_R05_PRESENT_FLUSH requested=true renderer=opengl_es generation=1
10-08 15:40:40.122 23626 23626 I SpinonBootstrap: SPINON_R08_TOUCH count=21
10-08 15:40:40.501 23626 23626 I SpinonBootstrap: SPINON_R05_INPUT renderer=opengl_es input_seq=22 phase=ACTION_UP timestamp_precision=nanosecond_representation input_source=unknown event_time_ns=1795108000000 handler_uptime_ns=1795109147939 generation=1
10-08 15:40:40.501 23626 23626 I SpinonBootstrap: SPINON_R05_SUBMIT renderer=opengl_es input_seq=22 revision=22 generation=1 event_time_ns=1795108000000 handler_uptime_ns=1795109272772 draw_requested=true draw_completed=false present_signal=unavailable attribution=input
10-08 15:40:40.501 23626 23626 I SpinonBootstrap: SPINON_R05_PRESENT_FLUSH renderer=opengl_es queued=true generation=1
10-08 15:40:40.502 23626 23684 I SpinonBootstrap: SPINON_R05_PRESENT_FLUSH requested=true renderer=opengl_es generation=1
10-08 15:40:40.502 23626 23626 I SpinonBootstrap: SPINON_R08_TOUCH count=22
10-08 15:40:40.875 23626 23626 I SpinonBootstrap: SPINON_R05_INPUT renderer=opengl_es input_seq=23 phase=ACTION_UP timestamp_precision=nanosecond_representation input_source=unknown event_time_ns=1795481000000 handler_uptime_ns=1795482547731 generation=1
10-08 15:40:40.875 23626 23626 I SpinonBootstrap: SPINON_R05_SUBMIT renderer=opengl_es input_seq=23 revision=23 generation=1 event_time_ns=1795481000000 handler_uptime_ns=1795482753856 draw_requested=true draw_completed=false present_signal=unavailable attribution=input
10-08 15:40:40.875 23626 23684 I SpinonBootstrap: SPINON_R05_PRESENT_FLUSH requested=true renderer=opengl_es generation=1
10-08 15:40:40.875 23626 23626 I SpinonBootstrap: SPINON_R05_PRESENT_FLUSH renderer=opengl_es queued=true generation=1
10-08 15:40:40.875 23626 23626 I SpinonBootstrap: SPINON_R08_TOUCH count=23
10-08 15:40:41.248 23626 23626 I SpinonBootstrap: SPINON_R05_INPUT renderer=opengl_es input_seq=24 phase=ACTION_UP timestamp_precision=nanosecond_representation input_source=unknown event_time_ns=1795855000000 handler_uptime_ns=1795856459647 generation=1
10-08 15:40:41.249 23626 23626 I SpinonBootstrap: SPINON_R05_SUBMIT renderer=opengl_es input_seq=24 revision=24 generation=1 event_time_ns=1795855000000 handler_uptime_ns=1795856530522 draw_requested=true draw_completed=false present_signal=unavailable attribution=input
10-08 15:40:41.249 23626 23626 I SpinonBootstrap: SPINON_R05_PRESENT_FLUSH renderer=opengl_es queued=true generation=1
10-08 15:40:41.249 23626 23684 I SpinonBootstrap: SPINON_R05_PRESENT_FLUSH requested=true renderer=opengl_es generation=1
10-08 15:40:41.249 23626 23626 I SpinonBootstrap: SPINON_R08_TOUCH count=24
10-08 15:40:41.626 23626 23626 I SpinonBootstrap: SPINON_R05_INPUT renderer=opengl_es input_seq=25 phase=ACTION_UP timestamp_precision=nanosecond_representation input_source=unknown event_time_ns=1796233000000 handler_uptime_ns=1796233948064 generation=1
10-08 15:40:41.626 23626 23626 I SpinonBootstrap: SPINON_R05_SUBMIT renderer=opengl_es input_seq=25 revision=25 generation=1 event_time_ns=1796233000000 handler_uptime_ns=1796234083314 draw_requested=true draw_completed=false present_signal=unavailable attribution=input
10-08 15:40:41.626 23626 23626 I SpinonBootstrap: SPINON_R05_PRESENT_FLUSH renderer=opengl_es queued=true generation=1
10-08 15:40:41.626 23626 23626 I SpinonBootstrap: SPINON_R08_TOUCH count=25
10-08 15:40:41.627 23626 23684 I SpinonBootstrap: SPINON_R05_PRESENT_FLUSH requested=true renderer=opengl_es generation=1
10-08 15:40:42.003 23626 23626 I SpinonBootstrap: SPINON_R05_INPUT renderer=opengl_es input_seq=26 phase=ACTION_UP timestamp_precision=nanosecond_representation input_source=unknown event_time_ns=1796610000000 handler_uptime_ns=1796611217356 generation=1
10-08 15:40:42.003 23626 23626 I SpinonBootstrap: SPINON_R05_SUBMIT renderer=opengl_es input_seq=26 revision=26 generation=1 event_time_ns=1796610000000 handler_uptime_ns=1796611385731 draw_requested=true draw_completed=false present_signal=unavailable attribution=input
10-08 15:40:42.003 23626 23626 I SpinonBootstrap: SPINON_R05_PRESENT_FLUSH renderer=opengl_es queued=true generation=1
10-08 15:40:42.004 23626 23684 I SpinonBootstrap: SPINON_R05_PRESENT_FLUSH requested=true renderer=opengl_es generation=1
10-08 15:40:42.004 23626 23626 I SpinonBootstrap: SPINON_R08_TOUCH count=26
10-08 15:40:42.383 23626 23626 I SpinonBootstrap: SPINON_R05_INPUT renderer=opengl_es input_seq=27 phase=ACTION_UP timestamp_precision=nanosecond_representation input_source=unknown event_time_ns=1796989000000 handler_uptime_ns=1796990550815 generation=1
10-08 15:40:42.383 23626 23626 I SpinonBootstrap: SPINON_R05_SUBMIT renderer=opengl_es input_seq=27 revision=27 generation=1 event_time_ns=1796989000000 handler_uptime_ns=1796990621231 draw_requested=true draw_completed=false present_signal=unavailable attribution=input
10-08 15:40:42.383 23626 23626 I SpinonBootstrap: SPINON_R05_PRESENT_FLUSH renderer=opengl_es queued=true generation=1
10-08 15:40:42.383 23626 23684 I SpinonBootstrap: SPINON_R05_PRESENT_FLUSH requested=true renderer=opengl_es generation=1
10-08 15:40:42.383 23626 23626 I SpinonBootstrap: SPINON_R08_TOUCH count=27
10-08 15:40:42.759 23626 23626 I SpinonBootstrap: SPINON_R05_INPUT renderer=opengl_es input_seq=28 phase=ACTION_UP timestamp_precision=nanosecond_representation input_source=unknown event_time_ns=1797366000000 handler_uptime_ns=1797367018107 generation=1
10-08 15:40:42.759 23626 23626 I SpinonBootstrap: SPINON_R05_SUBMIT renderer=opengl_es input_seq=28 revision=28 generation=1 event_time_ns=1797366000000 handler_uptime_ns=1797367196357 draw_requested=true draw_completed=false present_signal=unavailable attribution=input
10-08 15:40:42.759 23626 23626 I SpinonBootstrap: SPINON_R05_PRESENT_FLUSH renderer=opengl_es queued=true generation=1
10-08 15:40:42.759 23626 23684 I SpinonBootstrap: SPINON_R05_PRESENT_FLUSH requested=true renderer=opengl_es generation=1
10-08 15:40:42.761 23626 23626 I SpinonBootstrap: SPINON_R08_TOUCH count=28
10-08 15:40:43.138 23626 23626 I SpinonBootstrap: SPINON_R05_INPUT renderer=opengl_es input_seq=29 phase=ACTION_UP timestamp_precision=nanosecond_representation input_source=unknown event_time_ns=1797745000000 handler_uptime_ns=1797746359690 generation=1
10-08 15:40:43.138 23626 23626 I SpinonBootstrap: SPINON_R05_SUBMIT renderer=opengl_es input_seq=29 revision=29 generation=1 event_time_ns=1797745000000 handler_uptime_ns=1797746420982 draw_requested=true draw_completed=false present_signal=unavailable attribution=input
10-08 15:40:43.138 23626 23626 I SpinonBootstrap: SPINON_R05_PRESENT_FLUSH renderer=opengl_es queued=true generation=1
10-08 15:40:43.139 23626 23626 I SpinonBootstrap: SPINON_R08_TOUCH count=29
10-08 15:40:43.139 23626 23684 I SpinonBootstrap: SPINON_R05_PRESENT_FLUSH requested=true renderer=opengl_es generation=1
10-08 15:40:43.511 23626 23626 I SpinonBootstrap: SPINON_R05_INPUT renderer=opengl_es input_seq=30 phase=ACTION_UP timestamp_precision=nanosecond_representation input_source=unknown event_time_ns=1798118000000 handler_uptime_ns=1798119229274 generation=1
10-08 15:40:43.511 23626 23626 I SpinonBootstrap: SPINON_R05_SUBMIT renderer=opengl_es input_seq=30 revision=30 generation=1 event_time_ns=1798118000000 handler_uptime_ns=1798119344690 draw_requested=true draw_completed=false present_signal=unavailable attribution=input
10-08 15:40:43.511 23626 23626 I SpinonBootstrap: SPINON_R05_PRESENT_FLUSH renderer=opengl_es queued=true generation=1
10-08 15:40:43.512 23626 23626 I SpinonBootstrap: SPINON_R08_TOUCH count=30
10-08 15:40:43.512 23626 23684 I SpinonBootstrap: SPINON_R05_PRESENT_FLUSH requested=true renderer=opengl_es generation=1
