--------- beginning of main
10-08 15:40:00.537 22929 22929 I SpinonBootstrap: SPINON_R08_UI=ready text-input=EditText accessibility=button+EditText
10-08 15:40:00.605 22929 22929 I SpinonBootstrap: SPINON_R05_SURFACE renderer=wgpu type=SurfaceView generation=1
10-08 15:40:00.610 22929 22929 I SpinonBootstrap: SPINON_R05_SIGNAL_CAPABILITY renderer=wgpu signal=SurfaceView_JankData available=true reason=registered api=37 api_full=3700002
10-08 15:40:00.731 22929 22929 I SpinonBootstrap: SPINON_R08_WGPU=ready backend=Vulkan device=VirtualGpu name=Goldfish GFXStream (llvmpipe (LLVM 21.1.4, 128 bits)) google_display_timing_supported=false format=Rgba8Unorm color_space=Auto supported_formats=[Rgba8UnormSrgb, Rgba8Unorm, Rgba16Float, Rgb10a2Unorm]
10-08 15:40:00.733 22929 22929 I SpinonBootstrap: SPINON_R08_WGPU_SURFACE=size 1080x1920
10-08 15:40:02.463 22929 22929 I SpinonBootstrap: SPINON_R05_INPUT renderer=wgpu input_seq=1 phase=ACTION_UP timestamp_precision=nanosecond_representation input_source=unknown handler_clock_resolution=nanosecond_api event_time_ns=1757070000000 handler_uptime_ns=1757071211421 generation=1
10-08 15:40:02.472 22929 22929 I SpinonBootstrap: SPINON_R05_SUBMIT renderer=wgpu input_seq=1 revision=1 generation=1 event_time_ns=1757070000000 handler_uptime_ns=1757072269462 queue_present_return_uptime_ns=1757080188421 draw_accepted=true present_signal=unavailable attribution=input
10-08 15:40:02.499 22929 22929 I SpinonBootstrap: SPINON_R05_PRESENT_FLUSH renderer=wgpu queued=true generation=1
10-08 15:40:02.500 22929 22929 I SpinonBootstrap: SPINON_R08_TOUCH count=1
10-08 15:40:02.505 22929 22990 I SpinonBootstrap: SPINON_R05_PRESENT_FLUSH requested=true renderer=wgpu generation=1
10-08 15:40:02.505 22929 22990 I SpinonBootstrap: SPINON_R05_PRESENT_BATCH renderer=wgpu generation=1 batch_seq=1 record_count=2 callback_tid=55 queue_depth=0 rejected_callback_batches=0 rejected_flush_tasks=0 callback_uptime_ns=1757113115712 attribution=unmatched
10-08 15:40:02.505 22929 22990 I SpinonBootstrap: SPINON_R05_PRESENT renderer=wgpu signal=SurfaceView_JankData generation=1 current_generation=1 current_surface=true batch_seq=1 record_index=0 callback_tid=55 queue_depth=0 vsync_id=-1 present_time_ns=-1 present_state=unknown jank_type=0 actual_app_frame_ns=0 scheduled_app_frame_ns=0 callback_uptime_ns=1757113115712 frame_id=unmatched revision=unmatched attribution=unmatched
10-08 15:40:02.505 22929 22990 I SpinonBootstrap: SPINON_R05_PRESENT renderer=wgpu signal=SurfaceView_JankData generation=1 current_generation=1 current_surface=true batch_seq=1 record_index=1 callback_tid=55 queue_depth=0 vsync_id=37176 present_time_ns=-1 present_state=unknown jank_type=3 actual_app_frame_ns=276366303 scheduled_app_frame_ns=16666666 callback_uptime_ns=1757113115712 frame_id=unmatched revision=unmatched attribution=unmatched
10-08 15:40:02.885 22929 22929 I SpinonBootstrap: SPINON_R05_INPUT renderer=wgpu input_seq=2 phase=ACTION_UP timestamp_precision=nanosecond_representation input_source=unknown handler_clock_resolution=nanosecond_api event_time_ns=1757491000000 handler_uptime_ns=1757492914004 generation=1
10-08 15:40:02.894 22929 22929 I SpinonBootstrap: SPINON_R05_SUBMIT renderer=wgpu input_seq=2 revision=2 generation=1 event_time_ns=1757491000000 handler_uptime_ns=1757492993587 queue_present_return_uptime_ns=1757501609712 draw_accepted=true present_signal=unavailable attribution=input
10-08 15:40:02.894 22929 22929 I SpinonBootstrap: SPINON_R05_PRESENT_FLUSH renderer=wgpu queued=true generation=1
10-08 15:40:02.894 22929 22929 I SpinonBootstrap: SPINON_R08_TOUCH count=2
10-08 15:40:02.894 22929 22990 I SpinonBootstrap: SPINON_R05_PRESENT_FLUSH requested=true renderer=wgpu generation=1
10-08 15:40:02.894 22929 22990 I SpinonBootstrap: SPINON_R05_PRESENT_BATCH renderer=wgpu generation=1 batch_seq=2 record_count=1 callback_tid=55 queue_depth=0 rejected_callback_batches=0 rejected_flush_tasks=0 callback_uptime_ns=1757502107796 attribution=unmatched
10-08 15:40:02.894 22929 22990 I SpinonBootstrap: SPINON_R05_PRESENT renderer=wgpu signal=SurfaceView_JankData generation=1 current_generation=1 current_surface=true batch_seq=2 record_index=0 callback_tid=55 queue_depth=0 vsync_id=-1 present_time_ns=-1 present_state=unknown jank_type=0 actual_app_frame_ns=0 scheduled_app_frame_ns=0 callback_uptime_ns=1757502107796 frame_id=unmatched revision=unmatched attribution=unmatched
10-08 15:40:03.272 22929 22929 I SpinonBootstrap: SPINON_R05_INPUT renderer=wgpu input_seq=3 phase=ACTION_UP timestamp_precision=nanosecond_representation input_source=unknown handler_clock_resolution=nanosecond_api event_time_ns=1757878000000 handler_uptime_ns=1757879737713 generation=1
10-08 15:40:03.274 22929 22929 I SpinonBootstrap: SPINON_R05_SUBMIT renderer=wgpu input_seq=3 revision=3 generation=1 event_time_ns=1757878000000 handler_uptime_ns=1757879944129 queue_present_return_uptime_ns=1757881928254 draw_accepted=true present_signal=unavailable attribution=input
10-08 15:40:03.274 22929 22929 I SpinonBootstrap: SPINON_R05_PRESENT_FLUSH renderer=wgpu queued=true generation=1
10-08 15:40:03.274 22929 22929 I SpinonBootstrap: SPINON_R08_TOUCH count=3
10-08 15:40:03.274 22929 22990 I SpinonBootstrap: SPINON_R05_PRESENT_FLUSH requested=true renderer=wgpu generation=1
10-08 15:40:03.275 22929 22990 I SpinonBootstrap: SPINON_R05_PRESENT_BATCH renderer=wgpu generation=1 batch_seq=3 record_count=1 callback_tid=55 queue_depth=0 rejected_callback_batches=0 rejected_flush_tasks=0 callback_uptime_ns=1757882764254 attribution=unmatched
10-08 15:40:03.275 22929 22990 I SpinonBootstrap: SPINON_R05_PRESENT renderer=wgpu signal=SurfaceView_JankData generation=1 current_generation=1 current_surface=true batch_seq=3 record_index=0 callback_tid=55 queue_depth=0 vsync_id=-1 present_time_ns=-1 present_state=unknown jank_type=0 actual_app_frame_ns=0 scheduled_app_frame_ns=0 callback_uptime_ns=1757882764254 frame_id=unmatched revision=unmatched attribution=unmatched
10-08 15:40:03.651 22929 22929 I SpinonBootstrap: SPINON_R05_INPUT renderer=wgpu input_seq=4 phase=ACTION_UP timestamp_precision=nanosecond_representation input_source=unknown handler_clock_resolution=nanosecond_api event_time_ns=1758258000000 handler_uptime_ns=1758259152505 generation=1
10-08 15:40:03.653 22929 22929 I SpinonBootstrap: SPINON_R05_SUBMIT renderer=wgpu input_seq=4 revision=4 generation=1 event_time_ns=1758258000000 handler_uptime_ns=1758259327796 queue_present_return_uptime_ns=1758261322713 draw_accepted=true present_signal=unavailable attribution=input
10-08 15:40:03.653 22929 22929 I SpinonBootstrap: SPINON_R05_PRESENT_FLUSH renderer=wgpu queued=true generation=1
10-08 15:40:03.654 22929 22990 I SpinonBootstrap: SPINON_R05_PRESENT_FLUSH requested=true renderer=wgpu generation=1
10-08 15:40:03.654 22929 22929 I SpinonBootstrap: SPINON_R08_TOUCH count=4
10-08 15:40:03.654 22929 22990 I SpinonBootstrap: SPINON_R05_PRESENT_BATCH renderer=wgpu generation=1 batch_seq=4 record_count=1 callback_tid=55 queue_depth=0 rejected_callback_batches=0 rejected_flush_tasks=0 callback_uptime_ns=1758262241088 attribution=unmatched
10-08 15:40:03.654 22929 22990 I SpinonBootstrap: SPINON_R05_PRESENT renderer=wgpu signal=SurfaceView_JankData generation=1 current_generation=1 current_surface=true batch_seq=4 record_index=0 callback_tid=55 queue_depth=0 vsync_id=-1 present_time_ns=-1 present_state=unknown jank_type=0 actual_app_frame_ns=0 scheduled_app_frame_ns=0 callback_uptime_ns=1758262241088 frame_id=unmatched revision=unmatched attribution=unmatched
10-08 15:40:04.025 22929 22929 I SpinonBootstrap: SPINON_R05_INPUT renderer=wgpu input_seq=5 phase=ACTION_UP timestamp_precision=nanosecond_representation input_source=unknown handler_clock_resolution=nanosecond_api event_time_ns=1758631000000 handler_uptime_ns=1758632722546 generation=1
10-08 15:40:04.027 22929 22929 I SpinonBootstrap: SPINON_R05_SUBMIT renderer=wgpu input_seq=5 revision=5 generation=1 event_time_ns=1758631000000 handler_uptime_ns=1758632810421 queue_present_return_uptime_ns=1758634674005 draw_accepted=true present_signal=unavailable attribution=input
10-08 15:40:04.027 22929 22929 I SpinonBootstrap: SPINON_R05_PRESENT_FLUSH renderer=wgpu queued=true generation=1
10-08 15:40:04.027 22929 22929 I SpinonBootstrap: SPINON_R08_TOUCH count=5
10-08 15:40:04.027 22929 22990 I SpinonBootstrap: SPINON_R05_PRESENT_FLUSH requested=true renderer=wgpu generation=1
10-08 15:40:04.028 22929 22990 I SpinonBootstrap: SPINON_R05_PRESENT_BATCH renderer=wgpu generation=1 batch_seq=5 record_count=1 callback_tid=55 queue_depth=0 rejected_callback_batches=0 rejected_flush_tasks=0 callback_uptime_ns=1758635662380 attribution=unmatched
10-08 15:40:04.028 22929 22990 I SpinonBootstrap: SPINON_R05_PRESENT renderer=wgpu signal=SurfaceView_JankData generation=1 current_generation=1 current_surface=true batch_seq=5 record_index=0 callback_tid=55 queue_depth=0 vsync_id=-1 present_time_ns=-1 present_state=unknown jank_type=0 actual_app_frame_ns=0 scheduled_app_frame_ns=0 callback_uptime_ns=1758635662380 frame_id=unmatched revision=unmatched attribution=unmatched
10-08 15:40:04.404 22929 22929 I SpinonBootstrap: SPINON_R05_INPUT renderer=wgpu input_seq=6 phase=ACTION_UP timestamp_precision=nanosecond_representation input_source=unknown handler_clock_resolution=nanosecond_api event_time_ns=1759011000000 handler_uptime_ns=1759011819172 generation=1
10-08 15:40:04.406 22929 22929 I SpinonBootstrap: SPINON_R05_SUBMIT renderer=wgpu input_seq=6 revision=6 generation=1 event_time_ns=1759011000000 handler_uptime_ns=1759011890922 queue_present_return_uptime_ns=1759014167880 draw_accepted=true present_signal=unavailable attribution=input
10-08 15:40:04.406 22929 22929 I SpinonBootstrap: SPINON_R05_PRESENT_FLUSH renderer=wgpu queued=true generation=1
10-08 15:40:04.406 22929 22990 I SpinonBootstrap: SPINON_R05_PRESENT_FLUSH requested=true renderer=wgpu generation=1
10-08 15:40:04.407 22929 22929 I SpinonBootstrap: SPINON_R08_TOUCH count=6
10-08 15:40:04.407 22929 22990 I SpinonBootstrap: SPINON_R05_PRESENT_BATCH renderer=wgpu generation=1 batch_seq=6 record_count=1 callback_tid=55 queue_depth=0 rejected_callback_batches=0 rejected_flush_tasks=0 callback_uptime_ns=1759014662838 attribution=unmatched
10-08 15:40:04.407 22929 22990 I SpinonBootstrap: SPINON_R05_PRESENT renderer=wgpu signal=SurfaceView_JankData generation=1 current_generation=1 current_surface=true batch_seq=6 record_index=0 callback_tid=55 queue_depth=0 vsync_id=-1 present_time_ns=-1 present_state=unknown jank_type=0 actual_app_frame_ns=0 scheduled_app_frame_ns=0 callback_uptime_ns=1759014662838 frame_id=unmatched revision=unmatched attribution=unmatched
10-08 15:40:04.780 22929 22929 I SpinonBootstrap: SPINON_R05_INPUT renderer=wgpu input_seq=7 phase=ACTION_UP timestamp_precision=nanosecond_representation input_source=unknown handler_clock_resolution=nanosecond_api event_time_ns=1759386000000 handler_uptime_ns=1759387750797 generation=1
10-08 15:40:04.782 22929 22929 I SpinonBootstrap: SPINON_R05_SUBMIT renderer=wgpu input_seq=7 revision=7 generation=1 event_time_ns=1759386000000 handler_uptime_ns=1759387868588 queue_present_return_uptime_ns=1759390202797 draw_accepted=true present_signal=unavailable attribution=input
10-08 15:40:04.782 22929 22929 I SpinonBootstrap: SPINON_R05_PRESENT_FLUSH renderer=wgpu queued=true generation=1
10-08 15:40:04.783 22929 22929 I SpinonBootstrap: SPINON_R08_TOUCH count=7
10-08 15:40:04.783 22929 22990 I SpinonBootstrap: SPINON_R05_PRESENT_FLUSH requested=true renderer=wgpu generation=1
10-08 15:40:04.783 22929 22990 I SpinonBootstrap: SPINON_R05_PRESENT_BATCH renderer=wgpu generation=1 batch_seq=7 record_count=1 callback_tid=55 queue_depth=0 rejected_callback_batches=0 rejected_flush_tasks=0 callback_uptime_ns=1759390875838 attribution=unmatched
10-08 15:40:04.783 22929 22990 I SpinonBootstrap: SPINON_R05_PRESENT renderer=wgpu signal=SurfaceView_JankData generation=1 current_generation=1 current_surface=true batch_seq=7 record_index=0 callback_tid=55 queue_depth=0 vsync_id=-1 present_time_ns=-1 present_state=unknown jank_type=0 actual_app_frame_ns=0 scheduled_app_frame_ns=0 callback_uptime_ns=1759390875838 frame_id=unmatched revision=unmatched attribution=unmatched
10-08 15:40:05.158 22929 22929 I SpinonBootstrap: SPINON_R05_INPUT renderer=wgpu input_seq=8 phase=ACTION_UP timestamp_precision=nanosecond_representation input_source=unknown handler_clock_resolution=nanosecond_api event_time_ns=1759764000000 handler_uptime_ns=1759765805339 generation=1
10-08 15:40:05.160 22929 22929 I SpinonBootstrap: SPINON_R05_SUBMIT renderer=wgpu input_seq=8 revision=8 generation=1 event_time_ns=1759764000000 handler_uptime_ns=1759765879964 queue_present_return_uptime_ns=1759767903630 draw_accepted=true present_signal=unavailable attribution=input
10-08 15:40:05.160 22929 22929 I SpinonBootstrap: SPINON_R05_PRESENT_FLUSH renderer=wgpu queued=true generation=1
10-08 15:40:05.161 22929 22990 I SpinonBootstrap: SPINON_R05_PRESENT_FLUSH requested=true renderer=wgpu generation=1
10-08 15:40:05.161 22929 22929 I SpinonBootstrap: SPINON_R08_TOUCH count=8
10-08 15:40:05.161 22929 22990 I SpinonBootstrap: SPINON_R05_PRESENT_BATCH renderer=wgpu generation=1 batch_seq=8 record_count=1 callback_tid=55 queue_depth=0 rejected_callback_batches=0 rejected_flush_tasks=0 callback_uptime_ns=1759768799464 attribution=unmatched
10-08 15:40:05.161 22929 22990 I SpinonBootstrap: SPINON_R05_PRESENT renderer=wgpu signal=SurfaceView_JankData generation=1 current_generation=1 current_surface=true batch_seq=8 record_index=0 callback_tid=55 queue_depth=0 vsync_id=-1 present_time_ns=-1 present_state=unknown jank_type=0 actual_app_frame_ns=0 scheduled_app_frame_ns=0 callback_uptime_ns=1759768799464 frame_id=unmatched revision=unmatched attribution=unmatched
10-08 15:40:05.539 22929 22929 I SpinonBootstrap: SPINON_R05_INPUT renderer=wgpu input_seq=9 phase=ACTION_UP timestamp_precision=nanosecond_representation input_source=unknown handler_clock_resolution=nanosecond_api event_time_ns=1760145000000 handler_uptime_ns=1760146472922 generation=1
10-08 15:40:05.541 22929 22929 I SpinonBootstrap: SPINON_R05_SUBMIT renderer=wgpu input_seq=9 revision=9 generation=1 event_time_ns=1760145000000 handler_uptime_ns=1760146528255 queue_present_return_uptime_ns=1760148567422 draw_accepted=true present_signal=unavailable attribution=input
10-08 15:40:05.541 22929 22929 I SpinonBootstrap: SPINON_R05_PRESENT_FLUSH renderer=wgpu queued=true generation=1
10-08 15:40:05.541 22929 22990 I SpinonBootstrap: SPINON_R05_PRESENT_FLUSH requested=true renderer=wgpu generation=1
10-08 15:40:05.541 22929 22929 I SpinonBootstrap: SPINON_R08_TOUCH count=9
10-08 15:40:05.542 22929 22990 I SpinonBootstrap: SPINON_R05_PRESENT_BATCH renderer=wgpu generation=1 batch_seq=9 record_count=1 callback_tid=55 queue_depth=0 rejected_callback_batches=0 rejected_flush_tasks=0 callback_uptime_ns=1760149526755 attribution=unmatched
10-08 15:40:05.542 22929 22990 I SpinonBootstrap: SPINON_R05_PRESENT renderer=wgpu signal=SurfaceView_JankData generation=1 current_generation=1 current_surface=true batch_seq=9 record_index=0 callback_tid=55 queue_depth=0 vsync_id=-1 present_time_ns=-1 present_state=unknown jank_type=0 actual_app_frame_ns=0 scheduled_app_frame_ns=0 callback_uptime_ns=1760149526755 frame_id=unmatched revision=unmatched attribution=unmatched
10-08 15:40:05.914 22929 22929 I SpinonBootstrap: SPINON_R05_INPUT renderer=wgpu input_seq=10 phase=ACTION_UP timestamp_precision=nanosecond_representation input_source=unknown handler_clock_resolution=nanosecond_api event_time_ns=1760520000000 handler_uptime_ns=1760521699922 generation=1
10-08 15:40:05.916 22929 22929 I SpinonBootstrap: SPINON_R05_SUBMIT renderer=wgpu input_seq=10 revision=10 generation=1 event_time_ns=1760520000000 handler_uptime_ns=1760521757297 queue_present_return_uptime_ns=1760523528381 draw_accepted=true present_signal=unavailable attribution=input
10-08 15:40:05.916 22929 22929 I SpinonBootstrap: SPINON_R05_PRESENT_FLUSH renderer=wgpu queued=true generation=1
10-08 15:40:05.916 22929 22990 I SpinonBootstrap: SPINON_R05_PRESENT_FLUSH requested=true renderer=wgpu generation=1
10-08 15:40:05.916 22929 22990 I SpinonBootstrap: SPINON_R05_PRESENT_BATCH renderer=wgpu generation=1 batch_seq=10 record_count=1 callback_tid=55 queue_depth=0 rejected_callback_batches=0 rejected_flush_tasks=0 callback_uptime_ns=1760523960839 attribution=unmatched
10-08 15:40:05.916 22929 22990 I SpinonBootstrap: SPINON_R05_PRESENT renderer=wgpu signal=SurfaceView_JankData generation=1 current_generation=1 current_surface=true batch_seq=10 record_index=0 callback_tid=55 queue_depth=0 vsync_id=-1 present_time_ns=-1 present_state=unknown jank_type=0 actual_app_frame_ns=0 scheduled_app_frame_ns=0 callback_uptime_ns=1760523960839 frame_id=unmatched revision=unmatched attribution=unmatched
10-08 15:40:05.916 22929 22929 I SpinonBootstrap: SPINON_R08_TOUCH count=10
10-08 15:40:06.289 22929 22929 I SpinonBootstrap: SPINON_R05_INPUT renderer=wgpu input_seq=11 phase=ACTION_UP timestamp_precision=nanosecond_representation input_source=unknown handler_clock_resolution=nanosecond_api event_time_ns=1760895000000 handler_uptime_ns=1760896691922 generation=1
10-08 15:40:06.294 22929 22929 I SpinonBootstrap: SPINON_R05_SUBMIT renderer=wgpu input_seq=11 revision=11 generation=1 event_time_ns=1760895000000 handler_uptime_ns=1760896858214 queue_present_return_uptime_ns=1760901914422 draw_accepted=true present_signal=unavailable attribution=input
10-08 15:40:06.294 22929 22929 I SpinonBootstrap: SPINON_R05_PRESENT_FLUSH renderer=wgpu queued=true generation=1
10-08 15:40:06.294 22929 22990 I SpinonBootstrap: SPINON_R05_PRESENT_FLUSH requested=true renderer=wgpu generation=1
10-08 15:40:06.294 22929 22929 I SpinonBootstrap: SPINON_R08_TOUCH count=11
10-08 15:40:06.295 22929 22990 I SpinonBootstrap: SPINON_R05_PRESENT_BATCH renderer=wgpu generation=1 batch_seq=11 record_count=1 callback_tid=55 queue_depth=0 rejected_callback_batches=0 rejected_flush_tasks=0 callback_uptime_ns=1760902616089 attribution=unmatched
10-08 15:40:06.295 22929 22990 I SpinonBootstrap: SPINON_R05_PRESENT renderer=wgpu signal=SurfaceView_JankData generation=1 current_generation=1 current_surface=true batch_seq=11 record_index=0 callback_tid=55 queue_depth=0 vsync_id=-1 present_time_ns=-1 present_state=unknown jank_type=0 actual_app_frame_ns=0 scheduled_app_frame_ns=0 callback_uptime_ns=1760902616089 frame_id=unmatched revision=unmatched attribution=unmatched
10-08 15:40:06.670 22929 22929 I SpinonBootstrap: SPINON_R05_INPUT renderer=wgpu input_seq=12 phase=ACTION_UP timestamp_precision=nanosecond_representation input_source=unknown handler_clock_resolution=nanosecond_api event_time_ns=1761276000000 handler_uptime_ns=1761277474131 generation=1
10-08 15:40:06.675 22929 22929 I SpinonBootstrap: SPINON_R05_SUBMIT renderer=wgpu input_seq=12 revision=12 generation=1 event_time_ns=1761276000000 handler_uptime_ns=1761277561381 queue_present_return_uptime_ns=1761282776756 draw_accepted=true present_signal=unavailable attribution=input
10-08 15:40:06.675 22929 22929 I SpinonBootstrap: SPINON_R05_PRESENT_FLUSH renderer=wgpu queued=true generation=1
10-08 15:40:06.675 22929 22929 I SpinonBootstrap: SPINON_R08_TOUCH count=12
10-08 15:40:06.675 22929 22990 I SpinonBootstrap: SPINON_R05_PRESENT_FLUSH requested=true renderer=wgpu generation=1
10-08 15:40:06.676 22929 22990 I SpinonBootstrap: SPINON_R05_PRESENT_BATCH renderer=wgpu generation=1 batch_seq=12 record_count=1 callback_tid=55 queue_depth=0 rejected_callback_batches=0 rejected_flush_tasks=0 callback_uptime_ns=1761283604256 attribution=unmatched
10-08 15:40:06.676 22929 22990 I SpinonBootstrap: SPINON_R05_PRESENT renderer=wgpu signal=SurfaceView_JankData generation=1 current_generation=1 current_surface=true batch_seq=12 record_index=0 callback_tid=55 queue_depth=0 vsync_id=-1 present_time_ns=-1 present_state=unknown jank_type=0 actual_app_frame_ns=0 scheduled_app_frame_ns=0 callback_uptime_ns=1761283604256 frame_id=unmatched revision=unmatched attribution=unmatched
10-08 15:40:07.053 22929 22929 I SpinonBootstrap: SPINON_R05_INPUT renderer=wgpu input_seq=13 phase=ACTION_UP timestamp_precision=nanosecond_representation input_source=unknown handler_clock_resolution=nanosecond_api event_time_ns=1761660000000 handler_uptime_ns=1761661133506 generation=1
10-08 15:40:07.059 22929 22929 I SpinonBootstrap: SPINON_R05_SUBMIT renderer=wgpu input_seq=13 revision=13 generation=1 event_time_ns=1761660000000 handler_uptime_ns=1761661204131 queue_present_return_uptime_ns=1761666728006 draw_accepted=true present_signal=unavailable attribution=input
10-08 15:40:07.059 22929 22929 I SpinonBootstrap: SPINON_R05_PRESENT_FLUSH renderer=wgpu queued=true generation=1
10-08 15:40:07.059 22929 22990 I SpinonBootstrap: SPINON_R05_PRESENT_FLUSH requested=true renderer=wgpu generation=1
10-08 15:40:07.059 22929 22929 I SpinonBootstrap: SPINON_R08_TOUCH count=13
10-08 15:40:07.059 22929 22990 I SpinonBootstrap: SPINON_R05_PRESENT_BATCH renderer=wgpu generation=1 batch_seq=13 record_count=1 callback_tid=55 queue_depth=0 rejected_callback_batches=0 rejected_flush_tasks=0 callback_uptime_ns=1761667389964 attribution=unmatched
10-08 15:40:07.059 22929 22990 I SpinonBootstrap: SPINON_R05_PRESENT renderer=wgpu signal=SurfaceView_JankData generation=1 current_generation=1 current_surface=true batch_seq=13 record_index=0 callback_tid=55 queue_depth=0 vsync_id=-1 present_time_ns=-1 present_state=unknown jank_type=0 actual_app_frame_ns=0 scheduled_app_frame_ns=0 callback_uptime_ns=1761667389964 frame_id=unmatched revision=unmatched attribution=unmatched
10-08 15:40:07.430 22929 22929 I SpinonBootstrap: SPINON_R05_INPUT renderer=wgpu input_seq=14 phase=ACTION_UP timestamp_precision=nanosecond_representation input_source=unknown handler_clock_resolution=nanosecond_api event_time_ns=1762036000000 handler_uptime_ns=1762037772881 generation=1
10-08 15:40:07.432 22929 22929 I SpinonBootstrap: SPINON_R05_SUBMIT renderer=wgpu input_seq=14 revision=14 generation=1 event_time_ns=1762036000000 handler_uptime_ns=1762037934923 queue_present_return_uptime_ns=1762039902173 draw_accepted=true present_signal=unavailable attribution=input
10-08 15:40:07.432 22929 22929 I SpinonBootstrap: SPINON_R05_PRESENT_FLUSH renderer=wgpu queued=true generation=1
10-08 15:40:07.432 22929 22929 I SpinonBootstrap: SPINON_R08_TOUCH count=14
10-08 15:40:07.432 22929 22990 I SpinonBootstrap: SPINON_R05_PRESENT_FLUSH requested=true renderer=wgpu generation=1
10-08 15:40:07.433 22929 22990 I SpinonBootstrap: SPINON_R05_PRESENT_BATCH renderer=wgpu generation=1 batch_seq=14 record_count=1 callback_tid=55 queue_depth=0 rejected_callback_batches=0 rejected_flush_tasks=0 callback_uptime_ns=1762040674215 attribution=unmatched
10-08 15:40:07.433 22929 22990 I SpinonBootstrap: SPINON_R05_PRESENT renderer=wgpu signal=SurfaceView_JankData generation=1 current_generation=1 current_surface=true batch_seq=14 record_index=0 callback_tid=55 queue_depth=0 vsync_id=-1 present_time_ns=-1 present_state=unknown jank_type=0 actual_app_frame_ns=0 scheduled_app_frame_ns=0 callback_uptime_ns=1762040674215 frame_id=unmatched revision=unmatched attribution=unmatched
10-08 15:40:07.804 22929 22929 I SpinonBootstrap: SPINON_R05_INPUT renderer=wgpu input_seq=15 phase=ACTION_UP timestamp_precision=nanosecond_representation input_source=unknown handler_clock_resolution=nanosecond_api event_time_ns=1762411000000 handler_uptime_ns=1762412442381 generation=1
10-08 15:40:07.807 22929 22929 I SpinonBootstrap: SPINON_R05_SUBMIT renderer=wgpu input_seq=15 revision=15 generation=1 event_time_ns=1762411000000 handler_uptime_ns=1762412509465 queue_present_return_uptime_ns=1762414857173 draw_accepted=true present_signal=unavailable attribution=input
10-08 15:40:07.807 22929 22929 I SpinonBootstrap: SPINON_R05_PRESENT_FLUSH renderer=wgpu queued=true generation=1
10-08 15:40:07.807 22929 22990 I SpinonBootstrap: SPINON_R05_PRESENT_FLUSH requested=true renderer=wgpu generation=1
10-08 15:40:07.807 22929 22929 I SpinonBootstrap: SPINON_R08_TOUCH count=15
10-08 15:40:07.808 22929 22990 I SpinonBootstrap: SPINON_R05_PRESENT_BATCH renderer=wgpu generation=1 batch_seq=15 record_count=1 callback_tid=55 queue_depth=0 rejected_callback_batches=0 rejected_flush_tasks=0 callback_uptime_ns=1762415871590 attribution=unmatched
10-08 15:40:07.808 22929 22990 I SpinonBootstrap: SPINON_R05_PRESENT renderer=wgpu signal=SurfaceView_JankData generation=1 current_generation=1 current_surface=true batch_seq=15 record_index=0 callback_tid=55 queue_depth=0 vsync_id=-1 present_time_ns=-1 present_state=unknown jank_type=0 actual_app_frame_ns=0 scheduled_app_frame_ns=0 callback_uptime_ns=1762415871590 frame_id=unmatched revision=unmatched attribution=unmatched
10-08 15:40:08.186 22929 22929 I SpinonBootstrap: SPINON_R05_INPUT renderer=wgpu input_seq=16 phase=ACTION_UP timestamp_precision=nanosecond_representation input_source=unknown handler_clock_resolution=nanosecond_api event_time_ns=1762793000000 handler_uptime_ns=1762794236590 generation=1
10-08 15:40:08.189 22929 22929 I SpinonBootstrap: SPINON_R05_SUBMIT renderer=wgpu input_seq=16 revision=16 generation=1 event_time_ns=1762793000000 handler_uptime_ns=1762794355548 queue_present_return_uptime_ns=1762797145840 draw_accepted=true present_signal=unavailable attribution=input
10-08 15:40:08.189 22929 22929 I SpinonBootstrap: SPINON_R05_PRESENT_FLUSH renderer=wgpu queued=true generation=1
10-08 15:40:08.189 22929 22990 I SpinonBootstrap: SPINON_R05_PRESENT_FLUSH requested=true renderer=wgpu generation=1
10-08 15:40:08.190 22929 22929 I SpinonBootstrap: SPINON_R08_TOUCH count=16
10-08 15:40:08.190 22929 22990 I SpinonBootstrap: SPINON_R05_PRESENT_BATCH renderer=wgpu generation=1 batch_seq=16 record_count=1 callback_tid=55 queue_depth=0 rejected_callback_batches=0 rejected_flush_tasks=0 callback_uptime_ns=1762797811507 attribution=unmatched
10-08 15:40:08.190 22929 22990 I SpinonBootstrap: SPINON_R05_PRESENT renderer=wgpu signal=SurfaceView_JankData generation=1 current_generation=1 current_surface=true batch_seq=16 record_index=0 callback_tid=55 queue_depth=0 vsync_id=-1 present_time_ns=-1 present_state=unknown jank_type=0 actual_app_frame_ns=0 scheduled_app_frame_ns=0 callback_uptime_ns=1762797811507 frame_id=unmatched revision=unmatched attribution=unmatched
10-08 15:40:08.566 22929 22929 I SpinonBootstrap: SPINON_R05_INPUT renderer=wgpu input_seq=17 phase=ACTION_UP timestamp_precision=nanosecond_representation input_source=unknown handler_clock_resolution=nanosecond_api event_time_ns=1763173000000 handler_uptime_ns=1763173791965 generation=1
10-08 15:40:08.568 22929 22929 I SpinonBootstrap: SPINON_R05_SUBMIT renderer=wgpu input_seq=17 revision=17 generation=1 event_time_ns=1763173000000 handler_uptime_ns=1763173870465 queue_present_return_uptime_ns=1763175766340 draw_accepted=true present_signal=unavailable attribution=input
10-08 15:40:08.568 22929 22929 I SpinonBootstrap: SPINON_R05_PRESENT_FLUSH renderer=wgpu queued=true generation=1
10-08 15:40:08.568 22929 22929 I SpinonBootstrap: SPINON_R08_TOUCH count=17
10-08 15:40:08.568 22929 22990 I SpinonBootstrap: SPINON_R05_PRESENT_FLUSH requested=true renderer=wgpu generation=1
10-08 15:40:08.569 22929 22990 I SpinonBootstrap: SPINON_R05_PRESENT_BATCH renderer=wgpu generation=1 batch_seq=17 record_count=1 callback_tid=55 queue_depth=0 rejected_callback_batches=0 rejected_flush_tasks=0 callback_uptime_ns=1763176470299 attribution=unmatched
10-08 15:40:08.569 22929 22990 I SpinonBootstrap: SPINON_R05_PRESENT renderer=wgpu signal=SurfaceView_JankData generation=1 current_generation=1 current_surface=true batch_seq=17 record_index=0 callback_tid=55 queue_depth=0 vsync_id=-1 present_time_ns=-1 present_state=unknown jank_type=0 actual_app_frame_ns=0 scheduled_app_frame_ns=0 callback_uptime_ns=1763176470299 frame_id=unmatched revision=unmatched attribution=unmatched
10-08 15:40:08.947 22929 22929 I SpinonBootstrap: SPINON_R05_INPUT renderer=wgpu input_seq=18 phase=ACTION_UP timestamp_precision=nanosecond_representation input_source=unknown handler_clock_resolution=nanosecond_api event_time_ns=1763553000000 handler_uptime_ns=1763554784299 generation=1
10-08 15:40:08.949 22929 22929 I SpinonBootstrap: SPINON_R05_SUBMIT renderer=wgpu input_seq=18 revision=18 generation=1 event_time_ns=1763553000000 handler_uptime_ns=1763554906132 queue_present_return_uptime_ns=1763556873799 draw_accepted=true present_signal=unavailable attribution=input
10-08 15:40:08.949 22929 22929 I SpinonBootstrap: SPINON_R05_PRESENT_FLUSH renderer=wgpu queued=true generation=1
10-08 15:40:08.949 22929 22990 I SpinonBootstrap: SPINON_R05_PRESENT_FLUSH requested=true renderer=wgpu generation=1
10-08 15:40:08.949 22929 22929 I SpinonBootstrap: SPINON_R08_TOUCH count=18
10-08 15:40:08.950 22929 22990 I SpinonBootstrap: SPINON_R05_PRESENT_BATCH renderer=wgpu generation=1 batch_seq=18 record_count=1 callback_tid=55 queue_depth=0 rejected_callback_batches=0 rejected_flush_tasks=0 callback_uptime_ns=1763557879632 attribution=unmatched
10-08 15:40:08.950 22929 22990 I SpinonBootstrap: SPINON_R05_PRESENT renderer=wgpu signal=SurfaceView_JankData generation=1 current_generation=1 current_surface=true batch_seq=18 record_index=0 callback_tid=55 queue_depth=0 vsync_id=-1 present_time_ns=-1 present_state=unknown jank_type=0 actual_app_frame_ns=0 scheduled_app_frame_ns=0 callback_uptime_ns=1763557879632 frame_id=unmatched revision=unmatched attribution=unmatched
10-08 15:40:09.329 22929 22929 I SpinonBootstrap: SPINON_R05_INPUT renderer=wgpu input_seq=19 phase=ACTION_UP timestamp_precision=nanosecond_representation input_source=unknown handler_clock_resolution=nanosecond_api event_time_ns=1763935000000 handler_uptime_ns=1763936644966 generation=1
10-08 15:40:09.330 22929 22929 I SpinonBootstrap: SPINON_R05_SUBMIT renderer=wgpu input_seq=19 revision=19 generation=1 event_time_ns=1763935000000 handler_uptime_ns=1763936735674 queue_present_return_uptime_ns=1763938319924 draw_accepted=true present_signal=unavailable attribution=input
10-08 15:40:09.330 22929 22929 I SpinonBootstrap: SPINON_R05_PRESENT_FLUSH renderer=wgpu queued=true generation=1
10-08 15:40:09.331 22929 22929 I SpinonBootstrap: SPINON_R08_TOUCH count=19
10-08 15:40:09.331 22929 22990 I SpinonBootstrap: SPINON_R05_PRESENT_FLUSH requested=true renderer=wgpu generation=1
10-08 15:40:09.331 22929 22990 I SpinonBootstrap: SPINON_R05_PRESENT_BATCH renderer=wgpu generation=1 batch_seq=19 record_count=1 callback_tid=55 queue_depth=0 rejected_callback_batches=0 rejected_flush_tasks=0 callback_uptime_ns=1763938747799 attribution=unmatched
10-08 15:40:09.331 22929 22990 I SpinonBootstrap: SPINON_R05_PRESENT renderer=wgpu signal=SurfaceView_JankData generation=1 current_generation=1 current_surface=true batch_seq=19 record_index=0 callback_tid=55 queue_depth=0 vsync_id=-1 present_time_ns=-1 present_state=unknown jank_type=0 actual_app_frame_ns=0 scheduled_app_frame_ns=0 callback_uptime_ns=1763938747799 frame_id=unmatched revision=unmatched attribution=unmatched
10-08 15:40:09.709 22929 22929 I SpinonBootstrap: SPINON_R05_INPUT renderer=wgpu input_seq=20 phase=ACTION_UP timestamp_precision=nanosecond_representation input_source=unknown handler_clock_resolution=nanosecond_api event_time_ns=1764316000000 handler_uptime_ns=1764316979882 generation=1
10-08 15:40:09.711 22929 22929 I SpinonBootstrap: SPINON_R05_SUBMIT renderer=wgpu input_seq=20 revision=20 generation=1 event_time_ns=1764316000000 handler_uptime_ns=1764317098632 queue_present_return_uptime_ns=1764318540882 draw_accepted=true present_signal=unavailable attribution=input
10-08 15:40:09.711 22929 22929 I SpinonBootstrap: SPINON_R05_PRESENT_FLUSH renderer=wgpu queued=true generation=1
10-08 15:40:09.711 22929 22990 I SpinonBootstrap: SPINON_R05_PRESENT_FLUSH requested=true renderer=wgpu generation=1
10-08 15:40:09.711 22929 22929 I SpinonBootstrap: SPINON_R08_TOUCH count=20
10-08 15:40:09.711 22929 22990 I SpinonBootstrap: SPINON_R05_PRESENT_BATCH renderer=wgpu generation=1 batch_seq=20 record_count=1 callback_tid=55 queue_depth=0 rejected_callback_batches=0 rejected_flush_tasks=0 callback_uptime_ns=1764319438299 attribution=unmatched
10-08 15:40:09.711 22929 22990 I SpinonBootstrap: SPINON_R05_PRESENT renderer=wgpu signal=SurfaceView_JankData generation=1 current_generation=1 current_surface=true batch_seq=20 record_index=0 callback_tid=55 queue_depth=0 vsync_id=-1 present_time_ns=-1 present_state=unknown jank_type=0 actual_app_frame_ns=0 scheduled_app_frame_ns=0 callback_uptime_ns=1764319438299 frame_id=unmatched revision=unmatched attribution=unmatched
10-08 15:40:10.088 22929 22929 I SpinonBootstrap: SPINON_R05_INPUT renderer=wgpu input_seq=21 phase=ACTION_UP timestamp_precision=nanosecond_representation input_source=unknown handler_clock_resolution=nanosecond_api event_time_ns=1764695000000 handler_uptime_ns=1764696133258 generation=1
10-08 15:40:10.090 22929 22929 I SpinonBootstrap: SPINON_R05_SUBMIT renderer=wgpu input_seq=21 revision=21 generation=1 event_time_ns=1764695000000 handler_uptime_ns=1764696277299 queue_present_return_uptime_ns=1764698240008 draw_accepted=true present_signal=unavailable attribution=input
10-08 15:40:10.090 22929 22929 I SpinonBootstrap: SPINON_R05_PRESENT_FLUSH renderer=wgpu queued=true generation=1
10-08 15:40:10.091 22929 22929 I SpinonBootstrap: SPINON_R08_TOUCH count=21
10-08 15:40:10.091 22929 22990 I SpinonBootstrap: SPINON_R05_PRESENT_FLUSH requested=true renderer=wgpu generation=1
10-08 15:40:10.091 22929 22990 I SpinonBootstrap: SPINON_R05_PRESENT_BATCH renderer=wgpu generation=1 batch_seq=21 record_count=1 callback_tid=55 queue_depth=0 rejected_callback_batches=0 rejected_flush_tasks=0 callback_uptime_ns=1764698977091 attribution=unmatched
10-08 15:40:10.091 22929 22990 I SpinonBootstrap: SPINON_R05_PRESENT renderer=wgpu signal=SurfaceView_JankData generation=1 current_generation=1 current_surface=true batch_seq=21 record_index=0 callback_tid=55 queue_depth=0 vsync_id=-1 present_time_ns=-1 present_state=unknown jank_type=0 actual_app_frame_ns=0 scheduled_app_frame_ns=0 callback_uptime_ns=1764698977091 frame_id=unmatched revision=unmatched attribution=unmatched
10-08 15:40:10.463 22929 22929 I SpinonBootstrap: SPINON_R05_INPUT renderer=wgpu input_seq=22 phase=ACTION_UP timestamp_precision=nanosecond_representation input_source=unknown handler_clock_resolution=nanosecond_api event_time_ns=1765070000000 handler_uptime_ns=1765070637924 generation=1
10-08 15:40:10.465 22929 22929 I SpinonBootstrap: SPINON_R05_SUBMIT renderer=wgpu input_seq=22 revision=22 generation=1 event_time_ns=1765070000000 handler_uptime_ns=1765070731383 queue_present_return_uptime_ns=1765072960966 draw_accepted=true present_signal=unavailable attribution=input
10-08 15:40:10.465 22929 22929 I SpinonBootstrap: SPINON_R05_PRESENT_FLUSH renderer=wgpu queued=true generation=1
10-08 15:40:10.465 22929 22929 I SpinonBootstrap: SPINON_R08_TOUCH count=22
10-08 15:40:10.466 22929 22990 I SpinonBootstrap: SPINON_R05_PRESENT_FLUSH requested=true renderer=wgpu generation=1
10-08 15:40:10.466 22929 22990 I SpinonBootstrap: SPINON_R05_PRESENT_BATCH renderer=wgpu generation=1 batch_seq=22 record_count=1 callback_tid=55 queue_depth=0 rejected_callback_batches=0 rejected_flush_tasks=0 callback_uptime_ns=1765073493466 attribution=unmatched
10-08 15:40:10.466 22929 22990 I SpinonBootstrap: SPINON_R05_PRESENT renderer=wgpu signal=SurfaceView_JankData generation=1 current_generation=1 current_surface=true batch_seq=22 record_index=0 callback_tid=55 queue_depth=0 vsync_id=-1 present_time_ns=-1 present_state=unknown jank_type=0 actual_app_frame_ns=0 scheduled_app_frame_ns=0 callback_uptime_ns=1765073493466 frame_id=unmatched revision=unmatched attribution=unmatched
10-08 15:40:10.847 22929 22929 I SpinonBootstrap: SPINON_R05_INPUT renderer=wgpu input_seq=23 phase=ACTION_UP timestamp_precision=nanosecond_representation input_source=unknown handler_clock_resolution=nanosecond_api event_time_ns=1765454000000 handler_uptime_ns=1765454913341 generation=1
10-08 15:40:10.849 22929 22929 I SpinonBootstrap: SPINON_R05_SUBMIT renderer=wgpu input_seq=23 revision=23 generation=1 event_time_ns=1765454000000 handler_uptime_ns=1765454996050 queue_present_return_uptime_ns=1765457060800 draw_accepted=true present_signal=unavailable attribution=input
10-08 15:40:10.849 22929 22929 I SpinonBootstrap: SPINON_R05_PRESENT_FLUSH renderer=wgpu queued=true generation=1
10-08 15:40:10.849 22929 22990 I SpinonBootstrap: SPINON_R05_PRESENT_FLUSH requested=true renderer=wgpu generation=1
10-08 15:40:10.850 22929 22929 I SpinonBootstrap: SPINON_R08_TOUCH count=23
10-08 15:40:10.850 22929 22990 I SpinonBootstrap: SPINON_R05_PRESENT_BATCH renderer=wgpu generation=1 batch_seq=23 record_count=1 callback_tid=55 queue_depth=0 rejected_callback_batches=0 rejected_flush_tasks=0 callback_uptime_ns=1765457636633 attribution=unmatched
10-08 15:40:10.850 22929 22990 I SpinonBootstrap: SPINON_R05_PRESENT renderer=wgpu signal=SurfaceView_JankData generation=1 current_generation=1 current_surface=true batch_seq=23 record_index=0 callback_tid=55 queue_depth=0 vsync_id=-1 present_time_ns=-1 present_state=unknown jank_type=0 actual_app_frame_ns=0 scheduled_app_frame_ns=0 callback_uptime_ns=1765457636633 frame_id=unmatched revision=unmatched attribution=unmatched
10-08 15:40:11.229 22929 22929 I SpinonBootstrap: SPINON_R05_INPUT renderer=wgpu input_seq=24 phase=ACTION_UP timestamp_precision=nanosecond_representation input_source=unknown handler_clock_resolution=nanosecond_api event_time_ns=1765835000000 handler_uptime_ns=1765836467466 generation=1
10-08 15:40:11.230 22929 22929 I SpinonBootstrap: SPINON_R05_SUBMIT renderer=wgpu input_seq=24 revision=24 generation=1 event_time_ns=1765835000000 handler_uptime_ns=1765836548258 queue_present_return_uptime_ns=1765838442133 draw_accepted=true present_signal=unavailable attribution=input
10-08 15:40:11.231 22929 22929 I SpinonBootstrap: SPINON_R05_PRESENT_FLUSH renderer=wgpu queued=true generation=1
10-08 15:40:11.231 22929 22929 I SpinonBootstrap: SPINON_R08_TOUCH count=24
10-08 15:40:11.231 22929 22990 I SpinonBootstrap: SPINON_R05_PRESENT_FLUSH requested=true renderer=wgpu generation=1
10-08 15:40:11.232 22929 22990 I SpinonBootstrap: SPINON_R05_PRESENT_BATCH renderer=wgpu generation=1 batch_seq=24 record_count=1 callback_tid=55 queue_depth=0 rejected_callback_batches=0 rejected_flush_tasks=0 callback_uptime_ns=1765839498758 attribution=unmatched
10-08 15:40:11.232 22929 22990 I SpinonBootstrap: SPINON_R05_PRESENT renderer=wgpu signal=SurfaceView_JankData generation=1 current_generation=1 current_surface=true batch_seq=24 record_index=0 callback_tid=55 queue_depth=0 vsync_id=-1 present_time_ns=-1 present_state=unknown jank_type=0 actual_app_frame_ns=0 scheduled_app_frame_ns=0 callback_uptime_ns=1765839498758 frame_id=unmatched revision=unmatched attribution=unmatched
10-08 15:40:11.614 22929 22929 I SpinonBootstrap: SPINON_R05_INPUT renderer=wgpu input_seq=25 phase=ACTION_UP timestamp_precision=nanosecond_representation input_source=unknown handler_clock_resolution=nanosecond_api event_time_ns=1766220000000 handler_uptime_ns=1766221775008 generation=1
10-08 15:40:11.617 22929 22929 I SpinonBootstrap: SPINON_R05_SUBMIT renderer=wgpu input_seq=25 revision=25 generation=1 event_time_ns=1766220000000 handler_uptime_ns=1766222016675 queue_present_return_uptime_ns=1766224608217 draw_accepted=true present_signal=unavailable attribution=input
10-08 15:40:11.617 22929 22929 I SpinonBootstrap: SPINON_R05_PRESENT_FLUSH renderer=wgpu queued=true generation=1
10-08 15:40:11.617 22929 22990 I SpinonBootstrap: SPINON_R05_PRESENT_FLUSH requested=true renderer=wgpu generation=1
10-08 15:40:11.617 22929 22990 I SpinonBootstrap: SPINON_R05_PRESENT_BATCH renderer=wgpu generation=1 batch_seq=25 record_count=1 callback_tid=55 queue_depth=0 rejected_callback_batches=0 rejected_flush_tasks=0 callback_uptime_ns=1766225152967 attribution=unmatched
10-08 15:40:11.617 22929 22990 I SpinonBootstrap: SPINON_R05_PRESENT renderer=wgpu signal=SurfaceView_JankData generation=1 current_generation=1 current_surface=true batch_seq=25 record_index=0 callback_tid=55 queue_depth=0 vsync_id=-1 present_time_ns=-1 present_state=unknown jank_type=0 actual_app_frame_ns=0 scheduled_app_frame_ns=0 callback_uptime_ns=1766225152967 frame_id=unmatched revision=unmatched attribution=unmatched
10-08 15:40:11.617 22929 22929 I SpinonBootstrap: SPINON_R08_TOUCH count=25
10-08 15:40:11.993 22929 22929 I SpinonBootstrap: SPINON_R05_INPUT renderer=wgpu input_seq=26 phase=ACTION_UP timestamp_precision=nanosecond_representation input_source=unknown handler_clock_resolution=nanosecond_api event_time_ns=1766600000000 handler_uptime_ns=1766601122800 generation=1
10-08 15:40:11.995 22929 22929 I SpinonBootstrap: SPINON_R05_SUBMIT renderer=wgpu input_seq=26 revision=26 generation=1 event_time_ns=1766600000000 handler_uptime_ns=1766601184050 queue_present_return_uptime_ns=1766602917675 draw_accepted=true present_signal=unavailable attribution=input
10-08 15:40:11.995 22929 22929 I SpinonBootstrap: SPINON_R05_PRESENT_FLUSH renderer=wgpu queued=true generation=1
10-08 15:40:11.995 22929 22990 I SpinonBootstrap: SPINON_R05_PRESENT_FLUSH requested=true renderer=wgpu generation=1
10-08 15:40:11.995 22929 22929 I SpinonBootstrap: SPINON_R08_TOUCH count=26
10-08 15:40:11.995 22929 22990 I SpinonBootstrap: SPINON_R05_PRESENT_BATCH renderer=wgpu generation=1 batch_seq=26 record_count=1 callback_tid=55 queue_depth=0 rejected_callback_batches=0 rejected_flush_tasks=0 callback_uptime_ns=1766603319342 attribution=unmatched
10-08 15:40:11.995 22929 22990 I SpinonBootstrap: SPINON_R05_PRESENT renderer=wgpu signal=SurfaceView_JankData generation=1 current_generation=1 current_surface=true batch_seq=26 record_index=0 callback_tid=55 queue_depth=0 vsync_id=-1 present_time_ns=-1 present_state=unknown jank_type=0 actual_app_frame_ns=0 scheduled_app_frame_ns=0 callback_uptime_ns=1766603319342 frame_id=unmatched revision=unmatched attribution=unmatched
10-08 15:40:12.366 22929 22929 I SpinonBootstrap: SPINON_R05_INPUT renderer=wgpu input_seq=27 phase=ACTION_UP timestamp_precision=nanosecond_representation input_source=unknown handler_clock_resolution=nanosecond_api event_time_ns=1766972000000 handler_uptime_ns=1766973620050 generation=1
10-08 15:40:12.368 22929 22929 I SpinonBootstrap: SPINON_R05_SUBMIT renderer=wgpu input_seq=27 revision=27 generation=1 event_time_ns=1766972000000 handler_uptime_ns=1766973691259 queue_present_return_uptime_ns=1766975654634 draw_accepted=true present_signal=unavailable attribution=input
10-08 15:40:12.368 22929 22929 I SpinonBootstrap: SPINON_R05_PRESENT_FLUSH renderer=wgpu queued=true generation=1
10-08 15:40:12.368 22929 22990 I SpinonBootstrap: SPINON_R05_PRESENT_FLUSH requested=true renderer=wgpu generation=1
10-08 15:40:12.368 22929 22990 I SpinonBootstrap: SPINON_R05_PRESENT_BATCH renderer=wgpu generation=1 batch_seq=27 record_count=1 callback_tid=55 queue_depth=0 rejected_callback_batches=0 rejected_flush_tasks=0 callback_uptime_ns=1766976112217 attribution=unmatched
10-08 15:40:12.368 22929 22990 I SpinonBootstrap: SPINON_R05_PRESENT renderer=wgpu signal=SurfaceView_JankData generation=1 current_generation=1 current_surface=true batch_seq=27 record_index=0 callback_tid=55 queue_depth=0 vsync_id=-1 present_time_ns=-1 present_state=unknown jank_type=0 actual_app_frame_ns=0 scheduled_app_frame_ns=0 callback_uptime_ns=1766976112217 frame_id=unmatched revision=unmatched attribution=unmatched
10-08 15:40:12.368 22929 22929 I SpinonBootstrap: SPINON_R08_TOUCH count=27
10-08 15:40:12.742 22929 22929 I SpinonBootstrap: SPINON_R05_INPUT renderer=wgpu input_seq=28 phase=ACTION_UP timestamp_precision=nanosecond_representation input_source=unknown handler_clock_resolution=nanosecond_api event_time_ns=1767349000000 handler_uptime_ns=1767349878384 generation=1
10-08 15:40:12.744 22929 22929 I SpinonBootstrap: SPINON_R05_SUBMIT renderer=wgpu input_seq=28 revision=28 generation=1 event_time_ns=1767349000000 handler_uptime_ns=1767349960801 queue_present_return_uptime_ns=1767351996301 draw_accepted=true present_signal=unavailable attribution=input
10-08 15:40:12.744 22929 22929 I SpinonBootstrap: SPINON_R05_PRESENT_FLUSH renderer=wgpu queued=true generation=1
10-08 15:40:12.744 22929 22990 I SpinonBootstrap: SPINON_R05_PRESENT_FLUSH requested=true renderer=wgpu generation=1
10-08 15:40:12.745 22929 22929 I SpinonBootstrap: SPINON_R08_TOUCH count=28
10-08 15:40:12.745 22929 22990 I SpinonBootstrap: SPINON_R05_PRESENT_BATCH renderer=wgpu generation=1 batch_seq=28 record_count=1 callback_tid=55 queue_depth=0 rejected_callback_batches=0 rejected_flush_tasks=0 callback_uptime_ns=1767352799467 attribution=unmatched
10-08 15:40:12.745 22929 22990 I SpinonBootstrap: SPINON_R05_PRESENT renderer=wgpu signal=SurfaceView_JankData generation=1 current_generation=1 current_surface=true batch_seq=28 record_index=0 callback_tid=55 queue_depth=0 vsync_id=-1 present_time_ns=-1 present_state=unknown jank_type=0 actual_app_frame_ns=0 scheduled_app_frame_ns=0 callback_uptime_ns=1767352799467 frame_id=unmatched revision=unmatched attribution=unmatched
10-08 15:40:13.121 22929 22929 I SpinonBootstrap: SPINON_R05_INPUT renderer=wgpu input_seq=29 phase=ACTION_UP timestamp_precision=nanosecond_representation input_source=unknown handler_clock_resolution=nanosecond_api event_time_ns=1767728000000 handler_uptime_ns=1767729187301 generation=1
10-08 15:40:13.124 22929 22929 I SpinonBootstrap: SPINON_R05_SUBMIT renderer=wgpu input_seq=29 revision=29 generation=1 event_time_ns=1767728000000 handler_uptime_ns=1767729243217 queue_present_return_uptime_ns=1767731558467 draw_accepted=true present_signal=unavailable attribution=input
10-08 15:40:13.124 22929 22929 I SpinonBootstrap: SPINON_R05_PRESENT_FLUSH renderer=wgpu queued=true generation=1
10-08 15:40:13.124 22929 22990 I SpinonBootstrap: SPINON_R05_PRESENT_FLUSH requested=true renderer=wgpu generation=1
10-08 15:40:13.124 22929 22929 I SpinonBootstrap: SPINON_R08_TOUCH count=29
10-08 15:40:13.124 22929 22990 I SpinonBootstrap: SPINON_R05_PRESENT_BATCH renderer=wgpu generation=1 batch_seq=29 record_count=1 callback_tid=55 queue_depth=0 rejected_callback_batches=0 rejected_flush_tasks=0 callback_uptime_ns=1767732428301 attribution=unmatched
10-08 15:40:13.124 22929 22990 I SpinonBootstrap: SPINON_R05_PRESENT renderer=wgpu signal=SurfaceView_JankData generation=1 current_generation=1 current_surface=true batch_seq=29 record_index=0 callback_tid=55 queue_depth=0 vsync_id=-1 present_time_ns=-1 present_state=unknown jank_type=0 actual_app_frame_ns=0 scheduled_app_frame_ns=0 callback_uptime_ns=1767732428301 frame_id=unmatched revision=unmatched attribution=unmatched
10-08 15:40:13.502 22929 22929 I SpinonBootstrap: SPINON_R05_INPUT renderer=wgpu input_seq=30 phase=ACTION_UP timestamp_precision=nanosecond_representation input_source=unknown handler_clock_resolution=nanosecond_api event_time_ns=1768109000000 handler_uptime_ns=1768110295634 generation=1
10-08 15:40:13.505 22929 22929 I SpinonBootstrap: SPINON_R05_SUBMIT renderer=wgpu input_seq=30 revision=30 generation=1 event_time_ns=1768109000000 handler_uptime_ns=1768110376801 queue_present_return_uptime_ns=1768112544968 draw_accepted=true present_signal=unavailable attribution=input
10-08 15:40:13.505 22929 22929 I SpinonBootstrap: SPINON_R05_PRESENT_FLUSH renderer=wgpu queued=true generation=1
10-08 15:40:13.505 22929 22929 I SpinonBootstrap: SPINON_R08_TOUCH count=30
10-08 15:40:13.506 22929 22990 I SpinonBootstrap: SPINON_R05_PRESENT_FLUSH requested=true renderer=wgpu generation=1
10-08 15:40:13.506 22929 22990 I SpinonBootstrap: SPINON_R05_PRESENT_BATCH renderer=wgpu generation=1 batch_seq=30 record_count=1 callback_tid=55 queue_depth=0 rejected_callback_batches=0 rejected_flush_tasks=0 callback_uptime_ns=1768114111259 attribution=unmatched
10-08 15:40:13.506 22929 22990 I SpinonBootstrap: SPINON_R05_PRESENT renderer=wgpu signal=SurfaceView_JankData generation=1 current_generation=1 current_surface=true batch_seq=30 record_index=0 callback_tid=55 queue_depth=0 vsync_id=-1 present_time_ns=-1 present_state=unknown jank_type=0 actual_app_frame_ns=0 scheduled_app_frame_ns=0 callback_uptime_ns=1768114111259 frame_id=unmatched revision=unmatched attribution=unmatched
