--------- beginning of main
10-08 15:41:00.786 24318 24318 I SpinonBootstrap: SPINON_R08_UI=ready text-input=EditText accessibility=button+EditText
10-08 15:41:01.022 24318 24318 I SpinonBootstrap: SPINON_R05_SURFACE renderer=wgpu type=SurfaceView generation=1
10-08 15:41:01.027 24318 24318 I SpinonBootstrap: SPINON_R05_SIGNAL_CAPABILITY renderer=wgpu signal=SurfaceView_JankData available=true reason=registered api=37 api_full=3700002
10-08 15:41:01.107 24318 24318 I SpinonBootstrap: SPINON_R08_WGPU=ready backend=Vulkan device=VirtualGpu name=Goldfish GFXStream (llvmpipe (LLVM 21.1.4, 128 bits)) google_display_timing_supported=false format=Rgba8Unorm color_space=Auto supported_formats=[Rgba8UnormSrgb, Rgba8Unorm, Rgba16Float, Rgb10a2Unorm]
10-08 15:41:01.107 24318 24318 I SpinonBootstrap: SPINON_R08_WGPU_SURFACE=size 1080x1920
10-08 15:41:03.060 24318 24318 I SpinonBootstrap: SPINON_R05_INPUT renderer=wgpu input_seq=1 phase=ACTION_UP timestamp_precision=nanosecond_representation input_source=unknown handler_clock_resolution=nanosecond_api event_time_ns=1817666000000 handler_uptime_ns=1817667931658 generation=1
10-08 15:41:03.071 24318 24318 I SpinonBootstrap: SPINON_R05_SUBMIT renderer=wgpu input_seq=1 revision=1 generation=1 event_time_ns=1817666000000 handler_uptime_ns=1817668847658 queue_present_return_uptime_ns=1817679132741 draw_accepted=true present_signal=unavailable attribution=input
10-08 15:41:03.072 24318 24378 I SpinonBootstrap: SPINON_R05_PRESENT_FLUSH requested=true renderer=wgpu generation=1
10-08 15:41:03.072 24318 24318 I SpinonBootstrap: SPINON_R05_PRESENT_FLUSH renderer=wgpu queued=true generation=1
10-08 15:41:03.072 24318 24318 I SpinonBootstrap: SPINON_R08_TOUCH count=1
10-08 15:41:03.073 24318 24378 I SpinonBootstrap: SPINON_R05_PRESENT_BATCH renderer=wgpu generation=1 batch_seq=1 record_count=2 callback_tid=55 queue_depth=0 rejected_callback_batches=0 rejected_flush_tasks=0 callback_uptime_ns=1817680575450 attribution=unmatched
10-08 15:41:03.073 24318 24378 I SpinonBootstrap: SPINON_R05_PRESENT renderer=wgpu signal=SurfaceView_JankData generation=1 current_generation=1 current_surface=true batch_seq=1 record_index=0 callback_tid=55 queue_depth=0 vsync_id=-1 present_time_ns=-1 present_state=unknown jank_type=0 actual_app_frame_ns=0 scheduled_app_frame_ns=0 callback_uptime_ns=1817680575450 frame_id=unmatched revision=unmatched attribution=unmatched
10-08 15:41:03.073 24318 24378 I SpinonBootstrap: SPINON_R05_PRESENT renderer=wgpu signal=SurfaceView_JankData generation=1 current_generation=1 current_surface=true batch_seq=1 record_index=1 callback_tid=55 queue_depth=0 vsync_id=45169 present_time_ns=-1 present_state=unknown jank_type=3 actual_app_frame_ns=160311207 scheduled_app_frame_ns=16666666 callback_uptime_ns=1817680575450 frame_id=unmatched revision=unmatched attribution=unmatched
10-08 15:41:03.484 24318 24318 I SpinonBootstrap: SPINON_R05_INPUT renderer=wgpu input_seq=2 phase=ACTION_UP timestamp_precision=nanosecond_representation input_source=unknown handler_clock_resolution=nanosecond_api event_time_ns=1818091000000 handler_uptime_ns=1818092388616 generation=1
10-08 15:41:03.493 24318 24318 I SpinonBootstrap: SPINON_R05_SUBMIT renderer=wgpu input_seq=2 revision=2 generation=1 event_time_ns=1818091000000 handler_uptime_ns=1818092448450 queue_present_return_uptime_ns=1818100859783 draw_accepted=true present_signal=unavailable attribution=input
10-08 15:41:03.493 24318 24318 I SpinonBootstrap: SPINON_R05_PRESENT_FLUSH renderer=wgpu queued=true generation=1
10-08 15:41:03.493 24318 24378 I SpinonBootstrap: SPINON_R05_PRESENT_FLUSH requested=true renderer=wgpu generation=1
10-08 15:41:03.493 24318 24378 I SpinonBootstrap: SPINON_R05_PRESENT_BATCH renderer=wgpu generation=1 batch_seq=2 record_count=1 callback_tid=55 queue_depth=0 rejected_callback_batches=0 rejected_flush_tasks=0 callback_uptime_ns=1818101416783 attribution=unmatched
10-08 15:41:03.493 24318 24378 I SpinonBootstrap: SPINON_R05_PRESENT renderer=wgpu signal=SurfaceView_JankData generation=1 current_generation=1 current_surface=true batch_seq=2 record_index=0 callback_tid=55 queue_depth=0 vsync_id=-1 present_time_ns=-1 present_state=unknown jank_type=0 actual_app_frame_ns=0 scheduled_app_frame_ns=0 callback_uptime_ns=1818101416783 frame_id=unmatched revision=unmatched attribution=unmatched
10-08 15:41:03.494 24318 24318 I SpinonBootstrap: SPINON_R08_TOUCH count=2
10-08 15:41:03.873 24318 24318 I SpinonBootstrap: SPINON_R05_INPUT renderer=wgpu input_seq=3 phase=ACTION_UP timestamp_precision=nanosecond_representation input_source=unknown handler_clock_resolution=nanosecond_api event_time_ns=1818479000000 handler_uptime_ns=1818480529658 generation=1
10-08 15:41:03.875 24318 24318 I SpinonBootstrap: SPINON_R05_SUBMIT renderer=wgpu input_seq=3 revision=3 generation=1 event_time_ns=1818479000000 handler_uptime_ns=1818480651117 queue_present_return_uptime_ns=1818482496450 draw_accepted=true present_signal=unavailable attribution=input
10-08 15:41:03.875 24318 24318 I SpinonBootstrap: SPINON_R05_PRESENT_FLUSH renderer=wgpu queued=true generation=1
10-08 15:41:03.875 24318 24318 I SpinonBootstrap: SPINON_R08_TOUCH count=3
10-08 15:41:03.875 24318 24378 I SpinonBootstrap: SPINON_R05_PRESENT_FLUSH requested=true renderer=wgpu generation=1
10-08 15:41:03.875 24318 24378 I SpinonBootstrap: SPINON_R05_PRESENT_BATCH renderer=wgpu generation=1 batch_seq=3 record_count=1 callback_tid=55 queue_depth=0 rejected_callback_batches=0 rejected_flush_tasks=0 callback_uptime_ns=1818483466742 attribution=unmatched
10-08 15:41:03.876 24318 24378 I SpinonBootstrap: SPINON_R05_PRESENT renderer=wgpu signal=SurfaceView_JankData generation=1 current_generation=1 current_surface=true batch_seq=3 record_index=0 callback_tid=55 queue_depth=0 vsync_id=-1 present_time_ns=-1 present_state=unknown jank_type=0 actual_app_frame_ns=0 scheduled_app_frame_ns=0 callback_uptime_ns=1818483466742 frame_id=unmatched revision=unmatched attribution=unmatched
10-08 15:41:04.247 24318 24318 I SpinonBootstrap: SPINON_R05_INPUT renderer=wgpu input_seq=4 phase=ACTION_UP timestamp_precision=nanosecond_representation input_source=unknown handler_clock_resolution=nanosecond_api event_time_ns=1818854000000 handler_uptime_ns=1818854802450 generation=1
10-08 15:41:04.249 24318 24318 I SpinonBootstrap: SPINON_R05_SUBMIT renderer=wgpu input_seq=4 revision=4 generation=1 event_time_ns=1818854000000 handler_uptime_ns=1818855018158 queue_present_return_uptime_ns=1818857378325 draw_accepted=true present_signal=unavailable attribution=input
10-08 15:41:04.249 24318 24318 I SpinonBootstrap: SPINON_R05_PRESENT_FLUSH renderer=wgpu queued=true generation=1
10-08 15:41:04.250 24318 24318 I SpinonBootstrap: SPINON_R08_TOUCH count=4
10-08 15:41:04.250 24318 24378 I SpinonBootstrap: SPINON_R05_PRESENT_FLUSH requested=true renderer=wgpu generation=1
10-08 15:41:04.250 24318 24378 I SpinonBootstrap: SPINON_R05_PRESENT_BATCH renderer=wgpu generation=1 batch_seq=4 record_count=1 callback_tid=55 queue_depth=0 rejected_callback_batches=0 rejected_flush_tasks=0 callback_uptime_ns=1818858235200 attribution=unmatched
10-08 15:41:04.250 24318 24378 I SpinonBootstrap: SPINON_R05_PRESENT renderer=wgpu signal=SurfaceView_JankData generation=1 current_generation=1 current_surface=true batch_seq=4 record_index=0 callback_tid=55 queue_depth=0 vsync_id=-1 present_time_ns=-1 present_state=unknown jank_type=0 actual_app_frame_ns=0 scheduled_app_frame_ns=0 callback_uptime_ns=1818858235200 frame_id=unmatched revision=unmatched attribution=unmatched
10-08 15:41:04.627 24318 24318 I SpinonBootstrap: SPINON_R05_INPUT renderer=wgpu input_seq=5 phase=ACTION_UP timestamp_precision=nanosecond_representation input_source=unknown handler_clock_resolution=nanosecond_api event_time_ns=1819234000000 handler_uptime_ns=1819235202200 generation=1
10-08 15:41:04.630 24318 24318 I SpinonBootstrap: SPINON_R05_SUBMIT renderer=wgpu input_seq=5 revision=5 generation=1 event_time_ns=1819234000000 handler_uptime_ns=1819235284117 queue_present_return_uptime_ns=1819237539450 draw_accepted=true present_signal=unavailable attribution=input
10-08 15:41:04.630 24318 24318 I SpinonBootstrap: SPINON_R05_PRESENT_FLUSH renderer=wgpu queued=true generation=1
10-08 15:41:04.630 24318 24318 I SpinonBootstrap: SPINON_R08_TOUCH count=5
10-08 15:41:04.630 24318 24378 I SpinonBootstrap: SPINON_R05_PRESENT_FLUSH requested=true renderer=wgpu generation=1
10-08 15:41:04.630 24318 24378 I SpinonBootstrap: SPINON_R05_PRESENT_BATCH renderer=wgpu generation=1 batch_seq=5 record_count=1 callback_tid=55 queue_depth=0 rejected_callback_batches=0 rejected_flush_tasks=0 callback_uptime_ns=1819238388492 attribution=unmatched
10-08 15:41:04.630 24318 24378 I SpinonBootstrap: SPINON_R05_PRESENT renderer=wgpu signal=SurfaceView_JankData generation=1 current_generation=1 current_surface=true batch_seq=5 record_index=0 callback_tid=55 queue_depth=0 vsync_id=-1 present_time_ns=-1 present_state=unknown jank_type=0 actual_app_frame_ns=0 scheduled_app_frame_ns=0 callback_uptime_ns=1819238388492 frame_id=unmatched revision=unmatched attribution=unmatched
10-08 15:41:05.002 24318 24318 I SpinonBootstrap: SPINON_R05_INPUT renderer=wgpu input_seq=6 phase=ACTION_UP timestamp_precision=nanosecond_representation input_source=unknown handler_clock_resolution=nanosecond_api event_time_ns=1819608000000 handler_uptime_ns=1819609626492 generation=1
10-08 15:41:05.004 24318 24318 I SpinonBootstrap: SPINON_R05_SUBMIT renderer=wgpu input_seq=6 revision=6 generation=1 event_time_ns=1819608000000 handler_uptime_ns=1819609713700 queue_present_return_uptime_ns=1819611731742 draw_accepted=true present_signal=unavailable attribution=input
10-08 15:41:05.004 24318 24318 I SpinonBootstrap: SPINON_R05_PRESENT_FLUSH renderer=wgpu queued=true generation=1
10-08 15:41:05.004 24318 24318 I SpinonBootstrap: SPINON_R08_TOUCH count=6
10-08 15:41:05.004 24318 24378 I SpinonBootstrap: SPINON_R05_PRESENT_FLUSH requested=true renderer=wgpu generation=1
10-08 15:41:05.004 24318 24378 I SpinonBootstrap: SPINON_R05_PRESENT_BATCH renderer=wgpu generation=1 batch_seq=6 record_count=1 callback_tid=55 queue_depth=0 rejected_callback_batches=0 rejected_flush_tasks=0 callback_uptime_ns=1819612216242 attribution=unmatched
10-08 15:41:05.004 24318 24378 I SpinonBootstrap: SPINON_R05_PRESENT renderer=wgpu signal=SurfaceView_JankData generation=1 current_generation=1 current_surface=true batch_seq=6 record_index=0 callback_tid=55 queue_depth=0 vsync_id=-1 present_time_ns=-1 present_state=unknown jank_type=0 actual_app_frame_ns=0 scheduled_app_frame_ns=0 callback_uptime_ns=1819612216242 frame_id=unmatched revision=unmatched attribution=unmatched
10-08 15:41:05.383 24318 24318 I SpinonBootstrap: SPINON_R05_INPUT renderer=wgpu input_seq=7 phase=ACTION_UP timestamp_precision=nanosecond_representation input_source=unknown handler_clock_resolution=nanosecond_api event_time_ns=1819990000000 handler_uptime_ns=1819991082076 generation=1
10-08 15:41:05.385 24318 24318 I SpinonBootstrap: SPINON_R05_SUBMIT renderer=wgpu input_seq=7 revision=7 generation=1 event_time_ns=1819990000000 handler_uptime_ns=1819991190826 queue_present_return_uptime_ns=1819992909867 draw_accepted=true present_signal=unavailable attribution=input
10-08 15:41:05.385 24318 24318 I SpinonBootstrap: SPINON_R05_PRESENT_FLUSH renderer=wgpu queued=true generation=1
10-08 15:41:05.385 24318 24378 I SpinonBootstrap: SPINON_R05_PRESENT_FLUSH requested=true renderer=wgpu generation=1
10-08 15:41:05.386 24318 24318 I SpinonBootstrap: SPINON_R08_TOUCH count=7
10-08 15:41:05.386 24318 24378 I SpinonBootstrap: SPINON_R05_PRESENT_BATCH renderer=wgpu generation=1 batch_seq=7 record_count=1 callback_tid=55 queue_depth=0 rejected_callback_batches=0 rejected_flush_tasks=0 callback_uptime_ns=1819993692201 attribution=unmatched
10-08 15:41:05.386 24318 24378 I SpinonBootstrap: SPINON_R05_PRESENT renderer=wgpu signal=SurfaceView_JankData generation=1 current_generation=1 current_surface=true batch_seq=7 record_index=0 callback_tid=55 queue_depth=0 vsync_id=-1 present_time_ns=-1 present_state=unknown jank_type=0 actual_app_frame_ns=0 scheduled_app_frame_ns=0 callback_uptime_ns=1819993692201 frame_id=unmatched revision=unmatched attribution=unmatched
10-08 15:41:05.765 24318 24318 I SpinonBootstrap: SPINON_R05_INPUT renderer=wgpu input_seq=8 phase=ACTION_UP timestamp_precision=nanosecond_representation input_source=unknown handler_clock_resolution=nanosecond_api event_time_ns=1820372000000 handler_uptime_ns=1820372964367 generation=1
10-08 15:41:05.767 24318 24318 I SpinonBootstrap: SPINON_R05_SUBMIT renderer=wgpu input_seq=8 revision=8 generation=1 event_time_ns=1820372000000 handler_uptime_ns=1820373096076 queue_present_return_uptime_ns=1820375024367 draw_accepted=true present_signal=unavailable attribution=input
10-08 15:41:05.767 24318 24318 I SpinonBootstrap: SPINON_R05_PRESENT_FLUSH renderer=wgpu queued=true generation=1
10-08 15:41:05.767 24318 24378 I SpinonBootstrap: SPINON_R05_PRESENT_FLUSH requested=true renderer=wgpu generation=1
10-08 15:41:05.767 24318 24318 I SpinonBootstrap: SPINON_R08_TOUCH count=8
10-08 15:41:05.768 24318 24378 I SpinonBootstrap: SPINON_R05_PRESENT_BATCH renderer=wgpu generation=1 batch_seq=8 record_count=1 callback_tid=55 queue_depth=0 rejected_callback_batches=0 rejected_flush_tasks=0 callback_uptime_ns=1820375712701 attribution=unmatched
10-08 15:41:05.768 24318 24378 I SpinonBootstrap: SPINON_R05_PRESENT renderer=wgpu signal=SurfaceView_JankData generation=1 current_generation=1 current_surface=true batch_seq=8 record_index=0 callback_tid=55 queue_depth=0 vsync_id=-1 present_time_ns=-1 present_state=unknown jank_type=0 actual_app_frame_ns=0 scheduled_app_frame_ns=0 callback_uptime_ns=1820375712701 frame_id=unmatched revision=unmatched attribution=unmatched
10-08 15:41:06.145 24318 24318 I SpinonBootstrap: SPINON_R05_INPUT renderer=wgpu input_seq=9 phase=ACTION_UP timestamp_precision=nanosecond_representation input_source=unknown handler_clock_resolution=nanosecond_api event_time_ns=1820752000000 handler_uptime_ns=1820753169701 generation=1
10-08 15:41:06.147 24318 24318 I SpinonBootstrap: SPINON_R05_SUBMIT renderer=wgpu input_seq=9 revision=9 generation=1 event_time_ns=1820752000000 handler_uptime_ns=1820753224951 queue_present_return_uptime_ns=1820755237951 draw_accepted=true present_signal=unavailable attribution=input
10-08 15:41:06.147 24318 24318 I SpinonBootstrap: SPINON_R05_PRESENT_FLUSH renderer=wgpu queued=true generation=1
10-08 15:41:06.147 24318 24378 I SpinonBootstrap: SPINON_R05_PRESENT_FLUSH requested=true renderer=wgpu generation=1
10-08 15:41:06.148 24318 24318 I SpinonBootstrap: SPINON_R08_TOUCH count=9
10-08 15:41:06.148 24318 24378 I SpinonBootstrap: SPINON_R05_PRESENT_BATCH renderer=wgpu generation=1 batch_seq=9 record_count=1 callback_tid=55 queue_depth=0 rejected_callback_batches=0 rejected_flush_tasks=0 callback_uptime_ns=1820756104159 attribution=unmatched
10-08 15:41:06.148 24318 24378 I SpinonBootstrap: SPINON_R05_PRESENT renderer=wgpu signal=SurfaceView_JankData generation=1 current_generation=1 current_surface=true batch_seq=9 record_index=0 callback_tid=55 queue_depth=0 vsync_id=-1 present_time_ns=-1 present_state=unknown jank_type=0 actual_app_frame_ns=0 scheduled_app_frame_ns=0 callback_uptime_ns=1820756104159 frame_id=unmatched revision=unmatched attribution=unmatched
10-08 15:41:06.525 24318 24318 I SpinonBootstrap: SPINON_R05_INPUT renderer=wgpu input_seq=10 phase=ACTION_UP timestamp_precision=nanosecond_representation input_source=unknown handler_clock_resolution=nanosecond_api event_time_ns=1821131000000 handler_uptime_ns=1821132645368 generation=1
10-08 15:41:06.530 24318 24318 I SpinonBootstrap: SPINON_R05_SUBMIT renderer=wgpu input_seq=10 revision=10 generation=1 event_time_ns=1821131000000 handler_uptime_ns=1821132705909 queue_present_return_uptime_ns=1821138070076 draw_accepted=true present_signal=unavailable attribution=input
10-08 15:41:06.530 24318 24318 I SpinonBootstrap: SPINON_R05_PRESENT_FLUSH renderer=wgpu queued=true generation=1
10-08 15:41:06.531 24318 24318 I SpinonBootstrap: SPINON_R08_TOUCH count=10
10-08 15:41:06.531 24318 24378 I SpinonBootstrap: SPINON_R05_PRESENT_FLUSH requested=true renderer=wgpu generation=1
10-08 15:41:06.531 24318 24378 I SpinonBootstrap: SPINON_R05_PRESENT_BATCH renderer=wgpu generation=1 batch_seq=10 record_count=1 callback_tid=55 queue_depth=0 rejected_callback_batches=0 rejected_flush_tasks=0 callback_uptime_ns=1821139377201 attribution=unmatched
10-08 15:41:06.531 24318 24378 I SpinonBootstrap: SPINON_R05_PRESENT renderer=wgpu signal=SurfaceView_JankData generation=1 current_generation=1 current_surface=true batch_seq=10 record_index=0 callback_tid=55 queue_depth=0 vsync_id=-1 present_time_ns=-1 present_state=unknown jank_type=0 actual_app_frame_ns=0 scheduled_app_frame_ns=0 callback_uptime_ns=1821139377201 frame_id=unmatched revision=unmatched attribution=unmatched
10-08 15:41:06.910 24318 24318 I SpinonBootstrap: SPINON_R05_INPUT renderer=wgpu input_seq=11 phase=ACTION_UP timestamp_precision=nanosecond_representation input_source=unknown handler_clock_resolution=nanosecond_api event_time_ns=1821517000000 handler_uptime_ns=1821517894326 generation=1
10-08 15:41:06.915 24318 24318 I SpinonBootstrap: SPINON_R05_SUBMIT renderer=wgpu input_seq=11 revision=11 generation=1 event_time_ns=1821517000000 handler_uptime_ns=1821517978993 queue_present_return_uptime_ns=1821523185243 draw_accepted=true present_signal=unavailable attribution=input
10-08 15:41:06.915 24318 24318 I SpinonBootstrap: SPINON_R05_PRESENT_FLUSH renderer=wgpu queued=true generation=1
10-08 15:41:06.916 24318 24378 I SpinonBootstrap: SPINON_R05_PRESENT_FLUSH requested=true renderer=wgpu generation=1
10-08 15:41:06.916 24318 24318 I SpinonBootstrap: SPINON_R08_TOUCH count=11
10-08 15:41:06.916 24318 24378 I SpinonBootstrap: SPINON_R05_PRESENT_BATCH renderer=wgpu generation=1 batch_seq=11 record_count=1 callback_tid=55 queue_depth=0 rejected_callback_batches=0 rejected_flush_tasks=0 callback_uptime_ns=1821523935660 attribution=unmatched
10-08 15:41:06.916 24318 24378 I SpinonBootstrap: SPINON_R05_PRESENT renderer=wgpu signal=SurfaceView_JankData generation=1 current_generation=1 current_surface=true batch_seq=11 record_index=0 callback_tid=55 queue_depth=0 vsync_id=-1 present_time_ns=-1 present_state=unknown jank_type=0 actual_app_frame_ns=0 scheduled_app_frame_ns=0 callback_uptime_ns=1821523935660 frame_id=unmatched revision=unmatched attribution=unmatched
10-08 15:41:07.291 24318 24318 I SpinonBootstrap: SPINON_R05_INPUT renderer=wgpu input_seq=12 phase=ACTION_UP timestamp_precision=nanosecond_representation input_source=unknown handler_clock_resolution=nanosecond_api event_time_ns=1821897000000 handler_uptime_ns=1821898529868 generation=1
10-08 15:41:07.296 24318 24318 I SpinonBootstrap: SPINON_R05_SUBMIT renderer=wgpu input_seq=12 revision=12 generation=1 event_time_ns=1821897000000 handler_uptime_ns=1821898711118 queue_present_return_uptime_ns=1821903944535 draw_accepted=true present_signal=unavailable attribution=input
10-08 15:41:07.296 24318 24318 I SpinonBootstrap: SPINON_R05_PRESENT_FLUSH renderer=wgpu queued=true generation=1
10-08 15:41:07.296 24318 24378 I SpinonBootstrap: SPINON_R05_PRESENT_FLUSH requested=true renderer=wgpu generation=1
10-08 15:41:07.297 24318 24318 I SpinonBootstrap: SPINON_R08_TOUCH count=12
10-08 15:41:07.297 24318 24378 I SpinonBootstrap: SPINON_R05_PRESENT_BATCH renderer=wgpu generation=1 batch_seq=12 record_count=1 callback_tid=55 queue_depth=0 rejected_callback_batches=0 rejected_flush_tasks=0 callback_uptime_ns=1821904662160 attribution=unmatched
10-08 15:41:07.297 24318 24378 I SpinonBootstrap: SPINON_R05_PRESENT renderer=wgpu signal=SurfaceView_JankData generation=1 current_generation=1 current_surface=true batch_seq=12 record_index=0 callback_tid=55 queue_depth=0 vsync_id=-1 present_time_ns=-1 present_state=unknown jank_type=0 actual_app_frame_ns=0 scheduled_app_frame_ns=0 callback_uptime_ns=1821904662160 frame_id=unmatched revision=unmatched attribution=unmatched
10-08 15:41:07.672 24318 24318 I SpinonBootstrap: SPINON_R05_INPUT renderer=wgpu input_seq=13 phase=ACTION_UP timestamp_precision=nanosecond_representation input_source=unknown handler_clock_resolution=nanosecond_api event_time_ns=1822279000000 handler_uptime_ns=1822279892952 generation=1
10-08 15:41:07.675 24318 24318 I SpinonBootstrap: SPINON_R05_SUBMIT renderer=wgpu input_seq=13 revision=13 generation=1 event_time_ns=1822279000000 handler_uptime_ns=1822279968452 queue_present_return_uptime_ns=1822283028368 draw_accepted=true present_signal=unavailable attribution=input
10-08 15:41:07.675 24318 24318 I SpinonBootstrap: SPINON_R05_PRESENT_FLUSH renderer=wgpu queued=true generation=1
10-08 15:41:07.675 24318 24378 I SpinonBootstrap: SPINON_R05_PRESENT_FLUSH requested=true renderer=wgpu generation=1
10-08 15:41:07.675 24318 24378 I SpinonBootstrap: SPINON_R05_PRESENT_BATCH renderer=wgpu generation=1 batch_seq=13 record_count=1 callback_tid=55 queue_depth=0 rejected_callback_batches=0 rejected_flush_tasks=0 callback_uptime_ns=1822283415368 attribution=unmatched
10-08 15:41:07.675 24318 24378 I SpinonBootstrap: SPINON_R05_PRESENT renderer=wgpu signal=SurfaceView_JankData generation=1 current_generation=1 current_surface=true batch_seq=13 record_index=0 callback_tid=55 queue_depth=0 vsync_id=-1 present_time_ns=-1 present_state=unknown jank_type=0 actual_app_frame_ns=0 scheduled_app_frame_ns=0 callback_uptime_ns=1822283415368 frame_id=unmatched revision=unmatched attribution=unmatched
10-08 15:41:07.675 24318 24318 I SpinonBootstrap: SPINON_R08_TOUCH count=13
10-08 15:41:08.045 24318 24318 I SpinonBootstrap: SPINON_R05_INPUT renderer=wgpu input_seq=14 phase=ACTION_UP timestamp_precision=nanosecond_representation input_source=unknown handler_clock_resolution=nanosecond_api event_time_ns=1822652000000 handler_uptime_ns=1822653294785 generation=1
10-08 15:41:08.047 24318 24318 I SpinonBootstrap: SPINON_R05_SUBMIT renderer=wgpu input_seq=14 revision=14 generation=1 event_time_ns=1822652000000 handler_uptime_ns=1822653366077 queue_present_return_uptime_ns=1822655176452 draw_accepted=true present_signal=unavailable attribution=input
10-08 15:41:08.047 24318 24318 I SpinonBootstrap: SPINON_R05_PRESENT_FLUSH renderer=wgpu queued=true generation=1
10-08 15:41:08.048 24318 24378 I SpinonBootstrap: SPINON_R05_PRESENT_FLUSH requested=true renderer=wgpu generation=1
10-08 15:41:08.048 24318 24318 I SpinonBootstrap: SPINON_R08_TOUCH count=14
10-08 15:41:08.048 24318 24378 I SpinonBootstrap: SPINON_R05_PRESENT_BATCH renderer=wgpu generation=1 batch_seq=14 record_count=1 callback_tid=55 queue_depth=0 rejected_callback_batches=0 rejected_flush_tasks=0 callback_uptime_ns=1822655931619 attribution=unmatched
10-08 15:41:08.048 24318 24378 I SpinonBootstrap: SPINON_R05_PRESENT renderer=wgpu signal=SurfaceView_JankData generation=1 current_generation=1 current_surface=true batch_seq=14 record_index=0 callback_tid=55 queue_depth=0 vsync_id=-1 present_time_ns=-1 present_state=unknown jank_type=0 actual_app_frame_ns=0 scheduled_app_frame_ns=0 callback_uptime_ns=1822655931619 frame_id=unmatched revision=unmatched attribution=unmatched
10-08 15:41:08.422 24318 24318 I SpinonBootstrap: SPINON_R05_INPUT renderer=wgpu input_seq=15 phase=ACTION_UP timestamp_precision=nanosecond_representation input_source=unknown handler_clock_resolution=nanosecond_api event_time_ns=1823029000000 handler_uptime_ns=1823030316994 generation=1
10-08 15:41:08.424 24318 24318 I SpinonBootstrap: SPINON_R05_SUBMIT renderer=wgpu input_seq=15 revision=15 generation=1 event_time_ns=1823029000000 handler_uptime_ns=1823030431327 queue_present_return_uptime_ns=1823032417869 draw_accepted=true present_signal=unavailable attribution=input
10-08 15:41:08.425 24318 24318 I SpinonBootstrap: SPINON_R05_PRESENT_FLUSH renderer=wgpu queued=true generation=1
10-08 15:41:08.425 24318 24318 I SpinonBootstrap: SPINON_R08_TOUCH count=15
10-08 15:41:08.425 24318 24378 I SpinonBootstrap: SPINON_R05_PRESENT_FLUSH requested=true renderer=wgpu generation=1
10-08 15:41:08.425 24318 24378 I SpinonBootstrap: SPINON_R05_PRESENT_BATCH renderer=wgpu generation=1 batch_seq=15 record_count=1 callback_tid=55 queue_depth=0 rejected_callback_batches=0 rejected_flush_tasks=0 callback_uptime_ns=1823033083244 attribution=unmatched
10-08 15:41:08.425 24318 24378 I SpinonBootstrap: SPINON_R05_PRESENT renderer=wgpu signal=SurfaceView_JankData generation=1 current_generation=1 current_surface=true batch_seq=15 record_index=0 callback_tid=55 queue_depth=0 vsync_id=-1 present_time_ns=-1 present_state=unknown jank_type=0 actual_app_frame_ns=0 scheduled_app_frame_ns=0 callback_uptime_ns=1823033083244 frame_id=unmatched revision=unmatched attribution=unmatched
10-08 15:41:08.803 24318 24318 I SpinonBootstrap: SPINON_R05_INPUT renderer=wgpu input_seq=16 phase=ACTION_UP timestamp_precision=nanosecond_representation input_source=unknown handler_clock_resolution=nanosecond_api event_time_ns=1823409000000 handler_uptime_ns=1823410772286 generation=1
10-08 15:41:08.805 24318 24318 I SpinonBootstrap: SPINON_R05_SUBMIT renderer=wgpu input_seq=16 revision=16 generation=1 event_time_ns=1823409000000 handler_uptime_ns=1823410833702 queue_present_return_uptime_ns=1823412969952 draw_accepted=true present_signal=unavailable attribution=input
10-08 15:41:08.805 24318 24318 I SpinonBootstrap: SPINON_R05_PRESENT_FLUSH renderer=wgpu queued=true generation=1
10-08 15:41:08.805 24318 24378 I SpinonBootstrap: SPINON_R05_PRESENT_FLUSH requested=true renderer=wgpu generation=1
10-08 15:41:08.806 24318 24318 I SpinonBootstrap: SPINON_R08_TOUCH count=16
10-08 15:41:08.806 24318 24378 I SpinonBootstrap: SPINON_R05_PRESENT_BATCH renderer=wgpu generation=1 batch_seq=16 record_count=1 callback_tid=55 queue_depth=0 rejected_callback_batches=0 rejected_flush_tasks=0 callback_uptime_ns=1823413914161 attribution=unmatched
10-08 15:41:08.806 24318 24378 I SpinonBootstrap: SPINON_R05_PRESENT renderer=wgpu signal=SurfaceView_JankData generation=1 current_generation=1 current_surface=true batch_seq=16 record_index=0 callback_tid=55 queue_depth=0 vsync_id=-1 present_time_ns=-1 present_state=unknown jank_type=0 actual_app_frame_ns=0 scheduled_app_frame_ns=0 callback_uptime_ns=1823413914161 frame_id=unmatched revision=unmatched attribution=unmatched
10-08 15:41:09.184 24318 24318 I SpinonBootstrap: SPINON_R05_INPUT renderer=wgpu input_seq=17 phase=ACTION_UP timestamp_precision=nanosecond_representation input_source=unknown handler_clock_resolution=nanosecond_api event_time_ns=1823791000000 handler_uptime_ns=1823791778536 generation=1
10-08 15:41:09.186 24318 24318 I SpinonBootstrap: SPINON_R05_SUBMIT renderer=wgpu input_seq=17 revision=17 generation=1 event_time_ns=1823791000000 handler_uptime_ns=1823791881411 queue_present_return_uptime_ns=1823794392411 draw_accepted=true present_signal=unavailable attribution=input
10-08 15:41:09.186 24318 24318 I SpinonBootstrap: SPINON_R05_PRESENT_FLUSH renderer=wgpu queued=true generation=1
10-08 15:41:09.187 24318 24378 I SpinonBootstrap: SPINON_R05_PRESENT_FLUSH requested=true renderer=wgpu generation=1
10-08 15:41:09.187 24318 24378 I SpinonBootstrap: SPINON_R05_PRESENT_BATCH renderer=wgpu generation=1 batch_seq=17 record_count=1 callback_tid=55 queue_depth=0 rejected_callback_batches=0 rejected_flush_tasks=0 callback_uptime_ns=1823794965369 attribution=unmatched
10-08 15:41:09.187 24318 24318 I SpinonBootstrap: SPINON_R08_TOUCH count=17
10-08 15:41:09.187 24318 24378 I SpinonBootstrap: SPINON_R05_PRESENT renderer=wgpu signal=SurfaceView_JankData generation=1 current_generation=1 current_surface=true batch_seq=17 record_index=0 callback_tid=55 queue_depth=0 vsync_id=-1 present_time_ns=-1 present_state=unknown jank_type=0 actual_app_frame_ns=0 scheduled_app_frame_ns=0 callback_uptime_ns=1823794965369 frame_id=unmatched revision=unmatched attribution=unmatched
10-08 15:41:09.562 24318 24318 I SpinonBootstrap: SPINON_R05_INPUT renderer=wgpu input_seq=18 phase=ACTION_UP timestamp_precision=nanosecond_representation input_source=unknown handler_clock_resolution=nanosecond_api event_time_ns=1824169000000 handler_uptime_ns=1824170347453 generation=1
10-08 15:41:09.565 24318 24318 I SpinonBootstrap: SPINON_R05_SUBMIT renderer=wgpu input_seq=18 revision=18 generation=1 event_time_ns=1824169000000 handler_uptime_ns=1824170446703 queue_present_return_uptime_ns=1824172541911 draw_accepted=true present_signal=unavailable attribution=input
10-08 15:41:09.565 24318 24318 I SpinonBootstrap: SPINON_R05_PRESENT_FLUSH renderer=wgpu queued=true generation=1
10-08 15:41:09.565 24318 24378 I SpinonBootstrap: SPINON_R05_PRESENT_FLUSH requested=true renderer=wgpu generation=1
10-08 15:41:09.565 24318 24318 I SpinonBootstrap: SPINON_R08_TOUCH count=18
10-08 15:41:09.565 24318 24378 I SpinonBootstrap: SPINON_R05_PRESENT_BATCH renderer=wgpu generation=1 batch_seq=18 record_count=1 callback_tid=55 queue_depth=0 rejected_callback_batches=0 rejected_flush_tasks=0 callback_uptime_ns=1824173163661 attribution=unmatched
10-08 15:41:09.565 24318 24378 I SpinonBootstrap: SPINON_R05_PRESENT renderer=wgpu signal=SurfaceView_JankData generation=1 current_generation=1 current_surface=true batch_seq=18 record_index=0 callback_tid=55 queue_depth=0 vsync_id=-1 present_time_ns=-1 present_state=unknown jank_type=0 actual_app_frame_ns=0 scheduled_app_frame_ns=0 callback_uptime_ns=1824173163661 frame_id=unmatched revision=unmatched attribution=unmatched
10-08 15:41:09.955 24318 24318 I SpinonBootstrap: SPINON_R05_INPUT renderer=wgpu input_seq=19 phase=ACTION_UP timestamp_precision=nanosecond_representation input_source=unknown handler_clock_resolution=nanosecond_api event_time_ns=1824562000000 handler_uptime_ns=1824563457119 generation=1
10-08 15:41:09.958 24318 24318 I SpinonBootstrap: SPINON_R05_SUBMIT renderer=wgpu input_seq=19 revision=19 generation=1 event_time_ns=1824562000000 handler_uptime_ns=1824563569661 queue_present_return_uptime_ns=1824565694453 draw_accepted=true present_signal=unavailable attribution=input
10-08 15:41:09.958 24318 24318 I SpinonBootstrap: SPINON_R05_PRESENT_FLUSH renderer=wgpu queued=true generation=1
10-08 15:41:09.958 24318 24378 I SpinonBootstrap: SPINON_R05_PRESENT_FLUSH requested=true renderer=wgpu generation=1
10-08 15:41:09.958 24318 24318 I SpinonBootstrap: SPINON_R08_TOUCH count=19
10-08 15:41:09.958 24318 24378 I SpinonBootstrap: SPINON_R05_PRESENT_BATCH renderer=wgpu generation=1 batch_seq=19 record_count=1 callback_tid=55 queue_depth=0 rejected_callback_batches=0 rejected_flush_tasks=0 callback_uptime_ns=1824566438036 attribution=unmatched
10-08 15:41:09.958 24318 24378 I SpinonBootstrap: SPINON_R05_PRESENT renderer=wgpu signal=SurfaceView_JankData generation=1 current_generation=1 current_surface=true batch_seq=19 record_index=0 callback_tid=55 queue_depth=0 vsync_id=-1 present_time_ns=-1 present_state=unknown jank_type=0 actual_app_frame_ns=0 scheduled_app_frame_ns=0 callback_uptime_ns=1824566438036 frame_id=unmatched revision=unmatched attribution=unmatched
10-08 15:41:10.334 24318 24318 I SpinonBootstrap: SPINON_R05_INPUT renderer=wgpu input_seq=20 phase=ACTION_UP timestamp_precision=nanosecond_representation input_source=unknown handler_clock_resolution=nanosecond_api event_time_ns=1824941000000 handler_uptime_ns=1824941879245 generation=1
10-08 15:41:10.336 24318 24318 I SpinonBootstrap: SPINON_R05_SUBMIT renderer=wgpu input_seq=20 revision=20 generation=1 event_time_ns=1824941000000 handler_uptime_ns=1824941944870 queue_present_return_uptime_ns=1824944046786 draw_accepted=true present_signal=unavailable attribution=input
10-08 15:41:10.336 24318 24318 I SpinonBootstrap: SPINON_R05_PRESENT_FLUSH renderer=wgpu queued=true generation=1
10-08 15:41:10.336 24318 24378 I SpinonBootstrap: SPINON_R05_PRESENT_FLUSH requested=true renderer=wgpu generation=1
10-08 15:41:10.336 24318 24318 I SpinonBootstrap: SPINON_R08_TOUCH count=20
10-08 15:41:10.337 24318 24378 I SpinonBootstrap: SPINON_R05_PRESENT_BATCH renderer=wgpu generation=1 batch_seq=20 record_count=1 callback_tid=55 queue_depth=0 rejected_callback_batches=0 rejected_flush_tasks=0 callback_uptime_ns=1824944721036 attribution=unmatched
10-08 15:41:10.337 24318 24378 I SpinonBootstrap: SPINON_R05_PRESENT renderer=wgpu signal=SurfaceView_JankData generation=1 current_generation=1 current_surface=true batch_seq=20 record_index=0 callback_tid=55 queue_depth=0 vsync_id=-1 present_time_ns=-1 present_state=unknown jank_type=0 actual_app_frame_ns=0 scheduled_app_frame_ns=0 callback_uptime_ns=1824944721036 frame_id=unmatched revision=unmatched attribution=unmatched
10-08 15:41:10.706 24318 24318 I SpinonBootstrap: SPINON_R05_INPUT renderer=wgpu input_seq=21 phase=ACTION_UP timestamp_precision=nanosecond_representation input_source=unknown handler_clock_resolution=nanosecond_api event_time_ns=1825312000000 handler_uptime_ns=1825313489411 generation=1
10-08 15:41:10.708 24318 24318 I SpinonBootstrap: SPINON_R05_SUBMIT renderer=wgpu input_seq=21 revision=21 generation=1 event_time_ns=1825312000000 handler_uptime_ns=1825313556661 queue_present_return_uptime_ns=1825315708078 draw_accepted=true present_signal=unavailable attribution=input
10-08 15:41:10.708 24318 24318 I SpinonBootstrap: SPINON_R05_PRESENT_FLUSH renderer=wgpu queued=true generation=1
10-08 15:41:10.708 24318 24378 I SpinonBootstrap: SPINON_R05_PRESENT_FLUSH requested=true renderer=wgpu generation=1
10-08 15:41:10.708 24318 24318 I SpinonBootstrap: SPINON_R08_TOUCH count=21
10-08 15:41:10.708 24318 24378 I SpinonBootstrap: SPINON_R05_PRESENT_BATCH renderer=wgpu generation=1 batch_seq=21 record_count=1 callback_tid=55 queue_depth=0 rejected_callback_batches=0 rejected_flush_tasks=0 callback_uptime_ns=1825316280995 attribution=unmatched
10-08 15:41:10.708 24318 24378 I SpinonBootstrap: SPINON_R05_PRESENT renderer=wgpu signal=SurfaceView_JankData generation=1 current_generation=1 current_surface=true batch_seq=21 record_index=0 callback_tid=55 queue_depth=0 vsync_id=-1 present_time_ns=-1 present_state=unknown jank_type=0 actual_app_frame_ns=0 scheduled_app_frame_ns=0 callback_uptime_ns=1825316280995 frame_id=unmatched revision=unmatched attribution=unmatched
10-08 15:41:11.087 24318 24318 I SpinonBootstrap: SPINON_R05_INPUT renderer=wgpu input_seq=22 phase=ACTION_UP timestamp_precision=nanosecond_representation input_source=unknown handler_clock_resolution=nanosecond_api event_time_ns=1825694000000 handler_uptime_ns=1825694978537 generation=1
10-08 15:41:11.089 24318 24318 I SpinonBootstrap: SPINON_R05_SUBMIT renderer=wgpu input_seq=22 revision=22 generation=1 event_time_ns=1825694000000 handler_uptime_ns=1825695081537 queue_present_return_uptime_ns=1825696837620 draw_accepted=true present_signal=unavailable attribution=input
10-08 15:41:11.089 24318 24318 I SpinonBootstrap: SPINON_R05_PRESENT_FLUSH renderer=wgpu queued=true generation=1
10-08 15:41:11.089 24318 24378 I SpinonBootstrap: SPINON_R05_PRESENT_FLUSH requested=true renderer=wgpu generation=1
10-08 15:41:11.089 24318 24318 I SpinonBootstrap: SPINON_R08_TOUCH count=22
10-08 15:41:11.090 24318 24378 I SpinonBootstrap: SPINON_R05_PRESENT_BATCH renderer=wgpu generation=1 batch_seq=22 record_count=1 callback_tid=55 queue_depth=0 rejected_callback_batches=0 rejected_flush_tasks=0 callback_uptime_ns=1825697483995 attribution=unmatched
10-08 15:41:11.090 24318 24378 I SpinonBootstrap: SPINON_R05_PRESENT renderer=wgpu signal=SurfaceView_JankData generation=1 current_generation=1 current_surface=true batch_seq=22 record_index=0 callback_tid=55 queue_depth=0 vsync_id=-1 present_time_ns=-1 present_state=unknown jank_type=0 actual_app_frame_ns=0 scheduled_app_frame_ns=0 callback_uptime_ns=1825697483995 frame_id=unmatched revision=unmatched attribution=unmatched
10-08 15:41:11.467 24318 24318 I SpinonBootstrap: SPINON_R05_INPUT renderer=wgpu input_seq=23 phase=ACTION_UP timestamp_precision=nanosecond_representation input_source=unknown handler_clock_resolution=nanosecond_api event_time_ns=1826073000000 handler_uptime_ns=1826074621787 generation=1
10-08 15:41:11.469 24318 24318 I SpinonBootstrap: SPINON_R05_SUBMIT renderer=wgpu input_seq=23 revision=23 generation=1 event_time_ns=1826073000000 handler_uptime_ns=1826074719495 queue_present_return_uptime_ns=1826076490120 draw_accepted=true present_signal=unavailable attribution=input
10-08 15:41:11.469 24318 24318 I SpinonBootstrap: SPINON_R05_PRESENT_FLUSH renderer=wgpu queued=true generation=1
10-08 15:41:11.469 24318 24378 I SpinonBootstrap: SPINON_R05_PRESENT_FLUSH requested=true renderer=wgpu generation=1
10-08 15:41:11.469 24318 24318 I SpinonBootstrap: SPINON_R08_TOUCH count=23
10-08 15:41:11.469 24318 24378 I SpinonBootstrap: SPINON_R05_PRESENT_BATCH renderer=wgpu generation=1 batch_seq=23 record_count=1 callback_tid=55 queue_depth=0 rejected_callback_batches=0 rejected_flush_tasks=0 callback_uptime_ns=1826077146954 attribution=unmatched
10-08 15:41:11.469 24318 24378 I SpinonBootstrap: SPINON_R05_PRESENT renderer=wgpu signal=SurfaceView_JankData generation=1 current_generation=1 current_surface=true batch_seq=23 record_index=0 callback_tid=55 queue_depth=0 vsync_id=-1 present_time_ns=-1 present_state=unknown jank_type=0 actual_app_frame_ns=0 scheduled_app_frame_ns=0 callback_uptime_ns=1826077146954 frame_id=unmatched revision=unmatched attribution=unmatched
10-08 15:41:11.843 24318 24318 I SpinonBootstrap: SPINON_R05_INPUT renderer=wgpu input_seq=24 phase=ACTION_UP timestamp_precision=nanosecond_representation input_source=unknown handler_clock_resolution=nanosecond_api event_time_ns=1826450000000 handler_uptime_ns=1826451166954 generation=1
10-08 15:41:11.845 24318 24318 I SpinonBootstrap: SPINON_R05_SUBMIT renderer=wgpu input_seq=24 revision=24 generation=1 event_time_ns=1826450000000 handler_uptime_ns=1826451243662 queue_present_return_uptime_ns=1826453254579 draw_accepted=true present_signal=unavailable attribution=input
10-08 15:41:11.845 24318 24318 I SpinonBootstrap: SPINON_R05_PRESENT_FLUSH renderer=wgpu queued=true generation=1
10-08 15:41:11.845 24318 24378 I SpinonBootstrap: SPINON_R05_PRESENT_FLUSH requested=true renderer=wgpu generation=1
10-08 15:41:11.846 24318 24318 I SpinonBootstrap: SPINON_R08_TOUCH count=24
10-08 15:41:11.846 24318 24378 I SpinonBootstrap: SPINON_R05_PRESENT_BATCH renderer=wgpu generation=1 batch_seq=24 record_count=1 callback_tid=55 queue_depth=0 rejected_callback_batches=0 rejected_flush_tasks=0 callback_uptime_ns=1826453720204 attribution=unmatched
10-08 15:41:11.846 24318 24378 I SpinonBootstrap: SPINON_R05_PRESENT renderer=wgpu signal=SurfaceView_JankData generation=1 current_generation=1 current_surface=true batch_seq=24 record_index=0 callback_tid=55 queue_depth=0 vsync_id=-1 present_time_ns=-1 present_state=unknown jank_type=0 actual_app_frame_ns=0 scheduled_app_frame_ns=0 callback_uptime_ns=1826453720204 frame_id=unmatched revision=unmatched attribution=unmatched
10-08 15:41:12.220 24318 24318 I SpinonBootstrap: SPINON_R05_INPUT renderer=wgpu input_seq=25 phase=ACTION_UP timestamp_precision=nanosecond_representation input_source=unknown handler_clock_resolution=nanosecond_api event_time_ns=1826826000000 handler_uptime_ns=1826827486121 generation=1
10-08 15:41:12.222 24318 24318 I SpinonBootstrap: SPINON_R05_SUBMIT renderer=wgpu input_seq=25 revision=25 generation=1 event_time_ns=1826826000000 handler_uptime_ns=1826827628246 queue_present_return_uptime_ns=1826829706496 draw_accepted=true present_signal=unavailable attribution=input
10-08 15:41:12.222 24318 24318 I SpinonBootstrap: SPINON_R05_PRESENT_FLUSH renderer=wgpu queued=true generation=1
10-08 15:41:12.222 24318 24378 I SpinonBootstrap: SPINON_R05_PRESENT_FLUSH requested=true renderer=wgpu generation=1
10-08 15:41:12.222 24318 24378 I SpinonBootstrap: SPINON_R05_PRESENT_BATCH renderer=wgpu generation=1 batch_seq=25 record_count=1 callback_tid=55 queue_depth=0 rejected_callback_batches=0 rejected_flush_tasks=0 callback_uptime_ns=1826830116079 attribution=unmatched
10-08 15:41:12.222 24318 24318 I SpinonBootstrap: SPINON_R08_TOUCH count=25
10-08 15:41:12.222 24318 24378 I SpinonBootstrap: SPINON_R05_PRESENT renderer=wgpu signal=SurfaceView_JankData generation=1 current_generation=1 current_surface=true batch_seq=25 record_index=0 callback_tid=55 queue_depth=0 vsync_id=-1 present_time_ns=-1 present_state=unknown jank_type=0 actual_app_frame_ns=0 scheduled_app_frame_ns=0 callback_uptime_ns=1826830116079 frame_id=unmatched revision=unmatched attribution=unmatched
10-08 15:41:12.594 24318 24318 I SpinonBootstrap: SPINON_R05_INPUT renderer=wgpu input_seq=26 phase=ACTION_UP timestamp_precision=nanosecond_representation input_source=unknown handler_clock_resolution=nanosecond_api event_time_ns=1827201000000 handler_uptime_ns=1827202317454 generation=1
10-08 15:41:12.596 24318 24318 I SpinonBootstrap: SPINON_R05_SUBMIT renderer=wgpu input_seq=26 revision=26 generation=1 event_time_ns=1827201000000 handler_uptime_ns=1827202394871 queue_present_return_uptime_ns=1827204422454 draw_accepted=true present_signal=unavailable attribution=input
10-08 15:41:12.597 24318 24318 I SpinonBootstrap: SPINON_R05_PRESENT_FLUSH renderer=wgpu queued=true generation=1
10-08 15:41:12.597 24318 24378 I SpinonBootstrap: SPINON_R05_PRESENT_FLUSH requested=true renderer=wgpu generation=1
10-08 15:41:12.597 24318 24318 I SpinonBootstrap: SPINON_R08_TOUCH count=26
10-08 15:41:12.597 24318 24378 I SpinonBootstrap: SPINON_R05_PRESENT_BATCH renderer=wgpu generation=1 batch_seq=26 record_count=1 callback_tid=55 queue_depth=0 rejected_callback_batches=0 rejected_flush_tasks=0 callback_uptime_ns=1827204934079 attribution=unmatched
10-08 15:41:12.597 24318 24378 I SpinonBootstrap: SPINON_R05_PRESENT renderer=wgpu signal=SurfaceView_JankData generation=1 current_generation=1 current_surface=true batch_seq=26 record_index=0 callback_tid=55 queue_depth=0 vsync_id=-1 present_time_ns=-1 present_state=unknown jank_type=0 actual_app_frame_ns=0 scheduled_app_frame_ns=0 callback_uptime_ns=1827204934079 frame_id=unmatched revision=unmatched attribution=unmatched
10-08 15:41:12.975 24318 24318 I SpinonBootstrap: SPINON_R05_INPUT renderer=wgpu input_seq=27 phase=ACTION_UP timestamp_precision=nanosecond_representation input_source=unknown handler_clock_resolution=nanosecond_api event_time_ns=1827582000000 handler_uptime_ns=1827583128829 generation=1
10-08 15:41:12.977 24318 24318 I SpinonBootstrap: SPINON_R05_SUBMIT renderer=wgpu input_seq=27 revision=27 generation=1 event_time_ns=1827582000000 handler_uptime_ns=1827583238829 queue_present_return_uptime_ns=1827585263288 draw_accepted=true present_signal=unavailable attribution=input
10-08 15:41:12.977 24318 24318 I SpinonBootstrap: SPINON_R05_PRESENT_FLUSH renderer=wgpu queued=true generation=1
10-08 15:41:12.977 24318 24378 I SpinonBootstrap: SPINON_R05_PRESENT_FLUSH requested=true renderer=wgpu generation=1
10-08 15:41:12.978 24318 24318 I SpinonBootstrap: SPINON_R08_TOUCH count=27
10-08 15:41:12.978 24318 24378 I SpinonBootstrap: SPINON_R05_PRESENT_BATCH renderer=wgpu generation=1 batch_seq=27 record_count=1 callback_tid=55 queue_depth=0 rejected_callback_batches=0 rejected_flush_tasks=0 callback_uptime_ns=1827586109579 attribution=unmatched
10-08 15:41:12.978 24318 24378 I SpinonBootstrap: SPINON_R05_PRESENT renderer=wgpu signal=SurfaceView_JankData generation=1 current_generation=1 current_surface=true batch_seq=27 record_index=0 callback_tid=55 queue_depth=0 vsync_id=-1 present_time_ns=-1 present_state=unknown jank_type=0 actual_app_frame_ns=0 scheduled_app_frame_ns=0 callback_uptime_ns=1827586109579 frame_id=unmatched revision=unmatched attribution=unmatched
10-08 15:41:13.351 24318 24318 I SpinonBootstrap: SPINON_R05_INPUT renderer=wgpu input_seq=28 phase=ACTION_UP timestamp_precision=nanosecond_representation input_source=unknown handler_clock_resolution=nanosecond_api event_time_ns=1827957000000 handler_uptime_ns=1827958775204 generation=1
10-08 15:41:13.353 24318 24318 I SpinonBootstrap: SPINON_R05_SUBMIT renderer=wgpu input_seq=28 revision=28 generation=1 event_time_ns=1827957000000 handler_uptime_ns=1827958857579 queue_present_return_uptime_ns=1827960830579 draw_accepted=true present_signal=unavailable attribution=input
10-08 15:41:13.353 24318 24318 I SpinonBootstrap: SPINON_R05_PRESENT_FLUSH renderer=wgpu queued=true generation=1
10-08 15:41:13.353 24318 24318 I SpinonBootstrap: SPINON_R08_TOUCH count=28
10-08 15:41:13.353 24318 24378 I SpinonBootstrap: SPINON_R05_PRESENT_FLUSH requested=true renderer=wgpu generation=1
10-08 15:41:13.353 24318 24378 I SpinonBootstrap: SPINON_R05_PRESENT_BATCH renderer=wgpu generation=1 batch_seq=28 record_count=1 callback_tid=55 queue_depth=0 rejected_callback_batches=0 rejected_flush_tasks=0 callback_uptime_ns=1827961387038 attribution=unmatched
10-08 15:41:13.353 24318 24378 I SpinonBootstrap: SPINON_R05_PRESENT renderer=wgpu signal=SurfaceView_JankData generation=1 current_generation=1 current_surface=true batch_seq=28 record_index=0 callback_tid=55 queue_depth=0 vsync_id=-1 present_time_ns=-1 present_state=unknown jank_type=0 actual_app_frame_ns=0 scheduled_app_frame_ns=0 callback_uptime_ns=1827961387038 frame_id=unmatched revision=unmatched attribution=unmatched
10-08 15:41:13.732 24318 24318 I SpinonBootstrap: SPINON_R05_INPUT renderer=wgpu input_seq=29 phase=ACTION_UP timestamp_precision=nanosecond_representation input_source=unknown handler_clock_resolution=nanosecond_api event_time_ns=1828339000000 handler_uptime_ns=1828340181663 generation=1
10-08 15:41:13.734 24318 24318 I SpinonBootstrap: SPINON_R05_SUBMIT renderer=wgpu input_seq=29 revision=29 generation=1 event_time_ns=1828339000000 handler_uptime_ns=1828340249871 queue_present_return_uptime_ns=1828342422830 draw_accepted=true present_signal=unavailable attribution=input
10-08 15:41:13.734 24318 24318 I SpinonBootstrap: SPINON_R05_PRESENT_FLUSH renderer=wgpu queued=true generation=1
10-08 15:41:13.735 24318 24318 I SpinonBootstrap: SPINON_R08_TOUCH count=29
10-08 15:41:13.735 24318 24378 I SpinonBootstrap: SPINON_R05_PRESENT_FLUSH requested=true renderer=wgpu generation=1
10-08 15:41:13.735 24318 24378 I SpinonBootstrap: SPINON_R05_PRESENT_BATCH renderer=wgpu generation=1 batch_seq=29 record_count=1 callback_tid=55 queue_depth=0 rejected_callback_batches=0 rejected_flush_tasks=0 callback_uptime_ns=1828342997038 attribution=unmatched
10-08 15:41:13.735 24318 24378 I SpinonBootstrap: SPINON_R05_PRESENT renderer=wgpu signal=SurfaceView_JankData generation=1 current_generation=1 current_surface=true batch_seq=29 record_index=0 callback_tid=55 queue_depth=0 vsync_id=-1 present_time_ns=-1 present_state=unknown jank_type=0 actual_app_frame_ns=0 scheduled_app_frame_ns=0 callback_uptime_ns=1828342997038 frame_id=unmatched revision=unmatched attribution=unmatched
10-08 15:41:14.111 24318 24318 I SpinonBootstrap: SPINON_R05_INPUT renderer=wgpu input_seq=30 phase=ACTION_UP timestamp_precision=nanosecond_representation input_source=unknown handler_clock_resolution=nanosecond_api event_time_ns=1828718000000 handler_uptime_ns=1828718971871 generation=1
10-08 15:41:14.113 24318 24318 I SpinonBootstrap: SPINON_R05_SUBMIT renderer=wgpu input_seq=30 revision=30 generation=1 event_time_ns=1828718000000 handler_uptime_ns=1828719039871 queue_present_return_uptime_ns=1828721080621 draw_accepted=true present_signal=unavailable attribution=input
10-08 15:41:14.113 24318 24318 I SpinonBootstrap: SPINON_R05_PRESENT_FLUSH renderer=wgpu queued=true generation=1
10-08 15:41:14.113 24318 24378 I SpinonBootstrap: SPINON_R05_PRESENT_FLUSH requested=true renderer=wgpu generation=1
10-08 15:41:14.114 24318 24318 I SpinonBootstrap: SPINON_R08_TOUCH count=30
10-08 15:41:14.114 24318 24378 I SpinonBootstrap: SPINON_R05_PRESENT_BATCH renderer=wgpu generation=1 batch_seq=30 record_count=1 callback_tid=55 queue_depth=0 rejected_callback_batches=0 rejected_flush_tasks=0 callback_uptime_ns=1828721805871 attribution=unmatched
10-08 15:41:14.114 24318 24378 I SpinonBootstrap: SPINON_R05_PRESENT renderer=wgpu signal=SurfaceView_JankData generation=1 current_generation=1 current_surface=true batch_seq=30 record_index=0 callback_tid=55 queue_depth=0 vsync_id=-1 present_time_ns=-1 present_state=unknown jank_type=0 actual_app_frame_ns=0 scheduled_app_frame_ns=0 callback_uptime_ns=1828721805871 frame_id=unmatched revision=unmatched attribution=unmatched
