--------- beginning of main
10-08 15:40:45.736 23972 23972 I SpinonBootstrap: SPINON_R08_UI=ready text-input=EditText accessibility=button+EditText
10-08 15:40:45.803 23972 23972 I SpinonBootstrap: SPINON_R05_SURFACE renderer=wgpu type=SurfaceView generation=1
10-08 15:40:45.804 23972 23972 I SpinonBootstrap: SPINON_R05_SIGNAL_CAPABILITY renderer=wgpu signal=SurfaceView_JankData available=true reason=registered api=37 api_full=3700002
10-08 15:40:45.915 23972 23972 I SpinonBootstrap: SPINON_R08_WGPU=ready backend=Vulkan device=VirtualGpu name=Goldfish GFXStream (llvmpipe (LLVM 21.1.4, 128 bits)) google_display_timing_supported=false format=Rgba8Unorm color_space=Auto supported_formats=[Rgba8UnormSrgb, Rgba8Unorm, Rgba16Float, Rgb10a2Unorm]
10-08 15:40:45.915 23972 23972 I SpinonBootstrap: SPINON_R08_WGPU_SURFACE=size 1080x1920
10-08 15:40:47.574 23972 23972 I SpinonBootstrap: SPINON_R05_INPUT renderer=wgpu input_seq=1 phase=ACTION_UP timestamp_precision=nanosecond_representation input_source=unknown handler_clock_resolution=nanosecond_api event_time_ns=1802180000000 handler_uptime_ns=1802181660067 generation=1
10-08 15:40:47.584 23972 23972 I SpinonBootstrap: SPINON_R05_SUBMIT renderer=wgpu input_seq=1 revision=1 generation=1 event_time_ns=1802180000000 handler_uptime_ns=1802182505400 queue_present_return_uptime_ns=1802191928692 draw_accepted=true present_signal=unavailable attribution=input
10-08 15:40:47.585 23972 23972 I SpinonBootstrap: SPINON_R05_PRESENT_FLUSH renderer=wgpu queued=true generation=1
10-08 15:40:47.585 23972 24029 I SpinonBootstrap: SPINON_R05_PRESENT_FLUSH requested=true renderer=wgpu generation=1
10-08 15:40:47.585 23972 24029 I SpinonBootstrap: SPINON_R05_PRESENT_BATCH renderer=wgpu generation=1 batch_seq=1 record_count=2 callback_tid=55 queue_depth=0 rejected_callback_batches=0 rejected_flush_tasks=0 callback_uptime_ns=1802192938775 attribution=unmatched
10-08 15:40:47.585 23972 23972 I SpinonBootstrap: SPINON_R08_TOUCH count=1
10-08 15:40:47.585 23972 24029 I SpinonBootstrap: SPINON_R05_PRESENT renderer=wgpu signal=SurfaceView_JankData generation=1 current_generation=1 current_surface=true batch_seq=1 record_index=0 callback_tid=55 queue_depth=0 vsync_id=-1 present_time_ns=-1 present_state=unknown jank_type=0 actual_app_frame_ns=0 scheduled_app_frame_ns=0 callback_uptime_ns=1802192938775 frame_id=unmatched revision=unmatched attribution=unmatched
10-08 15:40:47.585 23972 24029 I SpinonBootstrap: SPINON_R05_PRESENT renderer=wgpu signal=SurfaceView_JankData generation=1 current_generation=1 current_surface=true batch_seq=1 record_index=1 callback_tid=55 queue_depth=0 vsync_id=42950 present_time_ns=-1 present_state=unknown jank_type=3 actual_app_frame_ns=225175591 scheduled_app_frame_ns=16666666 callback_uptime_ns=1802192938775 frame_id=unmatched revision=unmatched attribution=unmatched
10-08 15:40:47.961 23972 23972 I SpinonBootstrap: SPINON_R05_INPUT renderer=wgpu input_seq=2 phase=ACTION_UP timestamp_precision=nanosecond_representation input_source=unknown handler_clock_resolution=nanosecond_api event_time_ns=1802568000000 handler_uptime_ns=1802569208609 generation=1
10-08 15:40:47.971 23972 23972 I SpinonBootstrap: SPINON_R05_SUBMIT renderer=wgpu input_seq=2 revision=2 generation=1 event_time_ns=1802568000000 handler_uptime_ns=1802569326276 queue_present_return_uptime_ns=1802579248067 draw_accepted=true present_signal=unavailable attribution=input
10-08 15:40:47.972 23972 23972 I SpinonBootstrap: SPINON_R05_PRESENT_FLUSH renderer=wgpu queued=true generation=1
10-08 15:40:47.972 23972 24029 I SpinonBootstrap: SPINON_R05_PRESENT_FLUSH requested=true renderer=wgpu generation=1
10-08 15:40:47.972 23972 23972 I SpinonBootstrap: SPINON_R08_TOUCH count=2
10-08 15:40:47.972 23972 24029 I SpinonBootstrap: SPINON_R05_PRESENT_BATCH renderer=wgpu generation=1 batch_seq=2 record_count=1 callback_tid=55 queue_depth=0 rejected_callback_batches=0 rejected_flush_tasks=0 callback_uptime_ns=1802579930109 attribution=unmatched
10-08 15:40:47.972 23972 24029 I SpinonBootstrap: SPINON_R05_PRESENT renderer=wgpu signal=SurfaceView_JankData generation=1 current_generation=1 current_surface=true batch_seq=2 record_index=0 callback_tid=55 queue_depth=0 vsync_id=-1 present_time_ns=-1 present_state=unknown jank_type=0 actual_app_frame_ns=0 scheduled_app_frame_ns=0 callback_uptime_ns=1802579930109 frame_id=unmatched revision=unmatched attribution=unmatched
10-08 15:40:48.350 23972 23972 I SpinonBootstrap: SPINON_R05_INPUT renderer=wgpu input_seq=3 phase=ACTION_UP timestamp_precision=nanosecond_representation input_source=unknown handler_clock_resolution=nanosecond_api event_time_ns=1802956000000 handler_uptime_ns=1802957653651 generation=1
10-08 15:40:48.352 23972 23972 I SpinonBootstrap: SPINON_R05_SUBMIT renderer=wgpu input_seq=3 revision=3 generation=1 event_time_ns=1802956000000 handler_uptime_ns=1802957750942 queue_present_return_uptime_ns=1802959660359 draw_accepted=true present_signal=unavailable attribution=input
10-08 15:40:48.352 23972 23972 I SpinonBootstrap: SPINON_R05_PRESENT_FLUSH renderer=wgpu queued=true generation=1
10-08 15:40:48.352 23972 24029 I SpinonBootstrap: SPINON_R05_PRESENT_FLUSH requested=true renderer=wgpu generation=1
10-08 15:40:48.352 23972 23972 I SpinonBootstrap: SPINON_R08_TOUCH count=3
10-08 15:40:48.352 23972 24029 I SpinonBootstrap: SPINON_R05_PRESENT_BATCH renderer=wgpu generation=1 batch_seq=3 record_count=1 callback_tid=55 queue_depth=0 rejected_callback_batches=0 rejected_flush_tasks=0 callback_uptime_ns=1802960467443 attribution=unmatched
10-08 15:40:48.353 23972 24029 I SpinonBootstrap: SPINON_R05_PRESENT renderer=wgpu signal=SurfaceView_JankData generation=1 current_generation=1 current_surface=true batch_seq=3 record_index=0 callback_tid=55 queue_depth=0 vsync_id=-1 present_time_ns=-1 present_state=unknown jank_type=0 actual_app_frame_ns=0 scheduled_app_frame_ns=0 callback_uptime_ns=1802960467443 frame_id=unmatched revision=unmatched attribution=unmatched
10-08 15:40:48.727 23972 23972 I SpinonBootstrap: SPINON_R05_INPUT renderer=wgpu input_seq=4 phase=ACTION_UP timestamp_precision=nanosecond_representation input_source=unknown handler_clock_resolution=nanosecond_api event_time_ns=1803334000000 handler_uptime_ns=1803335192359 generation=1
10-08 15:40:48.729 23972 23972 I SpinonBootstrap: SPINON_R05_SUBMIT renderer=wgpu input_seq=4 revision=4 generation=1 event_time_ns=1803334000000 handler_uptime_ns=1803335260693 queue_present_return_uptime_ns=1803336938109 draw_accepted=true present_signal=unavailable attribution=input
10-08 15:40:48.729 23972 23972 I SpinonBootstrap: SPINON_R05_PRESENT_FLUSH renderer=wgpu queued=true generation=1
10-08 15:40:48.729 23972 23972 I SpinonBootstrap: SPINON_R08_TOUCH count=4
10-08 15:40:48.729 23972 24029 I SpinonBootstrap: SPINON_R05_PRESENT_FLUSH requested=true renderer=wgpu generation=1
10-08 15:40:48.730 23972 24029 I SpinonBootstrap: SPINON_R05_PRESENT_BATCH renderer=wgpu generation=1 batch_seq=4 record_count=1 callback_tid=55 queue_depth=0 rejected_callback_batches=0 rejected_flush_tasks=0 callback_uptime_ns=1803337640984 attribution=unmatched
10-08 15:40:48.730 23972 24029 I SpinonBootstrap: SPINON_R05_PRESENT renderer=wgpu signal=SurfaceView_JankData generation=1 current_generation=1 current_surface=true batch_seq=4 record_index=0 callback_tid=55 queue_depth=0 vsync_id=-1 present_time_ns=-1 present_state=unknown jank_type=0 actual_app_frame_ns=0 scheduled_app_frame_ns=0 callback_uptime_ns=1803337640984 frame_id=unmatched revision=unmatched attribution=unmatched
10-08 15:40:49.104 23972 23972 I SpinonBootstrap: SPINON_R05_INPUT renderer=wgpu input_seq=5 phase=ACTION_UP timestamp_precision=nanosecond_representation input_source=unknown handler_clock_resolution=nanosecond_api event_time_ns=1803710000000 handler_uptime_ns=1803711539360 generation=1
10-08 15:40:49.106 23972 23972 I SpinonBootstrap: SPINON_R05_SUBMIT renderer=wgpu input_seq=5 revision=5 generation=1 event_time_ns=1803710000000 handler_uptime_ns=1803711666943 queue_present_return_uptime_ns=1803713783693 draw_accepted=true present_signal=unavailable attribution=input
10-08 15:40:49.106 23972 23972 I SpinonBootstrap: SPINON_R05_PRESENT_FLUSH renderer=wgpu queued=true generation=1
10-08 15:40:49.106 23972 24029 I SpinonBootstrap: SPINON_R05_PRESENT_FLUSH requested=true renderer=wgpu generation=1
10-08 15:40:49.106 23972 23972 I SpinonBootstrap: SPINON_R08_TOUCH count=5
10-08 15:40:49.106 23972 24029 I SpinonBootstrap: SPINON_R05_PRESENT_BATCH renderer=wgpu generation=1 batch_seq=5 record_count=1 callback_tid=55 queue_depth=0 rejected_callback_batches=0 rejected_flush_tasks=0 callback_uptime_ns=1803714293318 attribution=unmatched
10-08 15:40:49.106 23972 24029 I SpinonBootstrap: SPINON_R05_PRESENT renderer=wgpu signal=SurfaceView_JankData generation=1 current_generation=1 current_surface=true batch_seq=5 record_index=0 callback_tid=55 queue_depth=0 vsync_id=-1 present_time_ns=-1 present_state=unknown jank_type=0 actual_app_frame_ns=0 scheduled_app_frame_ns=0 callback_uptime_ns=1803714293318 frame_id=unmatched revision=unmatched attribution=unmatched
10-08 15:40:49.476 23972 23972 I SpinonBootstrap: SPINON_R05_INPUT renderer=wgpu input_seq=6 phase=ACTION_UP timestamp_precision=nanosecond_representation input_source=unknown handler_clock_resolution=nanosecond_api event_time_ns=1804082000000 handler_uptime_ns=1804083615151 generation=1
10-08 15:40:49.478 23972 23972 I SpinonBootstrap: SPINON_R05_SUBMIT renderer=wgpu input_seq=6 revision=6 generation=1 event_time_ns=1804082000000 handler_uptime_ns=1804083704401 queue_present_return_uptime_ns=1804085584735 draw_accepted=true present_signal=unavailable attribution=input
10-08 15:40:49.478 23972 23972 I SpinonBootstrap: SPINON_R05_PRESENT_FLUSH renderer=wgpu queued=true generation=1
10-08 15:40:49.478 23972 24029 I SpinonBootstrap: SPINON_R05_PRESENT_FLUSH requested=true renderer=wgpu generation=1
10-08 15:40:49.478 23972 23972 I SpinonBootstrap: SPINON_R08_TOUCH count=6
10-08 15:40:49.478 23972 24029 I SpinonBootstrap: SPINON_R05_PRESENT_BATCH renderer=wgpu generation=1 batch_seq=6 record_count=1 callback_tid=55 queue_depth=0 rejected_callback_batches=0 rejected_flush_tasks=0 callback_uptime_ns=1804086290610 attribution=unmatched
10-08 15:40:49.478 23972 24029 I SpinonBootstrap: SPINON_R05_PRESENT renderer=wgpu signal=SurfaceView_JankData generation=1 current_generation=1 current_surface=true batch_seq=6 record_index=0 callback_tid=55 queue_depth=0 vsync_id=-1 present_time_ns=-1 present_state=unknown jank_type=0 actual_app_frame_ns=0 scheduled_app_frame_ns=0 callback_uptime_ns=1804086290610 frame_id=unmatched revision=unmatched attribution=unmatched
10-08 15:40:49.853 23972 23972 I SpinonBootstrap: SPINON_R05_INPUT renderer=wgpu input_seq=7 phase=ACTION_UP timestamp_precision=nanosecond_representation input_source=unknown handler_clock_resolution=nanosecond_api event_time_ns=1804459000000 handler_uptime_ns=1804460506985 generation=1
10-08 15:40:49.855 23972 23972 I SpinonBootstrap: SPINON_R05_SUBMIT renderer=wgpu input_seq=7 revision=7 generation=1 event_time_ns=1804459000000 handler_uptime_ns=1804460661610 queue_present_return_uptime_ns=1804462791902 draw_accepted=true present_signal=unavailable attribution=input
10-08 15:40:49.855 23972 23972 I SpinonBootstrap: SPINON_R05_PRESENT_FLUSH renderer=wgpu queued=true generation=1
10-08 15:40:49.855 23972 24029 I SpinonBootstrap: SPINON_R05_PRESENT_FLUSH requested=true renderer=wgpu generation=1
10-08 15:40:49.856 23972 23972 I SpinonBootstrap: SPINON_R08_TOUCH count=7
10-08 15:40:49.856 23972 24029 I SpinonBootstrap: SPINON_R05_PRESENT_BATCH renderer=wgpu generation=1 batch_seq=7 record_count=1 callback_tid=55 queue_depth=0 rejected_callback_batches=0 rejected_flush_tasks=0 callback_uptime_ns=1804463580402 attribution=unmatched
10-08 15:40:49.856 23972 24029 I SpinonBootstrap: SPINON_R05_PRESENT renderer=wgpu signal=SurfaceView_JankData generation=1 current_generation=1 current_surface=true batch_seq=7 record_index=0 callback_tid=55 queue_depth=0 vsync_id=-1 present_time_ns=-1 present_state=unknown jank_type=0 actual_app_frame_ns=0 scheduled_app_frame_ns=0 callback_uptime_ns=1804463580402 frame_id=unmatched revision=unmatched attribution=unmatched
10-08 15:40:50.228 23972 23972 I SpinonBootstrap: SPINON_R05_INPUT renderer=wgpu input_seq=8 phase=ACTION_UP timestamp_precision=nanosecond_representation input_source=unknown handler_clock_resolution=nanosecond_api event_time_ns=1804835000000 handler_uptime_ns=1804836236443 generation=1
10-08 15:40:50.230 23972 23972 I SpinonBootstrap: SPINON_R05_SUBMIT renderer=wgpu input_seq=8 revision=8 generation=1 event_time_ns=1804835000000 handler_uptime_ns=1804836402277 queue_present_return_uptime_ns=1804838426860 draw_accepted=true present_signal=unavailable attribution=input
10-08 15:40:50.231 23972 23972 I SpinonBootstrap: SPINON_R05_PRESENT_FLUSH renderer=wgpu queued=true generation=1
10-08 15:40:50.231 23972 24029 I SpinonBootstrap: SPINON_R05_PRESENT_FLUSH requested=true renderer=wgpu generation=1
10-08 15:40:50.231 23972 23972 I SpinonBootstrap: SPINON_R08_TOUCH count=8
10-08 15:40:50.232 23972 24029 I SpinonBootstrap: SPINON_R05_PRESENT_BATCH renderer=wgpu generation=1 batch_seq=8 record_count=1 callback_tid=55 queue_depth=0 rejected_callback_batches=0 rejected_flush_tasks=0 callback_uptime_ns=1804839627985 attribution=unmatched
10-08 15:40:50.232 23972 24029 I SpinonBootstrap: SPINON_R05_PRESENT renderer=wgpu signal=SurfaceView_JankData generation=1 current_generation=1 current_surface=true batch_seq=8 record_index=0 callback_tid=55 queue_depth=0 vsync_id=-1 present_time_ns=-1 present_state=unknown jank_type=0 actual_app_frame_ns=0 scheduled_app_frame_ns=0 callback_uptime_ns=1804839627985 frame_id=unmatched revision=unmatched attribution=unmatched
10-08 15:40:50.605 23972 23972 I SpinonBootstrap: SPINON_R05_INPUT renderer=wgpu input_seq=9 phase=ACTION_UP timestamp_precision=nanosecond_representation input_source=unknown handler_clock_resolution=nanosecond_api event_time_ns=1805212000000 handler_uptime_ns=1805213372360 generation=1
10-08 15:40:50.607 23972 23972 I SpinonBootstrap: SPINON_R05_SUBMIT renderer=wgpu input_seq=9 revision=9 generation=1 event_time_ns=1805212000000 handler_uptime_ns=1805213446819 queue_present_return_uptime_ns=1805215429152 draw_accepted=true present_signal=unavailable attribution=input
10-08 15:40:50.608 23972 23972 I SpinonBootstrap: SPINON_R05_PRESENT_FLUSH renderer=wgpu queued=true generation=1
10-08 15:40:50.608 23972 24029 I SpinonBootstrap: SPINON_R05_PRESENT_FLUSH requested=true renderer=wgpu generation=1
10-08 15:40:50.608 23972 24029 I SpinonBootstrap: SPINON_R05_PRESENT_BATCH renderer=wgpu generation=1 batch_seq=9 record_count=1 callback_tid=55 queue_depth=0 rejected_callback_batches=0 rejected_flush_tasks=0 callback_uptime_ns=1805215808485 attribution=unmatched
10-08 15:40:50.608 23972 24029 I SpinonBootstrap: SPINON_R05_PRESENT renderer=wgpu signal=SurfaceView_JankData generation=1 current_generation=1 current_surface=true batch_seq=9 record_index=0 callback_tid=55 queue_depth=0 vsync_id=-1 present_time_ns=-1 present_state=unknown jank_type=0 actual_app_frame_ns=0 scheduled_app_frame_ns=0 callback_uptime_ns=1805215808485 frame_id=unmatched revision=unmatched attribution=unmatched
10-08 15:40:50.608 23972 23972 I SpinonBootstrap: SPINON_R08_TOUCH count=9
10-08 15:40:50.986 23972 23972 I SpinonBootstrap: SPINON_R05_INPUT renderer=wgpu input_seq=10 phase=ACTION_UP timestamp_precision=nanosecond_representation input_source=unknown handler_clock_resolution=nanosecond_api event_time_ns=1805592000000 handler_uptime_ns=1805593475610 generation=1
10-08 15:40:50.988 23972 23972 I SpinonBootstrap: SPINON_R05_SUBMIT renderer=wgpu input_seq=10 revision=10 generation=1 event_time_ns=1805592000000 handler_uptime_ns=1805593534277 queue_present_return_uptime_ns=1805595642277 draw_accepted=true present_signal=unavailable attribution=input
10-08 15:40:50.988 23972 23972 I SpinonBootstrap: SPINON_R05_PRESENT_FLUSH renderer=wgpu queued=true generation=1
10-08 15:40:50.988 23972 24029 I SpinonBootstrap: SPINON_R05_PRESENT_FLUSH requested=true renderer=wgpu generation=1
10-08 15:40:50.988 23972 23972 I SpinonBootstrap: SPINON_R08_TOUCH count=10
10-08 15:40:50.989 23972 24029 I SpinonBootstrap: SPINON_R05_PRESENT_BATCH renderer=wgpu generation=1 batch_seq=10 record_count=1 callback_tid=55 queue_depth=0 rejected_callback_batches=0 rejected_flush_tasks=0 callback_uptime_ns=1805596758152 attribution=unmatched
10-08 15:40:50.989 23972 24029 I SpinonBootstrap: SPINON_R05_PRESENT renderer=wgpu signal=SurfaceView_JankData generation=1 current_generation=1 current_surface=true batch_seq=10 record_index=0 callback_tid=55 queue_depth=0 vsync_id=-1 present_time_ns=-1 present_state=unknown jank_type=0 actual_app_frame_ns=0 scheduled_app_frame_ns=0 callback_uptime_ns=1805596758152 frame_id=unmatched revision=unmatched attribution=unmatched
10-08 15:40:51.366 23972 23972 I SpinonBootstrap: SPINON_R05_INPUT renderer=wgpu input_seq=11 phase=ACTION_UP timestamp_precision=nanosecond_representation input_source=unknown handler_clock_resolution=nanosecond_api event_time_ns=1805973000000 handler_uptime_ns=1805973921861 generation=1
10-08 15:40:51.369 23972 23972 I SpinonBootstrap: SPINON_R05_SUBMIT renderer=wgpu input_seq=11 revision=11 generation=1 event_time_ns=1805973000000 handler_uptime_ns=1805974093111 queue_present_return_uptime_ns=1805976530777 draw_accepted=true present_signal=unavailable attribution=input
10-08 15:40:51.369 23972 23972 I SpinonBootstrap: SPINON_R05_PRESENT_FLUSH renderer=wgpu queued=true generation=1
10-08 15:40:51.369 23972 23972 I SpinonBootstrap: SPINON_R08_TOUCH count=11
10-08 15:40:51.369 23972 24029 I SpinonBootstrap: SPINON_R05_PRESENT_FLUSH requested=true renderer=wgpu generation=1
10-08 15:40:51.369 23972 24029 I SpinonBootstrap: SPINON_R05_PRESENT_BATCH renderer=wgpu generation=1 batch_seq=11 record_count=1 callback_tid=55 queue_depth=0 rejected_callback_batches=0 rejected_flush_tasks=0 callback_uptime_ns=1805977300111 attribution=unmatched
10-08 15:40:51.369 23972 24029 I SpinonBootstrap: SPINON_R05_PRESENT renderer=wgpu signal=SurfaceView_JankData generation=1 current_generation=1 current_surface=true batch_seq=11 record_index=0 callback_tid=55 queue_depth=0 vsync_id=-1 present_time_ns=-1 present_state=unknown jank_type=0 actual_app_frame_ns=0 scheduled_app_frame_ns=0 callback_uptime_ns=1805977300111 frame_id=unmatched revision=unmatched attribution=unmatched
10-08 15:40:51.739 23972 23972 I SpinonBootstrap: SPINON_R05_INPUT renderer=wgpu input_seq=12 phase=ACTION_UP timestamp_precision=nanosecond_representation input_source=unknown handler_clock_resolution=nanosecond_api event_time_ns=1806345000000 handler_uptime_ns=1806346745194 generation=1
10-08 15:40:51.741 23972 23972 I SpinonBootstrap: SPINON_R05_SUBMIT renderer=wgpu input_seq=12 revision=12 generation=1 event_time_ns=1806345000000 handler_uptime_ns=1806346807319 queue_present_return_uptime_ns=1806349055402 draw_accepted=true present_signal=unavailable attribution=input
10-08 15:40:51.741 23972 23972 I SpinonBootstrap: SPINON_R05_PRESENT_FLUSH renderer=wgpu queued=true generation=1
10-08 15:40:51.741 23972 24029 I SpinonBootstrap: SPINON_R05_PRESENT_FLUSH requested=true renderer=wgpu generation=1
10-08 15:40:51.742 23972 24029 I SpinonBootstrap: SPINON_R05_PRESENT_BATCH renderer=wgpu generation=1 batch_seq=12 record_count=1 callback_tid=55 queue_depth=0 rejected_callback_batches=0 rejected_flush_tasks=0 callback_uptime_ns=1806349679027 attribution=unmatched
10-08 15:40:51.742 23972 24029 I SpinonBootstrap: SPINON_R05_PRESENT renderer=wgpu signal=SurfaceView_JankData generation=1 current_generation=1 current_surface=true batch_seq=12 record_index=0 callback_tid=55 queue_depth=0 vsync_id=-1 present_time_ns=-1 present_state=unknown jank_type=0 actual_app_frame_ns=0 scheduled_app_frame_ns=0 callback_uptime_ns=1806349679027 frame_id=unmatched revision=unmatched attribution=unmatched
10-08 15:40:51.742 23972 23972 I SpinonBootstrap: SPINON_R08_TOUCH count=12
10-08 15:40:52.118 23972 23972 I SpinonBootstrap: SPINON_R05_INPUT renderer=wgpu input_seq=13 phase=ACTION_UP timestamp_precision=nanosecond_representation input_source=unknown handler_clock_resolution=nanosecond_api event_time_ns=1806725000000 handler_uptime_ns=1806725930028 generation=1
10-08 15:40:52.120 23972 23972 I SpinonBootstrap: SPINON_R05_SUBMIT renderer=wgpu input_seq=13 revision=13 generation=1 event_time_ns=1806725000000 handler_uptime_ns=1806726009153 queue_present_return_uptime_ns=1806727987403 draw_accepted=true present_signal=unavailable attribution=input
10-08 15:40:52.120 23972 23972 I SpinonBootstrap: SPINON_R05_PRESENT_FLUSH renderer=wgpu queued=true generation=1
10-08 15:40:52.120 23972 24029 I SpinonBootstrap: SPINON_R05_PRESENT_FLUSH requested=true renderer=wgpu generation=1
10-08 15:40:52.120 23972 23972 I SpinonBootstrap: SPINON_R08_TOUCH count=13
10-08 15:40:52.121 23972 24029 I SpinonBootstrap: SPINON_R05_PRESENT_BATCH renderer=wgpu generation=1 batch_seq=13 record_count=1 callback_tid=55 queue_depth=0 rejected_callback_batches=0 rejected_flush_tasks=0 callback_uptime_ns=1806728836153 attribution=unmatched
10-08 15:40:52.121 23972 24029 I SpinonBootstrap: SPINON_R05_PRESENT renderer=wgpu signal=SurfaceView_JankData generation=1 current_generation=1 current_surface=true batch_seq=13 record_index=0 callback_tid=55 queue_depth=0 vsync_id=-1 present_time_ns=-1 present_state=unknown jank_type=0 actual_app_frame_ns=0 scheduled_app_frame_ns=0 callback_uptime_ns=1806728836153 frame_id=unmatched revision=unmatched attribution=unmatched
10-08 15:40:52.498 23972 23972 I SpinonBootstrap: SPINON_R05_INPUT renderer=wgpu input_seq=14 phase=ACTION_UP timestamp_precision=nanosecond_representation input_source=unknown handler_clock_resolution=nanosecond_api event_time_ns=1807104000000 handler_uptime_ns=1807105628361 generation=1
10-08 15:40:52.500 23972 23972 I SpinonBootstrap: SPINON_R05_SUBMIT renderer=wgpu input_seq=14 revision=14 generation=1 event_time_ns=1807104000000 handler_uptime_ns=1807105721903 queue_present_return_uptime_ns=1807107535194 draw_accepted=true present_signal=unavailable attribution=input
10-08 15:40:52.500 23972 23972 I SpinonBootstrap: SPINON_R05_PRESENT_FLUSH renderer=wgpu queued=true generation=1
10-08 15:40:52.500 23972 24029 I SpinonBootstrap: SPINON_R05_PRESENT_FLUSH requested=true renderer=wgpu generation=1
10-08 15:40:52.500 23972 23972 I SpinonBootstrap: SPINON_R08_TOUCH count=14
10-08 15:40:52.500 23972 24029 I SpinonBootstrap: SPINON_R05_PRESENT_BATCH renderer=wgpu generation=1 batch_seq=14 record_count=1 callback_tid=55 queue_depth=0 rejected_callback_batches=0 rejected_flush_tasks=0 callback_uptime_ns=1807108214194 attribution=unmatched
10-08 15:40:52.500 23972 24029 I SpinonBootstrap: SPINON_R05_PRESENT renderer=wgpu signal=SurfaceView_JankData generation=1 current_generation=1 current_surface=true batch_seq=14 record_index=0 callback_tid=55 queue_depth=0 vsync_id=-1 present_time_ns=-1 present_state=unknown jank_type=0 actual_app_frame_ns=0 scheduled_app_frame_ns=0 callback_uptime_ns=1807108214194 frame_id=unmatched revision=unmatched attribution=unmatched
10-08 15:40:52.879 23972 23972 I SpinonBootstrap: SPINON_R05_INPUT renderer=wgpu input_seq=15 phase=ACTION_UP timestamp_precision=nanosecond_representation input_source=unknown handler_clock_resolution=nanosecond_api event_time_ns=1807486000000 handler_uptime_ns=1807486757861 generation=1
10-08 15:40:52.881 23972 23972 I SpinonBootstrap: SPINON_R05_SUBMIT renderer=wgpu input_seq=15 revision=15 generation=1 event_time_ns=1807486000000 handler_uptime_ns=1807486842403 queue_present_return_uptime_ns=1807489089486 draw_accepted=true present_signal=unavailable attribution=input
10-08 15:40:52.881 23972 23972 I SpinonBootstrap: SPINON_R05_PRESENT_FLUSH renderer=wgpu queued=true generation=1
10-08 15:40:52.881 23972 24029 I SpinonBootstrap: SPINON_R05_PRESENT_FLUSH requested=true renderer=wgpu generation=1
10-08 15:40:52.882 23972 23972 I SpinonBootstrap: SPINON_R08_TOUCH count=15
10-08 15:40:52.882 23972 24029 I SpinonBootstrap: SPINON_R05_PRESENT_BATCH renderer=wgpu generation=1 batch_seq=15 record_count=1 callback_tid=55 queue_depth=0 rejected_callback_batches=0 rejected_flush_tasks=0 callback_uptime_ns=1807489924653 attribution=unmatched
10-08 15:40:52.882 23972 24029 I SpinonBootstrap: SPINON_R05_PRESENT renderer=wgpu signal=SurfaceView_JankData generation=1 current_generation=1 current_surface=true batch_seq=15 record_index=0 callback_tid=55 queue_depth=0 vsync_id=-1 present_time_ns=-1 present_state=unknown jank_type=0 actual_app_frame_ns=0 scheduled_app_frame_ns=0 callback_uptime_ns=1807489924653 frame_id=unmatched revision=unmatched attribution=unmatched
10-08 15:40:53.271 23972 23972 I SpinonBootstrap: SPINON_R05_INPUT renderer=wgpu input_seq=16 phase=ACTION_UP timestamp_precision=nanosecond_representation input_source=unknown handler_clock_resolution=nanosecond_api event_time_ns=1807878000000 handler_uptime_ns=1807879272153 generation=1
10-08 15:40:53.274 23972 23972 I SpinonBootstrap: SPINON_R05_SUBMIT renderer=wgpu input_seq=16 revision=16 generation=1 event_time_ns=1807878000000 handler_uptime_ns=1807879353112 queue_present_return_uptime_ns=1807881594528 draw_accepted=true present_signal=unavailable attribution=input
10-08 15:40:53.274 23972 23972 I SpinonBootstrap: SPINON_R05_PRESENT_FLUSH renderer=wgpu queued=true generation=1
10-08 15:40:53.274 23972 24029 I SpinonBootstrap: SPINON_R05_PRESENT_FLUSH requested=true renderer=wgpu generation=1
10-08 15:40:53.274 23972 23972 I SpinonBootstrap: SPINON_R08_TOUCH count=16
10-08 15:40:53.274 23972 24029 I SpinonBootstrap: SPINON_R05_PRESENT_BATCH renderer=wgpu generation=1 batch_seq=16 record_count=1 callback_tid=55 queue_depth=0 rejected_callback_batches=0 rejected_flush_tasks=0 callback_uptime_ns=1807882192612 attribution=unmatched
10-08 15:40:53.274 23972 24029 I SpinonBootstrap: SPINON_R05_PRESENT renderer=wgpu signal=SurfaceView_JankData generation=1 current_generation=1 current_surface=true batch_seq=16 record_index=0 callback_tid=55 queue_depth=0 vsync_id=-1 present_time_ns=-1 present_state=unknown jank_type=0 actual_app_frame_ns=0 scheduled_app_frame_ns=0 callback_uptime_ns=1807882192612 frame_id=unmatched revision=unmatched attribution=unmatched
10-08 15:40:53.653 23972 23972 I SpinonBootstrap: SPINON_R05_INPUT renderer=wgpu input_seq=17 phase=ACTION_UP timestamp_precision=nanosecond_representation input_source=unknown handler_clock_resolution=nanosecond_api event_time_ns=1808260000000 handler_uptime_ns=1808260958153 generation=1
10-08 15:40:53.655 23972 23972 I SpinonBootstrap: SPINON_R05_SUBMIT renderer=wgpu input_seq=17 revision=17 generation=1 event_time_ns=1808260000000 handler_uptime_ns=1808261072903 queue_present_return_uptime_ns=1808263114528 draw_accepted=true present_signal=unavailable attribution=input
10-08 15:40:53.655 23972 23972 I SpinonBootstrap: SPINON_R05_PRESENT_FLUSH renderer=wgpu queued=true generation=1
10-08 15:40:53.655 23972 24029 I SpinonBootstrap: SPINON_R05_PRESENT_FLUSH requested=true renderer=wgpu generation=1
10-08 15:40:53.656 23972 23972 I SpinonBootstrap: SPINON_R08_TOUCH count=17
10-08 15:40:53.656 23972 24029 I SpinonBootstrap: SPINON_R05_PRESENT_BATCH renderer=wgpu generation=1 batch_seq=17 record_count=1 callback_tid=55 queue_depth=0 rejected_callback_batches=0 rejected_flush_tasks=0 callback_uptime_ns=1808263672070 attribution=unmatched
10-08 15:40:53.656 23972 24029 I SpinonBootstrap: SPINON_R05_PRESENT renderer=wgpu signal=SurfaceView_JankData generation=1 current_generation=1 current_surface=true batch_seq=17 record_index=0 callback_tid=55 queue_depth=0 vsync_id=-1 present_time_ns=-1 present_state=unknown jank_type=0 actual_app_frame_ns=0 scheduled_app_frame_ns=0 callback_uptime_ns=1808263672070 frame_id=unmatched revision=unmatched attribution=unmatched
10-08 15:40:54.030 23972 23972 I SpinonBootstrap: SPINON_R05_INPUT renderer=wgpu input_seq=18 phase=ACTION_UP timestamp_precision=nanosecond_representation input_source=unknown handler_clock_resolution=nanosecond_api event_time_ns=1808637000000 handler_uptime_ns=1808638184320 generation=1
10-08 15:40:54.032 23972 23972 I SpinonBootstrap: SPINON_R05_SUBMIT renderer=wgpu input_seq=18 revision=18 generation=1 event_time_ns=1808637000000 handler_uptime_ns=1808638361237 queue_present_return_uptime_ns=1808640335904 draw_accepted=true present_signal=unavailable attribution=input
10-08 15:40:54.032 23972 23972 I SpinonBootstrap: SPINON_R05_PRESENT_FLUSH renderer=wgpu queued=true generation=1
10-08 15:40:54.033 23972 23972 I SpinonBootstrap: SPINON_R08_TOUCH count=18
10-08 15:40:54.033 23972 24029 I SpinonBootstrap: SPINON_R05_PRESENT_FLUSH requested=true renderer=wgpu generation=1
10-08 15:40:54.033 23972 24029 I SpinonBootstrap: SPINON_R05_PRESENT_BATCH renderer=wgpu generation=1 batch_seq=18 record_count=1 callback_tid=55 queue_depth=0 rejected_callback_batches=0 rejected_flush_tasks=0 callback_uptime_ns=1808640974362 attribution=unmatched
10-08 15:40:54.033 23972 24029 I SpinonBootstrap: SPINON_R05_PRESENT renderer=wgpu signal=SurfaceView_JankData generation=1 current_generation=1 current_surface=true batch_seq=18 record_index=0 callback_tid=55 queue_depth=0 vsync_id=-1 present_time_ns=-1 present_state=unknown jank_type=0 actual_app_frame_ns=0 scheduled_app_frame_ns=0 callback_uptime_ns=1808640974362 frame_id=unmatched revision=unmatched attribution=unmatched
10-08 15:40:54.406 23972 23972 I SpinonBootstrap: SPINON_R05_INPUT renderer=wgpu input_seq=19 phase=ACTION_UP timestamp_precision=nanosecond_representation input_source=unknown handler_clock_resolution=nanosecond_api event_time_ns=1809012000000 handler_uptime_ns=1809013485070 generation=1
10-08 15:40:54.407 23972 23972 I SpinonBootstrap: SPINON_R05_SUBMIT renderer=wgpu input_seq=19 revision=19 generation=1 event_time_ns=1809012000000 handler_uptime_ns=1809013772154 queue_present_return_uptime_ns=1809015385112 draw_accepted=true present_signal=unavailable attribution=input
10-08 15:40:54.407 23972 23972 I SpinonBootstrap: SPINON_R05_PRESENT_FLUSH renderer=wgpu queued=true generation=1
10-08 15:40:54.408 23972 24029 I SpinonBootstrap: SPINON_R05_PRESENT_FLUSH requested=true renderer=wgpu generation=1
10-08 15:40:54.408 23972 24029 I SpinonBootstrap: SPINON_R05_PRESENT_BATCH renderer=wgpu generation=1 batch_seq=19 record_count=1 callback_tid=55 queue_depth=0 rejected_callback_batches=0 rejected_flush_tasks=0 callback_uptime_ns=1809015686237 attribution=unmatched
10-08 15:40:54.408 23972 23972 I SpinonBootstrap: SPINON_R08_TOUCH count=19
10-08 15:40:54.408 23972 24029 I SpinonBootstrap: SPINON_R05_PRESENT renderer=wgpu signal=SurfaceView_JankData generation=1 current_generation=1 current_surface=true batch_seq=19 record_index=0 callback_tid=55 queue_depth=0 vsync_id=-1 present_time_ns=-1 present_state=unknown jank_type=0 actual_app_frame_ns=0 scheduled_app_frame_ns=0 callback_uptime_ns=1809015686237 frame_id=unmatched revision=unmatched attribution=unmatched
10-08 15:40:54.782 23972 23972 I SpinonBootstrap: SPINON_R05_INPUT renderer=wgpu input_seq=20 phase=ACTION_UP timestamp_precision=nanosecond_representation input_source=unknown handler_clock_resolution=nanosecond_api event_time_ns=1809389000000 handler_uptime_ns=1809390044237 generation=1
10-08 15:40:54.784 23972 23972 I SpinonBootstrap: SPINON_R05_SUBMIT renderer=wgpu input_seq=20 revision=20 generation=1 event_time_ns=1809389000000 handler_uptime_ns=1809390109029 queue_present_return_uptime_ns=1809392170362 draw_accepted=true present_signal=unavailable attribution=input
10-08 15:40:54.784 23972 23972 I SpinonBootstrap: SPINON_R05_PRESENT_FLUSH renderer=wgpu queued=true generation=1
10-08 15:40:54.784 23972 24029 I SpinonBootstrap: SPINON_R05_PRESENT_FLUSH requested=true renderer=wgpu generation=1
10-08 15:40:54.784 23972 23972 I SpinonBootstrap: SPINON_R08_TOUCH count=20
10-08 15:40:54.785 23972 24029 I SpinonBootstrap: SPINON_R05_PRESENT_BATCH renderer=wgpu generation=1 batch_seq=20 record_count=1 callback_tid=55 queue_depth=0 rejected_callback_batches=0 rejected_flush_tasks=0 callback_uptime_ns=1809392578862 attribution=unmatched
10-08 15:40:54.785 23972 24029 I SpinonBootstrap: SPINON_R05_PRESENT renderer=wgpu signal=SurfaceView_JankData generation=1 current_generation=1 current_surface=true batch_seq=20 record_index=0 callback_tid=55 queue_depth=0 vsync_id=-1 present_time_ns=-1 present_state=unknown jank_type=0 actual_app_frame_ns=0 scheduled_app_frame_ns=0 callback_uptime_ns=1809392578862 frame_id=unmatched revision=unmatched attribution=unmatched
10-08 15:40:55.162 23972 23972 I SpinonBootstrap: SPINON_R05_INPUT renderer=wgpu input_seq=21 phase=ACTION_UP timestamp_precision=nanosecond_representation input_source=unknown handler_clock_resolution=nanosecond_api event_time_ns=1809769000000 handler_uptime_ns=1809770077029 generation=1
10-08 15:40:55.164 23972 23972 I SpinonBootstrap: SPINON_R05_SUBMIT renderer=wgpu input_seq=21 revision=21 generation=1 event_time_ns=1809769000000 handler_uptime_ns=1809770135696 queue_present_return_uptime_ns=1809772079821 draw_accepted=true present_signal=unavailable attribution=input
10-08 15:40:55.164 23972 23972 I SpinonBootstrap: SPINON_R05_PRESENT_FLUSH renderer=wgpu queued=true generation=1
10-08 15:40:55.164 23972 24029 I SpinonBootstrap: SPINON_R05_PRESENT_FLUSH requested=true renderer=wgpu generation=1
10-08 15:40:55.165 23972 23972 I SpinonBootstrap: SPINON_R08_TOUCH count=21
10-08 15:40:55.165 23972 24029 I SpinonBootstrap: SPINON_R05_PRESENT_BATCH renderer=wgpu generation=1 batch_seq=21 record_count=1 callback_tid=55 queue_depth=0 rejected_callback_batches=0 rejected_flush_tasks=0 callback_uptime_ns=1809772588404 attribution=unmatched
10-08 15:40:55.165 23972 24029 I SpinonBootstrap: SPINON_R05_PRESENT renderer=wgpu signal=SurfaceView_JankData generation=1 current_generation=1 current_surface=true batch_seq=21 record_index=0 callback_tid=55 queue_depth=0 vsync_id=-1 present_time_ns=-1 present_state=unknown jank_type=0 actual_app_frame_ns=0 scheduled_app_frame_ns=0 callback_uptime_ns=1809772588404 frame_id=unmatched revision=unmatched attribution=unmatched
10-08 15:40:55.549 23972 23972 I SpinonBootstrap: SPINON_R05_INPUT renderer=wgpu input_seq=22 phase=ACTION_UP timestamp_precision=nanosecond_representation input_source=unknown handler_clock_resolution=nanosecond_api event_time_ns=1810155000000 handler_uptime_ns=1810156625446 generation=1
10-08 15:40:55.551 23972 23972 I SpinonBootstrap: SPINON_R05_SUBMIT renderer=wgpu input_seq=22 revision=22 generation=1 event_time_ns=1810155000000 handler_uptime_ns=1810156701696 queue_present_return_uptime_ns=1810158679988 draw_accepted=true present_signal=unavailable attribution=input
10-08 15:40:55.551 23972 23972 I SpinonBootstrap: SPINON_R05_PRESENT_FLUSH renderer=wgpu queued=true generation=1
10-08 15:40:55.551 23972 24029 I SpinonBootstrap: SPINON_R05_PRESENT_FLUSH requested=true renderer=wgpu generation=1
10-08 15:40:55.551 23972 23972 I SpinonBootstrap: SPINON_R08_TOUCH count=22
10-08 15:40:55.552 23972 24029 I SpinonBootstrap: SPINON_R05_PRESENT_BATCH renderer=wgpu generation=1 batch_seq=22 record_count=1 callback_tid=55 queue_depth=0 rejected_callback_batches=0 rejected_flush_tasks=0 callback_uptime_ns=1810159619363 attribution=unmatched
10-08 15:40:55.552 23972 24029 I SpinonBootstrap: SPINON_R05_PRESENT renderer=wgpu signal=SurfaceView_JankData generation=1 current_generation=1 current_surface=true batch_seq=22 record_index=0 callback_tid=55 queue_depth=0 vsync_id=-1 present_time_ns=-1 present_state=unknown jank_type=0 actual_app_frame_ns=0 scheduled_app_frame_ns=0 callback_uptime_ns=1810159619363 frame_id=unmatched revision=unmatched attribution=unmatched
10-08 15:40:55.930 23972 23972 I SpinonBootstrap: SPINON_R05_INPUT renderer=wgpu input_seq=23 phase=ACTION_UP timestamp_precision=nanosecond_representation input_source=unknown handler_clock_resolution=nanosecond_api event_time_ns=1810537000000 handler_uptime_ns=1810538090779 generation=1
10-08 15:40:55.932 23972 23972 I SpinonBootstrap: SPINON_R05_SUBMIT renderer=wgpu input_seq=23 revision=23 generation=1 event_time_ns=1810537000000 handler_uptime_ns=1810538201113 queue_present_return_uptime_ns=1810540393946 draw_accepted=true present_signal=unavailable attribution=input
10-08 15:40:55.932 23972 23972 I SpinonBootstrap: SPINON_R05_PRESENT_FLUSH renderer=wgpu queued=true generation=1
10-08 15:40:55.933 23972 24029 I SpinonBootstrap: SPINON_R05_PRESENT_FLUSH requested=true renderer=wgpu generation=1
10-08 15:40:55.933 23972 23972 I SpinonBootstrap: SPINON_R08_TOUCH count=23
10-08 15:40:55.933 23972 24029 I SpinonBootstrap: SPINON_R05_PRESENT_BATCH renderer=wgpu generation=1 batch_seq=23 record_count=1 callback_tid=55 queue_depth=0 rejected_callback_batches=0 rejected_flush_tasks=0 callback_uptime_ns=1810541224654 attribution=unmatched
10-08 15:40:55.933 23972 24029 I SpinonBootstrap: SPINON_R05_PRESENT renderer=wgpu signal=SurfaceView_JankData generation=1 current_generation=1 current_surface=true batch_seq=23 record_index=0 callback_tid=55 queue_depth=0 vsync_id=-1 present_time_ns=-1 present_state=unknown jank_type=0 actual_app_frame_ns=0 scheduled_app_frame_ns=0 callback_uptime_ns=1810541224654 frame_id=unmatched revision=unmatched attribution=unmatched
10-08 15:40:56.309 23972 23972 I SpinonBootstrap: SPINON_R05_INPUT renderer=wgpu input_seq=24 phase=ACTION_UP timestamp_precision=nanosecond_representation input_source=unknown handler_clock_resolution=nanosecond_api event_time_ns=1810915000000 handler_uptime_ns=1810916655738 generation=1
10-08 15:40:56.311 23972 23972 I SpinonBootstrap: SPINON_R05_SUBMIT renderer=wgpu input_seq=24 revision=24 generation=1 event_time_ns=1810915000000 handler_uptime_ns=1810916741321 queue_present_return_uptime_ns=1810918689113 draw_accepted=true present_signal=unavailable attribution=input
10-08 15:40:56.311 23972 23972 I SpinonBootstrap: SPINON_R05_PRESENT_FLUSH renderer=wgpu queued=true generation=1
10-08 15:40:56.311 23972 24029 I SpinonBootstrap: SPINON_R05_PRESENT_FLUSH requested=true renderer=wgpu generation=1
10-08 15:40:56.311 23972 23972 I SpinonBootstrap: SPINON_R08_TOUCH count=24
10-08 15:40:56.311 23972 24029 I SpinonBootstrap: SPINON_R05_PRESENT_BATCH renderer=wgpu generation=1 batch_seq=24 record_count=1 callback_tid=55 queue_depth=0 rejected_callback_batches=0 rejected_flush_tasks=0 callback_uptime_ns=1810919026113 attribution=unmatched
10-08 15:40:56.311 23972 24029 I SpinonBootstrap: SPINON_R05_PRESENT renderer=wgpu signal=SurfaceView_JankData generation=1 current_generation=1 current_surface=true batch_seq=24 record_index=0 callback_tid=55 queue_depth=0 vsync_id=-1 present_time_ns=-1 present_state=unknown jank_type=0 actual_app_frame_ns=0 scheduled_app_frame_ns=0 callback_uptime_ns=1810919026113 frame_id=unmatched revision=unmatched attribution=unmatched
10-08 15:40:56.690 23972 23972 I SpinonBootstrap: SPINON_R05_INPUT renderer=wgpu input_seq=25 phase=ACTION_UP timestamp_precision=nanosecond_representation input_source=unknown handler_clock_resolution=nanosecond_api event_time_ns=1811297000000 handler_uptime_ns=1811297930655 generation=1
10-08 15:40:56.692 23972 23972 I SpinonBootstrap: SPINON_R05_SUBMIT renderer=wgpu input_seq=25 revision=25 generation=1 event_time_ns=1811297000000 handler_uptime_ns=1811298008238 queue_present_return_uptime_ns=1811300363405 draw_accepted=true present_signal=unavailable attribution=input
10-08 15:40:56.692 23972 23972 I SpinonBootstrap: SPINON_R05_PRESENT_FLUSH renderer=wgpu queued=true generation=1
10-08 15:40:56.693 23972 24029 I SpinonBootstrap: SPINON_R05_PRESENT_FLUSH requested=true renderer=wgpu generation=1
10-08 15:40:56.693 23972 23972 I SpinonBootstrap: SPINON_R08_TOUCH count=25
10-08 15:40:56.693 23972 24029 I SpinonBootstrap: SPINON_R05_PRESENT_BATCH renderer=wgpu generation=1 batch_seq=25 record_count=1 callback_tid=55 queue_depth=0 rejected_callback_batches=0 rejected_flush_tasks=0 callback_uptime_ns=1811301194696 attribution=unmatched
10-08 15:40:56.693 23972 24029 I SpinonBootstrap: SPINON_R05_PRESENT renderer=wgpu signal=SurfaceView_JankData generation=1 current_generation=1 current_surface=true batch_seq=25 record_index=0 callback_tid=55 queue_depth=0 vsync_id=-1 present_time_ns=-1 present_state=unknown jank_type=0 actual_app_frame_ns=0 scheduled_app_frame_ns=0 callback_uptime_ns=1811301194696 frame_id=unmatched revision=unmatched attribution=unmatched
10-08 15:40:57.071 23972 23972 I SpinonBootstrap: SPINON_R05_INPUT renderer=wgpu input_seq=26 phase=ACTION_UP timestamp_precision=nanosecond_representation input_source=unknown handler_clock_resolution=nanosecond_api event_time_ns=1811678000000 handler_uptime_ns=1811679222155 generation=1
10-08 15:40:57.074 23972 23972 I SpinonBootstrap: SPINON_R05_SUBMIT renderer=wgpu input_seq=26 revision=26 generation=1 event_time_ns=1811678000000 handler_uptime_ns=1811679302738 queue_present_return_uptime_ns=1811681529155 draw_accepted=true present_signal=unavailable attribution=input
10-08 15:40:57.074 23972 23972 I SpinonBootstrap: SPINON_R05_PRESENT_FLUSH renderer=wgpu queued=true generation=1
10-08 15:40:57.074 23972 23972 I SpinonBootstrap: SPINON_R08_TOUCH count=26
10-08 15:40:57.074 23972 24029 I SpinonBootstrap: SPINON_R05_PRESENT_FLUSH requested=true renderer=wgpu generation=1
10-08 15:40:57.075 23972 24029 I SpinonBootstrap: SPINON_R05_PRESENT_BATCH renderer=wgpu generation=1 batch_seq=26 record_count=1 callback_tid=55 queue_depth=0 rejected_callback_batches=0 rejected_flush_tasks=0 callback_uptime_ns=1811682485488 attribution=unmatched
10-08 15:40:57.075 23972 24029 I SpinonBootstrap: SPINON_R05_PRESENT renderer=wgpu signal=SurfaceView_JankData generation=1 current_generation=1 current_surface=true batch_seq=26 record_index=0 callback_tid=55 queue_depth=0 vsync_id=-1 present_time_ns=-1 present_state=unknown jank_type=0 actual_app_frame_ns=0 scheduled_app_frame_ns=0 callback_uptime_ns=1811682485488 frame_id=unmatched revision=unmatched attribution=unmatched
10-08 15:40:57.448 23972 23972 I SpinonBootstrap: SPINON_R05_INPUT renderer=wgpu input_seq=27 phase=ACTION_UP timestamp_precision=nanosecond_representation input_source=unknown handler_clock_resolution=nanosecond_api event_time_ns=1812054000000 handler_uptime_ns=1812055653697 generation=1
10-08 15:40:57.450 23972 23972 I SpinonBootstrap: SPINON_R05_SUBMIT renderer=wgpu input_seq=27 revision=27 generation=1 event_time_ns=1812054000000 handler_uptime_ns=1812055849655 queue_present_return_uptime_ns=1812058208114 draw_accepted=true present_signal=unavailable attribution=input
10-08 15:40:57.450 23972 23972 I SpinonBootstrap: SPINON_R05_PRESENT_FLUSH renderer=wgpu queued=true generation=1
10-08 15:40:57.451 23972 24029 I SpinonBootstrap: SPINON_R05_PRESENT_FLUSH requested=true renderer=wgpu generation=1
10-08 15:40:57.451 23972 23972 I SpinonBootstrap: SPINON_R08_TOUCH count=27
10-08 15:40:57.451 23972 24029 I SpinonBootstrap: SPINON_R05_PRESENT_BATCH renderer=wgpu generation=1 batch_seq=27 record_count=1 callback_tid=55 queue_depth=0 rejected_callback_batches=0 rejected_flush_tasks=0 callback_uptime_ns=1812059066655 attribution=unmatched
10-08 15:40:57.451 23972 24029 I SpinonBootstrap: SPINON_R05_PRESENT renderer=wgpu signal=SurfaceView_JankData generation=1 current_generation=1 current_surface=true batch_seq=27 record_index=0 callback_tid=55 queue_depth=0 vsync_id=-1 present_time_ns=-1 present_state=unknown jank_type=0 actual_app_frame_ns=0 scheduled_app_frame_ns=0 callback_uptime_ns=1812059066655 frame_id=unmatched revision=unmatched attribution=unmatched
10-08 15:40:57.826 23972 23972 I SpinonBootstrap: SPINON_R05_INPUT renderer=wgpu input_seq=28 phase=ACTION_UP timestamp_precision=nanosecond_representation input_source=unknown handler_clock_resolution=nanosecond_api event_time_ns=1812433000000 handler_uptime_ns=1812434041447 generation=1
10-08 15:40:57.828 23972 23972 I SpinonBootstrap: SPINON_R05_SUBMIT renderer=wgpu input_seq=28 revision=28 generation=1 event_time_ns=1812433000000 handler_uptime_ns=1812434130239 queue_present_return_uptime_ns=1812435882489 draw_accepted=true present_signal=unavailable attribution=input
10-08 15:40:57.828 23972 23972 I SpinonBootstrap: SPINON_R05_PRESENT_FLUSH renderer=wgpu queued=true generation=1
10-08 15:40:57.828 23972 24029 I SpinonBootstrap: SPINON_R05_PRESENT_FLUSH requested=true renderer=wgpu generation=1
10-08 15:40:57.828 23972 24029 I SpinonBootstrap: SPINON_R05_PRESENT_BATCH renderer=wgpu generation=1 batch_seq=28 record_count=1 callback_tid=55 queue_depth=0 rejected_callback_batches=0 rejected_flush_tasks=0 callback_uptime_ns=1812436265655 attribution=unmatched
10-08 15:40:57.828 23972 24029 I SpinonBootstrap: SPINON_R05_PRESENT renderer=wgpu signal=SurfaceView_JankData generation=1 current_generation=1 current_surface=true batch_seq=28 record_index=0 callback_tid=55 queue_depth=0 vsync_id=-1 present_time_ns=-1 present_state=unknown jank_type=0 actual_app_frame_ns=0 scheduled_app_frame_ns=0 callback_uptime_ns=1812436265655 frame_id=unmatched revision=unmatched attribution=unmatched
10-08 15:40:57.828 23972 23972 I SpinonBootstrap: SPINON_R08_TOUCH count=28
10-08 15:40:58.202 23972 23972 I SpinonBootstrap: SPINON_R05_INPUT renderer=wgpu input_seq=29 phase=ACTION_UP timestamp_precision=nanosecond_representation input_source=unknown handler_clock_resolution=nanosecond_api event_time_ns=1812808000000 handler_uptime_ns=1812809496447 generation=1
10-08 15:40:58.204 23972 23972 I SpinonBootstrap: SPINON_R05_SUBMIT renderer=wgpu input_seq=29 revision=29 generation=1 event_time_ns=1812808000000 handler_uptime_ns=1812809614239 queue_present_return_uptime_ns=1812811808989 draw_accepted=true present_signal=unavailable attribution=input
10-08 15:40:58.204 23972 23972 I SpinonBootstrap: SPINON_R05_PRESENT_FLUSH renderer=wgpu queued=true generation=1
10-08 15:40:58.204 23972 24029 I SpinonBootstrap: SPINON_R05_PRESENT_FLUSH requested=true renderer=wgpu generation=1
10-08 15:40:58.204 23972 23972 I SpinonBootstrap: SPINON_R08_TOUCH count=29
10-08 15:40:58.205 23972 24029 I SpinonBootstrap: SPINON_R05_PRESENT_BATCH renderer=wgpu generation=1 batch_seq=29 record_count=1 callback_tid=55 queue_depth=0 rejected_callback_batches=0 rejected_flush_tasks=0 callback_uptime_ns=1812812664697 attribution=unmatched
10-08 15:40:58.205 23972 24029 I SpinonBootstrap: SPINON_R05_PRESENT renderer=wgpu signal=SurfaceView_JankData generation=1 current_generation=1 current_surface=true batch_seq=29 record_index=0 callback_tid=55 queue_depth=0 vsync_id=-1 present_time_ns=-1 present_state=unknown jank_type=0 actual_app_frame_ns=0 scheduled_app_frame_ns=0 callback_uptime_ns=1812812664697 frame_id=unmatched revision=unmatched attribution=unmatched
10-08 15:40:58.583 23972 23972 I SpinonBootstrap: SPINON_R05_INPUT renderer=wgpu input_seq=30 phase=ACTION_UP timestamp_precision=nanosecond_representation input_source=unknown handler_clock_resolution=nanosecond_api event_time_ns=1813190000000 handler_uptime_ns=1813190793614 generation=1
10-08 15:40:58.585 23972 23972 I SpinonBootstrap: SPINON_R05_SUBMIT renderer=wgpu input_seq=30 revision=30 generation=1 event_time_ns=1813190000000 handler_uptime_ns=1813190853072 queue_present_return_uptime_ns=1813192751031 draw_accepted=true present_signal=unavailable attribution=input
10-08 15:40:58.585 23972 23972 I SpinonBootstrap: SPINON_R05_PRESENT_FLUSH renderer=wgpu queued=true generation=1
10-08 15:40:58.585 23972 24029 I SpinonBootstrap: SPINON_R05_PRESENT_FLUSH requested=true renderer=wgpu generation=1
10-08 15:40:58.585 23972 23972 I SpinonBootstrap: SPINON_R08_TOUCH count=30
10-08 15:40:58.586 23972 24029 I SpinonBootstrap: SPINON_R05_PRESENT_BATCH renderer=wgpu generation=1 batch_seq=30 record_count=1 callback_tid=55 queue_depth=0 rejected_callback_batches=0 rejected_flush_tasks=0 callback_uptime_ns=1813193843406 attribution=unmatched
10-08 15:40:58.586 23972 24029 I SpinonBootstrap: SPINON_R05_PRESENT renderer=wgpu signal=SurfaceView_JankData generation=1 current_generation=1 current_surface=true batch_seq=30 record_index=0 callback_tid=55 queue_depth=0 vsync_id=-1 present_time_ns=-1 present_state=unknown jank_type=0 actual_app_frame_ns=0 scheduled_app_frame_ns=0 callback_uptime_ns=1813193843406 frame_id=unmatched revision=unmatched attribution=unmatched
