--------- beginning of main
10-08 17:02:23.095 16751 16751 I SpinonBootstrap: SPINON_R08_UI=ready text-input=EditText accessibility=button+EditText
10-08 17:02:23.201 16751 16751 I SpinonBootstrap: SPINON_R05_SURFACE renderer=wgpu type=SurfaceView generation=1
10-08 17:02:23.201 16751 16751 I SpinonBootstrap: SPINON_R05_SIGNAL_CAPABILITY renderer=wgpu signal=SurfaceView_JankData available=true reason=registered api=37 api_full=3700002
10-08 17:02:23.307 16751 16751 I SpinonBootstrap: SPINON_R08_WGPU=ready backend=Vulkan device=VirtualGpu name=Goldfish GFXStream (llvmpipe (LLVM 21.1.4, 128 bits)) google_display_timing_supported=false format=Rgba8Unorm color_space=Auto supported_formats=[Rgba8UnormSrgb, Rgba8Unorm, Rgba16Float, Rgb10a2Unorm]
10-08 17:02:23.307 16751 16751 I SpinonBootstrap: SPINON_R08_WGPU_SURFACE=size 1080x1920
10-08 17:02:25.387 16751 16751 I SpinonBootstrap: SPINON_R05_INPUT renderer=wgpu input_seq=1 phase=ACTION_UP timestamp_precision=nanosecond_representation input_source=unknown handler_clock_resolution=nanosecond_api event_time_ns=6699992000000 input_uptime_anchor_ns=6699995204194 input_monotonic_before_ns=6699995203194 input_monotonic_after_ns=6699995204403 handler_uptime_ns=6699995204569 generation=1
10-08 17:02:25.389 16751 16751 I SpinonBootstrap: SPINON_R05_FRAME_TIMELINE_REQUEST renderer=wgpu request_id=1 input_seq=1 revision=1 generation=1 state=posted
10-08 17:02:25.389 16751 16751 I SpinonBootstrap: SPINON_R08_TOUCH count=1
10-08 17:02:25.425 16751 16751 I SpinonBootstrap: SPINON_R05_FRAME_TIMELINE_TARGET renderer=wgpu request_id=1 input_seq=1 revision=1 generation=1 vsync_id=149726 deadline_ns=6700056390488 expected_presentation_ns=6700072057154 render_mode=on_demand
10-08 17:02:25.425 16751 16751 I SpinonBootstrap: SPINON_R05_PRESENT_FENCE_LISTENER renderer=wgpu request_id=1 input_seq=1 revision=1 generation=1 target_vsync_id=149726 state=registered timeout_ms=2000
10-08 17:02:25.425 16751 16751 I SpinonBootstrap: SPINON_R05_FRAME_TIMELINE_APPLY renderer=wgpu request_id=1 input_seq=1 revision=1 generation=1 target_vsync_id=149726 transaction=queued_for_next_surface_frame
10-08 17:02:25.434 16751 16751 I SpinonBootstrap: SPINON_R05_SUBMIT renderer=wgpu input_seq=1 revision=1 generation=1 event_time_ns=6699992000000 handler_uptime_ns=6700033371403 queue_present_return_uptime_ns=6700041533111 draw_accepted=true present_signal=unavailable attribution=input
10-08 17:02:25.434 16751 16751 I SpinonBootstrap: SPINON_R05_PRESENT_FLUSH renderer=wgpu queued=true generation=1
10-08 17:02:25.434 16751 16751 I SpinonBootstrap: SPINON_R05_PRESENT_DRAIN renderer=wgpu generation=1 queued=true delay_ms=250
10-08 17:02:25.434 16751 16801 I SpinonBootstrap: SPINON_R05_PRESENT_FLUSH requested=true renderer=wgpu generation=1
10-08 17:02:25.435 16751 16801 I SpinonBootstrap: SPINON_R05_PRESENT_BATCH renderer=wgpu generation=1 batch_seq=1 record_count=2 callback_os_tid=16801 callback_thread_id=54 registering_thread_os_tid=16751 queue_depth=0 rejected_callback_batches=0 rejected_flush_tasks=0 callback_uptime_ns=6700042777819 attribution=unmatched
10-08 17:02:25.435 16751 16801 I SpinonBootstrap: SPINON_R05_PRESENT renderer=wgpu signal=SurfaceView_JankData generation=1 current_generation=1 current_surface=true batch_seq=1 record_index=0 callback_os_tid=16801 callback_thread_id=54 registering_thread_os_tid=16751 queue_depth=0 vsync_id=-1 present_time_ns=-1 present_state=unknown jank_type=0 actual_app_frame_ns=0 scheduled_app_frame_ns=0 callback_uptime_ns=6700042777819 frame_id=unavailable join_status=unmatched input_seq=-1 revision=-1 request_id=-1 target_vsync_id=-1
10-08 17:02:25.435 16751 16801 I SpinonBootstrap: SPINON_R05_PRESENT renderer=wgpu signal=SurfaceView_JankData generation=1 current_generation=1 current_surface=true batch_seq=1 record_index=1 callback_os_tid=16801 callback_thread_id=54 registering_thread_os_tid=16751 queue_depth=0 vsync_id=148775 present_time_ns=-1 present_state=unknown jank_type=2 actual_app_frame_ns=194035197 scheduled_app_frame_ns=16666666 callback_uptime_ns=6700042777819 frame_id=unavailable join_status=unmatched input_seq=-1 revision=-1 request_id=-1 target_vsync_id=-1
10-08 17:02:25.460 16751 16802 I SpinonBootstrap: SPINON_R05_PRESENT_FENCE renderer=wgpu request_id=1 input_seq=1 revision=1 event_time_ns=6699992000000 generation=1 current_generation=1 current_surface=true target_vsync_id=149726 outcome=callback_received fence_valid=true fence_state=pending signal_time_ns=9223372036854775807 latch_time_ns=6700056899694 fence_signal_usable=false callback_inline_overflow=false inline_callback_total=0 callback_os_tid=16802 callback_thread_id=55 queue_depth=0 input_uptime_anchor_ns=6699995204194 input_monotonic_before_ns=6699995203194 input_monotonic_after_ns=6699995204403 callback_uptime_anchor_ns=6700067581236 callback_monotonic_before_ns=6700067579986 callback_monotonic_after_ns=6700067581319 signal_observed_monotonic_ns=6700067622028 input_offset_min_ns=-209 input_offset_max_ns=1000 callback_offset_min_ns=-83 callback_offset_max_ns=1250 clock_offset_intervals_overlap=true processing_error=none fence_close_error=none
10-08 17:02:25.694 16751 16751 I SpinonBootstrap: SPINON_R05_PRESENT_FLUSH renderer=wgpu queued=true generation=1
10-08 17:02:25.694 16751 16801 I SpinonBootstrap: SPINON_R05_PRESENT_FLUSH requested=true renderer=wgpu generation=1
10-08 17:02:25.872 16751 16751 I SpinonBootstrap: SPINON_R05_INPUT renderer=wgpu input_seq=2 phase=ACTION_UP timestamp_precision=nanosecond_representation input_source=unknown handler_clock_resolution=nanosecond_api event_time_ns=6700478000000 input_uptime_anchor_ns=6700479790028 input_monotonic_before_ns=6700479789444 input_monotonic_after_ns=6700479790194 handler_uptime_ns=6700479790319 generation=1
10-08 17:02:25.872 16751 16751 I SpinonBootstrap: SPINON_R05_FRAME_TIMELINE_REQUEST renderer=wgpu request_id=2 input_seq=2 revision=2 generation=1 state=posted
10-08 17:02:25.872 16751 16751 I SpinonBootstrap: SPINON_R08_TOUCH count=2
10-08 17:02:25.882 16751 16751 I SpinonBootstrap: SPINON_R05_FRAME_TIMELINE_TARGET renderer=wgpu request_id=2 input_seq=2 revision=2 generation=1 vsync_id=149732 deadline_ns=6700506390470 expected_presentation_ns=6700522057136 render_mode=on_demand
10-08 17:02:25.882 16751 16751 I SpinonBootstrap: SPINON_R05_PRESENT_FENCE_LISTENER renderer=wgpu request_id=2 input_seq=2 revision=2 generation=1 target_vsync_id=149732 state=registered timeout_ms=2000
10-08 17:02:25.882 16751 16751 I SpinonBootstrap: SPINON_R05_FRAME_TIMELINE_APPLY renderer=wgpu request_id=2 input_seq=2 revision=2 generation=1 target_vsync_id=149732 transaction=queued_for_next_surface_frame
10-08 17:02:25.891 16751 16751 I SpinonBootstrap: SPINON_R05_SUBMIT renderer=wgpu input_seq=2 revision=2 generation=1 event_time_ns=6700478000000 handler_uptime_ns=6700490375944 queue_present_return_uptime_ns=6700498679903 draw_accepted=true present_signal=unavailable attribution=input
10-08 17:02:25.891 16751 16751 I SpinonBootstrap: SPINON_R05_PRESENT_FLUSH renderer=wgpu queued=true generation=1
10-08 17:02:25.891 16751 16751 I SpinonBootstrap: SPINON_R05_PRESENT_DRAIN renderer=wgpu generation=1 queued=true delay_ms=250
10-08 17:02:25.891 16751 16801 I SpinonBootstrap: SPINON_R05_PRESENT_FLUSH requested=true renderer=wgpu generation=1
10-08 17:02:25.910 16751 16802 I SpinonBootstrap: SPINON_R05_PRESENT_FENCE renderer=wgpu request_id=2 input_seq=2 revision=2 event_time_ns=6700478000000 generation=1 current_generation=1 current_surface=true target_vsync_id=149732 outcome=callback_received fence_valid=true fence_state=signaled signal_time_ns=6700517230611 latch_time_ns=6700506911569 fence_signal_usable=true callback_inline_overflow=false inline_callback_total=0 callback_os_tid=16802 callback_thread_id=55 queue_depth=0 input_uptime_anchor_ns=6700479790028 input_monotonic_before_ns=6700479789444 input_monotonic_after_ns=6700479790194 callback_uptime_anchor_ns=6700518388861 callback_monotonic_before_ns=6700518388153 callback_monotonic_after_ns=6700518388945 signal_observed_monotonic_ns=6700518396861 input_offset_min_ns=-166 input_offset_max_ns=584 callback_offset_min_ns=-84 callback_offset_max_ns=708 clock_offset_intervals_overlap=true processing_error=none fence_close_error=none
10-08 17:02:26.142 16751 16751 I SpinonBootstrap: SPINON_R05_PRESENT_FLUSH renderer=wgpu queued=true generation=1
10-08 17:02:26.142 16751 16801 I SpinonBootstrap: SPINON_R05_PRESENT_FLUSH requested=true renderer=wgpu generation=1
10-08 17:02:26.142 16751 16801 I SpinonBootstrap: SPINON_R05_PRESENT_BATCH renderer=wgpu generation=1 batch_seq=2 record_count=2 callback_os_tid=16801 callback_thread_id=54 registering_thread_os_tid=16751 queue_depth=0 rejected_callback_batches=0 rejected_flush_tasks=0 callback_uptime_ns=6700750137945 attribution=unmatched
10-08 17:02:26.142 16751 16801 I SpinonBootstrap: SPINON_R05_PRESENT renderer=wgpu signal=SurfaceView_JankData generation=1 current_generation=1 current_surface=true batch_seq=2 record_index=0 callback_os_tid=16801 callback_thread_id=54 registering_thread_os_tid=16751 queue_depth=0 vsync_id=149726 present_time_ns=-1 present_state=unknown jank_type=0 actual_app_frame_ns=50535288 scheduled_app_frame_ns=49999998 callback_uptime_ns=6700750137945 frame_id=unavailable join_status=exact_match input_seq=1 revision=1 request_id=1 target_vsync_id=149726
10-08 17:02:26.142 16751 16801 I SpinonBootstrap: SPINON_R05_PRESENT renderer=wgpu signal=SurfaceView_JankData generation=1 current_generation=1 current_surface=true batch_seq=2 record_index=1 callback_os_tid=16801 callback_thread_id=54 registering_thread_os_tid=16751 queue_depth=0 vsync_id=149732 present_time_ns=-1 present_state=unknown jank_type=0 actual_app_frame_ns=17214682 scheduled_app_frame_ns=16666666 callback_uptime_ns=6700750137945 frame_id=unavailable join_status=exact_match input_seq=2 revision=2 request_id=2 target_vsync_id=149732
10-08 17:02:26.353 16751 16751 I SpinonBootstrap: SPINON_R05_INPUT renderer=wgpu input_seq=3 phase=ACTION_UP timestamp_precision=nanosecond_representation input_source=unknown handler_clock_resolution=nanosecond_api event_time_ns=6700959000000 input_uptime_anchor_ns=6700960499861 input_monotonic_before_ns=6700960498736 input_monotonic_after_ns=6700960500111 handler_uptime_ns=6700960500236 generation=1
10-08 17:02:26.353 16751 16751 I SpinonBootstrap: SPINON_R05_FRAME_TIMELINE_REQUEST renderer=wgpu request_id=3 input_seq=3 revision=3 generation=1 state=posted
10-08 17:02:26.353 16751 16751 I SpinonBootstrap: SPINON_R08_TOUCH count=3
10-08 17:02:26.367 16751 16751 I SpinonBootstrap: SPINON_R05_FRAME_TIMELINE_TARGET renderer=wgpu request_id=3 input_seq=3 revision=3 generation=1 vsync_id=149740 deadline_ns=6700989723784 expected_presentation_ns=6701005390450 render_mode=on_demand
10-08 17:02:26.367 16751 16751 I SpinonBootstrap: SPINON_R05_PRESENT_FENCE_LISTENER renderer=wgpu request_id=3 input_seq=3 revision=3 generation=1 target_vsync_id=149740 state=registered timeout_ms=2000
10-08 17:02:26.367 16751 16751 I SpinonBootstrap: SPINON_R05_FRAME_TIMELINE_APPLY renderer=wgpu request_id=3 input_seq=3 revision=3 generation=1 target_vsync_id=149740 transaction=queued_for_next_surface_frame
10-08 17:02:26.369 16751 16751 I SpinonBootstrap: SPINON_R05_SUBMIT renderer=wgpu input_seq=3 revision=3 generation=1 event_time_ns=6700959000000 handler_uptime_ns=6700975207153 queue_present_return_uptime_ns=6700976939361 draw_accepted=true present_signal=unavailable attribution=input
10-08 17:02:26.369 16751 16751 I SpinonBootstrap: SPINON_R05_PRESENT_FLUSH renderer=wgpu queued=true generation=1
10-08 17:02:26.369 16751 16751 I SpinonBootstrap: SPINON_R05_PRESENT_DRAIN renderer=wgpu generation=1 queued=true delay_ms=250
10-08 17:02:26.369 16751 16801 I SpinonBootstrap: SPINON_R05_PRESENT_FLUSH requested=true renderer=wgpu generation=1
10-08 17:02:26.393 16751 16802 I SpinonBootstrap: SPINON_R05_PRESENT_FENCE renderer=wgpu request_id=3 input_seq=3 revision=3 event_time_ns=6700959000000 generation=1 current_generation=1 current_surface=true target_vsync_id=149740 outcome=callback_received fence_valid=true fence_state=signaled signal_time_ns=6700999584820 latch_time_ns=6700990204111 fence_signal_usable=true callback_inline_overflow=false inline_callback_total=0 callback_os_tid=16802 callback_thread_id=55 queue_depth=0 input_uptime_anchor_ns=6700960499861 input_monotonic_before_ns=6700960498736 input_monotonic_after_ns=6700960500111 callback_uptime_anchor_ns=6701000891028 callback_monotonic_before_ns=6701000890195 callback_monotonic_after_ns=6701000891111 signal_observed_monotonic_ns=6701000901028 input_offset_min_ns=-250 input_offset_max_ns=1125 callback_offset_min_ns=-83 callback_offset_max_ns=833 clock_offset_intervals_overlap=true processing_error=none fence_close_error=none
10-08 17:02:26.621 16751 16751 I SpinonBootstrap: SPINON_R05_PRESENT_FLUSH renderer=wgpu queued=true generation=1
10-08 17:02:26.621 16751 16801 I SpinonBootstrap: SPINON_R05_PRESENT_FLUSH requested=true renderer=wgpu generation=1
10-08 17:02:26.622 16751 16801 I SpinonBootstrap: SPINON_R05_PRESENT_BATCH renderer=wgpu generation=1 batch_seq=3 record_count=1 callback_os_tid=16801 callback_thread_id=54 registering_thread_os_tid=16751 queue_depth=0 rejected_callback_batches=0 rejected_flush_tasks=0 callback_uptime_ns=6701229721653 attribution=unmatched
10-08 17:02:26.622 16751 16801 I SpinonBootstrap: SPINON_R05_PRESENT renderer=wgpu signal=SurfaceView_JankData generation=1 current_generation=1 current_surface=true batch_seq=3 record_index=0 callback_os_tid=16801 callback_thread_id=54 registering_thread_os_tid=16751 queue_depth=0 vsync_id=149740 present_time_ns=-1 present_state=unknown jank_type=0 actual_app_frame_ns=17170452 scheduled_app_frame_ns=16666666 callback_uptime_ns=6701229721653 frame_id=unavailable join_status=exact_match input_seq=3 revision=3 request_id=3 target_vsync_id=149740
10-08 17:02:26.832 16751 16751 I SpinonBootstrap: SPINON_R05_INPUT renderer=wgpu input_seq=4 phase=ACTION_UP timestamp_precision=nanosecond_representation input_source=unknown handler_clock_resolution=nanosecond_api event_time_ns=6701438000000 input_uptime_anchor_ns=6701439719112 input_monotonic_before_ns=6701439717987 input_monotonic_after_ns=6701439719403 handler_uptime_ns=6701439719487 generation=1
10-08 17:02:26.832 16751 16751 I SpinonBootstrap: SPINON_R05_FRAME_TIMELINE_REQUEST renderer=wgpu request_id=4 input_seq=4 revision=4 generation=1 state=posted
10-08 17:02:26.832 16751 16751 I SpinonBootstrap: SPINON_R08_TOUCH count=4
10-08 17:02:26.849 16751 16751 I SpinonBootstrap: SPINON_R05_FRAME_TIMELINE_TARGET renderer=wgpu request_id=4 input_seq=4 revision=4 generation=1 vsync_id=149748 deadline_ns=6701473057098 expected_presentation_ns=6701488723764 render_mode=on_demand
10-08 17:02:26.849 16751 16751 I SpinonBootstrap: SPINON_R05_PRESENT_FENCE_LISTENER renderer=wgpu request_id=4 input_seq=4 revision=4 generation=1 target_vsync_id=149748 state=registered timeout_ms=2000
10-08 17:02:26.849 16751 16751 I SpinonBootstrap: SPINON_R05_FRAME_TIMELINE_APPLY renderer=wgpu request_id=4 input_seq=4 revision=4 generation=1 target_vsync_id=149748 transaction=queued_for_next_surface_frame
10-08 17:02:26.851 16751 16751 I SpinonBootstrap: SPINON_R05_SUBMIT renderer=wgpu input_seq=4 revision=4 generation=1 event_time_ns=6701438000000 handler_uptime_ns=6701456833445 queue_present_return_uptime_ns=6701458604528 draw_accepted=true present_signal=unavailable attribution=input
10-08 17:02:26.851 16751 16751 I SpinonBootstrap: SPINON_R05_PRESENT_FLUSH renderer=wgpu queued=true generation=1
10-08 17:02:26.851 16751 16751 I SpinonBootstrap: SPINON_R05_PRESENT_DRAIN renderer=wgpu generation=1 queued=true delay_ms=250
10-08 17:02:26.851 16751 16801 I SpinonBootstrap: SPINON_R05_PRESENT_FLUSH requested=true renderer=wgpu generation=1
10-08 17:02:26.875 16751 16802 I SpinonBootstrap: SPINON_R05_PRESENT_FENCE renderer=wgpu request_id=4 input_seq=4 revision=4 event_time_ns=6701438000000 generation=1 current_generation=1 current_surface=true target_vsync_id=149748 outcome=callback_received fence_valid=true fence_state=signaled signal_time_ns=6701482229070 latch_time_ns=6701473941528 fence_signal_usable=true callback_inline_overflow=false inline_callback_total=0 callback_os_tid=16802 callback_thread_id=55 queue_depth=0 input_uptime_anchor_ns=6701439719112 input_monotonic_before_ns=6701439717987 input_monotonic_after_ns=6701439719403 callback_uptime_anchor_ns=6701482649445 callback_monotonic_before_ns=6701482648653 callback_monotonic_after_ns=6701482649528 signal_observed_monotonic_ns=6701482658403 input_offset_min_ns=-291 input_offset_max_ns=1125 callback_offset_min_ns=-83 callback_offset_max_ns=792 clock_offset_intervals_overlap=true processing_error=none fence_close_error=none
10-08 17:02:27.102 16751 16751 I SpinonBootstrap: SPINON_R05_PRESENT_FLUSH renderer=wgpu queued=true generation=1
10-08 17:02:27.102 16751 16801 I SpinonBootstrap: SPINON_R05_PRESENT_FLUSH requested=true renderer=wgpu generation=1
10-08 17:02:27.102 16751 16801 I SpinonBootstrap: SPINON_R05_PRESENT_BATCH renderer=wgpu generation=1 batch_seq=4 record_count=1 callback_os_tid=16801 callback_thread_id=54 registering_thread_os_tid=16751 queue_depth=0 rejected_callback_batches=0 rejected_flush_tasks=0 callback_uptime_ns=6701710315070 attribution=unmatched
10-08 17:02:27.102 16751 16801 I SpinonBootstrap: SPINON_R05_PRESENT renderer=wgpu signal=SurfaceView_JankData generation=1 current_generation=1 current_surface=true batch_seq=4 record_index=0 callback_os_tid=16801 callback_thread_id=54 registering_thread_os_tid=16751 queue_depth=0 vsync_id=149748 present_time_ns=-1 present_state=unknown jank_type=0 actual_app_frame_ns=17575013 scheduled_app_frame_ns=16666666 callback_uptime_ns=6701710315070 frame_id=unavailable join_status=exact_match input_seq=4 revision=4 request_id=4 target_vsync_id=149748
10-08 17:02:27.311 16751 16751 I SpinonBootstrap: SPINON_R05_INPUT renderer=wgpu input_seq=5 phase=ACTION_UP timestamp_precision=nanosecond_representation input_source=unknown handler_clock_resolution=nanosecond_api event_time_ns=6701918000000 input_uptime_anchor_ns=6701919299654 input_monotonic_before_ns=6701919298779 input_monotonic_after_ns=6701919299862 handler_uptime_ns=6701919299987 generation=1
10-08 17:02:27.312 16751 16751 I SpinonBootstrap: SPINON_R05_FRAME_TIMELINE_REQUEST renderer=wgpu request_id=5 input_seq=5 revision=5 generation=1 state=posted
10-08 17:02:27.312 16751 16751 I SpinonBootstrap: SPINON_R08_TOUCH count=5
10-08 17:02:27.316 16751 16751 I SpinonBootstrap: SPINON_R05_FRAME_TIMELINE_TARGET renderer=wgpu request_id=5 input_seq=5 revision=5 generation=1 vsync_id=149764 deadline_ns=6701939723746 expected_presentation_ns=6701955390412 render_mode=on_demand
10-08 17:02:27.316 16751 16751 I SpinonBootstrap: SPINON_R05_PRESENT_FENCE_LISTENER renderer=wgpu request_id=5 input_seq=5 revision=5 generation=1 target_vsync_id=149764 state=registered timeout_ms=2000
10-08 17:02:27.316 16751 16751 I SpinonBootstrap: SPINON_R05_FRAME_TIMELINE_APPLY renderer=wgpu request_id=5 input_seq=5 revision=5 generation=1 target_vsync_id=149764 transaction=queued_for_next_surface_frame
10-08 17:02:27.319 16751 16751 I SpinonBootstrap: SPINON_R05_SUBMIT renderer=wgpu input_seq=5 revision=5 generation=1 event_time_ns=6701918000000 handler_uptime_ns=6701924381862 queue_present_return_uptime_ns=6701926615612 draw_accepted=true present_signal=unavailable attribution=input
10-08 17:02:27.319 16751 16751 I SpinonBootstrap: SPINON_R05_PRESENT_FLUSH renderer=wgpu queued=true generation=1
10-08 17:02:27.319 16751 16751 I SpinonBootstrap: SPINON_R05_PRESENT_DRAIN renderer=wgpu generation=1 queued=true delay_ms=250
10-08 17:02:27.319 16751 16801 I SpinonBootstrap: SPINON_R05_PRESENT_FLUSH requested=true renderer=wgpu generation=1
10-08 17:02:27.344 16751 16802 I SpinonBootstrap: SPINON_R05_PRESENT_FENCE renderer=wgpu request_id=5 input_seq=5 revision=5 event_time_ns=6701918000000 generation=1 current_generation=1 current_surface=true target_vsync_id=149764 outcome=callback_received fence_valid=true fence_state=signaled signal_time_ns=6701951313529 latch_time_ns=6701940537654 fence_signal_usable=true callback_inline_overflow=false inline_callback_total=0 callback_os_tid=16802 callback_thread_id=55 queue_depth=0 input_uptime_anchor_ns=6701919299654 input_monotonic_before_ns=6701919298779 input_monotonic_after_ns=6701919299862 callback_uptime_anchor_ns=6701951734237 callback_monotonic_before_ns=6701951733195 callback_monotonic_after_ns=6701951734279 signal_observed_monotonic_ns=6701951743029 input_offset_min_ns=-208 input_offset_max_ns=875 callback_offset_min_ns=-42 callback_offset_max_ns=1042 clock_offset_intervals_overlap=true processing_error=none fence_close_error=none
10-08 17:02:27.569 16751 16751 I SpinonBootstrap: SPINON_R05_PRESENT_FLUSH renderer=wgpu queued=true generation=1
10-08 17:02:27.569 16751 16801 I SpinonBootstrap: SPINON_R05_PRESENT_FLUSH requested=true renderer=wgpu generation=1
10-08 17:02:27.569 16751 16801 I SpinonBootstrap: SPINON_R05_PRESENT_BATCH renderer=wgpu generation=1 batch_seq=5 record_count=1 callback_os_tid=16801 callback_thread_id=54 registering_thread_os_tid=16751 queue_depth=0 rejected_callback_batches=0 rejected_flush_tasks=0 callback_uptime_ns=6702177455237 attribution=unmatched
10-08 17:02:27.570 16751 16801 I SpinonBootstrap: SPINON_R05_PRESENT renderer=wgpu signal=SurfaceView_JankData generation=1 current_generation=1 current_surface=true batch_seq=5 record_index=0 callback_os_tid=16801 callback_thread_id=54 registering_thread_os_tid=16751 queue_depth=0 vsync_id=149764 present_time_ns=-1 present_state=unknown jank_type=0 actual_app_frame_ns=17504115 scheduled_app_frame_ns=16666666 callback_uptime_ns=6702177455237 frame_id=unavailable join_status=exact_match input_seq=5 revision=5 request_id=5 target_vsync_id=149764
10-08 17:02:27.790 16751 16751 I SpinonBootstrap: SPINON_R05_INPUT renderer=wgpu input_seq=6 phase=ACTION_UP timestamp_precision=nanosecond_representation input_source=unknown handler_clock_resolution=nanosecond_api event_time_ns=6702396000000 input_uptime_anchor_ns=6702397787904 input_monotonic_before_ns=6702397786987 input_monotonic_after_ns=6702397788070 handler_uptime_ns=6702397788195 generation=1
10-08 17:02:27.790 16751 16751 I SpinonBootstrap: SPINON_R05_FRAME_TIMELINE_REQUEST renderer=wgpu request_id=6 input_seq=6 revision=6 generation=1 state=posted
10-08 17:02:27.790 16751 16751 I SpinonBootstrap: SPINON_R08_TOUCH count=6
10-08 17:02:27.799 16751 16751 I SpinonBootstrap: SPINON_R05_FRAME_TIMELINE_TARGET renderer=wgpu request_id=6 input_seq=6 revision=6 generation=1 vsync_id=149772 deadline_ns=6702423057060 expected_presentation_ns=6702438723726 render_mode=on_demand
10-08 17:02:27.799 16751 16751 I SpinonBootstrap: SPINON_R05_PRESENT_FENCE_LISTENER renderer=wgpu request_id=6 input_seq=6 revision=6 generation=1 target_vsync_id=149772 state=registered timeout_ms=2000
10-08 17:02:27.799 16751 16751 I SpinonBootstrap: SPINON_R05_FRAME_TIMELINE_APPLY renderer=wgpu request_id=6 input_seq=6 revision=6 generation=1 target_vsync_id=149772 transaction=queued_for_next_surface_frame
10-08 17:02:27.801 16751 16751 I SpinonBootstrap: SPINON_R05_SUBMIT renderer=wgpu input_seq=6 revision=6 generation=1 event_time_ns=6702396000000 handler_uptime_ns=6702407357612 queue_present_return_uptime_ns=6702408985029 draw_accepted=true present_signal=unavailable attribution=input
10-08 17:02:27.801 16751 16751 I SpinonBootstrap: SPINON_R05_PRESENT_FLUSH renderer=wgpu queued=true generation=1
10-08 17:02:27.801 16751 16751 I SpinonBootstrap: SPINON_R05_PRESENT_DRAIN renderer=wgpu generation=1 queued=true delay_ms=250
10-08 17:02:27.801 16751 16801 I SpinonBootstrap: SPINON_R05_PRESENT_FLUSH requested=true renderer=wgpu generation=1
10-08 17:02:27.831 16751 16802 I SpinonBootstrap: SPINON_R05_PRESENT_FENCE renderer=wgpu request_id=6 input_seq=6 revision=6 event_time_ns=6702396000000 generation=1 current_generation=1 current_surface=true target_vsync_id=149772 outcome=callback_received fence_valid=true fence_state=signaled signal_time_ns=6702438116154 latch_time_ns=6702427587737 fence_signal_usable=true callback_inline_overflow=false inline_callback_total=0 callback_os_tid=16802 callback_thread_id=55 queue_depth=0 input_uptime_anchor_ns=6702397787904 input_monotonic_before_ns=6702397786987 input_monotonic_after_ns=6702397788070 callback_uptime_anchor_ns=6702438664779 callback_monotonic_before_ns=6702438663820 callback_monotonic_after_ns=6702438664862 signal_observed_monotonic_ns=6702438876820 input_offset_min_ns=-166 input_offset_max_ns=917 callback_offset_min_ns=-83 callback_offset_max_ns=959 clock_offset_intervals_overlap=true processing_error=none fence_close_error=none
10-08 17:02:28.054 16751 16751 I SpinonBootstrap: SPINON_R05_PRESENT_FLUSH renderer=wgpu queued=true generation=1
10-08 17:02:28.054 16751 16801 I SpinonBootstrap: SPINON_R05_PRESENT_FLUSH requested=true renderer=wgpu generation=1
10-08 17:02:28.265 16751 16751 I SpinonBootstrap: SPINON_R05_INPUT renderer=wgpu input_seq=7 phase=ACTION_UP timestamp_precision=nanosecond_representation input_source=unknown handler_clock_resolution=nanosecond_api event_time_ns=6702871000000 input_uptime_anchor_ns=6702872684487 input_monotonic_before_ns=6702872683862 input_monotonic_after_ns=6702872684654 handler_uptime_ns=6702872684779 generation=1
10-08 17:02:28.265 16751 16751 I SpinonBootstrap: SPINON_R05_FRAME_TIMELINE_REQUEST renderer=wgpu request_id=7 input_seq=7 revision=7 generation=1 state=posted
10-08 17:02:28.265 16751 16751 I SpinonBootstrap: SPINON_R08_TOUCH count=7
10-08 17:02:28.284 16751 16751 I SpinonBootstrap: SPINON_R05_FRAME_TIMELINE_TARGET renderer=wgpu request_id=7 input_seq=7 revision=7 generation=1 vsync_id=149780 deadline_ns=6702906390374 expected_presentation_ns=6702922057040 render_mode=on_demand
10-08 17:02:28.284 16751 16751 I SpinonBootstrap: SPINON_R05_PRESENT_FENCE_LISTENER renderer=wgpu request_id=7 input_seq=7 revision=7 generation=1 target_vsync_id=149780 state=registered timeout_ms=2000
10-08 17:02:28.284 16751 16751 I SpinonBootstrap: SPINON_R05_FRAME_TIMELINE_APPLY renderer=wgpu request_id=7 input_seq=7 revision=7 generation=1 target_vsync_id=149780 transaction=queued_for_next_surface_frame
10-08 17:02:28.286 16751 16751 I SpinonBootstrap: SPINON_R05_SUBMIT renderer=wgpu input_seq=7 revision=7 generation=1 event_time_ns=6702871000000 handler_uptime_ns=6702892125154 queue_present_return_uptime_ns=6702893808404 draw_accepted=true present_signal=unavailable attribution=input
10-08 17:02:28.286 16751 16751 I SpinonBootstrap: SPINON_R05_PRESENT_FLUSH renderer=wgpu queued=true generation=1
10-08 17:02:28.286 16751 16751 I SpinonBootstrap: SPINON_R05_PRESENT_DRAIN renderer=wgpu generation=1 queued=true delay_ms=250
10-08 17:02:28.286 16751 16801 I SpinonBootstrap: SPINON_R05_PRESENT_FLUSH requested=true renderer=wgpu generation=1
10-08 17:02:28.310 16751 16802 I SpinonBootstrap: SPINON_R05_PRESENT_FENCE renderer=wgpu request_id=7 input_seq=7 revision=7 event_time_ns=6702871000000 generation=1 current_generation=1 current_surface=true target_vsync_id=149780 outcome=callback_received fence_valid=true fence_state=signaled signal_time_ns=6702917000737 latch_time_ns=6702906900487 fence_signal_usable=true callback_inline_overflow=false inline_callback_total=0 callback_os_tid=16802 callback_thread_id=55 queue_depth=0 input_uptime_anchor_ns=6702872684487 input_monotonic_before_ns=6702872683862 input_monotonic_after_ns=6702872684654 callback_uptime_anchor_ns=6702917861946 callback_monotonic_before_ns=6702917860654 callback_monotonic_after_ns=6702917862029 signal_observed_monotonic_ns=6702917870862 input_offset_min_ns=-167 input_offset_max_ns=625 callback_offset_min_ns=-83 callback_offset_max_ns=1292 clock_offset_intervals_overlap=true processing_error=none fence_close_error=none
10-08 17:02:28.537 16751 16751 I SpinonBootstrap: SPINON_R05_PRESENT_FLUSH renderer=wgpu queued=true generation=1
10-08 17:02:28.537 16751 16801 I SpinonBootstrap: SPINON_R05_PRESENT_FLUSH requested=true renderer=wgpu generation=1
10-08 17:02:28.538 16751 16801 I SpinonBootstrap: SPINON_R05_PRESENT_BATCH renderer=wgpu generation=1 batch_seq=6 record_count=2 callback_os_tid=16801 callback_thread_id=54 registering_thread_os_tid=16751 queue_depth=0 rejected_callback_batches=0 rejected_flush_tasks=0 callback_uptime_ns=6703145761279 attribution=unmatched
10-08 17:02:28.538 16751 16801 I SpinonBootstrap: SPINON_R05_PRESENT renderer=wgpu signal=SurfaceView_JankData generation=1 current_generation=1 current_surface=true batch_seq=6 record_index=0 callback_os_tid=16801 callback_thread_id=54 registering_thread_os_tid=16751 queue_depth=0 vsync_id=149772 present_time_ns=-1 present_state=unknown jank_type=0 actual_app_frame_ns=21224468 scheduled_app_frame_ns=16666666 callback_uptime_ns=6703145761279 frame_id=unavailable join_status=exact_match input_seq=6 revision=6 request_id=6 target_vsync_id=149772
10-08 17:02:28.538 16751 16801 I SpinonBootstrap: SPINON_R05_PRESENT renderer=wgpu signal=SurfaceView_JankData generation=1 current_generation=1 current_surface=true batch_seq=6 record_index=1 callback_os_tid=16801 callback_thread_id=54 registering_thread_os_tid=16751 queue_depth=0 vsync_id=149780 present_time_ns=-1 present_state=unknown jank_type=0 actual_app_frame_ns=17207196 scheduled_app_frame_ns=16666666 callback_uptime_ns=6703145761279 frame_id=unavailable join_status=exact_match input_seq=7 revision=7 request_id=7 target_vsync_id=149780
10-08 17:02:28.743 16751 16751 I SpinonBootstrap: SPINON_R05_INPUT renderer=wgpu input_seq=8 phase=ACTION_UP timestamp_precision=nanosecond_representation input_source=unknown handler_clock_resolution=nanosecond_api event_time_ns=6703350000000 input_uptime_anchor_ns=6703351167113 input_monotonic_before_ns=6703351166071 input_monotonic_after_ns=6703351167363 handler_uptime_ns=6703351167488 generation=1
10-08 17:02:28.743 16751 16751 I SpinonBootstrap: SPINON_R05_FRAME_TIMELINE_REQUEST renderer=wgpu request_id=8 input_seq=8 revision=8 generation=1 state=posted
10-08 17:02:28.743 16751 16751 I SpinonBootstrap: SPINON_R08_TOUCH count=8
10-08 17:02:28.749 16751 16751 I SpinonBootstrap: SPINON_R05_FRAME_TIMELINE_TARGET renderer=wgpu request_id=8 input_seq=8 revision=8 generation=1 vsync_id=149795 deadline_ns=6703373057022 expected_presentation_ns=6703388723688 render_mode=on_demand
10-08 17:02:28.749 16751 16751 I SpinonBootstrap: SPINON_R05_PRESENT_FENCE_LISTENER renderer=wgpu request_id=8 input_seq=8 revision=8 generation=1 target_vsync_id=149795 state=registered timeout_ms=2000
10-08 17:02:28.749 16751 16751 I SpinonBootstrap: SPINON_R05_FRAME_TIMELINE_APPLY renderer=wgpu request_id=8 input_seq=8 revision=8 generation=1 target_vsync_id=149795 transaction=queued_for_next_surface_frame
10-08 17:02:28.751 16751 16751 I SpinonBootstrap: SPINON_R05_SUBMIT renderer=wgpu input_seq=8 revision=8 generation=1 event_time_ns=6703350000000 handler_uptime_ns=6703357034696 queue_present_return_uptime_ns=6703358736404 draw_accepted=true present_signal=unavailable attribution=input
10-08 17:02:28.751 16751 16751 I SpinonBootstrap: SPINON_R05_PRESENT_FLUSH renderer=wgpu queued=true generation=1
10-08 17:02:28.751 16751 16751 I SpinonBootstrap: SPINON_R05_PRESENT_DRAIN renderer=wgpu generation=1 queued=true delay_ms=250
10-08 17:02:28.751 16751 16801 I SpinonBootstrap: SPINON_R05_PRESENT_FLUSH requested=true renderer=wgpu generation=1
10-08 17:02:28.779 16751 16802 I SpinonBootstrap: SPINON_R05_PRESENT_FENCE renderer=wgpu request_id=8 input_seq=8 revision=8 event_time_ns=6703350000000 generation=1 current_generation=1 current_surface=true target_vsync_id=149795 outcome=callback_received fence_valid=true fence_state=signaled signal_time_ns=6703386023821 latch_time_ns=6703375068946 fence_signal_usable=true callback_inline_overflow=false inline_callback_total=0 callback_os_tid=16802 callback_thread_id=55 queue_depth=0 input_uptime_anchor_ns=6703351167113 input_monotonic_before_ns=6703351166071 input_monotonic_after_ns=6703351167363 callback_uptime_anchor_ns=6703386759404 callback_monotonic_before_ns=6703386758529 callback_monotonic_after_ns=6703386759529 signal_observed_monotonic_ns=6703386773238 input_offset_min_ns=-250 input_offset_max_ns=1042 callback_offset_min_ns=-125 callback_offset_max_ns=875 clock_offset_intervals_overlap=true processing_error=none fence_close_error=none
10-08 17:02:29.001 16751 16751 I SpinonBootstrap: SPINON_R05_PRESENT_FLUSH renderer=wgpu queued=true generation=1
10-08 17:02:29.001 16751 16801 I SpinonBootstrap: SPINON_R05_PRESENT_FLUSH requested=true renderer=wgpu generation=1
10-08 17:02:29.001 16751 16801 I SpinonBootstrap: SPINON_R05_PRESENT_BATCH renderer=wgpu generation=1 batch_seq=7 record_count=1 callback_os_tid=16801 callback_thread_id=54 registering_thread_os_tid=16751 queue_depth=0 rejected_callback_batches=0 rejected_flush_tasks=0 callback_uptime_ns=6703609437154 attribution=unmatched
10-08 17:02:29.002 16751 16801 I SpinonBootstrap: SPINON_R05_PRESENT renderer=wgpu signal=SurfaceView_JankData generation=1 current_generation=1 current_surface=true batch_seq=7 record_index=0 callback_os_tid=16801 callback_thread_id=54 registering_thread_os_tid=16751 queue_depth=0 vsync_id=149795 present_time_ns=-1 present_state=unknown jank_type=0 actual_app_frame_ns=18703173 scheduled_app_frame_ns=16666666 callback_uptime_ns=6703609437154 frame_id=unavailable join_status=exact_match input_seq=8 revision=8 request_id=8 target_vsync_id=149795
10-08 17:02:29.216 16751 16751 I SpinonBootstrap: SPINON_R05_INPUT renderer=wgpu input_seq=9 phase=ACTION_UP timestamp_precision=nanosecond_representation input_source=unknown handler_clock_resolution=nanosecond_api event_time_ns=6703822000000 input_uptime_anchor_ns=6703823612071 input_monotonic_before_ns=6703823610904 input_monotonic_after_ns=6703823612196 handler_uptime_ns=6703823612321 generation=1
10-08 17:02:29.216 16751 16751 I SpinonBootstrap: SPINON_R05_FRAME_TIMELINE_REQUEST renderer=wgpu request_id=9 input_seq=9 revision=9 generation=1 state=posted
10-08 17:02:29.216 16751 16751 I SpinonBootstrap: SPINON_R08_TOUCH count=9
10-08 17:02:29.232 16751 16751 I SpinonBootstrap: SPINON_R05_FRAME_TIMELINE_TARGET renderer=wgpu request_id=9 input_seq=9 revision=9 generation=1 vsync_id=149803 deadline_ns=6703856390336 expected_presentation_ns=6703872057002 render_mode=on_demand
10-08 17:02:29.232 16751 16751 I SpinonBootstrap: SPINON_R05_PRESENT_FENCE_LISTENER renderer=wgpu request_id=9 input_seq=9 revision=9 generation=1 target_vsync_id=149803 state=registered timeout_ms=2000
10-08 17:02:29.232 16751 16751 I SpinonBootstrap: SPINON_R05_FRAME_TIMELINE_APPLY renderer=wgpu request_id=9 input_seq=9 revision=9 generation=1 target_vsync_id=149803 transaction=queued_for_next_surface_frame
10-08 17:02:29.234 16751 16751 I SpinonBootstrap: SPINON_R05_SUBMIT renderer=wgpu input_seq=9 revision=9 generation=1 event_time_ns=6703822000000 handler_uptime_ns=6703840360571 queue_present_return_uptime_ns=6703842230904 draw_accepted=true present_signal=unavailable attribution=input
10-08 17:02:29.234 16751 16751 I SpinonBootstrap: SPINON_R05_PRESENT_FLUSH renderer=wgpu queued=true generation=1
10-08 17:02:29.234 16751 16751 I SpinonBootstrap: SPINON_R05_PRESENT_DRAIN renderer=wgpu generation=1 queued=true delay_ms=250
10-08 17:02:29.234 16751 16801 I SpinonBootstrap: SPINON_R05_PRESENT_FLUSH requested=true renderer=wgpu generation=1
10-08 17:02:29.259 16751 16802 I SpinonBootstrap: SPINON_R05_PRESENT_FENCE renderer=wgpu request_id=9 input_seq=9 revision=9 event_time_ns=6703822000000 generation=1 current_generation=1 current_surface=true target_vsync_id=149803 outcome=callback_received fence_valid=true fence_state=signaled signal_time_ns=6703866835988 latch_time_ns=6703856734029 fence_signal_usable=true callback_inline_overflow=false inline_callback_total=0 callback_os_tid=16802 callback_thread_id=55 queue_depth=0 input_uptime_anchor_ns=6703823612071 input_monotonic_before_ns=6703823610904 input_monotonic_after_ns=6703823612196 callback_uptime_anchor_ns=6703867359029 callback_monotonic_before_ns=6703867357863 callback_monotonic_after_ns=6703867359113 signal_observed_monotonic_ns=6703867368863 input_offset_min_ns=-125 input_offset_max_ns=1167 callback_offset_min_ns=-84 callback_offset_max_ns=1166 clock_offset_intervals_overlap=true processing_error=none fence_close_error=none
10-08 17:02:29.486 16751 16751 I SpinonBootstrap: SPINON_R05_PRESENT_FLUSH renderer=wgpu queued=true generation=1
10-08 17:02:29.486 16751 16801 I SpinonBootstrap: SPINON_R05_PRESENT_FLUSH requested=true renderer=wgpu generation=1
10-08 17:02:29.486 16751 16801 I SpinonBootstrap: SPINON_R05_PRESENT_BATCH renderer=wgpu generation=1 batch_seq=8 record_count=1 callback_os_tid=16801 callback_thread_id=54 registering_thread_os_tid=16751 queue_depth=0 rejected_callback_batches=0 rejected_flush_tasks=0 callback_uptime_ns=6704094246321 attribution=unmatched
10-08 17:02:29.486 16751 16801 I SpinonBootstrap: SPINON_R05_PRESENT renderer=wgpu signal=SurfaceView_JankData generation=1 current_generation=1 current_surface=true batch_seq=8 record_index=0 callback_os_tid=16801 callback_thread_id=54 registering_thread_os_tid=16751 queue_depth=0 vsync_id=149803 present_time_ns=-1 present_state=unknown jank_type=0 actual_app_frame_ns=17034484 scheduled_app_frame_ns=16666666 callback_uptime_ns=6704094246321 frame_id=unavailable join_status=exact_match input_seq=9 revision=9 request_id=9 target_vsync_id=149803
10-08 17:02:29.694 16751 16751 I SpinonBootstrap: SPINON_R05_INPUT renderer=wgpu input_seq=10 phase=ACTION_UP timestamp_precision=nanosecond_representation input_source=unknown handler_clock_resolution=nanosecond_api event_time_ns=6704300000000 input_uptime_anchor_ns=6704301704821 input_monotonic_before_ns=6704301704238 input_monotonic_after_ns=6704301705071 handler_uptime_ns=6704301705196 generation=1
10-08 17:02:29.694 16751 16751 I SpinonBootstrap: SPINON_R05_FRAME_TIMELINE_REQUEST renderer=wgpu request_id=10 input_seq=10 revision=10 generation=1 state=posted
10-08 17:02:29.694 16751 16751 I SpinonBootstrap: SPINON_R08_TOUCH count=10
10-08 17:02:29.699 16751 16751 I SpinonBootstrap: SPINON_R05_FRAME_TIMELINE_TARGET renderer=wgpu request_id=10 input_seq=10 revision=10 generation=1 vsync_id=149811 deadline_ns=6704323056984 expected_presentation_ns=6704338723650 render_mode=on_demand
10-08 17:02:29.699 16751 16751 I SpinonBootstrap: SPINON_R05_PRESENT_FENCE_LISTENER renderer=wgpu request_id=10 input_seq=10 revision=10 generation=1 target_vsync_id=149811 state=registered timeout_ms=2000
10-08 17:02:29.699 16751 16751 I SpinonBootstrap: SPINON_R05_FRAME_TIMELINE_APPLY renderer=wgpu request_id=10 input_seq=10 revision=10 generation=1 target_vsync_id=149811 transaction=queued_for_next_surface_frame
10-08 17:02:29.701 16751 16751 I SpinonBootstrap: SPINON_R05_SUBMIT renderer=wgpu input_seq=10 revision=10 generation=1 event_time_ns=6704300000000 handler_uptime_ns=6704306742280 queue_present_return_uptime_ns=6704308884196 draw_accepted=true present_signal=unavailable attribution=input
10-08 17:02:29.701 16751 16751 I SpinonBootstrap: SPINON_R05_PRESENT_FLUSH renderer=wgpu queued=true generation=1
10-08 17:02:29.701 16751 16751 I SpinonBootstrap: SPINON_R05_PRESENT_DRAIN renderer=wgpu generation=1 queued=true delay_ms=250
10-08 17:02:29.701 16751 16801 I SpinonBootstrap: SPINON_R05_PRESENT_FLUSH requested=true renderer=wgpu generation=1
10-08 17:02:29.729 16751 16802 I SpinonBootstrap: SPINON_R05_PRESENT_FENCE renderer=wgpu request_id=10 input_seq=10 revision=10 event_time_ns=6704300000000 generation=1 current_generation=1 current_surface=true target_vsync_id=149811 outcome=callback_received fence_valid=true fence_state=signaled signal_time_ns=6704336320780 latch_time_ns=6704325025488 fence_signal_usable=true callback_inline_overflow=false inline_callback_total=0 callback_os_tid=16802 callback_thread_id=55 queue_depth=0 input_uptime_anchor_ns=6704301704821 input_monotonic_before_ns=6704301704238 input_monotonic_after_ns=6704301705071 callback_uptime_anchor_ns=6704336944113 callback_monotonic_before_ns=6704336943238 callback_monotonic_after_ns=6704336944196 signal_observed_monotonic_ns=6704337133363 input_offset_min_ns=-250 input_offset_max_ns=583 callback_offset_min_ns=-83 callback_offset_max_ns=875 clock_offset_intervals_overlap=true processing_error=none fence_close_error=none
10-08 17:02:29.952 16751 16751 I SpinonBootstrap: SPINON_R05_PRESENT_FLUSH renderer=wgpu queued=true generation=1
10-08 17:02:29.952 16751 16801 I SpinonBootstrap: SPINON_R05_PRESENT_FLUSH requested=true renderer=wgpu generation=1
10-08 17:02:29.953 16751 16801 I SpinonBootstrap: SPINON_R05_PRESENT_BATCH renderer=wgpu generation=1 batch_seq=9 record_count=1 callback_os_tid=16801 callback_thread_id=54 registering_thread_os_tid=16751 queue_depth=0 rejected_callback_batches=0 rejected_flush_tasks=0 callback_uptime_ns=6704560737988 attribution=unmatched
10-08 17:02:29.953 16751 16801 I SpinonBootstrap: SPINON_R05_PRESENT renderer=wgpu signal=SurfaceView_JankData generation=1 current_generation=1 current_surface=true batch_seq=9 record_index=0 callback_os_tid=16801 callback_thread_id=54 registering_thread_os_tid=16751 queue_depth=0 vsync_id=149811 present_time_ns=-1 present_state=unknown jank_type=0 actual_app_frame_ns=18658087 scheduled_app_frame_ns=16666666 callback_uptime_ns=6704560737988 frame_id=unavailable join_status=exact_match input_seq=10 revision=10 request_id=10 target_vsync_id=149811
10-08 17:02:30.171 16751 16751 I SpinonBootstrap: SPINON_R05_INPUT renderer=wgpu input_seq=11 phase=ACTION_UP timestamp_precision=nanosecond_representation input_source=unknown handler_clock_resolution=nanosecond_api event_time_ns=6704777000000 input_uptime_anchor_ns=6704778758405 input_monotonic_before_ns=6704778757405 input_monotonic_after_ns=6704778758530 handler_uptime_ns=6704778758697 generation=1
10-08 17:02:30.171 16751 16751 I SpinonBootstrap: SPINON_R05_FRAME_TIMELINE_REQUEST renderer=wgpu request_id=11 input_seq=11 revision=11 generation=1 state=posted
10-08 17:02:30.171 16751 16751 I SpinonBootstrap: SPINON_R08_TOUCH count=11
10-08 17:02:30.182 16751 16751 I SpinonBootstrap: SPINON_R05_FRAME_TIMELINE_TARGET renderer=wgpu request_id=11 input_seq=11 revision=11 generation=1 vsync_id=149819 deadline_ns=6704806390298 expected_presentation_ns=6704822056964 render_mode=on_demand
10-08 17:02:30.182 16751 16751 I SpinonBootstrap: SPINON_R05_PRESENT_FENCE_LISTENER renderer=wgpu request_id=11 input_seq=11 revision=11 generation=1 target_vsync_id=149819 state=registered timeout_ms=2000
10-08 17:02:30.182 16751 16751 I SpinonBootstrap: SPINON_R05_FRAME_TIMELINE_APPLY renderer=wgpu request_id=11 input_seq=11 revision=11 generation=1 target_vsync_id=149819 transaction=queued_for_next_surface_frame
10-08 17:02:30.184 16751 16751 I SpinonBootstrap: SPINON_R05_SUBMIT renderer=wgpu input_seq=11 revision=11 generation=1 event_time_ns=6704777000000 handler_uptime_ns=6704790273488 queue_present_return_uptime_ns=6704791939488 draw_accepted=true present_signal=unavailable attribution=input
10-08 17:02:30.184 16751 16751 I SpinonBootstrap: SPINON_R05_PRESENT_FLUSH renderer=wgpu queued=true generation=1
10-08 17:02:30.184 16751 16751 I SpinonBootstrap: SPINON_R05_PRESENT_DRAIN renderer=wgpu generation=1 queued=true delay_ms=250
10-08 17:02:30.184 16751 16801 I SpinonBootstrap: SPINON_R05_PRESENT_FLUSH requested=true renderer=wgpu generation=1
10-08 17:02:30.210 16751 16802 I SpinonBootstrap: SPINON_R05_PRESENT_FENCE renderer=wgpu request_id=11 input_seq=11 revision=11 event_time_ns=6704777000000 generation=1 current_generation=1 current_surface=true target_vsync_id=149819 outcome=callback_received fence_valid=true fence_state=signaled signal_time_ns=6704816779488 latch_time_ns=6704806950822 fence_signal_usable=true callback_inline_overflow=false inline_callback_total=0 callback_os_tid=16802 callback_thread_id=55 queue_depth=0 input_uptime_anchor_ns=6704778758405 input_monotonic_before_ns=6704778757405 input_monotonic_after_ns=6704778758530 callback_uptime_anchor_ns=6704817965613 callback_monotonic_before_ns=6704817964780 callback_monotonic_after_ns=6704817965697 signal_observed_monotonic_ns=6704817974988 input_offset_min_ns=-125 input_offset_max_ns=1000 callback_offset_min_ns=-84 callback_offset_max_ns=833 clock_offset_intervals_overlap=true processing_error=none fence_close_error=none
10-08 17:02:30.435 16751 16751 I SpinonBootstrap: SPINON_R05_PRESENT_FLUSH renderer=wgpu queued=true generation=1
10-08 17:02:30.435 16751 16801 I SpinonBootstrap: SPINON_R05_PRESENT_FLUSH requested=true renderer=wgpu generation=1
10-08 17:02:30.435 16751 16801 I SpinonBootstrap: SPINON_R05_PRESENT_BATCH renderer=wgpu generation=1 batch_seq=10 record_count=1 callback_os_tid=16801 callback_thread_id=54 registering_thread_os_tid=16751 queue_depth=0 rejected_callback_batches=0 rejected_flush_tasks=0 callback_uptime_ns=6705043444655 attribution=unmatched
10-08 17:02:30.436 16751 16801 I SpinonBootstrap: SPINON_R05_PRESENT renderer=wgpu signal=SurfaceView_JankData generation=1 current_generation=1 current_surface=true batch_seq=10 record_index=0 callback_os_tid=16801 callback_thread_id=54 registering_thread_os_tid=16751 queue_depth=0 vsync_id=149819 present_time_ns=-1 present_state=unknown jank_type=0 actual_app_frame_ns=17248190 scheduled_app_frame_ns=16666666 callback_uptime_ns=6705043444655 frame_id=unavailable join_status=exact_match input_seq=11 revision=11 request_id=11 target_vsync_id=149819
