--------- beginning of main
10-08 17:03:16.817 17456 17456 I SpinonBootstrap: SPINON_R08_UI=ready text-input=EditText accessibility=button+EditText
10-08 17:03:16.927 17456 17456 I SpinonBootstrap: SPINON_R05_SURFACE renderer=opengl_es type=GLSurfaceView generation=1
10-08 17:03:16.927 17456 17456 I SpinonBootstrap: SPINON_R05_SIGNAL_CAPABILITY renderer=opengl_es signal=SurfaceView_JankData available=true reason=registered api=37 api_full=3700002
10-08 17:03:16.927 17456 17456 I SpinonBootstrap: SPINON_R05_SURFACE_SIZE renderer=opengl_es generation=1 size=1080x1920
10-08 17:03:16.987 17456 17475 I SpinonBootstrap: SPINON_R08_SURFACE=created api=OpenGL_ES_2 renderer=Android Emulator OpenGL ES Translator (ANGLE (Google, Vulkan 1.3.0 (SwiftShader Device (LLVM 10.0.0) (0x0000C0DE)), SwiftShader driver-5.0.0)) version=OpenGL ES 3.1 (OpenGL ES 3.1.0 (ANGLE 2.1.1 git hash: fbf66f49c7cc))
10-08 17:03:17.049 17456 17475 I SpinonBootstrap: SPINON_R08_SHADER=ready
10-08 17:03:17.049 17456 17475 I SpinonBootstrap: SPINON_R08_SURFACE=size 1080x1920
10-08 17:03:17.050 17456 17475 I SpinonBootstrap: SPINON_R05_DRAW renderer=opengl_es draw_seq=1 revision=0 generation=1
10-08 17:03:17.050 17456 17475 I SpinonBootstrap: SPINON_R08_FRAME=first_draw_submitted
10-08 17:03:19.117 17456 17456 I SpinonBootstrap: SPINON_R05_INPUT renderer=opengl_es input_seq=1 phase=ACTION_UP timestamp_precision=nanosecond_representation input_source=unknown event_time_ns=6753723000000 input_uptime_anchor_ns=6753724752762 input_monotonic_before_ns=6753724751887 input_monotonic_after_ns=6753724752887 generation=1
10-08 17:03:19.118 17456 17456 I SpinonBootstrap: SPINON_R05_FRAME_TIMELINE_REQUEST renderer=opengl_es request_id=1 input_seq=1 revision=1 generation=1 state=posted
10-08 17:03:19.119 17456 17456 I SpinonBootstrap: SPINON_R08_TOUCH count=1
10-08 17:03:19.153 17456 17456 I SpinonBootstrap: SPINON_R05_FRAME_TIMELINE_TARGET renderer=opengl_es request_id=1 input_seq=1 revision=1 generation=1 vsync_id=153169 deadline_ns=6753789721672 expected_presentation_ns=6753805388338 render_mode=on_demand
10-08 17:03:19.154 17456 17456 I SpinonBootstrap: SPINON_R05_PRESENT_FENCE_LISTENER renderer=opengl_es request_id=1 input_seq=1 revision=1 generation=1 target_vsync_id=153169 state=registered timeout_ms=2000
10-08 17:03:19.154 17456 17456 I SpinonBootstrap: SPINON_R05_FRAME_TIMELINE_APPLY renderer=opengl_es request_id=1 input_seq=1 revision=1 generation=1 target_vsync_id=153169 transaction=queued_for_next_surface_frame
10-08 17:03:19.154 17456 17456 I SpinonBootstrap: SPINON_R05_SUBMIT renderer=opengl_es input_seq=1 revision=1 generation=1 event_time_ns=6753723000000 handler_uptime_ns=6753761629303 draw_requested=true draw_completed=false present_signal=unavailable attribution=input
10-08 17:03:19.154 17456 17475 I SpinonBootstrap: SPINON_R05_DRAW renderer=opengl_es draw_seq=2 revision=1 generation=1
10-08 17:03:19.154 17456 17456 I SpinonBootstrap: SPINON_R05_PRESENT_FLUSH renderer=opengl_es queued=true generation=1
10-08 17:03:19.154 17456 17456 I SpinonBootstrap: SPINON_R05_PRESENT_DRAIN renderer=opengl_es generation=1 queued=true delay_ms=250
10-08 17:03:19.154 17456 17524 I SpinonBootstrap: SPINON_R05_PRESENT_FLUSH requested=true renderer=opengl_es generation=1
10-08 17:03:19.155 17456 17524 I SpinonBootstrap: SPINON_R05_PRESENT_BATCH renderer=opengl_es generation=1 batch_seq=1 record_count=2 callback_os_tid=17524 callback_thread_id=56 registering_thread_os_tid=17456 queue_depth=0 rejected_callback_batches=0 rejected_flush_tasks=0 callback_uptime_ns=6753762843887 attribution=unmatched
10-08 17:03:19.155 17456 17524 I SpinonBootstrap: SPINON_R05_PRESENT renderer=opengl_es signal=SurfaceView_JankData generation=1 current_generation=1 current_surface=true batch_seq=1 record_index=0 callback_os_tid=17524 callback_thread_id=56 registering_thread_os_tid=17456 queue_depth=0 vsync_id=152209 present_time_ns=-1 present_state=unknown jank_type=2 actual_app_frame_ns=176351747 scheduled_app_frame_ns=16666666 callback_uptime_ns=6753762843887 frame_id=unavailable join_status=unmatched input_seq=-1 revision=-1 request_id=-1 target_vsync_id=-1
10-08 17:03:19.155 17456 17524 I SpinonBootstrap: SPINON_R05_PRESENT renderer=opengl_es signal=SurfaceView_JankData generation=1 current_generation=1 current_surface=true batch_seq=1 record_index=1 callback_os_tid=17524 callback_thread_id=56 registering_thread_os_tid=17456 queue_depth=0 vsync_id=-1 present_time_ns=-1 present_state=unknown jank_type=0 actual_app_frame_ns=0 scheduled_app_frame_ns=0 callback_uptime_ns=6753762843887 frame_id=unavailable join_status=unmatched input_seq=-1 revision=-1 request_id=-1 target_vsync_id=-1
10-08 17:03:19.191 17456 17525 I SpinonBootstrap: SPINON_R05_PRESENT_FENCE renderer=opengl_es request_id=1 input_seq=1 revision=1 event_time_ns=6753723000000 generation=1 current_generation=1 current_surface=true target_vsync_id=153169 outcome=callback_received fence_valid=true fence_state=signaled signal_time_ns=6753798734803 latch_time_ns=6753789853387 fence_signal_usable=true callback_inline_overflow=false inline_callback_total=0 callback_os_tid=17525 callback_thread_id=57 queue_depth=0 input_uptime_anchor_ns=6753724752762 input_monotonic_before_ns=6753724751887 input_monotonic_after_ns=6753724752887 callback_uptime_anchor_ns=6753799273012 callback_monotonic_before_ns=6753799272053 callback_monotonic_after_ns=6753799273095 signal_observed_monotonic_ns=6753799299762 input_offset_min_ns=-125 input_offset_max_ns=875 callback_offset_min_ns=-83 callback_offset_max_ns=959 clock_offset_intervals_overlap=true processing_error=none fence_close_error=none
10-08 17:03:19.404 17456 17456 I SpinonBootstrap: SPINON_R05_PRESENT_FLUSH renderer=opengl_es queued=true generation=1
10-08 17:03:19.405 17456 17524 I SpinonBootstrap: SPINON_R05_PRESENT_FLUSH requested=true renderer=opengl_es generation=1
10-08 17:03:19.405 17456 17524 I SpinonBootstrap: SPINON_R05_PRESENT_BATCH renderer=opengl_es generation=1 batch_seq=2 record_count=1 callback_os_tid=17524 callback_thread_id=56 registering_thread_os_tid=17456 queue_depth=0 rejected_callback_batches=0 rejected_flush_tasks=0 callback_uptime_ns=6754013123887 attribution=unmatched
10-08 17:03:19.405 17456 17524 I SpinonBootstrap: SPINON_R05_PRESENT renderer=opengl_es signal=SurfaceView_JankData generation=1 current_generation=1 current_surface=true batch_seq=2 record_index=0 callback_os_tid=17524 callback_thread_id=56 registering_thread_os_tid=17456 queue_depth=0 vsync_id=153169 present_time_ns=-1 present_state=unknown jank_type=0 actual_app_frame_ns=50148463 scheduled_app_frame_ns=49999998 callback_uptime_ns=6754013123887 frame_id=unavailable join_status=exact_match input_seq=1 revision=1 request_id=1 target_vsync_id=153169
10-08 17:03:19.602 17456 17456 I SpinonBootstrap: SPINON_R05_INPUT renderer=opengl_es input_seq=2 phase=ACTION_UP timestamp_precision=nanosecond_representation input_source=unknown event_time_ns=6754209000000 input_uptime_anchor_ns=6754210359470 input_monotonic_before_ns=6754210358970 input_monotonic_after_ns=6754210359595 generation=1
10-08 17:03:19.602 17456 17456 I SpinonBootstrap: SPINON_R05_FRAME_TIMELINE_REQUEST renderer=opengl_es request_id=2 input_seq=2 revision=2 generation=1 state=posted
10-08 17:03:19.603 17456 17456 I SpinonBootstrap: SPINON_R08_TOUCH count=2
10-08 17:03:19.617 17456 17456 I SpinonBootstrap: SPINON_R05_FRAME_TIMELINE_TARGET renderer=opengl_es request_id=2 input_seq=2 revision=2 generation=1 vsync_id=153176 deadline_ns=6754239721654 expected_presentation_ns=6754255388320 render_mode=on_demand
10-08 17:03:19.617 17456 17456 I SpinonBootstrap: SPINON_R05_PRESENT_FENCE_LISTENER renderer=opengl_es request_id=2 input_seq=2 revision=2 generation=1 target_vsync_id=153176 state=registered timeout_ms=2000
10-08 17:03:19.617 17456 17456 I SpinonBootstrap: SPINON_R05_FRAME_TIMELINE_APPLY renderer=opengl_es request_id=2 input_seq=2 revision=2 generation=1 target_vsync_id=153176 transaction=queued_for_next_surface_frame
10-08 17:03:19.617 17456 17456 I SpinonBootstrap: SPINON_R05_SUBMIT renderer=opengl_es input_seq=2 revision=2 generation=1 event_time_ns=6754209000000 handler_uptime_ns=6754225045470 draw_requested=true draw_completed=false present_signal=unavailable attribution=input
10-08 17:03:19.617 17456 17475 I SpinonBootstrap: SPINON_R05_DRAW renderer=opengl_es draw_seq=3 revision=2 generation=1
10-08 17:03:19.617 17456 17456 I SpinonBootstrap: SPINON_R05_PRESENT_FLUSH renderer=opengl_es queued=true generation=1
10-08 17:03:19.617 17456 17456 I SpinonBootstrap: SPINON_R05_PRESENT_DRAIN renderer=opengl_es generation=1 queued=true delay_ms=250
10-08 17:03:19.617 17456 17524 I SpinonBootstrap: SPINON_R05_PRESENT_FLUSH requested=true renderer=opengl_es generation=1
10-08 17:03:19.644 17456 17525 I SpinonBootstrap: SPINON_R05_PRESENT_FENCE renderer=opengl_es request_id=2 input_seq=2 revision=2 event_time_ns=6754209000000 generation=1 current_generation=1 current_surface=true target_vsync_id=153176 outcome=callback_received fence_valid=true fence_state=signaled signal_time_ns=6754251001553 latch_time_ns=6754240586887 fence_signal_usable=true callback_inline_overflow=false inline_callback_total=0 callback_os_tid=17525 callback_thread_id=57 queue_depth=0 input_uptime_anchor_ns=6754210359470 input_monotonic_before_ns=6754210358970 input_monotonic_after_ns=6754210359595 callback_uptime_anchor_ns=6754251529303 callback_monotonic_before_ns=6754251528428 callback_monotonic_after_ns=6754251529387 signal_observed_monotonic_ns=6754251544303 input_offset_min_ns=-125 input_offset_max_ns=500 callback_offset_min_ns=-84 callback_offset_max_ns=875 clock_offset_intervals_overlap=true processing_error=none fence_close_error=none
10-08 17:03:19.868 17456 17456 I SpinonBootstrap: SPINON_R05_PRESENT_FLUSH renderer=opengl_es queued=true generation=1
10-08 17:03:19.868 17456 17524 I SpinonBootstrap: SPINON_R05_PRESENT_FLUSH requested=true renderer=opengl_es generation=1
10-08 17:03:19.868 17456 17524 I SpinonBootstrap: SPINON_R05_PRESENT_BATCH renderer=opengl_es generation=1 batch_seq=3 record_count=1 callback_os_tid=17524 callback_thread_id=56 registering_thread_os_tid=17456 queue_depth=0 rejected_callback_batches=0 rejected_flush_tasks=0 callback_uptime_ns=6754476230137 attribution=unmatched
10-08 17:03:19.868 17456 17524 I SpinonBootstrap: SPINON_R05_PRESENT renderer=opengl_es signal=SurfaceView_JankData generation=1 current_generation=1 current_surface=true batch_seq=3 record_index=0 callback_os_tid=17524 callback_thread_id=56 registering_thread_os_tid=17456 queue_depth=0 vsync_id=153176 present_time_ns=-1 present_state=unknown jank_type=0 actual_app_frame_ns=17552732 scheduled_app_frame_ns=16666666 callback_uptime_ns=6754476230137 frame_id=unavailable join_status=exact_match input_seq=2 revision=2 request_id=2 target_vsync_id=153176
10-08 17:03:20.082 17456 17456 I SpinonBootstrap: SPINON_R05_INPUT renderer=opengl_es input_seq=3 phase=ACTION_UP timestamp_precision=nanosecond_representation input_source=unknown event_time_ns=6754689000000 input_uptime_anchor_ns=6754689769887 input_monotonic_before_ns=6754689769304 input_monotonic_after_ns=6754689770012 generation=1
10-08 17:03:20.082 17456 17456 I SpinonBootstrap: SPINON_R05_FRAME_TIMELINE_REQUEST renderer=opengl_es request_id=3 input_seq=3 revision=3 generation=1 state=posted
10-08 17:03:20.082 17456 17456 I SpinonBootstrap: SPINON_R08_TOUCH count=3
10-08 17:03:20.099 17456 17456 I SpinonBootstrap: SPINON_R05_FRAME_TIMELINE_TARGET renderer=opengl_es request_id=3 input_seq=3 revision=3 generation=1 vsync_id=153184 deadline_ns=6754723054968 expected_presentation_ns=6754738721634 render_mode=on_demand
10-08 17:03:20.099 17456 17456 I SpinonBootstrap: SPINON_R05_PRESENT_FENCE_LISTENER renderer=opengl_es request_id=3 input_seq=3 revision=3 generation=1 target_vsync_id=153184 state=registered timeout_ms=2000
10-08 17:03:20.099 17456 17456 I SpinonBootstrap: SPINON_R05_FRAME_TIMELINE_APPLY renderer=opengl_es request_id=3 input_seq=3 revision=3 generation=1 target_vsync_id=153184 transaction=queued_for_next_surface_frame
10-08 17:03:20.099 17456 17456 I SpinonBootstrap: SPINON_R05_SUBMIT renderer=opengl_es input_seq=3 revision=3 generation=1 event_time_ns=6754689000000 handler_uptime_ns=6754706930095 draw_requested=true draw_completed=false present_signal=unavailable attribution=input
10-08 17:03:20.099 17456 17456 I SpinonBootstrap: SPINON_R05_PRESENT_FLUSH renderer=opengl_es queued=true generation=1
10-08 17:03:20.099 17456 17456 I SpinonBootstrap: SPINON_R05_PRESENT_DRAIN renderer=opengl_es generation=1 queued=true delay_ms=250
10-08 17:03:20.099 17456 17475 I SpinonBootstrap: SPINON_R05_DRAW renderer=opengl_es draw_seq=4 revision=3 generation=1
10-08 17:03:20.099 17456 17524 I SpinonBootstrap: SPINON_R05_PRESENT_FLUSH requested=true renderer=opengl_es generation=1
10-08 17:03:20.127 17456 17525 I SpinonBootstrap: SPINON_R05_PRESENT_FENCE renderer=opengl_es request_id=3 input_seq=3 revision=3 event_time_ns=6754689000000 generation=1 current_generation=1 current_surface=true target_vsync_id=153184 outcome=callback_received fence_valid=true fence_state=signaled signal_time_ns=6754734394554 latch_time_ns=6754724287012 fence_signal_usable=true callback_inline_overflow=false inline_callback_total=0 callback_os_tid=17525 callback_thread_id=57 queue_depth=0 input_uptime_anchor_ns=6754689769887 input_monotonic_before_ns=6754689769304 input_monotonic_after_ns=6754689770012 callback_uptime_anchor_ns=6754734986804 callback_monotonic_before_ns=6754734985720 callback_monotonic_after_ns=6754734986929 signal_observed_monotonic_ns=6754734994220 input_offset_min_ns=-125 input_offset_max_ns=583 callback_offset_min_ns=-125 callback_offset_max_ns=1084 clock_offset_intervals_overlap=true processing_error=none fence_close_error=none
10-08 17:03:20.350 17456 17456 I SpinonBootstrap: SPINON_R05_PRESENT_FLUSH renderer=opengl_es queued=true generation=1
10-08 17:03:20.350 17456 17524 I SpinonBootstrap: SPINON_R05_PRESENT_FLUSH requested=true renderer=opengl_es generation=1
10-08 17:03:20.351 17456 17524 I SpinonBootstrap: SPINON_R05_PRESENT_BATCH renderer=opengl_es generation=1 batch_seq=4 record_count=1 callback_os_tid=17524 callback_thread_id=56 registering_thread_os_tid=17456 queue_depth=0 rejected_callback_batches=0 rejected_flush_tasks=0 callback_uptime_ns=6754958510304 attribution=unmatched
10-08 17:03:20.351 17456 17524 I SpinonBootstrap: SPINON_R05_PRESENT renderer=opengl_es signal=SurfaceView_JankData generation=1 current_generation=1 current_surface=true batch_seq=4 record_index=0 callback_os_tid=17524 callback_thread_id=56 registering_thread_os_tid=17456 queue_depth=0 vsync_id=153184 present_time_ns=-1 present_state=unknown jank_type=0 actual_app_frame_ns=17923377 scheduled_app_frame_ns=16666666 callback_uptime_ns=6754958510304 frame_id=unavailable join_status=exact_match input_seq=3 revision=3 request_id=3 target_vsync_id=153184
10-08 17:03:20.558 17456 17456 I SpinonBootstrap: SPINON_R05_INPUT renderer=opengl_es input_seq=4 phase=ACTION_UP timestamp_precision=nanosecond_representation input_source=unknown event_time_ns=6755165000000 input_uptime_anchor_ns=6755166095512 input_monotonic_before_ns=6755166094762 input_monotonic_after_ns=6755166095679 generation=1
10-08 17:03:20.558 17456 17456 I SpinonBootstrap: SPINON_R05_FRAME_TIMELINE_REQUEST renderer=opengl_es request_id=4 input_seq=4 revision=4 generation=1 state=posted
10-08 17:03:20.559 17456 17456 I SpinonBootstrap: SPINON_R08_TOUCH count=4
10-08 17:03:20.566 17456 17456 I SpinonBootstrap: SPINON_R05_FRAME_TIMELINE_TARGET renderer=opengl_es request_id=4 input_seq=4 revision=4 generation=1 vsync_id=153192 deadline_ns=6755189721616 expected_presentation_ns=6755205388282 render_mode=on_demand
10-08 17:03:20.566 17456 17456 I SpinonBootstrap: SPINON_R05_PRESENT_FENCE_LISTENER renderer=opengl_es request_id=4 input_seq=4 revision=4 generation=1 target_vsync_id=153192 state=registered timeout_ms=2000
10-08 17:03:20.566 17456 17456 I SpinonBootstrap: SPINON_R05_FRAME_TIMELINE_APPLY renderer=opengl_es request_id=4 input_seq=4 revision=4 generation=1 target_vsync_id=153192 transaction=queued_for_next_surface_frame
10-08 17:03:20.566 17456 17456 I SpinonBootstrap: SPINON_R05_SUBMIT renderer=opengl_es input_seq=4 revision=4 generation=1 event_time_ns=6755165000000 handler_uptime_ns=6755173673304 draw_requested=true draw_completed=false present_signal=unavailable attribution=input
10-08 17:03:20.566 17456 17456 I SpinonBootstrap: SPINON_R05_PRESENT_FLUSH renderer=opengl_es queued=true generation=1
10-08 17:03:20.566 17456 17475 I SpinonBootstrap: SPINON_R05_DRAW renderer=opengl_es draw_seq=5 revision=4 generation=1
10-08 17:03:20.566 17456 17456 I SpinonBootstrap: SPINON_R05_PRESENT_DRAIN renderer=opengl_es generation=1 queued=true delay_ms=250
10-08 17:03:20.566 17456 17524 I SpinonBootstrap: SPINON_R05_PRESENT_FLUSH requested=true renderer=opengl_es generation=1
10-08 17:03:20.594 17456 17525 I SpinonBootstrap: SPINON_R05_PRESENT_FENCE renderer=opengl_es request_id=4 input_seq=4 revision=4 event_time_ns=6755165000000 generation=1 current_generation=1 current_surface=true target_vsync_id=153192 outcome=callback_received fence_valid=true fence_state=signaled signal_time_ns=6755201313679 latch_time_ns=6755190765012 fence_signal_usable=true callback_inline_overflow=false inline_callback_total=0 callback_os_tid=17525 callback_thread_id=57 queue_depth=0 input_uptime_anchor_ns=6755166095512 input_monotonic_before_ns=6755166094762 input_monotonic_after_ns=6755166095679 callback_uptime_anchor_ns=6755201908554 callback_monotonic_before_ns=6755201907429 callback_monotonic_after_ns=6755201908679 signal_observed_monotonic_ns=6755201919471 input_offset_min_ns=-167 input_offset_max_ns=750 callback_offset_min_ns=-125 callback_offset_max_ns=1125 clock_offset_intervals_overlap=true processing_error=none fence_close_error=none
10-08 17:03:20.817 17456 17456 I SpinonBootstrap: SPINON_R05_PRESENT_FLUSH renderer=opengl_es queued=true generation=1
10-08 17:03:20.817 17456 17524 I SpinonBootstrap: SPINON_R05_PRESENT_FLUSH requested=true renderer=opengl_es generation=1
10-08 17:03:21.032 17456 17456 I SpinonBootstrap: SPINON_R05_INPUT renderer=opengl_es input_seq=5 phase=ACTION_UP timestamp_precision=nanosecond_representation input_source=unknown event_time_ns=6755638000000 input_uptime_anchor_ns=6755639777346 input_monotonic_before_ns=6755639776637 input_monotonic_after_ns=6755639777596 generation=1
10-08 17:03:21.032 17456 17456 I SpinonBootstrap: SPINON_R05_FRAME_TIMELINE_REQUEST renderer=opengl_es request_id=5 input_seq=5 revision=5 generation=1 state=posted
10-08 17:03:21.032 17456 17456 I SpinonBootstrap: SPINON_R08_TOUCH count=5
10-08 17:03:21.049 17456 17456 I SpinonBootstrap: SPINON_R05_FRAME_TIMELINE_TARGET renderer=opengl_es request_id=5 input_seq=5 revision=5 generation=1 vsync_id=153200 deadline_ns=6755673054930 expected_presentation_ns=6755688721596 render_mode=on_demand
10-08 17:03:21.049 17456 17456 I SpinonBootstrap: SPINON_R05_PRESENT_FENCE_LISTENER renderer=opengl_es request_id=5 input_seq=5 revision=5 generation=1 target_vsync_id=153200 state=registered timeout_ms=2000
10-08 17:03:21.049 17456 17456 I SpinonBootstrap: SPINON_R05_FRAME_TIMELINE_APPLY renderer=opengl_es request_id=5 input_seq=5 revision=5 generation=1 target_vsync_id=153200 transaction=queued_for_next_surface_frame
10-08 17:03:21.049 17456 17456 I SpinonBootstrap: SPINON_R05_SUBMIT renderer=opengl_es input_seq=5 revision=5 generation=1 event_time_ns=6755638000000 handler_uptime_ns=6755656895471 draw_requested=true draw_completed=false present_signal=unavailable attribution=input
10-08 17:03:21.049 17456 17456 I SpinonBootstrap: SPINON_R05_PRESENT_FLUSH renderer=opengl_es queued=true generation=1
10-08 17:03:21.049 17456 17456 I SpinonBootstrap: SPINON_R05_PRESENT_DRAIN renderer=opengl_es generation=1 queued=true delay_ms=250
10-08 17:03:21.049 17456 17524 I SpinonBootstrap: SPINON_R05_PRESENT_FLUSH requested=true renderer=opengl_es generation=1
10-08 17:03:21.049 17456 17475 I SpinonBootstrap: SPINON_R05_DRAW renderer=opengl_es draw_seq=6 revision=5 generation=1
10-08 17:03:21.078 17456 17525 I SpinonBootstrap: SPINON_R05_PRESENT_FENCE renderer=opengl_es request_id=5 input_seq=5 revision=5 event_time_ns=6755638000000 generation=1 current_generation=1 current_surface=true target_vsync_id=153200 outcome=callback_received fence_valid=true fence_state=signaled signal_time_ns=6755685454637 latch_time_ns=6755674761596 fence_signal_usable=true callback_inline_overflow=false inline_callback_total=0 callback_os_tid=17525 callback_thread_id=57 queue_depth=0 input_uptime_anchor_ns=6755639777346 input_monotonic_before_ns=6755639776637 input_monotonic_after_ns=6755639777596 callback_uptime_anchor_ns=6755686119137 callback_monotonic_before_ns=6755686117929 callback_monotonic_after_ns=6755686119221 signal_observed_monotonic_ns=6755686131554 input_offset_min_ns=-250 input_offset_max_ns=709 callback_offset_min_ns=-84 callback_offset_max_ns=1208 clock_offset_intervals_overlap=true processing_error=none fence_close_error=none
10-08 17:03:21.299 17456 17456 I SpinonBootstrap: SPINON_R05_PRESENT_FLUSH renderer=opengl_es queued=true generation=1
10-08 17:03:21.299 17456 17524 I SpinonBootstrap: SPINON_R05_PRESENT_FLUSH requested=true renderer=opengl_es generation=1
10-08 17:03:21.300 17456 17524 I SpinonBootstrap: SPINON_R05_PRESENT_BATCH renderer=opengl_es generation=1 batch_seq=5 record_count=2 callback_os_tid=17524 callback_thread_id=56 registering_thread_os_tid=17456 queue_depth=0 rejected_callback_batches=0 rejected_flush_tasks=0 callback_uptime_ns=6755907508929 attribution=unmatched
10-08 17:03:21.300 17456 17524 I SpinonBootstrap: SPINON_R05_PRESENT renderer=opengl_es signal=SurfaceView_JankData generation=1 current_generation=1 current_surface=true batch_seq=5 record_index=0 callback_os_tid=17524 callback_thread_id=56 registering_thread_os_tid=17456 queue_depth=0 vsync_id=153192 present_time_ns=-1 present_state=unknown jank_type=0 actual_app_frame_ns=17735479 scheduled_app_frame_ns=16666666 callback_uptime_ns=6755907508929 frame_id=unavailable join_status=exact_match input_seq=4 revision=4 request_id=4 target_vsync_id=153192
10-08 17:03:21.300 17456 17524 I SpinonBootstrap: SPINON_R05_PRESENT renderer=opengl_es signal=SurfaceView_JankData generation=1 current_generation=1 current_surface=true batch_seq=5 record_index=1 callback_os_tid=17524 callback_thread_id=56 registering_thread_os_tid=17456 queue_depth=0 vsync_id=153200 present_time_ns=-1 present_state=unknown jank_type=0 actual_app_frame_ns=18403248 scheduled_app_frame_ns=16666666 callback_uptime_ns=6755907508929 frame_id=unavailable join_status=exact_match input_seq=5 revision=5 request_id=5 target_vsync_id=153200
10-08 17:03:21.514 17456 17456 I SpinonBootstrap: SPINON_R05_INPUT renderer=opengl_es input_seq=6 phase=ACTION_UP timestamp_precision=nanosecond_representation input_source=unknown event_time_ns=6756121000000 input_uptime_anchor_ns=6756122106721 input_monotonic_before_ns=6756122106221 input_monotonic_after_ns=6756122106888 generation=1
10-08 17:03:21.514 17456 17456 I SpinonBootstrap: SPINON_R05_FRAME_TIMELINE_REQUEST renderer=opengl_es request_id=6 input_seq=6 revision=6 generation=1 state=posted
10-08 17:03:21.515 17456 17456 I SpinonBootstrap: SPINON_R08_TOUCH count=6
10-08 17:03:21.515 17456 17456 I SpinonBootstrap: SPINON_R05_FRAME_TIMELINE_TARGET renderer=opengl_es request_id=6 input_seq=6 revision=6 generation=1 vsync_id=153208 deadline_ns=6756139721578 expected_presentation_ns=6756155388244 render_mode=on_demand
10-08 17:03:21.515 17456 17456 I SpinonBootstrap: SPINON_R05_PRESENT_FENCE_LISTENER renderer=opengl_es request_id=6 input_seq=6 revision=6 generation=1 target_vsync_id=153208 state=registered timeout_ms=2000
10-08 17:03:21.515 17456 17456 I SpinonBootstrap: SPINON_R05_FRAME_TIMELINE_APPLY renderer=opengl_es request_id=6 input_seq=6 revision=6 generation=1 target_vsync_id=153208 transaction=queued_for_next_surface_frame
10-08 17:03:21.515 17456 17456 I SpinonBootstrap: SPINON_R05_SUBMIT renderer=opengl_es input_seq=6 revision=6 generation=1 event_time_ns=6756121000000 handler_uptime_ns=6756123462013 draw_requested=true draw_completed=false present_signal=unavailable attribution=input
10-08 17:03:21.516 17456 17456 I SpinonBootstrap: SPINON_R05_PRESENT_FLUSH renderer=opengl_es queued=true generation=1
10-08 17:03:21.516 17456 17456 I SpinonBootstrap: SPINON_R05_PRESENT_DRAIN renderer=opengl_es generation=1 queued=true delay_ms=250
10-08 17:03:21.516 17456 17475 I SpinonBootstrap: SPINON_R05_DRAW renderer=opengl_es draw_seq=7 revision=6 generation=1
10-08 17:03:21.516 17456 17524 I SpinonBootstrap: SPINON_R05_PRESENT_FLUSH requested=true renderer=opengl_es generation=1
10-08 17:03:21.544 17456 17525 I SpinonBootstrap: SPINON_R05_PRESENT_FENCE renderer=opengl_es request_id=6 input_seq=6 revision=6 event_time_ns=6756121000000 generation=1 current_generation=1 current_surface=true target_vsync_id=153208 outcome=callback_received fence_valid=true fence_state=signaled signal_time_ns=6756150987429 latch_time_ns=6756140934346 fence_signal_usable=true callback_inline_overflow=false inline_callback_total=0 callback_os_tid=17525 callback_thread_id=57 queue_depth=0 input_uptime_anchor_ns=6756122106721 input_monotonic_before_ns=6756122106221 input_monotonic_after_ns=6756122106888 callback_uptime_anchor_ns=6756151474179 callback_monotonic_before_ns=6756151472763 callback_monotonic_after_ns=6756151474304 signal_observed_monotonic_ns=6756151483054 input_offset_min_ns=-167 input_offset_max_ns=500 callback_offset_min_ns=-125 callback_offset_max_ns=1416 clock_offset_intervals_overlap=true processing_error=none fence_close_error=none
10-08 17:03:21.766 17456 17456 I SpinonBootstrap: SPINON_R05_PRESENT_FLUSH renderer=opengl_es queued=true generation=1
10-08 17:03:21.766 17456 17524 I SpinonBootstrap: SPINON_R05_PRESENT_FLUSH requested=true renderer=opengl_es generation=1
10-08 17:03:21.766 17456 17524 I SpinonBootstrap: SPINON_R05_PRESENT_BATCH renderer=opengl_es generation=1 batch_seq=6 record_count=1 callback_os_tid=17524 callback_thread_id=56 registering_thread_os_tid=17456 queue_depth=0 rejected_callback_batches=0 rejected_flush_tasks=0 callback_uptime_ns=6756373838179 attribution=unmatched
10-08 17:03:21.766 17456 17524 I SpinonBootstrap: SPINON_R05_PRESENT renderer=opengl_es signal=SurfaceView_JankData generation=1 current_generation=1 current_surface=true batch_seq=6 record_index=0 callback_os_tid=17524 callback_thread_id=56 registering_thread_os_tid=17456 queue_depth=0 vsync_id=153208 present_time_ns=-1 present_state=unknown jank_type=0 actual_app_frame_ns=17906392 scheduled_app_frame_ns=16666666 callback_uptime_ns=6756373838179 frame_id=unavailable join_status=exact_match input_seq=6 revision=6 request_id=6 target_vsync_id=153208
10-08 17:03:21.999 17456 17456 I SpinonBootstrap: SPINON_R05_INPUT renderer=opengl_es input_seq=7 phase=ACTION_UP timestamp_precision=nanosecond_representation input_source=unknown event_time_ns=6756606000000 input_uptime_anchor_ns=6756607136221 input_monotonic_before_ns=6756607135513 input_monotonic_after_ns=6756607136388 generation=1
10-08 17:03:21.999 17456 17456 I SpinonBootstrap: SPINON_R05_FRAME_TIMELINE_REQUEST renderer=opengl_es request_id=7 input_seq=7 revision=7 generation=1 state=posted
10-08 17:03:22.000 17456 17456 I SpinonBootstrap: SPINON_R08_TOUCH count=7
10-08 17:03:22.019 17456 17456 I SpinonBootstrap: SPINON_R05_FRAME_TIMELINE_TARGET renderer=opengl_es request_id=7 input_seq=7 revision=7 generation=1 vsync_id=153216 deadline_ns=6756639721558 expected_presentation_ns=6756655388224 render_mode=on_demand
10-08 17:03:22.019 17456 17456 I SpinonBootstrap: SPINON_R05_PRESENT_FENCE_LISTENER renderer=opengl_es request_id=7 input_seq=7 revision=7 generation=1 target_vsync_id=153216 state=registered timeout_ms=2000
10-08 17:03:22.019 17456 17456 I SpinonBootstrap: SPINON_R05_FRAME_TIMELINE_APPLY renderer=opengl_es request_id=7 input_seq=7 revision=7 generation=1 target_vsync_id=153216 transaction=queued_for_next_surface_frame
10-08 17:03:22.019 17456 17456 I SpinonBootstrap: SPINON_R05_SUBMIT renderer=opengl_es input_seq=7 revision=7 generation=1 event_time_ns=6756606000000 handler_uptime_ns=6756626932680 draw_requested=true draw_completed=false present_signal=unavailable attribution=input
10-08 17:03:22.019 17456 17456 I SpinonBootstrap: SPINON_R05_PRESENT_FLUSH renderer=opengl_es queued=true generation=1
10-08 17:03:22.019 17456 17456 I SpinonBootstrap: SPINON_R05_PRESENT_DRAIN renderer=opengl_es generation=1 queued=true delay_ms=250
10-08 17:03:22.019 17456 17475 I SpinonBootstrap: SPINON_R05_DRAW renderer=opengl_es draw_seq=8 revision=7 generation=1
10-08 17:03:22.019 17456 17524 I SpinonBootstrap: SPINON_R05_PRESENT_FLUSH requested=true renderer=opengl_es generation=1
10-08 17:03:22.046 17456 17525 I SpinonBootstrap: SPINON_R05_PRESENT_FENCE renderer=opengl_es request_id=7 input_seq=7 revision=7 event_time_ns=6756606000000 generation=1 current_generation=1 current_surface=true target_vsync_id=153216 outcome=callback_received fence_valid=true fence_state=signaled signal_time_ns=6756653200471 latch_time_ns=6756643604721 fence_signal_usable=true callback_inline_overflow=false inline_callback_total=0 callback_os_tid=17525 callback_thread_id=57 queue_depth=0 input_uptime_anchor_ns=6756607136221 input_monotonic_before_ns=6756607135513 input_monotonic_after_ns=6756607136388 callback_uptime_anchor_ns=6756653950221 callback_monotonic_before_ns=6756653948971 callback_monotonic_after_ns=6756653950305 signal_observed_monotonic_ns=6756653960096 input_offset_min_ns=-167 input_offset_max_ns=708 callback_offset_min_ns=-84 callback_offset_max_ns=1250 clock_offset_intervals_overlap=true processing_error=none fence_close_error=none
10-08 17:03:22.270 17456 17456 I SpinonBootstrap: SPINON_R05_PRESENT_FLUSH renderer=opengl_es queued=true generation=1
10-08 17:03:22.270 17456 17524 I SpinonBootstrap: SPINON_R05_PRESENT_FLUSH requested=true renderer=opengl_es generation=1
10-08 17:03:22.270 17456 17524 I SpinonBootstrap: SPINON_R05_PRESENT_BATCH renderer=opengl_es generation=1 batch_seq=7 record_count=1 callback_os_tid=17524 callback_thread_id=56 registering_thread_os_tid=17456 queue_depth=0 rejected_callback_batches=0 rejected_flush_tasks=0 callback_uptime_ns=6756878268263 attribution=unmatched
10-08 17:03:22.270 17456 17524 I SpinonBootstrap: SPINON_R05_PRESENT renderer=opengl_es signal=SurfaceView_JankData generation=1 current_generation=1 current_surface=true batch_seq=7 record_index=0 callback_os_tid=17524 callback_thread_id=56 registering_thread_os_tid=17456 queue_depth=0 vsync_id=153216 present_time_ns=-1 present_state=unknown jank_type=0 actual_app_frame_ns=20576704 scheduled_app_frame_ns=16666666 callback_uptime_ns=6756878268263 frame_id=unavailable join_status=exact_match input_seq=7 revision=7 request_id=7 target_vsync_id=153216
10-08 17:03:22.479 17456 17456 I SpinonBootstrap: SPINON_R05_INPUT renderer=opengl_es input_seq=8 phase=ACTION_UP timestamp_precision=nanosecond_representation input_source=unknown event_time_ns=6757085000000 input_uptime_anchor_ns=6757086746388 input_monotonic_before_ns=6757086745513 input_monotonic_after_ns=6757086746555 generation=1
10-08 17:03:22.479 17456 17456 I SpinonBootstrap: SPINON_R05_FRAME_TIMELINE_REQUEST renderer=opengl_es request_id=8 input_seq=8 revision=8 generation=1 state=posted
10-08 17:03:22.479 17456 17456 I SpinonBootstrap: SPINON_R08_TOUCH count=8
10-08 17:03:22.482 17456 17456 I SpinonBootstrap: SPINON_R05_FRAME_TIMELINE_TARGET renderer=opengl_es request_id=8 input_seq=8 revision=8 generation=1 vsync_id=153224 deadline_ns=6757106388206 expected_presentation_ns=6757122054872 render_mode=on_demand
10-08 17:03:22.482 17456 17456 I SpinonBootstrap: SPINON_R05_PRESENT_FENCE_LISTENER renderer=opengl_es request_id=8 input_seq=8 revision=8 generation=1 target_vsync_id=153224 state=registered timeout_ms=2000
10-08 17:03:22.482 17456 17456 I SpinonBootstrap: SPINON_R05_FRAME_TIMELINE_APPLY renderer=opengl_es request_id=8 input_seq=8 revision=8 generation=1 target_vsync_id=153224 transaction=queued_for_next_surface_frame
10-08 17:03:22.482 17456 17456 I SpinonBootstrap: SPINON_R05_SUBMIT renderer=opengl_es input_seq=8 revision=8 generation=1 event_time_ns=6757085000000 handler_uptime_ns=6757090412013 draw_requested=true draw_completed=false present_signal=unavailable attribution=input
10-08 17:03:22.482 17456 17456 I SpinonBootstrap: SPINON_R05_PRESENT_FLUSH renderer=opengl_es queued=true generation=1
10-08 17:03:22.482 17456 17456 I SpinonBootstrap: SPINON_R05_PRESENT_DRAIN renderer=opengl_es generation=1 queued=true delay_ms=250
10-08 17:03:22.483 17456 17475 I SpinonBootstrap: SPINON_R05_DRAW renderer=opengl_es draw_seq=9 revision=8 generation=1
10-08 17:03:22.484 17456 17524 I SpinonBootstrap: SPINON_R05_PRESENT_FLUSH requested=true renderer=opengl_es generation=1
10-08 17:03:22.510 17456 17525 I SpinonBootstrap: SPINON_R05_PRESENT_FENCE renderer=opengl_es request_id=8 input_seq=8 revision=8 event_time_ns=6757085000000 generation=1 current_generation=1 current_surface=true target_vsync_id=153224 outcome=callback_received fence_valid=true fence_state=signaled signal_time_ns=6757116908138 latch_time_ns=6757106656263 fence_signal_usable=true callback_inline_overflow=false inline_callback_total=0 callback_os_tid=17525 callback_thread_id=57 queue_depth=0 input_uptime_anchor_ns=6757086746388 input_monotonic_before_ns=6757086745513 input_monotonic_after_ns=6757086746555 callback_uptime_anchor_ns=6757118345513 callback_monotonic_before_ns=6757118345138 callback_monotonic_after_ns=6757118345555 signal_observed_monotonic_ns=6757118352430 input_offset_min_ns=-167 input_offset_max_ns=875 callback_offset_min_ns=-42 callback_offset_max_ns=375 clock_offset_intervals_overlap=true processing_error=none fence_close_error=none
10-08 17:03:22.734 17456 17456 I SpinonBootstrap: SPINON_R05_PRESENT_FLUSH renderer=opengl_es queued=true generation=1
10-08 17:03:22.734 17456 17524 I SpinonBootstrap: SPINON_R05_PRESENT_FLUSH requested=true renderer=opengl_es generation=1
10-08 17:03:22.734 17456 17524 I SpinonBootstrap: SPINON_R05_PRESENT_BATCH renderer=opengl_es generation=1 batch_seq=8 record_count=1 callback_os_tid=17524 callback_thread_id=56 registering_thread_os_tid=17456 queue_depth=0 rejected_callback_batches=0 rejected_flush_tasks=0 callback_uptime_ns=6757342282888 attribution=unmatched
10-08 17:03:22.734 17456 17524 I SpinonBootstrap: SPINON_R05_PRESENT renderer=opengl_es signal=SurfaceView_JankData generation=1 current_generation=1 current_surface=true batch_seq=8 record_index=0 callback_os_tid=17524 callback_thread_id=56 registering_thread_os_tid=17456 queue_depth=0 vsync_id=153224 present_time_ns=-1 present_state=unknown jank_type=0 actual_app_frame_ns=16960098 scheduled_app_frame_ns=16666666 callback_uptime_ns=6757342282888 frame_id=unavailable join_status=exact_match input_seq=8 revision=8 request_id=8 target_vsync_id=153224
10-08 17:03:22.958 17456 17456 I SpinonBootstrap: SPINON_R05_INPUT renderer=opengl_es input_seq=9 phase=ACTION_UP timestamp_precision=nanosecond_representation input_source=unknown event_time_ns=6757565000000 input_uptime_anchor_ns=6757565706180 input_monotonic_before_ns=6757565705347 input_monotonic_after_ns=6757565706347 generation=1
10-08 17:03:22.958 17456 17456 I SpinonBootstrap: SPINON_R05_FRAME_TIMELINE_REQUEST renderer=opengl_es request_id=9 input_seq=9 revision=9 generation=1 state=posted
10-08 17:03:22.958 17456 17456 I SpinonBootstrap: SPINON_R08_TOUCH count=9
10-08 17:03:22.966 17456 17456 I SpinonBootstrap: SPINON_R05_FRAME_TIMELINE_TARGET renderer=opengl_es request_id=9 input_seq=9 revision=9 generation=1 vsync_id=153232 deadline_ns=6757589721520 expected_presentation_ns=6757605388186 render_mode=on_demand
10-08 17:03:22.966 17456 17456 I SpinonBootstrap: SPINON_R05_PRESENT_FENCE_LISTENER renderer=opengl_es request_id=9 input_seq=9 revision=9 generation=1 target_vsync_id=153232 state=registered timeout_ms=2000
10-08 17:03:22.966 17456 17456 I SpinonBootstrap: SPINON_R05_FRAME_TIMELINE_APPLY renderer=opengl_es request_id=9 input_seq=9 revision=9 generation=1 target_vsync_id=153232 transaction=queued_for_next_surface_frame
10-08 17:03:22.966 17456 17456 I SpinonBootstrap: SPINON_R05_SUBMIT renderer=opengl_es input_seq=9 revision=9 generation=1 event_time_ns=6757565000000 handler_uptime_ns=6757573917888 draw_requested=true draw_completed=false present_signal=unavailable attribution=input
10-08 17:03:22.966 17456 17456 I SpinonBootstrap: SPINON_R05_PRESENT_FLUSH renderer=opengl_es queued=true generation=1
10-08 17:03:22.966 17456 17456 I SpinonBootstrap: SPINON_R05_PRESENT_DRAIN renderer=opengl_es generation=1 queued=true delay_ms=250
10-08 17:03:22.966 17456 17475 I SpinonBootstrap: SPINON_R05_DRAW renderer=opengl_es draw_seq=10 revision=9 generation=1
10-08 17:03:22.966 17456 17524 I SpinonBootstrap: SPINON_R05_PRESENT_FLUSH requested=true renderer=opengl_es generation=1
10-08 17:03:22.996 17456 17525 I SpinonBootstrap: SPINON_R05_PRESENT_FENCE renderer=opengl_es request_id=9 input_seq=9 revision=9 event_time_ns=6757565000000 generation=1 current_generation=1 current_surface=true target_vsync_id=153232 outcome=callback_received fence_valid=true fence_state=signaled signal_time_ns=6757603194680 latch_time_ns=6757593368305 fence_signal_usable=true callback_inline_overflow=false inline_callback_total=0 callback_os_tid=17525 callback_thread_id=57 queue_depth=0 input_uptime_anchor_ns=6757565706180 input_monotonic_before_ns=6757565705347 input_monotonic_after_ns=6757565706347 callback_uptime_anchor_ns=6757603974930 callback_monotonic_before_ns=6757603973805 callback_monotonic_after_ns=6757603975055 signal_observed_monotonic_ns=6757603984597 input_offset_min_ns=-167 input_offset_max_ns=833 callback_offset_min_ns=-125 callback_offset_max_ns=1125 clock_offset_intervals_overlap=true processing_error=none fence_close_error=none
10-08 17:03:23.217 17456 17456 I SpinonBootstrap: SPINON_R05_PRESENT_FLUSH renderer=opengl_es queued=true generation=1
10-08 17:03:23.217 17456 17524 I SpinonBootstrap: SPINON_R05_PRESENT_FLUSH requested=true renderer=opengl_es generation=1
10-08 17:03:23.429 17456 17456 I SpinonBootstrap: SPINON_R05_INPUT renderer=opengl_es input_seq=10 phase=ACTION_UP timestamp_precision=nanosecond_representation input_source=unknown event_time_ns=6758036000000 input_uptime_anchor_ns=6758037333514 input_monotonic_before_ns=6758037333139 input_monotonic_after_ns=6758037333639 generation=1
10-08 17:03:23.430 17456 17456 I SpinonBootstrap: SPINON_R05_FRAME_TIMELINE_REQUEST renderer=opengl_es request_id=10 input_seq=10 revision=10 generation=1 state=posted
10-08 17:03:23.430 17456 17456 I SpinonBootstrap: SPINON_R08_TOUCH count=10
10-08 17:03:23.433 17456 17456 I SpinonBootstrap: SPINON_R05_FRAME_TIMELINE_TARGET renderer=opengl_es request_id=10 input_seq=10 revision=10 generation=1 vsync_id=153240 deadline_ns=6758056388168 expected_presentation_ns=6758072054834 render_mode=on_demand
10-08 17:03:23.433 17456 17456 I SpinonBootstrap: SPINON_R05_PRESENT_FENCE_LISTENER renderer=opengl_es request_id=10 input_seq=10 revision=10 generation=1 target_vsync_id=153240 state=registered timeout_ms=2000
10-08 17:03:23.433 17456 17456 I SpinonBootstrap: SPINON_R05_FRAME_TIMELINE_APPLY renderer=opengl_es request_id=10 input_seq=10 revision=10 generation=1 target_vsync_id=153240 transaction=queued_for_next_surface_frame
10-08 17:03:23.433 17456 17456 I SpinonBootstrap: SPINON_R05_SUBMIT renderer=opengl_es input_seq=10 revision=10 generation=1 event_time_ns=6758036000000 handler_uptime_ns=6758040685930 draw_requested=true draw_completed=false present_signal=unavailable attribution=input
10-08 17:03:23.433 17456 17456 I SpinonBootstrap: SPINON_R05_PRESENT_FLUSH renderer=opengl_es queued=true generation=1
10-08 17:03:23.433 17456 17456 I SpinonBootstrap: SPINON_R05_PRESENT_DRAIN renderer=opengl_es generation=1 queued=true delay_ms=250
10-08 17:03:23.433 17456 17475 I SpinonBootstrap: SPINON_R05_DRAW renderer=opengl_es draw_seq=11 revision=10 generation=1
10-08 17:03:23.433 17456 17524 I SpinonBootstrap: SPINON_R05_PRESENT_FLUSH requested=true renderer=opengl_es generation=1
10-08 17:03:23.461 17456 17525 I SpinonBootstrap: SPINON_R05_PRESENT_FENCE renderer=opengl_es request_id=10 input_seq=10 revision=10 event_time_ns=6758036000000 generation=1 current_generation=1 current_surface=true target_vsync_id=153240 outcome=callback_received fence_valid=true fence_state=signaled signal_time_ns=6758068811597 latch_time_ns=6758060154930 fence_signal_usable=true callback_inline_overflow=false inline_callback_total=0 callback_os_tid=17525 callback_thread_id=57 queue_depth=0 input_uptime_anchor_ns=6758037333514 input_monotonic_before_ns=6758037333139 input_monotonic_after_ns=6758037333639 callback_uptime_anchor_ns=6758069238514 callback_monotonic_before_ns=6758069238055 callback_monotonic_after_ns=6758069238597 signal_observed_monotonic_ns=6758069247139 input_offset_min_ns=-125 input_offset_max_ns=375 callback_offset_min_ns=-83 callback_offset_max_ns=459 clock_offset_intervals_overlap=true processing_error=none fence_close_error=none
10-08 17:03:23.683 17456 17456 I SpinonBootstrap: SPINON_R05_PRESENT_FLUSH renderer=opengl_es queued=true generation=1
10-08 17:03:23.683 17456 17524 I SpinonBootstrap: SPINON_R05_PRESENT_FLUSH requested=true renderer=opengl_es generation=1
10-08 17:03:23.684 17456 17524 I SpinonBootstrap: SPINON_R05_PRESENT_BATCH renderer=opengl_es generation=1 batch_seq=9 record_count=1 callback_os_tid=17524 callback_thread_id=56 registering_thread_os_tid=17456 queue_depth=0 rejected_callback_batches=0 rejected_flush_tasks=0 callback_uptime_ns=6758291566389 attribution=unmatched
10-08 17:03:23.684 17456 17524 I SpinonBootstrap: SPINON_R05_PRESENT renderer=opengl_es signal=SurfaceView_JankData generation=1 current_generation=1 current_surface=true batch_seq=9 record_index=0 callback_os_tid=17524 callback_thread_id=56 registering_thread_os_tid=17456 queue_depth=0 vsync_id=153232 present_time_ns=-1 present_state=unknown jank_type=0 actual_app_frame_ns=20342909 scheduled_app_frame_ns=16666666 callback_uptime_ns=6758291566389 frame_id=unavailable join_status=exact_match input_seq=9 revision=9 request_id=9 target_vsync_id=153232
10-08 17:03:23.909 17456 17456 I SpinonBootstrap: SPINON_R05_INPUT renderer=opengl_es input_seq=11 phase=ACTION_UP timestamp_precision=nanosecond_representation input_source=unknown event_time_ns=6758516000000 input_uptime_anchor_ns=6758517285389 input_monotonic_before_ns=6758517284805 input_monotonic_after_ns=6758517285680 generation=1
10-08 17:03:23.909 17456 17456 I SpinonBootstrap: SPINON_R05_FRAME_TIMELINE_REQUEST renderer=opengl_es request_id=11 input_seq=11 revision=11 generation=1 state=posted
10-08 17:03:23.910 17456 17456 I SpinonBootstrap: SPINON_R08_TOUCH count=11
10-08 17:03:23.917 17456 17456 I SpinonBootstrap: SPINON_R05_FRAME_TIMELINE_TARGET renderer=opengl_es request_id=11 input_seq=11 revision=11 generation=1 vsync_id=153248 deadline_ns=6758539721482 expected_presentation_ns=6758555388148 render_mode=on_demand
10-08 17:03:23.917 17456 17456 I SpinonBootstrap: SPINON_R05_PRESENT_FENCE_LISTENER renderer=opengl_es request_id=11 input_seq=11 revision=11 generation=1 target_vsync_id=153248 state=registered timeout_ms=2000
10-08 17:03:23.917 17456 17456 I SpinonBootstrap: SPINON_R05_FRAME_TIMELINE_APPLY renderer=opengl_es request_id=11 input_seq=11 revision=11 generation=1 target_vsync_id=153248 transaction=queued_for_next_surface_frame
10-08 17:03:23.917 17456 17456 I SpinonBootstrap: SPINON_R05_SUBMIT renderer=opengl_es input_seq=11 revision=11 generation=1 event_time_ns=6758516000000 handler_uptime_ns=6758524716847 draw_requested=true draw_completed=false present_signal=unavailable attribution=input
10-08 17:03:23.917 17456 17456 I SpinonBootstrap: SPINON_R05_PRESENT_FLUSH renderer=opengl_es queued=true generation=1
10-08 17:03:23.917 17456 17456 I SpinonBootstrap: SPINON_R05_PRESENT_DRAIN renderer=opengl_es generation=1 queued=true delay_ms=250
10-08 17:03:23.917 17456 17524 I SpinonBootstrap: SPINON_R05_PRESENT_FLUSH requested=true renderer=opengl_es generation=1
10-08 17:03:23.917 17456 17475 I SpinonBootstrap: SPINON_R05_DRAW renderer=opengl_es draw_seq=12 revision=11 generation=1
10-08 17:03:23.947 17456 17525 I SpinonBootstrap: SPINON_R05_PRESENT_FENCE renderer=opengl_es request_id=11 input_seq=11 revision=11 event_time_ns=6758516000000 generation=1 current_generation=1 current_surface=true target_vsync_id=153248 outcome=callback_received fence_valid=true fence_state=signaled signal_time_ns=6758554970431 latch_time_ns=6758545682431 fence_signal_usable=true callback_inline_overflow=false inline_callback_total=0 callback_os_tid=17525 callback_thread_id=57 queue_depth=0 input_uptime_anchor_ns=6758517285389 input_monotonic_before_ns=6758517284805 input_monotonic_after_ns=6758517285680 callback_uptime_anchor_ns=6758555370264 callback_monotonic_before_ns=6758555369306 callback_monotonic_after_ns=6758555370306 signal_observed_monotonic_ns=6758555377514 input_offset_min_ns=-291 input_offset_max_ns=584 callback_offset_min_ns=-42 callback_offset_max_ns=958 clock_offset_intervals_overlap=true processing_error=none fence_close_error=none
10-08 17:03:24.170 17456 17456 I SpinonBootstrap: SPINON_R05_PRESENT_FLUSH renderer=opengl_es queued=true generation=1
10-08 17:03:24.170 17456 17524 I SpinonBootstrap: SPINON_R05_PRESENT_FLUSH requested=true renderer=opengl_es generation=1
10-08 17:03:24.170 17456 17524 I SpinonBootstrap: SPINON_R05_PRESENT_BATCH renderer=opengl_es generation=1 batch_seq=10 record_count=1 callback_os_tid=17524 callback_thread_id=56 registering_thread_os_tid=17456 queue_depth=0 rejected_callback_batches=0 rejected_flush_tasks=0 callback_uptime_ns=6758778343306 attribution=unmatched
10-08 17:03:24.170 17456 17524 I SpinonBootstrap: SPINON_R05_PRESENT renderer=opengl_es signal=SurfaceView_JankData generation=1 current_generation=1 current_surface=true batch_seq=10 record_index=0 callback_os_tid=17524 callback_thread_id=56 registering_thread_os_tid=17456 queue_depth=0 vsync_id=153240 present_time_ns=-1 present_state=unknown jank_type=0 actual_app_frame_ns=20471887 scheduled_app_frame_ns=16666666 callback_uptime_ns=6758778343306 frame_id=unavailable join_status=exact_match input_seq=10 revision=10 request_id=10 target_vsync_id=153240
