--------- beginning of main
10-08 17:02:33.724 16957 16957 I SpinonBootstrap: SPINON_R08_UI=ready text-input=EditText accessibility=button+EditText
10-08 17:02:33.780 16957 16957 I SpinonBootstrap: SPINON_R05_SURFACE renderer=opengl_es type=GLSurfaceView generation=1
10-08 17:02:33.784 16957 16957 I SpinonBootstrap: SPINON_R05_SIGNAL_CAPABILITY renderer=opengl_es signal=SurfaceView_JankData available=true reason=registered api=37 api_full=3700002
10-08 17:02:33.788 16957 16957 I SpinonBootstrap: SPINON_R05_SURFACE_SIZE renderer=opengl_es generation=1 size=1080x1920
10-08 17:02:33.836 16957 16976 I SpinonBootstrap: SPINON_R08_SURFACE=created api=OpenGL_ES_2 renderer=Android Emulator OpenGL ES Translator (ANGLE (Google, Vulkan 1.3.0 (SwiftShader Device (LLVM 10.0.0) (0x0000C0DE)), SwiftShader driver-5.0.0)) version=OpenGL ES 3.1 (OpenGL ES 3.1.0 (ANGLE 2.1.1 git hash: fbf66f49c7cc))
10-08 17:02:33.846 16957 16976 I SpinonBootstrap: SPINON_R08_SHADER=ready
10-08 17:02:33.846 16957 16976 I SpinonBootstrap: SPINON_R08_SURFACE=size 1080x1920
10-08 17:02:33.846 16957 16976 I SpinonBootstrap: SPINON_R05_DRAW renderer=opengl_es draw_seq=1 revision=0 generation=1
10-08 17:02:33.846 16957 16976 I SpinonBootstrap: SPINON_R08_FRAME=first_draw_submitted
10-08 17:02:33.860 16957 16976 I SpinonBootstrap: SPINON_R05_DRAW renderer=opengl_es draw_seq=2 revision=0 generation=1
10-08 17:02:35.921 16957 16957 I SpinonBootstrap: SPINON_R05_INPUT renderer=opengl_es input_seq=1 phase=ACTION_UP timestamp_precision=nanosecond_representation input_source=unknown event_time_ns=6710527000000 input_uptime_anchor_ns=6710528892366 input_monotonic_before_ns=6710528891491 input_monotonic_after_ns=6710528892533 generation=1
10-08 17:02:35.922 16957 16957 I SpinonBootstrap: SPINON_R05_FRAME_TIMELINE_REQUEST renderer=opengl_es request_id=1 input_seq=1 revision=1 generation=1 state=posted
10-08 17:02:35.923 16957 16957 I SpinonBootstrap: SPINON_R08_TOUCH count=1
10-08 17:02:35.958 16957 16957 I SpinonBootstrap: SPINON_R05_FRAME_TIMELINE_TARGET renderer=opengl_es request_id=1 input_seq=1 revision=1 generation=1 vsync_id=151382 deadline_ns=6710589723400 expected_presentation_ns=6710605390066 render_mode=on_demand
10-08 17:02:35.958 16957 16957 I SpinonBootstrap: SPINON_R05_PRESENT_FENCE_LISTENER renderer=opengl_es request_id=1 input_seq=1 revision=1 generation=1 target_vsync_id=151382 state=registered timeout_ms=2000
10-08 17:02:35.958 16957 16957 I SpinonBootstrap: SPINON_R05_FRAME_TIMELINE_APPLY renderer=opengl_es request_id=1 input_seq=1 revision=1 generation=1 target_vsync_id=151382 transaction=queued_for_next_surface_frame
10-08 17:02:35.959 16957 16957 I SpinonBootstrap: SPINON_R05_SUBMIT renderer=opengl_es input_seq=1 revision=1 generation=1 event_time_ns=6710527000000 handler_uptime_ns=6710566627824 draw_requested=true draw_completed=false present_signal=unavailable attribution=input
10-08 17:02:35.959 16957 16957 I SpinonBootstrap: SPINON_R05_PRESENT_FLUSH renderer=opengl_es queued=true generation=1
10-08 17:02:35.959 16957 16957 I SpinonBootstrap: SPINON_R05_PRESENT_DRAIN renderer=opengl_es generation=1 queued=true delay_ms=250
10-08 17:02:35.960 16957 16976 I SpinonBootstrap: SPINON_R05_DRAW renderer=opengl_es draw_seq=3 revision=1 generation=1
10-08 17:02:35.960 16957 17010 I SpinonBootstrap: SPINON_R05_PRESENT_FLUSH requested=true renderer=opengl_es generation=1
10-08 17:02:35.960 16957 17010 I SpinonBootstrap: SPINON_R05_PRESENT_BATCH renderer=opengl_es generation=1 batch_seq=1 record_count=3 callback_os_tid=17010 callback_thread_id=56 registering_thread_os_tid=16957 queue_depth=0 rejected_callback_batches=0 rejected_flush_tasks=0 callback_uptime_ns=6710567958074 attribution=unmatched
10-08 17:02:35.960 16957 17010 I SpinonBootstrap: SPINON_R05_PRESENT renderer=opengl_es signal=SurfaceView_JankData generation=1 current_generation=1 current_surface=true batch_seq=1 record_index=0 callback_os_tid=17010 callback_thread_id=56 registering_thread_os_tid=16957 queue_depth=0 vsync_id=-1 present_time_ns=-1 present_state=unknown jank_type=0 actual_app_frame_ns=0 scheduled_app_frame_ns=0 callback_uptime_ns=6710567958074 frame_id=unavailable join_status=unmatched input_seq=-1 revision=-1 request_id=-1 target_vsync_id=-1
10-08 17:02:35.960 16957 17010 I SpinonBootstrap: SPINON_R05_PRESENT renderer=opengl_es signal=SurfaceView_JankData generation=1 current_generation=1 current_surface=true batch_seq=1 record_index=1 callback_os_tid=17010 callback_thread_id=56 registering_thread_os_tid=16957 queue_depth=0 vsync_id=-1 present_time_ns=-1 present_state=unknown jank_type=0 actual_app_frame_ns=0 scheduled_app_frame_ns=0 callback_uptime_ns=6710567958074 frame_id=unavailable join_status=unmatched input_seq=-1 revision=-1 request_id=-1 target_vsync_id=-1
10-08 17:02:35.960 16957 17010 I SpinonBootstrap: SPINON_R05_PRESENT renderer=opengl_es signal=SurfaceView_JankData generation=1 current_generation=1 current_surface=true batch_seq=1 record_index=2 callback_os_tid=17010 callback_thread_id=56 registering_thread_os_tid=16957 queue_depth=0 vsync_id=150570 present_time_ns=-1 present_state=unknown jank_type=2 actual_app_frame_ns=133749042 scheduled_app_frame_ns=16666666 callback_uptime_ns=6710567958074 frame_id=unavailable join_status=unmatched input_seq=-1 revision=-1 request_id=-1 target_vsync_id=-1
10-08 17:02:35.991 16957 17011 I SpinonBootstrap: SPINON_R05_PRESENT_FENCE renderer=opengl_es request_id=1 input_seq=1 revision=1 event_time_ns=6710527000000 generation=1 current_generation=1 current_surface=true target_vsync_id=151382 outcome=callback_received fence_valid=true fence_state=signaled signal_time_ns=6710598412574 latch_time_ns=6710589901658 fence_signal_usable=true callback_inline_overflow=false inline_callback_total=0 callback_os_tid=17011 callback_thread_id=57 queue_depth=0 input_uptime_anchor_ns=6710528892366 input_monotonic_before_ns=6710528891491 input_monotonic_after_ns=6710528892533 callback_uptime_anchor_ns=6710599016574 callback_monotonic_before_ns=6710599015449 callback_monotonic_after_ns=6710599016658 signal_observed_monotonic_ns=6710599044866 input_offset_min_ns=-167 input_offset_max_ns=875 callback_offset_min_ns=-84 callback_offset_max_ns=1125 clock_offset_intervals_overlap=true processing_error=none fence_close_error=none
10-08 17:02:36.209 16957 16957 I SpinonBootstrap: SPINON_R05_PRESENT_FLUSH renderer=opengl_es queued=true generation=1
10-08 17:02:36.209 16957 17010 I SpinonBootstrap: SPINON_R05_PRESENT_FLUSH requested=true renderer=opengl_es generation=1
10-08 17:02:36.210 16957 17010 I SpinonBootstrap: SPINON_R05_PRESENT_BATCH renderer=opengl_es generation=1 batch_seq=2 record_count=1 callback_os_tid=17010 callback_thread_id=56 registering_thread_os_tid=16957 queue_depth=0 rejected_callback_batches=0 rejected_flush_tasks=0 callback_uptime_ns=6710817713741 attribution=unmatched
10-08 17:02:36.210 16957 17010 I SpinonBootstrap: SPINON_R05_PRESENT renderer=opengl_es signal=SurfaceView_JankData generation=1 current_generation=1 current_surface=true batch_seq=2 record_index=0 callback_os_tid=17010 callback_thread_id=56 registering_thread_os_tid=16957 queue_depth=0 vsync_id=151382 present_time_ns=-1 present_state=unknown jank_type=0 actual_app_frame_ns=50191631 scheduled_app_frame_ns=49999998 callback_uptime_ns=6710817713741 frame_id=unavailable join_status=exact_match input_seq=1 revision=1 request_id=1 target_vsync_id=151382
10-08 17:02:36.403 16957 16957 I SpinonBootstrap: SPINON_R05_INPUT renderer=opengl_es input_seq=2 phase=ACTION_UP timestamp_precision=nanosecond_representation input_source=unknown event_time_ns=6711010000000 input_uptime_anchor_ns=6711011458325 input_monotonic_before_ns=6711011457575 input_monotonic_after_ns=6711011458491 generation=1
10-08 17:02:36.404 16957 16957 I SpinonBootstrap: SPINON_R05_FRAME_TIMELINE_REQUEST renderer=opengl_es request_id=2 input_seq=2 revision=2 generation=1 state=posted
10-08 17:02:36.404 16957 16957 I SpinonBootstrap: SPINON_R08_TOUCH count=2
10-08 17:02:36.418 16957 16957 I SpinonBootstrap: SPINON_R05_FRAME_TIMELINE_TARGET renderer=opengl_es request_id=2 input_seq=2 revision=2 generation=1 vsync_id=151389 deadline_ns=6711039723382 expected_presentation_ns=6711055390048 render_mode=on_demand
10-08 17:02:36.418 16957 16957 I SpinonBootstrap: SPINON_R05_PRESENT_FENCE_LISTENER renderer=opengl_es request_id=2 input_seq=2 revision=2 generation=1 target_vsync_id=151389 state=registered timeout_ms=2000
10-08 17:02:36.418 16957 16957 I SpinonBootstrap: SPINON_R05_FRAME_TIMELINE_APPLY renderer=opengl_es request_id=2 input_seq=2 revision=2 generation=1 target_vsync_id=151389 transaction=queued_for_next_surface_frame
10-08 17:02:36.418 16957 16957 I SpinonBootstrap: SPINON_R05_SUBMIT renderer=opengl_es input_seq=2 revision=2 generation=1 event_time_ns=6711010000000 handler_uptime_ns=6711026351825 draw_requested=true draw_completed=false present_signal=unavailable attribution=input
10-08 17:02:36.418 16957 16957 I SpinonBootstrap: SPINON_R05_PRESENT_FLUSH renderer=opengl_es queued=true generation=1
10-08 17:02:36.418 16957 16957 I SpinonBootstrap: SPINON_R05_PRESENT_DRAIN renderer=opengl_es generation=1 queued=true delay_ms=250
10-08 17:02:36.419 16957 17010 I SpinonBootstrap: SPINON_R05_PRESENT_FLUSH requested=true renderer=opengl_es generation=1
10-08 17:02:36.419 16957 16976 I SpinonBootstrap: SPINON_R05_DRAW renderer=opengl_es draw_seq=4 revision=2 generation=1
10-08 17:02:36.444 16957 17011 I SpinonBootstrap: SPINON_R05_PRESENT_FENCE renderer=opengl_es request_id=2 input_seq=2 revision=2 event_time_ns=6711010000000 generation=1 current_generation=1 current_surface=true target_vsync_id=151389 outcome=callback_received fence_valid=true fence_state=signaled signal_time_ns=6711051490200 latch_time_ns=6711039880825 fence_signal_usable=true callback_inline_overflow=false inline_callback_total=0 callback_os_tid=17011 callback_thread_id=57 queue_depth=0 input_uptime_anchor_ns=6711011458325 input_monotonic_before_ns=6711011457575 input_monotonic_after_ns=6711011458491 callback_uptime_anchor_ns=6711052249616 callback_monotonic_before_ns=6711052248700 callback_monotonic_after_ns=6711052249658 signal_observed_monotonic_ns=6711052260325 input_offset_min_ns=-166 input_offset_max_ns=750 callback_offset_min_ns=-42 callback_offset_max_ns=916 clock_offset_intervals_overlap=true processing_error=none fence_close_error=none
10-08 17:02:36.673 16957 16957 I SpinonBootstrap: SPINON_R05_PRESENT_FLUSH renderer=opengl_es queued=true generation=1
10-08 17:02:36.673 16957 17010 I SpinonBootstrap: SPINON_R05_PRESENT_FLUSH requested=true renderer=opengl_es generation=1
10-08 17:02:36.878 16957 16957 I SpinonBootstrap: SPINON_R05_INPUT renderer=opengl_es input_seq=3 phase=ACTION_UP timestamp_precision=nanosecond_representation input_source=unknown event_time_ns=6711485000000 input_uptime_anchor_ns=6711485862783 input_monotonic_before_ns=6711485862366 input_monotonic_after_ns=6711485862950 generation=1
10-08 17:02:36.878 16957 16957 I SpinonBootstrap: SPINON_R05_FRAME_TIMELINE_REQUEST renderer=opengl_es request_id=3 input_seq=3 revision=3 generation=1 state=posted
10-08 17:02:36.878 16957 16957 I SpinonBootstrap: SPINON_R08_TOUCH count=3
10-08 17:02:36.883 16957 16957 I SpinonBootstrap: SPINON_R05_FRAME_TIMELINE_TARGET renderer=opengl_es request_id=3 input_seq=3 revision=3 generation=1 vsync_id=151397 deadline_ns=6711506390030 expected_presentation_ns=6711522056696 render_mode=on_demand
10-08 17:02:36.883 16957 16957 I SpinonBootstrap: SPINON_R05_PRESENT_FENCE_LISTENER renderer=opengl_es request_id=3 input_seq=3 revision=3 generation=1 target_vsync_id=151397 state=registered timeout_ms=2000
10-08 17:02:36.883 16957 16957 I SpinonBootstrap: SPINON_R05_FRAME_TIMELINE_APPLY renderer=opengl_es request_id=3 input_seq=3 revision=3 generation=1 target_vsync_id=151397 transaction=queued_for_next_surface_frame
10-08 17:02:36.883 16957 16957 I SpinonBootstrap: SPINON_R05_SUBMIT renderer=opengl_es input_seq=3 revision=3 generation=1 event_time_ns=6711485000000 handler_uptime_ns=6711490859533 draw_requested=true draw_completed=false present_signal=unavailable attribution=input
10-08 17:02:36.883 16957 16957 I SpinonBootstrap: SPINON_R05_PRESENT_FLUSH renderer=opengl_es queued=true generation=1
10-08 17:02:36.883 16957 16957 I SpinonBootstrap: SPINON_R05_PRESENT_DRAIN renderer=opengl_es generation=1 queued=true delay_ms=250
10-08 17:02:36.883 16957 17010 I SpinonBootstrap: SPINON_R05_PRESENT_FLUSH requested=true renderer=opengl_es generation=1
10-08 17:02:36.883 16957 16976 I SpinonBootstrap: SPINON_R05_DRAW renderer=opengl_es draw_seq=5 revision=3 generation=1
10-08 17:02:36.910 16957 17011 I SpinonBootstrap: SPINON_R05_PRESENT_FENCE renderer=opengl_es request_id=3 input_seq=3 revision=3 event_time_ns=6711485000000 generation=1 current_generation=1 current_surface=true target_vsync_id=151397 outcome=callback_received fence_valid=true fence_state=signaled signal_time_ns=6711517124825 latch_time_ns=6711507288408 fence_signal_usable=true callback_inline_overflow=false inline_callback_total=0 callback_os_tid=17011 callback_thread_id=57 queue_depth=0 input_uptime_anchor_ns=6711485862783 input_monotonic_before_ns=6711485862366 input_monotonic_after_ns=6711485862950 callback_uptime_anchor_ns=6711517497200 callback_monotonic_before_ns=6711517496616 callback_monotonic_after_ns=6711517497241 signal_observed_monotonic_ns=6711517507533 input_offset_min_ns=-167 input_offset_max_ns=417 callback_offset_min_ns=-41 callback_offset_max_ns=584 clock_offset_intervals_overlap=true processing_error=none fence_close_error=none
10-08 17:02:37.132 16957 16957 I SpinonBootstrap: SPINON_R05_PRESENT_FLUSH renderer=opengl_es queued=true generation=1
10-08 17:02:37.132 16957 17010 I SpinonBootstrap: SPINON_R05_PRESENT_FLUSH requested=true renderer=opengl_es generation=1
10-08 17:02:37.133 16957 17010 I SpinonBootstrap: SPINON_R05_PRESENT_BATCH renderer=opengl_es generation=1 batch_seq=3 record_count=1 callback_os_tid=17010 callback_thread_id=56 registering_thread_os_tid=16957 queue_depth=0 rejected_callback_batches=0 rejected_flush_tasks=0 callback_uptime_ns=6711740719450 attribution=unmatched
10-08 17:02:37.133 16957 17010 I SpinonBootstrap: SPINON_R05_PRESENT renderer=opengl_es signal=SurfaceView_JankData generation=1 current_generation=1 current_surface=true batch_seq=3 record_index=0 callback_os_tid=17010 callback_thread_id=56 registering_thread_os_tid=16957 queue_depth=0 vsync_id=151389 present_time_ns=-1 present_state=unknown jank_type=0 actual_app_frame_ns=16847859 scheduled_app_frame_ns=16666666 callback_uptime_ns=6711740719450 frame_id=unavailable join_status=exact_match input_seq=2 revision=2 request_id=2 target_vsync_id=151389
10-08 17:02:37.354 16957 16957 I SpinonBootstrap: SPINON_R05_INPUT renderer=opengl_es input_seq=4 phase=ACTION_UP timestamp_precision=nanosecond_representation input_source=unknown event_time_ns=6711961000000 input_uptime_anchor_ns=6711962058283 input_monotonic_before_ns=6711962057617 input_monotonic_after_ns=6711962058408 generation=1
10-08 17:02:37.354 16957 16957 I SpinonBootstrap: SPINON_R05_FRAME_TIMELINE_REQUEST renderer=opengl_es request_id=4 input_seq=4 revision=4 generation=1 state=posted
10-08 17:02:37.355 16957 16957 I SpinonBootstrap: SPINON_R08_TOUCH count=4
10-08 17:02:37.367 16957 16957 I SpinonBootstrap: SPINON_R05_FRAME_TIMELINE_TARGET renderer=opengl_es request_id=4 input_seq=4 revision=4 generation=1 vsync_id=151405 deadline_ns=6711989723344 expected_presentation_ns=6712005390010 render_mode=on_demand
10-08 17:02:37.367 16957 16957 I SpinonBootstrap: SPINON_R05_PRESENT_FENCE_LISTENER renderer=opengl_es request_id=4 input_seq=4 revision=4 generation=1 target_vsync_id=151405 state=registered timeout_ms=2000
10-08 17:02:37.367 16957 16957 I SpinonBootstrap: SPINON_R05_FRAME_TIMELINE_APPLY renderer=opengl_es request_id=4 input_seq=4 revision=4 generation=1 target_vsync_id=151405 transaction=queued_for_next_surface_frame
10-08 17:02:37.367 16957 16957 I SpinonBootstrap: SPINON_R05_SUBMIT renderer=opengl_es input_seq=4 revision=4 generation=1 event_time_ns=6711961000000 handler_uptime_ns=6711974979783 draw_requested=true draw_completed=false present_signal=unavailable attribution=input
10-08 17:02:37.367 16957 16957 I SpinonBootstrap: SPINON_R05_PRESENT_FLUSH renderer=opengl_es queued=true generation=1
10-08 17:02:37.367 16957 16957 I SpinonBootstrap: SPINON_R05_PRESENT_DRAIN renderer=opengl_es generation=1 queued=true delay_ms=250
10-08 17:02:37.367 16957 17010 I SpinonBootstrap: SPINON_R05_PRESENT_FLUSH requested=true renderer=opengl_es generation=1
10-08 17:02:37.367 16957 16976 I SpinonBootstrap: SPINON_R05_DRAW renderer=opengl_es draw_seq=6 revision=4 generation=1
10-08 17:02:37.392 16957 17011 I SpinonBootstrap: SPINON_R05_PRESENT_FENCE renderer=opengl_es request_id=4 input_seq=4 revision=4 event_time_ns=6711961000000 generation=1 current_generation=1 current_surface=true target_vsync_id=151405 outcome=callback_received fence_valid=true fence_state=signaled signal_time_ns=6711999809450 latch_time_ns=6711990188158 fence_signal_usable=true callback_inline_overflow=false inline_callback_total=0 callback_os_tid=17011 callback_thread_id=57 queue_depth=0 input_uptime_anchor_ns=6711962058283 input_monotonic_before_ns=6711962057617 input_monotonic_after_ns=6711962058408 callback_uptime_anchor_ns=6712000360325 callback_monotonic_before_ns=6712000359492 callback_monotonic_after_ns=6712000360450 signal_observed_monotonic_ns=6712000372242 input_offset_min_ns=-125 input_offset_max_ns=666 callback_offset_min_ns=-125 callback_offset_max_ns=833 clock_offset_intervals_overlap=true processing_error=none fence_close_error=none
10-08 17:02:37.621 16957 16957 I SpinonBootstrap: SPINON_R05_PRESENT_FLUSH renderer=opengl_es queued=true generation=1
10-08 17:02:37.621 16957 17010 I SpinonBootstrap: SPINON_R05_PRESENT_FLUSH requested=true renderer=opengl_es generation=1
10-08 17:02:37.621 16957 17010 I SpinonBootstrap: SPINON_R05_PRESENT_BATCH renderer=opengl_es generation=1 batch_seq=4 record_count=1 callback_os_tid=17010 callback_thread_id=56 registering_thread_os_tid=16957 queue_depth=0 rejected_callback_batches=0 rejected_flush_tasks=0 callback_uptime_ns=6712229361117 attribution=unmatched
10-08 17:02:37.621 16957 17010 I SpinonBootstrap: SPINON_R05_PRESENT renderer=opengl_es signal=SurfaceView_JankData generation=1 current_generation=1 current_surface=true batch_seq=4 record_index=0 callback_os_tid=17010 callback_thread_id=56 registering_thread_os_tid=16957 queue_depth=0 vsync_id=151397 present_time_ns=-1 present_state=unknown jank_type=0 actual_app_frame_ns=17597169 scheduled_app_frame_ns=16666666 callback_uptime_ns=6712229361117 frame_id=unavailable join_status=exact_match input_seq=3 revision=3 request_id=3 target_vsync_id=151397
10-08 17:02:37.831 16957 16957 I SpinonBootstrap: SPINON_R05_INPUT renderer=opengl_es input_seq=5 phase=ACTION_UP timestamp_precision=nanosecond_representation input_source=unknown event_time_ns=6712438000000 input_uptime_anchor_ns=6712439293200 input_monotonic_before_ns=6712439292867 input_monotonic_after_ns=6712439293367 generation=1
10-08 17:02:37.831 16957 16957 I SpinonBootstrap: SPINON_R05_FRAME_TIMELINE_REQUEST renderer=opengl_es request_id=5 input_seq=5 revision=5 generation=1 state=posted
10-08 17:02:37.832 16957 16957 I SpinonBootstrap: SPINON_R08_TOUCH count=5
10-08 17:02:37.849 16957 16957 I SpinonBootstrap: SPINON_R05_FRAME_TIMELINE_TARGET renderer=opengl_es request_id=5 input_seq=5 revision=5 generation=1 vsync_id=151413 deadline_ns=6712473056658 expected_presentation_ns=6712488723324 render_mode=on_demand
10-08 17:02:37.849 16957 16957 I SpinonBootstrap: SPINON_R05_PRESENT_FENCE_LISTENER renderer=opengl_es request_id=5 input_seq=5 revision=5 generation=1 target_vsync_id=151413 state=registered timeout_ms=2000
10-08 17:02:37.849 16957 16957 I SpinonBootstrap: SPINON_R05_FRAME_TIMELINE_APPLY renderer=opengl_es request_id=5 input_seq=5 revision=5 generation=1 target_vsync_id=151413 transaction=queued_for_next_surface_frame
10-08 17:02:37.849 16957 16957 I SpinonBootstrap: SPINON_R05_SUBMIT renderer=opengl_es input_seq=5 revision=5 generation=1 event_time_ns=6712438000000 handler_uptime_ns=6712457065700 draw_requested=true draw_completed=false present_signal=unavailable attribution=input
10-08 17:02:37.849 16957 16976 I SpinonBootstrap: SPINON_R05_DRAW renderer=opengl_es draw_seq=7 revision=5 generation=1
10-08 17:02:37.849 16957 16957 I SpinonBootstrap: SPINON_R05_PRESENT_FLUSH renderer=opengl_es queued=true generation=1
10-08 17:02:37.850 16957 16957 I SpinonBootstrap: SPINON_R05_PRESENT_DRAIN renderer=opengl_es generation=1 queued=true delay_ms=250
10-08 17:02:37.850 16957 17010 I SpinonBootstrap: SPINON_R05_PRESENT_FLUSH requested=true renderer=opengl_es generation=1
10-08 17:02:37.877 16957 17011 I SpinonBootstrap: SPINON_R05_PRESENT_FENCE renderer=opengl_es request_id=5 input_seq=5 revision=5 event_time_ns=6712438000000 generation=1 current_generation=1 current_surface=true target_vsync_id=151413 outcome=callback_received fence_valid=true fence_state=signaled signal_time_ns=6712484171117 latch_time_ns=6712473617325 fence_signal_usable=true callback_inline_overflow=false inline_callback_total=0 callback_os_tid=17011 callback_thread_id=57 queue_depth=0 input_uptime_anchor_ns=6712439293200 input_monotonic_before_ns=6712439292867 input_monotonic_after_ns=6712439293367 callback_uptime_anchor_ns=6712484794242 callback_monotonic_before_ns=6712484792950 callback_monotonic_after_ns=6712484794284 signal_observed_monotonic_ns=6712484802242 input_offset_min_ns=-167 input_offset_max_ns=333 callback_offset_min_ns=-42 callback_offset_max_ns=1292 clock_offset_intervals_overlap=true processing_error=none fence_close_error=none
10-08 17:02:38.100 16957 16957 I SpinonBootstrap: SPINON_R05_PRESENT_FLUSH renderer=opengl_es queued=true generation=1
10-08 17:02:38.101 16957 17010 I SpinonBootstrap: SPINON_R05_PRESENT_FLUSH requested=true renderer=opengl_es generation=1
10-08 17:02:38.101 16957 17010 I SpinonBootstrap: SPINON_R05_PRESENT_BATCH renderer=opengl_es generation=1 batch_seq=5 record_count=1 callback_os_tid=17010 callback_thread_id=56 registering_thread_os_tid=16957 queue_depth=0 rejected_callback_batches=0 rejected_flush_tasks=0 callback_uptime_ns=6712708955200 attribution=unmatched
10-08 17:02:38.101 16957 17010 I SpinonBootstrap: SPINON_R05_PRESENT renderer=opengl_es signal=SurfaceView_JankData generation=1 current_generation=1 current_surface=true batch_seq=5 record_index=0 callback_os_tid=17010 callback_thread_id=56 registering_thread_os_tid=16957 queue_depth=0 vsync_id=151405 present_time_ns=-1 present_state=unknown jank_type=0 actual_app_frame_ns=17167730 scheduled_app_frame_ns=16666666 callback_uptime_ns=6712708955200 frame_id=unavailable join_status=exact_match input_seq=4 revision=4 request_id=4 target_vsync_id=151405
10-08 17:02:38.313 16957 16957 I SpinonBootstrap: SPINON_R05_INPUT renderer=opengl_es input_seq=6 phase=ACTION_UP timestamp_precision=nanosecond_representation input_source=unknown event_time_ns=6712919000000 input_uptime_anchor_ns=6712921043784 input_monotonic_before_ns=6712921042825 input_monotonic_after_ns=6712921044034 generation=1
10-08 17:02:38.313 16957 16957 I SpinonBootstrap: SPINON_R05_FRAME_TIMELINE_REQUEST renderer=opengl_es request_id=6 input_seq=6 revision=6 generation=1 state=posted
10-08 17:02:38.314 16957 16957 I SpinonBootstrap: SPINON_R08_TOUCH count=6
10-08 17:02:38.316 16957 16957 I SpinonBootstrap: SPINON_R05_FRAME_TIMELINE_TARGET renderer=opengl_es request_id=6 input_seq=6 revision=6 generation=1 vsync_id=151421 deadline_ns=6712939723306 expected_presentation_ns=6712955389972 render_mode=on_demand
10-08 17:02:38.316 16957 16957 I SpinonBootstrap: SPINON_R05_PRESENT_FENCE_LISTENER renderer=opengl_es request_id=6 input_seq=6 revision=6 generation=1 target_vsync_id=151421 state=registered timeout_ms=2000
10-08 17:02:38.316 16957 16957 I SpinonBootstrap: SPINON_R05_FRAME_TIMELINE_APPLY renderer=opengl_es request_id=6 input_seq=6 revision=6 generation=1 target_vsync_id=151421 transaction=queued_for_next_surface_frame
10-08 17:02:38.316 16957 16957 I SpinonBootstrap: SPINON_R05_SUBMIT renderer=opengl_es input_seq=6 revision=6 generation=1 event_time_ns=6712919000000 handler_uptime_ns=6712923868784 draw_requested=true draw_completed=false present_signal=unavailable attribution=input
10-08 17:02:38.316 16957 16957 I SpinonBootstrap: SPINON_R05_PRESENT_FLUSH renderer=opengl_es queued=true generation=1
10-08 17:02:38.316 16957 16957 I SpinonBootstrap: SPINON_R05_PRESENT_DRAIN renderer=opengl_es generation=1 queued=true delay_ms=250
10-08 17:02:38.316 16957 16976 I SpinonBootstrap: SPINON_R05_DRAW renderer=opengl_es draw_seq=8 revision=6 generation=1
10-08 17:02:38.316 16957 17010 I SpinonBootstrap: SPINON_R05_PRESENT_FLUSH requested=true renderer=opengl_es generation=1
10-08 17:02:38.342 16957 17011 I SpinonBootstrap: SPINON_R05_PRESENT_FENCE renderer=opengl_es request_id=6 input_seq=6 revision=6 event_time_ns=6712919000000 generation=1 current_generation=1 current_surface=true target_vsync_id=151421 outcome=callback_received fence_valid=true fence_state=signaled signal_time_ns=6712949084450 latch_time_ns=6712939981742 fence_signal_usable=true callback_inline_overflow=false inline_callback_total=0 callback_os_tid=17011 callback_thread_id=57 queue_depth=0 input_uptime_anchor_ns=6712921043784 input_monotonic_before_ns=6712921042825 input_monotonic_after_ns=6712921044034 callback_uptime_anchor_ns=6712950217867 callback_monotonic_before_ns=6712950216034 callback_monotonic_after_ns=6712950217992 signal_observed_monotonic_ns=6712950230200 input_offset_min_ns=-250 input_offset_max_ns=959 callback_offset_min_ns=-125 callback_offset_max_ns=1833 clock_offset_intervals_overlap=true processing_error=none fence_close_error=none
10-08 17:02:38.566 16957 16957 I SpinonBootstrap: SPINON_R05_PRESENT_FLUSH renderer=opengl_es queued=true generation=1
10-08 17:02:38.566 16957 17010 I SpinonBootstrap: SPINON_R05_PRESENT_FLUSH requested=true renderer=opengl_es generation=1
10-08 17:02:38.567 16957 17010 I SpinonBootstrap: SPINON_R05_PRESENT_BATCH renderer=opengl_es generation=1 batch_seq=6 record_count=2 callback_os_tid=17010 callback_thread_id=56 registering_thread_os_tid=16957 queue_depth=0 rejected_callback_batches=0 rejected_flush_tasks=0 callback_uptime_ns=6713174719451 attribution=unmatched
10-08 17:02:38.567 16957 17010 I SpinonBootstrap: SPINON_R05_PRESENT renderer=opengl_es signal=SurfaceView_JankData generation=1 current_generation=1 current_surface=true batch_seq=6 record_index=0 callback_os_tid=17010 callback_thread_id=56 registering_thread_os_tid=16957 queue_depth=0 vsync_id=151413 present_time_ns=-1 present_state=unknown jank_type=0 actual_app_frame_ns=17260417 scheduled_app_frame_ns=16666666 callback_uptime_ns=6713174719451 frame_id=unavailable join_status=exact_match input_seq=5 revision=5 request_id=5 target_vsync_id=151413
10-08 17:02:38.567 16957 17010 I SpinonBootstrap: SPINON_R05_PRESENT renderer=opengl_es signal=SurfaceView_JankData generation=1 current_generation=1 current_surface=true batch_seq=6 record_index=1 callback_os_tid=17010 callback_thread_id=56 registering_thread_os_tid=16957 queue_depth=0 vsync_id=151421 present_time_ns=-1 present_state=unknown jank_type=0 actual_app_frame_ns=17052185 scheduled_app_frame_ns=16666666 callback_uptime_ns=6713174719451 frame_id=unavailable join_status=exact_match input_seq=6 revision=6 request_id=6 target_vsync_id=151421
10-08 17:02:38.789 16957 16957 I SpinonBootstrap: SPINON_R05_INPUT renderer=opengl_es input_seq=7 phase=ACTION_UP timestamp_precision=nanosecond_representation input_source=unknown event_time_ns=6713395000000 input_uptime_anchor_ns=6713396894284 input_monotonic_before_ns=6713396893867 input_monotonic_after_ns=6713396894451 generation=1
10-08 17:02:38.789 16957 16957 I SpinonBootstrap: SPINON_R05_FRAME_TIMELINE_REQUEST renderer=opengl_es request_id=7 input_seq=7 revision=7 generation=1 state=posted
10-08 17:02:38.789 16957 16957 I SpinonBootstrap: SPINON_R08_TOUCH count=7
10-08 17:02:38.801 16957 16957 I SpinonBootstrap: SPINON_R05_FRAME_TIMELINE_TARGET renderer=opengl_es request_id=7 input_seq=7 revision=7 generation=1 vsync_id=151436 deadline_ns=6713423056620 expected_presentation_ns=6713438723286 render_mode=on_demand
10-08 17:02:38.802 16957 16957 I SpinonBootstrap: SPINON_R05_PRESENT_FENCE_LISTENER renderer=opengl_es request_id=7 input_seq=7 revision=7 generation=1 target_vsync_id=151436 state=registered timeout_ms=2000
10-08 17:02:38.802 16957 16957 I SpinonBootstrap: SPINON_R05_FRAME_TIMELINE_APPLY renderer=opengl_es request_id=7 input_seq=7 revision=7 generation=1 target_vsync_id=151436 transaction=queued_for_next_surface_frame
10-08 17:02:38.802 16957 16957 I SpinonBootstrap: SPINON_R05_SUBMIT renderer=opengl_es input_seq=7 revision=7 generation=1 event_time_ns=6713395000000 handler_uptime_ns=6713409607909 draw_requested=true draw_completed=false present_signal=unavailable attribution=input
10-08 17:02:38.802 16957 16957 I SpinonBootstrap: SPINON_R05_PRESENT_FLUSH renderer=opengl_es queued=true generation=1
10-08 17:02:38.802 16957 16957 I SpinonBootstrap: SPINON_R05_PRESENT_DRAIN renderer=opengl_es generation=1 queued=true delay_ms=250
10-08 17:02:38.802 16957 17010 I SpinonBootstrap: SPINON_R05_PRESENT_FLUSH requested=true renderer=opengl_es generation=1
10-08 17:02:38.802 16957 16976 I SpinonBootstrap: SPINON_R05_DRAW renderer=opengl_es draw_seq=9 revision=7 generation=1
10-08 17:02:38.827 16957 17011 I SpinonBootstrap: SPINON_R05_PRESENT_FENCE renderer=opengl_es request_id=7 input_seq=7 revision=7 event_time_ns=6713395000000 generation=1 current_generation=1 current_surface=true target_vsync_id=151436 outcome=callback_received fence_valid=true fence_state=signaled signal_time_ns=6713434550701 latch_time_ns=6713423244659 fence_signal_usable=true callback_inline_overflow=false inline_callback_total=0 callback_os_tid=17011 callback_thread_id=57 queue_depth=0 input_uptime_anchor_ns=6713396894284 input_monotonic_before_ns=6713396893867 input_monotonic_after_ns=6713396894451 callback_uptime_anchor_ns=6713435147034 callback_monotonic_before_ns=6713435146076 callback_monotonic_after_ns=6713435147117 signal_observed_monotonic_ns=6713435158242 input_offset_min_ns=-167 input_offset_max_ns=417 callback_offset_min_ns=-83 callback_offset_max_ns=958 clock_offset_intervals_overlap=true processing_error=none fence_close_error=none
10-08 17:02:39.052 16957 16957 I SpinonBootstrap: SPINON_R05_PRESENT_FLUSH renderer=opengl_es queued=true generation=1
10-08 17:02:39.052 16957 17010 I SpinonBootstrap: SPINON_R05_PRESENT_FLUSH requested=true renderer=opengl_es generation=1
10-08 17:02:39.268 16957 16957 I SpinonBootstrap: SPINON_R05_INPUT renderer=opengl_es input_seq=8 phase=ACTION_UP timestamp_precision=nanosecond_representation input_source=unknown event_time_ns=6713874000000 input_uptime_anchor_ns=6713875817909 input_monotonic_before_ns=6713875817368 input_monotonic_after_ns=6713875818076 generation=1
10-08 17:02:39.268 16957 16957 I SpinonBootstrap: SPINON_R05_FRAME_TIMELINE_REQUEST renderer=opengl_es request_id=8 input_seq=8 revision=8 generation=1 state=posted
10-08 17:02:39.268 16957 16957 I SpinonBootstrap: SPINON_R08_TOUCH count=8
10-08 17:02:39.282 16957 16957 I SpinonBootstrap: SPINON_R05_FRAME_TIMELINE_TARGET renderer=opengl_es request_id=8 input_seq=8 revision=8 generation=1 vsync_id=151444 deadline_ns=6713906389934 expected_presentation_ns=6713922056600 render_mode=on_demand
10-08 17:02:39.282 16957 16957 I SpinonBootstrap: SPINON_R05_PRESENT_FENCE_LISTENER renderer=opengl_es request_id=8 input_seq=8 revision=8 generation=1 target_vsync_id=151444 state=registered timeout_ms=2000
10-08 17:02:39.282 16957 16957 I SpinonBootstrap: SPINON_R05_FRAME_TIMELINE_APPLY renderer=opengl_es request_id=8 input_seq=8 revision=8 generation=1 target_vsync_id=151444 transaction=queued_for_next_surface_frame
10-08 17:02:39.282 16957 16957 I SpinonBootstrap: SPINON_R05_SUBMIT renderer=opengl_es input_seq=8 revision=8 generation=1 event_time_ns=6713874000000 handler_uptime_ns=6713890318951 draw_requested=true draw_completed=false present_signal=unavailable attribution=input
10-08 17:02:39.282 16957 16957 I SpinonBootstrap: SPINON_R05_PRESENT_FLUSH renderer=opengl_es queued=true generation=1
10-08 17:02:39.282 16957 16957 I SpinonBootstrap: SPINON_R05_PRESENT_DRAIN renderer=opengl_es generation=1 queued=true delay_ms=250
10-08 17:02:39.282 16957 16976 I SpinonBootstrap: SPINON_R05_DRAW renderer=opengl_es draw_seq=10 revision=8 generation=1
10-08 17:02:39.283 16957 17010 I SpinonBootstrap: SPINON_R05_PRESENT_FLUSH requested=true renderer=opengl_es generation=1
10-08 17:02:39.312 16957 17011 I SpinonBootstrap: SPINON_R05_PRESENT_FENCE renderer=opengl_es request_id=8 input_seq=8 revision=8 event_time_ns=6713874000000 generation=1 current_generation=1 current_surface=true target_vsync_id=151444 outcome=callback_received fence_valid=true fence_state=signaled signal_time_ns=6713919000618 latch_time_ns=6713909155034 fence_signal_usable=true callback_inline_overflow=false inline_callback_total=0 callback_os_tid=17011 callback_thread_id=57 queue_depth=0 input_uptime_anchor_ns=6713875817909 input_monotonic_before_ns=6713875817368 input_monotonic_after_ns=6713875818076 callback_uptime_anchor_ns=6713920204909 callback_monotonic_before_ns=6713920203618 callback_monotonic_after_ns=6713920204951 signal_observed_monotonic_ns=6713920215576 input_offset_min_ns=-167 input_offset_max_ns=541 callback_offset_min_ns=-42 callback_offset_max_ns=1291 clock_offset_intervals_overlap=true processing_error=none fence_close_error=none
10-08 17:02:39.533 16957 16957 I SpinonBootstrap: SPINON_R05_PRESENT_FLUSH renderer=opengl_es queued=true generation=1
10-08 17:02:39.533 16957 17010 I SpinonBootstrap: SPINON_R05_PRESENT_FLUSH requested=true renderer=opengl_es generation=1
10-08 17:02:39.533 16957 17010 I SpinonBootstrap: SPINON_R05_PRESENT_BATCH renderer=opengl_es generation=1 batch_seq=7 record_count=2 callback_os_tid=17010 callback_thread_id=56 registering_thread_os_tid=16957 queue_depth=0 rejected_callback_batches=0 rejected_flush_tasks=0 callback_uptime_ns=6714141235534 attribution=unmatched
10-08 17:02:39.533 16957 17010 I SpinonBootstrap: SPINON_R05_PRESENT renderer=opengl_es signal=SurfaceView_JankData generation=1 current_generation=1 current_surface=true batch_seq=7 record_index=0 callback_os_tid=17010 callback_thread_id=56 registering_thread_os_tid=16957 queue_depth=0 vsync_id=151436 present_time_ns=-1 present_state=unknown jank_type=0 actual_app_frame_ns=16875705 scheduled_app_frame_ns=16666666 callback_uptime_ns=6714141235534 frame_id=unavailable join_status=exact_match input_seq=7 revision=7 request_id=7 target_vsync_id=151436
10-08 17:02:39.533 16957 17010 I SpinonBootstrap: SPINON_R05_PRESENT renderer=opengl_es signal=SurfaceView_JankData generation=1 current_generation=1 current_surface=true batch_seq=7 record_index=1 callback_os_tid=17010 callback_thread_id=56 registering_thread_os_tid=16957 queue_depth=0 vsync_id=151444 present_time_ns=-1 present_state=unknown jank_type=0 actual_app_frame_ns=19461433 scheduled_app_frame_ns=16666666 callback_uptime_ns=6714141235534 frame_id=unavailable join_status=exact_match input_seq=8 revision=8 request_id=8 target_vsync_id=151444
10-08 17:02:39.749 16957 16957 I SpinonBootstrap: SPINON_R05_INPUT renderer=opengl_es input_seq=9 phase=ACTION_UP timestamp_precision=nanosecond_representation input_source=unknown event_time_ns=6714356000000 input_uptime_anchor_ns=6714356915118 input_monotonic_before_ns=6714356914201 input_monotonic_after_ns=6714356915284 generation=1
10-08 17:02:39.749 16957 16957 I SpinonBootstrap: SPINON_R05_FRAME_TIMELINE_REQUEST renderer=opengl_es request_id=9 input_seq=9 revision=9 generation=1 state=posted
10-08 17:02:39.750 16957 16957 I SpinonBootstrap: SPINON_R08_TOUCH count=9
10-08 17:02:39.765 16957 16957 I SpinonBootstrap: SPINON_R05_FRAME_TIMELINE_TARGET renderer=opengl_es request_id=9 input_seq=9 revision=9 generation=1 vsync_id=151452 deadline_ns=6714389723248 expected_presentation_ns=6714405389914 render_mode=on_demand
10-08 17:02:39.765 16957 16957 I SpinonBootstrap: SPINON_R05_PRESENT_FENCE_LISTENER renderer=opengl_es request_id=9 input_seq=9 revision=9 generation=1 target_vsync_id=151452 state=registered timeout_ms=2000
10-08 17:02:39.765 16957 16957 I SpinonBootstrap: SPINON_R05_FRAME_TIMELINE_APPLY renderer=opengl_es request_id=9 input_seq=9 revision=9 generation=1 target_vsync_id=151452 transaction=queued_for_next_surface_frame
10-08 17:02:39.766 16957 16957 I SpinonBootstrap: SPINON_R05_SUBMIT renderer=opengl_es input_seq=9 revision=9 generation=1 event_time_ns=6714356000000 handler_uptime_ns=6714373536951 draw_requested=true draw_completed=false present_signal=unavailable attribution=input
10-08 17:02:39.766 16957 16976 I SpinonBootstrap: SPINON_R05_DRAW renderer=opengl_es draw_seq=11 revision=9 generation=1
10-08 17:02:39.766 16957 16957 I SpinonBootstrap: SPINON_R05_PRESENT_FLUSH renderer=opengl_es queued=true generation=1
10-08 17:02:39.766 16957 16957 I SpinonBootstrap: SPINON_R05_PRESENT_DRAIN renderer=opengl_es generation=1 queued=true delay_ms=250
10-08 17:02:39.766 16957 17010 I SpinonBootstrap: SPINON_R05_PRESENT_FLUSH requested=true renderer=opengl_es generation=1
10-08 17:02:39.795 16957 17011 I SpinonBootstrap: SPINON_R05_PRESENT_FENCE renderer=opengl_es request_id=9 input_seq=9 revision=9 event_time_ns=6714356000000 generation=1 current_generation=1 current_surface=true target_vsync_id=151452 outcome=callback_received fence_valid=true fence_state=signaled signal_time_ns=6714401811618 latch_time_ns=6714390457451 fence_signal_usable=true callback_inline_overflow=false inline_callback_total=0 callback_os_tid=17011 callback_thread_id=57 queue_depth=0 input_uptime_anchor_ns=6714356915118 input_monotonic_before_ns=6714356914201 input_monotonic_after_ns=6714356915284 callback_uptime_anchor_ns=6714402561159 callback_monotonic_before_ns=6714402559576 callback_monotonic_after_ns=6714402561243 signal_observed_monotonic_ns=6714402569076 input_offset_min_ns=-166 input_offset_max_ns=917 callback_offset_min_ns=-84 callback_offset_max_ns=1583 clock_offset_intervals_overlap=true processing_error=none fence_close_error=none
10-08 17:02:40.023 16957 16957 I SpinonBootstrap: SPINON_R05_PRESENT_FLUSH renderer=opengl_es queued=true generation=1
10-08 17:02:40.023 16957 17010 I SpinonBootstrap: SPINON_R05_PRESENT_FLUSH requested=true renderer=opengl_es generation=1
10-08 17:02:40.023 16957 17010 I SpinonBootstrap: SPINON_R05_PRESENT_BATCH renderer=opengl_es generation=1 batch_seq=8 record_count=1 callback_os_tid=17010 callback_thread_id=56 registering_thread_os_tid=16957 queue_depth=0 rejected_callback_batches=0 rejected_flush_tasks=0 callback_uptime_ns=6714631379993 attribution=unmatched
10-08 17:02:40.023 16957 17010 I SpinonBootstrap: SPINON_R05_PRESENT renderer=opengl_es signal=SurfaceView_JankData generation=1 current_generation=1 current_surface=true batch_seq=8 record_index=0 callback_os_tid=17010 callback_thread_id=56 registering_thread_os_tid=16957 queue_depth=0 vsync_id=151452 present_time_ns=-1 present_state=unknown jank_type=0 actual_app_frame_ns=17423619 scheduled_app_frame_ns=16666666 callback_uptime_ns=6714631379993 frame_id=unavailable join_status=exact_match input_seq=9 revision=9 request_id=9 target_vsync_id=151452
10-08 17:02:40.230 16957 16957 I SpinonBootstrap: SPINON_R05_INPUT renderer=opengl_es input_seq=10 phase=ACTION_UP timestamp_precision=nanosecond_representation input_source=unknown event_time_ns=6714836000000 input_uptime_anchor_ns=6714837481535 input_monotonic_before_ns=6714837480701 input_monotonic_after_ns=6714837481660 generation=1
10-08 17:02:40.230 16957 16957 I SpinonBootstrap: SPINON_R05_FRAME_TIMELINE_REQUEST renderer=opengl_es request_id=10 input_seq=10 revision=10 generation=1 state=posted
10-08 17:02:40.230 16957 16957 I SpinonBootstrap: SPINON_R08_TOUCH count=10
10-08 17:02:40.232 16957 16957 I SpinonBootstrap: SPINON_R05_FRAME_TIMELINE_TARGET renderer=opengl_es request_id=10 input_seq=10 revision=10 generation=1 vsync_id=151460 deadline_ns=6714856389896 expected_presentation_ns=6714872056562 render_mode=on_demand
10-08 17:02:40.233 16957 16957 I SpinonBootstrap: SPINON_R05_PRESENT_FENCE_LISTENER renderer=opengl_es request_id=10 input_seq=10 revision=10 generation=1 target_vsync_id=151460 state=registered timeout_ms=2000
10-08 17:02:40.233 16957 16957 I SpinonBootstrap: SPINON_R05_FRAME_TIMELINE_APPLY renderer=opengl_es request_id=10 input_seq=10 revision=10 generation=1 target_vsync_id=151460 transaction=queued_for_next_surface_frame
10-08 17:02:40.233 16957 16957 I SpinonBootstrap: SPINON_R05_SUBMIT renderer=opengl_es input_seq=10 revision=10 generation=1 event_time_ns=6714836000000 handler_uptime_ns=6714840620451 draw_requested=true draw_completed=false present_signal=unavailable attribution=input
10-08 17:02:40.233 16957 16957 I SpinonBootstrap: SPINON_R05_PRESENT_FLUSH renderer=opengl_es queued=true generation=1
10-08 17:02:40.233 16957 16957 I SpinonBootstrap: SPINON_R05_PRESENT_DRAIN renderer=opengl_es generation=1 queued=true delay_ms=250
10-08 17:02:40.233 16957 16976 I SpinonBootstrap: SPINON_R05_DRAW renderer=opengl_es draw_seq=12 revision=10 generation=1
10-08 17:02:40.234 16957 17010 I SpinonBootstrap: SPINON_R05_PRESENT_FLUSH requested=true renderer=opengl_es generation=1
10-08 17:02:40.260 16957 17011 I SpinonBootstrap: SPINON_R05_PRESENT_FENCE renderer=opengl_es request_id=10 input_seq=10 revision=10 event_time_ns=6714836000000 generation=1 current_generation=1 current_surface=true target_vsync_id=151460 outcome=callback_received fence_valid=true fence_state=signaled signal_time_ns=6714867857701 latch_time_ns=6714858781618 fence_signal_usable=true callback_inline_overflow=false inline_callback_total=0 callback_os_tid=17011 callback_thread_id=57 queue_depth=0 input_uptime_anchor_ns=6714837481535 input_monotonic_before_ns=6714837480701 input_monotonic_after_ns=6714837481660 callback_uptime_anchor_ns=6714868423201 callback_monotonic_before_ns=6714868421826 callback_monotonic_after_ns=6714868423326 signal_observed_monotonic_ns=6714868434868 input_offset_min_ns=-125 input_offset_max_ns=834 callback_offset_min_ns=-125 callback_offset_max_ns=1375 clock_offset_intervals_overlap=true processing_error=none fence_close_error=none
10-08 17:02:40.483 16957 16957 I SpinonBootstrap: SPINON_R05_PRESENT_FLUSH renderer=opengl_es queued=true generation=1
10-08 17:02:40.483 16957 17010 I SpinonBootstrap: SPINON_R05_PRESENT_FLUSH requested=true renderer=opengl_es generation=1
10-08 17:02:40.704 16957 16957 I SpinonBootstrap: SPINON_R05_INPUT renderer=opengl_es input_seq=11 phase=ACTION_UP timestamp_precision=nanosecond_representation input_source=unknown event_time_ns=6715310000000 input_uptime_anchor_ns=6715311534868 input_monotonic_before_ns=6715311534327 input_monotonic_after_ns=6715311534993 generation=1
10-08 17:02:40.704 16957 16957 I SpinonBootstrap: SPINON_R05_FRAME_TIMELINE_REQUEST renderer=opengl_es request_id=11 input_seq=11 revision=11 generation=1 state=posted
10-08 17:02:40.704 16957 16957 I SpinonBootstrap: SPINON_R08_TOUCH count=11
10-08 17:02:40.718 16957 16957 I SpinonBootstrap: SPINON_R05_FRAME_TIMELINE_TARGET renderer=opengl_es request_id=11 input_seq=11 revision=11 generation=1 vsync_id=151468 deadline_ns=6715339723210 expected_presentation_ns=6715355389876 render_mode=on_demand
10-08 17:02:40.718 16957 16957 I SpinonBootstrap: SPINON_R05_PRESENT_FENCE_LISTENER renderer=opengl_es request_id=11 input_seq=11 revision=11 generation=1 target_vsync_id=151468 state=registered timeout_ms=2000
10-08 17:02:40.718 16957 16957 I SpinonBootstrap: SPINON_R05_FRAME_TIMELINE_APPLY renderer=opengl_es request_id=11 input_seq=11 revision=11 generation=1 target_vsync_id=151468 transaction=queued_for_next_surface_frame
10-08 17:02:40.718 16957 16957 I SpinonBootstrap: SPINON_R05_SUBMIT renderer=opengl_es input_seq=11 revision=11 generation=1 event_time_ns=6715310000000 handler_uptime_ns=6715326425118 draw_requested=true draw_completed=false present_signal=unavailable attribution=input
10-08 17:02:40.718 16957 16957 I SpinonBootstrap: SPINON_R05_PRESENT_FLUSH renderer=opengl_es queued=true generation=1
10-08 17:02:40.718 16957 16957 I SpinonBootstrap: SPINON_R05_PRESENT_DRAIN renderer=opengl_es generation=1 queued=true delay_ms=250
10-08 17:02:40.719 16957 16976 I SpinonBootstrap: SPINON_R05_DRAW renderer=opengl_es draw_seq=13 revision=11 generation=1
10-08 17:02:40.719 16957 17010 I SpinonBootstrap: SPINON_R05_PRESENT_FLUSH requested=true renderer=opengl_es generation=1
10-08 17:02:40.743 16957 17011 I SpinonBootstrap: SPINON_R05_PRESENT_FENCE renderer=opengl_es request_id=11 input_seq=11 revision=11 event_time_ns=6715310000000 generation=1 current_generation=1 current_surface=true target_vsync_id=151468 outcome=callback_received fence_valid=true fence_state=signaled signal_time_ns=6715350016702 latch_time_ns=6715340104285 fence_signal_usable=true callback_inline_overflow=false inline_callback_total=0 callback_os_tid=17011 callback_thread_id=57 queue_depth=0 input_uptime_anchor_ns=6715311534868 input_monotonic_before_ns=6715311534327 input_monotonic_after_ns=6715311534993 callback_uptime_anchor_ns=6715350656368 callback_monotonic_before_ns=6715350655160 callback_monotonic_after_ns=6715350656452 signal_observed_monotonic_ns=6715350665035 input_offset_min_ns=-125 input_offset_max_ns=541 callback_offset_min_ns=-84 callback_offset_max_ns=1208 clock_offset_intervals_overlap=true processing_error=none fence_close_error=none
10-08 17:02:40.969 16957 16957 I SpinonBootstrap: SPINON_R05_PRESENT_FLUSH renderer=opengl_es queued=true generation=1
10-08 17:02:40.969 16957 17010 I SpinonBootstrap: SPINON_R05_PRESENT_FLUSH requested=true renderer=opengl_es generation=1
10-08 17:02:40.970 16957 17010 I SpinonBootstrap: SPINON_R05_PRESENT_BATCH renderer=opengl_es generation=1 batch_seq=9 record_count=1 callback_os_tid=17010 callback_thread_id=56 registering_thread_os_tid=16957 queue_depth=0 rejected_callback_batches=0 rejected_flush_tasks=0 callback_uptime_ns=6715577715368 attribution=unmatched
10-08 17:02:40.970 16957 17010 I SpinonBootstrap: SPINON_R05_PRESENT renderer=opengl_es signal=SurfaceView_JankData generation=1 current_generation=1 current_surface=true batch_seq=9 record_index=0 callback_os_tid=17010 callback_thread_id=56 registering_thread_os_tid=16957 queue_depth=0 vsync_id=151460 present_time_ns=-1 present_state=unknown jank_type=0 actual_app_frame_ns=19090096 scheduled_app_frame_ns=16666666 callback_uptime_ns=6715577715368 frame_id=unavailable join_status=exact_match input_seq=10 revision=10 request_id=10 target_vsync_id=151460
