--------- beginning of main
10-08 17:04:38.222 10369 10369 I SpinonBootstrap: SPINON_R08_UI=ready text-input=EditText accessibility=button+EditText
10-08 17:04:38.259 10369 10369 I SpinonBootstrap: SPINON_R05_SURFACE renderer=opengl_es type=GLSurfaceView generation=1
10-08 17:04:38.259 10369 10369 I SpinonBootstrap: SPINON_R05_SIGNAL_CAPABILITY renderer=opengl_es signal=SurfaceView_JankData available=false reason=api_below_37 api=36 api_full=3600000
10-08 17:04:38.259 10369 10369 I SpinonBootstrap: SPINON_R05_SURFACE_SIZE renderer=opengl_es generation=1 size=1080x2400
10-08 17:04:38.267 10369 10389 I SpinonBootstrap: SPINON_R08_SURFACE=created api=OpenGL_ES_2 renderer=Android Emulator OpenGL ES Translator (Apple M4 Max) version=OpenGL ES 3.0 (4.1 Metal - 90.5)
10-08 17:04:38.269 10369 10389 I SpinonBootstrap: SPINON_R08_SHADER=ready
10-08 17:04:38.269 10369 10389 I SpinonBootstrap: SPINON_R08_SURFACE=size 1080x2400
10-08 17:04:38.269 10369 10389 I SpinonBootstrap: SPINON_R05_DRAW renderer=opengl_es draw_seq=1 revision=0 generation=1
10-08 17:04:38.269 10369 10389 I SpinonBootstrap: SPINON_R08_FRAME=first_draw_submitted
10-08 17:04:38.273 10369 10389 I SpinonBootstrap: SPINON_R05_DRAW renderer=opengl_es draw_seq=2 revision=0 generation=1
10-08 17:04:40.321 10369 10369 I SpinonBootstrap: SPINON_R05_INPUT renderer=opengl_es input_seq=1 phase=ACTION_UP timestamp_precision=nanosecond_representation input_source=unknown event_time_ns=716686719000000 input_uptime_anchor_ns=716686720521407 input_monotonic_before_ns=716686720520491 input_monotonic_after_ns=716686720521574 generation=1
10-08 17:04:40.323 10369 10369 I SpinonBootstrap: SPINON_R05_PRESENT_FENCE_LISTENER renderer=opengl_es request_id=1 input_seq=1 revision=1 generation=1 target_vsync_id=-1 state=registered timeout_ms=2000
10-08 17:04:40.323 10369 10369 I SpinonBootstrap: SPINON_R05_PRESENT_FENCE_APPLY renderer=opengl_es request_id=1 input_seq=1 revision=1 generation=1 target_vsync_id=unavailable transaction=queued_for_next_surface_frame listener_attached=true
10-08 17:04:40.323 10369 10369 I SpinonBootstrap: SPINON_R05_SUBMIT renderer=opengl_es input_seq=1 revision=1 generation=1 event_time_ns=716686719000000 handler_uptime_ns=716686722629199 draw_requested=true draw_completed=false present_signal=unavailable attribution=input
10-08 17:04:40.351 10369 10389 I SpinonBootstrap: SPINON_R05_DRAW renderer=opengl_es draw_seq=3 revision=1 generation=1
10-08 17:04:40.355 10369 10369 I SpinonBootstrap: SPINON_R08_TOUCH count=1
10-08 17:04:40.367 10369 10404 I SpinonBootstrap: SPINON_R05_PRESENT_FENCE renderer=opengl_es request_id=1 input_seq=1 revision=1 event_time_ns=716686719000000 generation=1 current_generation=1 current_surface=true target_vsync_id=-1 outcome=callback_received fence_valid=true fence_state=signaled signal_time_ns=716686766316949 latch_time_ns=716686761320199 fence_signal_usable=true callback_inline_overflow=false inline_callback_total=0 callback_os_tid=10404 callback_thread_id=89 queue_depth=0 input_uptime_anchor_ns=716686720521407 input_monotonic_before_ns=716686720520491 input_monotonic_after_ns=716686720521574 callback_uptime_anchor_ns=716686766679282 callback_monotonic_before_ns=716686766678366 callback_monotonic_after_ns=716686766679366 signal_observed_monotonic_ns=716686766702532 input_offset_min_ns=-167 input_offset_max_ns=916 callback_offset_min_ns=-84 callback_offset_max_ns=916 clock_offset_intervals_overlap=true processing_error=none fence_close_error=none
10-08 17:04:40.835 10369 10369 I SpinonBootstrap: SPINON_R05_INPUT renderer=opengl_es input_seq=2 phase=ACTION_UP timestamp_precision=nanosecond_representation input_source=unknown event_time_ns=716687234000000 input_uptime_anchor_ns=716687234754366 input_monotonic_before_ns=716687234753241 input_monotonic_after_ns=716687234754491 generation=1
10-08 17:04:40.835 10369 10369 I SpinonBootstrap: SPINON_R05_PRESENT_FENCE_LISTENER renderer=opengl_es request_id=2 input_seq=2 revision=2 generation=1 target_vsync_id=-1 state=registered timeout_ms=2000
10-08 17:04:40.836 10369 10369 I SpinonBootstrap: SPINON_R05_PRESENT_FENCE_APPLY renderer=opengl_es request_id=2 input_seq=2 revision=2 generation=1 target_vsync_id=unavailable transaction=queued_for_next_surface_frame listener_attached=true
10-08 17:04:40.836 10369 10389 I SpinonBootstrap: SPINON_R05_DRAW renderer=opengl_es draw_seq=4 revision=2 generation=1
10-08 17:04:40.836 10369 10369 I SpinonBootstrap: SPINON_R05_SUBMIT renderer=opengl_es input_seq=2 revision=2 generation=1 event_time_ns=716687234000000 handler_uptime_ns=716687235559574 draw_requested=true draw_completed=false present_signal=unavailable attribution=input
10-08 17:04:40.837 10369 10369 I SpinonBootstrap: SPINON_R08_TOUCH count=2
10-08 17:04:40.848 10369 10404 I SpinonBootstrap: SPINON_R05_PRESENT_FENCE renderer=opengl_es request_id=2 input_seq=2 revision=2 event_time_ns=716687234000000 generation=1 current_generation=1 current_surface=true target_vsync_id=-1 outcome=callback_received fence_valid=true fence_state=signaled signal_time_ns=716687247126783 latch_time_ns=716687244626908 fence_signal_usable=true callback_inline_overflow=false inline_callback_total=0 callback_os_tid=10404 callback_thread_id=89 queue_depth=0 input_uptime_anchor_ns=716687234754366 input_monotonic_before_ns=716687234753241 input_monotonic_after_ns=716687234754491 callback_uptime_anchor_ns=716687247560366 callback_monotonic_before_ns=716687247559574 callback_monotonic_after_ns=716687247560408 signal_observed_monotonic_ns=716687247569199 input_offset_min_ns=-125 input_offset_max_ns=1125 callback_offset_min_ns=-42 callback_offset_max_ns=792 clock_offset_intervals_overlap=true processing_error=none fence_close_error=none
10-08 17:04:41.309 10369 10369 I SpinonBootstrap: SPINON_R05_INPUT renderer=opengl_es input_seq=3 phase=ACTION_UP timestamp_precision=nanosecond_representation input_source=unknown event_time_ns=716687707000000 input_uptime_anchor_ns=716687708272991 input_monotonic_before_ns=716687708272450 input_monotonic_after_ns=716687708273200 generation=1
10-08 17:04:41.309 10369 10369 I SpinonBootstrap: SPINON_R05_PRESENT_FENCE_LISTENER renderer=opengl_es request_id=3 input_seq=3 revision=3 generation=1 target_vsync_id=-1 state=registered timeout_ms=2000
10-08 17:04:41.309 10369 10369 I SpinonBootstrap: SPINON_R05_PRESENT_FENCE_APPLY renderer=opengl_es request_id=3 input_seq=3 revision=3 generation=1 target_vsync_id=unavailable transaction=queued_for_next_surface_frame listener_attached=true
10-08 17:04:41.309 10369 10369 I SpinonBootstrap: SPINON_R05_SUBMIT renderer=opengl_es input_seq=3 revision=3 generation=1 event_time_ns=716687707000000 handler_uptime_ns=716687708562033 draw_requested=true draw_completed=false present_signal=unavailable attribution=input
10-08 17:04:41.309 10369 10389 I SpinonBootstrap: SPINON_R05_DRAW renderer=opengl_es draw_seq=5 revision=3 generation=1
10-08 17:04:41.309 10369 10369 I SpinonBootstrap: SPINON_R08_TOUCH count=3
10-08 17:04:41.314 10369 10404 I SpinonBootstrap: SPINON_R05_PRESENT_FENCE renderer=opengl_es request_id=3 input_seq=3 revision=3 event_time_ns=716687707000000 generation=1 current_generation=1 current_surface=true target_vsync_id=-1 outcome=callback_received fence_valid=true fence_state=signaled signal_time_ns=716687713073741 latch_time_ns=716687711276783 fence_signal_usable=true callback_inline_overflow=false inline_callback_total=0 callback_os_tid=10404 callback_thread_id=89 queue_depth=0 input_uptime_anchor_ns=716687708272991 input_monotonic_before_ns=716687708272450 input_monotonic_after_ns=716687708273200 callback_uptime_anchor_ns=716687713339658 callback_monotonic_before_ns=716687713338908 callback_monotonic_after_ns=716687713339700 signal_observed_monotonic_ns=716687713351908 input_offset_min_ns=-209 input_offset_max_ns=541 callback_offset_min_ns=-42 callback_offset_max_ns=750 clock_offset_intervals_overlap=true processing_error=none fence_close_error=none
10-08 17:04:41.789 10369 10369 I SpinonBootstrap: SPINON_R05_INPUT renderer=opengl_es input_seq=4 phase=ACTION_UP timestamp_precision=nanosecond_representation input_source=unknown event_time_ns=716688187000000 input_uptime_anchor_ns=716688188786450 input_monotonic_before_ns=716688188785575 input_monotonic_after_ns=716688188786783 generation=1
10-08 17:04:41.790 10369 10369 I SpinonBootstrap: SPINON_R05_PRESENT_FENCE_LISTENER renderer=opengl_es request_id=4 input_seq=4 revision=4 generation=1 target_vsync_id=-1 state=registered timeout_ms=2000
10-08 17:04:41.790 10369 10369 I SpinonBootstrap: SPINON_R05_PRESENT_FENCE_APPLY renderer=opengl_es request_id=4 input_seq=4 revision=4 generation=1 target_vsync_id=unavailable transaction=queued_for_next_surface_frame listener_attached=true
10-08 17:04:41.790 10369 10369 I SpinonBootstrap: SPINON_R05_SUBMIT renderer=opengl_es input_seq=4 revision=4 generation=1 event_time_ns=716688187000000 handler_uptime_ns=716688188944491 draw_requested=true draw_completed=false present_signal=unavailable attribution=input
10-08 17:04:41.790 10369 10389 I SpinonBootstrap: SPINON_R05_DRAW renderer=opengl_es draw_seq=6 revision=4 generation=1
10-08 17:04:41.790 10369 10369 I SpinonBootstrap: SPINON_R08_TOUCH count=4
10-08 17:04:41.797 10369 10404 I SpinonBootstrap: SPINON_R05_PRESENT_FENCE renderer=opengl_es request_id=4 input_seq=4 revision=4 event_time_ns=716688187000000 generation=1 current_generation=1 current_surface=true target_vsync_id=-1 outcome=callback_received fence_valid=true fence_state=signaled signal_time_ns=716688196628200 latch_time_ns=716688194864408 fence_signal_usable=true callback_inline_overflow=false inline_callback_total=0 callback_os_tid=10404 callback_thread_id=89 queue_depth=0 input_uptime_anchor_ns=716688188786450 input_monotonic_before_ns=716688188785575 input_monotonic_after_ns=716688188786783 callback_uptime_anchor_ns=716688196796825 callback_monotonic_before_ns=716688196795950 callback_monotonic_after_ns=716688196796908 signal_observed_monotonic_ns=716688196807700 input_offset_min_ns=-333 input_offset_max_ns=875 callback_offset_min_ns=-83 callback_offset_max_ns=875 clock_offset_intervals_overlap=true processing_error=none fence_close_error=none
10-08 17:04:42.269 10369 10369 I SpinonBootstrap: SPINON_R05_INPUT renderer=opengl_es input_seq=5 phase=ACTION_UP timestamp_precision=nanosecond_representation input_source=unknown event_time_ns=716688667000000 input_uptime_anchor_ns=716688668601658 input_monotonic_before_ns=716688668601242 input_monotonic_after_ns=716688668601950 generation=1
10-08 17:04:42.269 10369 10369 I SpinonBootstrap: SPINON_R05_PRESENT_FENCE_LISTENER renderer=opengl_es request_id=5 input_seq=5 revision=5 generation=1 target_vsync_id=-1 state=registered timeout_ms=2000
10-08 17:04:42.269 10369 10369 I SpinonBootstrap: SPINON_R05_PRESENT_FENCE_APPLY renderer=opengl_es request_id=5 input_seq=5 revision=5 generation=1 target_vsync_id=unavailable transaction=queued_for_next_surface_frame listener_attached=true
10-08 17:04:42.269 10369 10369 I SpinonBootstrap: SPINON_R05_SUBMIT renderer=opengl_es input_seq=5 revision=5 generation=1 event_time_ns=716688667000000 handler_uptime_ns=716688668766992 draw_requested=true draw_completed=false present_signal=unavailable attribution=input
10-08 17:04:42.269 10369 10389 I SpinonBootstrap: SPINON_R05_DRAW renderer=opengl_es draw_seq=7 revision=5 generation=1
10-08 17:04:42.270 10369 10369 I SpinonBootstrap: SPINON_R08_TOUCH count=5
10-08 17:04:42.282 10369 10404 I SpinonBootstrap: SPINON_R05_PRESENT_FENCE renderer=opengl_es request_id=5 input_seq=5 revision=5 event_time_ns=716688667000000 generation=1 current_generation=1 current_surface=true target_vsync_id=-1 outcome=callback_received fence_valid=true fence_state=signaled signal_time_ns=716688679751575 latch_time_ns=716688678031825 fence_signal_usable=true callback_inline_overflow=false inline_callback_total=0 callback_os_tid=10404 callback_thread_id=89 queue_depth=0 input_uptime_anchor_ns=716688668601658 input_monotonic_before_ns=716688668601242 input_monotonic_after_ns=716688668601950 callback_uptime_anchor_ns=716688680924867 callback_monotonic_before_ns=716688680924408 callback_monotonic_after_ns=716688680924992 signal_observed_monotonic_ns=716688680935408 input_offset_min_ns=-292 input_offset_max_ns=416 callback_offset_min_ns=-125 callback_offset_max_ns=459 clock_offset_intervals_overlap=true processing_error=none fence_close_error=none
10-08 17:04:42.749 10369 10369 I SpinonBootstrap: SPINON_R05_INPUT renderer=opengl_es input_seq=6 phase=ACTION_UP timestamp_precision=nanosecond_representation input_source=unknown event_time_ns=716689147000000 input_uptime_anchor_ns=716689148658200 input_monotonic_before_ns=716689148657742 input_monotonic_after_ns=716689148658450 generation=1
10-08 17:04:42.750 10369 10369 I SpinonBootstrap: SPINON_R05_PRESENT_FENCE_LISTENER renderer=opengl_es request_id=6 input_seq=6 revision=6 generation=1 target_vsync_id=-1 state=registered timeout_ms=2000
10-08 17:04:42.750 10369 10369 I SpinonBootstrap: SPINON_R05_PRESENT_FENCE_APPLY renderer=opengl_es request_id=6 input_seq=6 revision=6 generation=1 target_vsync_id=unavailable transaction=queued_for_next_surface_frame listener_attached=true
10-08 17:04:42.750 10369 10389 I SpinonBootstrap: SPINON_R05_DRAW renderer=opengl_es draw_seq=8 revision=6 generation=1
10-08 17:04:42.751 10369 10369 I SpinonBootstrap: SPINON_R05_SUBMIT renderer=opengl_es input_seq=6 revision=6 generation=1 event_time_ns=716689147000000 handler_uptime_ns=716689149860242 draw_requested=true draw_completed=false present_signal=unavailable attribution=input
10-08 17:04:42.751 10369 10369 I SpinonBootstrap: SPINON_R08_TOUCH count=6
10-08 17:04:42.765 10369 10404 I SpinonBootstrap: SPINON_R05_PRESENT_FENCE renderer=opengl_es request_id=6 input_seq=6 revision=6 event_time_ns=716689147000000 generation=1 current_generation=1 current_surface=true target_vsync_id=-1 outcome=callback_received fence_valid=true fence_state=signaled signal_time_ns=716689163371909 latch_time_ns=716689161520200 fence_signal_usable=true callback_inline_overflow=false inline_callback_total=0 callback_os_tid=10404 callback_thread_id=89 queue_depth=0 input_uptime_anchor_ns=716689148658200 input_monotonic_before_ns=716689148657742 input_monotonic_after_ns=716689148658450 callback_uptime_anchor_ns=716689163847242 callback_monotonic_before_ns=716689163846867 callback_monotonic_after_ns=716689163847325 signal_observed_monotonic_ns=716689163856700 input_offset_min_ns=-250 input_offset_max_ns=458 callback_offset_min_ns=-83 callback_offset_max_ns=375 clock_offset_intervals_overlap=true processing_error=none fence_close_error=none
10-08 17:04:43.235 10369 10369 I SpinonBootstrap: SPINON_R05_INPUT renderer=opengl_es input_seq=7 phase=ACTION_UP timestamp_precision=nanosecond_representation input_source=unknown event_time_ns=716689633000000 input_uptime_anchor_ns=716689633984909 input_monotonic_before_ns=716689633984492 input_monotonic_after_ns=716689633985159 generation=1
10-08 17:04:43.235 10369 10369 I SpinonBootstrap: SPINON_R05_PRESENT_FENCE_LISTENER renderer=opengl_es request_id=7 input_seq=7 revision=7 generation=1 target_vsync_id=-1 state=registered timeout_ms=2000
10-08 17:04:43.235 10369 10369 I SpinonBootstrap: SPINON_R05_PRESENT_FENCE_APPLY renderer=opengl_es request_id=7 input_seq=7 revision=7 generation=1 target_vsync_id=unavailable transaction=queued_for_next_surface_frame listener_attached=true
10-08 17:04:43.235 10369 10369 I SpinonBootstrap: SPINON_R05_SUBMIT renderer=opengl_es input_seq=7 revision=7 generation=1 event_time_ns=716689633000000 handler_uptime_ns=716689634231784 draw_requested=true draw_completed=false present_signal=unavailable attribution=input
10-08 17:04:43.235 10369 10389 I SpinonBootstrap: SPINON_R05_DRAW renderer=opengl_es draw_seq=9 revision=7 generation=1
10-08 17:04:43.235 10369 10369 I SpinonBootstrap: SPINON_R08_TOUCH count=7
10-08 17:04:43.248 10369 10404 I SpinonBootstrap: SPINON_R05_PRESENT_FENCE renderer=opengl_es request_id=7 input_seq=7 revision=7 event_time_ns=716689633000000 generation=1 current_generation=1 current_surface=true target_vsync_id=-1 outcome=callback_received fence_valid=true fence_state=signaled signal_time_ns=716689646494075 latch_time_ns=716689644787784 fence_signal_usable=true callback_inline_overflow=false inline_callback_total=0 callback_os_tid=10404 callback_thread_id=89 queue_depth=0 input_uptime_anchor_ns=716689633984909 input_monotonic_before_ns=716689633984492 input_monotonic_after_ns=716689633985159 callback_uptime_anchor_ns=716689646807575 callback_monotonic_before_ns=716689646807159 callback_monotonic_after_ns=716689646807700 signal_observed_monotonic_ns=716689647281075 input_offset_min_ns=-250 input_offset_max_ns=417 callback_offset_min_ns=-125 callback_offset_max_ns=416 clock_offset_intervals_overlap=true processing_error=none fence_close_error=none
10-08 17:04:43.713 10369 10369 I SpinonBootstrap: SPINON_R05_INPUT renderer=opengl_es input_seq=8 phase=ACTION_UP timestamp_precision=nanosecond_representation input_source=unknown event_time_ns=716690111000000 input_uptime_anchor_ns=716690112047284 input_monotonic_before_ns=716690112046367 input_monotonic_after_ns=716690112047534 generation=1
10-08 17:04:43.713 10369 10369 I SpinonBootstrap: SPINON_R05_PRESENT_FENCE_LISTENER renderer=opengl_es request_id=8 input_seq=8 revision=8 generation=1 target_vsync_id=-1 state=registered timeout_ms=2000
10-08 17:04:43.713 10369 10369 I SpinonBootstrap: SPINON_R05_PRESENT_FENCE_APPLY renderer=opengl_es request_id=8 input_seq=8 revision=8 generation=1 target_vsync_id=unavailable transaction=queued_for_next_surface_frame listener_attached=true
10-08 17:04:43.713 10369 10369 I SpinonBootstrap: SPINON_R05_SUBMIT renderer=opengl_es input_seq=8 revision=8 generation=1 event_time_ns=716690111000000 handler_uptime_ns=716690112188742 draw_requested=true draw_completed=false present_signal=unavailable attribution=input
10-08 17:04:43.713 10369 10389 I SpinonBootstrap: SPINON_R05_DRAW renderer=opengl_es draw_seq=10 revision=8 generation=1
10-08 17:04:43.713 10369 10369 I SpinonBootstrap: SPINON_R08_TOUCH count=8
10-08 17:04:43.732 10369 10404 I SpinonBootstrap: SPINON_R05_PRESENT_FENCE renderer=opengl_es request_id=8 input_seq=8 revision=8 event_time_ns=716690111000000 generation=1 current_generation=1 current_surface=true target_vsync_id=-1 outcome=callback_received fence_valid=true fence_state=signaled signal_time_ns=716690130525409 latch_time_ns=716690128973201 fence_signal_usable=true callback_inline_overflow=false inline_callback_total=0 callback_os_tid=10404 callback_thread_id=89 queue_depth=0 input_uptime_anchor_ns=716690112047284 input_monotonic_before_ns=716690112046367 input_monotonic_after_ns=716690112047534 callback_uptime_anchor_ns=716690130903826 callback_monotonic_before_ns=716690130903117 callback_monotonic_after_ns=716690130903909 signal_observed_monotonic_ns=716690130912326 input_offset_min_ns=-250 input_offset_max_ns=917 callback_offset_min_ns=-83 callback_offset_max_ns=709 clock_offset_intervals_overlap=true processing_error=none fence_close_error=none
10-08 17:04:44.189 10369 10369 I SpinonBootstrap: SPINON_R05_INPUT renderer=opengl_es input_seq=9 phase=ACTION_UP timestamp_precision=nanosecond_representation input_source=unknown event_time_ns=716690588000000 input_uptime_anchor_ns=716690588807118 input_monotonic_before_ns=716690588806659 input_monotonic_after_ns=716690588807368 generation=1
10-08 17:04:44.190 10369 10369 I SpinonBootstrap: SPINON_R05_PRESENT_FENCE_LISTENER renderer=opengl_es request_id=9 input_seq=9 revision=9 generation=1 target_vsync_id=-1 state=registered timeout_ms=2000
10-08 17:04:44.190 10369 10369 I SpinonBootstrap: SPINON_R05_PRESENT_FENCE_APPLY renderer=opengl_es request_id=9 input_seq=9 revision=9 generation=1 target_vsync_id=unavailable transaction=queued_for_next_surface_frame listener_attached=true
10-08 17:04:44.190 10369 10369 I SpinonBootstrap: SPINON_R05_SUBMIT renderer=opengl_es input_seq=9 revision=9 generation=1 event_time_ns=716690588000000 handler_uptime_ns=716690588976284 draw_requested=true draw_completed=false present_signal=unavailable attribution=input
10-08 17:04:44.190 10369 10389 I SpinonBootstrap: SPINON_R05_DRAW renderer=opengl_es draw_seq=11 revision=9 generation=1
10-08 17:04:44.190 10369 10369 I SpinonBootstrap: SPINON_R08_TOUCH count=9
10-08 17:04:44.198 10369 10404 I SpinonBootstrap: SPINON_R05_PRESENT_FENCE renderer=opengl_es request_id=9 input_seq=9 revision=9 event_time_ns=716690588000000 generation=1 current_generation=1 current_surface=true target_vsync_id=-1 outcome=callback_received fence_valid=true fence_state=signaled signal_time_ns=716690596552409 latch_time_ns=716690594862076 fence_signal_usable=true callback_inline_overflow=false inline_callback_total=0 callback_os_tid=10404 callback_thread_id=89 queue_depth=0 input_uptime_anchor_ns=716690588807118 input_monotonic_before_ns=716690588806659 input_monotonic_after_ns=716690588807368 callback_uptime_anchor_ns=716690596918659 callback_monotonic_before_ns=716690596918076 callback_monotonic_after_ns=716690596918701 signal_observed_monotonic_ns=716690596931409 input_offset_min_ns=-250 input_offset_max_ns=459 callback_offset_min_ns=-42 callback_offset_max_ns=583 clock_offset_intervals_overlap=true processing_error=none fence_close_error=none
10-08 17:04:44.672 10369 10369 I SpinonBootstrap: SPINON_R05_INPUT renderer=opengl_es input_seq=10 phase=ACTION_UP timestamp_precision=nanosecond_representation input_source=unknown event_time_ns=716691070000000 input_uptime_anchor_ns=716691071022909 input_monotonic_before_ns=716691071022034 input_monotonic_after_ns=716691071023159 generation=1
10-08 17:04:44.672 10369 10369 I SpinonBootstrap: SPINON_R05_PRESENT_FENCE_LISTENER renderer=opengl_es request_id=10 input_seq=10 revision=10 generation=1 target_vsync_id=-1 state=registered timeout_ms=2000
10-08 17:04:44.672 10369 10369 I SpinonBootstrap: SPINON_R05_PRESENT_FENCE_APPLY renderer=opengl_es request_id=10 input_seq=10 revision=10 generation=1 target_vsync_id=unavailable transaction=queued_for_next_surface_frame listener_attached=true
10-08 17:04:44.672 10369 10369 I SpinonBootstrap: SPINON_R05_SUBMIT renderer=opengl_es input_seq=10 revision=10 generation=1 event_time_ns=716691070000000 handler_uptime_ns=716691071246534 draw_requested=true draw_completed=false present_signal=unavailable attribution=input
10-08 17:04:44.672 10369 10389 I SpinonBootstrap: SPINON_R05_DRAW renderer=opengl_es draw_seq=12 revision=10 generation=1
10-08 17:04:44.672 10369 10369 I SpinonBootstrap: SPINON_R08_TOUCH count=10
10-08 17:04:44.681 10369 10404 I SpinonBootstrap: SPINON_R05_PRESENT_FENCE renderer=opengl_es request_id=10 input_seq=10 revision=10 event_time_ns=716691070000000 generation=1 current_generation=1 current_surface=true target_vsync_id=-1 outcome=callback_received fence_valid=true fence_state=signaled signal_time_ns=716691080130868 latch_time_ns=716691077960201 fence_signal_usable=true callback_inline_overflow=false inline_callback_total=0 callback_os_tid=10404 callback_thread_id=89 queue_depth=0 input_uptime_anchor_ns=716691071022909 input_monotonic_before_ns=716691071022034 input_monotonic_after_ns=716691071023159 callback_uptime_anchor_ns=716691080497909 callback_monotonic_before_ns=716691080496909 callback_monotonic_after_ns=716691080497993 signal_observed_monotonic_ns=716691080508993 input_offset_min_ns=-250 input_offset_max_ns=875 callback_offset_min_ns=-84 callback_offset_max_ns=1000 clock_offset_intervals_overlap=true processing_error=none fence_close_error=none
10-08 17:04:45.157 10369 10369 I SpinonBootstrap: SPINON_R05_INPUT renderer=opengl_es input_seq=11 phase=ACTION_UP timestamp_precision=nanosecond_representation input_source=unknown event_time_ns=716691554000000 input_uptime_anchor_ns=716691555948451 input_monotonic_before_ns=716691555947826 input_monotonic_after_ns=716691555948785 generation=1
10-08 17:04:45.157 10369 10369 I SpinonBootstrap: SPINON_R05_PRESENT_FENCE_LISTENER renderer=opengl_es request_id=11 input_seq=11 revision=11 generation=1 target_vsync_id=-1 state=registered timeout_ms=2000
10-08 17:04:45.157 10369 10369 I SpinonBootstrap: SPINON_R05_PRESENT_FENCE_APPLY renderer=opengl_es request_id=11 input_seq=11 revision=11 generation=1 target_vsync_id=unavailable transaction=queued_for_next_surface_frame listener_attached=true
10-08 17:04:45.157 10369 10369 I SpinonBootstrap: SPINON_R05_SUBMIT renderer=opengl_es input_seq=11 revision=11 generation=1 event_time_ns=716691554000000 handler_uptime_ns=716691556543326 draw_requested=true draw_completed=false present_signal=unavailable attribution=input
10-08 17:04:45.157 10369 10389 I SpinonBootstrap: SPINON_R05_DRAW renderer=opengl_es draw_seq=13 revision=11 generation=1
10-08 17:04:45.157 10369 10369 I SpinonBootstrap: SPINON_R08_TOUCH count=11
10-08 17:04:45.165 10369 10404 I SpinonBootstrap: SPINON_R05_PRESENT_FENCE renderer=opengl_es request_id=11 input_seq=11 revision=11 event_time_ns=716691554000000 generation=1 current_generation=1 current_surface=true target_vsync_id=-1 outcome=callback_received fence_valid=true fence_state=signaled signal_time_ns=716691563703660 latch_time_ns=716691561758618 fence_signal_usable=true callback_inline_overflow=false inline_callback_total=0 callback_os_tid=10404 callback_thread_id=89 queue_depth=0 input_uptime_anchor_ns=716691555948451 input_monotonic_before_ns=716691555947826 input_monotonic_after_ns=716691555948785 callback_uptime_anchor_ns=716691564656618 callback_monotonic_before_ns=716691564656160 callback_monotonic_after_ns=716691564656701 signal_observed_monotonic_ns=716691564664951 input_offset_min_ns=-334 input_offset_max_ns=625 callback_offset_min_ns=-83 callback_offset_max_ns=458 clock_offset_intervals_overlap=true processing_error=none fence_close_error=none
