--------- beginning of main
10-08 17:02:12.430 16559 16559 I SpinonBootstrap: SPINON_R08_UI=ready text-input=EditText accessibility=button+EditText
10-08 17:02:12.546 16559 16559 I SpinonBootstrap: SPINON_R05_SURFACE renderer=wgpu type=SurfaceView generation=1
10-08 17:02:12.547 16559 16559 I SpinonBootstrap: SPINON_R05_SIGNAL_CAPABILITY renderer=wgpu signal=SurfaceView_JankData available=true reason=registered api=37 api_full=3700002
10-08 17:02:12.725 16559 16559 I SpinonBootstrap: SPINON_R08_WGPU=ready backend=Vulkan device=VirtualGpu name=Goldfish GFXStream (llvmpipe (LLVM 21.1.4, 128 bits)) google_display_timing_supported=false format=Rgba8Unorm color_space=Auto supported_formats=[Rgba8UnormSrgb, Rgba8Unorm, Rgba16Float, Rgb10a2Unorm]
10-08 17:02:12.725 16559 16559 I SpinonBootstrap: SPINON_R08_WGPU_SURFACE=size 1080x1920
10-08 17:02:14.809 16559 16559 I SpinonBootstrap: SPINON_R05_INPUT renderer=wgpu input_seq=1 phase=ACTION_UP timestamp_precision=nanosecond_representation input_source=unknown handler_clock_resolution=nanosecond_api event_time_ns=6689415000000 input_uptime_anchor_ns=6689416578523 input_monotonic_before_ns=6689416577398 input_monotonic_after_ns=6689416578689 handler_uptime_ns=6689416578814 generation=1
10-08 17:02:14.810 16559 16559 I SpinonBootstrap: SPINON_R05_FRAME_TIMELINE_REQUEST renderer=wgpu request_id=1 input_seq=1 revision=1 generation=1 state=posted
10-08 17:02:14.811 16559 16559 I SpinonBootstrap: SPINON_R08_TOUCH count=1
10-08 17:02:14.815 16559 16559 I SpinonBootstrap: SPINON_R05_FRAME_TIMELINE_TARGET renderer=wgpu request_id=1 input_seq=1 revision=1 generation=1 vsync_id=147931 deadline_ns=6689439724246 expected_presentation_ns=6689455390912 render_mode=on_demand
10-08 17:02:14.817 16559 16559 I SpinonBootstrap: SPINON_R05_PRESENT_FENCE_LISTENER renderer=wgpu request_id=1 input_seq=1 revision=1 generation=1 target_vsync_id=147931 state=registered timeout_ms=2000
10-08 17:02:14.843 16559 16559 I SpinonBootstrap: SPINON_R05_FRAME_TIMELINE_APPLY renderer=wgpu request_id=1 input_seq=1 revision=1 generation=1 target_vsync_id=147931 transaction=queued_for_next_surface_frame
10-08 17:02:14.853 16559 16559 I SpinonBootstrap: SPINON_R05_SUBMIT renderer=wgpu input_seq=1 revision=1 generation=1 event_time_ns=6689415000000 handler_uptime_ns=6689450710773 queue_present_return_uptime_ns=6689460951856 draw_accepted=true present_signal=unavailable attribution=input
10-08 17:02:14.853 16559 16559 I SpinonBootstrap: SPINON_R05_PRESENT_FLUSH renderer=wgpu queued=true generation=1
10-08 17:02:14.853 16559 16559 I SpinonBootstrap: SPINON_R05_PRESENT_DRAIN renderer=wgpu generation=1 queued=true delay_ms=250
10-08 17:02:14.854 16559 16611 I SpinonBootstrap: SPINON_R05_PRESENT_FLUSH requested=true renderer=wgpu generation=1
10-08 17:02:14.854 16559 16611 I SpinonBootstrap: SPINON_R05_PRESENT_BATCH renderer=wgpu generation=1 batch_seq=1 record_count=2 callback_os_tid=16611 callback_thread_id=55 registering_thread_os_tid=16559 queue_depth=0 rejected_callback_batches=0 rejected_flush_tasks=0 callback_uptime_ns=6689462157981 attribution=unmatched
10-08 17:02:14.854 16559 16611 I SpinonBootstrap: SPINON_R05_PRESENT renderer=wgpu signal=SurfaceView_JankData generation=1 current_generation=1 current_surface=true batch_seq=1 record_index=0 callback_os_tid=16611 callback_thread_id=55 registering_thread_os_tid=16559 queue_depth=0 vsync_id=-1 present_time_ns=-1 present_state=unknown jank_type=0 actual_app_frame_ns=0 scheduled_app_frame_ns=0 callback_uptime_ns=6689462157981 frame_id=unavailable join_status=unmatched input_seq=-1 revision=-1 request_id=-1 target_vsync_id=-1
10-08 17:02:14.854 16559 16611 I SpinonBootstrap: SPINON_R05_PRESENT renderer=wgpu signal=SurfaceView_JankData generation=1 current_generation=1 current_surface=true batch_seq=1 record_index=1 callback_os_tid=16611 callback_thread_id=55 registering_thread_os_tid=16559 queue_depth=0 vsync_id=146856 present_time_ns=-1 present_state=unknown jank_type=2 actual_app_frame_ns=264978099 scheduled_app_frame_ns=16666666 callback_uptime_ns=6689462157981 frame_id=unavailable join_status=unmatched input_seq=-1 revision=-1 request_id=-1 target_vsync_id=-1
10-08 17:02:14.877 16559 16612 I SpinonBootstrap: SPINON_R05_PRESENT_FENCE renderer=wgpu request_id=1 input_seq=1 revision=1 event_time_ns=6689415000000 generation=1 current_generation=1 current_surface=true target_vsync_id=147931 outcome=callback_received fence_valid=true fence_state=signaled signal_time_ns=6689483335023 latch_time_ns=6689473190606 fence_signal_usable=true callback_inline_overflow=false inline_callback_total=0 callback_os_tid=16612 callback_thread_id=56 queue_depth=0 input_uptime_anchor_ns=6689416578523 input_monotonic_before_ns=6689416577398 input_monotonic_after_ns=6689416578689 callback_uptime_anchor_ns=6689484572356 callback_monotonic_before_ns=6689484570898 callback_monotonic_after_ns=6689484572439 signal_observed_monotonic_ns=6689484592189 input_offset_min_ns=-166 input_offset_max_ns=1125 callback_offset_min_ns=-83 callback_offset_max_ns=1458 clock_offset_intervals_overlap=true processing_error=none fence_close_error=none
10-08 17:02:15.104 16559 16559 I SpinonBootstrap: SPINON_R05_PRESENT_FLUSH renderer=wgpu queued=true generation=1
10-08 17:02:15.104 16559 16611 I SpinonBootstrap: SPINON_R05_PRESENT_FLUSH requested=true renderer=wgpu generation=1
10-08 17:02:15.105 16559 16611 I SpinonBootstrap: SPINON_R05_PRESENT_BATCH renderer=wgpu generation=1 batch_seq=2 record_count=1 callback_os_tid=16611 callback_thread_id=55 registering_thread_os_tid=16559 queue_depth=0 rejected_callback_batches=0 rejected_flush_tasks=0 callback_uptime_ns=6689712744648 attribution=unmatched
10-08 17:02:15.105 16559 16611 I SpinonBootstrap: SPINON_R05_PRESENT renderer=wgpu signal=SurfaceView_JankData generation=1 current_generation=1 current_surface=true batch_seq=2 record_index=0 callback_os_tid=16611 callback_thread_id=55 registering_thread_os_tid=16559 queue_depth=0 vsync_id=147931 present_time_ns=-1 present_state=unknown jank_type=0 actual_app_frame_ns=50169484 scheduled_app_frame_ns=16666666 callback_uptime_ns=6689712744648 frame_id=unavailable join_status=exact_match input_seq=1 revision=1 request_id=1 target_vsync_id=147931
10-08 17:02:15.286 16559 16559 I SpinonBootstrap: SPINON_R05_INPUT renderer=wgpu input_seq=2 phase=ACTION_UP timestamp_precision=nanosecond_representation input_source=unknown handler_clock_resolution=nanosecond_api event_time_ns=6689892000000 input_uptime_anchor_ns=6689893597814 input_monotonic_before_ns=6689893597273 input_monotonic_after_ns=6689893597981 handler_uptime_ns=6689893598148 generation=1
10-08 17:02:15.286 16559 16559 I SpinonBootstrap: SPINON_R05_FRAME_TIMELINE_REQUEST renderer=wgpu request_id=2 input_seq=2 revision=2 generation=1 state=posted
10-08 17:02:15.286 16559 16559 I SpinonBootstrap: SPINON_R08_TOUCH count=2
10-08 17:02:15.300 16559 16559 I SpinonBootstrap: SPINON_R05_FRAME_TIMELINE_TARGET renderer=wgpu request_id=2 input_seq=2 revision=2 generation=1 vsync_id=147939 deadline_ns=6689923057560 expected_presentation_ns=6689938724226 render_mode=on_demand
10-08 17:02:15.301 16559 16559 I SpinonBootstrap: SPINON_R05_PRESENT_FENCE_LISTENER renderer=wgpu request_id=2 input_seq=2 revision=2 generation=1 target_vsync_id=147939 state=registered timeout_ms=2000
10-08 17:02:15.301 16559 16559 I SpinonBootstrap: SPINON_R05_FRAME_TIMELINE_APPLY renderer=wgpu request_id=2 input_seq=2 revision=2 generation=1 target_vsync_id=147939 transaction=queued_for_next_surface_frame
10-08 17:02:15.309 16559 16559 I SpinonBootstrap: SPINON_R05_SUBMIT renderer=wgpu input_seq=2 revision=2 generation=1 event_time_ns=6689892000000 handler_uptime_ns=6689908517314 queue_present_return_uptime_ns=6689917014064 draw_accepted=true present_signal=unavailable attribution=input
10-08 17:02:15.309 16559 16559 I SpinonBootstrap: SPINON_R05_PRESENT_FLUSH renderer=wgpu queued=true generation=1
10-08 17:02:15.309 16559 16559 I SpinonBootstrap: SPINON_R05_PRESENT_DRAIN renderer=wgpu generation=1 queued=true delay_ms=250
10-08 17:02:15.309 16559 16611 I SpinonBootstrap: SPINON_R05_PRESENT_FLUSH requested=true renderer=wgpu generation=1
10-08 17:02:15.326 16559 16612 I SpinonBootstrap: SPINON_R05_PRESENT_FENCE renderer=wgpu request_id=2 input_seq=2 revision=2 event_time_ns=6689892000000 generation=1 current_generation=1 current_surface=true target_vsync_id=147939 outcome=callback_received fence_valid=true fence_state=signaled signal_time_ns=6689932838939 latch_time_ns=6689923996481 fence_signal_usable=true callback_inline_overflow=false inline_callback_total=0 callback_os_tid=16612 callback_thread_id=56 queue_depth=0 input_uptime_anchor_ns=6689893597814 input_monotonic_before_ns=6689893597273 input_monotonic_after_ns=6689893597981 callback_uptime_anchor_ns=6689933480106 callback_monotonic_before_ns=6689933479064 callback_monotonic_after_ns=6689933480189 signal_observed_monotonic_ns=6689933486189 input_offset_min_ns=-167 input_offset_max_ns=541 callback_offset_min_ns=-83 callback_offset_max_ns=1042 clock_offset_intervals_overlap=true processing_error=none fence_close_error=none
10-08 17:02:15.562 16559 16559 I SpinonBootstrap: SPINON_R05_PRESENT_FLUSH renderer=wgpu queued=true generation=1
10-08 17:02:15.562 16559 16611 I SpinonBootstrap: SPINON_R05_PRESENT_FLUSH requested=true renderer=wgpu generation=1
10-08 17:02:15.562 16559 16611 I SpinonBootstrap: SPINON_R05_PRESENT_BATCH renderer=wgpu generation=1 batch_seq=3 record_count=1 callback_os_tid=16611 callback_thread_id=55 registering_thread_os_tid=16559 queue_depth=0 rejected_callback_batches=0 rejected_flush_tasks=0 callback_uptime_ns=6690170399648 attribution=unmatched
10-08 17:02:15.562 16559 16611 I SpinonBootstrap: SPINON_R05_PRESENT renderer=wgpu signal=SurfaceView_JankData generation=1 current_generation=1 current_surface=true batch_seq=3 record_index=0 callback_os_tid=16611 callback_thread_id=55 registering_thread_os_tid=16559 queue_depth=0 vsync_id=147939 present_time_ns=-1 present_state=unknown jank_type=0 actual_app_frame_ns=17689295 scheduled_app_frame_ns=16666666 callback_uptime_ns=6690170399648 frame_id=unavailable join_status=exact_match input_seq=2 revision=2 request_id=2 target_vsync_id=147939
10-08 17:02:15.760 16559 16559 I SpinonBootstrap: SPINON_R05_INPUT renderer=wgpu input_seq=3 phase=ACTION_UP timestamp_precision=nanosecond_representation input_source=unknown handler_clock_resolution=nanosecond_api event_time_ns=6690367000000 input_uptime_anchor_ns=6690368088023 input_monotonic_before_ns=6690368087440 input_monotonic_after_ns=6690368088190 handler_uptime_ns=6690368088273 generation=1
10-08 17:02:15.760 16559 16559 I SpinonBootstrap: SPINON_R05_FRAME_TIMELINE_REQUEST renderer=wgpu request_id=3 input_seq=3 revision=3 generation=1 state=posted
10-08 17:02:15.761 16559 16559 I SpinonBootstrap: SPINON_R08_TOUCH count=3
10-08 17:02:15.766 16559 16559 I SpinonBootstrap: SPINON_R05_FRAME_TIMELINE_TARGET renderer=wgpu request_id=3 input_seq=3 revision=3 generation=1 vsync_id=147947 deadline_ns=6690389724208 expected_presentation_ns=6690405390874 render_mode=on_demand
10-08 17:02:15.766 16559 16559 I SpinonBootstrap: SPINON_R05_PRESENT_FENCE_LISTENER renderer=wgpu request_id=3 input_seq=3 revision=3 generation=1 target_vsync_id=147947 state=registered timeout_ms=2000
10-08 17:02:15.766 16559 16559 I SpinonBootstrap: SPINON_R05_FRAME_TIMELINE_APPLY renderer=wgpu request_id=3 input_seq=3 revision=3 generation=1 target_vsync_id=147947 transaction=queued_for_next_surface_frame
10-08 17:02:15.768 16559 16559 I SpinonBootstrap: SPINON_R05_SUBMIT renderer=wgpu input_seq=3 revision=3 generation=1 event_time_ns=6690367000000 handler_uptime_ns=6690373767106 queue_present_return_uptime_ns=6690375630273 draw_accepted=true present_signal=unavailable attribution=input
10-08 17:02:15.768 16559 16559 I SpinonBootstrap: SPINON_R05_PRESENT_FLUSH renderer=wgpu queued=true generation=1
10-08 17:02:15.768 16559 16559 I SpinonBootstrap: SPINON_R05_PRESENT_DRAIN renderer=wgpu generation=1 queued=true delay_ms=250
10-08 17:02:15.768 16559 16611 I SpinonBootstrap: SPINON_R05_PRESENT_FLUSH requested=true renderer=wgpu generation=1
10-08 17:02:15.795 16559 16612 I SpinonBootstrap: SPINON_R05_PRESENT_FENCE renderer=wgpu request_id=3 input_seq=3 revision=3 event_time_ns=6690367000000 generation=1 current_generation=1 current_surface=true target_vsync_id=147947 outcome=callback_received fence_valid=true fence_state=signaled signal_time_ns=6690401704523 latch_time_ns=6690391430356 fence_signal_usable=true callback_inline_overflow=false inline_callback_total=0 callback_os_tid=16612 callback_thread_id=56 queue_depth=0 input_uptime_anchor_ns=6690368088023 input_monotonic_before_ns=6690368087440 input_monotonic_after_ns=6690368088190 callback_uptime_anchor_ns=6690402640606 callback_monotonic_before_ns=6690402640106 callback_monotonic_after_ns=6690402640648 signal_observed_monotonic_ns=6690402649148 input_offset_min_ns=-167 input_offset_max_ns=583 callback_offset_min_ns=-42 callback_offset_max_ns=500 clock_offset_intervals_overlap=true processing_error=none fence_close_error=none
10-08 17:02:16.018 16559 16559 I SpinonBootstrap: SPINON_R05_PRESENT_FLUSH renderer=wgpu queued=true generation=1
10-08 17:02:16.018 16559 16611 I SpinonBootstrap: SPINON_R05_PRESENT_FLUSH requested=true renderer=wgpu generation=1
10-08 17:02:16.018 16559 16611 I SpinonBootstrap: SPINON_R05_PRESENT_BATCH renderer=wgpu generation=1 batch_seq=4 record_count=1 callback_os_tid=16611 callback_thread_id=55 registering_thread_os_tid=16559 queue_depth=0 rejected_callback_batches=0 rejected_flush_tasks=0 callback_uptime_ns=6690626458273 attribution=unmatched
10-08 17:02:16.019 16559 16611 I SpinonBootstrap: SPINON_R05_PRESENT renderer=wgpu signal=SurfaceView_JankData generation=1 current_generation=1 current_surface=true batch_seq=4 record_index=0 callback_os_tid=16611 callback_thread_id=55 registering_thread_os_tid=16559 queue_depth=0 vsync_id=147947 present_time_ns=-1 present_state=unknown jank_type=0 actual_app_frame_ns=18400273 scheduled_app_frame_ns=16666666 callback_uptime_ns=6690626458273 frame_id=unavailable join_status=exact_match input_seq=3 revision=3 request_id=3 target_vsync_id=147947
10-08 17:02:16.239 16559 16559 I SpinonBootstrap: SPINON_R05_INPUT renderer=wgpu input_seq=4 phase=ACTION_UP timestamp_precision=nanosecond_representation input_source=unknown handler_clock_resolution=nanosecond_api event_time_ns=6690845000000 input_uptime_anchor_ns=6690846688440 input_monotonic_before_ns=6690846687565 input_monotonic_after_ns=6690846688565 handler_uptime_ns=6690846688690 generation=1
10-08 17:02:16.239 16559 16559 I SpinonBootstrap: SPINON_R05_FRAME_TIMELINE_REQUEST renderer=wgpu request_id=4 input_seq=4 revision=4 generation=1 state=posted
10-08 17:02:16.239 16559 16559 I SpinonBootstrap: SPINON_R08_TOUCH count=4
10-08 17:02:16.250 16559 16559 I SpinonBootstrap: SPINON_R05_FRAME_TIMELINE_TARGET renderer=wgpu request_id=4 input_seq=4 revision=4 generation=1 vsync_id=147955 deadline_ns=6690873057522 expected_presentation_ns=6690888724188 render_mode=on_demand
10-08 17:02:16.250 16559 16559 I SpinonBootstrap: SPINON_R05_PRESENT_FENCE_LISTENER renderer=wgpu request_id=4 input_seq=4 revision=4 generation=1 target_vsync_id=147955 state=registered timeout_ms=2000
10-08 17:02:16.250 16559 16559 I SpinonBootstrap: SPINON_R05_FRAME_TIMELINE_APPLY renderer=wgpu request_id=4 input_seq=4 revision=4 generation=1 target_vsync_id=147955 transaction=queued_for_next_surface_frame
10-08 17:02:16.252 16559 16559 I SpinonBootstrap: SPINON_R05_SUBMIT renderer=wgpu input_seq=4 revision=4 generation=1 event_time_ns=6690845000000 handler_uptime_ns=6690858068523 queue_present_return_uptime_ns=6690860264857 draw_accepted=true present_signal=unavailable attribution=input
10-08 17:02:16.252 16559 16559 I SpinonBootstrap: SPINON_R05_PRESENT_FLUSH renderer=wgpu queued=true generation=1
10-08 17:02:16.252 16559 16559 I SpinonBootstrap: SPINON_R05_PRESENT_DRAIN renderer=wgpu generation=1 queued=true delay_ms=250
10-08 17:02:16.253 16559 16611 I SpinonBootstrap: SPINON_R05_PRESENT_FLUSH requested=true renderer=wgpu generation=1
10-08 17:02:16.277 16559 16612 I SpinonBootstrap: SPINON_R05_PRESENT_FENCE renderer=wgpu request_id=4 input_seq=4 revision=4 event_time_ns=6690845000000 generation=1 current_generation=1 current_surface=true target_vsync_id=147955 outcome=callback_received fence_valid=true fence_state=signaled signal_time_ns=6690884628815 latch_time_ns=6690873368023 fence_signal_usable=true callback_inline_overflow=false inline_callback_total=0 callback_os_tid=16612 callback_thread_id=56 queue_depth=0 input_uptime_anchor_ns=6690846688440 input_monotonic_before_ns=6690846687565 input_monotonic_after_ns=6690846688565 callback_uptime_anchor_ns=6690884785107 callback_monotonic_before_ns=6690884784190 callback_monotonic_after_ns=6690884785148 signal_observed_monotonic_ns=6690884792065 input_offset_min_ns=-125 input_offset_max_ns=875 callback_offset_min_ns=-41 callback_offset_max_ns=917 clock_offset_intervals_overlap=true processing_error=none fence_close_error=none
10-08 17:02:16.505 16559 16559 I SpinonBootstrap: SPINON_R05_PRESENT_FLUSH renderer=wgpu queued=true generation=1
10-08 17:02:16.505 16559 16611 I SpinonBootstrap: SPINON_R05_PRESENT_FLUSH requested=true renderer=wgpu generation=1
10-08 17:02:16.718 16559 16559 I SpinonBootstrap: SPINON_R05_INPUT renderer=wgpu input_seq=5 phase=ACTION_UP timestamp_precision=nanosecond_representation input_source=unknown handler_clock_resolution=nanosecond_api event_time_ns=6691325000000 input_uptime_anchor_ns=6691326407940 input_monotonic_before_ns=6691326407190 input_monotonic_after_ns=6691326408273 handler_uptime_ns=6691326408398 generation=1
10-08 17:02:16.719 16559 16559 I SpinonBootstrap: SPINON_R05_FRAME_TIMELINE_REQUEST renderer=wgpu request_id=5 input_seq=5 revision=5 generation=1 state=posted
10-08 17:02:16.719 16559 16559 I SpinonBootstrap: SPINON_R08_TOUCH count=5
10-08 17:02:16.734 16559 16559 I SpinonBootstrap: SPINON_R05_FRAME_TIMELINE_TARGET renderer=wgpu request_id=5 input_seq=5 revision=5 generation=1 vsync_id=147963 deadline_ns=6691356390836 expected_presentation_ns=6691372057502 render_mode=on_demand
10-08 17:02:16.734 16559 16559 I SpinonBootstrap: SPINON_R05_PRESENT_FENCE_LISTENER renderer=wgpu request_id=5 input_seq=5 revision=5 generation=1 target_vsync_id=147963 state=registered timeout_ms=2000
10-08 17:02:16.734 16559 16559 I SpinonBootstrap: SPINON_R05_FRAME_TIMELINE_APPLY renderer=wgpu request_id=5 input_seq=5 revision=5 generation=1 target_vsync_id=147963 transaction=queued_for_next_surface_frame
10-08 17:02:16.736 16559 16559 I SpinonBootstrap: SPINON_R05_SUBMIT renderer=wgpu input_seq=5 revision=5 generation=1 event_time_ns=6691325000000 handler_uptime_ns=6691341895523 queue_present_return_uptime_ns=6691343639773 draw_accepted=true present_signal=unavailable attribution=input
10-08 17:02:16.736 16559 16559 I SpinonBootstrap: SPINON_R05_PRESENT_FLUSH renderer=wgpu queued=true generation=1
10-08 17:02:16.736 16559 16559 I SpinonBootstrap: SPINON_R05_PRESENT_DRAIN renderer=wgpu generation=1 queued=true delay_ms=250
10-08 17:02:16.736 16559 16611 I SpinonBootstrap: SPINON_R05_PRESENT_FLUSH requested=true renderer=wgpu generation=1
10-08 17:02:16.760 16559 16612 I SpinonBootstrap: SPINON_R05_PRESENT_FENCE renderer=wgpu request_id=5 input_seq=5 revision=5 event_time_ns=6691325000000 generation=1 current_generation=1 current_surface=true target_vsync_id=147963 outcome=callback_received fence_valid=true fence_state=signaled signal_time_ns=6691367654023 latch_time_ns=6691356726190 fence_signal_usable=true callback_inline_overflow=false inline_callback_total=0 callback_os_tid=16612 callback_thread_id=56 queue_depth=0 input_uptime_anchor_ns=6691326407940 input_monotonic_before_ns=6691326407190 input_monotonic_after_ns=6691326408273 callback_uptime_anchor_ns=6691368234732 callback_monotonic_before_ns=6691368233857 callback_monotonic_after_ns=6691368234815 signal_observed_monotonic_ns=6691368245440 input_offset_min_ns=-333 input_offset_max_ns=750 callback_offset_min_ns=-83 callback_offset_max_ns=875 clock_offset_intervals_overlap=true processing_error=none fence_close_error=none
10-08 17:02:16.986 16559 16559 I SpinonBootstrap: SPINON_R05_PRESENT_FLUSH renderer=wgpu queued=true generation=1
10-08 17:02:16.986 16559 16611 I SpinonBootstrap: SPINON_R05_PRESENT_FLUSH requested=true renderer=wgpu generation=1
10-08 17:02:16.987 16559 16611 I SpinonBootstrap: SPINON_R05_PRESENT_BATCH renderer=wgpu generation=1 batch_seq=5 record_count=1 callback_os_tid=16611 callback_thread_id=55 registering_thread_os_tid=16559 queue_depth=0 rejected_callback_batches=0 rejected_flush_tasks=0 callback_uptime_ns=6691594473315 attribution=unmatched
10-08 17:02:16.987 16559 16611 I SpinonBootstrap: SPINON_R05_PRESENT renderer=wgpu signal=SurfaceView_JankData generation=1 current_generation=1 current_surface=true batch_seq=5 record_index=0 callback_os_tid=16611 callback_thread_id=55 registering_thread_os_tid=16559 queue_depth=0 vsync_id=147955 present_time_ns=-1 present_state=unknown jank_type=0 actual_app_frame_ns=16997459 scheduled_app_frame_ns=16666666 callback_uptime_ns=6691594473315 frame_id=unavailable join_status=exact_match input_seq=4 revision=4 request_id=4 target_vsync_id=147955
10-08 17:02:17.199 16559 16559 I SpinonBootstrap: SPINON_R05_INPUT renderer=wgpu input_seq=6 phase=ACTION_UP timestamp_precision=nanosecond_representation input_source=unknown handler_clock_resolution=nanosecond_api event_time_ns=6691806000000 input_uptime_anchor_ns=6691807424440 input_monotonic_before_ns=6691807423732 input_monotonic_after_ns=6691807424690 handler_uptime_ns=6691807424857 generation=1
10-08 17:02:17.200 16559 16559 I SpinonBootstrap: SPINON_R05_FRAME_TIMELINE_REQUEST renderer=wgpu request_id=6 input_seq=6 revision=6 generation=1 state=posted
10-08 17:02:17.200 16559 16559 I SpinonBootstrap: SPINON_R08_TOUCH count=6
10-08 17:02:17.216 16559 16559 I SpinonBootstrap: SPINON_R05_FRAME_TIMELINE_TARGET renderer=wgpu request_id=6 input_seq=6 revision=6 generation=1 vsync_id=147971 deadline_ns=6691839724150 expected_presentation_ns=6691855390816 render_mode=on_demand
10-08 17:02:17.216 16559 16559 I SpinonBootstrap: SPINON_R05_PRESENT_FENCE_LISTENER renderer=wgpu request_id=6 input_seq=6 revision=6 generation=1 target_vsync_id=147971 state=registered timeout_ms=2000
10-08 17:02:17.216 16559 16559 I SpinonBootstrap: SPINON_R05_FRAME_TIMELINE_APPLY renderer=wgpu request_id=6 input_seq=6 revision=6 generation=1 target_vsync_id=147971 transaction=queued_for_next_surface_frame
10-08 17:02:17.218 16559 16559 I SpinonBootstrap: SPINON_R05_SUBMIT renderer=wgpu input_seq=6 revision=6 generation=1 event_time_ns=6691806000000 handler_uptime_ns=6691823928232 queue_present_return_uptime_ns=6691825770982 draw_accepted=true present_signal=unavailable attribution=input
10-08 17:02:17.218 16559 16559 I SpinonBootstrap: SPINON_R05_PRESENT_FLUSH renderer=wgpu queued=true generation=1
10-08 17:02:17.218 16559 16559 I SpinonBootstrap: SPINON_R05_PRESENT_DRAIN renderer=wgpu generation=1 queued=true delay_ms=250
10-08 17:02:17.218 16559 16611 I SpinonBootstrap: SPINON_R05_PRESENT_FLUSH requested=true renderer=wgpu generation=1
10-08 17:02:17.244 16559 16612 I SpinonBootstrap: SPINON_R05_PRESENT_FENCE renderer=wgpu request_id=6 input_seq=6 revision=6 event_time_ns=6691806000000 generation=1 current_generation=1 current_surface=true target_vsync_id=147971 outcome=callback_received fence_valid=true fence_state=signaled signal_time_ns=6691851097482 latch_time_ns=6691840406899 fence_signal_usable=true callback_inline_overflow=false inline_callback_total=0 callback_os_tid=16612 callback_thread_id=56 queue_depth=0 input_uptime_anchor_ns=6691807424440 input_monotonic_before_ns=6691807423732 input_monotonic_after_ns=6691807424690 callback_uptime_anchor_ns=6691851791857 callback_monotonic_before_ns=6691851790649 callback_monotonic_after_ns=6691851791940 signal_observed_monotonic_ns=6691851800940 input_offset_min_ns=-250 input_offset_max_ns=708 callback_offset_min_ns=-83 callback_offset_max_ns=1208 clock_offset_intervals_overlap=true processing_error=none fence_close_error=none
10-08 17:02:17.469 16559 16559 I SpinonBootstrap: SPINON_R05_PRESENT_FLUSH renderer=wgpu queued=true generation=1
10-08 17:02:17.469 16559 16611 I SpinonBootstrap: SPINON_R05_PRESENT_FLUSH requested=true renderer=wgpu generation=1
10-08 17:02:17.470 16559 16611 I SpinonBootstrap: SPINON_R05_PRESENT_BATCH renderer=wgpu generation=1 batch_seq=6 record_count=2 callback_os_tid=16611 callback_thread_id=55 registering_thread_os_tid=16559 queue_depth=0 rejected_callback_batches=0 rejected_flush_tasks=0 callback_uptime_ns=6692077892815 attribution=unmatched
10-08 17:02:17.470 16559 16611 I SpinonBootstrap: SPINON_R05_PRESENT renderer=wgpu signal=SurfaceView_JankData generation=1 current_generation=1 current_surface=true batch_seq=6 record_index=0 callback_os_tid=16611 callback_thread_id=55 registering_thread_os_tid=16559 queue_depth=0 vsync_id=147963 present_time_ns=-1 present_state=unknown jank_type=0 actual_app_frame_ns=17028978 scheduled_app_frame_ns=16666666 callback_uptime_ns=6692077892815 frame_id=unavailable join_status=exact_match input_seq=5 revision=5 request_id=5 target_vsync_id=147963
10-08 17:02:17.470 16559 16611 I SpinonBootstrap: SPINON_R05_PRESENT renderer=wgpu signal=SurfaceView_JankData generation=1 current_generation=1 current_surface=true batch_seq=6 record_index=1 callback_os_tid=16611 callback_thread_id=55 registering_thread_os_tid=16559 queue_depth=0 vsync_id=147971 present_time_ns=-1 present_state=unknown jank_type=0 actual_app_frame_ns=17386873 scheduled_app_frame_ns=16666666 callback_uptime_ns=6692077892815 frame_id=unavailable join_status=exact_match input_seq=6 revision=6 request_id=6 target_vsync_id=147971
10-08 17:02:17.681 16559 16559 I SpinonBootstrap: SPINON_R05_INPUT renderer=wgpu input_seq=7 phase=ACTION_UP timestamp_precision=nanosecond_representation input_source=unknown handler_clock_resolution=nanosecond_api event_time_ns=6692288000000 input_uptime_anchor_ns=6692288788941 input_monotonic_before_ns=6692288788399 input_monotonic_after_ns=6692288789149 handler_uptime_ns=6692288789232 generation=1
10-08 17:02:17.681 16559 16559 I SpinonBootstrap: SPINON_R05_FRAME_TIMELINE_REQUEST renderer=wgpu request_id=7 input_seq=7 revision=7 generation=1 state=posted
10-08 17:02:17.682 16559 16559 I SpinonBootstrap: SPINON_R08_TOUCH count=7
10-08 17:02:17.682 16559 16559 I SpinonBootstrap: SPINON_R05_FRAME_TIMELINE_TARGET renderer=wgpu request_id=7 input_seq=7 revision=7 generation=1 vsync_id=147979 deadline_ns=6692306390798 expected_presentation_ns=6692322057464 render_mode=on_demand
10-08 17:02:17.682 16559 16559 I SpinonBootstrap: SPINON_R05_PRESENT_FENCE_LISTENER renderer=wgpu request_id=7 input_seq=7 revision=7 generation=1 target_vsync_id=147979 state=registered timeout_ms=2000
10-08 17:02:17.682 16559 16559 I SpinonBootstrap: SPINON_R05_FRAME_TIMELINE_APPLY renderer=wgpu request_id=7 input_seq=7 revision=7 generation=1 target_vsync_id=147979 transaction=queued_for_next_surface_frame
10-08 17:02:17.684 16559 16559 I SpinonBootstrap: SPINON_R05_SUBMIT renderer=wgpu input_seq=7 revision=7 generation=1 event_time_ns=6692288000000 handler_uptime_ns=6692290324816 queue_present_return_uptime_ns=6692291906274 draw_accepted=true present_signal=unavailable attribution=input
10-08 17:02:17.684 16559 16559 I SpinonBootstrap: SPINON_R05_PRESENT_FLUSH renderer=wgpu queued=true generation=1
10-08 17:02:17.684 16559 16559 I SpinonBootstrap: SPINON_R05_PRESENT_DRAIN renderer=wgpu generation=1 queued=true delay_ms=250
10-08 17:02:17.684 16559 16611 I SpinonBootstrap: SPINON_R05_PRESENT_FLUSH requested=true renderer=wgpu generation=1
10-08 17:02:17.709 16559 16612 I SpinonBootstrap: SPINON_R05_PRESENT_FENCE renderer=wgpu request_id=7 input_seq=7 revision=7 event_time_ns=6692288000000 generation=1 current_generation=1 current_surface=true target_vsync_id=147979 outcome=callback_received fence_valid=true fence_state=signaled signal_time_ns=6692316695274 latch_time_ns=6692308173024 fence_signal_usable=true callback_inline_overflow=false inline_callback_total=0 callback_os_tid=16612 callback_thread_id=56 queue_depth=0 input_uptime_anchor_ns=6692288788941 input_monotonic_before_ns=6692288788399 input_monotonic_after_ns=6692288789149 callback_uptime_anchor_ns=6692317121982 callback_monotonic_before_ns=6692317120482 callback_monotonic_after_ns=6692317122066 signal_observed_monotonic_ns=6692317129399 input_offset_min_ns=-208 input_offset_max_ns=542 callback_offset_min_ns=-84 callback_offset_max_ns=1500 clock_offset_intervals_overlap=true processing_error=none fence_close_error=none
10-08 17:02:17.938 16559 16559 I SpinonBootstrap: SPINON_R05_PRESENT_FLUSH renderer=wgpu queued=true generation=1
10-08 17:02:17.938 16559 16611 I SpinonBootstrap: SPINON_R05_PRESENT_FLUSH requested=true renderer=wgpu generation=1
10-08 17:02:17.939 16559 16611 I SpinonBootstrap: SPINON_R05_PRESENT_BATCH renderer=wgpu generation=1 batch_seq=7 record_count=1 callback_os_tid=16611 callback_thread_id=55 registering_thread_os_tid=16559 queue_depth=0 rejected_callback_batches=0 rejected_flush_tasks=0 callback_uptime_ns=6692546819524 attribution=unmatched
10-08 17:02:17.939 16559 16611 I SpinonBootstrap: SPINON_R05_PRESENT renderer=wgpu signal=SurfaceView_JankData generation=1 current_generation=1 current_surface=true batch_seq=7 record_index=0 callback_os_tid=16611 callback_thread_id=55 registering_thread_os_tid=16559 queue_depth=0 vsync_id=147979 present_time_ns=-1 present_state=unknown jank_type=0 actual_app_frame_ns=18555600 scheduled_app_frame_ns=16666666 callback_uptime_ns=6692546819524 frame_id=unavailable join_status=exact_match input_seq=7 revision=7 request_id=7 target_vsync_id=147979
10-08 17:02:18.164 16559 16559 I SpinonBootstrap: SPINON_R05_INPUT renderer=wgpu input_seq=8 phase=ACTION_UP timestamp_precision=nanosecond_representation input_source=unknown handler_clock_resolution=nanosecond_api event_time_ns=6692771000000 input_uptime_anchor_ns=6692772160232 input_monotonic_before_ns=6692772159066 input_monotonic_after_ns=6692772160441 handler_uptime_ns=6692772160607 generation=1
10-08 17:02:18.164 16559 16559 I SpinonBootstrap: SPINON_R05_FRAME_TIMELINE_REQUEST renderer=wgpu request_id=8 input_seq=8 revision=8 generation=1 state=posted
10-08 17:02:18.165 16559 16559 I SpinonBootstrap: SPINON_R08_TOUCH count=8
10-08 17:02:18.166 16559 16559 I SpinonBootstrap: SPINON_R05_FRAME_TIMELINE_TARGET renderer=wgpu request_id=8 input_seq=8 revision=8 generation=1 vsync_id=147987 deadline_ns=6692789724112 expected_presentation_ns=6692805390778 render_mode=on_demand
10-08 17:02:18.166 16559 16559 I SpinonBootstrap: SPINON_R05_PRESENT_FENCE_LISTENER renderer=wgpu request_id=8 input_seq=8 revision=8 generation=1 target_vsync_id=147987 state=registered timeout_ms=2000
10-08 17:02:18.166 16559 16559 I SpinonBootstrap: SPINON_R05_FRAME_TIMELINE_APPLY renderer=wgpu request_id=8 input_seq=8 revision=8 generation=1 target_vsync_id=147987 transaction=queued_for_next_surface_frame
10-08 17:02:18.168 16559 16559 I SpinonBootstrap: SPINON_R05_SUBMIT renderer=wgpu input_seq=8 revision=8 generation=1 event_time_ns=6692771000000 handler_uptime_ns=6692773752691 queue_present_return_uptime_ns=6692776229482 draw_accepted=true present_signal=unavailable attribution=input
10-08 17:02:18.168 16559 16559 I SpinonBootstrap: SPINON_R05_PRESENT_FLUSH renderer=wgpu queued=true generation=1
10-08 17:02:18.168 16559 16559 I SpinonBootstrap: SPINON_R05_PRESENT_DRAIN renderer=wgpu generation=1 queued=true delay_ms=250
10-08 17:02:18.168 16559 16611 I SpinonBootstrap: SPINON_R05_PRESENT_FLUSH requested=true renderer=wgpu generation=1
10-08 17:02:18.197 16559 16612 I SpinonBootstrap: SPINON_R05_PRESENT_FENCE renderer=wgpu request_id=8 input_seq=8 revision=8 event_time_ns=6692771000000 generation=1 current_generation=1 current_surface=true target_vsync_id=147987 outcome=callback_received fence_valid=true fence_state=signaled signal_time_ns=6692803432607 latch_time_ns=6692794781524 fence_signal_usable=true callback_inline_overflow=false inline_callback_total=0 callback_os_tid=16612 callback_thread_id=56 queue_depth=0 input_uptime_anchor_ns=6692772160232 input_monotonic_before_ns=6692772159066 input_monotonic_after_ns=6692772160441 callback_uptime_anchor_ns=6692804586774 callback_monotonic_before_ns=6692804586357 callback_monotonic_after_ns=6692804586857 signal_observed_monotonic_ns=6692804594024 input_offset_min_ns=-209 input_offset_max_ns=1166 callback_offset_min_ns=-83 callback_offset_max_ns=417 clock_offset_intervals_overlap=true processing_error=none fence_close_error=none
10-08 17:02:18.420 16559 16559 I SpinonBootstrap: SPINON_R05_PRESENT_FLUSH renderer=wgpu queued=true generation=1
10-08 17:02:18.420 16559 16611 I SpinonBootstrap: SPINON_R05_PRESENT_FLUSH requested=true renderer=wgpu generation=1
10-08 17:02:18.421 16559 16611 I SpinonBootstrap: SPINON_R05_PRESENT_BATCH renderer=wgpu generation=1 batch_seq=8 record_count=1 callback_os_tid=16611 callback_thread_id=55 registering_thread_os_tid=16559 queue_depth=0 rejected_callback_batches=0 rejected_flush_tasks=0 callback_uptime_ns=6693028519691 attribution=unmatched
10-08 17:02:18.421 16559 16611 I SpinonBootstrap: SPINON_R05_PRESENT renderer=wgpu signal=SurfaceView_JankData generation=1 current_generation=1 current_surface=true batch_seq=8 record_index=0 callback_os_tid=16611 callback_thread_id=55 registering_thread_os_tid=16559 queue_depth=0 vsync_id=147987 present_time_ns=-1 present_state=unknown jank_type=0 actual_app_frame_ns=21750036 scheduled_app_frame_ns=16666666 callback_uptime_ns=6693028519691 frame_id=unavailable join_status=exact_match input_seq=8 revision=8 request_id=8 target_vsync_id=147987
10-08 17:02:18.644 16559 16559 I SpinonBootstrap: SPINON_R05_INPUT renderer=wgpu input_seq=9 phase=ACTION_UP timestamp_precision=nanosecond_representation input_source=unknown handler_clock_resolution=nanosecond_api event_time_ns=6693251000000 input_uptime_anchor_ns=6693252313858 input_monotonic_before_ns=6693252312941 input_monotonic_after_ns=6693252314024 handler_uptime_ns=6693252314149 generation=1
10-08 17:02:18.645 16559 16559 I SpinonBootstrap: SPINON_R05_FRAME_TIMELINE_REQUEST renderer=wgpu request_id=9 input_seq=9 revision=9 generation=1 state=posted
10-08 17:02:18.645 16559 16559 I SpinonBootstrap: SPINON_R08_TOUCH count=9
10-08 17:02:18.649 16559 16559 I SpinonBootstrap: SPINON_R05_FRAME_TIMELINE_TARGET renderer=wgpu request_id=9 input_seq=9 revision=9 generation=1 vsync_id=147995 deadline_ns=6693273057426 expected_presentation_ns=6693288724092 render_mode=on_demand
10-08 17:02:18.649 16559 16559 I SpinonBootstrap: SPINON_R05_PRESENT_FENCE_LISTENER renderer=wgpu request_id=9 input_seq=9 revision=9 generation=1 target_vsync_id=147995 state=registered timeout_ms=2000
10-08 17:02:18.649 16559 16559 I SpinonBootstrap: SPINON_R05_FRAME_TIMELINE_APPLY renderer=wgpu request_id=9 input_seq=9 revision=9 generation=1 target_vsync_id=147995 transaction=queued_for_next_surface_frame
10-08 17:02:18.651 16559 16559 I SpinonBootstrap: SPINON_R05_SUBMIT renderer=wgpu input_seq=9 revision=9 generation=1 event_time_ns=6693251000000 handler_uptime_ns=6693257166108 queue_present_return_uptime_ns=6693258852774 draw_accepted=true present_signal=unavailable attribution=input
10-08 17:02:18.651 16559 16559 I SpinonBootstrap: SPINON_R05_PRESENT_FLUSH renderer=wgpu queued=true generation=1
10-08 17:02:18.651 16559 16559 I SpinonBootstrap: SPINON_R05_PRESENT_DRAIN renderer=wgpu generation=1 queued=true delay_ms=250
10-08 17:02:18.651 16559 16611 I SpinonBootstrap: SPINON_R05_PRESENT_FLUSH requested=true renderer=wgpu generation=1
10-08 17:02:18.675 16559 16612 I SpinonBootstrap: SPINON_R05_PRESENT_FENCE renderer=wgpu request_id=9 input_seq=9 revision=9 event_time_ns=6693251000000 generation=1 current_generation=1 current_surface=true target_vsync_id=147995 outcome=callback_received fence_valid=true fence_state=signaled signal_time_ns=6693282174816 latch_time_ns=6693273300358 fence_signal_usable=true callback_inline_overflow=false inline_callback_total=0 callback_os_tid=16612 callback_thread_id=56 queue_depth=0 input_uptime_anchor_ns=6693252313858 input_monotonic_before_ns=6693252312941 input_monotonic_after_ns=6693252314024 callback_uptime_anchor_ns=6693282854899 callback_monotonic_before_ns=6693282854483 callback_monotonic_after_ns=6693282854983 signal_observed_monotonic_ns=6693282863774 input_offset_min_ns=-166 input_offset_max_ns=917 callback_offset_min_ns=-84 callback_offset_max_ns=416 clock_offset_intervals_overlap=true processing_error=none fence_close_error=none
10-08 17:02:18.901 16559 16559 I SpinonBootstrap: SPINON_R05_PRESENT_FLUSH renderer=wgpu queued=true generation=1
10-08 17:02:18.901 16559 16611 I SpinonBootstrap: SPINON_R05_PRESENT_FLUSH requested=true renderer=wgpu generation=1
10-08 17:02:18.902 16559 16611 I SpinonBootstrap: SPINON_R05_PRESENT_BATCH renderer=wgpu generation=1 batch_seq=9 record_count=1 callback_os_tid=16611 callback_thread_id=55 registering_thread_os_tid=16559 queue_depth=0 rejected_callback_batches=0 rejected_flush_tasks=0 callback_uptime_ns=6693509612316 attribution=unmatched
10-08 17:02:18.902 16559 16611 I SpinonBootstrap: SPINON_R05_PRESENT renderer=wgpu signal=SurfaceView_JankData generation=1 current_generation=1 current_surface=true batch_seq=9 record_index=0 callback_os_tid=16611 callback_thread_id=55 registering_thread_os_tid=16559 queue_depth=0 vsync_id=147995 present_time_ns=-1 present_state=unknown jank_type=0 actual_app_frame_ns=16934889 scheduled_app_frame_ns=16666666 callback_uptime_ns=6693509612316 frame_id=unavailable join_status=exact_match input_seq=9 revision=9 request_id=9 target_vsync_id=147995
10-08 17:02:19.116 16559 16559 I SpinonBootstrap: SPINON_R05_INPUT renderer=wgpu input_seq=10 phase=ACTION_UP timestamp_precision=nanosecond_representation input_source=unknown handler_clock_resolution=nanosecond_api event_time_ns=6693723000000 input_uptime_anchor_ns=6693724426941 input_monotonic_before_ns=6693724426191 input_monotonic_after_ns=6693724427150 handler_uptime_ns=6693724427275 generation=1
10-08 17:02:19.117 16559 16559 I SpinonBootstrap: SPINON_R05_FRAME_TIMELINE_REQUEST renderer=wgpu request_id=10 input_seq=10 revision=10 generation=1 state=posted
10-08 17:02:19.117 16559 16559 I SpinonBootstrap: SPINON_R08_TOUCH count=10
10-08 17:02:19.134 16559 16559 I SpinonBootstrap: SPINON_R05_FRAME_TIMELINE_TARGET renderer=wgpu request_id=10 input_seq=10 revision=10 generation=1 vsync_id=148003 deadline_ns=6693756390740 expected_presentation_ns=6693772057406 render_mode=on_demand
10-08 17:02:19.134 16559 16559 I SpinonBootstrap: SPINON_R05_PRESENT_FENCE_LISTENER renderer=wgpu request_id=10 input_seq=10 revision=10 generation=1 target_vsync_id=148003 state=registered timeout_ms=2000
10-08 17:02:19.134 16559 16559 I SpinonBootstrap: SPINON_R05_FRAME_TIMELINE_APPLY renderer=wgpu request_id=10 input_seq=10 revision=10 generation=1 target_vsync_id=148003 transaction=queued_for_next_surface_frame
10-08 17:02:19.136 16559 16559 I SpinonBootstrap: SPINON_R05_SUBMIT renderer=wgpu input_seq=10 revision=10 generation=1 event_time_ns=6693723000000 handler_uptime_ns=6693741664316 queue_present_return_uptime_ns=6693743520275 draw_accepted=true present_signal=unavailable attribution=input
10-08 17:02:19.136 16559 16559 I SpinonBootstrap: SPINON_R05_PRESENT_FLUSH renderer=wgpu queued=true generation=1
10-08 17:02:19.136 16559 16559 I SpinonBootstrap: SPINON_R05_PRESENT_DRAIN renderer=wgpu generation=1 queued=true delay_ms=250
10-08 17:02:19.136 16559 16611 I SpinonBootstrap: SPINON_R05_PRESENT_FLUSH requested=true renderer=wgpu generation=1
10-08 17:02:19.160 16559 16612 I SpinonBootstrap: SPINON_R05_PRESENT_FENCE renderer=wgpu request_id=10 input_seq=10 revision=10 event_time_ns=6693723000000 generation=1 current_generation=1 current_surface=true target_vsync_id=148003 outcome=callback_received fence_valid=true fence_state=signaled signal_time_ns=6693767223191 latch_time_ns=6693759032650 fence_signal_usable=true callback_inline_overflow=false inline_callback_total=0 callback_os_tid=16612 callback_thread_id=56 queue_depth=0 input_uptime_anchor_ns=6693724426941 input_monotonic_before_ns=6693724426191 input_monotonic_after_ns=6693724427150 callback_uptime_anchor_ns=6693767762566 callback_monotonic_before_ns=6693767761566 callback_monotonic_after_ns=6693767762608 signal_observed_monotonic_ns=6693767769441 input_offset_min_ns=-209 input_offset_max_ns=750 callback_offset_min_ns=-42 callback_offset_max_ns=1000 clock_offset_intervals_overlap=true processing_error=none fence_close_error=none
10-08 17:02:19.389 16559 16559 I SpinonBootstrap: SPINON_R05_PRESENT_FLUSH renderer=wgpu queued=true generation=1
10-08 17:02:19.389 16559 16611 I SpinonBootstrap: SPINON_R05_PRESENT_FLUSH requested=true renderer=wgpu generation=1
10-08 17:02:19.389 16559 16611 I SpinonBootstrap: SPINON_R05_PRESENT_BATCH renderer=wgpu generation=1 batch_seq=10 record_count=1 callback_os_tid=16611 callback_thread_id=55 registering_thread_os_tid=16559 queue_depth=0 rejected_callback_batches=0 rejected_flush_tasks=0 callback_uptime_ns=6693997231983 attribution=unmatched
10-08 17:02:19.389 16559 16611 I SpinonBootstrap: SPINON_R05_PRESENT renderer=wgpu signal=SurfaceView_JankData generation=1 current_generation=1 current_surface=true batch_seq=10 record_index=0 callback_os_tid=16611 callback_thread_id=55 registering_thread_os_tid=16559 queue_depth=0 vsync_id=148003 present_time_ns=-1 present_state=unknown jank_type=0 actual_app_frame_ns=19329701 scheduled_app_frame_ns=16666666 callback_uptime_ns=6693997231983 frame_id=unavailable join_status=exact_match input_seq=10 revision=10 request_id=10 target_vsync_id=148003
10-08 17:02:19.597 16559 16559 I SpinonBootstrap: SPINON_R05_INPUT renderer=wgpu input_seq=11 phase=ACTION_UP timestamp_precision=nanosecond_representation input_source=unknown handler_clock_resolution=nanosecond_api event_time_ns=6694203000000 input_uptime_anchor_ns=6694204617191 input_monotonic_before_ns=6694204616525 input_monotonic_after_ns=6694204617483 handler_uptime_ns=6694204617608 generation=1
10-08 17:02:19.597 16559 16559 I SpinonBootstrap: SPINON_R05_FRAME_TIMELINE_REQUEST renderer=wgpu request_id=11 input_seq=11 revision=11 generation=1 state=posted
10-08 17:02:19.597 16559 16559 I SpinonBootstrap: SPINON_R08_TOUCH count=11
10-08 17:02:19.599 16559 16559 I SpinonBootstrap: SPINON_R05_FRAME_TIMELINE_TARGET renderer=wgpu request_id=11 input_seq=11 revision=11 generation=1 vsync_id=148011 deadline_ns=6694223057388 expected_presentation_ns=6694238724054 render_mode=on_demand
10-08 17:02:19.599 16559 16559 I SpinonBootstrap: SPINON_R05_PRESENT_FENCE_LISTENER renderer=wgpu request_id=11 input_seq=11 revision=11 generation=1 target_vsync_id=148011 state=registered timeout_ms=2000
10-08 17:02:19.599 16559 16559 I SpinonBootstrap: SPINON_R05_FRAME_TIMELINE_APPLY renderer=wgpu request_id=11 input_seq=11 revision=11 generation=1 target_vsync_id=148011 transaction=queued_for_next_surface_frame
10-08 17:02:19.601 16559 16559 I SpinonBootstrap: SPINON_R05_SUBMIT renderer=wgpu input_seq=11 revision=11 generation=1 event_time_ns=6694203000000 handler_uptime_ns=6694206844650 queue_present_return_uptime_ns=6694208483191 draw_accepted=true present_signal=unavailable attribution=input
10-08 17:02:19.601 16559 16559 I SpinonBootstrap: SPINON_R05_PRESENT_FLUSH renderer=wgpu queued=true generation=1
10-08 17:02:19.601 16559 16559 I SpinonBootstrap: SPINON_R05_PRESENT_DRAIN renderer=wgpu generation=1 queued=true delay_ms=250
10-08 17:02:19.601 16559 16611 I SpinonBootstrap: SPINON_R05_PRESENT_FLUSH requested=true renderer=wgpu generation=1
10-08 17:02:19.624 16559 16612 I SpinonBootstrap: SPINON_R05_PRESENT_FENCE renderer=wgpu request_id=11 input_seq=11 revision=11 event_time_ns=6694203000000 generation=1 current_generation=1 current_surface=true target_vsync_id=148011 outcome=callback_received fence_valid=true fence_state=signaled signal_time_ns=6694231179733 latch_time_ns=6694223521858 fence_signal_usable=true callback_inline_overflow=false inline_callback_total=0 callback_os_tid=16612 callback_thread_id=56 queue_depth=0 input_uptime_anchor_ns=6694204617191 input_monotonic_before_ns=6694204616525 input_monotonic_after_ns=6694204617483 callback_uptime_anchor_ns=6694231721358 callback_monotonic_before_ns=6694231720400 callback_monotonic_after_ns=6694231721442 signal_observed_monotonic_ns=6694231728067 input_offset_min_ns=-292 input_offset_max_ns=666 callback_offset_min_ns=-84 callback_offset_max_ns=958 clock_offset_intervals_overlap=true processing_error=none fence_close_error=none
10-08 17:02:19.851 16559 16559 I SpinonBootstrap: SPINON_R05_PRESENT_FLUSH renderer=wgpu queued=true generation=1
10-08 17:02:19.851 16559 16611 I SpinonBootstrap: SPINON_R05_PRESENT_FLUSH requested=true renderer=wgpu generation=1
10-08 17:02:19.852 16559 16611 I SpinonBootstrap: SPINON_R05_PRESENT_BATCH renderer=wgpu generation=1 batch_seq=11 record_count=1 callback_os_tid=16611 callback_thread_id=55 registering_thread_os_tid=16559 queue_depth=0 rejected_callback_batches=0 rejected_flush_tasks=0 callback_uptime_ns=6694459509275 attribution=unmatched
10-08 17:02:19.852 16559 16611 I SpinonBootstrap: SPINON_R05_PRESENT renderer=wgpu signal=SurfaceView_JankData generation=1 current_generation=1 current_surface=true batch_seq=11 record_index=0 callback_os_tid=16611 callback_thread_id=55 registering_thread_os_tid=16559 queue_depth=0 vsync_id=148011 present_time_ns=-1 present_state=unknown jank_type=0 actual_app_frame_ns=17152886 scheduled_app_frame_ns=16666666 callback_uptime_ns=6694459509275 frame_id=unavailable join_status=exact_match input_seq=11 revision=11 request_id=11 target_vsync_id=148011
