--------- beginning of main
10-08 17:01:29.620 10259 10259 I SpinonBootstrap: SPINON_R08_UI=ready text-input=EditText accessibility=button+EditText
10-08 17:01:29.648 10259 10259 I SpinonBootstrap: SPINON_R05_SURFACE renderer=opengl_es type=GLSurfaceView generation=1
10-08 17:01:29.649 10259 10259 I SpinonBootstrap: SPINON_R05_SIGNAL_CAPABILITY renderer=opengl_es signal=SurfaceView_JankData available=false reason=api_below_37 api=36 api_full=3600000
10-08 17:01:29.649 10259 10259 I SpinonBootstrap: SPINON_R05_SURFACE_SIZE renderer=opengl_es generation=1 size=1080x2400
10-08 17:01:29.658 10259 10275 I SpinonBootstrap: SPINON_R08_SURFACE=created api=OpenGL_ES_2 renderer=Android Emulator OpenGL ES Translator (Apple M4 Max) version=OpenGL ES 3.0 (4.1 Metal - 90.5)
10-08 17:01:29.660 10259 10275 I SpinonBootstrap: SPINON_R08_SHADER=ready
10-08 17:01:29.660 10259 10275 I SpinonBootstrap: SPINON_R08_SURFACE=size 1080x2400
10-08 17:01:29.660 10259 10275 I SpinonBootstrap: SPINON_R05_DRAW renderer=opengl_es draw_seq=1 revision=0 generation=1
10-08 17:01:29.660 10259 10275 I SpinonBootstrap: SPINON_R08_FRAME=first_draw_submitted
10-08 17:01:29.664 10259 10275 I SpinonBootstrap: SPINON_R05_DRAW renderer=opengl_es draw_seq=2 revision=0 generation=1
10-08 17:01:31.705 10259 10259 I SpinonBootstrap: SPINON_R05_INPUT renderer=opengl_es input_seq=1 phase=ACTION_UP timestamp_precision=nanosecond_representation input_source=unknown event_time_ns=716498102000000 input_uptime_anchor_ns=716498104222442 input_monotonic_before_ns=716498104221859 input_monotonic_after_ns=716498104222651 generation=1
10-08 17:01:31.707 10259 10259 I SpinonBootstrap: SPINON_R05_PRESENT_FENCE_LISTENER renderer=opengl_es request_id=1 input_seq=1 revision=1 generation=1 target_vsync_id=-1 state=registered timeout_ms=2000
10-08 17:01:31.707 10259 10259 I SpinonBootstrap: SPINON_R05_PRESENT_FENCE_APPLY renderer=opengl_es request_id=1 input_seq=1 revision=1 generation=1 target_vsync_id=unavailable transaction=queued_for_next_surface_frame listener_attached=true
10-08 17:01:31.707 10259 10259 I SpinonBootstrap: SPINON_R05_SUBMIT renderer=opengl_es input_seq=1 revision=1 generation=1 event_time_ns=716498102000000 handler_uptime_ns=716498106304359 draw_requested=true draw_completed=false present_signal=unavailable attribution=input
10-08 17:01:31.707 10259 10275 I SpinonBootstrap: SPINON_R05_DRAW renderer=opengl_es draw_seq=3 revision=1 generation=1
10-08 17:01:31.707 10259 10259 I SpinonBootstrap: SPINON_R08_TOUCH count=1
10-08 17:01:31.750 10259 10292 I SpinonBootstrap: SPINON_R05_PRESENT_FENCE renderer=opengl_es request_id=1 input_seq=1 revision=1 event_time_ns=716498102000000 generation=1 current_generation=1 current_surface=true target_vsync_id=-1 outcome=callback_received fence_valid=true fence_state=signaled signal_time_ns=716498148656234 latch_time_ns=716498145799776 fence_signal_usable=true callback_inline_overflow=false inline_callback_total=0 callback_os_tid=10292 callback_thread_id=91 queue_depth=0 input_uptime_anchor_ns=716498104222442 input_monotonic_before_ns=716498104221859 input_monotonic_after_ns=716498104222651 callback_uptime_anchor_ns=716498149550067 callback_monotonic_before_ns=716498149549151 callback_monotonic_after_ns=716498149550151 signal_observed_monotonic_ns=716498149570609 input_offset_min_ns=-209 input_offset_max_ns=583 callback_offset_min_ns=-84 callback_offset_max_ns=916 clock_offset_intervals_overlap=true processing_error=none fence_close_error=none
10-08 17:01:32.214 10259 10259 I SpinonBootstrap: SPINON_R05_INPUT renderer=opengl_es input_seq=2 phase=ACTION_UP timestamp_precision=nanosecond_representation input_source=unknown event_time_ns=716498611000000 input_uptime_anchor_ns=716498612857568 input_monotonic_before_ns=716498612856943 input_monotonic_after_ns=716498612857734 generation=1
10-08 17:01:32.214 10259 10259 I SpinonBootstrap: SPINON_R05_PRESENT_FENCE_LISTENER renderer=opengl_es request_id=2 input_seq=2 revision=2 generation=1 target_vsync_id=-1 state=registered timeout_ms=2000
10-08 17:01:32.214 10259 10259 I SpinonBootstrap: SPINON_R05_PRESENT_FENCE_APPLY renderer=opengl_es request_id=2 input_seq=2 revision=2 generation=1 target_vsync_id=unavailable transaction=queued_for_next_surface_frame listener_attached=true
10-08 17:01:32.214 10259 10259 I SpinonBootstrap: SPINON_R05_SUBMIT renderer=opengl_es input_seq=2 revision=2 generation=1 event_time_ns=716498611000000 handler_uptime_ns=716498613121234 draw_requested=true draw_completed=false present_signal=unavailable attribution=input
10-08 17:01:32.214 10259 10275 I SpinonBootstrap: SPINON_R05_DRAW renderer=opengl_es draw_seq=4 revision=2 generation=1
10-08 17:01:32.215 10259 10259 I SpinonBootstrap: SPINON_R08_TOUCH count=2
10-08 17:01:32.232 10259 10292 I SpinonBootstrap: SPINON_R05_PRESENT_FENCE renderer=opengl_es request_id=2 input_seq=2 revision=2 event_time_ns=716498611000000 generation=1 current_generation=1 current_surface=true target_vsync_id=-1 outcome=callback_received fence_valid=true fence_state=signaled signal_time_ns=716498630977276 latch_time_ns=716498628156109 fence_signal_usable=true callback_inline_overflow=false inline_callback_total=0 callback_os_tid=10292 callback_thread_id=91 queue_depth=0 input_uptime_anchor_ns=716498612857568 input_monotonic_before_ns=716498612856943 input_monotonic_after_ns=716498612857734 callback_uptime_anchor_ns=716498631649359 callback_monotonic_before_ns=716498631648276 callback_monotonic_after_ns=716498631649484 signal_observed_monotonic_ns=716498631657776 input_offset_min_ns=-166 input_offset_max_ns=625 callback_offset_min_ns=-125 callback_offset_max_ns=1083 clock_offset_intervals_overlap=true processing_error=none fence_close_error=none
10-08 17:01:32.698 10259 10259 I SpinonBootstrap: SPINON_R05_INPUT renderer=opengl_es input_seq=3 phase=ACTION_UP timestamp_precision=nanosecond_representation input_source=unknown event_time_ns=716499096000000 input_uptime_anchor_ns=716499097057276 input_monotonic_before_ns=716499097056443 input_monotonic_after_ns=716499097057568 generation=1
10-08 17:01:32.698 10259 10259 I SpinonBootstrap: SPINON_R05_PRESENT_FENCE_LISTENER renderer=opengl_es request_id=3 input_seq=3 revision=3 generation=1 target_vsync_id=-1 state=registered timeout_ms=2000
10-08 17:01:32.698 10259 10259 I SpinonBootstrap: SPINON_R05_PRESENT_FENCE_APPLY renderer=opengl_es request_id=3 input_seq=3 revision=3 generation=1 target_vsync_id=unavailable transaction=queued_for_next_surface_frame listener_attached=true
10-08 17:01:32.698 10259 10259 I SpinonBootstrap: SPINON_R05_SUBMIT renderer=opengl_es input_seq=3 revision=3 generation=1 event_time_ns=716499096000000 handler_uptime_ns=716499097190735 draw_requested=true draw_completed=false present_signal=unavailable attribution=input
10-08 17:01:32.698 10259 10275 I SpinonBootstrap: SPINON_R05_DRAW renderer=opengl_es draw_seq=5 revision=3 generation=1
10-08 17:01:32.698 10259 10259 I SpinonBootstrap: SPINON_R08_TOUCH count=3
10-08 17:01:32.714 10259 10292 I SpinonBootstrap: SPINON_R05_PRESENT_FENCE renderer=opengl_es request_id=3 input_seq=3 revision=3 event_time_ns=716499096000000 generation=1 current_generation=1 current_surface=true target_vsync_id=-1 outcome=callback_received fence_valid=true fence_state=signaled signal_time_ns=716499113255651 latch_time_ns=716499111416193 fence_signal_usable=true callback_inline_overflow=false inline_callback_total=0 callback_os_tid=10292 callback_thread_id=91 queue_depth=0 input_uptime_anchor_ns=716499097057276 input_monotonic_before_ns=716499097056443 input_monotonic_after_ns=716499097057568 callback_uptime_anchor_ns=716499113455401 callback_monotonic_before_ns=716499113454901 callback_monotonic_after_ns=716499113455485 signal_observed_monotonic_ns=716499113463693 input_offset_min_ns=-292 input_offset_max_ns=833 callback_offset_min_ns=-84 callback_offset_max_ns=500 clock_offset_intervals_overlap=true processing_error=none fence_close_error=none
10-08 17:01:33.172 10259 10259 I SpinonBootstrap: SPINON_R05_INPUT renderer=opengl_es input_seq=4 phase=ACTION_UP timestamp_precision=nanosecond_representation input_source=unknown event_time_ns=716499570000000 input_uptime_anchor_ns=716499570868193 input_monotonic_before_ns=716499570867235 input_monotonic_after_ns=716499570868443 generation=1
10-08 17:01:33.172 10259 10259 I SpinonBootstrap: SPINON_R05_PRESENT_FENCE_LISTENER renderer=opengl_es request_id=4 input_seq=4 revision=4 generation=1 target_vsync_id=-1 state=registered timeout_ms=2000
10-08 17:01:33.172 10259 10259 I SpinonBootstrap: SPINON_R05_PRESENT_FENCE_APPLY renderer=opengl_es request_id=4 input_seq=4 revision=4 generation=1 target_vsync_id=unavailable transaction=queued_for_next_surface_frame listener_attached=true
10-08 17:01:33.172 10259 10259 I SpinonBootstrap: SPINON_R05_SUBMIT renderer=opengl_es input_seq=4 revision=4 generation=1 event_time_ns=716499570000000 handler_uptime_ns=716499571060985 draw_requested=true draw_completed=false present_signal=unavailable attribution=input
10-08 17:01:33.172 10259 10275 I SpinonBootstrap: SPINON_R05_DRAW renderer=opengl_es draw_seq=6 revision=4 generation=1
10-08 17:01:33.172 10259 10259 I SpinonBootstrap: SPINON_R08_TOUCH count=4
10-08 17:01:33.181 10259 10292 I SpinonBootstrap: SPINON_R05_PRESENT_FENCE renderer=opengl_es request_id=4 input_seq=4 revision=4 event_time_ns=716499570000000 generation=1 current_generation=1 current_surface=true target_vsync_id=-1 outcome=callback_received fence_valid=true fence_state=signaled signal_time_ns=716499579898401 latch_time_ns=716499578220443 fence_signal_usable=true callback_inline_overflow=false inline_callback_total=0 callback_os_tid=10292 callback_thread_id=91 queue_depth=0 input_uptime_anchor_ns=716499570868193 input_monotonic_before_ns=716499570867235 input_monotonic_after_ns=716499570868443 callback_uptime_anchor_ns=716499580379318 callback_monotonic_before_ns=716499580378360 callback_monotonic_after_ns=716499580379401 signal_observed_monotonic_ns=716499580390901 input_offset_min_ns=-250 input_offset_max_ns=958 callback_offset_min_ns=-83 callback_offset_max_ns=958 clock_offset_intervals_overlap=true processing_error=none fence_close_error=none
10-08 17:01:33.653 10259 10259 I SpinonBootstrap: SPINON_R05_INPUT renderer=opengl_es input_seq=5 phase=ACTION_UP timestamp_precision=nanosecond_representation input_source=unknown event_time_ns=716500051000000 input_uptime_anchor_ns=716500052826485 input_monotonic_before_ns=716500052826110 input_monotonic_after_ns=716500052826735 generation=1
10-08 17:01:33.654 10259 10259 I SpinonBootstrap: SPINON_R05_PRESENT_FENCE_LISTENER renderer=opengl_es request_id=5 input_seq=5 revision=5 generation=1 target_vsync_id=-1 state=registered timeout_ms=2000
10-08 17:01:33.654 10259 10259 I SpinonBootstrap: SPINON_R05_PRESENT_FENCE_APPLY renderer=opengl_es request_id=5 input_seq=5 revision=5 generation=1 target_vsync_id=unavailable transaction=queued_for_next_surface_frame listener_attached=true
10-08 17:01:33.654 10259 10259 I SpinonBootstrap: SPINON_R05_SUBMIT renderer=opengl_es input_seq=5 revision=5 generation=1 event_time_ns=716500051000000 handler_uptime_ns=716500052957193 draw_requested=true draw_completed=false present_signal=unavailable attribution=input
10-08 17:01:33.654 10259 10275 I SpinonBootstrap: SPINON_R05_DRAW renderer=opengl_es draw_seq=7 revision=5 generation=1
10-08 17:01:33.654 10259 10259 I SpinonBootstrap: SPINON_R08_TOUCH count=5
10-08 17:01:33.667 10259 10292 I SpinonBootstrap: SPINON_R05_PRESENT_FENCE renderer=opengl_es request_id=5 input_seq=5 revision=5 event_time_ns=716500051000000 generation=1 current_generation=1 current_surface=true target_vsync_id=-1 outcome=callback_received fence_valid=true fence_state=signaled signal_time_ns=716500065509027 latch_time_ns=716500061276652 fence_signal_usable=true callback_inline_overflow=false inline_callback_total=0 callback_os_tid=10292 callback_thread_id=91 queue_depth=0 input_uptime_anchor_ns=716500052826485 input_monotonic_before_ns=716500052826110 input_monotonic_after_ns=716500052826735 callback_uptime_anchor_ns=716500066218818 callback_monotonic_before_ns=716500066217985 callback_monotonic_after_ns=716500066218902 signal_observed_monotonic_ns=716500066229193 input_offset_min_ns=-250 input_offset_max_ns=375 callback_offset_min_ns=-84 callback_offset_max_ns=833 clock_offset_intervals_overlap=true processing_error=none fence_close_error=none
10-08 17:01:34.137 10259 10259 I SpinonBootstrap: SPINON_R05_INPUT renderer=opengl_es input_seq=6 phase=ACTION_UP timestamp_precision=nanosecond_representation input_source=unknown event_time_ns=716500535000000 input_uptime_anchor_ns=716500536597902 input_monotonic_before_ns=716500536597069 input_monotonic_after_ns=716500536598152 generation=1
10-08 17:01:34.137 10259 10259 I SpinonBootstrap: SPINON_R05_PRESENT_FENCE_LISTENER renderer=opengl_es request_id=6 input_seq=6 revision=6 generation=1 target_vsync_id=-1 state=registered timeout_ms=2000
10-08 17:01:34.137 10259 10259 I SpinonBootstrap: SPINON_R05_PRESENT_FENCE_APPLY renderer=opengl_es request_id=6 input_seq=6 revision=6 generation=1 target_vsync_id=unavailable transaction=queued_for_next_surface_frame listener_attached=true
10-08 17:01:34.137 10259 10259 I SpinonBootstrap: SPINON_R05_SUBMIT renderer=opengl_es input_seq=6 revision=6 generation=1 event_time_ns=716500535000000 handler_uptime_ns=716500536736235 draw_requested=true draw_completed=false present_signal=unavailable attribution=input
10-08 17:01:34.138 10259 10275 I SpinonBootstrap: SPINON_R05_DRAW renderer=opengl_es draw_seq=8 revision=6 generation=1
10-08 17:01:34.138 10259 10259 I SpinonBootstrap: SPINON_R08_TOUCH count=6
10-08 17:01:34.149 10259 10292 I SpinonBootstrap: SPINON_R05_PRESENT_FENCE renderer=opengl_es request_id=6 input_seq=6 revision=6 event_time_ns=716500535000000 generation=1 current_generation=1 current_surface=true target_vsync_id=-1 outcome=callback_received fence_valid=true fence_state=signaled signal_time_ns=716500546942277 latch_time_ns=716500545266069 fence_signal_usable=true callback_inline_overflow=false inline_callback_total=0 callback_os_tid=10292 callback_thread_id=91 queue_depth=0 input_uptime_anchor_ns=716500536597902 input_monotonic_before_ns=716500536597069 input_monotonic_after_ns=716500536598152 callback_uptime_anchor_ns=716500548335985 callback_monotonic_before_ns=716500548335069 callback_monotonic_after_ns=716500548336069 signal_observed_monotonic_ns=716500548347444 input_offset_min_ns=-250 input_offset_max_ns=833 callback_offset_min_ns=-84 callback_offset_max_ns=916 clock_offset_intervals_overlap=true processing_error=none fence_close_error=none
10-08 17:01:34.618 10259 10259 I SpinonBootstrap: SPINON_R05_INPUT renderer=opengl_es input_seq=7 phase=ACTION_UP timestamp_precision=nanosecond_representation input_source=unknown event_time_ns=716501016000000 input_uptime_anchor_ns=716501017336777 input_monotonic_before_ns=716501017336402 input_monotonic_after_ns=716501017337027 generation=1
10-08 17:01:34.618 10259 10259 I SpinonBootstrap: SPINON_R05_PRESENT_FENCE_LISTENER renderer=opengl_es request_id=7 input_seq=7 revision=7 generation=1 target_vsync_id=-1 state=registered timeout_ms=2000
10-08 17:01:34.618 10259 10259 I SpinonBootstrap: SPINON_R05_PRESENT_FENCE_APPLY renderer=opengl_es request_id=7 input_seq=7 revision=7 generation=1 target_vsync_id=unavailable transaction=queued_for_next_surface_frame listener_attached=true
10-08 17:01:34.618 10259 10259 I SpinonBootstrap: SPINON_R05_SUBMIT renderer=opengl_es input_seq=7 revision=7 generation=1 event_time_ns=716501016000000 handler_uptime_ns=716501017487402 draw_requested=true draw_completed=false present_signal=unavailable attribution=input
10-08 17:01:34.618 10259 10275 I SpinonBootstrap: SPINON_R05_DRAW renderer=opengl_es draw_seq=9 revision=7 generation=1
10-08 17:01:34.618 10259 10259 I SpinonBootstrap: SPINON_R08_TOUCH count=7
10-08 17:01:34.632 10259 10292 I SpinonBootstrap: SPINON_R05_PRESENT_FENCE renderer=opengl_es request_id=7 input_seq=7 revision=7 event_time_ns=716501016000000 generation=1 current_generation=1 current_surface=true target_vsync_id=-1 outcome=callback_received fence_valid=true fence_state=signaled signal_time_ns=716501030597610 latch_time_ns=716501029035110 fence_signal_usable=true callback_inline_overflow=false inline_callback_total=0 callback_os_tid=10292 callback_thread_id=91 queue_depth=0 input_uptime_anchor_ns=716501017336777 input_monotonic_before_ns=716501017336402 input_monotonic_after_ns=716501017337027 callback_uptime_anchor_ns=716501031142902 callback_monotonic_before_ns=716501031141944 callback_monotonic_after_ns=716501031142985 signal_observed_monotonic_ns=716501031157485 input_offset_min_ns=-250 input_offset_max_ns=375 callback_offset_min_ns=-83 callback_offset_max_ns=958 clock_offset_intervals_overlap=true processing_error=none fence_close_error=none
10-08 17:01:35.097 10259 10259 I SpinonBootstrap: SPINON_R05_INPUT renderer=opengl_es input_seq=8 phase=ACTION_UP timestamp_precision=nanosecond_representation input_source=unknown event_time_ns=716501495000000 input_uptime_anchor_ns=716501496738861 input_monotonic_before_ns=716501496738486 input_monotonic_after_ns=716501496739027 generation=1
10-08 17:01:35.098 10259 10259 I SpinonBootstrap: SPINON_R05_PRESENT_FENCE_LISTENER renderer=opengl_es request_id=8 input_seq=8 revision=8 generation=1 target_vsync_id=-1 state=registered timeout_ms=2000
10-08 17:01:35.098 10259 10259 I SpinonBootstrap: SPINON_R05_PRESENT_FENCE_APPLY renderer=opengl_es request_id=8 input_seq=8 revision=8 generation=1 target_vsync_id=unavailable transaction=queued_for_next_surface_frame listener_attached=true
10-08 17:01:35.098 10259 10259 I SpinonBootstrap: SPINON_R05_SUBMIT renderer=opengl_es input_seq=8 revision=8 generation=1 event_time_ns=716501495000000 handler_uptime_ns=716501496916236 draw_requested=true draw_completed=false present_signal=unavailable attribution=input
10-08 17:01:35.098 10259 10259 I SpinonBootstrap: SPINON_R08_TOUCH count=8
10-08 17:01:35.098 10259 10275 I SpinonBootstrap: SPINON_R05_DRAW renderer=opengl_es draw_seq=10 revision=8 generation=1
10-08 17:01:35.116 10259 10292 I SpinonBootstrap: SPINON_R05_PRESENT_FENCE renderer=opengl_es request_id=8 input_seq=8 revision=8 event_time_ns=716501495000000 generation=1 current_generation=1 current_surface=true target_vsync_id=-1 outcome=callback_received fence_valid=true fence_state=signaled signal_time_ns=716501514422944 latch_time_ns=716501512361319 fence_signal_usable=true callback_inline_overflow=false inline_callback_total=0 callback_os_tid=10292 callback_thread_id=91 queue_depth=0 input_uptime_anchor_ns=716501496738861 input_monotonic_before_ns=716501496738486 input_monotonic_after_ns=716501496739027 callback_uptime_anchor_ns=716501515331361 callback_monotonic_before_ns=716501515331027 callback_monotonic_after_ns=716501515331402 signal_observed_monotonic_ns=716501515340986 input_offset_min_ns=-166 input_offset_max_ns=375 callback_offset_min_ns=-41 callback_offset_max_ns=334 clock_offset_intervals_overlap=true processing_error=none fence_close_error=none
10-08 17:01:35.576 10259 10259 I SpinonBootstrap: SPINON_R05_INPUT renderer=opengl_es input_seq=9 phase=ACTION_UP timestamp_precision=nanosecond_representation input_source=unknown event_time_ns=716501974000000 input_uptime_anchor_ns=716501975227569 input_monotonic_before_ns=716501975226778 input_monotonic_after_ns=716501975227736 generation=1
10-08 17:01:35.576 10259 10259 I SpinonBootstrap: SPINON_R05_PRESENT_FENCE_LISTENER renderer=opengl_es request_id=9 input_seq=9 revision=9 generation=1 target_vsync_id=-1 state=registered timeout_ms=2000
10-08 17:01:35.576 10259 10259 I SpinonBootstrap: SPINON_R05_PRESENT_FENCE_APPLY renderer=opengl_es request_id=9 input_seq=9 revision=9 generation=1 target_vsync_id=unavailable transaction=queued_for_next_surface_frame listener_attached=true
10-08 17:01:35.576 10259 10259 I SpinonBootstrap: SPINON_R05_SUBMIT renderer=opengl_es input_seq=9 revision=9 generation=1 event_time_ns=716501974000000 handler_uptime_ns=716501975460694 draw_requested=true draw_completed=false present_signal=unavailable attribution=input
10-08 17:01:35.576 10259 10275 I SpinonBootstrap: SPINON_R05_DRAW renderer=opengl_es draw_seq=11 revision=9 generation=1
10-08 17:01:35.577 10259 10259 I SpinonBootstrap: SPINON_R08_TOUCH count=9
10-08 17:01:35.581 10259 10292 I SpinonBootstrap: SPINON_R05_PRESENT_FENCE renderer=opengl_es request_id=9 input_seq=9 revision=9 event_time_ns=716501974000000 generation=1 current_generation=1 current_surface=true target_vsync_id=-1 outcome=callback_received fence_valid=true fence_state=signaled signal_time_ns=716501979853028 latch_time_ns=716501978128278 fence_signal_usable=true callback_inline_overflow=false inline_callback_total=0 callback_os_tid=10292 callback_thread_id=91 queue_depth=0 input_uptime_anchor_ns=716501975227569 input_monotonic_before_ns=716501975226778 input_monotonic_after_ns=716501975227736 callback_uptime_anchor_ns=716501980567111 callback_monotonic_before_ns=716501980566528 callback_monotonic_after_ns=716501980567236 signal_observed_monotonic_ns=716501980577444 input_offset_min_ns=-167 input_offset_max_ns=791 callback_offset_min_ns=-125 callback_offset_max_ns=583 clock_offset_intervals_overlap=true processing_error=none fence_close_error=none
10-08 17:01:36.060 10259 10259 I SpinonBootstrap: SPINON_R05_INPUT renderer=opengl_es input_seq=10 phase=ACTION_UP timestamp_precision=nanosecond_representation input_source=unknown event_time_ns=716502458000000 input_uptime_anchor_ns=716502459797445 input_monotonic_before_ns=716502459796486 input_monotonic_after_ns=716502459797736 generation=1
10-08 17:01:36.061 10259 10259 I SpinonBootstrap: SPINON_R05_PRESENT_FENCE_LISTENER renderer=opengl_es request_id=10 input_seq=10 revision=10 generation=1 target_vsync_id=-1 state=registered timeout_ms=2000
10-08 17:01:36.061 10259 10259 I SpinonBootstrap: SPINON_R05_PRESENT_FENCE_APPLY renderer=opengl_es request_id=10 input_seq=10 revision=10 generation=1 target_vsync_id=unavailable transaction=queued_for_next_surface_frame listener_attached=true
10-08 17:01:36.061 10259 10259 I SpinonBootstrap: SPINON_R05_SUBMIT renderer=opengl_es input_seq=10 revision=10 generation=1 event_time_ns=716502458000000 handler_uptime_ns=716502459969695 draw_requested=true draw_completed=false present_signal=unavailable attribution=input
10-08 17:01:36.061 10259 10275 I SpinonBootstrap: SPINON_R05_DRAW renderer=opengl_es draw_seq=12 revision=10 generation=1
10-08 17:01:36.061 10259 10259 I SpinonBootstrap: SPINON_R08_TOUCH count=10
10-08 17:01:36.081 10259 10292 I SpinonBootstrap: SPINON_R05_PRESENT_FENCE renderer=opengl_es request_id=10 input_seq=10 revision=10 event_time_ns=716502458000000 generation=1 current_generation=1 current_surface=true target_vsync_id=-1 outcome=callback_received fence_valid=true fence_state=signaled signal_time_ns=716502479304278 latch_time_ns=716502477987153 fence_signal_usable=true callback_inline_overflow=false inline_callback_total=0 callback_os_tid=10292 callback_thread_id=91 queue_depth=0 input_uptime_anchor_ns=716502459797445 input_monotonic_before_ns=716502459796486 input_monotonic_after_ns=716502459797736 callback_uptime_anchor_ns=716502479802611 callback_monotonic_before_ns=716502479801320 callback_monotonic_after_ns=716502479802653 signal_observed_monotonic_ns=716502479817736 input_offset_min_ns=-291 input_offset_max_ns=959 callback_offset_min_ns=-42 callback_offset_max_ns=1291 clock_offset_intervals_overlap=true processing_error=none fence_close_error=none
10-08 17:01:36.544 10259 10259 I SpinonBootstrap: SPINON_R05_INPUT renderer=opengl_es input_seq=11 phase=ACTION_UP timestamp_precision=nanosecond_representation input_source=unknown event_time_ns=716502942000000 input_uptime_anchor_ns=716502943185153 input_monotonic_before_ns=716502943184236 input_monotonic_after_ns=716502943185403 generation=1
10-08 17:01:36.544 10259 10259 I SpinonBootstrap: SPINON_R05_PRESENT_FENCE_LISTENER renderer=opengl_es request_id=11 input_seq=11 revision=11 generation=1 target_vsync_id=-1 state=registered timeout_ms=2000
10-08 17:01:36.544 10259 10259 I SpinonBootstrap: SPINON_R05_PRESENT_FENCE_APPLY renderer=opengl_es request_id=11 input_seq=11 revision=11 generation=1 target_vsync_id=unavailable transaction=queued_for_next_surface_frame listener_attached=true
10-08 17:01:36.544 10259 10259 I SpinonBootstrap: SPINON_R05_SUBMIT renderer=opengl_es input_seq=11 revision=11 generation=1 event_time_ns=716502942000000 handler_uptime_ns=716502943516361 draw_requested=true draw_completed=false present_signal=unavailable attribution=input
10-08 17:01:36.544 10259 10259 I SpinonBootstrap: SPINON_R08_TOUCH count=11
10-08 17:01:36.545 10259 10275 I SpinonBootstrap: SPINON_R05_DRAW renderer=opengl_es draw_seq=13 revision=11 generation=1
10-08 17:01:36.565 10259 10292 I SpinonBootstrap: SPINON_R05_PRESENT_FENCE renderer=opengl_es request_id=11 input_seq=11 revision=11 event_time_ns=716502942000000 generation=1 current_generation=1 current_surface=true target_vsync_id=-1 outcome=callback_received fence_valid=true fence_state=signaled signal_time_ns=716502963052486 latch_time_ns=716502961540945 fence_signal_usable=true callback_inline_overflow=false inline_callback_total=0 callback_os_tid=10292 callback_thread_id=91 queue_depth=0 input_uptime_anchor_ns=716502943185153 input_monotonic_before_ns=716502943184236 input_monotonic_after_ns=716502943185403 callback_uptime_anchor_ns=716502963935111 callback_monotonic_before_ns=716502963933945 callback_monotonic_after_ns=716502963935195 signal_observed_monotonic_ns=716502963945320 input_offset_min_ns=-250 input_offset_max_ns=917 callback_offset_min_ns=-84 callback_offset_max_ns=1166 clock_offset_intervals_overlap=true processing_error=none fence_close_error=none
