--------- beginning of main
10-08 16:55:22.792 12369 12369 I SpinonBootstrap: SPINON_R08_UI=ready text-input=EditText accessibility=button+EditText
10-08 16:55:22.934 12369 12369 I SpinonBootstrap: SPINON_R05_SURFACE renderer=wgpu type=SurfaceView generation=1
10-08 16:55:22.939 12369 12369 I SpinonBootstrap: SPINON_R05_SIGNAL_CAPABILITY renderer=wgpu signal=SurfaceView_JankData available=true reason=registered api=37 api_full=3700002
10-08 16:55:23.016 12369 12369 I SpinonBootstrap: SPINON_R08_WGPU=ready backend=Vulkan device=VirtualGpu name=Goldfish GFXStream (llvmpipe (LLVM 21.1.4, 128 bits)) google_display_timing_supported=false format=Rgba8Unorm color_space=Auto supported_formats=[Rgba8UnormSrgb, Rgba8Unorm, Rgba16Float, Rgb10a2Unorm]
10-08 16:55:23.018 12369 12369 I SpinonBootstrap: SPINON_R08_WGPU_SURFACE=size 1080x1920
10-08 16:55:25.091 12369 12369 I SpinonBootstrap: SPINON_R05_INPUT renderer=wgpu input_seq=1 phase=ACTION_UP timestamp_precision=nanosecond_representation input_source=unknown handler_clock_resolution=nanosecond_api event_time_ns=6279697000000 input_uptime_anchor_ns=6279698785577 input_monotonic_before_ns=6279698785036 input_monotonic_after_ns=6279698785744 handler_uptime_ns=6279698785911 generation=1
10-08 16:55:25.093 12369 12369 I SpinonBootstrap: SPINON_R05_FRAME_TIMELINE_REQUEST renderer=wgpu request_id=1 input_seq=1 revision=1 generation=1 state=posted
10-08 16:55:25.093 12369 12369 I SpinonBootstrap: SPINON_R08_TOUCH count=1
10-08 16:55:25.099 12369 12369 I SpinonBootstrap: SPINON_R05_FRAME_TIMELINE_TARGET renderer=wgpu request_id=1 input_seq=1 revision=1 generation=1 vsync_id=141549 deadline_ns=6279723073968 expected_presentation_ns=6279738740634 render_mode=on_demand
10-08 16:55:25.100 12369 12369 I SpinonBootstrap: SPINON_R05_PRESENT_FENCE_LISTENER renderer=wgpu request_id=1 input_seq=1 revision=1 generation=1 target_vsync_id=141549 state=registered timeout_ms=2000
10-08 16:55:25.100 12369 12369 I SpinonBootstrap: SPINON_R05_FRAME_TIMELINE_APPLY renderer=wgpu request_id=1 input_seq=1 revision=1 generation=1 target_vsync_id=141549 transaction=queued_for_next_surface_frame
10-08 16:55:25.134 12369 12369 I SpinonBootstrap: SPINON_R05_SUBMIT renderer=wgpu input_seq=1 revision=1 generation=1 event_time_ns=6279697000000 handler_uptime_ns=6279708374869 queue_present_return_uptime_ns=6279741583244 draw_accepted=true present_signal=unavailable attribution=input
10-08 16:55:25.134 12369 12369 I SpinonBootstrap: SPINON_R05_PRESENT_FLUSH renderer=wgpu queued=true generation=1
10-08 16:55:25.134 12369 12369 I SpinonBootstrap: SPINON_R05_PRESENT_DRAIN renderer=wgpu generation=1 queued=true delay_ms=250
10-08 16:55:25.134 12369 12406 I SpinonBootstrap: SPINON_R05_PRESENT_FLUSH requested=true renderer=wgpu generation=1
10-08 16:55:25.134 12369 12406 I SpinonBootstrap: SPINON_R05_PRESENT_BATCH renderer=wgpu generation=1 batch_seq=1 record_count=2 callback_os_tid=12406 callback_thread_id=55 registering_thread_os_tid=12369 queue_depth=0 rejected_callback_batches=0 rejected_flush_tasks=0 callback_uptime_ns=6279742448911 attribution=unmatched
10-08 16:55:25.135 12369 12406 I SpinonBootstrap: SPINON_R05_PRESENT renderer=wgpu signal=SurfaceView_JankData generation=1 current_generation=1 current_surface=true batch_seq=1 record_index=0 callback_os_tid=12406 callback_thread_id=55 registering_thread_os_tid=12369 queue_depth=0 vsync_id=-1 present_time_ns=-1 present_state=unknown jank_type=0 actual_app_frame_ns=0 scheduled_app_frame_ns=0 callback_uptime_ns=6279742448911 frame_id=unavailable join_status=unmatched input_seq=-1 revision=-1 request_id=-1 target_vsync_id=-1
10-08 16:55:25.135 12369 12406 I SpinonBootstrap: SPINON_R05_PRESENT renderer=wgpu signal=SurfaceView_JankData generation=1 current_generation=1 current_surface=true batch_seq=1 record_index=1 callback_os_tid=12406 callback_thread_id=55 registering_thread_os_tid=12369 queue_depth=0 vsync_id=140694 present_time_ns=-1 present_state=unknown jank_type=3 actual_app_frame_ns=174651019 scheduled_app_frame_ns=16666666 callback_uptime_ns=6279742448911 frame_id=unavailable join_status=unmatched input_seq=-1 revision=-1 request_id=-1 target_vsync_id=-1
10-08 16:55:25.161 12369 12407 I SpinonBootstrap: SPINON_R05_PRESENT_FENCE renderer=wgpu request_id=1 input_seq=1 revision=1 event_time_ns=6279697000000 generation=1 current_generation=1 current_surface=true target_vsync_id=141549 outcome=callback_received fence_valid=true fence_state=signaled signal_time_ns=6279767707286 latch_time_ns=6279757334327 sample_eligible=true callback_inline_overflow=false inline_callback_total=0 callback_os_tid=12407 callback_thread_id=56 queue_depth=0 input_uptime_anchor_ns=6279698785577 input_monotonic_before_ns=6279698785036 input_monotonic_after_ns=6279698785744 callback_uptime_anchor_ns=6279768619869 callback_monotonic_before_ns=6279768618827 callback_monotonic_after_ns=6279768619952 input_offset_min_ns=-167 input_offset_max_ns=541 callback_offset_min_ns=-83 callback_offset_max_ns=1042 clock_offset_intervals_overlap=true processing_error=none fence_close_error=none
10-08 16:55:25.386 12369 12369 I SpinonBootstrap: SPINON_R05_PRESENT_FLUSH renderer=wgpu queued=true generation=1
10-08 16:55:25.386 12369 12406 I SpinonBootstrap: SPINON_R05_PRESENT_FLUSH requested=true renderer=wgpu generation=1
10-08 16:55:25.386 12369 12406 I SpinonBootstrap: SPINON_R05_PRESENT_BATCH renderer=wgpu generation=1 batch_seq=2 record_count=1 callback_os_tid=12406 callback_thread_id=55 registering_thread_os_tid=12369 queue_depth=0 rejected_callback_batches=0 rejected_flush_tasks=0 callback_uptime_ns=6279994199327 attribution=unmatched
10-08 16:55:25.386 12369 12406 I SpinonBootstrap: SPINON_R05_PRESENT renderer=wgpu signal=SurfaceView_JankData generation=1 current_generation=1 current_surface=true batch_seq=2 record_index=0 callback_os_tid=12406 callback_thread_id=55 registering_thread_os_tid=12369 queue_depth=0 vsync_id=141549 present_time_ns=-1 present_state=unknown jank_type=0 actual_app_frame_ns=50953609 scheduled_app_frame_ns=16666666 callback_uptime_ns=6279994199327 frame_id=unavailable join_status=exact_match input_seq=1 revision=1 request_id=1 target_vsync_id=141549
