--------- beginning of main
10-08 16:55:40.497 12572 12572 I SpinonBootstrap: SPINON_R08_UI=ready text-input=EditText accessibility=button+EditText
10-08 16:55:40.597 12572 12572 I SpinonBootstrap: SPINON_R05_SURFACE renderer=opengl_es type=GLSurfaceView generation=1
10-08 16:55:40.604 12572 12572 I SpinonBootstrap: SPINON_R05_SIGNAL_CAPABILITY renderer=opengl_es signal=SurfaceView_JankData available=true reason=registered api=37 api_full=3700002
10-08 16:55:40.610 12572 12572 I SpinonBootstrap: SPINON_R05_SURFACE_SIZE renderer=opengl_es generation=1 size=1080x1920
10-08 16:55:40.644 12572 12590 I SpinonBootstrap: SPINON_R08_SURFACE=created api=OpenGL_ES_2 renderer=Android Emulator OpenGL ES Translator (ANGLE (Google, Vulkan 1.3.0 (SwiftShader Device (LLVM 10.0.0) (0x0000C0DE)), SwiftShader driver-5.0.0)) version=OpenGL ES 3.1 (OpenGL ES 3.1.0 (ANGLE 2.1.1 git hash: fbf66f49c7cc))
10-08 16:55:40.646 12572 12590 I SpinonBootstrap: SPINON_R08_SHADER=ready
10-08 16:55:40.646 12572 12590 I SpinonBootstrap: SPINON_R08_SURFACE=size 1080x1920
10-08 16:55:40.646 12572 12590 I SpinonBootstrap: SPINON_R05_DRAW renderer=opengl_es draw_seq=1 revision=0 generation=1
10-08 16:55:40.646 12572 12590 I SpinonBootstrap: SPINON_R08_FRAME=first_draw_submitted
10-08 16:55:40.680 12572 12590 I SpinonBootstrap: SPINON_R05_DRAW renderer=opengl_es draw_seq=2 revision=0 generation=1
10-08 16:55:42.744 12572 12572 I SpinonBootstrap: SPINON_R05_INPUT renderer=opengl_es input_seq=1 phase=ACTION_UP timestamp_precision=nanosecond_representation input_source=unknown event_time_ns=6297350000000 input_uptime_anchor_ns=6297351668252 input_monotonic_before_ns=6297351667502 input_monotonic_after_ns=6297351668377 generation=1
10-08 16:55:42.746 12572 12572 I SpinonBootstrap: SPINON_R05_FRAME_TIMELINE_REQUEST renderer=opengl_es request_id=1 input_seq=1 revision=1 generation=1 state=posted
10-08 16:55:42.746 12572 12572 I SpinonBootstrap: SPINON_R08_TOUCH count=1
10-08 16:55:42.749 12572 12572 I SpinonBootstrap: SPINON_R05_FRAME_TIMELINE_TARGET renderer=opengl_es request_id=1 input_seq=1 revision=1 generation=1 vsync_id=143230 deadline_ns=6297373073262 expected_presentation_ns=6297388739928 render_mode=on_demand
10-08 16:55:42.750 12572 12572 I SpinonBootstrap: SPINON_R05_PRESENT_FENCE_LISTENER renderer=opengl_es request_id=1 input_seq=1 revision=1 generation=1 target_vsync_id=143230 state=registered timeout_ms=2000
10-08 16:55:42.750 12572 12572 I SpinonBootstrap: SPINON_R05_FRAME_TIMELINE_APPLY renderer=opengl_es request_id=1 input_seq=1 revision=1 generation=1 target_vsync_id=143230 transaction=queued_for_next_surface_frame
10-08 16:55:42.750 12572 12572 I SpinonBootstrap: SPINON_R05_SUBMIT renderer=opengl_es input_seq=1 revision=1 generation=1 event_time_ns=6297350000000 handler_uptime_ns=6297357577419 draw_requested=true draw_completed=false present_signal=unavailable attribution=input
10-08 16:55:42.750 12572 12572 I SpinonBootstrap: SPINON_R05_PRESENT_FLUSH renderer=opengl_es queued=true generation=1
10-08 16:55:42.750 12572 12572 I SpinonBootstrap: SPINON_R05_PRESENT_DRAIN renderer=opengl_es generation=1 queued=true delay_ms=250
10-08 16:55:42.750 12572 12590 I SpinonBootstrap: SPINON_R05_DRAW renderer=opengl_es draw_seq=3 revision=1 generation=1
10-08 16:55:42.750 12572 12638 I SpinonBootstrap: SPINON_R05_PRESENT_FLUSH requested=true renderer=opengl_es generation=1
10-08 16:55:42.751 12572 12638 I SpinonBootstrap: SPINON_R05_PRESENT_BATCH renderer=opengl_es generation=1 batch_seq=1 record_count=3 callback_os_tid=12638 callback_thread_id=55 registering_thread_os_tid=12572 queue_depth=0 rejected_callback_batches=0 rejected_flush_tasks=0 callback_uptime_ns=6297358737252 attribution=unmatched
10-08 16:55:42.751 12572 12638 I SpinonBootstrap: SPINON_R05_PRESENT renderer=opengl_es signal=SurfaceView_JankData generation=1 current_generation=1 current_surface=true batch_seq=1 record_index=0 callback_os_tid=12638 callback_thread_id=55 registering_thread_os_tid=12572 queue_depth=0 vsync_id=-1 present_time_ns=-1 present_state=unknown jank_type=0 actual_app_frame_ns=0 scheduled_app_frame_ns=0 callback_uptime_ns=6297358737252 frame_id=unavailable join_status=unmatched input_seq=-1 revision=-1 request_id=-1 target_vsync_id=-1
10-08 16:55:42.751 12572 12638 I SpinonBootstrap: SPINON_R05_PRESENT renderer=opengl_es signal=SurfaceView_JankData generation=1 current_generation=1 current_surface=true batch_seq=1 record_index=1 callback_os_tid=12638 callback_thread_id=55 registering_thread_os_tid=12572 queue_depth=0 vsync_id=-1 present_time_ns=-1 present_state=unknown jank_type=0 actual_app_frame_ns=0 scheduled_app_frame_ns=0 callback_uptime_ns=6297358737252 frame_id=unavailable join_status=unmatched input_seq=-1 revision=-1 request_id=-1 target_vsync_id=-1
10-08 16:55:42.751 12572 12638 I SpinonBootstrap: SPINON_R05_PRESENT renderer=opengl_es signal=SurfaceView_JankData generation=1 current_generation=1 current_surface=true batch_seq=1 record_index=2 callback_os_tid=12638 callback_thread_id=55 registering_thread_os_tid=12572 queue_depth=0 vsync_id=142285 present_time_ns=-1 present_state=unknown jank_type=2 actual_app_frame_ns=132626776 scheduled_app_frame_ns=16666666 callback_uptime_ns=6297358737252 frame_id=unavailable join_status=unmatched input_seq=-1 revision=-1 request_id=-1 target_vsync_id=-1
10-08 16:55:42.796 12572 12640 I SpinonBootstrap: SPINON_R05_PRESENT_FENCE renderer=opengl_es request_id=1 input_seq=1 revision=1 event_time_ns=6297350000000 generation=1 current_generation=1 current_surface=true target_vsync_id=143230 outcome=callback_received fence_valid=true fence_state=signaled signal_time_ns=6297397464502 latch_time_ns=6297387980711 sample_eligible=true callback_inline_overflow=false inline_callback_total=0 callback_os_tid=12640 callback_thread_id=56 queue_depth=0 input_uptime_anchor_ns=6297351668252 input_monotonic_before_ns=6297351667502 input_monotonic_after_ns=6297351668377 callback_uptime_anchor_ns=6297403729961 callback_monotonic_before_ns=6297403729294 callback_monotonic_after_ns=6297403730044 input_offset_min_ns=-125 input_offset_max_ns=750 callback_offset_min_ns=-83 callback_offset_max_ns=667 clock_offset_intervals_overlap=true processing_error=none fence_close_error=none
10-08 16:55:43.001 12572 12572 I SpinonBootstrap: SPINON_R05_PRESENT_FLUSH renderer=opengl_es queued=true generation=1
10-08 16:55:43.001 12572 12638 I SpinonBootstrap: SPINON_R05_PRESENT_FLUSH requested=true renderer=opengl_es generation=1
10-08 16:55:43.002 12572 12638 I SpinonBootstrap: SPINON_R05_PRESENT_BATCH renderer=opengl_es generation=1 batch_seq=2 record_count=1 callback_os_tid=12638 callback_thread_id=55 registering_thread_os_tid=12572 queue_depth=0 rejected_callback_batches=0 rejected_flush_tasks=0 callback_uptime_ns=6297609539377 attribution=unmatched
10-08 16:55:43.002 12572 12638 I SpinonBootstrap: SPINON_R05_PRESENT renderer=opengl_es signal=SurfaceView_JankData generation=1 current_generation=1 current_surface=true batch_seq=2 record_index=0 callback_os_tid=12638 callback_thread_id=55 registering_thread_os_tid=12572 queue_depth=0 vsync_id=143230 present_time_ns=-1 present_state=unknown jank_type=0 actual_app_frame_ns=31662323 scheduled_app_frame_ns=16666666 callback_uptime_ns=6297609539377 frame_id=unavailable join_status=exact_match input_seq=1 revision=1 request_id=1 target_vsync_id=143230
