--------- beginning of main
10-08 17:01:19.330 10135 10135 I SpinonBootstrap: SPINON_R08_UI=ready text-input=EditText accessibility=button+EditText
10-08 17:01:19.364 10135 10135 I SpinonBootstrap: SPINON_R05_SURFACE renderer=opengl_es type=GLSurfaceView generation=1
10-08 17:01:19.364 10135 10135 I SpinonBootstrap: SPINON_R05_SIGNAL_CAPABILITY renderer=opengl_es signal=SurfaceView_JankData available=false reason=api_below_37 api=36 api_full=3600000
10-08 17:01:19.364 10135 10135 I SpinonBootstrap: SPINON_R05_SURFACE_SIZE renderer=opengl_es generation=1 size=1080x2400
10-08 17:01:19.369 10135 10154 I SpinonBootstrap: SPINON_R08_SURFACE=created api=OpenGL_ES_2 renderer=Android Emulator OpenGL ES Translator (Apple M4 Max) version=OpenGL ES 3.0 (4.1 Metal - 90.5)
10-08 17:01:19.371 10135 10154 I SpinonBootstrap: SPINON_R08_SHADER=ready
10-08 17:01:19.371 10135 10154 I SpinonBootstrap: SPINON_R08_SURFACE=size 1080x2400
10-08 17:01:19.371 10135 10154 I SpinonBootstrap: SPINON_R05_DRAW renderer=opengl_es draw_seq=1 revision=0 generation=1
10-08 17:01:19.371 10135 10154 I SpinonBootstrap: SPINON_R08_FRAME=first_draw_submitted
10-08 17:01:19.375 10135 10154 I SpinonBootstrap: SPINON_R05_DRAW renderer=opengl_es draw_seq=2 revision=0 generation=1
10-08 17:01:21.425 10135 10135 I SpinonBootstrap: SPINON_R05_INPUT renderer=opengl_es input_seq=1 phase=ACTION_UP timestamp_precision=nanosecond_representation input_source=unknown event_time_ns=716487822000000 input_uptime_anchor_ns=716487824497979 input_monotonic_before_ns=716487824497063 input_monotonic_after_ns=716487824498146 generation=1
10-08 17:01:21.455 10135 10135 I SpinonBootstrap: SPINON_R05_PRESENT_FENCE_LISTENER renderer=opengl_es request_id=1 input_seq=1 revision=1 generation=1 target_vsync_id=-1 state=registered timeout_ms=2000
10-08 17:01:21.455 10135 10135 I SpinonBootstrap: SPINON_R05_PRESENT_FENCE_APPLY renderer=opengl_es request_id=1 input_seq=1 revision=1 generation=1 target_vsync_id=unavailable transaction=queued_for_next_surface_frame listener_attached=true
10-08 17:01:21.455 10135 10135 I SpinonBootstrap: SPINON_R05_SUBMIT renderer=opengl_es input_seq=1 revision=1 generation=1 event_time_ns=716487822000000 handler_uptime_ns=716487854240729 draw_requested=true draw_completed=false present_signal=unavailable attribution=input
10-08 17:01:21.455 10135 10154 I SpinonBootstrap: SPINON_R05_DRAW renderer=opengl_es draw_seq=3 revision=1 generation=1
10-08 17:01:21.455 10135 10135 I SpinonBootstrap: SPINON_R08_TOUCH count=1
10-08 17:01:21.468 10135 10169 I SpinonBootstrap: SPINON_R05_PRESENT_FENCE renderer=opengl_es request_id=1 input_seq=1 revision=1 event_time_ns=716487822000000 generation=1 current_generation=1 current_surface=true target_vsync_id=-1 outcome=callback_received fence_valid=true fence_state=signaled signal_time_ns=716487865799646 latch_time_ns=716487861206063 fence_signal_usable=true callback_inline_overflow=false inline_callback_total=0 callback_os_tid=10169 callback_thread_id=89 queue_depth=0 input_uptime_anchor_ns=716487824497979 input_monotonic_before_ns=716487824497063 input_monotonic_after_ns=716487824498146 callback_uptime_anchor_ns=716487867108021 callback_monotonic_before_ns=716487867106979 callback_monotonic_after_ns=716487867108104 signal_observed_monotonic_ns=716487867125604 input_offset_min_ns=-167 input_offset_max_ns=916 callback_offset_min_ns=-83 callback_offset_max_ns=1042 clock_offset_intervals_overlap=true processing_error=none fence_close_error=none
10-08 17:01:21.939 10135 10135 I SpinonBootstrap: SPINON_R05_INPUT renderer=opengl_es input_seq=2 phase=ACTION_UP timestamp_precision=nanosecond_representation input_source=unknown event_time_ns=716488337000000 input_uptime_anchor_ns=716488338391646 input_monotonic_before_ns=716488338391146 input_monotonic_after_ns=716488338391813 generation=1
10-08 17:01:21.939 10135 10135 I SpinonBootstrap: SPINON_R05_PRESENT_FENCE_LISTENER renderer=opengl_es request_id=2 input_seq=2 revision=2 generation=1 target_vsync_id=-1 state=registered timeout_ms=2000
10-08 17:01:21.939 10135 10135 I SpinonBootstrap: SPINON_R05_PRESENT_FENCE_APPLY renderer=opengl_es request_id=2 input_seq=2 revision=2 generation=1 target_vsync_id=unavailable transaction=queued_for_next_surface_frame listener_attached=true
10-08 17:01:21.939 10135 10135 I SpinonBootstrap: SPINON_R05_SUBMIT renderer=opengl_es input_seq=2 revision=2 generation=1 event_time_ns=716488337000000 handler_uptime_ns=716488338550313 draw_requested=true draw_completed=false present_signal=unavailable attribution=input
10-08 17:01:21.940 10135 10135 I SpinonBootstrap: SPINON_R08_TOUCH count=2
10-08 17:01:21.940 10135 10154 I SpinonBootstrap: SPINON_R05_DRAW renderer=opengl_es draw_seq=4 revision=2 generation=1
10-08 17:01:21.949 10135 10169 I SpinonBootstrap: SPINON_R05_PRESENT_FENCE renderer=opengl_es request_id=2 input_seq=2 revision=2 event_time_ns=716488337000000 generation=1 current_generation=1 current_surface=true target_vsync_id=-1 outcome=callback_received fence_valid=true fence_state=signaled signal_time_ns=716488347413813 latch_time_ns=716488345119479 fence_signal_usable=true callback_inline_overflow=false inline_callback_total=0 callback_os_tid=10169 callback_thread_id=89 queue_depth=0 input_uptime_anchor_ns=716488338391646 input_monotonic_before_ns=716488338391146 input_monotonic_after_ns=716488338391813 callback_uptime_anchor_ns=716488347989938 callback_monotonic_before_ns=716488347989021 callback_monotonic_after_ns=716488347990021 signal_observed_monotonic_ns=716488347999313 input_offset_min_ns=-167 input_offset_max_ns=500 callback_offset_min_ns=-83 callback_offset_max_ns=917 clock_offset_intervals_overlap=true processing_error=none fence_close_error=none
10-08 17:01:22.422 10135 10135 I SpinonBootstrap: SPINON_R05_INPUT renderer=opengl_es input_seq=3 phase=ACTION_UP timestamp_precision=nanosecond_representation input_source=unknown event_time_ns=716488820000000 input_uptime_anchor_ns=716488821335646 input_monotonic_before_ns=716488821335230 input_monotonic_after_ns=716488821335813 generation=1
10-08 17:01:22.422 10135 10135 I SpinonBootstrap: SPINON_R05_PRESENT_FENCE_LISTENER renderer=opengl_es request_id=3 input_seq=3 revision=3 generation=1 target_vsync_id=-1 state=registered timeout_ms=2000
10-08 17:01:22.422 10135 10135 I SpinonBootstrap: SPINON_R05_PRESENT_FENCE_APPLY renderer=opengl_es request_id=3 input_seq=3 revision=3 generation=1 target_vsync_id=unavailable transaction=queued_for_next_surface_frame listener_attached=true
10-08 17:01:22.422 10135 10135 I SpinonBootstrap: SPINON_R05_SUBMIT renderer=opengl_es input_seq=3 revision=3 generation=1 event_time_ns=716488820000000 handler_uptime_ns=716488821494771 draw_requested=true draw_completed=false present_signal=unavailable attribution=input
10-08 17:01:22.422 10135 10154 I SpinonBootstrap: SPINON_R05_DRAW renderer=opengl_es draw_seq=5 revision=3 generation=1
10-08 17:01:22.423 10135 10135 I SpinonBootstrap: SPINON_R08_TOUCH count=3
10-08 17:01:22.432 10135 10169 I SpinonBootstrap: SPINON_R05_PRESENT_FENCE renderer=opengl_es request_id=3 input_seq=3 revision=3 event_time_ns=716488820000000 generation=1 current_generation=1 current_surface=true target_vsync_id=-1 outcome=callback_received fence_valid=true fence_state=signaled signal_time_ns=716488830268021 latch_time_ns=716488828350980 fence_signal_usable=true callback_inline_overflow=false inline_callback_total=0 callback_os_tid=10169 callback_thread_id=89 queue_depth=0 input_uptime_anchor_ns=716488821335646 input_monotonic_before_ns=716488821335230 input_monotonic_after_ns=716488821335813 callback_uptime_anchor_ns=716488831416813 callback_monotonic_before_ns=716488831415813 callback_monotonic_after_ns=716488831416896 signal_observed_monotonic_ns=716488831427896 input_offset_min_ns=-167 input_offset_max_ns=416 callback_offset_min_ns=-83 callback_offset_max_ns=1000 clock_offset_intervals_overlap=true processing_error=none fence_close_error=none
10-08 17:01:22.899 10135 10135 I SpinonBootstrap: SPINON_R05_INPUT renderer=opengl_es input_seq=4 phase=ACTION_UP timestamp_precision=nanosecond_representation input_source=unknown event_time_ns=716489297000000 input_uptime_anchor_ns=716489298673688 input_monotonic_before_ns=716489298673313 input_monotonic_after_ns=716489298673897 generation=1
10-08 17:01:22.899 10135 10135 I SpinonBootstrap: SPINON_R05_PRESENT_FENCE_LISTENER renderer=opengl_es request_id=4 input_seq=4 revision=4 generation=1 target_vsync_id=-1 state=registered timeout_ms=2000
10-08 17:01:22.899 10135 10135 I SpinonBootstrap: SPINON_R05_PRESENT_FENCE_APPLY renderer=opengl_es request_id=4 input_seq=4 revision=4 generation=1 target_vsync_id=unavailable transaction=queued_for_next_surface_frame listener_attached=true
10-08 17:01:22.899 10135 10135 I SpinonBootstrap: SPINON_R05_SUBMIT renderer=opengl_es input_seq=4 revision=4 generation=1 event_time_ns=716489297000000 handler_uptime_ns=716489298813480 draw_requested=true draw_completed=false present_signal=unavailable attribution=input
10-08 17:01:22.900 10135 10154 I SpinonBootstrap: SPINON_R05_DRAW renderer=opengl_es draw_seq=6 revision=4 generation=1
10-08 17:01:22.900 10135 10135 I SpinonBootstrap: SPINON_R08_TOUCH count=4
10-08 17:01:22.915 10135 10169 I SpinonBootstrap: SPINON_R05_PRESENT_FENCE renderer=opengl_es request_id=4 input_seq=4 revision=4 event_time_ns=716489297000000 generation=1 current_generation=1 current_surface=true target_vsync_id=-1 outcome=callback_received fence_valid=true fence_state=signaled signal_time_ns=716489313154897 latch_time_ns=716489311348188 fence_signal_usable=true callback_inline_overflow=false inline_callback_total=0 callback_os_tid=10169 callback_thread_id=89 queue_depth=0 input_uptime_anchor_ns=716489298673688 input_monotonic_before_ns=716489298673313 input_monotonic_after_ns=716489298673897 callback_uptime_anchor_ns=716489314116147 callback_monotonic_before_ns=716489314115313 callback_monotonic_after_ns=716489314116230 signal_observed_monotonic_ns=716489314125563 input_offset_min_ns=-209 input_offset_max_ns=375 callback_offset_min_ns=-83 callback_offset_max_ns=834 clock_offset_intervals_overlap=true processing_error=none fence_close_error=none
10-08 17:01:23.374 10135 10135 I SpinonBootstrap: SPINON_R05_INPUT renderer=opengl_es input_seq=5 phase=ACTION_UP timestamp_precision=nanosecond_representation input_source=unknown event_time_ns=716489772000000 input_uptime_anchor_ns=716489773382480 input_monotonic_before_ns=716489773382230 input_monotonic_after_ns=716489773382772 generation=1
10-08 17:01:23.374 10135 10135 I SpinonBootstrap: SPINON_R05_PRESENT_FENCE_LISTENER renderer=opengl_es request_id=5 input_seq=5 revision=5 generation=1 target_vsync_id=-1 state=registered timeout_ms=2000
10-08 17:01:23.374 10135 10135 I SpinonBootstrap: SPINON_R05_PRESENT_FENCE_APPLY renderer=opengl_es request_id=5 input_seq=5 revision=5 generation=1 target_vsync_id=unavailable transaction=queued_for_next_surface_frame listener_attached=true
10-08 17:01:23.374 10135 10135 I SpinonBootstrap: SPINON_R05_SUBMIT renderer=opengl_es input_seq=5 revision=5 generation=1 event_time_ns=716489772000000 handler_uptime_ns=716489773573855 draw_requested=true draw_completed=false present_signal=unavailable attribution=input
10-08 17:01:23.374 10135 10154 I SpinonBootstrap: SPINON_R05_DRAW renderer=opengl_es draw_seq=7 revision=5 generation=1
10-08 17:01:23.375 10135 10135 I SpinonBootstrap: SPINON_R08_TOUCH count=5
10-08 17:01:23.382 10135 10169 I SpinonBootstrap: SPINON_R05_PRESENT_FENCE renderer=opengl_es request_id=5 input_seq=5 revision=5 event_time_ns=716489772000000 generation=1 current_generation=1 current_surface=true target_vsync_id=-1 outcome=callback_received fence_valid=true fence_state=signaled signal_time_ns=716489780545605 latch_time_ns=716489778337647 fence_signal_usable=true callback_inline_overflow=false inline_callback_total=0 callback_os_tid=10169 callback_thread_id=89 queue_depth=0 input_uptime_anchor_ns=716489773382480 input_monotonic_before_ns=716489773382230 input_monotonic_after_ns=716489773382772 callback_uptime_anchor_ns=716489781601855 callback_monotonic_before_ns=716489781600938 callback_monotonic_after_ns=716489781601897 signal_observed_monotonic_ns=716489781613813 input_offset_min_ns=-292 input_offset_max_ns=250 callback_offset_min_ns=-42 callback_offset_max_ns=917 clock_offset_intervals_overlap=true processing_error=none fence_close_error=none
10-08 17:01:23.854 10135 10135 I SpinonBootstrap: SPINON_R05_INPUT renderer=opengl_es input_seq=6 phase=ACTION_UP timestamp_precision=nanosecond_representation input_source=unknown event_time_ns=716490252000000 input_uptime_anchor_ns=716490253264564 input_monotonic_before_ns=716490253263689 input_monotonic_after_ns=716490253264772 generation=1
10-08 17:01:23.854 10135 10135 I SpinonBootstrap: SPINON_R05_PRESENT_FENCE_LISTENER renderer=opengl_es request_id=6 input_seq=6 revision=6 generation=1 target_vsync_id=-1 state=registered timeout_ms=2000
10-08 17:01:23.854 10135 10135 I SpinonBootstrap: SPINON_R05_PRESENT_FENCE_APPLY renderer=opengl_es request_id=6 input_seq=6 revision=6 generation=1 target_vsync_id=unavailable transaction=queued_for_next_surface_frame listener_attached=true
10-08 17:01:23.854 10135 10135 I SpinonBootstrap: SPINON_R05_SUBMIT renderer=opengl_es input_seq=6 revision=6 generation=1 event_time_ns=716490252000000 handler_uptime_ns=716490253604980 draw_requested=true draw_completed=false present_signal=unavailable attribution=input
10-08 17:01:23.854 10135 10135 I SpinonBootstrap: SPINON_R08_TOUCH count=6
10-08 17:01:23.855 10135 10154 I SpinonBootstrap: SPINON_R05_DRAW renderer=opengl_es draw_seq=8 revision=6 generation=1
10-08 17:01:23.864 10135 10169 I SpinonBootstrap: SPINON_R05_PRESENT_FENCE renderer=opengl_es request_id=6 input_seq=6 revision=6 event_time_ns=716490252000000 generation=1 current_generation=1 current_surface=true target_vsync_id=-1 outcome=callback_received fence_valid=true fence_state=signaled signal_time_ns=716490263227064 latch_time_ns=716490261424897 fence_signal_usable=true callback_inline_overflow=false inline_callback_total=0 callback_os_tid=10169 callback_thread_id=89 queue_depth=0 input_uptime_anchor_ns=716490253264564 input_monotonic_before_ns=716490253263689 input_monotonic_after_ns=716490253264772 callback_uptime_anchor_ns=716490263437272 callback_monotonic_before_ns=716490263436647 callback_monotonic_after_ns=716490263437397 signal_observed_monotonic_ns=716490263446980 input_offset_min_ns=-208 input_offset_max_ns=875 callback_offset_min_ns=-125 callback_offset_max_ns=625 clock_offset_intervals_overlap=true processing_error=none fence_close_error=none
10-08 17:01:24.338 10135 10135 I SpinonBootstrap: SPINON_R05_INPUT renderer=opengl_es input_seq=7 phase=ACTION_UP timestamp_precision=nanosecond_representation input_source=unknown event_time_ns=716490736000000 input_uptime_anchor_ns=716490737314231 input_monotonic_before_ns=716490737313272 input_monotonic_after_ns=716490737314564 generation=1
10-08 17:01:24.338 10135 10135 I SpinonBootstrap: SPINON_R05_PRESENT_FENCE_LISTENER renderer=opengl_es request_id=7 input_seq=7 revision=7 generation=1 target_vsync_id=-1 state=registered timeout_ms=2000
10-08 17:01:24.338 10135 10135 I SpinonBootstrap: SPINON_R05_PRESENT_FENCE_APPLY renderer=opengl_es request_id=7 input_seq=7 revision=7 generation=1 target_vsync_id=unavailable transaction=queued_for_next_surface_frame listener_attached=true
10-08 17:01:24.338 10135 10135 I SpinonBootstrap: SPINON_R05_SUBMIT renderer=opengl_es input_seq=7 revision=7 generation=1 event_time_ns=716490736000000 handler_uptime_ns=716490737521439 draw_requested=true draw_completed=false present_signal=unavailable attribution=input
10-08 17:01:24.338 10135 10154 I SpinonBootstrap: SPINON_R05_DRAW renderer=opengl_es draw_seq=9 revision=7 generation=1
10-08 17:01:24.338 10135 10135 I SpinonBootstrap: SPINON_R08_TOUCH count=7
10-08 17:01:24.348 10135 10169 I SpinonBootstrap: SPINON_R05_PRESENT_FENCE renderer=opengl_es request_id=7 input_seq=7 revision=7 event_time_ns=716490736000000 generation=1 current_generation=1 current_surface=true target_vsync_id=-1 outcome=callback_received fence_valid=true fence_state=signaled signal_time_ns=716490746451231 latch_time_ns=716490744690981 fence_signal_usable=true callback_inline_overflow=false inline_callback_total=0 callback_os_tid=10169 callback_thread_id=89 queue_depth=0 input_uptime_anchor_ns=716490737314231 input_monotonic_before_ns=716490737313272 input_monotonic_after_ns=716490737314564 callback_uptime_anchor_ns=716490747136106 callback_monotonic_before_ns=716490747135272 callback_monotonic_after_ns=716490747136189 signal_observed_monotonic_ns=716490747147397 input_offset_min_ns=-333 input_offset_max_ns=959 callback_offset_min_ns=-83 callback_offset_max_ns=834 clock_offset_intervals_overlap=true processing_error=none fence_close_error=none
10-08 17:01:24.822 10135 10135 I SpinonBootstrap: SPINON_R05_INPUT renderer=opengl_es input_seq=8 phase=ACTION_UP timestamp_precision=nanosecond_representation input_source=unknown event_time_ns=716491220000000 input_uptime_anchor_ns=716491221460689 input_monotonic_before_ns=716491221460272 input_monotonic_after_ns=716491221460939 generation=1
10-08 17:01:24.822 10135 10135 I SpinonBootstrap: SPINON_R05_PRESENT_FENCE_LISTENER renderer=opengl_es request_id=8 input_seq=8 revision=8 generation=1 target_vsync_id=-1 state=registered timeout_ms=2000
10-08 17:01:24.822 10135 10135 I SpinonBootstrap: SPINON_R05_PRESENT_FENCE_APPLY renderer=opengl_es request_id=8 input_seq=8 revision=8 generation=1 target_vsync_id=unavailable transaction=queued_for_next_surface_frame listener_attached=true
10-08 17:01:24.822 10135 10135 I SpinonBootstrap: SPINON_R05_SUBMIT renderer=opengl_es input_seq=8 revision=8 generation=1 event_time_ns=716491220000000 handler_uptime_ns=716491221620731 draw_requested=true draw_completed=false present_signal=unavailable attribution=input
10-08 17:01:24.822 10135 10154 I SpinonBootstrap: SPINON_R05_DRAW renderer=opengl_es draw_seq=10 revision=8 generation=1
10-08 17:01:24.823 10135 10135 I SpinonBootstrap: SPINON_R08_TOUCH count=8
10-08 17:01:24.832 10135 10169 I SpinonBootstrap: SPINON_R05_PRESENT_FENCE renderer=opengl_es request_id=8 input_seq=8 revision=8 event_time_ns=716491220000000 generation=1 current_generation=1 current_surface=true target_vsync_id=-1 outcome=callback_received fence_valid=true fence_state=signaled signal_time_ns=716491230581022 latch_time_ns=716491228569356 fence_signal_usable=true callback_inline_overflow=false inline_callback_total=0 callback_os_tid=10169 callback_thread_id=89 queue_depth=0 input_uptime_anchor_ns=716491221460689 input_monotonic_before_ns=716491221460272 input_monotonic_after_ns=716491221460939 callback_uptime_anchor_ns=716491231021564 callback_monotonic_before_ns=716491231020314 callback_monotonic_after_ns=716491231021689 signal_observed_monotonic_ns=716491231032314 input_offset_min_ns=-250 input_offset_max_ns=417 callback_offset_min_ns=-125 callback_offset_max_ns=1250 clock_offset_intervals_overlap=true processing_error=none fence_close_error=none
10-08 17:01:25.300 10135 10135 I SpinonBootstrap: SPINON_R05_INPUT renderer=opengl_es input_seq=9 phase=ACTION_UP timestamp_precision=nanosecond_representation input_source=unknown event_time_ns=716491698000000 input_uptime_anchor_ns=716491699546814 input_monotonic_before_ns=716491699545939 input_monotonic_after_ns=716491699547064 generation=1
10-08 17:01:25.300 10135 10135 I SpinonBootstrap: SPINON_R05_PRESENT_FENCE_LISTENER renderer=opengl_es request_id=9 input_seq=9 revision=9 generation=1 target_vsync_id=-1 state=registered timeout_ms=2000
10-08 17:01:25.300 10135 10135 I SpinonBootstrap: SPINON_R05_PRESENT_FENCE_APPLY renderer=opengl_es request_id=9 input_seq=9 revision=9 generation=1 target_vsync_id=unavailable transaction=queued_for_next_surface_frame listener_attached=true
10-08 17:01:25.300 10135 10135 I SpinonBootstrap: SPINON_R05_SUBMIT renderer=opengl_es input_seq=9 revision=9 generation=1 event_time_ns=716491698000000 handler_uptime_ns=716491699689064 draw_requested=true draw_completed=false present_signal=unavailable attribution=input
10-08 17:01:25.300 10135 10154 I SpinonBootstrap: SPINON_R05_DRAW renderer=opengl_es draw_seq=11 revision=9 generation=1
10-08 17:01:25.301 10135 10135 I SpinonBootstrap: SPINON_R08_TOUCH count=9
10-08 17:01:25.315 10135 10169 I SpinonBootstrap: SPINON_R05_PRESENT_FENCE renderer=opengl_es request_id=9 input_seq=9 revision=9 event_time_ns=716491698000000 generation=1 current_generation=1 current_surface=true target_vsync_id=-1 outcome=callback_received fence_valid=true fence_state=signaled signal_time_ns=716491713550814 latch_time_ns=716491711735939 fence_signal_usable=true callback_inline_overflow=false inline_callback_total=0 callback_os_tid=10169 callback_thread_id=89 queue_depth=0 input_uptime_anchor_ns=716491699546814 input_monotonic_before_ns=716491699545939 input_monotonic_after_ns=716491699547064 callback_uptime_anchor_ns=716491714282856 callback_monotonic_before_ns=716491714282439 callback_monotonic_after_ns=716491714282898 signal_observed_monotonic_ns=716491714290523 input_offset_min_ns=-250 input_offset_max_ns=875 callback_offset_min_ns=-42 callback_offset_max_ns=417 clock_offset_intervals_overlap=true processing_error=none fence_close_error=none
10-08 17:01:25.777 10135 10135 I SpinonBootstrap: SPINON_R05_INPUT renderer=opengl_es input_seq=10 phase=ACTION_UP timestamp_precision=nanosecond_representation input_source=unknown event_time_ns=716492175000000 input_uptime_anchor_ns=716492175873856 input_monotonic_before_ns=716492175872898 input_monotonic_after_ns=716492175874065 generation=1
10-08 17:01:25.777 10135 10135 I SpinonBootstrap: SPINON_R05_PRESENT_FENCE_LISTENER renderer=opengl_es request_id=10 input_seq=10 revision=10 generation=1 target_vsync_id=-1 state=registered timeout_ms=2000
10-08 17:01:25.777 10135 10135 I SpinonBootstrap: SPINON_R05_PRESENT_FENCE_APPLY renderer=opengl_es request_id=10 input_seq=10 revision=10 generation=1 target_vsync_id=unavailable transaction=queued_for_next_surface_frame listener_attached=true
10-08 17:01:25.777 10135 10135 I SpinonBootstrap: SPINON_R05_SUBMIT renderer=opengl_es input_seq=10 revision=10 generation=1 event_time_ns=716492175000000 handler_uptime_ns=716492176238773 draw_requested=true draw_completed=false present_signal=unavailable attribution=input
10-08 17:01:25.777 10135 10135 I SpinonBootstrap: SPINON_R08_TOUCH count=10
10-08 17:01:25.777 10135 10154 I SpinonBootstrap: SPINON_R05_DRAW renderer=opengl_es draw_seq=12 revision=10 generation=1
10-08 17:01:25.781 10135 10169 I SpinonBootstrap: SPINON_R05_PRESENT_FENCE renderer=opengl_es request_id=10 input_seq=10 revision=10 event_time_ns=716492175000000 generation=1 current_generation=1 current_surface=true target_vsync_id=-1 outcome=callback_received fence_valid=true fence_state=signaled signal_time_ns=716492179541690 latch_time_ns=716492177936606 fence_signal_usable=true callback_inline_overflow=false inline_callback_total=0 callback_os_tid=10169 callback_thread_id=89 queue_depth=0 input_uptime_anchor_ns=716492175873856 input_monotonic_before_ns=716492175872898 input_monotonic_after_ns=716492175874065 callback_uptime_anchor_ns=716492180293898 callback_monotonic_before_ns=716492180293190 callback_monotonic_after_ns=716492180294023 signal_observed_monotonic_ns=716492180305065 input_offset_min_ns=-209 input_offset_max_ns=958 callback_offset_min_ns=-125 callback_offset_max_ns=708 clock_offset_intervals_overlap=true processing_error=none fence_close_error=none
10-08 17:01:26.259 10135 10135 I SpinonBootstrap: SPINON_R05_INPUT renderer=opengl_es input_seq=11 phase=ACTION_UP timestamp_precision=nanosecond_representation input_source=unknown event_time_ns=716492657000000 input_uptime_anchor_ns=716492658799856 input_monotonic_before_ns=716492658798981 input_monotonic_after_ns=716492658800148 generation=1
10-08 17:01:26.260 10135 10135 I SpinonBootstrap: SPINON_R05_PRESENT_FENCE_LISTENER renderer=opengl_es request_id=11 input_seq=11 revision=11 generation=1 target_vsync_id=-1 state=registered timeout_ms=2000
10-08 17:01:26.260 10135 10135 I SpinonBootstrap: SPINON_R05_PRESENT_FENCE_APPLY renderer=opengl_es request_id=11 input_seq=11 revision=11 generation=1 target_vsync_id=unavailable transaction=queued_for_next_surface_frame listener_attached=true
10-08 17:01:26.260 10135 10154 I SpinonBootstrap: SPINON_R05_DRAW renderer=opengl_es draw_seq=13 revision=11 generation=1
10-08 17:01:26.260 10135 10135 I SpinonBootstrap: SPINON_R05_SUBMIT renderer=opengl_es input_seq=11 revision=11 generation=1 event_time_ns=716492657000000 handler_uptime_ns=716492659816148 draw_requested=true draw_completed=false present_signal=unavailable attribution=input
10-08 17:01:26.261 10135 10135 I SpinonBootstrap: SPINON_R08_TOUCH count=11
10-08 17:01:26.265 10135 10169 I SpinonBootstrap: SPINON_R05_PRESENT_FENCE renderer=opengl_es request_id=11 input_seq=11 revision=11 event_time_ns=716492657000000 generation=1 current_generation=1 current_surface=true target_vsync_id=-1 outcome=callback_received fence_valid=true fence_state=signaled signal_time_ns=716492662870356 latch_time_ns=716492661195398 fence_signal_usable=true callback_inline_overflow=false inline_callback_total=0 callback_os_tid=10169 callback_thread_id=89 queue_depth=0 input_uptime_anchor_ns=716492658799856 input_monotonic_before_ns=716492658798981 input_monotonic_after_ns=716492658800148 callback_uptime_anchor_ns=716492663829190 callback_monotonic_before_ns=716492663828648 callback_monotonic_after_ns=716492663829315 signal_observed_monotonic_ns=716492663837440 input_offset_min_ns=-292 input_offset_max_ns=875 callback_offset_min_ns=-125 callback_offset_max_ns=542 clock_offset_intervals_overlap=true processing_error=none fence_close_error=none
