--------- beginning of main
10-08 17:03:27.311 17675 17675 I SpinonBootstrap: SPINON_R08_UI=ready text-input=EditText accessibility=button+EditText
10-08 17:03:27.430 17675 17675 I SpinonBootstrap: SPINON_R05_SURFACE renderer=opengl_es type=GLSurfaceView generation=1
10-08 17:03:27.433 17675 17675 I SpinonBootstrap: SPINON_R05_SIGNAL_CAPABILITY renderer=opengl_es signal=SurfaceView_JankData available=true reason=registered api=37 api_full=3700002
10-08 17:03:27.433 17675 17675 I SpinonBootstrap: SPINON_R05_SURFACE_SIZE renderer=opengl_es generation=1 size=1080x1920
10-08 17:03:27.489 17675 17710 I SpinonBootstrap: SPINON_R08_SURFACE=created api=OpenGL_ES_2 renderer=Android Emulator OpenGL ES Translator (ANGLE (Google, Vulkan 1.3.0 (SwiftShader Device (LLVM 10.0.0) (0x0000C0DE)), SwiftShader driver-5.0.0)) version=OpenGL ES 3.1 (OpenGL ES 3.1.0 (ANGLE 2.1.1 git hash: fbf66f49c7cc))
10-08 17:03:27.491 17675 17710 I SpinonBootstrap: SPINON_R08_SHADER=ready
10-08 17:03:27.491 17675 17710 I SpinonBootstrap: SPINON_R08_SURFACE=size 1080x1920
10-08 17:03:27.491 17675 17710 I SpinonBootstrap: SPINON_R05_DRAW renderer=opengl_es draw_seq=1 revision=0 generation=1
10-08 17:03:27.491 17675 17710 I SpinonBootstrap: SPINON_R08_FRAME=first_draw_submitted
10-08 17:03:27.532 17675 17710 I SpinonBootstrap: SPINON_R05_DRAW renderer=opengl_es draw_seq=2 revision=0 generation=1
10-08 17:03:29.567 17675 17675 I SpinonBootstrap: SPINON_R05_INPUT renderer=opengl_es input_seq=1 phase=ACTION_UP timestamp_precision=nanosecond_representation input_source=unknown event_time_ns=6764173000000 input_uptime_anchor_ns=6764174822433 input_monotonic_before_ns=6764174821850 input_monotonic_after_ns=6764174822600 generation=1
10-08 17:03:29.568 17675 17675 I SpinonBootstrap: SPINON_R05_FRAME_TIMELINE_REQUEST renderer=opengl_es request_id=1 input_seq=1 revision=1 generation=1 state=posted
10-08 17:03:29.569 17675 17675 I SpinonBootstrap: SPINON_R08_TOUCH count=1
10-08 17:03:29.605 17675 17675 I SpinonBootstrap: SPINON_R05_FRAME_TIMELINE_TARGET renderer=opengl_es request_id=1 input_seq=1 revision=1 generation=1 vsync_id=154900 deadline_ns=6764239721254 expected_presentation_ns=6764255387920 render_mode=on_demand
10-08 17:03:29.606 17675 17675 I SpinonBootstrap: SPINON_R05_PRESENT_FENCE_LISTENER renderer=opengl_es request_id=1 input_seq=1 revision=1 generation=1 target_vsync_id=154900 state=registered timeout_ms=2000
10-08 17:03:29.606 17675 17675 I SpinonBootstrap: SPINON_R05_FRAME_TIMELINE_APPLY renderer=opengl_es request_id=1 input_seq=1 revision=1 generation=1 target_vsync_id=154900 transaction=queued_for_next_surface_frame
10-08 17:03:29.606 17675 17675 I SpinonBootstrap: SPINON_R05_SUBMIT renderer=opengl_es input_seq=1 revision=1 generation=1 event_time_ns=6764173000000 handler_uptime_ns=6764213895683 draw_requested=true draw_completed=false present_signal=unavailable attribution=input
10-08 17:03:29.606 17675 17675 I SpinonBootstrap: SPINON_R05_PRESENT_FLUSH renderer=opengl_es queued=true generation=1
10-08 17:03:29.606 17675 17710 I SpinonBootstrap: SPINON_R05_DRAW renderer=opengl_es draw_seq=3 revision=1 generation=1
10-08 17:03:29.606 17675 17675 I SpinonBootstrap: SPINON_R05_PRESENT_DRAIN renderer=opengl_es generation=1 queued=true delay_ms=250
10-08 17:03:29.608 17675 17731 I SpinonBootstrap: SPINON_R05_PRESENT_FLUSH requested=true renderer=opengl_es generation=1
10-08 17:03:29.608 17675 17731 I SpinonBootstrap: SPINON_R05_PRESENT_BATCH renderer=opengl_es generation=1 batch_seq=1 record_count=3 callback_os_tid=17731 callback_thread_id=57 registering_thread_os_tid=17675 queue_depth=0 rejected_callback_batches=0 rejected_flush_tasks=0 callback_uptime_ns=6764216124350 attribution=unmatched
10-08 17:03:29.608 17675 17731 I SpinonBootstrap: SPINON_R05_PRESENT renderer=opengl_es signal=SurfaceView_JankData generation=1 current_generation=1 current_surface=true batch_seq=1 record_index=0 callback_os_tid=17731 callback_thread_id=57 registering_thread_os_tid=17675 queue_depth=0 vsync_id=-1 present_time_ns=-1 present_state=unknown jank_type=0 actual_app_frame_ns=0 scheduled_app_frame_ns=0 callback_uptime_ns=6764216124350 frame_id=unavailable join_status=unmatched input_seq=-1 revision=-1 request_id=-1 target_vsync_id=-1
10-08 17:03:29.608 17675 17731 I SpinonBootstrap: SPINON_R05_PRESENT renderer=opengl_es signal=SurfaceView_JankData generation=1 current_generation=1 current_surface=true batch_seq=1 record_index=1 callback_os_tid=17731 callback_thread_id=57 registering_thread_os_tid=17675 queue_depth=0 vsync_id=153896 present_time_ns=-1 present_state=unknown jank_type=2 actual_app_frame_ns=130106047 scheduled_app_frame_ns=16666666 callback_uptime_ns=6764216124350 frame_id=unavailable join_status=unmatched input_seq=-1 revision=-1 request_id=-1 target_vsync_id=-1
10-08 17:03:29.608 17675 17731 I SpinonBootstrap: SPINON_R05_PRESENT renderer=opengl_es signal=SurfaceView_JankData generation=1 current_generation=1 current_surface=true batch_seq=1 record_index=2 callback_os_tid=17731 callback_thread_id=57 registering_thread_os_tid=17675 queue_depth=0 vsync_id=-1 present_time_ns=-1 present_state=unknown jank_type=0 actual_app_frame_ns=0 scheduled_app_frame_ns=0 callback_uptime_ns=6764216124350 frame_id=unavailable join_status=unmatched input_seq=-1 revision=-1 request_id=-1 target_vsync_id=-1
10-08 17:03:29.644 17675 17732 I SpinonBootstrap: SPINON_R05_PRESENT_FENCE renderer=opengl_es request_id=1 input_seq=1 revision=1 event_time_ns=6764173000000 generation=1 current_generation=1 current_surface=true target_vsync_id=154900 outcome=callback_received fence_valid=true fence_state=signaled signal_time_ns=6764251170392 latch_time_ns=6764241080642 fence_signal_usable=true callback_inline_overflow=false inline_callback_total=0 callback_os_tid=17732 callback_thread_id=58 queue_depth=0 input_uptime_anchor_ns=6764174822433 input_monotonic_before_ns=6764174821850 input_monotonic_after_ns=6764174822600 callback_uptime_anchor_ns=6764251780142 callback_monotonic_before_ns=6764251778683 callback_monotonic_after_ns=6764251780183 signal_observed_monotonic_ns=6764251813433 input_offset_min_ns=-167 input_offset_max_ns=583 callback_offset_min_ns=-41 callback_offset_max_ns=1459 clock_offset_intervals_overlap=true processing_error=none fence_close_error=none
10-08 17:03:29.857 17675 17675 I SpinonBootstrap: SPINON_R05_PRESENT_FLUSH renderer=opengl_es queued=true generation=1
10-08 17:03:29.857 17675 17731 I SpinonBootstrap: SPINON_R05_PRESENT_FLUSH requested=true renderer=opengl_es generation=1
10-08 17:03:29.857 17675 17731 I SpinonBootstrap: SPINON_R05_PRESENT_BATCH renderer=opengl_es generation=1 batch_seq=2 record_count=1 callback_os_tid=17731 callback_thread_id=57 registering_thread_os_tid=17675 queue_depth=0 rejected_callback_batches=0 rejected_flush_tasks=0 callback_uptime_ns=6764465001767 attribution=unmatched
10-08 17:03:29.857 17675 17731 I SpinonBootstrap: SPINON_R05_PRESENT renderer=opengl_es signal=SurfaceView_JankData generation=1 current_generation=1 current_surface=true batch_seq=2 record_index=0 callback_os_tid=17731 callback_thread_id=57 registering_thread_os_tid=17675 queue_depth=0 vsync_id=154900 present_time_ns=-1 present_state=unknown jank_type=0 actual_app_frame_ns=51379927 scheduled_app_frame_ns=49999998 callback_uptime_ns=6764465001767 frame_id=unavailable join_status=exact_match input_seq=1 revision=1 request_id=1 target_vsync_id=154900
10-08 17:03:30.045 17675 17675 I SpinonBootstrap: SPINON_R05_INPUT renderer=opengl_es input_seq=2 phase=ACTION_UP timestamp_precision=nanosecond_representation input_source=unknown event_time_ns=6764652000000 input_uptime_anchor_ns=6764653152558 input_monotonic_before_ns=6764653152100 input_monotonic_after_ns=6764653152808 generation=1
10-08 17:03:30.045 17675 17675 I SpinonBootstrap: SPINON_R05_FRAME_TIMELINE_REQUEST renderer=opengl_es request_id=2 input_seq=2 revision=2 generation=1 state=posted
10-08 17:03:30.046 17675 17675 I SpinonBootstrap: SPINON_R08_TOUCH count=2
10-08 17:03:30.049 17675 17675 I SpinonBootstrap: SPINON_R05_FRAME_TIMELINE_TARGET renderer=opengl_es request_id=2 input_seq=2 revision=2 generation=1 vsync_id=154907 deadline_ns=6764673054570 expected_presentation_ns=6764688721236 render_mode=on_demand
10-08 17:03:30.049 17675 17675 I SpinonBootstrap: SPINON_R05_PRESENT_FENCE_LISTENER renderer=opengl_es request_id=2 input_seq=2 revision=2 generation=1 target_vsync_id=154907 state=registered timeout_ms=2000
10-08 17:03:30.049 17675 17675 I SpinonBootstrap: SPINON_R05_FRAME_TIMELINE_APPLY renderer=opengl_es request_id=2 input_seq=2 revision=2 generation=1 target_vsync_id=154907 transaction=queued_for_next_surface_frame
10-08 17:03:30.049 17675 17675 I SpinonBootstrap: SPINON_R05_SUBMIT renderer=opengl_es input_seq=2 revision=2 generation=1 event_time_ns=6764652000000 handler_uptime_ns=6764656738392 draw_requested=true draw_completed=false present_signal=unavailable attribution=input
10-08 17:03:30.049 17675 17710 I SpinonBootstrap: SPINON_R05_DRAW renderer=opengl_es draw_seq=4 revision=2 generation=1
10-08 17:03:30.049 17675 17731 I SpinonBootstrap: SPINON_R05_PRESENT_FLUSH requested=true renderer=opengl_es generation=1
10-08 17:03:30.049 17675 17675 I SpinonBootstrap: SPINON_R05_PRESENT_FLUSH renderer=opengl_es queued=true generation=1
10-08 17:03:30.049 17675 17675 I SpinonBootstrap: SPINON_R05_PRESENT_DRAIN renderer=opengl_es generation=1 queued=true delay_ms=250
10-08 17:03:30.077 17675 17732 I SpinonBootstrap: SPINON_R05_PRESENT_FENCE renderer=opengl_es request_id=2 input_seq=2 revision=2 event_time_ns=6764652000000 generation=1 current_generation=1 current_surface=true target_vsync_id=154907 outcome=callback_received fence_valid=true fence_state=signaled signal_time_ns=6764683748725 latch_time_ns=6764673722058 fence_signal_usable=true callback_inline_overflow=false inline_callback_total=0 callback_os_tid=17732 callback_thread_id=58 queue_depth=0 input_uptime_anchor_ns=6764653152558 input_monotonic_before_ns=6764653152100 input_monotonic_after_ns=6764653152808 callback_uptime_anchor_ns=6764685307600 callback_monotonic_before_ns=6764685306808 callback_monotonic_after_ns=6764685307683 signal_observed_monotonic_ns=6764685315350 input_offset_min_ns=-250 input_offset_max_ns=458 callback_offset_min_ns=-83 callback_offset_max_ns=792 clock_offset_intervals_overlap=true processing_error=none fence_close_error=none
10-08 17:03:30.299 17675 17675 I SpinonBootstrap: SPINON_R05_PRESENT_FLUSH renderer=opengl_es queued=true generation=1
10-08 17:03:30.299 17675 17731 I SpinonBootstrap: SPINON_R05_PRESENT_FLUSH requested=true renderer=opengl_es generation=1
10-08 17:03:30.299 17675 17731 I SpinonBootstrap: SPINON_R05_PRESENT_BATCH renderer=opengl_es generation=1 batch_seq=3 record_count=1 callback_os_tid=17731 callback_thread_id=57 registering_thread_os_tid=17675 queue_depth=0 rejected_callback_batches=0 rejected_flush_tasks=0 callback_uptime_ns=6764907330975 attribution=unmatched
10-08 17:03:30.299 17675 17731 I SpinonBootstrap: SPINON_R05_PRESENT renderer=opengl_es signal=SurfaceView_JankData generation=1 current_generation=1 current_surface=true batch_seq=3 record_index=0 callback_os_tid=17731 callback_thread_id=57 registering_thread_os_tid=17675 queue_depth=0 vsync_id=154907 present_time_ns=-1 present_state=unknown jank_type=0 actual_app_frame_ns=17356029 scheduled_app_frame_ns=16666666 callback_uptime_ns=6764907330975 frame_id=unavailable join_status=exact_match input_seq=2 revision=2 request_id=2 target_vsync_id=154907
10-08 17:03:30.525 17675 17675 I SpinonBootstrap: SPINON_R05_INPUT renderer=opengl_es input_seq=3 phase=ACTION_UP timestamp_precision=nanosecond_representation input_source=unknown event_time_ns=6765131000000 input_uptime_anchor_ns=6765132503350 input_monotonic_before_ns=6765132502559 input_monotonic_after_ns=6765132503517 generation=1
10-08 17:03:30.525 17675 17675 I SpinonBootstrap: SPINON_R05_FRAME_TIMELINE_REQUEST renderer=opengl_es request_id=3 input_seq=3 revision=3 generation=1 state=posted
10-08 17:03:30.525 17675 17675 I SpinonBootstrap: SPINON_R08_TOUCH count=3
10-08 17:03:30.532 17675 17675 I SpinonBootstrap: SPINON_R05_FRAME_TIMELINE_TARGET renderer=opengl_es request_id=3 input_seq=3 revision=3 generation=1 vsync_id=154915 deadline_ns=6765156387884 expected_presentation_ns=6765172054550 render_mode=on_demand
10-08 17:03:30.533 17675 17675 I SpinonBootstrap: SPINON_R05_PRESENT_FENCE_LISTENER renderer=opengl_es request_id=3 input_seq=3 revision=3 generation=1 target_vsync_id=154915 state=registered timeout_ms=2000
10-08 17:03:30.533 17675 17675 I SpinonBootstrap: SPINON_R05_FRAME_TIMELINE_APPLY renderer=opengl_es request_id=3 input_seq=3 revision=3 generation=1 target_vsync_id=154915 transaction=queued_for_next_surface_frame
10-08 17:03:30.533 17675 17675 I SpinonBootstrap: SPINON_R05_SUBMIT renderer=opengl_es input_seq=3 revision=3 generation=1 event_time_ns=6765131000000 handler_uptime_ns=6765140553975 draw_requested=true draw_completed=false present_signal=unavailable attribution=input
10-08 17:03:30.533 17675 17710 I SpinonBootstrap: SPINON_R05_DRAW renderer=opengl_es draw_seq=5 revision=3 generation=1
10-08 17:03:30.533 17675 17675 I SpinonBootstrap: SPINON_R05_PRESENT_FLUSH renderer=opengl_es queued=true generation=1
10-08 17:03:30.533 17675 17675 I SpinonBootstrap: SPINON_R05_PRESENT_DRAIN renderer=opengl_es generation=1 queued=true delay_ms=250
10-08 17:03:30.533 17675 17731 I SpinonBootstrap: SPINON_R05_PRESENT_FLUSH requested=true renderer=opengl_es generation=1
10-08 17:03:30.560 17675 17732 I SpinonBootstrap: SPINON_R05_PRESENT_FENCE renderer=opengl_es request_id=3 input_seq=3 revision=3 event_time_ns=6765131000000 generation=1 current_generation=1 current_surface=true target_vsync_id=154915 outcome=callback_received fence_valid=true fence_state=signaled signal_time_ns=6765166710850 latch_time_ns=6765156853642 fence_signal_usable=true callback_inline_overflow=false inline_callback_total=0 callback_os_tid=17732 callback_thread_id=58 queue_depth=0 input_uptime_anchor_ns=6765132503350 input_monotonic_before_ns=6765132502559 input_monotonic_after_ns=6765132503517 callback_uptime_anchor_ns=6765167608725 callback_monotonic_before_ns=6765167607850 callback_monotonic_after_ns=6765167608850 signal_observed_monotonic_ns=6765167616017 input_offset_min_ns=-167 input_offset_max_ns=791 callback_offset_min_ns=-125 callback_offset_max_ns=875 clock_offset_intervals_overlap=true processing_error=none fence_close_error=none
10-08 17:03:30.783 17675 17675 I SpinonBootstrap: SPINON_R05_PRESENT_FLUSH renderer=opengl_es queued=true generation=1
10-08 17:03:30.783 17675 17731 I SpinonBootstrap: SPINON_R05_PRESENT_FLUSH requested=true renderer=opengl_es generation=1
10-08 17:03:31.004 17675 17675 I SpinonBootstrap: SPINON_R05_INPUT renderer=opengl_es input_seq=4 phase=ACTION_UP timestamp_precision=nanosecond_representation input_source=unknown event_time_ns=6765611000000 input_uptime_anchor_ns=6765612216892 input_monotonic_before_ns=6765612216559 input_monotonic_after_ns=6765612217059 generation=1
10-08 17:03:31.004 17675 17675 I SpinonBootstrap: SPINON_R05_FRAME_TIMELINE_REQUEST renderer=opengl_es request_id=4 input_seq=4 revision=4 generation=1 state=posted
10-08 17:03:31.004 17675 17675 I SpinonBootstrap: SPINON_R08_TOUCH count=4
10-08 17:03:31.019 17675 17675 I SpinonBootstrap: SPINON_R05_FRAME_TIMELINE_TARGET renderer=opengl_es request_id=4 input_seq=4 revision=4 generation=1 vsync_id=154923 deadline_ns=6765639721198 expected_presentation_ns=6765655387864 render_mode=on_demand
10-08 17:03:31.019 17675 17675 I SpinonBootstrap: SPINON_R05_PRESENT_FENCE_LISTENER renderer=opengl_es request_id=4 input_seq=4 revision=4 generation=1 target_vsync_id=154923 state=registered timeout_ms=2000
10-08 17:03:31.019 17675 17675 I SpinonBootstrap: SPINON_R05_FRAME_TIMELINE_APPLY renderer=opengl_es request_id=4 input_seq=4 revision=4 generation=1 target_vsync_id=154923 transaction=queued_for_next_surface_frame
10-08 17:03:31.019 17675 17675 I SpinonBootstrap: SPINON_R05_SUBMIT renderer=opengl_es input_seq=4 revision=4 generation=1 event_time_ns=6765611000000 handler_uptime_ns=6765626736684 draw_requested=true draw_completed=false present_signal=unavailable attribution=input
10-08 17:03:31.019 17675 17675 I SpinonBootstrap: SPINON_R05_PRESENT_FLUSH renderer=opengl_es queued=true generation=1
10-08 17:03:31.019 17675 17675 I SpinonBootstrap: SPINON_R05_PRESENT_DRAIN renderer=opengl_es generation=1 queued=true delay_ms=250
10-08 17:03:31.019 17675 17731 I SpinonBootstrap: SPINON_R05_PRESENT_FLUSH requested=true renderer=opengl_es generation=1
10-08 17:03:31.019 17675 17710 I SpinonBootstrap: SPINON_R05_DRAW renderer=opengl_es draw_seq=6 revision=4 generation=1
10-08 17:03:31.047 17675 17732 I SpinonBootstrap: SPINON_R05_PRESENT_FENCE renderer=opengl_es request_id=4 input_seq=4 revision=4 event_time_ns=6765611000000 generation=1 current_generation=1 current_surface=true target_vsync_id=154923 outcome=callback_received fence_valid=true fence_state=signaled signal_time_ns=6765654649101 latch_time_ns=6765643315517 fence_signal_usable=true callback_inline_overflow=false inline_callback_total=0 callback_os_tid=17732 callback_thread_id=58 queue_depth=0 input_uptime_anchor_ns=6765612216892 input_monotonic_before_ns=6765612216559 input_monotonic_after_ns=6765612217059 callback_uptime_anchor_ns=6765655125601 callback_monotonic_before_ns=6765655124767 callback_monotonic_after_ns=6765655125767 signal_observed_monotonic_ns=6765655132934 input_offset_min_ns=-167 input_offset_max_ns=333 callback_offset_min_ns=-166 callback_offset_max_ns=834 clock_offset_intervals_overlap=true processing_error=none fence_close_error=none
10-08 17:03:31.269 17675 17675 I SpinonBootstrap: SPINON_R05_PRESENT_FLUSH renderer=opengl_es queued=true generation=1
10-08 17:03:31.269 17675 17731 I SpinonBootstrap: SPINON_R05_PRESENT_FLUSH requested=true renderer=opengl_es generation=1
10-08 17:03:31.270 17675 17731 I SpinonBootstrap: SPINON_R05_PRESENT_BATCH renderer=opengl_es generation=1 batch_seq=4 record_count=2 callback_os_tid=17731 callback_thread_id=57 registering_thread_os_tid=17675 queue_depth=0 rejected_callback_batches=0 rejected_flush_tasks=0 callback_uptime_ns=6765877613976 attribution=unmatched
10-08 17:03:31.270 17675 17731 I SpinonBootstrap: SPINON_R05_PRESENT renderer=opengl_es signal=SurfaceView_JankData generation=1 current_generation=1 current_surface=true batch_seq=4 record_index=0 callback_os_tid=17731 callback_thread_id=57 registering_thread_os_tid=17675 queue_depth=0 vsync_id=154915 present_time_ns=-1 present_state=unknown jank_type=0 actual_app_frame_ns=17151674 scheduled_app_frame_ns=16666666 callback_uptime_ns=6765877613976 frame_id=unavailable join_status=exact_match input_seq=3 revision=3 request_id=3 target_vsync_id=154915
10-08 17:03:31.270 17675 17731 I SpinonBootstrap: SPINON_R05_PRESENT renderer=opengl_es signal=SurfaceView_JankData generation=1 current_generation=1 current_surface=true batch_seq=4 record_index=1 callback_os_tid=17731 callback_thread_id=57 registering_thread_os_tid=17675 queue_depth=0 vsync_id=154923 present_time_ns=-1 present_state=unknown jank_type=0 actual_app_frame_ns=20289485 scheduled_app_frame_ns=16666666 callback_uptime_ns=6765877613976 frame_id=unavailable join_status=exact_match input_seq=4 revision=4 request_id=4 target_vsync_id=154923
10-08 17:03:31.481 17675 17675 I SpinonBootstrap: SPINON_R05_INPUT renderer=opengl_es input_seq=5 phase=ACTION_UP timestamp_precision=nanosecond_representation input_source=unknown event_time_ns=6766087000000 input_uptime_anchor_ns=6766088592351 input_monotonic_before_ns=6766088592059 input_monotonic_after_ns=6766088592517 generation=1
10-08 17:03:31.481 17675 17675 I SpinonBootstrap: SPINON_R05_FRAME_TIMELINE_REQUEST renderer=opengl_es request_id=5 input_seq=5 revision=5 generation=1 state=posted
10-08 17:03:31.481 17675 17675 I SpinonBootstrap: SPINON_R08_TOUCH count=5
10-08 17:03:31.482 17675 17675 I SpinonBootstrap: SPINON_R05_FRAME_TIMELINE_TARGET renderer=opengl_es request_id=5 input_seq=5 revision=5 generation=1 vsync_id=154931 deadline_ns=6766106387846 expected_presentation_ns=6766122054512 render_mode=on_demand
10-08 17:03:31.482 17675 17675 I SpinonBootstrap: SPINON_R05_PRESENT_FENCE_LISTENER renderer=opengl_es request_id=5 input_seq=5 revision=5 generation=1 target_vsync_id=154931 state=registered timeout_ms=2000
10-08 17:03:31.482 17675 17675 I SpinonBootstrap: SPINON_R05_FRAME_TIMELINE_APPLY renderer=opengl_es request_id=5 input_seq=5 revision=5 generation=1 target_vsync_id=154931 transaction=queued_for_next_surface_frame
10-08 17:03:31.482 17675 17675 I SpinonBootstrap: SPINON_R05_SUBMIT renderer=opengl_es input_seq=5 revision=5 generation=1 event_time_ns=6766087000000 handler_uptime_ns=6766090428976 draw_requested=true draw_completed=false present_signal=unavailable attribution=input
10-08 17:03:31.482 17675 17675 I SpinonBootstrap: SPINON_R05_PRESENT_FLUSH renderer=opengl_es queued=true generation=1
10-08 17:03:31.482 17675 17675 I SpinonBootstrap: SPINON_R05_PRESENT_DRAIN renderer=opengl_es generation=1 queued=true delay_ms=250
10-08 17:03:31.483 17675 17731 I SpinonBootstrap: SPINON_R05_PRESENT_FLUSH requested=true renderer=opengl_es generation=1
10-08 17:03:31.483 17675 17710 I SpinonBootstrap: SPINON_R05_DRAW renderer=opengl_es draw_seq=7 revision=5 generation=1
10-08 17:03:31.510 17675 17732 I SpinonBootstrap: SPINON_R05_PRESENT_FENCE renderer=opengl_es request_id=5 input_seq=5 revision=5 event_time_ns=6766087000000 generation=1 current_generation=1 current_surface=true target_vsync_id=154931 outcome=callback_received fence_valid=true fence_state=signaled signal_time_ns=6766117054309 latch_time_ns=6766106805684 fence_signal_usable=true callback_inline_overflow=false inline_callback_total=0 callback_os_tid=17732 callback_thread_id=58 queue_depth=0 input_uptime_anchor_ns=6766088592351 input_monotonic_before_ns=6766088592059 input_monotonic_after_ns=6766088592517 callback_uptime_anchor_ns=6766117531517 callback_monotonic_before_ns=6766117529892 callback_monotonic_after_ns=6766117531601 signal_observed_monotonic_ns=6766117544392 input_offset_min_ns=-166 input_offset_max_ns=292 callback_offset_min_ns=-84 callback_offset_max_ns=1625 clock_offset_intervals_overlap=true processing_error=none fence_close_error=none
10-08 17:03:31.734 17675 17675 I SpinonBootstrap: SPINON_R05_PRESENT_FLUSH renderer=opengl_es queued=true generation=1
10-08 17:03:31.734 17675 17731 I SpinonBootstrap: SPINON_R05_PRESENT_FLUSH requested=true renderer=opengl_es generation=1
10-08 17:03:31.959 17675 17675 I SpinonBootstrap: SPINON_R05_INPUT renderer=opengl_es input_seq=6 phase=ACTION_UP timestamp_precision=nanosecond_representation input_source=unknown event_time_ns=6766565000000 input_uptime_anchor_ns=6766566721726 input_monotonic_before_ns=6766566721059 input_monotonic_after_ns=6766566721851 generation=1
10-08 17:03:31.959 17675 17675 I SpinonBootstrap: SPINON_R05_FRAME_TIMELINE_REQUEST renderer=opengl_es request_id=6 input_seq=6 revision=6 generation=1 state=posted
10-08 17:03:31.959 17675 17675 I SpinonBootstrap: SPINON_R08_TOUCH count=6
10-08 17:03:31.966 17675 17675 I SpinonBootstrap: SPINON_R05_FRAME_TIMELINE_TARGET renderer=opengl_es request_id=6 input_seq=6 revision=6 generation=1 vsync_id=154939 deadline_ns=6766589721160 expected_presentation_ns=6766605387826 render_mode=on_demand
10-08 17:03:31.966 17675 17675 I SpinonBootstrap: SPINON_R05_PRESENT_FENCE_LISTENER renderer=opengl_es request_id=6 input_seq=6 revision=6 generation=1 target_vsync_id=154939 state=registered timeout_ms=2000
10-08 17:03:31.966 17675 17675 I SpinonBootstrap: SPINON_R05_FRAME_TIMELINE_APPLY renderer=opengl_es request_id=6 input_seq=6 revision=6 generation=1 target_vsync_id=154939 transaction=queued_for_next_surface_frame
10-08 17:03:31.966 17675 17675 I SpinonBootstrap: SPINON_R05_SUBMIT renderer=opengl_es input_seq=6 revision=6 generation=1 event_time_ns=6766565000000 handler_uptime_ns=6766573730518 draw_requested=true draw_completed=false present_signal=unavailable attribution=input
10-08 17:03:31.966 17675 17675 I SpinonBootstrap: SPINON_R05_PRESENT_FLUSH renderer=opengl_es queued=true generation=1
10-08 17:03:31.966 17675 17675 I SpinonBootstrap: SPINON_R05_PRESENT_DRAIN renderer=opengl_es generation=1 queued=true delay_ms=250
10-08 17:03:31.966 17675 17710 I SpinonBootstrap: SPINON_R05_DRAW renderer=opengl_es draw_seq=8 revision=6 generation=1
10-08 17:03:31.966 17675 17731 I SpinonBootstrap: SPINON_R05_PRESENT_FLUSH requested=true renderer=opengl_es generation=1
10-08 17:03:31.993 17675 17732 I SpinonBootstrap: SPINON_R05_PRESENT_FENCE renderer=opengl_es request_id=6 input_seq=6 revision=6 event_time_ns=6766565000000 generation=1 current_generation=1 current_surface=true target_vsync_id=154939 outcome=callback_received fence_valid=true fence_state=signaled signal_time_ns=6766600683684 latch_time_ns=6766590225226 fence_signal_usable=true callback_inline_overflow=false inline_callback_total=0 callback_os_tid=17732 callback_thread_id=58 queue_depth=0 input_uptime_anchor_ns=6766566721726 input_monotonic_before_ns=6766566721059 input_monotonic_after_ns=6766566721851 callback_uptime_anchor_ns=6766601095768 callback_monotonic_before_ns=6766601094851 callback_monotonic_after_ns=6766601095851 signal_observed_monotonic_ns=6766601103684 input_offset_min_ns=-125 input_offset_max_ns=667 callback_offset_min_ns=-83 callback_offset_max_ns=917 clock_offset_intervals_overlap=true processing_error=none fence_close_error=none
10-08 17:03:32.217 17675 17675 I SpinonBootstrap: SPINON_R05_PRESENT_FLUSH renderer=opengl_es queued=true generation=1
10-08 17:03:32.217 17675 17731 I SpinonBootstrap: SPINON_R05_PRESENT_FLUSH requested=true renderer=opengl_es generation=1
10-08 17:03:32.217 17675 17731 I SpinonBootstrap: SPINON_R05_PRESENT_BATCH renderer=opengl_es generation=1 batch_seq=5 record_count=1 callback_os_tid=17731 callback_thread_id=57 registering_thread_os_tid=17675 queue_depth=0 rejected_callback_batches=0 rejected_flush_tasks=0 callback_uptime_ns=6766825142101 attribution=unmatched
10-08 17:03:32.217 17675 17731 I SpinonBootstrap: SPINON_R05_PRESENT renderer=opengl_es signal=SurfaceView_JankData generation=1 current_generation=1 current_surface=true batch_seq=5 record_index=0 callback_os_tid=17731 callback_thread_id=57 registering_thread_os_tid=17675 queue_depth=0 vsync_id=154931 present_time_ns=-1 present_state=unknown jank_type=0 actual_app_frame_ns=17110462 scheduled_app_frame_ns=16666666 callback_uptime_ns=6766825142101 frame_id=unavailable join_status=exact_match input_seq=5 revision=5 request_id=5 target_vsync_id=154931
10-08 17:03:32.439 17675 17675 I SpinonBootstrap: SPINON_R05_INPUT renderer=opengl_es input_seq=7 phase=ACTION_UP timestamp_precision=nanosecond_representation input_source=unknown event_time_ns=6767045000000 input_uptime_anchor_ns=6767046429851 input_monotonic_before_ns=6767046429143 input_monotonic_after_ns=6767046430018 generation=1
10-08 17:03:32.439 17675 17675 I SpinonBootstrap: SPINON_R05_FRAME_TIMELINE_REQUEST renderer=opengl_es request_id=7 input_seq=7 revision=7 generation=1 state=posted
10-08 17:03:32.439 17675 17675 I SpinonBootstrap: SPINON_R08_TOUCH count=7
10-08 17:03:32.450 17675 17675 I SpinonBootstrap: SPINON_R05_FRAME_TIMELINE_TARGET renderer=opengl_es request_id=7 input_seq=7 revision=7 generation=1 vsync_id=154947 deadline_ns=6767073054474 expected_presentation_ns=6767088721140 render_mode=on_demand
10-08 17:03:32.450 17675 17675 I SpinonBootstrap: SPINON_R05_PRESENT_FENCE_LISTENER renderer=opengl_es request_id=7 input_seq=7 revision=7 generation=1 target_vsync_id=154947 state=registered timeout_ms=2000
10-08 17:03:32.450 17675 17675 I SpinonBootstrap: SPINON_R05_FRAME_TIMELINE_APPLY renderer=opengl_es request_id=7 input_seq=7 revision=7 generation=1 target_vsync_id=154947 transaction=queued_for_next_surface_frame
10-08 17:03:32.450 17675 17675 I SpinonBootstrap: SPINON_R05_SUBMIT renderer=opengl_es input_seq=7 revision=7 generation=1 event_time_ns=6767045000000 handler_uptime_ns=6767058378935 draw_requested=true draw_completed=false present_signal=unavailable attribution=input
10-08 17:03:32.450 17675 17675 I SpinonBootstrap: SPINON_R05_PRESENT_FLUSH renderer=opengl_es queued=true generation=1
10-08 17:03:32.450 17675 17710 I SpinonBootstrap: SPINON_R05_DRAW renderer=opengl_es draw_seq=9 revision=7 generation=1
10-08 17:03:32.451 17675 17731 I SpinonBootstrap: SPINON_R05_PRESENT_FLUSH requested=true renderer=opengl_es generation=1
10-08 17:03:32.451 17675 17675 I SpinonBootstrap: SPINON_R05_PRESENT_DRAIN renderer=opengl_es generation=1 queued=true delay_ms=250
10-08 17:03:32.482 17675 17732 I SpinonBootstrap: SPINON_R05_PRESENT_FENCE renderer=opengl_es request_id=7 input_seq=7 revision=7 event_time_ns=6767045000000 generation=1 current_generation=1 current_surface=true target_vsync_id=154947 outcome=callback_received fence_valid=true fence_state=signaled signal_time_ns=6767088240351 latch_time_ns=6767077349768 fence_signal_usable=true callback_inline_overflow=false inline_callback_total=0 callback_os_tid=17732 callback_thread_id=58 queue_depth=0 input_uptime_anchor_ns=6767046429851 input_monotonic_before_ns=6767046429143 input_monotonic_after_ns=6767046430018 callback_uptime_anchor_ns=6767089442476 callback_monotonic_before_ns=6767089441476 callback_monotonic_after_ns=6767089442601 signal_observed_monotonic_ns=6767089453143 input_offset_min_ns=-167 input_offset_max_ns=708 callback_offset_min_ns=-125 callback_offset_max_ns=1000 clock_offset_intervals_overlap=true processing_error=none fence_close_error=none
10-08 17:03:32.701 17675 17675 I SpinonBootstrap: SPINON_R05_PRESENT_FLUSH renderer=opengl_es queued=true generation=1
10-08 17:03:32.701 17675 17731 I SpinonBootstrap: SPINON_R05_PRESENT_FLUSH requested=true renderer=opengl_es generation=1
10-08 17:03:32.702 17675 17731 I SpinonBootstrap: SPINON_R05_PRESENT_BATCH renderer=opengl_es generation=1 batch_seq=6 record_count=2 callback_os_tid=17731 callback_thread_id=57 registering_thread_os_tid=17675 queue_depth=0 rejected_callback_batches=0 rejected_flush_tasks=0 callback_uptime_ns=6767309648310 attribution=unmatched
10-08 17:03:32.702 17675 17731 I SpinonBootstrap: SPINON_R05_PRESENT renderer=opengl_es signal=SurfaceView_JankData generation=1 current_generation=1 current_surface=true batch_seq=6 record_index=0 callback_os_tid=17731 callback_thread_id=57 registering_thread_os_tid=17675 queue_depth=0 vsync_id=154939 present_time_ns=-1 present_state=unknown jank_type=0 actual_app_frame_ns=17199024 scheduled_app_frame_ns=16666666 callback_uptime_ns=6767309648310 frame_id=unavailable join_status=exact_match input_seq=6 revision=6 request_id=6 target_vsync_id=154939
10-08 17:03:32.702 17675 17731 I SpinonBootstrap: SPINON_R05_PRESENT renderer=opengl_es signal=SurfaceView_JankData generation=1 current_generation=1 current_surface=true batch_seq=6 record_index=1 callback_os_tid=17731 callback_thread_id=57 registering_thread_os_tid=17675 queue_depth=0 vsync_id=154947 present_time_ns=-1 present_state=unknown jank_type=0 actual_app_frame_ns=20993418 scheduled_app_frame_ns=16666666 callback_uptime_ns=6767309648310 frame_id=unavailable join_status=exact_match input_seq=7 revision=7 request_id=7 target_vsync_id=154947
10-08 17:03:32.917 17675 17675 I SpinonBootstrap: SPINON_R05_INPUT renderer=opengl_es input_seq=8 phase=ACTION_UP timestamp_precision=nanosecond_representation input_source=unknown event_time_ns=6767524000000 input_uptime_anchor_ns=6767525151810 input_monotonic_before_ns=6767525151060 input_monotonic_after_ns=6767525151976 generation=1
10-08 17:03:32.917 17675 17675 I SpinonBootstrap: SPINON_R05_FRAME_TIMELINE_REQUEST renderer=opengl_es request_id=8 input_seq=8 revision=8 generation=1 state=posted
10-08 17:03:32.918 17675 17675 I SpinonBootstrap: SPINON_R08_TOUCH count=8
10-08 17:03:32.933 17675 17675 I SpinonBootstrap: SPINON_R05_FRAME_TIMELINE_TARGET renderer=opengl_es request_id=8 input_seq=8 revision=8 generation=1 vsync_id=154955 deadline_ns=6767556387788 expected_presentation_ns=6767572054454 render_mode=on_demand
10-08 17:03:32.933 17675 17675 I SpinonBootstrap: SPINON_R05_PRESENT_FENCE_LISTENER renderer=opengl_es request_id=8 input_seq=8 revision=8 generation=1 target_vsync_id=154955 state=registered timeout_ms=2000
10-08 17:03:32.933 17675 17675 I SpinonBootstrap: SPINON_R05_FRAME_TIMELINE_APPLY renderer=opengl_es request_id=8 input_seq=8 revision=8 generation=1 target_vsync_id=154955 transaction=queued_for_next_surface_frame
10-08 17:03:32.933 17675 17675 I SpinonBootstrap: SPINON_R05_SUBMIT renderer=opengl_es input_seq=8 revision=8 generation=1 event_time_ns=6767524000000 handler_uptime_ns=6767540932018 draw_requested=true draw_completed=false present_signal=unavailable attribution=input
10-08 17:03:32.933 17675 17675 I SpinonBootstrap: SPINON_R05_PRESENT_FLUSH renderer=opengl_es queued=true generation=1
10-08 17:03:32.933 17675 17675 I SpinonBootstrap: SPINON_R05_PRESENT_DRAIN renderer=opengl_es generation=1 queued=true delay_ms=250
10-08 17:03:32.933 17675 17731 I SpinonBootstrap: SPINON_R05_PRESENT_FLUSH requested=true renderer=opengl_es generation=1
10-08 17:03:32.933 17675 17710 I SpinonBootstrap: SPINON_R05_DRAW renderer=opengl_es draw_seq=10 revision=8 generation=1
10-08 17:03:32.959 17675 17732 I SpinonBootstrap: SPINON_R05_PRESENT_FENCE renderer=opengl_es request_id=8 input_seq=8 revision=8 event_time_ns=6767524000000 generation=1 current_generation=1 current_surface=true target_vsync_id=154955 outcome=callback_received fence_valid=true fence_state=signaled signal_time_ns=6767566670560 latch_time_ns=6767556803935 fence_signal_usable=true callback_inline_overflow=false inline_callback_total=0 callback_os_tid=17732 callback_thread_id=58 queue_depth=0 input_uptime_anchor_ns=6767525151810 input_monotonic_before_ns=6767525151060 input_monotonic_after_ns=6767525151976 callback_uptime_anchor_ns=6767567142726 callback_monotonic_before_ns=6767567141601 callback_monotonic_after_ns=6767567142810 signal_observed_monotonic_ns=6767567151560 input_offset_min_ns=-166 input_offset_max_ns=750 callback_offset_min_ns=-84 callback_offset_max_ns=1125 clock_offset_intervals_overlap=true processing_error=none fence_close_error=none
10-08 17:03:33.185 17675 17675 I SpinonBootstrap: SPINON_R05_PRESENT_FLUSH renderer=opengl_es queued=true generation=1
10-08 17:03:33.186 17675 17731 I SpinonBootstrap: SPINON_R05_PRESENT_FLUSH requested=true renderer=opengl_es generation=1
10-08 17:03:33.186 17675 17731 I SpinonBootstrap: SPINON_R05_PRESENT_BATCH renderer=opengl_es generation=1 batch_seq=7 record_count=1 callback_os_tid=17731 callback_thread_id=57 registering_thread_os_tid=17675 queue_depth=0 rejected_callback_batches=0 rejected_flush_tasks=0 callback_uptime_ns=6767794048935 attribution=unmatched
10-08 17:03:33.186 17675 17731 I SpinonBootstrap: SPINON_R05_PRESENT renderer=opengl_es signal=SurfaceView_JankData generation=1 current_generation=1 current_surface=true batch_seq=7 record_index=0 callback_os_tid=17731 callback_thread_id=57 registering_thread_os_tid=17675 queue_depth=0 vsync_id=154955 present_time_ns=-1 present_state=unknown jank_type=0 actual_app_frame_ns=17104563 scheduled_app_frame_ns=16666666 callback_uptime_ns=6767794048935 frame_id=unavailable join_status=exact_match input_seq=8 revision=8 request_id=8 target_vsync_id=154955
10-08 17:03:33.398 17675 17675 I SpinonBootstrap: SPINON_R05_INPUT renderer=opengl_es input_seq=9 phase=ACTION_UP timestamp_precision=nanosecond_representation input_source=unknown event_time_ns=6768005000000 input_uptime_anchor_ns=6768006385060 input_monotonic_before_ns=6768006384602 input_monotonic_after_ns=6768006385227 generation=1
10-08 17:03:33.399 17675 17675 I SpinonBootstrap: SPINON_R05_FRAME_TIMELINE_REQUEST renderer=opengl_es request_id=9 input_seq=9 revision=9 generation=1 state=posted
10-08 17:03:33.399 17675 17675 I SpinonBootstrap: SPINON_R08_TOUCH count=9
10-08 17:03:33.415 17675 17675 I SpinonBootstrap: SPINON_R05_FRAME_TIMELINE_TARGET renderer=opengl_es request_id=9 input_seq=9 revision=9 generation=1 vsync_id=154963 deadline_ns=6768039721102 expected_presentation_ns=6768055387768 render_mode=on_demand
10-08 17:03:33.415 17675 17675 I SpinonBootstrap: SPINON_R05_PRESENT_FENCE_LISTENER renderer=opengl_es request_id=9 input_seq=9 revision=9 generation=1 target_vsync_id=154963 state=registered timeout_ms=2000
10-08 17:03:33.415 17675 17675 I SpinonBootstrap: SPINON_R05_FRAME_TIMELINE_APPLY renderer=opengl_es request_id=9 input_seq=9 revision=9 generation=1 target_vsync_id=154963 transaction=queued_for_next_surface_frame
10-08 17:03:33.415 17675 17675 I SpinonBootstrap: SPINON_R05_SUBMIT renderer=opengl_es input_seq=9 revision=9 generation=1 event_time_ns=6768005000000 handler_uptime_ns=6768023472310 draw_requested=true draw_completed=false present_signal=unavailable attribution=input
10-08 17:03:33.416 17675 17675 I SpinonBootstrap: SPINON_R05_PRESENT_FLUSH renderer=opengl_es queued=true generation=1
10-08 17:03:33.416 17675 17675 I SpinonBootstrap: SPINON_R05_PRESENT_DRAIN renderer=opengl_es generation=1 queued=true delay_ms=250
10-08 17:03:33.416 17675 17710 I SpinonBootstrap: SPINON_R05_DRAW renderer=opengl_es draw_seq=11 revision=9 generation=1
10-08 17:03:33.416 17675 17731 I SpinonBootstrap: SPINON_R05_PRESENT_FLUSH requested=true renderer=opengl_es generation=1
10-08 17:03:33.446 17675 17732 I SpinonBootstrap: SPINON_R05_PRESENT_FENCE renderer=opengl_es request_id=9 input_seq=9 revision=9 event_time_ns=6768005000000 generation=1 current_generation=1 current_surface=true target_vsync_id=154963 outcome=callback_received fence_valid=true fence_state=signaled signal_time_ns=6768053110935 latch_time_ns=6768041780768 fence_signal_usable=true callback_inline_overflow=false inline_callback_total=0 callback_os_tid=17732 callback_thread_id=58 queue_depth=0 input_uptime_anchor_ns=6768006385060 input_monotonic_before_ns=6768006384602 input_monotonic_after_ns=6768006385227 callback_uptime_anchor_ns=6768054221810 callback_monotonic_before_ns=6768054220518 callback_monotonic_after_ns=6768054221935 signal_observed_monotonic_ns=6768054228893 input_offset_min_ns=-167 input_offset_max_ns=458 callback_offset_min_ns=-125 callback_offset_max_ns=1292 clock_offset_intervals_overlap=true processing_error=none fence_close_error=none
10-08 17:03:33.666 17675 17675 I SpinonBootstrap: SPINON_R05_PRESENT_FLUSH renderer=opengl_es queued=true generation=1
10-08 17:03:33.666 17675 17731 I SpinonBootstrap: SPINON_R05_PRESENT_FLUSH requested=true renderer=opengl_es generation=1
10-08 17:03:33.667 17675 17731 I SpinonBootstrap: SPINON_R05_PRESENT_BATCH renderer=opengl_es generation=1 batch_seq=8 record_count=1 callback_os_tid=17731 callback_thread_id=57 registering_thread_os_tid=17675 queue_depth=0 rejected_callback_batches=0 rejected_flush_tasks=0 callback_uptime_ns=6768274525852 attribution=unmatched
10-08 17:03:33.667 17675 17731 I SpinonBootstrap: SPINON_R05_PRESENT renderer=opengl_es signal=SurfaceView_JankData generation=1 current_generation=1 current_surface=true batch_seq=8 record_index=0 callback_os_tid=17731 callback_thread_id=57 registering_thread_os_tid=17675 queue_depth=0 vsync_id=154963 present_time_ns=-1 present_state=unknown jank_type=0 actual_app_frame_ns=18750916 scheduled_app_frame_ns=16666666 callback_uptime_ns=6768274525852 frame_id=unavailable join_status=exact_match input_seq=9 revision=9 request_id=9 target_vsync_id=154963
10-08 17:03:33.875 17675 17675 I SpinonBootstrap: SPINON_R05_INPUT renderer=opengl_es input_seq=10 phase=ACTION_UP timestamp_precision=nanosecond_representation input_source=unknown event_time_ns=6768481000000 input_uptime_anchor_ns=6768482691144 input_monotonic_before_ns=6768482690685 input_monotonic_after_ns=6768482691310 generation=1
10-08 17:03:33.875 17675 17675 I SpinonBootstrap: SPINON_R05_FRAME_TIMELINE_REQUEST renderer=opengl_es request_id=10 input_seq=10 revision=10 generation=1 state=posted
10-08 17:03:33.875 17675 17675 I SpinonBootstrap: SPINON_R08_TOUCH count=10
10-08 17:03:33.882 17675 17675 I SpinonBootstrap: SPINON_R05_FRAME_TIMELINE_TARGET renderer=opengl_es request_id=10 input_seq=10 revision=10 generation=1 vsync_id=154971 deadline_ns=6768506387750 expected_presentation_ns=6768522054416 render_mode=on_demand
10-08 17:03:33.883 17675 17675 I SpinonBootstrap: SPINON_R05_PRESENT_FENCE_LISTENER renderer=opengl_es request_id=10 input_seq=10 revision=10 generation=1 target_vsync_id=154971 state=registered timeout_ms=2000
10-08 17:03:33.883 17675 17675 I SpinonBootstrap: SPINON_R05_FRAME_TIMELINE_APPLY renderer=opengl_es request_id=10 input_seq=10 revision=10 generation=1 target_vsync_id=154971 transaction=queued_for_next_surface_frame
10-08 17:03:33.883 17675 17675 I SpinonBootstrap: SPINON_R05_SUBMIT renderer=opengl_es input_seq=10 revision=10 generation=1 event_time_ns=6768481000000 handler_uptime_ns=6768490542935 draw_requested=true draw_completed=false present_signal=unavailable attribution=input
10-08 17:03:33.883 17675 17675 I SpinonBootstrap: SPINON_R05_PRESENT_FLUSH renderer=opengl_es queued=true generation=1
10-08 17:03:33.883 17675 17675 I SpinonBootstrap: SPINON_R05_PRESENT_DRAIN renderer=opengl_es generation=1 queued=true delay_ms=250
10-08 17:03:33.883 17675 17710 I SpinonBootstrap: SPINON_R05_DRAW renderer=opengl_es draw_seq=12 revision=10 generation=1
10-08 17:03:33.883 17675 17731 I SpinonBootstrap: SPINON_R05_PRESENT_FLUSH requested=true renderer=opengl_es generation=1
10-08 17:03:33.912 17675 17732 I SpinonBootstrap: SPINON_R05_PRESENT_FENCE renderer=opengl_es request_id=10 input_seq=10 revision=10 event_time_ns=6768481000000 generation=1 current_generation=1 current_surface=true target_vsync_id=154971 outcome=callback_received fence_valid=true fence_state=signaled signal_time_ns=6768518860644 latch_time_ns=6768507184644 fence_signal_usable=true callback_inline_overflow=false inline_callback_total=0 callback_os_tid=17732 callback_thread_id=58 queue_depth=0 input_uptime_anchor_ns=6768482691144 input_monotonic_before_ns=6768482690685 input_monotonic_after_ns=6768482691310 callback_uptime_anchor_ns=6768519500227 callback_monotonic_before_ns=6768519499102 callback_monotonic_after_ns=6768519500310 signal_observed_monotonic_ns=6768519513019 input_offset_min_ns=-166 input_offset_max_ns=459 callback_offset_min_ns=-83 callback_offset_max_ns=1125 clock_offset_intervals_overlap=true processing_error=none fence_close_error=none
10-08 17:03:34.133 17675 17675 I SpinonBootstrap: SPINON_R05_PRESENT_FLUSH renderer=opengl_es queued=true generation=1
10-08 17:03:34.133 17675 17731 I SpinonBootstrap: SPINON_R05_PRESENT_FLUSH requested=true renderer=opengl_es generation=1
10-08 17:03:34.134 17675 17731 I SpinonBootstrap: SPINON_R05_PRESENT_BATCH renderer=opengl_es generation=1 batch_seq=9 record_count=1 callback_os_tid=17731 callback_thread_id=57 registering_thread_os_tid=17675 queue_depth=0 rejected_callback_batches=0 rejected_flush_tasks=0 callback_uptime_ns=6768741715560 attribution=unmatched
10-08 17:03:34.134 17675 17731 I SpinonBootstrap: SPINON_R05_PRESENT renderer=opengl_es signal=SurfaceView_JankData generation=1 current_generation=1 current_surface=true batch_seq=9 record_index=0 callback_os_tid=17731 callback_thread_id=57 registering_thread_os_tid=17675 queue_depth=0 vsync_id=154971 present_time_ns=-1 present_state=unknown jank_type=0 actual_app_frame_ns=17490226 scheduled_app_frame_ns=16666666 callback_uptime_ns=6768741715560 frame_id=unavailable join_status=exact_match input_seq=10 revision=10 request_id=10 target_vsync_id=154971
10-08 17:03:34.355 17675 17675 I SpinonBootstrap: SPINON_R05_INPUT renderer=opengl_es input_seq=11 phase=ACTION_UP timestamp_precision=nanosecond_representation input_source=unknown event_time_ns=6768962000000 input_uptime_anchor_ns=6768962811852 input_monotonic_before_ns=6768962811519 input_monotonic_after_ns=6768962811977 generation=1
10-08 17:03:34.355 17675 17675 I SpinonBootstrap: SPINON_R05_FRAME_TIMELINE_REQUEST renderer=opengl_es request_id=11 input_seq=11 revision=11 generation=1 state=posted
10-08 17:03:34.355 17675 17675 I SpinonBootstrap: SPINON_R08_TOUCH count=11
10-08 17:03:34.366 17675 17675 I SpinonBootstrap: SPINON_R05_FRAME_TIMELINE_TARGET renderer=opengl_es request_id=11 input_seq=11 revision=11 generation=1 vsync_id=154979 deadline_ns=6768989721064 expected_presentation_ns=6769005387730 render_mode=on_demand
10-08 17:03:34.366 17675 17675 I SpinonBootstrap: SPINON_R05_PRESENT_FENCE_LISTENER renderer=opengl_es request_id=11 input_seq=11 revision=11 generation=1 target_vsync_id=154979 state=registered timeout_ms=2000
10-08 17:03:34.366 17675 17675 I SpinonBootstrap: SPINON_R05_FRAME_TIMELINE_APPLY renderer=opengl_es request_id=11 input_seq=11 revision=11 generation=1 target_vsync_id=154979 transaction=queued_for_next_surface_frame
10-08 17:03:34.366 17675 17675 I SpinonBootstrap: SPINON_R05_SUBMIT renderer=opengl_es input_seq=11 revision=11 generation=1 event_time_ns=6768962000000 handler_uptime_ns=6768973883685 draw_requested=true draw_completed=false present_signal=unavailable attribution=input
10-08 17:03:34.366 17675 17675 I SpinonBootstrap: SPINON_R05_PRESENT_FLUSH renderer=opengl_es queued=true generation=1
10-08 17:03:34.366 17675 17675 I SpinonBootstrap: SPINON_R05_PRESENT_DRAIN renderer=opengl_es generation=1 queued=true delay_ms=250
10-08 17:03:34.366 17675 17710 I SpinonBootstrap: SPINON_R05_DRAW renderer=opengl_es draw_seq=13 revision=11 generation=1
10-08 17:03:34.366 17675 17731 I SpinonBootstrap: SPINON_R05_PRESENT_FLUSH requested=true renderer=opengl_es generation=1
10-08 17:03:34.392 17675 17732 I SpinonBootstrap: SPINON_R05_PRESENT_FENCE renderer=opengl_es request_id=11 input_seq=11 revision=11 event_time_ns=6768962000000 generation=1 current_generation=1 current_surface=true target_vsync_id=154979 outcome=callback_received fence_valid=true fence_state=signaled signal_time_ns=6768999308144 latch_time_ns=6768990137685 fence_signal_usable=true callback_inline_overflow=false inline_callback_total=0 callback_os_tid=17732 callback_thread_id=58 queue_depth=0 input_uptime_anchor_ns=6768962811852 input_monotonic_before_ns=6768962811519 input_monotonic_after_ns=6768962811977 callback_uptime_anchor_ns=6768999849852 callback_monotonic_before_ns=6768999849060 callback_monotonic_after_ns=6768999849935 signal_observed_monotonic_ns=6768999855810 input_offset_min_ns=-125 input_offset_max_ns=333 callback_offset_min_ns=-83 callback_offset_max_ns=792 clock_offset_intervals_overlap=true processing_error=none fence_close_error=none
10-08 17:03:34.616 17675 17675 I SpinonBootstrap: SPINON_R05_PRESENT_FLUSH renderer=opengl_es queued=true generation=1
10-08 17:03:34.617 17675 17731 I SpinonBootstrap: SPINON_R05_PRESENT_FLUSH requested=true renderer=opengl_es generation=1
10-08 17:03:34.617 17675 17731 I SpinonBootstrap: SPINON_R05_PRESENT_BATCH renderer=opengl_es generation=1 batch_seq=10 record_count=1 callback_os_tid=17731 callback_thread_id=57 registering_thread_os_tid=17675 queue_depth=0 rejected_callback_batches=0 rejected_flush_tasks=0 callback_uptime_ns=6769224864477 attribution=unmatched
10-08 17:03:34.617 17675 17731 I SpinonBootstrap: SPINON_R05_PRESENT renderer=opengl_es signal=SurfaceView_JankData generation=1 current_generation=1 current_surface=true batch_seq=10 record_index=0 callback_os_tid=17731 callback_thread_id=57 registering_thread_os_tid=17675 queue_depth=0 vsync_id=154979 present_time_ns=-1 present_state=unknown jank_type=0 actual_app_frame_ns=17105787 scheduled_app_frame_ns=16666666 callback_uptime_ns=6769224864477 frame_id=unavailable join_status=exact_match input_seq=11 revision=11 request_id=11 target_vsync_id=154979
