--------- beginning of main
10-08 17:02:01.877 16338 16338 I SpinonBootstrap: SPINON_R08_UI=ready text-input=EditText accessibility=button+EditText
10-08 17:02:01.961 16338 16338 I SpinonBootstrap: SPINON_R05_SURFACE renderer=wgpu type=SurfaceView generation=1
10-08 17:02:01.968 16338 16338 I SpinonBootstrap: SPINON_R05_SIGNAL_CAPABILITY renderer=wgpu signal=SurfaceView_JankData available=true reason=registered api=37 api_full=3700002
10-08 17:02:02.076 16338 16338 I SpinonBootstrap: SPINON_R08_WGPU=ready backend=Vulkan device=VirtualGpu name=Goldfish GFXStream (llvmpipe (LLVM 21.1.4, 128 bits)) google_display_timing_supported=false format=Rgba8Unorm color_space=Auto supported_formats=[Rgba8UnormSrgb, Rgba8Unorm, Rgba16Float, Rgb10a2Unorm]
10-08 17:02:02.076 16338 16338 I SpinonBootstrap: SPINON_R08_WGPU_SURFACE=size 1080x1920
10-08 17:02:04.152 16338 16338 I SpinonBootstrap: SPINON_R05_INPUT renderer=wgpu input_seq=1 phase=ACTION_UP timestamp_precision=nanosecond_representation input_source=unknown handler_clock_resolution=nanosecond_api event_time_ns=6678758000000 input_uptime_anchor_ns=6678760370101 input_monotonic_before_ns=6678760369559 input_monotonic_after_ns=6678760370267 handler_uptime_ns=6678760370392 generation=1
10-08 17:02:04.154 16338 16338 I SpinonBootstrap: SPINON_R05_FRAME_TIMELINE_REQUEST renderer=wgpu request_id=1 input_seq=1 revision=1 generation=1 state=posted
10-08 17:02:04.154 16338 16338 I SpinonBootstrap: SPINON_R08_TOUCH count=1
10-08 17:02:04.187 16338 16338 I SpinonBootstrap: SPINON_R05_FRAME_TIMELINE_TARGET renderer=wgpu request_id=1 input_seq=1 revision=1 generation=1 vsync_id=146129 deadline_ns=6678823058004 expected_presentation_ns=6678838724670 render_mode=on_demand
10-08 17:02:04.188 16338 16338 I SpinonBootstrap: SPINON_R05_PRESENT_FENCE_LISTENER renderer=wgpu request_id=1 input_seq=1 revision=1 generation=1 target_vsync_id=146129 state=registered timeout_ms=2000
10-08 17:02:04.188 16338 16338 I SpinonBootstrap: SPINON_R05_FRAME_TIMELINE_APPLY renderer=wgpu request_id=1 input_seq=1 revision=1 generation=1 target_vsync_id=146129 transaction=queued_for_next_surface_frame
10-08 17:02:04.195 16338 16338 I SpinonBootstrap: SPINON_R05_SUBMIT renderer=wgpu input_seq=1 revision=1 generation=1 event_time_ns=6678758000000 handler_uptime_ns=6678796122351 queue_present_return_uptime_ns=6678802560976 draw_accepted=true present_signal=unavailable attribution=input
10-08 17:02:04.195 16338 16338 I SpinonBootstrap: SPINON_R05_PRESENT_FLUSH renderer=wgpu queued=true generation=1
10-08 17:02:04.195 16338 16338 I SpinonBootstrap: SPINON_R05_PRESENT_DRAIN renderer=wgpu generation=1 queued=true delay_ms=250
10-08 17:02:04.195 16338 16392 I SpinonBootstrap: SPINON_R05_PRESENT_FLUSH requested=true renderer=wgpu generation=1
10-08 17:02:04.196 16338 16392 I SpinonBootstrap: SPINON_R05_PRESENT_BATCH renderer=wgpu generation=1 batch_seq=1 record_count=2 callback_os_tid=16392 callback_thread_id=55 registering_thread_os_tid=16338 queue_depth=0 rejected_callback_batches=0 rejected_flush_tasks=0 callback_uptime_ns=6678803504601 attribution=unmatched
10-08 17:02:04.196 16338 16392 I SpinonBootstrap: SPINON_R05_PRESENT renderer=wgpu signal=SurfaceView_JankData generation=1 current_generation=1 current_surface=true batch_seq=1 record_index=0 callback_os_tid=16392 callback_thread_id=55 registering_thread_os_tid=16338 queue_depth=0 vsync_id=-1 present_time_ns=-1 present_state=unknown jank_type=0 actual_app_frame_ns=0 scheduled_app_frame_ns=0 callback_uptime_ns=6678803504601 frame_id=unavailable join_status=unmatched input_seq=-1 revision=-1 request_id=-1 target_vsync_id=-1
10-08 17:02:04.196 16338 16392 I SpinonBootstrap: SPINON_R05_PRESENT renderer=wgpu signal=SurfaceView_JankData generation=1 current_generation=1 current_surface=true batch_seq=1 record_index=1 callback_os_tid=16392 callback_thread_id=55 registering_thread_os_tid=16338 queue_depth=0 vsync_id=145197 present_time_ns=-1 present_state=unknown jank_type=2 actual_app_frame_ns=197205712 scheduled_app_frame_ns=16666666 callback_uptime_ns=6678803504601 frame_id=unavailable join_status=unmatched input_seq=-1 revision=-1 request_id=-1 target_vsync_id=-1
10-08 17:02:04.227 16338 16393 I SpinonBootstrap: SPINON_R05_PRESENT_FENCE renderer=wgpu request_id=1 input_seq=1 revision=1 event_time_ns=6678758000000 generation=1 current_generation=1 current_surface=true target_vsync_id=146129 outcome=callback_received fence_valid=true fence_state=signaled signal_time_ns=6678833769934 latch_time_ns=6678823445351 fence_signal_usable=true callback_inline_overflow=false inline_callback_total=0 callback_os_tid=16393 callback_thread_id=56 queue_depth=0 input_uptime_anchor_ns=6678760370101 input_monotonic_before_ns=6678760369559 input_monotonic_after_ns=6678760370267 callback_uptime_anchor_ns=6678834617351 callback_monotonic_before_ns=6678834616309 callback_monotonic_after_ns=6678834617434 signal_observed_monotonic_ns=6678834706934 input_offset_min_ns=-166 input_offset_max_ns=542 callback_offset_min_ns=-83 callback_offset_max_ns=1042 clock_offset_intervals_overlap=true processing_error=none fence_close_error=none
10-08 17:02:04.447 16338 16338 I SpinonBootstrap: SPINON_R05_PRESENT_FLUSH renderer=wgpu queued=true generation=1
10-08 17:02:04.447 16338 16392 I SpinonBootstrap: SPINON_R05_PRESENT_FLUSH requested=true renderer=wgpu generation=1
10-08 17:02:04.448 16338 16392 I SpinonBootstrap: SPINON_R05_PRESENT_BATCH renderer=wgpu generation=1 batch_seq=2 record_count=1 callback_os_tid=16392 callback_thread_id=55 registering_thread_os_tid=16338 queue_depth=0 rejected_callback_batches=0 rejected_flush_tasks=0 callback_uptime_ns=6679055533643 attribution=unmatched
10-08 17:02:04.448 16338 16392 I SpinonBootstrap: SPINON_R05_PRESENT renderer=wgpu signal=SurfaceView_JankData generation=1 current_generation=1 current_surface=true batch_seq=2 record_index=0 callback_os_tid=16392 callback_thread_id=55 registering_thread_os_tid=16338 queue_depth=0 vsync_id=146129 present_time_ns=-1 present_state=unknown jank_type=0 actual_app_frame_ns=50408386 scheduled_app_frame_ns=49999998 callback_uptime_ns=6679055533643 frame_id=unavailable join_status=exact_match input_seq=1 revision=1 request_id=1 target_vsync_id=146129
10-08 17:02:04.629 16338 16338 I SpinonBootstrap: SPINON_R05_INPUT renderer=wgpu input_seq=2 phase=ACTION_UP timestamp_precision=nanosecond_representation input_source=unknown handler_clock_resolution=nanosecond_api event_time_ns=6679236000000 input_uptime_anchor_ns=6679237125976 input_monotonic_before_ns=6679237125184 input_monotonic_after_ns=6679237126101 handler_uptime_ns=6679237126268 generation=1
10-08 17:02:04.629 16338 16338 I SpinonBootstrap: SPINON_R05_FRAME_TIMELINE_REQUEST renderer=wgpu request_id=2 input_seq=2 revision=2 generation=1 state=posted
10-08 17:02:04.630 16338 16338 I SpinonBootstrap: SPINON_R08_TOUCH count=2
10-08 17:02:04.632 16338 16338 I SpinonBootstrap: SPINON_R05_FRAME_TIMELINE_TARGET renderer=wgpu request_id=2 input_seq=2 revision=2 generation=1 vsync_id=146136 deadline_ns=6679256391320 expected_presentation_ns=6679272057986 render_mode=on_demand
10-08 17:02:04.632 16338 16338 I SpinonBootstrap: SPINON_R05_PRESENT_FENCE_LISTENER renderer=wgpu request_id=2 input_seq=2 revision=2 generation=1 target_vsync_id=146136 state=registered timeout_ms=2000
10-08 17:02:04.632 16338 16338 I SpinonBootstrap: SPINON_R05_FRAME_TIMELINE_APPLY renderer=wgpu request_id=2 input_seq=2 revision=2 generation=1 target_vsync_id=146136 transaction=queued_for_next_surface_frame
10-08 17:02:04.641 16338 16338 I SpinonBootstrap: SPINON_R05_SUBMIT renderer=wgpu input_seq=2 revision=2 generation=1 event_time_ns=6679236000000 handler_uptime_ns=6679240210268 queue_present_return_uptime_ns=6679249426184 draw_accepted=true present_signal=unavailable attribution=input
10-08 17:02:04.642 16338 16338 I SpinonBootstrap: SPINON_R05_PRESENT_FLUSH renderer=wgpu queued=true generation=1
10-08 17:02:04.642 16338 16338 I SpinonBootstrap: SPINON_R05_PRESENT_DRAIN renderer=wgpu generation=1 queued=true delay_ms=250
10-08 17:02:04.642 16338 16392 I SpinonBootstrap: SPINON_R05_PRESENT_FLUSH requested=true renderer=wgpu generation=1
10-08 17:02:04.666 16338 16393 I SpinonBootstrap: SPINON_R05_PRESENT_FENCE renderer=wgpu request_id=2 input_seq=2 revision=2 event_time_ns=6679236000000 generation=1 current_generation=1 current_surface=true target_vsync_id=146136 outcome=callback_received fence_valid=true fence_state=signaled signal_time_ns=6679273606601 latch_time_ns=6679257601143 fence_signal_usable=true callback_inline_overflow=false inline_callback_total=0 callback_os_tid=16393 callback_thread_id=56 queue_depth=0 input_uptime_anchor_ns=6679237125976 input_monotonic_before_ns=6679237125184 input_monotonic_after_ns=6679237126101 callback_uptime_anchor_ns=6679274044476 callback_monotonic_before_ns=6679274043143 callback_monotonic_after_ns=6679274044559 signal_observed_monotonic_ns=6679274053268 input_offset_min_ns=-125 input_offset_max_ns=792 callback_offset_min_ns=-83 callback_offset_max_ns=1333 clock_offset_intervals_overlap=true processing_error=none fence_close_error=none
10-08 17:02:04.896 16338 16338 I SpinonBootstrap: SPINON_R05_PRESENT_FLUSH renderer=wgpu queued=true generation=1
10-08 17:02:04.896 16338 16392 I SpinonBootstrap: SPINON_R05_PRESENT_FLUSH requested=true renderer=wgpu generation=1
10-08 17:02:05.110 16338 16338 I SpinonBootstrap: SPINON_R05_INPUT renderer=wgpu input_seq=3 phase=ACTION_UP timestamp_precision=nanosecond_representation input_source=unknown handler_clock_resolution=nanosecond_api event_time_ns=6679717000000 input_uptime_anchor_ns=6679718096726 input_monotonic_before_ns=6679718096018 input_monotonic_after_ns=6679718096976 handler_uptime_ns=6679718097060 generation=1
10-08 17:02:05.110 16338 16338 I SpinonBootstrap: SPINON_R05_FRAME_TIMELINE_REQUEST renderer=wgpu request_id=3 input_seq=3 revision=3 generation=1 state=posted
10-08 17:02:05.111 16338 16338 I SpinonBootstrap: SPINON_R08_TOUCH count=3
10-08 17:02:05.115 16338 16338 I SpinonBootstrap: SPINON_R05_FRAME_TIMELINE_TARGET renderer=wgpu request_id=3 input_seq=3 revision=3 generation=1 vsync_id=146144 deadline_ns=6679739724634 expected_presentation_ns=6679755391300 render_mode=on_demand
10-08 17:02:05.115 16338 16338 I SpinonBootstrap: SPINON_R05_PRESENT_FENCE_LISTENER renderer=wgpu request_id=3 input_seq=3 revision=3 generation=1 target_vsync_id=146144 state=registered timeout_ms=2000
10-08 17:02:05.115 16338 16338 I SpinonBootstrap: SPINON_R05_FRAME_TIMELINE_APPLY renderer=wgpu request_id=3 input_seq=3 revision=3 generation=1 target_vsync_id=146144 transaction=queued_for_next_surface_frame
10-08 17:02:05.118 16338 16338 I SpinonBootstrap: SPINON_R05_SUBMIT renderer=wgpu input_seq=3 revision=3 generation=1 event_time_ns=6679717000000 handler_uptime_ns=6679723449851 queue_present_return_uptime_ns=6679725773185 draw_accepted=true present_signal=unavailable attribution=input
10-08 17:02:05.118 16338 16338 I SpinonBootstrap: SPINON_R05_PRESENT_FLUSH renderer=wgpu queued=true generation=1
10-08 17:02:05.118 16338 16338 I SpinonBootstrap: SPINON_R05_PRESENT_DRAIN renderer=wgpu generation=1 queued=true delay_ms=250
10-08 17:02:05.119 16338 16392 I SpinonBootstrap: SPINON_R05_PRESENT_FLUSH requested=true renderer=wgpu generation=1
10-08 17:02:05.145 16338 16393 I SpinonBootstrap: SPINON_R05_PRESENT_FENCE renderer=wgpu request_id=3 input_seq=3 revision=3 event_time_ns=6679717000000 generation=1 current_generation=1 current_surface=true target_vsync_id=146144 outcome=callback_received fence_valid=true fence_state=signaled signal_time_ns=6679751883185 latch_time_ns=6679740553560 fence_signal_usable=true callback_inline_overflow=false inline_callback_total=0 callback_os_tid=16393 callback_thread_id=56 queue_depth=0 input_uptime_anchor_ns=6679718096726 input_monotonic_before_ns=6679718096018 input_monotonic_after_ns=6679718096976 callback_uptime_anchor_ns=6679753323226 callback_monotonic_before_ns=6679753322643 callback_monotonic_after_ns=6679753323268 signal_observed_monotonic_ns=6679753330810 input_offset_min_ns=-250 input_offset_max_ns=708 callback_offset_min_ns=-42 callback_offset_max_ns=583 clock_offset_intervals_overlap=true processing_error=none fence_close_error=none
10-08 17:02:05.368 16338 16338 I SpinonBootstrap: SPINON_R05_PRESENT_FLUSH renderer=wgpu queued=true generation=1
10-08 17:02:05.368 16338 16392 I SpinonBootstrap: SPINON_R05_PRESENT_FLUSH requested=true renderer=wgpu generation=1
10-08 17:02:05.368 16338 16392 I SpinonBootstrap: SPINON_R05_PRESENT_BATCH renderer=wgpu generation=1 batch_seq=3 record_count=2 callback_os_tid=16392 callback_thread_id=55 registering_thread_os_tid=16338 queue_depth=0 rejected_callback_batches=0 rejected_flush_tasks=0 callback_uptime_ns=6679976454518 attribution=unmatched
10-08 17:02:05.369 16338 16392 I SpinonBootstrap: SPINON_R05_PRESENT renderer=wgpu signal=SurfaceView_JankData generation=1 current_generation=1 current_surface=true batch_seq=3 record_index=0 callback_os_tid=16392 callback_thread_id=55 registering_thread_os_tid=16338 queue_depth=0 vsync_id=146136 present_time_ns=-1 present_state=unknown jank_type=0 actual_app_frame_ns=17914030 scheduled_app_frame_ns=16666666 callback_uptime_ns=6679976454518 frame_id=unavailable join_status=exact_match input_seq=2 revision=2 request_id=2 target_vsync_id=146136
10-08 17:02:05.369 16338 16392 I SpinonBootstrap: SPINON_R05_PRESENT renderer=wgpu signal=SurfaceView_JankData generation=1 current_generation=1 current_surface=true batch_seq=3 record_index=1 callback_os_tid=16392 callback_thread_id=55 registering_thread_os_tid=16338 queue_depth=0 vsync_id=146144 present_time_ns=-1 present_state=unknown jank_type=0 actual_app_frame_ns=17530675 scheduled_app_frame_ns=16666666 callback_uptime_ns=6679976454518 frame_id=unavailable join_status=exact_match input_seq=3 revision=3 request_id=3 target_vsync_id=146144
10-08 17:02:05.585 16338 16338 I SpinonBootstrap: SPINON_R05_INPUT renderer=wgpu input_seq=4 phase=ACTION_UP timestamp_precision=nanosecond_representation input_source=unknown handler_clock_resolution=nanosecond_api event_time_ns=6680191000000 input_uptime_anchor_ns=6680192567351 input_monotonic_before_ns=6680192566310 input_monotonic_after_ns=6680192567601 handler_uptime_ns=6680192567726 generation=1
10-08 17:02:05.585 16338 16338 I SpinonBootstrap: SPINON_R05_FRAME_TIMELINE_REQUEST renderer=wgpu request_id=4 input_seq=4 revision=4 generation=1 state=posted
10-08 17:02:05.585 16338 16338 I SpinonBootstrap: SPINON_R08_TOUCH count=4
10-08 17:02:05.599 16338 16338 I SpinonBootstrap: SPINON_R05_FRAME_TIMELINE_TARGET renderer=wgpu request_id=4 input_seq=4 revision=4 generation=1 vsync_id=146152 deadline_ns=6680223057948 expected_presentation_ns=6680238724614 render_mode=on_demand
10-08 17:02:05.599 16338 16338 I SpinonBootstrap: SPINON_R05_PRESENT_FENCE_LISTENER renderer=wgpu request_id=4 input_seq=4 revision=4 generation=1 target_vsync_id=146152 state=registered timeout_ms=2000
10-08 17:02:05.599 16338 16338 I SpinonBootstrap: SPINON_R05_FRAME_TIMELINE_APPLY renderer=wgpu request_id=4 input_seq=4 revision=4 generation=1 target_vsync_id=146152 transaction=queued_for_next_surface_frame
10-08 17:02:05.602 16338 16338 I SpinonBootstrap: SPINON_R05_SUBMIT renderer=wgpu input_seq=4 revision=4 generation=1 event_time_ns=6680191000000 handler_uptime_ns=6680207462518 queue_present_return_uptime_ns=6680209741643 draw_accepted=true present_signal=unavailable attribution=input
10-08 17:02:05.602 16338 16338 I SpinonBootstrap: SPINON_R05_PRESENT_FLUSH renderer=wgpu queued=true generation=1
10-08 17:02:05.602 16338 16338 I SpinonBootstrap: SPINON_R05_PRESENT_DRAIN renderer=wgpu generation=1 queued=true delay_ms=250
10-08 17:02:05.602 16338 16392 I SpinonBootstrap: SPINON_R05_PRESENT_FLUSH requested=true renderer=wgpu generation=1
10-08 17:02:05.626 16338 16393 I SpinonBootstrap: SPINON_R05_PRESENT_FENCE renderer=wgpu request_id=4 input_seq=4 revision=4 event_time_ns=6680191000000 generation=1 current_generation=1 current_surface=true target_vsync_id=146152 outcome=callback_received fence_valid=true fence_state=signaled signal_time_ns=6680233929476 latch_time_ns=6680224296726 fence_signal_usable=true callback_inline_overflow=false inline_callback_total=0 callback_os_tid=16393 callback_thread_id=56 queue_depth=0 input_uptime_anchor_ns=6680192567351 input_monotonic_before_ns=6680192566310 input_monotonic_after_ns=6680192567601 callback_uptime_anchor_ns=6680234406893 callback_monotonic_before_ns=6680234406018 callback_monotonic_after_ns=6680234406976 signal_observed_monotonic_ns=6680234417601 input_offset_min_ns=-250 input_offset_max_ns=1041 callback_offset_min_ns=-83 callback_offset_max_ns=875 clock_offset_intervals_overlap=true processing_error=none fence_close_error=none
10-08 17:02:05.854 16338 16338 I SpinonBootstrap: SPINON_R05_PRESENT_FLUSH renderer=wgpu queued=true generation=1
10-08 17:02:05.854 16338 16392 I SpinonBootstrap: SPINON_R05_PRESENT_FLUSH requested=true renderer=wgpu generation=1
10-08 17:02:06.067 16338 16338 I SpinonBootstrap: SPINON_R05_INPUT renderer=wgpu input_seq=5 phase=ACTION_UP timestamp_precision=nanosecond_representation input_source=unknown handler_clock_resolution=nanosecond_api event_time_ns=6680673000000 input_uptime_anchor_ns=6680674475102 input_monotonic_before_ns=6680674473977 input_monotonic_after_ns=6680674475352 handler_uptime_ns=6680674475477 generation=1
10-08 17:02:06.067 16338 16338 I SpinonBootstrap: SPINON_R05_FRAME_TIMELINE_REQUEST renderer=wgpu request_id=5 input_seq=5 revision=5 generation=1 state=posted
10-08 17:02:06.067 16338 16338 I SpinonBootstrap: SPINON_R08_TOUCH count=5
10-08 17:02:06.084 16338 16338 I SpinonBootstrap: SPINON_R05_FRAME_TIMELINE_TARGET renderer=wgpu request_id=5 input_seq=5 revision=5 generation=1 vsync_id=146160 deadline_ns=6680706391262 expected_presentation_ns=6680722057928 render_mode=on_demand
10-08 17:02:06.084 16338 16338 I SpinonBootstrap: SPINON_R05_PRESENT_FENCE_LISTENER renderer=wgpu request_id=5 input_seq=5 revision=5 generation=1 target_vsync_id=146160 state=registered timeout_ms=2000
10-08 17:02:06.084 16338 16338 I SpinonBootstrap: SPINON_R05_FRAME_TIMELINE_APPLY renderer=wgpu request_id=5 input_seq=5 revision=5 generation=1 target_vsync_id=146160 transaction=queued_for_next_surface_frame
10-08 17:02:06.086 16338 16338 I SpinonBootstrap: SPINON_R05_SUBMIT renderer=wgpu input_seq=5 revision=5 generation=1 event_time_ns=6680673000000 handler_uptime_ns=6680692219018 queue_present_return_uptime_ns=6680693890602 draw_accepted=true present_signal=unavailable attribution=input
10-08 17:02:06.086 16338 16338 I SpinonBootstrap: SPINON_R05_PRESENT_FLUSH renderer=wgpu queued=true generation=1
10-08 17:02:06.086 16338 16338 I SpinonBootstrap: SPINON_R05_PRESENT_DRAIN renderer=wgpu generation=1 queued=true delay_ms=250
10-08 17:02:06.086 16338 16392 I SpinonBootstrap: SPINON_R05_PRESENT_FLUSH requested=true renderer=wgpu generation=1
10-08 17:02:06.109 16338 16393 I SpinonBootstrap: SPINON_R05_PRESENT_FENCE renderer=wgpu request_id=5 input_seq=5 revision=5 event_time_ns=6680673000000 generation=1 current_generation=1 current_surface=true target_vsync_id=146160 outcome=callback_received fence_valid=true fence_state=signaled signal_time_ns=6680715997810 latch_time_ns=6680706985977 fence_signal_usable=true callback_inline_overflow=false inline_callback_total=0 callback_os_tid=16393 callback_thread_id=56 queue_depth=0 input_uptime_anchor_ns=6680674475102 input_monotonic_before_ns=6680674473977 input_monotonic_after_ns=6680674475352 callback_uptime_anchor_ns=6680716931268 callback_monotonic_before_ns=6680716930227 callback_monotonic_after_ns=6680716931393 signal_observed_monotonic_ns=6680716939185 input_offset_min_ns=-250 input_offset_max_ns=1125 callback_offset_min_ns=-125 callback_offset_max_ns=1041 clock_offset_intervals_overlap=true processing_error=none fence_close_error=none
10-08 17:02:06.336 16338 16338 I SpinonBootstrap: SPINON_R05_PRESENT_FLUSH renderer=wgpu queued=true generation=1
10-08 17:02:06.336 16338 16392 I SpinonBootstrap: SPINON_R05_PRESENT_FLUSH requested=true renderer=wgpu generation=1
10-08 17:02:06.336 16338 16392 I SpinonBootstrap: SPINON_R05_PRESENT_BATCH renderer=wgpu generation=1 batch_seq=4 record_count=2 callback_os_tid=16392 callback_thread_id=55 registering_thread_os_tid=16338 queue_depth=0 rejected_callback_batches=0 rejected_flush_tasks=0 callback_uptime_ns=6680944295727 attribution=unmatched
10-08 17:02:06.336 16338 16392 I SpinonBootstrap: SPINON_R05_PRESENT renderer=wgpu signal=SurfaceView_JankData generation=1 current_generation=1 current_surface=true batch_seq=4 record_index=0 callback_os_tid=16392 callback_thread_id=55 registering_thread_os_tid=16338 queue_depth=0 vsync_id=146152 present_time_ns=-1 present_state=unknown jank_type=0 actual_app_frame_ns=17929069 scheduled_app_frame_ns=16666666 callback_uptime_ns=6680944295727 frame_id=unavailable join_status=exact_match input_seq=4 revision=4 request_id=4 target_vsync_id=146152
10-08 17:02:06.336 16338 16392 I SpinonBootstrap: SPINON_R05_PRESENT renderer=wgpu signal=SurfaceView_JankData generation=1 current_generation=1 current_surface=true batch_seq=4 record_index=1 callback_os_tid=16392 callback_thread_id=55 registering_thread_os_tid=16338 queue_depth=0 vsync_id=146160 present_time_ns=-1 present_state=unknown jank_type=0 actual_app_frame_ns=17299589 scheduled_app_frame_ns=16666666 callback_uptime_ns=6680944295727 frame_id=unavailable join_status=exact_match input_seq=5 revision=5 request_id=5 target_vsync_id=146160
10-08 17:02:06.539 16338 16338 I SpinonBootstrap: SPINON_R05_INPUT renderer=wgpu input_seq=6 phase=ACTION_UP timestamp_precision=nanosecond_representation input_source=unknown handler_clock_resolution=nanosecond_api event_time_ns=6681146000000 input_uptime_anchor_ns=6681147078227 input_monotonic_before_ns=6681147077144 input_monotonic_after_ns=6681147078602 handler_uptime_ns=6681147078727 generation=1
10-08 17:02:06.539 16338 16338 I SpinonBootstrap: SPINON_R05_FRAME_TIMELINE_REQUEST renderer=wgpu request_id=6 input_seq=6 revision=6 generation=1 state=posted
10-08 17:02:06.540 16338 16338 I SpinonBootstrap: SPINON_R08_TOUCH count=6
10-08 17:02:06.550 16338 16338 I SpinonBootstrap: SPINON_R05_FRAME_TIMELINE_TARGET renderer=wgpu request_id=6 input_seq=6 revision=6 generation=1 vsync_id=146168 deadline_ns=6681173057910 expected_presentation_ns=6681188724576 render_mode=on_demand
10-08 17:02:06.550 16338 16338 I SpinonBootstrap: SPINON_R05_PRESENT_FENCE_LISTENER renderer=wgpu request_id=6 input_seq=6 revision=6 generation=1 target_vsync_id=146168 state=registered timeout_ms=2000
10-08 17:02:06.550 16338 16338 I SpinonBootstrap: SPINON_R05_FRAME_TIMELINE_APPLY renderer=wgpu request_id=6 input_seq=6 revision=6 generation=1 target_vsync_id=146168 transaction=queued_for_next_surface_frame
10-08 17:02:06.554 16338 16338 I SpinonBootstrap: SPINON_R05_SUBMIT renderer=wgpu input_seq=6 revision=6 generation=1 event_time_ns=6681146000000 handler_uptime_ns=6681157572602 queue_present_return_uptime_ns=6681162268977 draw_accepted=true present_signal=unavailable attribution=input
10-08 17:02:06.554 16338 16338 I SpinonBootstrap: SPINON_R05_PRESENT_FLUSH renderer=wgpu queued=true generation=1
10-08 17:02:06.554 16338 16338 I SpinonBootstrap: SPINON_R05_PRESENT_DRAIN renderer=wgpu generation=1 queued=true delay_ms=250
10-08 17:02:06.555 16338 16392 I SpinonBootstrap: SPINON_R05_PRESENT_FLUSH requested=true renderer=wgpu generation=1
10-08 17:02:06.579 16338 16393 I SpinonBootstrap: SPINON_R05_PRESENT_FENCE renderer=wgpu request_id=6 input_seq=6 revision=6 event_time_ns=6681146000000 generation=1 current_generation=1 current_surface=true target_vsync_id=146168 outcome=callback_received fence_valid=true fence_state=signaled signal_time_ns=6681185827727 latch_time_ns=6681174318935 fence_signal_usable=true callback_inline_overflow=false inline_callback_total=0 callback_os_tid=16393 callback_thread_id=56 queue_depth=0 input_uptime_anchor_ns=6681147078227 input_monotonic_before_ns=6681147077144 input_monotonic_after_ns=6681147078602 callback_uptime_anchor_ns=6681186992852 callback_monotonic_before_ns=6681186991727 callback_monotonic_after_ns=6681186992935 signal_observed_monotonic_ns=6681187004852 input_offset_min_ns=-375 input_offset_max_ns=1083 callback_offset_min_ns=-83 callback_offset_max_ns=1125 clock_offset_intervals_overlap=true processing_error=none fence_close_error=none
10-08 17:02:06.806 16338 16338 I SpinonBootstrap: SPINON_R05_PRESENT_FLUSH renderer=wgpu queued=true generation=1
10-08 17:02:06.806 16338 16392 I SpinonBootstrap: SPINON_R05_PRESENT_FLUSH requested=true renderer=wgpu generation=1
10-08 17:02:06.807 16338 16392 I SpinonBootstrap: SPINON_R05_PRESENT_BATCH renderer=wgpu generation=1 batch_seq=5 record_count=1 callback_os_tid=16392 callback_thread_id=55 registering_thread_os_tid=16338 queue_depth=0 rejected_callback_batches=0 rejected_flush_tasks=0 callback_uptime_ns=6681414509935 attribution=unmatched
10-08 17:02:06.807 16338 16392 I SpinonBootstrap: SPINON_R05_PRESENT renderer=wgpu signal=SurfaceView_JankData generation=1 current_generation=1 current_surface=true batch_seq=5 record_index=0 callback_os_tid=16392 callback_thread_id=55 registering_thread_os_tid=16338 queue_depth=0 vsync_id=146168 present_time_ns=-1 present_state=unknown jank_type=0 actual_app_frame_ns=17949858 scheduled_app_frame_ns=16666666 callback_uptime_ns=6681414509935 frame_id=unavailable join_status=exact_match input_seq=6 revision=6 request_id=6 target_vsync_id=146168
10-08 17:02:07.021 16338 16338 I SpinonBootstrap: SPINON_R05_INPUT renderer=wgpu input_seq=7 phase=ACTION_UP timestamp_precision=nanosecond_representation input_source=unknown handler_clock_resolution=nanosecond_api event_time_ns=6681628000000 input_uptime_anchor_ns=6681629122810 input_monotonic_before_ns=6681629122227 input_monotonic_after_ns=6681629123019 handler_uptime_ns=6681629123227 generation=1
10-08 17:02:07.021 16338 16338 I SpinonBootstrap: SPINON_R05_FRAME_TIMELINE_REQUEST renderer=wgpu request_id=7 input_seq=7 revision=7 generation=1 state=posted
10-08 17:02:07.022 16338 16338 I SpinonBootstrap: SPINON_R08_TOUCH count=7
10-08 17:02:07.035 16338 16338 I SpinonBootstrap: SPINON_R05_FRAME_TIMELINE_TARGET renderer=wgpu request_id=7 input_seq=7 revision=7 generation=1 vsync_id=146176 deadline_ns=6681656391224 expected_presentation_ns=6681672057890 render_mode=on_demand
10-08 17:02:07.035 16338 16338 I SpinonBootstrap: SPINON_R05_PRESENT_FENCE_LISTENER renderer=wgpu request_id=7 input_seq=7 revision=7 generation=1 target_vsync_id=146176 state=registered timeout_ms=2000
10-08 17:02:07.035 16338 16338 I SpinonBootstrap: SPINON_R05_FRAME_TIMELINE_APPLY renderer=wgpu request_id=7 input_seq=7 revision=7 generation=1 target_vsync_id=146176 transaction=queued_for_next_surface_frame
10-08 17:02:07.040 16338 16338 I SpinonBootstrap: SPINON_R05_SUBMIT renderer=wgpu input_seq=7 revision=7 generation=1 event_time_ns=6681628000000 handler_uptime_ns=6681642649061 queue_present_return_uptime_ns=6681648114019 draw_accepted=true present_signal=unavailable attribution=input
10-08 17:02:07.040 16338 16338 I SpinonBootstrap: SPINON_R05_PRESENT_FLUSH renderer=wgpu queued=true generation=1
10-08 17:02:07.040 16338 16338 I SpinonBootstrap: SPINON_R05_PRESENT_DRAIN renderer=wgpu generation=1 queued=true delay_ms=250
10-08 17:02:07.040 16338 16392 I SpinonBootstrap: SPINON_R05_PRESENT_FLUSH requested=true renderer=wgpu generation=1
10-08 17:02:07.061 16338 16393 I SpinonBootstrap: SPINON_R05_PRESENT_FENCE renderer=wgpu request_id=7 input_seq=7 revision=7 event_time_ns=6681628000000 generation=1 current_generation=1 current_surface=true target_vsync_id=146176 outcome=callback_received fence_valid=true fence_state=signaled signal_time_ns=6681667789561 latch_time_ns=6681658586269 fence_signal_usable=true callback_inline_overflow=false inline_callback_total=0 callback_os_tid=16393 callback_thread_id=56 queue_depth=0 input_uptime_anchor_ns=6681629122810 input_monotonic_before_ns=6681629122227 input_monotonic_after_ns=6681629123019 callback_uptime_anchor_ns=6681668459019 callback_monotonic_before_ns=6681668458436 callback_monotonic_after_ns=6681668459061 signal_observed_monotonic_ns=6681668465019 input_offset_min_ns=-209 input_offset_max_ns=583 callback_offset_min_ns=-42 callback_offset_max_ns=583 clock_offset_intervals_overlap=true processing_error=none fence_close_error=none
10-08 17:02:07.293 16338 16338 I SpinonBootstrap: SPINON_R05_PRESENT_FLUSH renderer=wgpu queued=true generation=1
10-08 17:02:07.293 16338 16392 I SpinonBootstrap: SPINON_R05_PRESENT_FLUSH requested=true renderer=wgpu generation=1
10-08 17:02:07.293 16338 16392 I SpinonBootstrap: SPINON_R05_PRESENT_BATCH renderer=wgpu generation=1 batch_seq=6 record_count=1 callback_os_tid=16392 callback_thread_id=55 registering_thread_os_tid=16338 queue_depth=0 rejected_callback_batches=0 rejected_flush_tasks=0 callback_uptime_ns=6681901446644 attribution=unmatched
10-08 17:02:07.294 16338 16392 I SpinonBootstrap: SPINON_R05_PRESENT renderer=wgpu signal=SurfaceView_JankData generation=1 current_generation=1 current_surface=true batch_seq=6 record_index=0 callback_os_tid=16392 callback_thread_id=55 registering_thread_os_tid=16338 queue_depth=0 vsync_id=146176 present_time_ns=-1 present_state=unknown jank_type=0 actual_app_frame_ns=18881044 scheduled_app_frame_ns=16666666 callback_uptime_ns=6681901446644 frame_id=unavailable join_status=exact_match input_seq=7 revision=7 request_id=7 target_vsync_id=146176
10-08 17:02:07.501 16338 16338 I SpinonBootstrap: SPINON_R05_INPUT renderer=wgpu input_seq=8 phase=ACTION_UP timestamp_precision=nanosecond_representation input_source=unknown handler_clock_resolution=nanosecond_api event_time_ns=6682107000000 input_uptime_anchor_ns=6682108534686 input_monotonic_before_ns=6682108534061 input_monotonic_after_ns=6682108534811 handler_uptime_ns=6682108534936 generation=1
10-08 17:02:07.501 16338 16338 I SpinonBootstrap: SPINON_R05_FRAME_TIMELINE_REQUEST renderer=wgpu request_id=8 input_seq=8 revision=8 generation=1 state=posted
10-08 17:02:07.501 16338 16338 I SpinonBootstrap: SPINON_R08_TOUCH count=8
10-08 17:02:07.516 16338 16338 I SpinonBootstrap: SPINON_R05_FRAME_TIMELINE_TARGET renderer=wgpu request_id=8 input_seq=8 revision=8 generation=1 vsync_id=146192 deadline_ns=6682139724538 expected_presentation_ns=6682155391204 render_mode=on_demand
10-08 17:02:07.516 16338 16338 I SpinonBootstrap: SPINON_R05_PRESENT_FENCE_LISTENER renderer=wgpu request_id=8 input_seq=8 revision=8 generation=1 target_vsync_id=146192 state=registered timeout_ms=2000
10-08 17:02:07.516 16338 16338 I SpinonBootstrap: SPINON_R05_FRAME_TIMELINE_APPLY renderer=wgpu request_id=8 input_seq=8 revision=8 generation=1 target_vsync_id=146192 transaction=queued_for_next_surface_frame
10-08 17:02:07.521 16338 16338 I SpinonBootstrap: SPINON_R05_SUBMIT renderer=wgpu input_seq=8 revision=8 generation=1 event_time_ns=6682107000000 handler_uptime_ns=6682124257477 queue_present_return_uptime_ns=6682129317727 draw_accepted=true present_signal=unavailable attribution=input
10-08 17:02:07.521 16338 16338 I SpinonBootstrap: SPINON_R05_PRESENT_FLUSH renderer=wgpu queued=true generation=1
10-08 17:02:07.522 16338 16338 I SpinonBootstrap: SPINON_R05_PRESENT_DRAIN renderer=wgpu generation=1 queued=true delay_ms=250
10-08 17:02:07.522 16338 16392 I SpinonBootstrap: SPINON_R05_PRESENT_FLUSH requested=true renderer=wgpu generation=1
10-08 17:02:07.542 16338 16393 I SpinonBootstrap: SPINON_R05_PRESENT_FENCE renderer=wgpu request_id=8 input_seq=8 revision=8 event_time_ns=6682107000000 generation=1 current_generation=1 current_surface=true target_vsync_id=146192 outcome=callback_received fence_valid=true fence_state=signaled signal_time_ns=6682149489394 latch_time_ns=6682140356227 fence_signal_usable=true callback_inline_overflow=false inline_callback_total=0 callback_os_tid=16393 callback_thread_id=56 queue_depth=0 input_uptime_anchor_ns=6682108534686 input_monotonic_before_ns=6682108534061 input_monotonic_after_ns=6682108534811 callback_uptime_anchor_ns=6682149899977 callback_monotonic_before_ns=6682149898727 callback_monotonic_after_ns=6682149900061 signal_observed_monotonic_ns=6682149909061 input_offset_min_ns=-125 input_offset_max_ns=625 callback_offset_min_ns=-84 callback_offset_max_ns=1250 clock_offset_intervals_overlap=true processing_error=none fence_close_error=none
10-08 17:02:07.772 16338 16338 I SpinonBootstrap: SPINON_R05_PRESENT_FLUSH renderer=wgpu queued=true generation=1
10-08 17:02:07.772 16338 16392 I SpinonBootstrap: SPINON_R05_PRESENT_FLUSH requested=true renderer=wgpu generation=1
10-08 17:02:07.772 16338 16392 I SpinonBootstrap: SPINON_R05_PRESENT_BATCH renderer=wgpu generation=1 batch_seq=7 record_count=1 callback_os_tid=16392 callback_thread_id=55 registering_thread_os_tid=16338 queue_depth=0 rejected_callback_batches=0 rejected_flush_tasks=0 callback_uptime_ns=6682380092644 attribution=unmatched
10-08 17:02:07.772 16338 16392 I SpinonBootstrap: SPINON_R05_PRESENT renderer=wgpu signal=SurfaceView_JankData generation=1 current_generation=1 current_surface=true batch_seq=7 record_index=0 callback_os_tid=16392 callback_thread_id=55 registering_thread_os_tid=16338 queue_depth=0 vsync_id=146192 present_time_ns=-1 present_state=unknown jank_type=0 actual_app_frame_ns=17322147 scheduled_app_frame_ns=16666666 callback_uptime_ns=6682380092644 frame_id=unavailable join_status=exact_match input_seq=8 revision=8 request_id=8 target_vsync_id=146192
10-08 17:02:07.983 16338 16338 I SpinonBootstrap: SPINON_R05_INPUT renderer=wgpu input_seq=9 phase=ACTION_UP timestamp_precision=nanosecond_representation input_source=unknown handler_clock_resolution=nanosecond_api event_time_ns=6682589000000 input_uptime_anchor_ns=6682590719186 input_monotonic_before_ns=6682590718394 input_monotonic_after_ns=6682590719311 handler_uptime_ns=6682590719436 generation=1
10-08 17:02:07.983 16338 16338 I SpinonBootstrap: SPINON_R05_FRAME_TIMELINE_REQUEST renderer=wgpu request_id=9 input_seq=9 revision=9 generation=1 state=posted
10-08 17:02:07.983 16338 16338 I SpinonBootstrap: SPINON_R08_TOUCH count=9
10-08 17:02:07.999 16338 16338 I SpinonBootstrap: SPINON_R05_FRAME_TIMELINE_TARGET renderer=wgpu request_id=9 input_seq=9 revision=9 generation=1 vsync_id=146200 deadline_ns=6682623057852 expected_presentation_ns=6682638724518 render_mode=on_demand
10-08 17:02:07.999 16338 16338 I SpinonBootstrap: SPINON_R05_PRESENT_FENCE_LISTENER renderer=wgpu request_id=9 input_seq=9 revision=9 generation=1 target_vsync_id=146200 state=registered timeout_ms=2000
10-08 17:02:07.999 16338 16338 I SpinonBootstrap: SPINON_R05_FRAME_TIMELINE_APPLY renderer=wgpu request_id=9 input_seq=9 revision=9 generation=1 target_vsync_id=146200 transaction=queued_for_next_surface_frame
10-08 17:02:08.001 16338 16338 I SpinonBootstrap: SPINON_R05_SUBMIT renderer=wgpu input_seq=9 revision=9 generation=1 event_time_ns=6682589000000 handler_uptime_ns=6682607235228 queue_present_return_uptime_ns=6682609430644 draw_accepted=true present_signal=unavailable attribution=input
10-08 17:02:08.002 16338 16338 I SpinonBootstrap: SPINON_R05_PRESENT_FLUSH renderer=wgpu queued=true generation=1
10-08 17:02:08.002 16338 16338 I SpinonBootstrap: SPINON_R05_PRESENT_DRAIN renderer=wgpu generation=1 queued=true delay_ms=250
10-08 17:02:08.002 16338 16392 I SpinonBootstrap: SPINON_R05_PRESENT_FLUSH requested=true renderer=wgpu generation=1
10-08 17:02:08.027 16338 16393 I SpinonBootstrap: SPINON_R05_PRESENT_FENCE renderer=wgpu request_id=9 input_seq=9 revision=9 event_time_ns=6682589000000 generation=1 current_generation=1 current_surface=true target_vsync_id=146200 outcome=callback_received fence_valid=true fence_state=signaled signal_time_ns=6682634771561 latch_time_ns=6682624246561 fence_signal_usable=true callback_inline_overflow=false inline_callback_total=0 callback_os_tid=16393 callback_thread_id=56 queue_depth=0 input_uptime_anchor_ns=6682590719186 input_monotonic_before_ns=6682590718394 input_monotonic_after_ns=6682590719311 callback_uptime_anchor_ns=6682635224019 callback_monotonic_before_ns=6682635222561 callback_monotonic_after_ns=6682635224103 signal_observed_monotonic_ns=6682635232353 input_offset_min_ns=-125 input_offset_max_ns=792 callback_offset_min_ns=-84 callback_offset_max_ns=1458 clock_offset_intervals_overlap=true processing_error=none fence_close_error=none
10-08 17:02:08.253 16338 16338 I SpinonBootstrap: SPINON_R05_PRESENT_FLUSH renderer=wgpu queued=true generation=1
10-08 17:02:08.253 16338 16392 I SpinonBootstrap: SPINON_R05_PRESENT_FLUSH requested=true renderer=wgpu generation=1
10-08 17:02:08.253 16338 16392 I SpinonBootstrap: SPINON_R05_PRESENT_BATCH renderer=wgpu generation=1 batch_seq=8 record_count=1 callback_os_tid=16392 callback_thread_id=55 registering_thread_os_tid=16338 queue_depth=0 rejected_callback_batches=0 rejected_flush_tasks=0 callback_uptime_ns=6682860947936 attribution=unmatched
10-08 17:02:08.253 16338 16392 I SpinonBootstrap: SPINON_R05_PRESENT renderer=wgpu signal=SurfaceView_JankData generation=1 current_generation=1 current_surface=true batch_seq=8 record_index=0 callback_os_tid=16392 callback_thread_id=55 registering_thread_os_tid=16338 queue_depth=0 vsync_id=146200 present_time_ns=-1 present_state=unknown jank_type=0 actual_app_frame_ns=17880125 scheduled_app_frame_ns=16666666 callback_uptime_ns=6682860947936 frame_id=unavailable join_status=exact_match input_seq=9 revision=9 request_id=9 target_vsync_id=146200
10-08 17:02:08.464 16338 16338 I SpinonBootstrap: SPINON_R05_INPUT renderer=wgpu input_seq=10 phase=ACTION_UP timestamp_precision=nanosecond_representation input_source=unknown handler_clock_resolution=nanosecond_api event_time_ns=6683071000000 input_uptime_anchor_ns=6683072264061 input_monotonic_before_ns=6683072263020 input_monotonic_after_ns=6683072264311 handler_uptime_ns=6683072264436 generation=1
10-08 17:02:08.464 16338 16338 I SpinonBootstrap: SPINON_R05_FRAME_TIMELINE_REQUEST renderer=wgpu request_id=10 input_seq=10 revision=10 generation=1 state=posted
10-08 17:02:08.465 16338 16338 I SpinonBootstrap: SPINON_R08_TOUCH count=10
10-08 17:02:08.466 16338 16338 I SpinonBootstrap: SPINON_R05_FRAME_TIMELINE_TARGET renderer=wgpu request_id=10 input_seq=10 revision=10 generation=1 vsync_id=146208 deadline_ns=6683089724500 expected_presentation_ns=6683105391166 render_mode=on_demand
10-08 17:02:08.466 16338 16338 I SpinonBootstrap: SPINON_R05_PRESENT_FENCE_LISTENER renderer=wgpu request_id=10 input_seq=10 revision=10 generation=1 target_vsync_id=146208 state=registered timeout_ms=2000
10-08 17:02:08.466 16338 16338 I SpinonBootstrap: SPINON_R05_FRAME_TIMELINE_APPLY renderer=wgpu request_id=10 input_seq=10 revision=10 generation=1 target_vsync_id=146208 transaction=queued_for_next_surface_frame
10-08 17:02:08.468 16338 16338 I SpinonBootstrap: SPINON_R05_SUBMIT renderer=wgpu input_seq=10 revision=10 generation=1 event_time_ns=6683071000000 handler_uptime_ns=6683073650770 queue_present_return_uptime_ns=6683075715895 draw_accepted=true present_signal=unavailable attribution=input
10-08 17:02:08.468 16338 16338 I SpinonBootstrap: SPINON_R05_PRESENT_FLUSH renderer=wgpu queued=true generation=1
10-08 17:02:08.468 16338 16392 I SpinonBootstrap: SPINON_R05_PRESENT_FLUSH requested=true renderer=wgpu generation=1
10-08 17:02:08.468 16338 16338 I SpinonBootstrap: SPINON_R05_PRESENT_DRAIN renderer=wgpu generation=1 queued=true delay_ms=250
10-08 17:02:08.496 16338 16393 I SpinonBootstrap: SPINON_R05_PRESENT_FENCE renderer=wgpu request_id=10 input_seq=10 revision=10 event_time_ns=6683071000000 generation=1 current_generation=1 current_surface=true target_vsync_id=146208 outcome=callback_received fence_valid=true fence_state=signaled signal_time_ns=6683103405645 latch_time_ns=6683092360061 fence_signal_usable=true callback_inline_overflow=false inline_callback_total=0 callback_os_tid=16393 callback_thread_id=56 queue_depth=0 input_uptime_anchor_ns=6683072264061 input_monotonic_before_ns=6683072263020 input_monotonic_after_ns=6683072264311 callback_uptime_anchor_ns=6683103885478 callback_monotonic_before_ns=6683103884395 callback_monotonic_after_ns=6683103885561 signal_observed_monotonic_ns=6683103893603 input_offset_min_ns=-250 input_offset_max_ns=1041 callback_offset_min_ns=-83 callback_offset_max_ns=1083 clock_offset_intervals_overlap=true processing_error=none fence_close_error=none
10-08 17:02:08.720 16338 16338 I SpinonBootstrap: SPINON_R05_PRESENT_FLUSH renderer=wgpu queued=true generation=1
10-08 17:02:08.720 16338 16392 I SpinonBootstrap: SPINON_R05_PRESENT_FLUSH requested=true renderer=wgpu generation=1
10-08 17:02:08.947 16338 16338 I SpinonBootstrap: SPINON_R05_INPUT renderer=wgpu input_seq=11 phase=ACTION_UP timestamp_precision=nanosecond_representation input_source=unknown handler_clock_resolution=nanosecond_api event_time_ns=6683553000000 input_uptime_anchor_ns=6683554956853 input_monotonic_before_ns=6683554956103 input_monotonic_after_ns=6683554957103 handler_uptime_ns=6683554957228 generation=1
10-08 17:02:08.947 16338 16338 I SpinonBootstrap: SPINON_R05_FRAME_TIMELINE_REQUEST renderer=wgpu request_id=11 input_seq=11 revision=11 generation=1 state=posted
10-08 17:02:08.947 16338 16338 I SpinonBootstrap: SPINON_R08_TOUCH count=11
10-08 17:02:08.949 16338 16338 I SpinonBootstrap: SPINON_R05_FRAME_TIMELINE_TARGET renderer=wgpu request_id=11 input_seq=11 revision=11 generation=1 vsync_id=146223 deadline_ns=6683573057814 expected_presentation_ns=6683588724480 render_mode=on_demand
10-08 17:02:08.949 16338 16338 I SpinonBootstrap: SPINON_R05_PRESENT_FENCE_LISTENER renderer=wgpu request_id=11 input_seq=11 revision=11 generation=1 target_vsync_id=146223 state=registered timeout_ms=2000
10-08 17:02:08.949 16338 16338 I SpinonBootstrap: SPINON_R05_FRAME_TIMELINE_APPLY renderer=wgpu request_id=11 input_seq=11 revision=11 generation=1 target_vsync_id=146223 transaction=queued_for_next_surface_frame
10-08 17:02:08.951 16338 16338 I SpinonBootstrap: SPINON_R05_SUBMIT renderer=wgpu input_seq=11 revision=11 generation=1 event_time_ns=6683553000000 handler_uptime_ns=6683556835061 queue_present_return_uptime_ns=6683559357561 draw_accepted=true present_signal=unavailable attribution=input
10-08 17:02:08.951 16338 16338 I SpinonBootstrap: SPINON_R05_PRESENT_FLUSH renderer=wgpu queued=true generation=1
10-08 17:02:08.951 16338 16338 I SpinonBootstrap: SPINON_R05_PRESENT_DRAIN renderer=wgpu generation=1 queued=true delay_ms=250
10-08 17:02:08.952 16338 16392 I SpinonBootstrap: SPINON_R05_PRESENT_FLUSH requested=true renderer=wgpu generation=1
10-08 17:02:08.976 16338 16393 I SpinonBootstrap: SPINON_R05_PRESENT_FENCE renderer=wgpu request_id=11 input_seq=11 revision=11 event_time_ns=6683553000000 generation=1 current_generation=1 current_surface=true target_vsync_id=146223 outcome=callback_received fence_valid=true fence_state=signaled signal_time_ns=6683583193978 latch_time_ns=6683573553936 fence_signal_usable=true callback_inline_overflow=false inline_callback_total=0 callback_os_tid=16393 callback_thread_id=56 queue_depth=0 input_uptime_anchor_ns=6683554956853 input_monotonic_before_ns=6683554956103 input_monotonic_after_ns=6683554957103 callback_uptime_anchor_ns=6683583629520 callback_monotonic_before_ns=6683583627978 callback_monotonic_after_ns=6683583629603 signal_observed_monotonic_ns=6683583638686 input_offset_min_ns=-250 input_offset_max_ns=750 callback_offset_min_ns=-83 callback_offset_max_ns=1542 clock_offset_intervals_overlap=true processing_error=none fence_close_error=none
10-08 17:02:09.202 16338 16338 I SpinonBootstrap: SPINON_R05_PRESENT_FLUSH renderer=wgpu queued=true generation=1
10-08 17:02:09.202 16338 16392 I SpinonBootstrap: SPINON_R05_PRESENT_FLUSH requested=true renderer=wgpu generation=1
10-08 17:02:09.203 16338 16392 I SpinonBootstrap: SPINON_R05_PRESENT_BATCH renderer=wgpu generation=1 batch_seq=9 record_count=2 callback_os_tid=16392 callback_thread_id=55 registering_thread_os_tid=16338 queue_depth=0 rejected_callback_batches=0 rejected_flush_tasks=0 callback_uptime_ns=6683810791062 attribution=unmatched
10-08 17:02:09.203 16338 16392 I SpinonBootstrap: SPINON_R05_PRESENT renderer=wgpu signal=SurfaceView_JankData generation=1 current_generation=1 current_surface=true batch_seq=9 record_index=0 callback_os_tid=16392 callback_thread_id=55 registering_thread_os_tid=16338 queue_depth=0 vsync_id=146208 present_time_ns=-1 present_state=unknown jank_type=0 actual_app_frame_ns=19326811 scheduled_app_frame_ns=16666666 callback_uptime_ns=6683810791062 frame_id=unavailable join_status=exact_match input_seq=10 revision=10 request_id=10 target_vsync_id=146208
10-08 17:02:09.203 16338 16392 I SpinonBootstrap: SPINON_R05_PRESENT renderer=wgpu signal=SurfaceView_JankData generation=1 current_generation=1 current_surface=true batch_seq=9 record_index=1 callback_os_tid=16392 callback_thread_id=55 registering_thread_os_tid=16338 queue_depth=0 vsync_id=146223 present_time_ns=-1 present_state=unknown jank_type=0 actual_app_frame_ns=17190705 scheduled_app_frame_ns=16666666 callback_uptime_ns=6683810791062 frame_id=unavailable join_status=exact_match input_seq=11 revision=11 request_id=11 target_vsync_id=146223
